/out/sourcedata/freesurfer/sub-v1s21x0050415_ses-1/mri
/opt/freesurfer/bin/talairach_avi
--i orig_nu.mgz --xfm transforms/talairach.auto.xfm
talairach_avi 7.3.2
Linux dna056 5.14.0-427.37.1.el9_4.x86_64 #1 SMP PREEMPT_DYNAMIC Fri Sep 13 12:41:50 EDT 2024 x86_64 x86_64 x86_64 GNU/Linux
Mon Mar  9 11:24:26 CET 2026
mri_convert orig_nu.mgz talsrcimg.img 
reading from orig_nu.mgz...
TR=0.00, TE=0.00, TI=0.00, flip angle=0.00
i_ras = (-1, 0, 0)
j_ras = (0, 0, -1)
k_ras = (0, 1, 0)
writing to talsrcimg.img...
Analyze Output Matrix
-1.00000   0.00000   0.00000   129.70000;
 0.00000   0.00000   1.00000  -128.50000;
 0.00000  -1.00000   0.00000   129.50000;
 0.00000   0.00000   0.00000   1.00000;
--------------------
INFO: set hdr.hist.orient to -1
mpr2mni305 talsrcimg
Mon Mar  9 11:24:26 CET 2026
/opt/freesurfer/bin/mpr2mni305 talsrcimg
mpr2mni305 7.3.2
target=711-2C_as_mni_average_305

---------------------------------------------------------------------
analyzeto4dfp talsrcimg -O0 -y
---------------------------------------------------------------------

freesurfer ifh2hdr.c
Mon Mar  9 11:24:27 2026
Writing: talsrcimg.4dfp.hdr
freesurfer analyzeto4dfp.c
Reading: talsrcimg.hdr
header size 348 bytes
hdr.dime.datatype	offset=70	value=2
hdr.dime.bitpix		offset=72	value=8
hdr.hist.orient		offset=252	value=-1
dimensionality     4
dimensions       256       256       256         1
Reading: talsrcimg.img
Writing: talsrcimg.4dfp.img
Writing: talsrcimg.4dfp.ifh
ifh2hdr talsrcimg -r0to240
ori=2

---------------------------------------------------------------------
gauss_4dfp talsrcimg 1.1
---------------------------------------------------------------------

freesurfer gauss_4dfp.c
Reading: talsrcimg.4dfp.img
Writing: talsrcimg_g11.4dfp.img
image dimensions 256 256 256 padded to 288 288 288
processing volume 1freesurfer ifh2hdr.c
Mon Mar  9 11:24:28 2026
Writing: talsrcimg_g11.4dfp.hdr

Writing: talsrcimg_g11.4dfp.ifh
including: talsrcimg.4dfp.img.rec in talsrcimg_g11.4dfp.img.rec

---------------------------------------------------------------------
imgreg_4dfp /opt/freesurfer/average/711-2C_as_mni_average_305 none talsrcimg_g11 none talsrcimg_to_711-2C_as_mni_average_305_t4 4355
---------------------------------------------------------------------

freesurfer imgreg_4dfp.c
/opt/freesurfer/average/711-2C_as_mni_average_305.4dfp.img
       256       256       256         1
  1.000000  1.000000  1.000000
orientation T byte_order littleendian
Reading image: /opt/freesurfer/average/711-2C_as_mni_average_305.4dfp.img
dimensions:      256       256       256
mmppix:       1.0000   -1.0000   -1.0000
center:     128.0000 -129.0000 -129.0000
talsrcimg_g11.4dfp.img
       256       256       256         1
  1.000000  1.000000  1.000000
orientation T byte_order littleendian
Reading image: talsrcimg_g11.4dfp.img
dimensions:      256       256       256
mmppix:       1.0000   -1.0000   -1.0000
center:     128.0000 -129.0000 -129.0000
t4_read: open error in t4_sub.f l:  41 t4_file(1:l)talsrcimg_to_711-2C_as_mni_average_305_t4 
t4_read: transform initialized to I4
rotation matrix determinant  1.000000
image alignment mode   4355 decimal     1103 hex
   -7.5000  -45.0000  -45.0000 6544.2168   20.6250
    0.0000  -45.0000  -45.0000 6779.9478   20.6113
    7.5000  -45.0000  -45.0000 6464.8452   20.5719
   -7.5000  -37.5000  -45.0000 6976.2437   20.0363
    0.0000  -37.5000  -45.0000 7229.0005   20.0336
    7.5000  -37.5000  -45.0000 6932.0718   20.0065
   -7.5000  -30.0000  -45.0000 7738.7783   19.6863
    0.0000  -30.0000  -45.0000 8028.4478   19.7028
    7.5000  -30.0000  -45.0000 7710.7188   19.6824
   -7.5000  -22.5000  -45.0000 8578.5293   19.5210
    0.0000  -22.5000  -45.0000 8907.9873   19.5458
    7.5000  -22.5000  -45.0000 8564.0605   19.5217
   -7.5000  -15.0000  -45.0000 9478.5781   19.4981
    0.0000  -15.0000  -45.0000 9860.1572   19.5154
    7.5000  -15.0000  -45.0000 9481.9795   19.4862
   -7.5000   -7.5000  -45.000010334.5449   19.4960
    0.0000   -7.5000  -45.000010738.9980   19.4928
    7.5000   -7.5000  -45.000010333.4727   19.4591
   -7.5000    0.0000  -45.000011138.7676   19.4804
    0.0000    0.0000  -45.000011559.6641   19.4654
    7.5000    0.0000  -45.000011092.9502   19.4344
   -7.5000    7.5000  -45.000011050.3418   19.4655
    0.0000    7.5000  -45.000011470.6143   19.4605
    7.5000    7.5000  -45.000011045.7900   19.4377
   -7.5000   15.0000  -45.000010773.6172   19.4677
    0.0000   15.0000  -45.000011209.5527   19.4818
    7.5000   15.0000  -45.000010768.6172   19.4619
   -7.5000   22.5000  -45.000010402.3486   19.4822
    0.0000   22.5000  -45.000010796.5156   19.5069
    7.5000   22.5000  -45.000010376.9502   19.4831
   -7.5000   30.0000  -45.000010067.2461   19.2382
    0.0000   30.0000  -45.000010413.5352   19.2553
    7.5000   30.0000  -45.0000 9995.0010   19.2265
   -7.5000   37.5000  -45.0000 9945.0039   19.2361
    0.0000   37.5000  -45.000010279.4014   19.2330
    7.5000   37.5000  -45.0000 9867.3213   19.1998
   -7.5000   45.0000  -45.0000 9279.7402   18.7328
    0.0000   45.0000  -45.0000 9577.1123   18.7184
    7.5000   45.0000  -45.0000 9198.9414   18.6885
   -7.5000  -45.0000  -37.5000 6870.4692   20.4409
    0.0000  -45.0000  -37.5000 7135.2686   20.4360
    7.5000  -45.0000  -37.5000 6813.8311   20.3969
   -7.5000  -37.5000  -37.5000 7320.4404   19.8621
    0.0000  -37.5000  -37.5000 7612.4946   19.8685
    7.5000  -37.5000  -37.5000 7290.3037   19.8431
   -7.5000  -30.0000  -37.5000 8137.6006   19.5173
    0.0000  -30.0000  -37.5000 8468.6133   19.5455
    7.5000  -30.0000  -37.5000 8129.8945   19.5247
   -7.5000  -22.5000  -37.5000 9031.0527   19.3513
    0.0000  -22.5000  -37.5000 9404.2432   19.3907
    7.5000  -22.5000  -37.5000 9034.0176   19.3631
   -7.5000  -15.0000  -37.5000 9998.4736   19.3255
    0.0000  -15.0000  -37.500010410.9307   19.3568
    7.5000  -15.0000  -37.5000 9990.9219   19.3226
   -7.5000   -7.5000  -37.500010901.7363   19.3241
    0.0000   -7.5000  -37.500011338.3398   19.3319
    7.5000   -7.5000  -37.500010922.4258   19.2952
   -7.5000    0.0000  -37.500011745.0166   19.3125
    0.0000    0.0000  -37.500012208.1836   19.3061
    7.5000    0.0000  -37.500011731.2256   19.2757
   -7.5000    7.5000  -37.500011670.7441   19.3013
    0.0000    7.5000  -37.500012116.3838   19.3046
    7.5000    7.5000  -37.500011668.5771   19.2834
   -7.5000   15.0000  -37.500011392.5811   19.3027
    0.0000   15.0000  -37.500011847.3369   19.3282
    7.5000   15.0000  -37.500011383.5859   19.3080
   -7.5000   22.5000  -37.500010988.1357   19.3127
    0.0000   22.5000  -37.500011433.6602   19.3521
    7.5000   22.5000  -37.500010965.9219   19.3249
   -7.5000   30.0000  -37.500010591.7549   19.0680
    0.0000   30.0000  -37.500010992.2207   19.0988
    7.5000   30.0000  -37.500010514.5195   19.0650
   -7.5000   37.5000  -37.500010422.1953   19.0666
    0.0000   37.5000  -37.500010809.9854   19.0742
    7.5000   37.5000  -37.500010328.9805   19.0381
   -7.5000   45.0000  -37.5000 9740.5605   18.5712
    0.0000   45.0000  -37.500010083.2666   18.5651
    7.5000   45.0000  -37.5000 9659.3057   18.5359
   -7.5000  -45.0000  -30.0000 7297.0117   21.2288
    0.0000  -45.0000  -30.0000 7577.9502   21.2335
    7.5000  -45.0000  -30.0000 7257.8540   21.2038
   -7.5000  -37.5000  -30.0000 7819.0195   20.6456
    0.0000  -37.5000  -30.0000 8136.1592   20.6604
    7.5000  -37.5000  -30.0000 7802.0347   20.6391
   -7.5000  -30.0000  -30.0000 8739.4404   20.3054
    0.0000  -30.0000  -30.0000 9113.4893   20.3437
    7.5000  -30.0000  -30.0000 8731.4736   20.3204
   -7.5000  -22.5000  -30.0000 9713.5342   20.1315
    0.0000  -22.5000  -30.000010139.6221   20.1839
    7.5000  -22.5000  -30.0000 9716.5186   20.1510
   -7.5000  -15.0000  -30.000010736.3447   20.0880
    0.0000  -15.0000  -30.000011193.3721   20.1323
    7.5000  -15.0000  -30.000010732.2256   20.0961
   -7.5000   -7.5000  -30.000011721.8525   20.0697
    0.0000   -7.5000  -30.000012223.1084   20.0886
    7.5000   -7.5000  -30.000011750.3516   20.0570
   -7.5000    0.0000  -30.000012598.0898   20.0571
    0.0000    0.0000  -30.000013143.7617   20.0600
    7.5000    0.0000  -30.000012613.9697   20.0377
   -7.5000    7.5000  -30.000012519.2256   20.0642
    0.0000    7.5000  -30.000013051.7471   20.0752
    7.5000    7.5000  -30.000012533.9902   20.0580
   -7.5000   15.0000  -30.000012237.3223   20.0828
    0.0000   15.0000  -30.000012781.4307   20.1181
    7.5000   15.0000  -30.000012260.7529   20.0954
   -7.5000   22.5000  -30.000011812.6699   20.0892
    0.0000   22.5000  -30.000012357.1299   20.1416
    7.5000   22.5000  -30.000011816.1240   20.1092
   -7.5000   30.0000  -30.000011308.3623   19.8221
    0.0000   30.0000  -30.000011777.1611   19.8658
    7.5000   30.0000  -30.000011253.5264   19.8301
   -7.5000   37.5000  -30.000011112.9189   19.8041
    0.0000   37.5000  -30.000011566.9424   19.8228
    7.5000   37.5000  -30.000011036.7920   19.7916
   -7.5000   45.0000  -30.000010381.1904   19.3015
    0.0000   45.0000  -30.000010801.2783   19.3042
    7.5000   45.0000  -30.000010322.9834   19.2828
   -7.5000  -45.0000  -22.5000 7774.2490   21.9522
    0.0000  -45.0000  -22.5000 8092.0195   21.9571
    7.5000  -45.0000  -22.5000 7759.6274   21.9335
   -7.5000  -37.5000  -22.5000 8381.3691   21.3633
    0.0000  -37.5000  -22.5000 8744.1660   21.3758
    7.5000  -37.5000  -22.5000 8365.3994   21.3542
   -7.5000  -30.0000  -22.5000 9399.8428   21.0293
    0.0000  -30.0000  -22.5000 9795.9922   21.0633
    7.5000  -30.0000  -22.5000 9370.7012   21.0364
   -7.5000  -22.5000  -22.500010481.5049   20.8537
    0.0000  -22.5000  -22.500010901.8604   20.9019
    7.5000  -22.5000  -22.500010431.7617   20.8669
   -7.5000  -15.0000  -22.500011596.1221   20.7977
    0.0000  -15.0000  -22.500012022.2861   20.8392
    7.5000  -15.0000  -22.500011505.8721   20.8055
   -7.5000   -7.5000  -22.500012645.0527   20.7613
    0.0000   -7.5000  -22.500013143.8096   20.7798
    7.5000   -7.5000  -22.500012581.4170   20.7542
   -7.5000    0.0000  -22.500013547.6621   20.7417
    0.0000    0.0000  -22.500014093.1602   20.7445
    7.5000    0.0000  -22.500013530.9727   20.7265
   -7.5000    7.5000  -22.500013442.4062   20.7614
    0.0000    7.5000  -22.500013980.5811   20.7704
    7.5000    7.5000  -22.500013423.5400   20.7526
   -7.5000   15.0000  -22.500013151.6387   20.7987
    0.0000   15.0000  -22.500013698.4658   20.8297
    7.5000   15.0000  -22.500013110.1621   20.8033
   -7.5000   22.5000  -22.500012704.7441   20.8088
    0.0000   22.5000  -22.500013244.5869   20.8569
    7.5000   22.5000  -22.500012632.0264   20.8222
   -7.5000   30.0000  -22.500012083.5508   20.5256
    0.0000   30.0000  -22.500012620.8711   20.5666
    7.5000   30.0000  -22.500012008.1670   20.5333
   -7.5000   37.5000  -22.500011872.1660   20.4898
    0.0000   37.5000  -22.500012399.1650   20.5080
    7.5000   37.5000  -22.500011783.2178   20.4828
   -7.5000   45.0000  -22.500011092.1650   19.9752
    0.0000   45.0000  -22.500011572.5518   19.9780
    7.5000   45.0000  -22.500011022.7461   19.9607
   -7.5000  -45.0000  -15.0000 8299.1445   22.5172
    0.0000  -45.0000  -15.0000 8652.6904   22.5143
    7.5000  -45.0000  -15.0000 8266.5303   22.4894
   -7.5000  -37.5000  -15.0000 8962.5859   21.9131
    0.0000  -37.5000  -15.0000 9334.9355   21.9168
    7.5000  -37.5000  -15.0000 8926.8730   21.8924
   -7.5000  -30.0000  -15.000010062.3105   21.5733
    0.0000  -30.0000  -15.000010455.7598   21.5956
    7.5000  -30.0000  -15.0000 9996.6289   21.5683
   -7.5000  -22.5000  -15.000011216.8564   21.3989
    0.0000  -22.5000  -15.000011660.7100   21.4325
    7.5000  -22.5000  -15.000011111.5654   21.4005
   -7.5000  -15.0000  -15.000012374.9561   21.3450
    0.0000  -15.0000  -15.000012859.9688   21.3729
    7.5000  -15.0000  -15.000012233.9395   21.3438
   -7.5000   -7.5000  -15.000013502.2559   21.3040
    0.0000   -7.5000  -15.000014028.3359   21.3123
    7.5000   -7.5000  -15.000013379.3174   21.2889
   -7.5000    0.0000  -15.000014481.9062   21.2772
    0.0000    0.0000  -15.000015091.1211   21.2724
    7.5000    0.0000  -15.000014435.2295   21.2526
   -7.5000    7.5000  -15.000014383.3945   21.2944
    0.0000    7.5000  -15.000015004.3213   21.2954
    7.5000    7.5000  -15.000014353.1748   21.2749
   -7.5000   15.0000  -15.000014051.0449   21.3361
    0.0000   15.0000  -15.000014625.0781   21.3556
    7.5000   15.0000  -15.000013953.1885   21.3288
   -7.5000   22.5000  -15.000013575.1465   21.3523
    0.0000   22.5000  -15.000014114.4062   21.3856
    7.5000   22.5000  -15.000013439.8037   21.3539
   -7.5000   30.0000  -15.000012880.1348   21.0688
    0.0000   30.0000  -15.000013437.2939   21.0963
    7.5000   30.0000  -15.000012761.6289   21.0675
   -7.5000   37.5000  -15.000012668.8975   21.0283
    0.0000   37.5000  -15.000013212.5703   21.0365
    7.5000   37.5000  -15.000012540.6562   21.0134
   -7.5000   45.0000  -15.000011870.9375   20.5034
    0.0000   45.0000  -15.000012352.2373   20.4988
    7.5000   45.0000  -15.000011739.2441   20.4797
   -7.5000  -45.0000   -7.5000 8893.4307   22.8269
    0.0000  -45.0000   -7.5000 9239.6973   22.8132
    7.5000  -45.0000   -7.5000 8803.8652   22.7770
   -7.5000  -37.5000   -7.5000 9570.0352   22.1958
    0.0000  -37.5000   -7.5000 9941.6641   22.1917
    7.5000  -37.5000   -7.5000 9508.5625   22.1619
   -7.5000  -30.0000   -7.500010702.0488   21.8318
    0.0000  -30.0000   -7.500011122.2861   21.8464
    7.5000  -30.0000   -7.500010644.6084   21.8206
   -7.5000  -22.5000   -7.500011921.7051   21.6561
    0.0000  -22.5000   -7.500012402.6396   21.6793
    7.5000  -22.5000   -7.500011817.5635   21.6513
   -7.5000  -15.0000   -7.500013138.0869   21.6196
    0.0000  -15.0000   -7.500013668.7510   21.6359
    7.5000  -15.0000   -7.500013023.6709   21.6070
   -7.5000   -7.5000   -7.500014352.5693   21.5965
    0.0000   -7.5000   -7.500014922.0137   21.5932
    7.5000   -7.5000   -7.500014234.9004   21.5631
   -7.5000    0.0000   -7.500015462.0928   21.5709
    0.0000    0.0000   -7.500016092.5928   21.5557
    7.5000    0.0000   -7.500015381.9385   21.5266
   -7.5000    7.5000   -7.500015391.0850   21.5685
    0.0000    7.5000   -7.500016069.8760   21.5620
    7.5000    7.5000   -7.500015362.2129   21.5367
   -7.5000   15.0000   -7.500015035.3418   21.5913
    0.0000   15.0000   -7.500015610.2773   21.6033
    7.5000   15.0000   -7.500014935.7178   21.5780
   -7.5000   22.5000   -7.500014463.3389   21.6067
    0.0000   22.5000   -7.500014971.9736   21.6296
    7.5000   22.5000   -7.500014363.8066   21.6018
   -7.5000   30.0000   -7.500013769.3594   21.3392
    0.0000   30.0000   -7.500014264.4268   21.3553
    7.5000   30.0000   -7.500013647.4258   21.3267
   -7.5000   37.5000   -7.500013545.9795   21.3165
    0.0000   37.5000   -7.500014033.9287   21.3132
    7.5000   37.5000   -7.500013351.5820   21.2834
   -7.5000   45.0000   -7.500012684.5928   20.7902
    0.0000   45.0000   -7.500013109.5146   20.7756
    7.5000   45.0000   -7.500012475.7129   20.7476
   -7.5000  -45.0000    0.0000 9374.7783   22.8860
    0.0000  -45.0000    0.0000 9727.8154   22.8697
    7.5000  -45.0000    0.0000 9267.9717   22.8232
   -7.5000  -37.5000    0.000010094.9971   22.2362
    0.0000  -37.5000    0.000010480.8086   22.2325
    7.5000  -37.5000    0.000010032.5029   22.2003
   -7.5000  -30.0000    0.000011309.6104   21.8499
    0.0000  -30.0000    0.000011748.0049   21.8677
    7.5000  -30.0000    0.000011215.1982   21.8442
   -7.5000  -22.5000    0.000012574.6338   21.6691
    0.0000  -22.5000    0.000013063.5684   21.6961
    7.5000  -22.5000    0.000012474.3477   21.6692
   -7.5000  -15.0000    0.000013866.0869   21.6460
    0.0000  -15.0000    0.000014397.3623   21.6644
    7.5000  -15.0000    0.000013756.1729   21.6312
   -7.5000   -7.5000    0.000015094.5762   21.6442
    0.0000   -7.5000    0.000015688.4072   21.6396
    7.5000   -7.5000    0.000014993.9854   21.6002
   -7.5000    0.0000    0.000016234.6924   21.6260
    0.0000    0.0000    0.000016909.1133   21.6085
    7.5000    0.0000    0.000016170.4336   21.5714
   -7.5000    7.5000    0.000016240.4111   21.6079
    0.0000    7.5000    0.000016989.6660   21.6016
    7.5000    7.5000    0.000016206.7109   21.5743
   -7.5000   15.0000    0.000016002.4248   21.6093
    0.0000   15.0000    0.000016617.6426   21.6245
    7.5000   15.0000    0.000015988.6943   21.6015
   -7.5000   22.5000    0.000015444.6240   21.6193
    0.0000   22.5000    0.000015881.3125   21.6462
    7.5000   22.5000    0.000015424.0801   21.6196
   -7.5000   30.0000    0.000014641.4043   21.3658
    0.0000   30.0000    0.000015068.9814   21.3839
    7.5000   30.0000    0.000014584.5049   21.3511
   -7.5000   37.5000    0.000014328.4570   21.3641
    0.0000   37.5000    0.000014729.4004   21.3596
    7.5000   37.5000    0.000014170.5264   21.3206
   -7.5000   45.0000    0.000013431.6729   20.8450
    0.0000   45.0000    0.000013804.7568   20.8281
    7.5000   45.0000    0.000013194.3525   20.7923
   -7.5000  -45.0000    7.5000 9061.9072   22.8467
    0.0000  -45.0000    7.5000 9410.8330   22.8412
    7.5000  -45.0000    7.5000 8996.2070   22.7983
   -7.5000  -37.5000    7.5000 9805.7754   22.2018
    0.0000  -37.5000    7.500010191.9561   22.2091
    7.5000  -37.5000    7.5000 9732.9951   22.1815
   -7.5000  -30.0000    7.500011010.9883   21.8174
    0.0000  -30.0000    7.500011438.7197   21.8490
    7.5000  -30.0000    7.500010900.1289   21.8265
   -7.5000  -22.5000    7.500012235.6494   21.6313
    0.0000  -22.5000    7.500012712.3926   21.6753
    7.5000  -22.5000    7.500012149.5527   21.6452
   -7.5000  -15.0000    7.500013485.7119   21.6015
    0.0000  -15.0000    7.500014040.6533   21.6362
    7.5000  -15.0000    7.500013416.3359   21.5986
   -7.5000   -7.5000    7.500014691.7021   21.5994
    0.0000   -7.5000    7.500015252.6055   21.6077
    7.5000   -7.5000    7.500014636.8496   21.5674
   -7.5000    0.0000    7.500015758.8506   21.5869
    0.0000    0.0000    7.500016382.3408   21.5797
    7.5000    0.0000    7.500015794.5791   21.5465
   -7.5000    7.5000    7.500015812.0879   21.5756
    0.0000    7.5000    7.500016557.2441   21.5794
    7.5000    7.5000    7.500015886.3770   21.5565
   -7.5000   15.0000    7.500015872.1377   21.5778
    0.0000   15.0000    7.500016531.4414   21.6064
    7.5000   15.0000    7.500015916.0088   21.5844
   -7.5000   22.5000    7.500015508.8467   21.5813
    0.0000   22.5000    7.500015934.4336   21.6253
    7.5000   22.5000    7.500015481.2305   21.5955
   -7.5000   30.0000    7.500014705.7852   21.3219
    0.0000   30.0000    7.500015047.7568   21.3561
    7.5000   30.0000    7.500014598.8340   21.3190
   -7.5000   37.5000    7.500014257.7227   21.3199
    0.0000   37.5000    7.500014612.2627   21.3281
    7.5000   37.5000    7.500014036.9395   21.2883
   -7.5000   45.0000    7.500013233.0596   20.8073
    0.0000   45.0000    7.500013612.3330   20.8003
    7.5000   45.0000    7.500012967.6562   20.7683
   -7.5000  -45.0000   15.0000 8656.4434   22.7958
    0.0000  -45.0000   15.0000 9040.7559   22.8008
    7.5000  -45.0000   15.0000 8646.4316   22.7688
   -7.5000  -37.5000   15.0000 9413.8750   22.1696
    0.0000  -37.5000   15.0000 9803.6641   22.1854
    7.5000  -37.5000   15.0000 9363.3994   22.1625
   -7.5000  -30.0000   15.000010579.8096   21.8043
    0.0000  -30.0000   15.000010987.7129   21.8452
    7.5000  -30.0000   15.000010487.3652   21.8201
   -7.5000  -22.5000   15.000011761.0420   21.6173
    0.0000  -22.5000   15.000012199.1377   21.6736
    7.5000  -22.5000   15.000011706.8828   21.6383
   -7.5000  -15.0000   15.000012971.1582   21.5705
    0.0000  -15.0000   15.000013474.4062   21.6181
    7.5000  -15.0000   15.000012951.0400   21.5792
   -7.5000   -7.5000   15.000014136.8838   21.5510
    0.0000   -7.5000   15.000014660.8867   21.5714
    7.5000   -7.5000   15.000014143.4912   21.5373
   -7.5000    0.0000   15.000015189.6289   21.5377
    0.0000    0.0000   15.000015807.4141   21.5407
    7.5000    0.0000   15.000015244.0781   21.5167
   -7.5000    7.5000   15.000015257.1963   21.5453
    0.0000    7.5000   15.000015988.4053   21.5570
    7.5000    7.5000   15.000015303.9150   21.5385
   -7.5000   15.0000   15.000015275.4160   21.5652
    0.0000   15.0000   15.000015945.6445   21.6031
    7.5000   15.0000   15.000015224.8604   21.5785
   -7.5000   22.5000   15.000014839.9834   21.5672
    0.0000   22.5000   15.000015376.5156   21.6234
    7.5000   22.5000   15.000014689.0293   21.5886
   -7.5000   30.0000   15.000014167.7422   21.2913
    0.0000   30.0000   15.000014661.1279   21.3382
    7.5000   30.0000   15.000013926.0117   21.2999
   -7.5000   37.5000   15.000013795.4043   21.2721
    0.0000   37.5000   15.000014316.3262   21.2922
    7.5000   37.5000   15.000013524.5293   21.2586
   -7.5000   45.0000   15.000012696.2881   20.7598
    0.0000   45.0000   15.000013189.7529   20.7627
    7.5000   45.0000   15.000012491.5762   20.7396
   -7.5000  -45.0000   22.5000 8236.4717   22.7887
    0.0000  -45.0000   22.5000 8546.5596   22.7939
    7.5000  -45.0000   22.5000 8216.6797   22.7693
   -7.5000  -37.5000   22.5000 8966.5820   22.1775
    0.0000  -37.5000   22.5000 9287.1777   22.1905
    7.5000  -37.5000   22.5000 8908.2871   22.1680
   -7.5000  -30.0000   22.500010079.0234   21.8307
    0.0000  -30.0000   22.500010454.9355   21.8660
    7.5000  -30.0000   22.500010011.2930   21.8381
   -7.5000  -22.5000   22.500011253.5195   21.6484
    0.0000  -22.5000   22.500011687.4707   21.6985
    7.5000  -22.5000   22.500011194.7441   21.6621
   -7.5000  -15.0000   22.500012394.7578   21.5903
    0.0000  -15.0000   22.500012920.1816   21.6335
    7.5000  -15.0000   22.500012377.1055   21.5985
   -7.5000   -7.5000   22.500013499.4336   21.5526
    0.0000   -7.5000   22.500014075.8779   21.5718
    7.5000   -7.5000   22.500013500.0195   21.5452
   -7.5000    0.0000   22.500014492.3525   21.5321
    0.0000    0.0000   22.500015132.5039   21.5351
    7.5000    0.0000   22.500014492.3955   21.5164
   -7.5000    7.5000   22.500014528.1914   21.5525
    0.0000    7.5000   22.500015176.9678   21.5619
    7.5000    7.5000   22.500014513.4922   21.5435
   -7.5000   15.0000   22.500014364.3818   21.5912
    0.0000   15.0000   22.500014895.3457   21.6235
    7.5000   15.0000   22.500014314.4365   21.5962
   -7.5000   22.5000   22.500013813.1885   21.5985
    0.0000   22.5000   22.500014250.7812   21.6485
    7.5000   22.5000   22.500013761.6914   21.6124
   -7.5000   30.0000   22.500013174.5723   21.3108
    0.0000   30.0000   22.500013645.7539   21.3535
    7.5000   30.0000   22.500013094.9609   21.3189
   -7.5000   37.5000   22.500012892.4521   21.2737
    0.0000   37.5000   22.500013439.4004   21.2926
    7.5000   37.5000   22.500012810.4463   21.2664
   -7.5000   45.0000   22.500011939.4619   20.7545
    0.0000   45.0000   22.500012464.3682   20.7574
    7.5000   45.0000   22.500011896.9736   20.7394
   -7.5000  -45.0000   30.0000 7730.7124   22.8677
    0.0000  -45.0000   30.0000 8015.5278   22.8652
    7.5000  -45.0000   30.0000 7693.7202   22.8399
   -7.5000  -37.5000   30.0000 8424.5059   22.2535
    0.0000  -37.5000   30.0000 8744.5557   22.2576
    7.5000  -37.5000   30.0000 8365.9092   22.2328
   -7.5000  -30.0000   30.0000 9461.3193   21.9079
    0.0000  -30.0000   30.0000 9846.4912   21.9311
    7.5000  -30.0000   30.0000 9403.7930   21.9033
   -7.5000  -22.5000   30.000010539.5732   21.7306
    0.0000  -22.5000   30.000010975.9932   21.7652
    7.5000  -22.5000   30.000010473.6299   21.7328
   -7.5000  -15.0000   30.000011582.6006   21.6757
    0.0000  -15.0000   30.000012061.4766   21.7045
    7.5000  -15.0000   30.000011517.7910   21.6750
   -7.5000   -7.5000   30.000012610.8623   21.6338
    0.0000   -7.5000   30.000013127.7227   21.6427
    7.5000   -7.5000   30.000012563.8643   21.6190
   -7.5000    0.0000   30.000013539.2744   21.6064
    0.0000    0.0000   30.000014110.8379   21.6019
    7.5000    0.0000   30.000013503.8252   21.5819
   -7.5000    7.5000   30.000013528.2041   21.6241
    0.0000    7.5000   30.000014079.6084   21.6255
    7.5000    7.5000   30.000013523.0586   21.6046
   -7.5000   15.0000   30.000013253.4150   21.6667
    0.0000   15.0000   30.000013729.9287   21.6869
    7.5000   15.0000   30.000013249.9180   21.6597
   -7.5000   22.5000   30.000012746.1602   21.6808
    0.0000   22.5000   30.000013201.9814   21.7152
    7.5000   22.5000   30.000012782.7393   21.6830
   -7.5000   30.0000   30.000012150.0654   21.3951
    0.0000   30.0000   30.000012645.0928   21.4236
    7.5000   30.0000   30.000012222.6064   21.3945
   -7.5000   37.5000   30.000011873.1289   21.3538
    0.0000   37.5000   30.000012343.6953   21.3626
    7.5000   37.5000   30.000011938.2012   21.3392
   -7.5000   45.0000   30.000010977.0947   20.8261
    0.0000   45.0000   30.000011459.5322   20.8218
    7.5000   45.0000   30.000011059.0273   20.8025
   -7.5000  -45.0000   37.5000 7470.4634   23.2133
    0.0000  -45.0000   37.5000 7786.1812   23.1994
    7.5000  -45.0000   37.5000 7417.8413   23.1619
   -7.5000  -37.5000   37.5000 8129.0952   22.5629
    0.0000  -37.5000   37.5000 8472.8193   22.5585
    7.5000  -37.5000   37.5000 8070.2910   22.5276
   -7.5000  -30.0000   37.5000 9099.0146   22.1877
    0.0000  -30.0000   37.5000 9496.8574   22.2025
    7.5000  -30.0000   37.5000 9065.5029   22.1758
   -7.5000  -22.5000   37.500010126.9287   22.0064
    0.0000  -22.5000   37.500010555.4268   22.0304
    7.5000  -22.5000   37.500010087.0068   22.0015
   -7.5000  -15.0000   37.500011123.7432   21.9685
    0.0000  -15.0000   37.500011592.1660   21.9858
    7.5000  -15.0000   37.500011094.0742   21.9560
   -7.5000   -7.5000   37.500012122.9141   21.9447
    0.0000   -7.5000   37.500012652.9004   21.9417
    7.5000   -7.5000   37.500012131.0430   21.9106
   -7.5000    0.0000   37.500013024.6602   21.9183
    0.0000    0.0000   37.500013595.0869   21.9030
    7.5000    0.0000   37.500013022.6641   21.8729
   -7.5000    7.5000   37.500012989.3057   21.9162
    0.0000    7.5000   37.500013533.1494   21.9094
    7.5000    7.5000   37.500013000.3945   21.8832
   -7.5000   15.0000   37.500012662.0732   21.9398
    0.0000   15.0000   37.500013149.6934   21.9519
    7.5000   15.0000   37.500012680.0488   21.9258
   -7.5000   22.5000   37.500012231.3574   21.9556
    0.0000   22.5000   37.500012718.9912   21.9794
    7.5000   22.5000   37.500012283.7314   21.9507
   -7.5000   30.0000   37.500011681.3916   21.6842
    0.0000   30.0000   37.500012190.4600   21.7012
    7.5000   30.0000   37.500011766.9600   21.6718
   -7.5000   37.5000   37.500011388.5303   21.6607
    0.0000   37.5000   37.500011869.2227   21.6577
    7.5000   37.5000   37.500011467.8184   21.6270
   -7.5000   45.0000   37.500010520.4033   21.1267
    0.0000   45.0000   37.500010999.3652   21.1119
    7.5000   45.0000   37.500010595.0635   21.0829
   -7.5000  -45.0000   45.0000 6877.3359   23.6689
    0.0000  -45.0000   45.0000 7158.9673   23.6539
    7.5000  -45.0000   45.0000 6829.1802   23.6057
   -7.5000  -37.5000   45.0000 7463.0815   22.9715
    0.0000  -37.5000   45.0000 7769.5312   22.9689
    7.5000  -37.5000   45.0000 7434.8999   22.9356
   -7.5000  -30.0000   45.0000 8351.1162   22.5547
    0.0000  -30.0000   45.0000 8700.0977   22.5746
    7.5000  -30.0000   45.0000 8346.4639   22.5506
   -7.5000  -22.5000   45.0000 9277.1885   22.3573
    0.0000  -22.5000   45.0000 9686.4443   22.3877
    7.5000  -22.5000   45.0000 9284.2539   22.3604
   -7.5000  -15.0000   45.000010222.5039   22.3311
    0.0000  -15.0000   45.000010664.4951   22.3532
    7.5000  -15.0000   45.000010209.1006   22.3194
   -7.5000   -7.5000   45.000011159.1621   22.3316
    0.0000   -7.5000   45.000011637.7119   22.3295
    7.5000   -7.5000   45.000011161.2246   22.2891
   -7.5000    0.0000   45.000011991.6621   22.3158
    0.0000    0.0000   45.000012523.1094   22.2992
    7.5000    0.0000   45.000011992.9863   22.2611
   -7.5000    7.5000   45.000011915.6289   22.2973
    0.0000    7.5000   45.000012442.6904   22.2918
    7.5000    7.5000   45.000011927.6719   22.2639
   -7.5000   15.0000   45.000011585.7783   22.2967
    0.0000   15.0000   45.000012076.3496   22.3138
    7.5000   15.0000   45.000011627.9395   22.2904
   -7.5000   22.5000   45.000011204.7168   22.3044
    0.0000   22.5000   45.000011683.3330   22.3345
    7.5000   22.5000   45.000011273.6182   22.3076
   -7.5000   30.0000   45.000010726.9336   22.0402
    0.0000   30.0000   45.000011215.7764   22.0619
    7.5000   30.0000   45.000010801.9375   22.0286
   -7.5000   37.5000   45.000010487.1162   22.0407
    0.0000   37.5000   45.000010933.0625   22.0386
    7.5000   37.5000   45.000010537.7764   21.9987
   -7.5000   45.0000   45.0000 9711.2373   21.5196
    0.0000   45.0000   45.000010131.8096   21.5036
    7.5000   45.0000   45.0000 9752.3809   21.4669

---------------------------------------------------------------------
imgreg_4dfp /opt/freesurfer/average/711-2C_as_mni_average_305 /opt/freesurfer/average/711-2B_as_mni_average_305_mask talsrcimg_g11 none talsrcimg_to_711-2C_as_mni_average_305_t4 4355
---------------------------------------------------------------------

freesurfer imgreg_4dfp.c
/opt/freesurfer/average/711-2C_as_mni_average_305.4dfp.img
       256       256       256         1
  1.000000  1.000000  1.000000
orientation T byte_order littleendian
Reading image: /opt/freesurfer/average/711-2C_as_mni_average_305.4dfp.img
dimensions:      256       256       256
mmppix:       1.0000   -1.0000   -1.0000
center:     128.0000 -129.0000 -129.0000
/opt/freesurfer/average/711-2B_as_mni_average_305_mask.4dfp.img
       256       256       256         1
  1.000000  1.000000  1.000000
orientation T byte_order littleendian
Reading mask: /opt/freesurfer/average/711-2B_as_mni_average_305_mask.4dfp.img (2306576 pixels)
talsrcimg_g11.4dfp.img
       256       256       256         1
  1.000000  1.000000  1.000000
orientation T byte_order littleendian
Reading image: talsrcimg_g11.4dfp.img
dimensions:      256       256       256
mmppix:       1.0000   -1.0000   -1.0000
center:     128.0000 -129.0000 -129.0000
rotation matrix determinant  1.000000
image alignment mode   4355 decimal     1103 hex
   -7.5000  -37.5000  -45.0000 2034.3361   26.2096
    0.0000  -37.5000  -45.0000 2039.4603   26.0416
    7.5000  -37.5000  -45.0000 2014.0510   26.4117
   -7.5000  -30.0000  -45.0000 2118.9346   23.8907
    0.0000  -30.0000  -45.0000 2124.4688   23.7144
    7.5000  -30.0000  -45.0000 2098.3513   24.1181
   -7.5000  -22.5000  -45.0000 2199.6328   22.0166
    0.0000  -22.5000  -45.0000 2205.8689   21.8633
    7.5000  -22.5000  -45.0000 2179.8708   22.2132
   -7.5000  -15.0000  -45.0000 2268.8801   20.6372
    0.0000  -15.0000  -45.0000 2280.1665   20.5292
    7.5000  -15.0000  -45.0000 2259.8403   20.8109
   -7.5000   -7.5000  -45.0000 2306.0095   19.8992
    0.0000   -7.5000  -45.0000 2318.9980   19.7662
    7.5000   -7.5000  -45.0000 2306.4258   19.9804
   -7.5000    0.0000  -45.0000 2332.2292   19.5732
    0.0000    0.0000  -45.0000 2342.5049   19.4132
    7.5000    0.0000  -45.0000 2321.7375   19.6462
   -7.5000    7.5000  -45.0000 2335.4944   19.4984
    0.0000    7.5000  -45.0000 2347.7361   19.3623
    7.5000    7.5000  -45.0000 2328.3442   19.5201
   -7.5000   15.0000  -45.0000 2335.4097   19.5376
    0.0000   15.0000  -45.0000 2344.0591   19.3639
    7.5000   15.0000  -45.0000 2324.9480   19.5603
   -7.5000   22.5000  -45.0000 2324.0557   19.8338
    0.0000   22.5000  -45.0000 2339.5854   19.5780
    7.5000   22.5000  -45.0000 2320.4402   19.8867
   -7.5000   30.0000  -45.0000 2311.1423   20.2629
    0.0000   30.0000  -45.0000 2322.3528   20.1122
    7.5000   30.0000  -45.0000 2303.7444   20.4140
   -7.5000   37.5000  -45.0000 2276.4297   21.1989
    0.0000   37.5000  -45.0000 2291.5762   20.9561
    7.5000   37.5000  -45.0000 2274.2793   21.2673
   -7.5000   45.0000  -45.0000 2226.6875   22.4115
    0.0000   45.0000  -45.0000 2238.0940   22.0746
    7.5000   45.0000  -45.0000 2224.8206   22.4217
   -7.5000   52.5000  -45.0000 2133.7732   23.7930
    0.0000   52.5000  -45.0000 2145.4563   23.4310
    7.5000   52.5000  -45.0000 2128.8601   23.7673
   -7.5000  -37.5000  -37.5000 2101.1528   24.6703
    0.0000  -37.5000  -37.5000 2104.0833   24.6008
    7.5000  -37.5000  -37.5000 2077.0120   24.9006
   -7.5000  -30.0000  -37.5000 2194.9119   22.4252
    0.0000  -30.0000  -37.5000 2197.3301   22.3736
    7.5000  -30.0000  -37.5000 2173.5850   22.6594
   -7.5000  -22.5000  -37.5000 2279.4902   20.6061
    0.0000  -22.5000  -37.5000 2287.1665   20.5365
    7.5000  -22.5000  -37.5000 2261.4473   20.8084
   -7.5000  -15.0000  -37.5000 2359.9136   19.2894
    0.0000  -15.0000  -37.5000 2373.2515   19.1964
    7.5000  -15.0000  -37.5000 2343.7390   19.4448
   -7.5000   -7.5000  -37.5000 2406.7324   18.4715
    0.0000   -7.5000  -37.5000 2418.7957   18.3282
    7.5000   -7.5000  -37.5000 2399.7180   18.5317
   -7.5000    0.0000  -37.5000 2440.7920   18.0553
    0.0000    0.0000  -37.5000 2449.5889   17.8824
    7.5000    0.0000  -37.5000 2422.8955   18.0453
   -7.5000    7.5000  -37.5000 2443.8977   17.9210
    0.0000    7.5000  -37.5000 2453.1492   17.7507
    7.5000    7.5000  -37.5000 2428.1396   17.9030
   -7.5000   15.0000  -37.5000 2439.1091   18.0022
    0.0000   15.0000  -37.5000 2452.7681   17.8533
    7.5000   15.0000  -37.5000 2426.2268   17.9760
   -7.5000   22.5000  -37.5000 2428.0090   18.2679
    0.0000   22.5000  -37.5000 2446.8325   18.0889
    7.5000   22.5000  -37.5000 2426.3140   18.2435
   -7.5000   30.0000  -37.5000 2410.1284   18.7023
    0.0000   30.0000  -37.5000 2424.5681   18.6002
    7.5000   30.0000  -37.5000 2406.1003   18.7724
   -7.5000   37.5000  -37.5000 2375.3474   19.4848
    0.0000   37.5000  -37.5000 2392.3484   19.3054
    7.5000   37.5000  -37.5000 2369.4272   19.5599
   -7.5000   45.0000  -37.5000 2324.0083   20.5526
    0.0000   45.0000  -37.5000 2337.3684   20.3539
    7.5000   45.0000  -37.5000 2319.9062   20.6089
   -7.5000   52.5000  -37.5000 2226.8264   21.8158
    0.0000   52.5000  -37.5000 2243.5073   21.5659
    7.5000   52.5000  -37.5000 2224.3650   21.8667
   -7.5000  -37.5000  -30.0000 2192.3049   24.2570
    0.0000  -37.5000  -30.0000 2199.1414   24.1202
    7.5000  -37.5000  -30.0000 2170.7954   24.4742
   -7.5000  -30.0000  -30.0000 2301.1174   22.0374
    0.0000  -30.0000  -30.0000 2307.2153   21.9599
    7.5000  -30.0000  -30.0000 2275.9248   22.1922
   -7.5000  -22.5000  -30.0000 2397.3669   20.1491
    0.0000  -22.5000  -30.0000 2408.7168   20.1191
    7.5000  -22.5000  -30.0000 2378.7869   20.3212
   -7.5000  -15.0000  -30.0000 2484.7700   18.7282
    0.0000  -15.0000  -30.0000 2497.1082   18.6688
    7.5000  -15.0000  -30.0000 2464.1917   18.8747
   -7.5000   -7.5000  -30.0000 2542.5317   17.7525
    0.0000   -7.5000  -30.0000 2556.6223   17.6801
    7.5000   -7.5000  -30.0000 2529.1978   17.8507
   -7.5000    0.0000  -30.0000 2569.0281   17.2488
    0.0000    0.0000  -30.0000 2583.9265   17.1068
    7.5000    0.0000  -30.0000 2553.1006   17.2584
   -7.5000    7.5000  -30.0000 2581.0857   17.0305
    0.0000    7.5000  -30.0000 2598.2874   16.8511
    7.5000    7.5000  -30.0000 2570.6592   16.9960
   -7.5000   15.0000  -30.0000 2586.2805   17.1437
    0.0000   15.0000  -30.0000 2603.5603   17.0087
    7.5000   15.0000  -30.0000 2576.5999   17.0695
   -7.5000   22.5000  -30.0000 2580.8901   17.4034
    0.0000   22.5000  -30.0000 2598.7837   17.3117
    7.5000   22.5000  -30.0000 2576.5603   17.3725
   -7.5000   30.0000  -30.0000 2554.2249   17.9039
    0.0000   30.0000  -30.0000 2574.6755   17.8243
    7.5000   30.0000  -30.0000 2555.8960   17.9146
   -7.5000   37.5000  -30.0000 2519.3677   18.6168
    0.0000   37.5000  -30.0000 2534.0366   18.4464
    7.5000   37.5000  -30.0000 2512.2346   18.6229
   -7.5000   45.0000  -30.0000 2461.5713   19.6016
    0.0000   45.0000  -30.0000 2479.3906   19.4380
    7.5000   45.0000  -30.0000 2455.3164   19.6195
   -7.5000   52.5000  -30.0000 2363.9980   20.8043
    0.0000   52.5000  -30.0000 2385.6042   20.6234
    7.5000   52.5000  -30.0000 2360.8184   20.8392
   -7.5000  -37.5000  -22.5000 2263.1409   23.7135
    0.0000  -37.5000  -22.5000 2276.9841   23.6409
    7.5000  -37.5000  -22.5000 2244.5957   23.9008
   -7.5000  -30.0000  -22.5000 2375.0510   21.5079
    0.0000  -30.0000  -22.5000 2389.1968   21.4633
    7.5000  -30.0000  -22.5000 2360.0630   21.6627
   -7.5000  -22.5000  -22.5000 2479.8767   19.6511
    0.0000  -22.5000  -22.5000 2492.6746   19.5877
    7.5000  -22.5000  -22.5000 2463.0779   19.7494
   -7.5000  -15.0000  -22.5000 2576.7000   18.1342
    0.0000  -15.0000  -22.5000 2584.8372   18.0133
    7.5000  -15.0000  -22.5000 2548.0803   18.2251
   -7.5000   -7.5000  -22.5000 2639.6746   17.0529
    0.0000   -7.5000  -22.5000 2652.5078   16.9108
    7.5000   -7.5000  -22.5000 2620.8279   17.0965
   -7.5000    0.0000  -22.5000 2662.0610   16.4139
    0.0000    0.0000  -22.5000 2676.0100   16.2564
    7.5000    0.0000  -22.5000 2656.4158   16.3718
   -7.5000    7.5000  -22.5000 2682.0334   16.1137
    0.0000    7.5000  -22.5000 2698.5398   15.9696
    7.5000    7.5000  -22.5000 2682.5854   16.0717
   -7.5000   15.0000  -22.5000 2690.0920   16.1276
    0.0000   15.0000  -22.5000 2712.3171   15.9981
    7.5000   15.0000  -22.5000 2687.6799   16.0711
   -7.5000   22.5000  -22.5000 2698.1372   16.3893
    0.0000   22.5000  -22.5000 2717.1897   16.3240
    7.5000   22.5000  -22.5000 2688.3945   16.3555
   -7.5000   30.0000  -22.5000 2674.6875   16.9245
    0.0000   30.0000  -22.5000 2702.8396   16.8392
    7.5000   30.0000  -22.5000 2671.5696   16.9224
   -7.5000   37.5000  -22.5000 2641.4861   17.6281
    0.0000   37.5000  -22.5000 2664.7432   17.5052
    7.5000   37.5000  -22.5000 2634.8682   17.6236
   -7.5000   45.0000  -22.5000 2580.2058   18.5859
    0.0000   45.0000  -22.5000 2606.0159   18.4370
    7.5000   45.0000  -22.5000 2578.2104   18.5802
   -7.5000   52.5000  -22.5000 2478.2068   19.7410
    0.0000   52.5000  -22.5000 2505.3350   19.5266
    7.5000   52.5000  -22.5000 2477.6733   19.7467
   -7.5000  -37.5000  -15.0000 2299.8765   23.1227
    0.0000  -37.5000  -15.0000 2314.3503   23.0497
    7.5000  -37.5000  -15.0000 2285.3184   23.2460
   -7.5000  -30.0000  -15.0000 2415.9592   20.8963
    0.0000  -30.0000  -15.0000 2425.1929   20.8312
    7.5000  -30.0000  -15.0000 2398.1685   21.0385
   -7.5000  -22.5000  -15.0000 2522.8503   19.0171
    0.0000  -22.5000  -15.0000 2534.3599   18.9521
    7.5000  -22.5000  -15.0000 2504.3494   19.1315
   -7.5000  -15.0000  -15.0000 2614.4172   17.4803
    0.0000  -15.0000  -15.0000 2625.7693   17.3679
    7.5000  -15.0000  -15.0000 2591.2742   17.5823
   -7.5000   -7.5000  -15.0000 2683.5588   16.2979
    0.0000   -7.5000  -15.0000 2700.9822   16.1868
    7.5000   -7.5000  -15.0000 2668.8420   16.3648
   -7.5000    0.0000  -15.0000 2723.9568   15.5649
    0.0000    0.0000  -15.0000 2742.9731   15.4452
    7.5000    0.0000  -15.0000 2720.5474   15.5717
   -7.5000    7.5000  -15.0000 2751.5503   15.2360
    0.0000    7.5000  -15.0000 2776.9846   15.1170
    7.5000    7.5000  -15.0000 2752.2830   15.2491
   -7.5000   15.0000  -15.0000 2770.0552   15.1734
    0.0000   15.0000  -15.0000 2795.3237   15.0571
    7.5000   15.0000  -15.0000 2760.9932   15.1449
   -7.5000   22.5000  -15.0000 2780.0398   15.3990
    0.0000   22.5000  -15.0000 2801.8411   15.3072
    7.5000   22.5000  -15.0000 2762.6521   15.3798
   -7.5000   30.0000  -15.0000 2765.7087   15.9265
    0.0000   30.0000  -15.0000 2795.5422   15.8636
    7.5000   30.0000  -15.0000 2759.2112   15.9578
   -7.5000   37.5000  -15.0000 2735.3298   16.6702
    0.0000   37.5000  -15.0000 2763.3215   16.5670
    7.5000   37.5000  -15.0000 2730.7383   16.6565
   -7.5000   45.0000  -15.0000 2674.7112   17.6153
    0.0000   45.0000  -15.0000 2697.2305   17.4565
    7.5000   45.0000  -15.0000 2671.8638   17.6024
   -7.5000   52.5000  -15.0000 2562.0562   18.7786
    0.0000   52.5000  -15.0000 2587.8496   18.5582
    7.5000   52.5000  -15.0000 2558.9299   18.7740
   -7.5000  -37.5000   -7.5000 2319.8250   22.5530
    0.0000  -37.5000   -7.5000 2326.7913   22.4658
    7.5000  -37.5000   -7.5000 2302.3193   22.6955
   -7.5000  -30.0000   -7.5000 2425.4937   20.2453
    0.0000  -30.0000   -7.5000 2439.3445   20.1717
    7.5000  -30.0000   -7.5000 2419.3557   20.4535
   -7.5000  -22.5000   -7.5000 2542.0703   18.3447
    0.0000  -22.5000   -7.5000 2556.2375   18.2685
    7.5000  -22.5000   -7.5000 2525.9253   18.5402
   -7.5000  -15.0000   -7.5000 2632.4810   16.8211
    0.0000  -15.0000   -7.5000 2651.4041   16.7365
    7.5000  -15.0000   -7.5000 2619.4319   16.9682
   -7.5000   -7.5000   -7.5000 2712.5144   15.6352
    0.0000   -7.5000   -7.5000 2732.2559   15.5002
    7.5000   -7.5000   -7.5000 2700.5488   15.7222
   -7.5000    0.0000   -7.5000 2769.0901   14.8290
    0.0000    0.0000   -7.5000 2790.3584   14.6854
    7.5000    0.0000   -7.5000 2764.1216   14.8784
   -7.5000    7.5000   -7.5000 2804.5647   14.4450
    0.0000    7.5000   -7.5000 2832.1138   14.2948
    7.5000    7.5000   -7.5000 2804.4089   14.5038
   -7.5000   15.0000   -7.5000 2830.5300   14.3599
    0.0000   15.0000   -7.5000 2861.3093   14.2177
    7.5000   15.0000   -7.5000 2824.9919   14.4269
   -7.5000   22.5000   -7.5000 2848.3220   14.5297
    0.0000   22.5000   -7.5000 2869.8752   14.3280
    7.5000   22.5000   -7.5000 2831.7688   14.5781
   -7.5000   30.0000   -7.5000 2835.8196   15.0067
    0.0000   30.0000   -7.5000 2860.7986   14.8687
    7.5000   30.0000   -7.5000 2828.1819   15.0699
   -7.5000   37.5000   -7.5000 2803.0168   15.8052
    0.0000   37.5000   -7.5000 2830.0981   15.6422
    7.5000   37.5000   -7.5000 2799.4980   15.7909
   -7.5000   45.0000   -7.5000 2737.7065   16.7914
    0.0000   45.0000   -7.5000 2762.0071   16.5524
    7.5000   45.0000   -7.5000 2733.7776   16.7561
   -7.5000   52.5000   -7.5000 2619.4226   17.9144
    0.0000   52.5000   -7.5000 2642.7607   17.6680
    7.5000   52.5000   -7.5000 2614.7161   17.9335
   -7.5000  -37.5000    0.0000 2319.1680   22.0888
    0.0000  -37.5000    0.0000 2332.8552   22.0230
    7.5000  -37.5000    0.0000 2317.4294   22.3876
   -7.5000  -30.0000    0.0000 2436.1926   19.7695
    0.0000  -30.0000    0.0000 2453.4080   19.6897
    7.5000  -30.0000    0.0000 2429.7246   20.0788
   -7.5000  -22.5000    0.0000 2549.4900   17.8405
    0.0000  -22.5000    0.0000 2569.6550   17.7632
    7.5000  -22.5000    0.0000 2539.2102   18.1572
   -7.5000  -15.0000    0.0000 2650.4619   16.3633
    0.0000  -15.0000    0.0000 2667.9346   16.2517
    7.5000  -15.0000    0.0000 2636.7937   16.5874
   -7.5000   -7.5000    0.0000 2725.9817   15.1697
    0.0000   -7.5000    0.0000 2750.4226   15.0106
    7.5000   -7.5000    0.0000 2715.1868   15.3327
   -7.5000    0.0000    0.0000 2791.2620   14.3385
    0.0000    0.0000    0.0000 2813.7427   14.1768
    7.5000    0.0000    0.0000 2780.5920   14.4686
   -7.5000    7.5000    0.0000 2836.9788   13.9636
    0.0000    7.5000    0.0000 2866.7363   13.7865
    7.5000    7.5000    0.0000 2836.0298   14.0541
   -7.5000   15.0000    0.0000 2875.2209   13.8962
    0.0000   15.0000    0.0000 2910.5415   13.7189
    7.5000   15.0000    0.0000 2872.2102   14.0337
   -7.5000   22.5000    0.0000 2906.3413   14.0582
    0.0000   22.5000    0.0000 2932.7590   13.7571
    7.5000   22.5000    0.0000 2895.1538   14.2616
   -7.5000   30.0000    0.0000 2894.2124   14.4472
    0.0000   30.0000    0.0000 2913.9370   14.1794
    7.5000   30.0000    0.0000 2882.2837   14.5816
   -7.5000   37.5000    0.0000 2849.4961   15.2119
    0.0000   37.5000    0.0000 2873.9028   14.9495
    7.5000   37.5000    0.0000 2844.8538   15.2494
   -7.5000   45.0000    0.0000 2781.8010   16.1843
    0.0000   45.0000    0.0000 2804.4968   15.8887
    7.5000   45.0000    0.0000 2775.8171   16.1890
   -7.5000   52.5000    0.0000 2664.2954   17.2969
    0.0000   52.5000    0.0000 2684.9976   17.0053
    7.5000   52.5000    0.0000 2655.4700   17.2744
   -7.5000  -37.5000    7.5000 2317.9314   21.8013
    0.0000  -37.5000    7.5000 2330.7285   21.6485
    7.5000  -37.5000    7.5000 2314.3142   22.1403
   -7.5000  -30.0000    7.5000 2440.4500   19.5191
    0.0000  -30.0000    7.5000 2458.5408   19.4004
    7.5000  -30.0000    7.5000 2425.3579   19.8275
   -7.5000  -22.5000    7.5000 2552.0166   17.5967
    0.0000  -22.5000    7.5000 2565.3281   17.5336
    7.5000  -22.5000    7.5000 2536.7395   17.9385
   -7.5000  -15.0000    7.5000 2655.5950   16.1071
    0.0000  -15.0000    7.5000 2670.9292   16.0055
    7.5000  -15.0000    7.5000 2631.7935   16.3917
   -7.5000   -7.5000    7.5000 2738.7632   14.9185
    0.0000   -7.5000    7.5000 2753.5786   14.7852
    7.5000   -7.5000    7.5000 2715.5413   15.1686
   -7.5000    0.0000    7.5000 2801.4062   14.1033
    0.0000    0.0000    7.5000 2818.6008   13.9461
    7.5000    0.0000    7.5000 2794.3152   14.3160
   -7.5000    7.5000    7.5000 2848.7798   13.7054
    0.0000    7.5000    7.5000 2873.0669   13.5156
    7.5000    7.5000    7.5000 2857.4326   13.8819
   -7.5000   15.0000    7.5000 2901.4519   13.7393
    0.0000   15.0000    7.5000 2930.4402   13.5587
    7.5000   15.0000    7.5000 2903.1011   13.9207
   -7.5000   22.5000    7.5000 2949.2998   13.9848
    0.0000   22.5000    7.5000 2981.1748   13.7234
    7.5000   22.5000    7.5000 2938.3186   14.1888
   -7.5000   30.0000    7.5000 2944.0649   14.3528
    0.0000   30.0000    7.5000 2967.1917   14.0342
    7.5000   30.0000    7.5000 2928.5764   14.4701
   -7.5000   37.5000    7.5000 2892.2939   14.9433
    0.0000   37.5000    7.5000 2912.9807   14.6271
    7.5000   37.5000    7.5000 2878.3472   14.9917
   -7.5000   45.0000    7.5000 2804.2124   15.8118
    0.0000   45.0000    7.5000 2827.5889   15.5294
    7.5000   45.0000    7.5000 2799.3682   15.7842
   -7.5000   52.5000    7.5000 2681.8872   16.9869
    0.0000   52.5000    7.5000 2701.5852   16.7334
    7.5000   52.5000    7.5000 2675.5588   16.9366
   -7.5000  -37.5000   15.0000 2302.5215   21.7830
    0.0000  -37.5000   15.0000 2320.8560   21.6714
    7.5000  -37.5000   15.0000 2293.6267   22.1421
   -7.5000  -30.0000   15.0000 2431.5068   19.5116
    0.0000  -30.0000   15.0000 2445.5115   19.3703
    7.5000  -30.0000   15.0000 2407.9104   19.8139
   -7.5000  -22.5000   15.0000 2541.4658   17.6348
    0.0000  -22.5000   15.0000 2553.6194   17.4956
    7.5000  -22.5000   15.0000 2520.5708   17.9892
   -7.5000  -15.0000   15.0000 2635.7690   16.1782
    0.0000  -15.0000   15.0000 2653.9751   16.0163
    7.5000  -15.0000   15.0000 2619.0396   16.4593
   -7.5000   -7.5000   15.0000 2718.9253   15.0338
    0.0000   -7.5000   15.0000 2734.5913   14.8615
    7.5000   -7.5000   15.0000 2706.4124   15.2949
   -7.5000    0.0000   15.0000 2784.6455   14.2037
    0.0000    0.0000   15.0000 2805.4304   14.0562
    7.5000    0.0000   15.0000 2785.8945   14.4565
   -7.5000    7.5000   15.0000 2846.1624   13.7889
    0.0000    7.5000   15.0000 2871.6177   13.6417
    7.5000    7.5000   15.0000 2851.7795   13.9575
   -7.5000   15.0000   15.0000 2910.6208   13.7933
    0.0000   15.0000   15.0000 2940.3845   13.6958
    7.5000   15.0000   15.0000 2895.2537   13.9778
   -7.5000   22.5000   15.0000 2952.1226   13.9847
    0.0000   22.5000   15.0000 2982.7571   13.8410
    7.5000   22.5000   15.0000 2931.3635   14.1751
   -7.5000   30.0000   15.0000 2941.2969   14.3996
    0.0000   30.0000   15.0000 2963.4768   14.2173
    7.5000   30.0000   15.0000 2916.9329   14.4715
   -7.5000   37.5000   15.0000 2890.2297   14.9802
    0.0000   37.5000   15.0000 2921.5527   14.8580
    7.5000   37.5000   15.0000 2875.8796   15.0372
   -7.5000   45.0000   15.0000 2801.1794   15.8714
    0.0000   45.0000   15.0000 2827.8223   15.7372
    7.5000   45.0000   15.0000 2797.2583   15.9241
   -7.5000   52.5000   15.0000 2671.7109   17.0610
    0.0000   52.5000   15.0000 2693.1572   16.8299
    7.5000   52.5000   15.0000 2668.5852   17.0436
   -7.5000  -37.5000   22.5000 2280.9895   22.1758
    0.0000  -37.5000   22.5000 2291.2349   21.9247
    7.5000  -37.5000   22.5000 2264.6982   22.4831
   -7.5000  -30.0000   22.5000 2406.8518   19.9714
    0.0000  -30.0000   22.5000 2417.4766   19.7393
    7.5000  -30.0000   22.5000 2382.3159   20.2673
   -7.5000  -22.5000   22.5000 2523.3965   18.1601
    0.0000  -22.5000   22.5000 2532.6533   17.9797
    7.5000  -22.5000   22.5000 2494.2183   18.4647
   -7.5000  -15.0000   22.5000 2613.3704   16.6956
    0.0000  -15.0000   22.5000 2630.8635   16.5512
    7.5000  -15.0000   22.5000 2592.2832   16.9592
   -7.5000   -7.5000   22.5000 2698.0615   15.5163
    0.0000   -7.5000   22.5000 2717.4800   15.3740
    7.5000   -7.5000   22.5000 2681.3235   15.7324
   -7.5000    0.0000   22.5000 2763.1338   14.6423
    0.0000    0.0000   22.5000 2784.5066   14.4952
    7.5000    0.0000   22.5000 2754.9858   14.8261
   -7.5000    7.5000   22.5000 2831.3186   14.1426
    0.0000    7.5000   22.5000 2854.9934   13.9838
    7.5000    7.5000   22.5000 2824.6646   14.2836
   -7.5000   15.0000   22.5000 2892.9861   14.0724
    0.0000   15.0000   22.5000 2918.1772   13.9276
    7.5000   15.0000   22.5000 2876.2351   14.2248
   -7.5000   22.5000   22.5000 2921.9907   14.1490
    0.0000   22.5000   22.5000 2940.0479   13.9386
    7.5000   22.5000   22.5000 2906.5840   14.3381
   -7.5000   30.0000   22.5000 2898.8774   14.5701
    0.0000   30.0000   22.5000 2922.7983   14.4230
    7.5000   30.0000   22.5000 2885.4172   14.6540
   -7.5000   37.5000   22.5000 2855.5583   15.3379
    0.0000   37.5000   22.5000 2890.7078   15.1994
    7.5000   37.5000   22.5000 2846.3967   15.4051
   -7.5000   45.0000   22.5000 2778.2671   16.3220
    0.0000   45.0000   22.5000 2805.7209   16.2061
    7.5000   45.0000   22.5000 2769.6323   16.3906
   -7.5000   52.5000   22.5000 2647.3137   17.4982
    0.0000   52.5000   22.5000 2670.4897   17.3908
    7.5000   52.5000   22.5000 2643.1909   17.5670
   -7.5000  -37.5000   30.0000 2245.6599   23.1288
    0.0000  -37.5000   30.0000 2249.5276   22.8659
    7.5000  -37.5000   30.0000 2218.4631   23.4586
   -7.5000  -30.0000   30.0000 2371.3909   20.8662
    0.0000  -30.0000   30.0000 2381.2061   20.6853
    7.5000  -30.0000   30.0000 2339.8765   21.1900
   -7.5000  -22.5000   30.0000 2487.0698   19.0151
    0.0000  -22.5000   30.0000 2493.4973   18.8969
    7.5000  -22.5000   30.0000 2450.0898   19.2916
   -7.5000  -15.0000   30.0000 2577.0652   17.4817
    0.0000  -15.0000   30.0000 2585.3608   17.3531
    7.5000  -15.0000   30.0000 2542.5212   17.6888
   -7.5000   -7.5000   30.0000 2664.2158   16.2423
    0.0000   -7.5000   30.0000 2677.8762   16.1007
    7.5000   -7.5000   30.0000 2637.5466   16.4026
   -7.5000    0.0000   30.0000 2733.0486   15.2985
    0.0000    0.0000   30.0000 2751.6216   15.1572
    7.5000    0.0000   30.0000 2713.2830   15.4513
   -7.5000    7.5000   30.0000 2806.4419   14.7486
    0.0000    7.5000   30.0000 2825.7327   14.6014
    7.5000    7.5000   30.0000 2785.4414   14.9000
   -7.5000   15.0000   30.0000 2852.2290   14.5855
    0.0000   15.0000   30.0000 2874.8474   14.4057
    7.5000   15.0000   30.0000 2830.9797   14.7151
   -7.5000   22.5000   30.0000 2864.1440   14.6455
    0.0000   22.5000   30.0000 2883.9890   14.4648
    7.5000   22.5000   30.0000 2855.2158   14.7853
   -7.5000   30.0000   30.0000 2836.9373   15.0922
    0.0000   30.0000   30.0000 2861.8372   14.9564
    7.5000   30.0000   30.0000 2834.2810   15.1960
   -7.5000   37.5000   30.0000 2791.6560   15.8572
    0.0000   37.5000   30.0000 2813.4985   15.6811
    7.5000   37.5000   30.0000 2784.4526   15.9614
   -7.5000   45.0000   30.0000 2717.5322   16.8873
    0.0000   45.0000   30.0000 2742.4031   16.7138
    7.5000   45.0000   30.0000 2710.3494   16.9659
   -7.5000   52.5000   30.0000 2594.4324   18.0858
    0.0000   52.5000   30.0000 2622.9810   17.9162
    7.5000   52.5000   30.0000 2588.6802   18.1516
   -7.5000  -37.5000   37.5000 2199.2905   24.3540
    0.0000  -37.5000   37.5000 2202.2896   24.1733
    7.5000  -37.5000   37.5000 2166.4587   24.6708
   -7.5000  -30.0000   37.5000 2318.5698   21.9570
    0.0000  -30.0000   37.5000 2329.7112   21.8413
    7.5000  -30.0000   37.5000 2289.9907   22.2907
   -7.5000  -22.5000   37.5000 2432.9211   20.0286
    0.0000  -22.5000   37.5000 2442.0703   19.8979
    7.5000  -22.5000   37.5000 2404.2170   20.2762
   -7.5000  -15.0000   37.5000 2524.9773   18.4182
    0.0000  -15.0000   37.5000 2536.2385   18.3013
    7.5000  -15.0000   37.5000 2497.2642   18.6242
   -7.5000   -7.5000   37.5000 2619.6047   17.1267
    0.0000   -7.5000   37.5000 2634.6021   17.0047
    7.5000   -7.5000   37.5000 2595.4504   17.2788
   -7.5000    0.0000   37.5000 2692.7942   16.1441
    0.0000    0.0000   37.5000 2707.3789   16.0071
    7.5000    0.0000   37.5000 2663.9854   16.3165
   -7.5000    7.5000   37.5000 2761.2368   15.5459
    0.0000    7.5000   37.5000 2778.8970   15.3966
    7.5000    7.5000   37.5000 2737.8279   15.7343
   -7.5000   15.0000   37.5000 2791.5789   15.2663
    0.0000   15.0000   37.5000 2809.1382   15.1002
    7.5000   15.0000   37.5000 2771.4214   15.4029
   -7.5000   22.5000   37.5000 2792.5562   15.3490
    0.0000   22.5000   37.5000 2810.4644   15.2290
    7.5000   22.5000   37.5000 2782.7109   15.4766
   -7.5000   30.0000   37.5000 2761.2849   15.8411
    0.0000   30.0000   37.5000 2790.7024   15.7352
    7.5000   30.0000   37.5000 2763.3828   15.9627
   -7.5000   37.5000   37.5000 2715.3428   16.6318
    0.0000   37.5000   37.5000 2737.5242   16.4770
    7.5000   37.5000   37.5000 2712.1394   16.7534
   -7.5000   45.0000   37.5000 2635.1509   17.6625
    0.0000   45.0000   37.5000 2664.1101   17.4857
    7.5000   45.0000   37.5000 2635.2195   17.7530
   -7.5000   52.5000   37.5000 2518.4919   18.7994
    0.0000   52.5000   37.5000 2549.3613   18.5823
    7.5000   52.5000   37.5000 2525.0654   18.8638
   -7.5000  -37.5000   45.0000 2135.7488   25.8713
    0.0000  -37.5000   45.0000 2140.9771   25.6666
    7.5000  -37.5000   45.0000 2109.8279   26.1897
   -7.5000  -30.0000   45.0000 2253.4021   23.1925
    0.0000  -30.0000   45.0000 2261.2092   23.0625
    7.5000  -30.0000   45.0000 2230.6726   23.5739
   -7.5000  -22.5000   45.0000 2363.6365   21.1814
    0.0000  -22.5000   45.0000 2377.2722   21.0791
    7.5000  -22.5000   45.0000 2345.3762   21.4712
   -7.5000  -15.0000   45.0000 2459.3799   19.5465
    0.0000  -15.0000   45.0000 2474.5439   19.4378
    7.5000  -15.0000   45.0000 2437.7144   19.7325
   -7.5000   -7.5000   45.0000 2554.8984   18.2321
    0.0000   -7.5000   45.0000 2568.4036   18.0942
    7.5000   -7.5000   45.0000 2532.5156   18.3606
   -7.5000    0.0000   45.0000 2628.7024   17.1988
    0.0000    0.0000   45.0000 2646.0027   17.0444
    7.5000    0.0000   45.0000 2604.5762   17.3633
   -7.5000    7.5000   45.0000 2682.4976   16.4942
    0.0000    7.5000   45.0000 2707.9019   16.3580
    7.5000    7.5000   45.0000 2663.1338   16.6419
   -7.5000   15.0000   45.0000 2702.1973   16.1210
    0.0000   15.0000   45.0000 2718.0000   16.0391
    7.5000   15.0000   45.0000 2689.4644   16.2940
   -7.5000   22.5000   45.0000 2704.5789   16.2514
    0.0000   22.5000   45.0000 2724.4614   16.1309
    7.5000   22.5000   45.0000 2696.8486   16.4153
   -7.5000   30.0000   45.0000 2679.5237   16.7715
    0.0000   30.0000   45.0000 2709.7683   16.6391
    7.5000   30.0000   45.0000 2679.5964   16.8993
   -7.5000   37.5000   45.0000 2634.3813   17.6080
    0.0000   37.5000   45.0000 2656.5786   17.4079
    7.5000   37.5000   45.0000 2627.3223   17.7064
   -7.5000   45.0000   45.0000 2552.7202   18.6583
    0.0000   45.0000   45.0000 2577.5251   18.4619
    7.5000   45.0000   45.0000 2553.2390   18.7607
   -7.5000   52.5000   45.0000 2436.7937   19.7649
    0.0000   52.5000   45.0000 2462.6514   19.5352
    7.5000   52.5000   45.0000 2442.7690   19.7964

---------------------------------------------------------------------
imgreg_4dfp /opt/freesurfer/average/711-2C_as_mni_average_305 /opt/freesurfer/average/711-2B_as_mni_average_305_mask talsrcimg_g11 none talsrcimg_to_711-2C_as_mni_average_305_t4 1283
---------------------------------------------------------------------

freesurfer imgreg_4dfp.c
/opt/freesurfer/average/711-2C_as_mni_average_305.4dfp.img
       256       256       256         1
  1.000000  1.000000  1.000000
orientation T byte_order littleendian
Reading image: /opt/freesurfer/average/711-2C_as_mni_average_305.4dfp.img
dimensions:      256       256       256
mmppix:       1.0000   -1.0000   -1.0000
center:     128.0000 -129.0000 -129.0000
/opt/freesurfer/average/711-2B_as_mni_average_305_mask.4dfp.img
       256       256       256         1
  1.000000  1.000000  1.000000
orientation T byte_order littleendian
Reading mask: /opt/freesurfer/average/711-2B_as_mni_average_305_mask.4dfp.img (2306576 pixels)
talsrcimg_g11.4dfp.img
       256       256       256         1
  1.000000  1.000000  1.000000
orientation T byte_order littleendian
Reading image: talsrcimg_g11.4dfp.img
dimensions:      256       256       256
mmppix:       1.0000   -1.0000   -1.0000
center:     128.0000 -129.0000 -129.0000
rotation matrix determinant  1.000000
fimgreg.f
image alignment mode   1283 decimal      503 hex
parameters
    0.0000   22.5000   15.0000    0.0000    0.0000    0.0000
eta,q 0.93790 13.81549
niter,ni,del,rscale     5    3   12.0000    1.2000
parameter  3  0.819989 ->  0.500000 qaram    1.1500
parameters
   -1.6569   23.5497   11.5500    1.7802   -0.9766   -1.4458
eta,q 0.93881 13.80754
  0.0709  0.0748  0.0646  0.0654  0.0676  0.0632
  0.0683  0.0699  0.0624  0.0647  0.0623  0.0623
  0.0677  0.0670  0.0638  0.0637  0.0604  0.0614
  0.0677  0.0671  0.0675  0.0620  0.0622  0.0611
  0.0700  0.0677  0.0712  0.0622  0.0648  0.0623
  0.0732  0.0682  0.0757  0.0624  0.0672  0.0646
  0.0774  0.0698  0.0805  0.0637  0.0694  0.0672
niter,ni,del,rscale     5    3   12.0000    1.2000
parameters
   -0.5984   24.0166   11.8417    1.3292   -0.2624   -2.2818
eta,q 0.93899 13.90168
  0.0731  0.0690  0.0745  0.0631  0.0690  0.0635
  0.0650  0.0649  0.0683  0.0627  0.0653  0.0628
  0.0620  0.0629  0.0629  0.0612  0.0613  0.0617
  0.0612  0.0607  0.0603  0.0603  0.0603  0.0608
  0.0604  0.0604  0.0626  0.0613  0.0618  0.0614
  0.0616  0.0630  0.0667  0.0623  0.0631  0.0638
  0.0660  0.0675  0.0724  0.0649  0.0654  0.0665
niter,ni,del,rscale     4    3   12.0000    1.2000
parameter  6  0.596283 ->  0.500000 qaram    1.1500
parameters
   -1.0070   24.3802   11.8716   -0.3391    1.2512   -5.7318
eta,q 0.93986 13.90488
  0.0663  0.0677  0.0739  0.0625  0.0673  0.0603
  0.0621  0.0648  0.0681  0.0621  0.0639  0.0602
  0.0616  0.0629  0.0637  0.0615  0.0618  0.0600
  0.0610  0.0614  0.0612  0.0612  0.0614  0.0607
  0.0597  0.0617  0.0631  0.0626  0.0604  0.0626
  0.0628  0.0632  0.0677  0.0636  0.0608  0.0651
  0.0697  0.0670  0.0740  0.0648  0.0631  0.0675
niter,ni,del,rscale     4    3   12.0000    1.2000
parameters
   -1.1917   26.0800   11.7574   -3.3204    1.9360   -5.6831
eta,q 0.94102 13.85988
  0.0674  0.0693  0.0723  0.0598  0.0653  0.0665
  0.0644  0.0650  0.0658  0.0597  0.0629  0.0638
  0.0613  0.0625  0.0598  0.0586  0.0603  0.0605
  0.0601  0.0601  0.0593  0.0592  0.0590  0.0590
  0.0610  0.0593  0.0628  0.0623  0.0593  0.0603
  0.0636  0.0599  0.0673  0.0658  0.0607  0.0629
  0.0696  0.0631  0.0715  0.0688  0.0634  0.0668
niter,ni,del,rscale     3    3   12.0000    1.2000
parameter  4  0.822237 ->  0.500000 qaram    1.1500
parameters
   -1.5783   27.7182   11.0213   -6.7704    1.7241   -5.5685
eta,q 0.94194 13.78994
  0.0653  0.0661  0.0703  0.0572  0.0643  0.0660
  0.0626  0.0633  0.0644  0.0579  0.0598  0.0632
  0.0599  0.0609  0.0602  0.0586  0.0578  0.0599
  0.0590  0.0591  0.0594  0.0591  0.0581  0.0581
  0.0595  0.0595  0.0626  0.0591  0.0589  0.0593
  0.0624  0.0592  0.0680  0.0602  0.0609  0.0624
  0.0688  0.0617  0.0760  0.0637  0.0646  0.0659
niter,ni,del,rscale     3    3   12.0000    1.2000
parameters
   -0.9995   28.6157   10.2628   -8.9890    1.1634   -5.1232
eta,q 0.94431 13.80122
  0.0665  0.0657  0.0684  0.0586  0.0619  0.0646
  0.0629  0.0626  0.0614  0.0559  0.0581  0.0624
  0.0605  0.0594  0.0575  0.0562  0.0562  0.0592
  0.0581  0.0576  0.0575  0.0571  0.0562  0.0560
  0.0575  0.0576  0.0607  0.0583  0.0577  0.0562
  0.0601  0.0585  0.0665  0.0597  0.0602  0.0595
  0.0649  0.0629  0.0728  0.0605  0.0639  0.0643
niter,ni,del,rscale     2    3   12.0000    1.2000
parameters
   -0.9381   28.5162    9.4788   -9.2683    0.9106   -4.8562
eta,q 0.94556 13.80165
  0.0657  0.0649  0.0667  0.0606  0.0618  0.0641
  0.0619  0.0595  0.0590  0.0570  0.0572  0.0612
  0.0580  0.0560  0.0548  0.0542  0.0548  0.0573
  0.0557  0.0557  0.0557  0.0548  0.0546  0.0545
  0.0570  0.0573  0.0607  0.0567  0.0565  0.0556
  0.0608  0.0603  0.0651  0.0586  0.0591  0.0593
  0.0661  0.0648  0.0690  0.0601  0.0619  0.0638
niter,ni,del,rscale     1    3   12.0000    1.2000
parameters
   -1.0958   28.5812    9.3638   -9.3269    0.7646   -4.6387
eta,q 0.94574 13.79770
  0.0651  0.0654  0.0692  0.0607  0.0619  0.0641
  0.0604  0.0595  0.0610  0.0572  0.0572  0.0611
  0.0561  0.0552  0.0554  0.0541  0.0545  0.0570
  0.0544  0.0544  0.0544  0.0543  0.0543  0.0543
  0.0570  0.0564  0.0589  0.0564  0.0562  0.0555
  0.0613  0.0596  0.0640  0.0582  0.0588  0.0594
  0.0659  0.0642  0.0674  0.0596  0.0614  0.0639
registration optimization eta report
parameter search radius
    6.0000    6.0000    6.9000    6.9000    6.0000    6.9000
100000*second partial in parameter space
       29.       28.       28.       12.       20.       19.
  0.0651  0.0654  0.0692  0.0607  0.0619  0.0641
  0.0604  0.0595  0.0610  0.0572  0.0572  0.0611
  0.0561  0.0552  0.0554  0.0541  0.0545  0.0570
  0.0544  0.0544  0.0544  0.0543  0.0543  0.0543
  0.0570  0.0564  0.0589  0.0564  0.0562  0.0555
  0.0613  0.0596  0.0640  0.0582  0.0588  0.0594
  0.0659  0.0642  0.0674  0.0596  0.0614  0.0639
   -1.0958   28.5812    9.3638   -9.3269    0.7646   -4.6387
eta,q 0.94574 13.79770

---------------------------------------------------------------------
imgreg_4dfp /opt/freesurfer/average/711-2C_as_mni_average_305 /opt/freesurfer/average/711-2B_as_mni_average_305_mask talsrcimg_g11 none talsrcimg_to_711-2C_as_mni_average_305_t4 3335
---------------------------------------------------------------------

freesurfer imgreg_4dfp.c
/opt/freesurfer/average/711-2C_as_mni_average_305.4dfp.img
       256       256       256         1
  1.000000  1.000000  1.000000
orientation T byte_order littleendian
Reading image: /opt/freesurfer/average/711-2C_as_mni_average_305.4dfp.img
dimensions:      256       256       256
mmppix:       1.0000   -1.0000   -1.0000
center:     128.0000 -129.0000 -129.0000
/opt/freesurfer/average/711-2B_as_mni_average_305_mask.4dfp.img
       256       256       256         1
  1.000000  1.000000  1.000000
orientation T byte_order littleendian
Reading mask: /opt/freesurfer/average/711-2B_as_mni_average_305_mask.4dfp.img (2306576 pixels)
talsrcimg_g11.4dfp.img
       256       256       256         1
  1.000000  1.000000  1.000000
orientation T byte_order littleendian
Reading image: talsrcimg_g11.4dfp.img
dimensions:      256       256       256
mmppix:       1.0000   -1.0000   -1.0000
center:     128.0000 -129.0000 -129.0000
fimgreg.f
image alignment mode   3335 decimal      D07 hex
parameters
   -1.0958   28.5812    9.3638   -0.3364   -1.6627   -1.3308
    8.1959   -0.0018   -8.0865   16.2600    1.3344  -16.2052
eta,q 0.94846 13.77770
niter,ni,del,rscale     5    3    5.0000    1.2000
parameter  4  4.458776 ->  0.500000 qaram    1.1500
parameter  5  3.175512 ->  0.500000 qaram    1.1500
parameter 10  0.589995 ->  0.500000 qaram    1.1500
parameter 12 -0.643891 -> -0.500000 qaram    1.1500
parameters
   -0.8688   28.3098    9.1606   -4.4764   -5.8027   -4.6005
    6.0211    0.5776   -4.6926   12.1200   -0.6777  -12.0652
eta,q 0.96547 13.52369
  0.0540  0.0528  0.0531  0.0393  0.0350  0.0384  0.0381  0.0429  0.0394  0.0360  0.0360  0.0386
  0.0528  0.0519  0.0521  0.0427  0.0370  0.0375  0.0372  0.0402  0.0382  0.0353  0.0354  0.0373
  0.0520  0.0515  0.0515  0.0468  0.0400  0.0370  0.0368  0.0380  0.0373  0.0354  0.0351  0.0360
  0.0515  0.0515  0.0514  0.0514  0.0437  0.0377  0.0370  0.0368  0.0367  0.0363  0.0352  0.0351
  0.0516  0.0519  0.0518  0.0566  0.0480  0.0403  0.0379  0.0370  0.0363  0.0379  0.0357  0.0347
  0.0522  0.0525  0.0526  0.0619  0.0523  0.0443  0.0394  0.0387  0.0363  0.0399  0.0366  0.0345
  0.0533  0.0534  0.0537  0.0668  0.0560  0.0487  0.0412  0.0415  0.0368  0.0421  0.0378  0.0348
niter,ni,del,rscale     7    3    5.0000    1.2000
parameter  2 -0.501773 -> -0.500000 qaram    1.1500
parameter  4  1.231655 ->  0.500000 qaram    1.3225
parameter  5  0.788259 ->  0.500000 qaram    1.3225
parameters
   -1.4354   29.6898    9.0972   -9.2374  -10.5637   -3.7332
    6.1307    1.1228   -4.8925   12.0167   -0.2588  -12.6482
eta,q 0.97515 13.36489
  0.0363  0.0399  0.0355  0.0272  0.0260  0.0283  0.0285  0.0309  0.0276  0.0300  0.0263  0.0269
  0.0350  0.0375  0.0345  0.0282  0.0253  0.0270  0.0267  0.0280  0.0261  0.0274  0.0256  0.0257
  0.0344  0.0356  0.0339  0.0304  0.0262  0.0262  0.0254  0.0260  0.0252  0.0256  0.0251  0.0250
  0.0345  0.0343  0.0337  0.0337  0.0287  0.0254  0.0250  0.0250  0.0249  0.0249  0.0249  0.0249
  0.0354  0.0338  0.0340  0.0382  0.0325  0.0245  0.0253  0.0250  0.0252  0.0255  0.0249  0.0252
  0.0370  0.0338  0.0346  0.0435  0.0373  0.0251  0.0265  0.0266  0.0263  0.0275  0.0253  0.0261
  0.0392  0.0344  0.0357  0.0494  0.0423  0.0280  0.0284  0.0297  0.0279  0.0303  0.0261  0.0275
niter,ni,del,rscale     7    3    5.0000    1.2000
parameters
   -1.3054   29.8930    9.4217  -13.1446  -11.6614   -2.9583
    6.0064    1.4824   -5.3514   12.3581   -0.0549  -12.2121
eta,q 0.97644 13.19022
  0.0292  0.0301  0.0271  0.0259  0.0297  0.0268  0.0269  0.0283  0.0262  0.0288  0.0248  0.0260
  0.0270  0.0275  0.0259  0.0245  0.0269  0.0255  0.0252  0.0260  0.0247  0.0263  0.0242  0.0247
  0.0255  0.0257  0.0252  0.0238  0.0247  0.0248  0.0240  0.0244  0.0239  0.0245  0.0237  0.0239
  0.0249  0.0248  0.0248  0.0248  0.0239  0.0240  0.0236  0.0237  0.0236  0.0236  0.0236  0.0236
  0.0252  0.0251  0.0248  0.0274  0.0252  0.0232  0.0241  0.0238  0.0240  0.0239  0.0237  0.0237
  0.0264  0.0264  0.0253  0.0317  0.0288  0.0238  0.0253  0.0251  0.0252  0.0256  0.0240  0.0244
  0.0284  0.0289  0.0261  0.0374  0.0340  0.0265  0.0272  0.0278  0.0270  0.0282  0.0247  0.0256
niter,ni,del,rscale     6    3    5.0000    1.2000
parameters
   -1.3326   30.0227    9.9889  -13.8440  -12.0309   -2.9379
    6.1357    1.5703   -5.4510   12.3669   -0.3069  -11.4552
eta,q 0.97644 13.11845
  0.0274  0.0286  0.0264  0.0279  0.0301  0.0265  0.0271  0.0279  0.0264  0.0283  0.0247  0.0263
  0.0253  0.0259  0.0251  0.0260  0.0273  0.0253  0.0253  0.0257  0.0249  0.0259  0.0241  0.0249
  0.0240  0.0242  0.0241  0.0244  0.0248  0.0244  0.0241  0.0242  0.0239  0.0243  0.0237  0.0240
  0.0236  0.0236  0.0235  0.0234  0.0235  0.0236  0.0236  0.0236  0.0236  0.0236  0.0236  0.0236
  0.0241  0.0240  0.0235  0.0240  0.0242  0.0233  0.0239  0.0239  0.0239  0.0240  0.0238  0.0237
  0.0254  0.0254  0.0238  0.0264  0.0272  0.0243  0.0251  0.0253  0.0250  0.0257  0.0242  0.0243
  0.0275  0.0277  0.0246  0.0303  0.0322  0.0275  0.0269  0.0280  0.0266  0.0285  0.0249  0.0255
niter,ni,del,rscale     5    3    5.0000    1.2000
parameters
   -1.3081   29.9848   10.2119  -13.9339  -12.1607   -3.0106
    6.1982    1.6262   -5.4449   12.2475   -0.3779  -11.0569
eta,q 0.97640 13.09209
  0.0275  0.0280  0.0259  0.0283  0.0304  0.0265  0.0270  0.0279  0.0265  0.0282  0.0248  0.0262
  0.0254  0.0255  0.0247  0.0264  0.0275  0.0252  0.0253  0.0257  0.0250  0.0259  0.0242  0.0249
  0.0240  0.0240  0.0239  0.0247  0.0249  0.0243  0.0241  0.0242  0.0240  0.0243  0.0237  0.0240
  0.0236  0.0236  0.0236  0.0235  0.0236  0.0236  0.0236  0.0236  0.0236  0.0236  0.0236  0.0236
  0.0240  0.0242  0.0237  0.0238  0.0240  0.0234  0.0240  0.0239  0.0239  0.0241  0.0238  0.0238
  0.0253  0.0258  0.0242  0.0258  0.0269  0.0245  0.0252  0.0253  0.0249  0.0259  0.0242  0.0245
  0.0273  0.0281  0.0252  0.0293  0.0317  0.0275  0.0270  0.0280  0.0266  0.0287  0.0249  0.0258
niter,ni,del,rscale     4    3    5.0000    1.2000
parameters
   -1.3034   29.9517   10.3015  -13.9532  -12.1977   -3.0425
    6.2152    1.6390   -5.4417   12.1745   -0.3883  -10.8798
eta,q 0.97639 13.08205
  0.0274  0.0281  0.0257  0.0284  0.0304  0.0265  0.0270  0.0278  0.0265  0.0283  0.0249  0.0261
  0.0253  0.0255  0.0246  0.0264  0.0276  0.0252  0.0252  0.0257  0.0250  0.0259  0.0242  0.0248
  0.0240  0.0240  0.0239  0.0247  0.0250  0.0243  0.0240  0.0242  0.0240  0.0244  0.0238  0.0239
  0.0236  0.0236  0.0236  0.0236  0.0236  0.0236  0.0236  0.0236  0.0236  0.0236  0.0236  0.0236
  0.0240  0.0242  0.0238  0.0238  0.0240  0.0234  0.0240  0.0240  0.0239  0.0241  0.0238  0.0238
  0.0253  0.0258  0.0244  0.0258  0.0268  0.0244  0.0252  0.0254  0.0249  0.0259  0.0242  0.0246
  0.0274  0.0282  0.0254  0.0293  0.0315  0.0275  0.0270  0.0281  0.0266  0.0287  0.0249  0.0259
niter,ni,del,rscale     3    3    5.0000    1.2000
parameters
   -1.3018   29.9365   10.3385  -13.9633  -12.2097   -3.0574
    6.2184    1.6419   -5.4438   12.1411   -0.3889  -10.8048
eta,q 0.97638 13.07772
  0.0275  0.0282  0.0257  0.0284  0.0305  0.0266  0.0270  0.0278  0.0265  0.0283  0.0249  0.0260
  0.0254  0.0256  0.0246  0.0265  0.0276  0.0252  0.0252  0.0257  0.0250  0.0260  0.0242  0.0248
  0.0240  0.0240  0.0239  0.0247  0.0251  0.0243  0.0241  0.0242  0.0240  0.0244  0.0238  0.0239
  0.0236  0.0236  0.0236  0.0236  0.0236  0.0236  0.0236  0.0236  0.0236  0.0236  0.0236  0.0236
  0.0241  0.0242  0.0238  0.0238  0.0240  0.0234  0.0240  0.0240  0.0239  0.0241  0.0238  0.0238
  0.0254  0.0258  0.0245  0.0258  0.0267  0.0244  0.0252  0.0254  0.0249  0.0259  0.0242  0.0247
  0.0274  0.0281  0.0255  0.0292  0.0315  0.0274  0.0270  0.0281  0.0266  0.0286  0.0249  0.0260
niter,ni,del,rscale     2    3    5.0000    1.2000
parameters
   -1.3022   29.9297   10.3516  -13.9690  -12.2132   -3.0649
    6.2196    1.6408   -5.4448   12.1265   -0.3922  -10.7680
eta,q 0.97638 13.07588
  0.0275  0.0282  0.0256  0.0285  0.0305  0.0266  0.0270  0.0279  0.0265  0.0284  0.0249  0.0260
  0.0254  0.0256  0.0245  0.0265  0.0277  0.0252  0.0252  0.0257  0.0250  0.0260  0.0242  0.0247
  0.0240  0.0241  0.0238  0.0248  0.0251  0.0243  0.0241  0.0242  0.0240  0.0244  0.0238  0.0239
  0.0236  0.0236  0.0236  0.0236  0.0236  0.0236  0.0236  0.0236  0.0236  0.0236  0.0236  0.0236
  0.0241  0.0242  0.0238  0.0238  0.0240  0.0234  0.0240  0.0240  0.0239  0.0241  0.0238  0.0239
  0.0254  0.0258  0.0245  0.0258  0.0267  0.0244  0.0252  0.0254  0.0249  0.0258  0.0242  0.0247
  0.0274  0.0281  0.0256  0.0292  0.0315  0.0274  0.0270  0.0281  0.0266  0.0286  0.0249  0.0260
registration optimization eta report
parameter search radius
    2.4000    2.7600    2.4000    9.5220    9.5220    7.2000
    7.2000    7.2000    7.2000    8.2800    7.2000    8.2800
100000*second partial in parameter space
       66.       59.       34.        6.        8.        7.
        7.        8.        6.        7.        2.        3.
  0.0275  0.0282  0.0256  0.0285  0.0305  0.0266  0.0270  0.0279  0.0265  0.0284  0.0249  0.0260
  0.0254  0.0256  0.0245  0.0265  0.0277  0.0252  0.0252  0.0257  0.0250  0.0260  0.0242  0.0247
  0.0240  0.0241  0.0238  0.0248  0.0251  0.0243  0.0241  0.0242  0.0240  0.0244  0.0238  0.0239
  0.0236  0.0236  0.0236  0.0236  0.0236  0.0236  0.0236  0.0236  0.0236  0.0236  0.0236  0.0236
  0.0241  0.0242  0.0238  0.0238  0.0240  0.0234  0.0240  0.0240  0.0239  0.0241  0.0238  0.0239
  0.0254  0.0258  0.0245  0.0258  0.0267  0.0244  0.0252  0.0254  0.0249  0.0258  0.0242  0.0247
  0.0274  0.0281  0.0256  0.0292  0.0315  0.0274  0.0270  0.0281  0.0266  0.0286  0.0249  0.0260
   -1.3022   29.9297   10.3516  -13.9690  -12.2132   -3.0649
    6.2196    1.6408   -5.4448   12.1265   -0.3922  -10.7680
eta,q 0.97638 13.07588

---------------------------------------------------------------------
imgreg_4dfp /opt/freesurfer/average/711-2C_as_mni_average_305 /opt/freesurfer/average/711-2B_as_mni_average_305_mask talsrcimg_g11 none talsrcimg_to_711-2C_as_mni_average_305_t4 2311
---------------------------------------------------------------------

freesurfer imgreg_4dfp.c
/opt/freesurfer/average/711-2C_as_mni_average_305.4dfp.img
       256       256       256         1
  1.000000  1.000000  1.000000
orientation T byte_order littleendian
Reading image: /opt/freesurfer/average/711-2C_as_mni_average_305.4dfp.img
dimensions:      256       256       256
mmppix:       1.0000   -1.0000   -1.0000
center:     128.0000 -129.0000 -129.0000
/opt/freesurfer/average/711-2B_as_mni_average_305_mask.4dfp.img
       256       256       256         1
  1.000000  1.000000  1.000000
orientation T byte_order littleendian
Reading mask: /opt/freesurfer/average/711-2B_as_mni_average_305_mask.4dfp.img (2306576 pixels)
talsrcimg_g11.4dfp.img
       256       256       256         1
  1.000000  1.000000  1.000000
orientation T byte_order littleendian
Reading image: talsrcimg_g11.4dfp.img
dimensions:      256       256       256
mmppix:       1.0000   -1.0000   -1.0000
center:     128.0000 -129.0000 -129.0000
fimgreg.f
image alignment mode   2311 decimal      907 hex
parameters
   -1.3022   29.9297   10.3516  -13.9690  -12.2132   -3.0649
    6.2196    1.6408   -5.4448   12.1265   -0.3922  -10.7680
eta,q 0.97638 13.07587
niter,ni,del,rscale     5    3    5.0000    0.8000
parameters
   -1.3084   29.8796   10.3664  -12.9924  -11.5899   -2.1879
    6.2262    1.8032   -5.2016   12.2085   -0.1950  -11.1086
eta,q 0.97677 13.20060
  0.0254  0.0251  0.0245  0.0256  0.0261  0.0250  0.0249  0.0255  0.0247  0.0252  0.0239  0.0239
  0.0244  0.0243  0.0240  0.0248  0.0249  0.0244  0.0240  0.0244  0.0240  0.0242  0.0235  0.0235
  0.0238  0.0238  0.0237  0.0241  0.0240  0.0239  0.0235  0.0236  0.0234  0.0235  0.0233  0.0233
  0.0236  0.0236  0.0236  0.0236  0.0235  0.0234  0.0232  0.0232  0.0232  0.0232  0.0232  0.0232
  0.0238  0.0239  0.0237  0.0235  0.0235  0.0232  0.0234  0.0234  0.0233  0.0234  0.0233  0.0233
  0.0244  0.0244  0.0240  0.0238  0.0240  0.0235  0.0240  0.0240  0.0237  0.0240  0.0235  0.0237
  0.0254  0.0253  0.0245  0.0246  0.0251  0.0244  0.0249  0.0254  0.0245  0.0252  0.0238  0.0242
niter,ni,del,rscale     4    3    5.0000    0.7000
parameters
   -1.3522   29.8841   10.0544  -12.8705  -11.4944   -2.0671
    6.1876    1.8051   -5.1917   12.2543   -0.0566  -11.6509
eta,q 0.97685 13.23032
  0.0246  0.0245  0.0236  0.0246  0.0250  0.0245  0.0244  0.0249  0.0242  0.0247  0.0237  0.0236
  0.0238  0.0238  0.0233  0.0240  0.0241  0.0240  0.0237  0.0240  0.0236  0.0239  0.0234  0.0233
  0.0234  0.0234  0.0232  0.0234  0.0234  0.0235  0.0233  0.0234  0.0233  0.0234  0.0232  0.0232
  0.0232  0.0232  0.0232  0.0232  0.0232  0.0232  0.0232  0.0232  0.0232  0.0232  0.0232  0.0232
  0.0234  0.0234  0.0234  0.0233  0.0233  0.0231  0.0233  0.0233  0.0233  0.0233  0.0232  0.0233
  0.0239  0.0238  0.0238  0.0237  0.0239  0.0236  0.0238  0.0239  0.0236  0.0238  0.0233  0.0235
  0.0248  0.0245  0.0243  0.0246  0.0249  0.0246  0.0245  0.0250  0.0242  0.0247  0.0236  0.0240
niter,ni,del,rscale     3    3    5.0000    0.6000
parameters
   -1.3565   29.9384    9.9373  -12.7407  -11.3990   -1.7586
    6.1866    1.7869   -5.1555   12.2673   -0.1051  -12.0755
eta,q 0.97692 13.26318
  0.0242  0.0242  0.0236  0.0243  0.0245  0.0243  0.0241  0.0244  0.0239  0.0243  0.0234  0.0234
  0.0236  0.0236  0.0233  0.0237  0.0238  0.0238  0.0235  0.0237  0.0235  0.0236  0.0233  0.0232
  0.0233  0.0233  0.0232  0.0233  0.0233  0.0234  0.0232  0.0233  0.0232  0.0232  0.0231  0.0231
  0.0232  0.0232  0.0231  0.0231  0.0231  0.0231  0.0231  0.0231  0.0231  0.0231  0.0231  0.0231
  0.0233  0.0232  0.0232  0.0232  0.0232  0.0231  0.0232  0.0232  0.0232  0.0232  0.0231  0.0232
  0.0236  0.0235  0.0235  0.0235  0.0236  0.0234  0.0235  0.0237  0.0234  0.0236  0.0233  0.0234
  0.0242  0.0240  0.0238  0.0242  0.0244  0.0241  0.0241  0.0245  0.0239  0.0243  0.0235  0.0237
niter,ni,del,rscale     2    3    5.0000    0.5000
parameters
   -1.3484   29.9741    9.8347  -12.6261  -11.3285   -1.5102
    6.1960    1.7787   -5.1042   12.2564   -0.1976  -12.4479
eta,q 0.97696 13.28912
  0.0239  0.0238  0.0234  0.0239  0.0240  0.0240  0.0237  0.0240  0.0236  0.0239  0.0233  0.0233
  0.0234  0.0234  0.0232  0.0235  0.0235  0.0236  0.0234  0.0235  0.0233  0.0234  0.0232  0.0231
  0.0232  0.0232  0.0231  0.0232  0.0232  0.0233  0.0231  0.0232  0.0231  0.0231  0.0231  0.0231
  0.0231  0.0231  0.0231  0.0231  0.0231  0.0231  0.0230  0.0230  0.0230  0.0230  0.0230  0.0230
  0.0232  0.0231  0.0232  0.0231  0.0231  0.0231  0.0231  0.0231  0.0231  0.0231  0.0231  0.0231
  0.0234  0.0233  0.0233  0.0234  0.0234  0.0233  0.0233  0.0235  0.0233  0.0234  0.0232  0.0232
  0.0238  0.0237  0.0236  0.0238  0.0240  0.0238  0.0237  0.0241  0.0236  0.0239  0.0233  0.0235
niter,ni,del,rscale     1    3    5.0000    0.4000
parameters
   -1.3370   30.0038    9.7503  -12.5400  -11.2481   -1.2990
    6.2237    1.7739   -5.0524   12.2375   -0.3100  -12.7485
eta,q 0.97698 13.31028
  0.0236  0.0235  0.0233  0.0236  0.0237  0.0237  0.0235  0.0237  0.0234  0.0236  0.0232  0.0232
  0.0233  0.0232  0.0231  0.0233  0.0233  0.0234  0.0232  0.0233  0.0232  0.0233  0.0231  0.0231
  0.0231  0.0231  0.0231  0.0231  0.0231  0.0232  0.0231  0.0231  0.0231  0.0231  0.0230  0.0230
  0.0230  0.0230  0.0230  0.0230  0.0230  0.0230  0.0230  0.0230  0.0230  0.0230  0.0230  0.0230
  0.0231  0.0231  0.0231  0.0231  0.0231  0.0230  0.0231  0.0231  0.0231  0.0231  0.0230  0.0231
  0.0233  0.0232  0.0232  0.0232  0.0233  0.0232  0.0232  0.0233  0.0232  0.0233  0.0231  0.0231
  0.0235  0.0234  0.0234  0.0235  0.0236  0.0236  0.0234  0.0237  0.0234  0.0236  0.0232  0.0233
registration optimization eta report
parameter search radius
    0.8000    0.8000    0.8000    2.4000    2.4000    2.4000
    2.4000    2.4000    2.4000    2.4000    2.4000    2.4000
100000*second partial in parameter space
       78.       67.       42.        9.       11.       10.
        8.       11.        6.       10.        3.        4.
  0.0236  0.0235  0.0233  0.0236  0.0237  0.0237  0.0235  0.0237  0.0234  0.0236  0.0232  0.0232
  0.0233  0.0232  0.0231  0.0233  0.0233  0.0234  0.0232  0.0233  0.0232  0.0233  0.0231  0.0231
  0.0231  0.0231  0.0231  0.0231  0.0231  0.0232  0.0231  0.0231  0.0231  0.0231  0.0230  0.0230
  0.0230  0.0230  0.0230  0.0230  0.0230  0.0230  0.0230  0.0230  0.0230  0.0230  0.0230  0.0230
  0.0231  0.0231  0.0231  0.0231  0.0231  0.0230  0.0231  0.0231  0.0231  0.0231  0.0230  0.0231
  0.0233  0.0232  0.0232  0.0232  0.0233  0.0232  0.0232  0.0233  0.0232  0.0233  0.0231  0.0231
  0.0235  0.0234  0.0234  0.0235  0.0236  0.0236  0.0234  0.0237  0.0234  0.0236  0.0232  0.0233
   -1.3370   30.0038    9.7503  -12.5400  -11.2481   -1.2990
    6.2237    1.7739   -5.0524   12.2375   -0.3100  -12.7485
eta,q 0.97698 13.31028

---------------------------------------------------------------------
imgreg_4dfp /opt/freesurfer/average/711-2C_as_mni_average_305 /opt/freesurfer/average/711-2B_as_mni_average_305_mask talsrcimg_g11 none talsrcimg_to_711-2C_as_mni_average_305_t4 2311
---------------------------------------------------------------------

freesurfer imgreg_4dfp.c
/opt/freesurfer/average/711-2C_as_mni_average_305.4dfp.img
       256       256       256         1
  1.000000  1.000000  1.000000
orientation T byte_order littleendian
Reading image: /opt/freesurfer/average/711-2C_as_mni_average_305.4dfp.img
dimensions:      256       256       256
mmppix:       1.0000   -1.0000   -1.0000
center:     128.0000 -129.0000 -129.0000
/opt/freesurfer/average/711-2B_as_mni_average_305_mask.4dfp.img
       256       256       256         1
  1.000000  1.000000  1.000000
orientation T byte_order littleendian
Reading mask: /opt/freesurfer/average/711-2B_as_mni_average_305_mask.4dfp.img (2306576 pixels)
talsrcimg_g11.4dfp.img
       256       256       256         1
  1.000000  1.000000  1.000000
orientation T byte_order littleendian
Reading image: talsrcimg_g11.4dfp.img
dimensions:      256       256       256
mmppix:       1.0000   -1.0000   -1.0000
center:     128.0000 -129.0000 -129.0000
fimgreg.f
image alignment mode   2311 decimal      907 hex
parameters
   -1.3370   30.0038    9.7503  -12.5400  -11.2481   -1.2990
    6.2237    1.7739   -5.0524   12.2375   -0.3100  -12.7485
eta,q 0.97698 13.31027
niter,ni,del,rscale     5    3    5.0000    0.8000
parameters
   -1.3162   30.0250    9.7049  -12.8194  -11.3980   -1.9401
    6.1592    1.6710   -5.1839   12.4025   -0.2156  -12.5322
eta,q 0.97688 13.26452
  0.0250  0.0247  0.0240  0.0247  0.0252  0.0246  0.0248  0.0253  0.0244  0.0252  0.0238  0.0240
  0.0239  0.0238  0.0234  0.0239  0.0241  0.0240  0.0239  0.0241  0.0237  0.0242  0.0234  0.0235
  0.0233  0.0232  0.0231  0.0233  0.0233  0.0234  0.0233  0.0234  0.0233  0.0234  0.0232  0.0232
  0.0230  0.0230  0.0230  0.0230  0.0230  0.0230  0.0231  0.0231  0.0231  0.0231  0.0231  0.0231
  0.0232  0.0232  0.0232  0.0232  0.0233  0.0232  0.0233  0.0233  0.0233  0.0233  0.0232  0.0232
  0.0239  0.0237  0.0235  0.0240  0.0241  0.0243  0.0239  0.0241  0.0238  0.0239  0.0234  0.0234
  0.0249  0.0247  0.0241  0.0253  0.0257  0.0264  0.0249  0.0256  0.0246  0.0250  0.0237  0.0239
niter,ni,del,rscale     4    3    5.0000    0.7000
parameters
   -1.3338   30.0205    9.7848  -12.7364  -11.3687   -1.8307
    6.1854    1.7205   -5.1565   12.3757   -0.2200  -12.4479
eta,q 0.97691 13.27118
  0.0245  0.0244  0.0240  0.0245  0.0249  0.0245  0.0244  0.0249  0.0242  0.0246  0.0236  0.0237
  0.0237  0.0237  0.0235  0.0239  0.0240  0.0240  0.0237  0.0240  0.0236  0.0238  0.0233  0.0234
  0.0233  0.0233  0.0232  0.0234  0.0234  0.0235  0.0233  0.0234  0.0232  0.0233  0.0231  0.0232
  0.0231  0.0231  0.0231  0.0231  0.0231  0.0231  0.0231  0.0231  0.0231  0.0231  0.0231  0.0231
  0.0233  0.0233  0.0232  0.0232  0.0232  0.0231  0.0232  0.0232  0.0232  0.0233  0.0231  0.0231
  0.0238  0.0237  0.0234  0.0237  0.0238  0.0235  0.0237  0.0238  0.0235  0.0238  0.0233  0.0233
  0.0246  0.0244  0.0238  0.0246  0.0249  0.0248  0.0244  0.0249  0.0242  0.0247  0.0236  0.0237
niter,ni,del,rscale     3    3    5.0000    0.6000
parameters
   -1.3374   30.0092    9.7780  -12.6663  -11.3300   -1.6269
    6.1947    1.7448   -5.1142   12.3222   -0.2321  -12.5558
eta,q 0.97695 13.28560
  0.0242  0.0240  0.0237  0.0242  0.0244  0.0243  0.0240  0.0244  0.0239  0.0242  0.0234  0.0235
  0.0236  0.0235  0.0233  0.0237  0.0237  0.0238  0.0235  0.0237  0.0234  0.0236  0.0232  0.0232
  0.0232  0.0232  0.0231  0.0233  0.0233  0.0234  0.0232  0.0233  0.0232  0.0232  0.0231  0.0231
  0.0231  0.0231  0.0231  0.0231  0.0231  0.0231  0.0231  0.0231  0.0231  0.0231  0.0231  0.0231
  0.0232  0.0232  0.0232  0.0232  0.0232  0.0230  0.0232  0.0232  0.0231  0.0232  0.0231  0.0231
  0.0236  0.0235  0.0234  0.0235  0.0236  0.0234  0.0235  0.0236  0.0234  0.0236  0.0232  0.0233
  0.0242  0.0241  0.0237  0.0242  0.0244  0.0243  0.0240  0.0244  0.0238  0.0243  0.0234  0.0236
niter,ni,del,rscale     2    3    5.0000    0.5000
parameters
   -1.3335   30.0160    9.7412  -12.5844  -11.2799   -1.4240
    6.2065    1.7536   -5.0722   12.2837   -0.2901  -12.7273
eta,q 0.97697 13.30242
  0.0238  0.0237  0.0234  0.0239  0.0240  0.0240  0.0237  0.0240  0.0236  0.0239  0.0233  0.0233
  0.0234  0.0234  0.0232  0.0235  0.0235  0.0236  0.0233  0.0235  0.0233  0.0234  0.0231  0.0232
  0.0231  0.0231  0.0231  0.0232  0.0232  0.0233  0.0231  0.0232  0.0231  0.0231  0.0231  0.0231
  0.0231  0.0231  0.0231  0.0231  0.0231  0.0231  0.0230  0.0230  0.0230  0.0230  0.0230  0.0230
  0.0231  0.0231  0.0231  0.0231  0.0231  0.0230  0.0231  0.0231  0.0231  0.0231  0.0231  0.0231
  0.0234  0.0233  0.0233  0.0234  0.0234  0.0233  0.0233  0.0234  0.0233  0.0234  0.0231  0.0232
  0.0238  0.0237  0.0235  0.0238  0.0240  0.0239  0.0237  0.0240  0.0236  0.0239  0.0233  0.0234
niter,ni,del,rscale     1    3    5.0000    0.4000
parameters
   -1.3268   30.0251    9.6953  -12.5164  -11.2228   -1.2533
    6.2248    1.7543   -5.0219   12.2610   -0.3355  -12.9125
eta,q 0.97699 13.31718
  0.0235  0.0235  0.0233  0.0236  0.0237  0.0237  0.0234  0.0237  0.0234  0.0236  0.0232  0.0232
  0.0233  0.0232  0.0231  0.0233  0.0233  0.0234  0.0232  0.0233  0.0232  0.0233  0.0231  0.0231
  0.0231  0.0231  0.0230  0.0231  0.0231  0.0232  0.0231  0.0231  0.0231  0.0231  0.0230  0.0230
  0.0230  0.0230  0.0230  0.0230  0.0230  0.0230  0.0230  0.0230  0.0230  0.0230  0.0230  0.0230
  0.0231  0.0231  0.0231  0.0231  0.0231  0.0230  0.0231  0.0231  0.0230  0.0231  0.0230  0.0230
  0.0232  0.0232  0.0232  0.0232  0.0233  0.0232  0.0232  0.0233  0.0232  0.0233  0.0231  0.0231
  0.0235  0.0234  0.0233  0.0235  0.0236  0.0236  0.0234  0.0237  0.0233  0.0236  0.0232  0.0233
registration optimization eta report
parameter search radius
    0.8000    0.8000    0.8000    2.4000    2.4000    2.4000
    2.4000    2.4000    2.4000    2.4000    2.4000    2.4000
100000*second partial in parameter space
       77.       67.       41.        9.       11.       11.
        8.       11.        6.       10.        3.        4.
  0.0235  0.0235  0.0233  0.0236  0.0237  0.0237  0.0234  0.0237  0.0234  0.0236  0.0232  0.0232
  0.0233  0.0232  0.0231  0.0233  0.0233  0.0234  0.0232  0.0233  0.0232  0.0233  0.0231  0.0231
  0.0231  0.0231  0.0230  0.0231  0.0231  0.0232  0.0231  0.0231  0.0231  0.0231  0.0230  0.0230
  0.0230  0.0230  0.0230  0.0230  0.0230  0.0230  0.0230  0.0230  0.0230  0.0230  0.0230  0.0230
  0.0231  0.0231  0.0231  0.0231  0.0231  0.0230  0.0231  0.0231  0.0230  0.0231  0.0230  0.0230
  0.0232  0.0232  0.0232  0.0232  0.0233  0.0232  0.0232  0.0233  0.0232  0.0233  0.0231  0.0231
  0.0235  0.0234  0.0233  0.0235  0.0236  0.0236  0.0234  0.0237  0.0233  0.0236  0.0232  0.0233
   -1.3268   30.0251    9.6953  -12.5164  -11.2228   -1.2533
    6.2248    1.7543   -5.0219   12.2610   -0.3355  -12.9125
eta,q 0.97699 13.31718

---------------------------------------------------------------------
compute_vox2vox talsrcimg talsrcimg_to_711-2C_as_mni_average_305_t4 /opt/freesurfer/average/711-2C_as_mni_average_305
---------------------------------------------------------------------

freesurfer compute_vox2vox.c
Reading: talsrcimg.4dfp.ifh
Reading: talsrcimg_to_711-2C_as_mni_average_305_t4
Reading: /opt/freesurfer/average/711-2C_as_mni_average_305.4dfp.ifh
Writing: talsrcimg_to_711-2C_as_mni_average_305_t4_vox2vox.txt

start time Mon Mar 9 11:24:26 CET 2026
end		time Mon Mar 9 11:25:58 CET 2026

mpr2mni305 success

avi2talxfm orig_nu.mgz /opt/freesurfer/average/mni305.cor.mgz talsrcimg_to_711-2C_as_mni_average_305_t4_vox2vox.txt transforms/talairach.auto.xfm
avi2talxfm done
mv -f /out/sourcedata/freesurfer/sub-v1s21x0050415_ses-1/mri/talsrcimg_to_711-2C_as_mni_average_305_t4_vox2vox.txt /out/sourcedata/freesurfer/sub-v1s21x0050415_ses-1/mri/transforms/talsrcimg_to_711-2C_as_mni_average_305_t4_vox2vox.txt
lta_convert --src orig_nu.mgz --trg /opt/freesurfer/average/mni305.cor.mgz --inxfm transforms/talairach.auto.xfm --outlta transforms/talairach.auto.xfm.lta --subject fsaverage
7.3.2

--src: orig_nu.mgz src image (geometry).
--trg: /opt/freesurfer/average/mni305.cor.mgz trg image (geometry).
--inmni: transforms/talairach.auto.xfm input MNI/XFM transform.
--outlta: transforms/talairach.auto.xfm.lta output LTA.
--s: fsaverage subject name
 LTA read, type : 1
 1.13837  -0.01013  -0.08129   3.28813;
 0.01207   0.99462   0.14382  -14.52841;
 0.06273  -0.13794   1.10195  -32.32951;
 0.00000   0.00000   0.00000   1.00000;
setting subject to fsaverage
Writing  LTA to file transforms/talairach.auto.xfm.lta...
lta_convert successful.
 
 
Started at Mon Mar 9 11:24:26 CET 2026
Ended   at Mon Mar  9 11:25:58 CET 2026
talairach_avi done
