status file for recon-all
Mon Mar  9 13:39:15 CET 2026
#@# Tessellate rh Mon Mar  9 13:39:15 CET 2026
#@# Smooth1 rh Mon Mar  9 13:39:19 CET 2026
#@# Inflation1 rh Mon Mar  9 13:39:22 CET 2026
#@# QSphere rh Mon Mar  9 13:39:36 CET 2026
#@# Fix Topology rh Mon Mar  9 13:41:07 CET 2026
#@# Smooth2 rh Mon Mar  9 13:47:51 CET 2026
#@# Inflation2 rh Mon Mar  9 13:47:54 CET 2026
#@# Curv .H and .K rh Mon Mar  9 13:48:10 CET 2026
#@# Sphere rh Mon Mar  9 13:48:58 CET 2026
#@# Surf Reg rh Mon Mar  9 13:53:20 CET 2026
#@# Jacobian white rh Mon Mar  9 13:57:55 CET 2026
#@# AvgCurv rh Mon Mar  9 13:57:56 CET 2026
#@# Cortical Parc rh Mon Mar  9 13:57:57 CET 2026
#@# white curv rh Mon Mar  9 14:05:02 CET 2026
#@# white area rh Mon Mar  9 14:05:04 CET 2026
#@# pial curv rh Mon Mar  9 14:05:05 CET 2026
#@# pial area rh Mon Mar  9 14:05:07 CET 2026
#@# thickness rh Mon Mar  9 14:05:08 CET 2026
#@# area and vertex vol rh Mon Mar  9 14:05:40 CET 2026
#@# Curvature Stats rh Mon Mar  9 14:05:42 CET 2026
#@# Cortical Parc 2 rh Mon Mar  9 14:05:45 CET 2026
#@# Cortical Parc 3 rh Mon Mar  9 14:05:58 CET 2026
#@# WM/GM Contrast rh Mon Mar  9 14:06:09 CET 2026
recon-all -s sub-v1s21x0050413_ses-1 finished without error at Mon Mar  9 14:06:12 CET 2026



#New# invocation of recon-all 



status file for recon-all
Mon Mar  9 14:14:01 CET 2026
#@# white curv rh Mon Mar  9 14:14:01 CET 2026
#@# white area rh Mon Mar  9 14:14:01 CET 2026
#@# pial curv rh Mon Mar  9 14:14:01 CET 2026
#@# pial area rh Mon Mar  9 14:14:01 CET 2026
#@# thickness rh Mon Mar  9 14:14:01 CET 2026
#@# area and vertex vol rh Mon Mar  9 14:14:01 CET 2026
#@# Parcellation Stats rh Mon Mar  9 14:14:01 CET 2026
#@# Parcellation Stats 2 rh Mon Mar  9 14:14:20 CET 2026
#@# Parcellation Stats 3 rh Mon Mar  9 14:14:31 CET 2026
#@# BA_exvivo Labels rh Mon Mar  9 14:14:40 CET 2026
recon-all -s sub-v1s21x0050413_ses-1 finished without error at Mon Mar  9 14:17:36 CET 2026
