status file for recon-all
Mon Mar  9 13:12:57 CET 2026
#@# Tessellate lh Mon Mar  9 13:12:57 CET 2026
#@# Smooth1 lh Mon Mar  9 13:13:01 CET 2026
#@# Inflation1 lh Mon Mar  9 13:13:04 CET 2026
#@# QSphere lh Mon Mar  9 13:13:18 CET 2026
#@# Fix Topology lh Mon Mar  9 13:14:35 CET 2026
#@# Smooth2 lh Mon Mar  9 13:20:50 CET 2026
#@# Inflation2 lh Mon Mar  9 13:20:53 CET 2026
#@# Curv .H and .K lh Mon Mar  9 13:21:08 CET 2026
#@# Sphere lh Mon Mar  9 13:21:56 CET 2026
#@# Surf Reg lh Mon Mar  9 13:25:52 CET 2026
#@# Jacobian white lh Mon Mar  9 13:30:48 CET 2026
#@# AvgCurv lh Mon Mar  9 13:30:49 CET 2026
#@# Cortical Parc lh Mon Mar  9 13:30:50 CET 2026
#@# white curv lh Mon Mar  9 13:37:59 CET 2026
#@# white area lh Mon Mar  9 13:38:01 CET 2026
#@# pial curv lh Mon Mar  9 13:38:02 CET 2026
#@# pial area lh Mon Mar  9 13:38:04 CET 2026
#@# thickness lh Mon Mar  9 13:38:05 CET 2026
#@# area and vertex vol lh Mon Mar  9 13:38:38 CET 2026
#@# Curvature Stats lh Mon Mar  9 13:38:40 CET 2026
#@# Cortical Parc 2 lh Mon Mar  9 13:38:42 CET 2026
#@# Cortical Parc 3 lh Mon Mar  9 13:38:57 CET 2026
#@# WM/GM Contrast lh Mon Mar  9 13:39:07 CET 2026
recon-all -s sub-v1s21x0050413_ses-1 finished without error at Mon Mar  9 13:39:11 CET 2026



#New# invocation of recon-all 



status file for recon-all
Mon Mar  9 14:10:15 CET 2026
#@# white curv lh Mon Mar  9 14:10:15 CET 2026
#@# white area lh Mon Mar  9 14:10:15 CET 2026
#@# pial curv lh Mon Mar  9 14:10:15 CET 2026
#@# pial area lh Mon Mar  9 14:10:15 CET 2026
#@# thickness lh Mon Mar  9 14:10:15 CET 2026
#@# area and vertex vol lh Mon Mar  9 14:10:15 CET 2026
#@# Parcellation Stats lh Mon Mar  9 14:10:15 CET 2026
#@# Parcellation Stats 2 lh Mon Mar  9 14:10:35 CET 2026
#@# Parcellation Stats 3 lh Mon Mar  9 14:10:46 CET 2026
#@# BA_exvivo Labels lh Mon Mar  9 14:10:56 CET 2026
recon-all -s sub-v1s21x0050413_ses-1 finished without error at Mon Mar  9 14:13:59 CET 2026
