status file for recon-all
Mon Mar  9 12:05:08 CET 2026
#@# Tessellate lh Mon Mar  9 12:05:08 CET 2026
#@# Smooth1 lh Mon Mar  9 12:05:12 CET 2026
#@# Inflation1 lh Mon Mar  9 12:05:15 CET 2026
#@# QSphere lh Mon Mar  9 12:05:27 CET 2026
#@# Fix Topology lh Mon Mar  9 12:06:30 CET 2026
#@# Smooth2 lh Mon Mar  9 12:13:36 CET 2026
#@# Inflation2 lh Mon Mar  9 12:13:39 CET 2026
#@# Curv .H and .K lh Mon Mar  9 12:13:52 CET 2026
#@# Sphere lh Mon Mar  9 12:14:40 CET 2026
#@# Surf Reg lh Mon Mar  9 12:17:48 CET 2026
#@# Jacobian white lh Mon Mar  9 12:21:40 CET 2026
#@# AvgCurv lh Mon Mar  9 12:21:41 CET 2026
#@# Cortical Parc lh Mon Mar  9 12:21:42 CET 2026
#@# white curv lh Mon Mar  9 12:28:32 CET 2026
#@# white area lh Mon Mar  9 12:28:34 CET 2026
#@# pial curv lh Mon Mar  9 12:28:35 CET 2026
#@# pial area lh Mon Mar  9 12:28:37 CET 2026
#@# thickness lh Mon Mar  9 12:28:37 CET 2026
#@# area and vertex vol lh Mon Mar  9 12:29:08 CET 2026
#@# Curvature Stats lh Mon Mar  9 12:29:09 CET 2026
#@# Cortical Parc 2 lh Mon Mar  9 12:29:12 CET 2026
#@# Cortical Parc 3 lh Mon Mar  9 12:29:25 CET 2026
#@# WM/GM Contrast lh Mon Mar  9 12:29:36 CET 2026
recon-all -s sub-v1s21x0050406_ses-1 finished without error at Mon Mar  9 12:29:38 CET 2026



#New# invocation of recon-all 



status file for recon-all
Mon Mar  9 13:02:23 CET 2026
#@# white curv lh Mon Mar  9 13:02:23 CET 2026
#@# white area lh Mon Mar  9 13:02:23 CET 2026
#@# pial curv lh Mon Mar  9 13:02:23 CET 2026
#@# pial area lh Mon Mar  9 13:02:23 CET 2026
#@# thickness lh Mon Mar  9 13:02:23 CET 2026
#@# area and vertex vol lh Mon Mar  9 13:02:23 CET 2026
#@# Parcellation Stats lh Mon Mar  9 13:02:23 CET 2026
#@# Parcellation Stats 2 lh Mon Mar  9 13:02:42 CET 2026
#@# Parcellation Stats 3 lh Mon Mar  9 13:02:52 CET 2026
#@# BA_exvivo Labels lh Mon Mar  9 13:03:01 CET 2026
recon-all -s sub-v1s21x0050406_ses-1 finished without error at Mon Mar  9 13:05:37 CET 2026
