/out/sourcedata/freesurfer/sub-v1s21x0050423_ses-1/mri
/opt/freesurfer/bin/talairach_avi
--i orig_nu.mgz --xfm transforms/talairach.auto.xfm
talairach_avi 7.3.2
Linux dna077 5.14.0-427.37.1.el9_4.x86_64 #1 SMP PREEMPT_DYNAMIC Fri Sep 13 12:41:50 EDT 2024 x86_64 x86_64 x86_64 GNU/Linux
Mon Mar  9 11:35:34 CET 2026
mri_convert orig_nu.mgz talsrcimg.img 
reading from orig_nu.mgz...
TR=0.00, TE=0.00, TI=0.00, flip angle=0.00
i_ras = (-1, 0, 0)
j_ras = (0, 0, -1)
k_ras = (0, 1, 0)
writing to talsrcimg.img...
Analyze Output Matrix
-1.00000   0.00000   0.00000   129.70001;
 0.00000   0.00000   1.00000  -128.50000;
 0.00000  -1.00000   0.00000   129.50000;
 0.00000   0.00000   0.00000   1.00000;
--------------------
INFO: set hdr.hist.orient to -1
mpr2mni305 talsrcimg
Mon Mar  9 11:35:35 CET 2026
/opt/freesurfer/bin/mpr2mni305 talsrcimg
mpr2mni305 7.3.2
target=711-2C_as_mni_average_305

---------------------------------------------------------------------
analyzeto4dfp talsrcimg -O0 -y
---------------------------------------------------------------------

freesurfer ifh2hdr.c
Mon Mar  9 11:35:35 2026
Writing: talsrcimg.4dfp.hdr
freesurfer analyzeto4dfp.c
Reading: talsrcimg.hdr
header size 348 bytes
hdr.dime.datatype	offset=70	value=2
hdr.dime.bitpix		offset=72	value=8
hdr.hist.orient		offset=252	value=-1
dimensionality     4
dimensions       256       256       256         1
Reading: talsrcimg.img
Writing: talsrcimg.4dfp.img
Writing: talsrcimg.4dfp.ifh
ifh2hdr talsrcimg -r0to227
ori=2

---------------------------------------------------------------------
gauss_4dfp talsrcimg 1.1
---------------------------------------------------------------------

freesurfer gauss_4dfp.c
Reading: talsrcimg.4dfp.img
Writing: talsrcimg_g11.4dfp.img
image dimensions 256 256 256 padded to 288 288 288
processing volume 1freesurfer ifh2hdr.c
Mon Mar  9 11:35:36 2026
Writing: talsrcimg_g11.4dfp.hdr

Writing: talsrcimg_g11.4dfp.ifh
including: talsrcimg.4dfp.img.rec in talsrcimg_g11.4dfp.img.rec

---------------------------------------------------------------------
imgreg_4dfp /opt/freesurfer/average/711-2C_as_mni_average_305 none talsrcimg_g11 none talsrcimg_to_711-2C_as_mni_average_305_t4 4355
---------------------------------------------------------------------

freesurfer imgreg_4dfp.c
/opt/freesurfer/average/711-2C_as_mni_average_305.4dfp.img
       256       256       256         1
  1.000000  1.000000  1.000000
orientation T byte_order littleendian
Reading image: /opt/freesurfer/average/711-2C_as_mni_average_305.4dfp.img
dimensions:      256       256       256
mmppix:       1.0000   -1.0000   -1.0000
center:     128.0000 -129.0000 -129.0000
talsrcimg_g11.4dfp.img
       256       256       256         1
  1.000000  1.000000  1.000000
orientation T byte_order littleendian
Reading image: talsrcimg_g11.4dfp.img
dimensions:      256       256       256
mmppix:       1.0000   -1.0000   -1.0000
center:     128.0000 -129.0000 -129.0000
t4_read: open error in t4_sub.f l:  41 t4_file(1:l)talsrcimg_to_711-2C_as_mni_average_305_t4 
t4_read: transform initialized to I4
rotation matrix determinant  1.000000
image alignment mode   4355 decimal     1103 hex
   -7.5000  -45.0000  -45.0000 6443.2588   23.4047
    0.0000  -45.0000  -45.0000 6716.3809   23.4087
    7.5000  -45.0000  -45.0000 6438.3823   23.3780
   -7.5000  -37.5000  -45.0000 7022.0737   22.9202
    0.0000  -37.5000  -45.0000 7331.0444   22.9396
    7.5000  -37.5000  -45.0000 7013.0986   22.9094
   -7.5000  -30.0000  -45.0000 7878.2051   22.5512
    0.0000  -30.0000  -45.0000 8206.1709   22.5591
    7.5000  -30.0000  -45.0000 7864.0786   22.5216
   -7.5000  -22.5000  -45.0000 8767.3818   22.3522
    0.0000  -22.5000  -45.0000 9153.8633   22.3314
    7.5000  -22.5000  -45.0000 8763.5215   22.2780
   -7.5000  -15.0000  -45.0000 9740.6406   22.3279
    0.0000  -15.0000  -45.000010153.4561   22.2935
    7.5000  -15.0000  -45.0000 9724.9453   22.2385
   -7.5000   -7.5000  -45.000010715.2627   22.3320
    0.0000   -7.5000  -45.000011175.8955   22.3140
    7.5000   -7.5000  -45.000010689.8271   22.2750
   -7.5000    0.0000  -45.000011573.7637   22.3624
    0.0000    0.0000  -45.000012045.1396   22.3716
    7.5000    0.0000  -45.000011507.5068   22.3460
   -7.5000    7.5000  -45.000011475.4912   22.3882
    0.0000    7.5000  -45.000011938.6279   22.4104
    7.5000    7.5000  -45.000011378.9688   22.3848
   -7.5000   15.0000  -45.000011291.1582   22.3817
    0.0000   15.0000  -45.000011733.4951   22.3902
    7.5000   15.0000  -45.000011167.7920   22.3530
   -7.5000   22.5000  -45.000011073.5225   22.3488
    0.0000   22.5000  -45.000011512.7402   22.3280
    7.5000   22.5000  -45.000010925.0430   22.2747
   -7.5000   30.0000  -45.000010734.8350   22.0303
    0.0000   30.0000  -45.000011147.5254   21.9964
    7.5000   30.0000  -45.000010618.7949   21.9421
   -7.5000   37.5000  -45.000010679.1816   22.0344
    0.0000   37.5000  -45.000011115.0605   22.0167
    7.5000   37.5000  -45.000010558.0059   21.9781
   -7.5000   45.0000  -45.000010155.8691   21.5041
    0.0000   45.0000  -45.000010590.1699   21.5130
    7.5000   45.0000  -45.000010044.0283   21.4884
   -7.5000  -45.0000  -37.5000 6802.9697   23.3884
    0.0000  -45.0000  -37.5000 7104.1025   23.3910
    7.5000  -45.0000  -37.5000 6810.1206   23.3534
   -7.5000  -37.5000  -37.5000 7433.9004   22.8812
    0.0000  -37.5000  -37.5000 7751.9829   22.8965
    7.5000  -37.5000  -37.5000 7422.3159   22.8610
   -7.5000  -30.0000  -37.5000 8364.4941   22.5156
    0.0000  -30.0000  -37.5000 8715.4004   22.5249
    7.5000  -30.0000  -37.5000 8343.6758   22.4834
   -7.5000  -22.5000  -37.5000 9339.6553   22.3415
    0.0000  -22.5000  -37.5000 9754.9121   22.3317
    7.5000  -22.5000  -37.5000 9333.6738   22.2738
   -7.5000  -15.0000  -37.500010366.4141   22.3363
    0.0000  -15.0000  -37.500010816.3975   22.3161
    7.5000  -15.0000  -37.500010360.2930   22.2569
   -7.5000   -7.5000  -37.500011393.6289   22.3363
    0.0000   -7.5000  -37.500011867.4248   22.3259
    7.5000   -7.5000  -37.500011360.4062   22.2825
   -7.5000    0.0000  -37.500012277.2920   22.3450
    0.0000    0.0000  -37.500012790.5820   22.3537
    7.5000    0.0000  -37.500012235.3330   22.3221
   -7.5000    7.5000  -37.500012167.3096   22.3509
    0.0000    7.5000  -37.500012631.6631   22.3694
    7.5000    7.5000  -37.500012075.1768   22.3387
   -7.5000   15.0000  -37.500011960.6582   22.3470
    0.0000   15.0000  -37.500012413.1924   22.3569
    7.5000   15.0000  -37.500011840.5811   22.3157
   -7.5000   22.5000  -37.500011713.8262   22.3380
    0.0000   22.5000  -37.500012151.0303   22.3283
    7.5000   22.5000  -37.500011566.6504   22.2705
   -7.5000   30.0000  -37.500011338.9990   22.0386
    0.0000   30.0000  -37.500011776.2246   22.0187
    7.5000   30.0000  -37.500011229.6562   21.9603
   -7.5000   37.5000  -37.500011259.9990   22.0387
    0.0000   37.5000  -37.500011727.5020   22.0284
    7.5000   37.5000  -37.500011134.4580   21.9855
   -7.5000   45.0000  -37.500010679.0615   21.4874
    0.0000   45.0000  -37.500011137.3477   21.4957
    7.5000   45.0000  -37.500010572.2705   21.4654
   -7.5000  -45.0000  -30.0000 7265.0073   24.3497
    0.0000  -45.0000  -30.0000 7596.2856   24.3515
    7.5000  -45.0000  -30.0000 7274.7881   24.3127
   -7.5000  -37.5000  -30.0000 7949.7734   23.7988
    0.0000  -37.5000  -30.0000 8302.7275   23.8167
    7.5000  -37.5000  -30.0000 7935.8447   23.7822
   -7.5000  -30.0000  -30.0000 8984.1113   23.4141
    0.0000  -30.0000  -30.0000 9378.5254   23.4322
    7.5000  -30.0000  -30.0000 8944.7373   23.3941
   -7.5000  -22.5000  -30.000010064.9746   23.2467
    0.0000  -22.5000  -30.000010512.1895   23.2493
    7.5000  -22.5000  -30.000010040.2070   23.1965
   -7.5000  -15.0000  -30.000011160.7588   23.2579
    0.0000  -15.0000  -30.000011618.7607   23.2464
    7.5000  -15.0000  -30.000011124.6455   23.1927
   -7.5000   -7.5000  -30.000012222.8320   23.2650
    0.0000   -7.5000  -30.000012730.7061   23.2567
    7.5000   -7.5000  -30.000012205.1289   23.2150
   -7.5000    0.0000  -30.000013172.9746   23.2636
    0.0000    0.0000  -30.000013738.9873   23.2716
    7.5000    0.0000  -30.000013149.5557   23.2388
   -7.5000    7.5000  -30.000013024.2168   23.2495
    0.0000    7.5000  -30.000013549.3564   23.2700
    7.5000    7.5000  -30.000012971.3965   23.2402
   -7.5000   15.0000  -30.000012801.1758   23.2392
    0.0000   15.0000  -30.000013308.8447   23.2578
    7.5000   15.0000  -30.000012713.6562   23.2200
   -7.5000   22.5000  -30.000012515.0166   23.2407
    0.0000   22.5000  -30.000012991.4805   23.2435
    7.5000   22.5000  -30.000012400.8203   23.1907
   -7.5000   30.0000  -30.000012139.3984   22.9501
    0.0000   30.0000  -30.000012641.5449   22.9387
    7.5000   30.0000  -30.000012043.4746   22.8857
   -7.5000   37.5000  -30.000012030.0342   22.9572
    0.0000   37.5000  -30.000012546.6338   22.9489
    7.5000   37.5000  -30.000011930.7832   22.9078
   -7.5000   45.0000  -30.000011350.8975   22.3871
    0.0000   45.0000  -30.000011816.3496   22.3949
    7.5000   45.0000  -30.000011260.3750   22.3633
   -7.5000  -45.0000  -22.5000 7754.1846   25.1706
    0.0000  -45.0000  -22.5000 8098.2695   25.1698
    7.5000  -45.0000  -22.5000 7747.1826   25.1379
   -7.5000  -37.5000  -22.5000 8484.0586   24.6019
    0.0000  -37.5000  -22.5000 8867.7178   24.6246
    7.5000  -37.5000  -22.5000 8476.4141   24.5988
   -7.5000  -30.0000  -22.5000 9556.8115   24.1973
    0.0000  -30.0000  -22.500010004.8486   24.2220
    7.5000  -30.0000  -22.5000 9566.8477   24.1937
   -7.5000  -22.5000  -22.500010708.9756   24.0132
    0.0000  -22.5000  -22.500011197.6660   24.0155
    7.5000  -22.5000  -22.500010717.2305   23.9746
   -7.5000  -15.0000  -22.500011867.0078   24.0218
    0.0000  -15.0000  -22.500012388.2129   24.0018
    7.5000  -15.0000  -22.500011865.7188   23.9594
   -7.5000   -7.5000  -22.500013021.4082   24.0405
    0.0000   -7.5000  -22.500013580.3496   24.0227
    7.5000   -7.5000  -22.500013007.2158   23.9881
   -7.5000    0.0000  -22.500014045.4980   24.0507
    0.0000    0.0000  -22.500014644.8857   24.0554
    7.5000    0.0000  -22.500013995.0811   24.0285
   -7.5000    7.5000  -22.500013864.4014   24.0356
    0.0000    7.5000  -22.500014444.6602   24.0605
    7.5000    7.5000  -22.500013823.3174   24.0387
   -7.5000   15.0000  -22.500013579.7334   24.0165
    0.0000   15.0000  -22.500014151.5039   24.0414
    7.5000   15.0000  -22.500013530.8574   24.0134
   -7.5000   22.5000  -22.500013279.3955   24.0054
    0.0000   22.5000  -22.500013858.4297   24.0078
    7.5000   22.5000  -22.500013198.7686   23.9670
   -7.5000   30.0000  -22.500012868.8711   23.7074
    0.0000   30.0000  -22.500013487.1074   23.6878
    7.5000   30.0000  -22.500012836.0127   23.6460
   -7.5000   37.5000  -22.500012726.9004   23.7260
    0.0000   37.5000  -22.500013307.1533   23.7085
    7.5000   37.5000  -22.500012686.6338   23.6743
   -7.5000   45.0000  -22.500012008.6748   23.1620
    0.0000   45.0000  -22.500012520.1729   23.1666
    7.5000   45.0000  -22.500011943.1016   23.1406
   -7.5000  -45.0000  -15.0000 8202.2705   25.7765
    0.0000  -45.0000  -15.0000 8596.0137   25.7738
    7.5000  -45.0000  -15.0000 8228.0859   25.7483
   -7.5000  -37.5000  -15.0000 8981.7695   25.2181
    0.0000  -37.5000  -15.0000 9398.1719   25.2442
    7.5000  -37.5000  -15.0000 8993.1123   25.2235
   -7.5000  -30.0000  -15.000010124.5811   24.8034
    0.0000  -30.0000  -15.000010582.3135   24.8270
    7.5000  -30.0000  -15.000010131.6826   24.8025
   -7.5000  -22.5000  -15.000011364.4326   24.5913
    0.0000  -22.5000  -15.000011852.3135   24.5816
    7.5000  -22.5000  -15.000011335.5498   24.5454
   -7.5000  -15.0000  -15.000012561.6729   24.5801
    0.0000  -15.0000  -15.000013127.0361   24.5427
    7.5000  -15.0000  -15.000012537.2422   24.5044
   -7.5000   -7.5000  -15.000013786.7148   24.6017
    0.0000   -7.5000  -15.000014372.2637   24.5717
    7.5000   -7.5000  -15.000013727.9092   24.5409
   -7.5000    0.0000  -15.000014868.0117   24.6324
    0.0000    0.0000  -15.000015496.5732   24.6344
    7.5000    0.0000  -15.000014762.5342   24.6131
   -7.5000    7.5000  -15.000014747.1572   24.6371
    0.0000    7.5000  -15.000015360.4971   24.6652
    7.5000    7.5000  -15.000014658.1318   24.6484
   -7.5000   15.0000  -15.000014393.0254   24.6174
    0.0000   15.0000  -15.000014994.0908   24.6412
    7.5000   15.0000  -15.000014300.8994   24.6171
   -7.5000   22.5000  -15.000014042.5840   24.5822
    0.0000   22.5000  -15.000014624.2783   24.5726
    7.5000   22.5000  -15.000013909.4551   24.5365
   -7.5000   30.0000  -15.000013587.3896   24.2619
    0.0000   30.0000  -15.000014217.5566   24.2250
    7.5000   30.0000  -15.000013509.6094   24.1872
   -7.5000   37.5000  -15.000013420.9551   24.2833
    0.0000   37.5000  -15.000014001.6172   24.2537
    7.5000   37.5000  -15.000013353.5430   24.2233
   -7.5000   45.0000  -15.000012656.2705   23.7365
    0.0000   45.0000  -15.000013183.7139   23.7385
    7.5000   45.0000  -15.000012550.5439   23.7180
   -7.5000  -45.0000   -7.5000 8650.4150   26.1049
    0.0000  -45.0000   -7.5000 9047.8164   26.1068
    7.5000  -45.0000   -7.5000 8666.0713   26.0800
   -7.5000  -37.5000   -7.5000 9515.7842   25.5643
    0.0000  -37.5000   -7.5000 9933.6299   25.5908
    7.5000  -37.5000   -7.5000 9490.2324   25.5657
   -7.5000  -30.0000   -7.500010770.0156   25.1480
    0.0000  -30.0000   -7.500011236.6406   25.1642
    7.5000  -30.0000   -7.500010725.7393   25.1324
   -7.5000  -22.5000   -7.500012078.9023   24.9173
    0.0000  -22.5000   -7.500012573.4326   24.8957
    7.5000  -22.5000   -7.500012009.8652   24.8499
   -7.5000  -15.0000   -7.500013317.4229   24.8878
    0.0000  -15.0000   -7.500013861.7549   24.8427
    7.5000  -15.0000   -7.500013236.3252   24.7949
   -7.5000   -7.5000   -7.500014573.7500   24.9026
    0.0000   -7.5000   -7.500015112.0234   24.8734
    7.5000   -7.5000   -7.500014450.2754   24.8382
   -7.5000    0.0000   -7.500015722.3193   24.9456
    0.0000    0.0000   -7.500016349.2041   24.9523
    7.5000    0.0000   -7.500015546.4336   24.9301
   -7.5000    7.5000   -7.500015716.7871   24.9729
    0.0000    7.5000   -7.500016389.5020   25.0019
    7.5000    7.5000   -7.500015550.5225   24.9812
   -7.5000   15.0000   -7.500015393.0186   24.9590
    0.0000   15.0000   -7.500015970.3154   24.9756
    7.5000   15.0000   -7.500015188.9414   24.9441
   -7.5000   22.5000   -7.500014904.9199   24.9053
    0.0000   22.5000   -7.500015375.6592   24.8838
    7.5000   22.5000   -7.500014679.6162   24.8381
   -7.5000   30.0000   -7.500014391.4170   24.5650
    0.0000   30.0000   -7.500014891.5811   24.5205
    7.5000   30.0000   -7.500014201.5049   24.4733
   -7.5000   37.5000   -7.500014220.7480   24.5797
    0.0000   37.5000   -7.500014758.3330   24.5508
    7.5000   37.5000   -7.500014010.4336   24.5161
   -7.5000   45.0000   -7.500013394.9375   24.0429
    0.0000   45.0000   -7.500013927.9883   24.0493
    7.5000   45.0000   -7.500013165.5234   24.0279
   -7.5000  -45.0000    0.0000 9070.9307   26.1810
    0.0000  -45.0000    0.0000 9456.8115   26.1857
    7.5000  -45.0000    0.0000 9045.7148   26.1513
   -7.5000  -37.5000    0.000010004.7715   25.6390
    0.0000  -37.5000    0.000010431.2559   25.6608
    7.5000  -37.5000    0.0000 9933.6133   25.6270
   -7.5000  -30.0000    0.000011301.4365   25.2262
    0.0000  -30.0000    0.000011783.9268   25.2352
    7.5000  -30.0000    0.000011214.9600   25.1933
   -7.5000  -22.5000    0.000012614.4004   25.0038
    0.0000  -22.5000    0.000013126.5312   24.9807
    7.5000  -22.5000    0.000012514.1172   24.9210
   -7.5000  -15.0000    0.000013937.3633   24.9769
    0.0000  -15.0000    0.000014477.2676   24.9387
    7.5000  -15.0000    0.000013807.2949   24.8770
   -7.5000   -7.5000    0.000015232.1787   24.9816
    0.0000   -7.5000    0.000015740.6523   24.9617
    7.5000   -7.5000    0.000015061.5352   24.9178
   -7.5000    0.0000    0.000016475.7090   25.0155
    0.0000    0.0000    0.000017176.4570   25.0260
    7.5000    0.0000    0.000016197.7734   24.9973
   -7.5000    7.5000    0.000016674.7832   25.0441
    0.0000    7.5000    0.000017480.0918   25.0691
    7.5000    7.5000    0.000016352.7373   25.0404
   -7.5000   15.0000    0.000016430.0078   25.0367
    0.0000   15.0000    0.000016977.7539   25.0463
    7.5000   15.0000    0.000016136.9814   25.0047
   -7.5000   22.5000    0.000015836.3945   24.9919
    0.0000   22.5000    0.000016223.7764   24.9689
    7.5000   22.5000    0.000015519.8936   24.9093
   -7.5000   30.0000    0.000015323.2412   24.6536
    0.0000   30.0000    0.000015710.2900   24.6159
    7.5000   30.0000    0.000014916.9082   24.5550
   -7.5000   37.5000    0.000015077.3467   24.6583
    0.0000   37.5000    0.000015555.3184   24.6386
    7.5000   37.5000    0.000014647.7070   24.5953
   -7.5000   45.0000    0.000014100.8936   24.1120
    0.0000   45.0000    0.000014587.6533   24.1222
    7.5000   45.0000    0.000013670.6182   24.0945
   -7.5000  -45.0000    7.5000 8752.2441   26.1722
    0.0000  -45.0000    7.5000 9152.9043   26.1751
    7.5000  -45.0000    7.5000 8716.0957   26.1330
   -7.5000  -37.5000    7.5000 9691.4277   25.6046
    0.0000  -37.5000    7.500010113.5479   25.6218
    7.5000  -37.5000    7.5000 9632.0508   25.5820
   -7.5000  -30.0000    7.500010957.4326   25.1955
    0.0000  -30.0000    7.500011383.2119   25.2059
    7.5000  -30.0000    7.500010855.9297   25.1594
   -7.5000  -22.5000    7.500012236.0332   25.0006
    0.0000  -22.5000    7.500012676.5703   24.9897
    7.5000  -22.5000    7.500012112.9365   24.9249
   -7.5000  -15.0000    7.500013508.2188   24.9949
    0.0000  -15.0000    7.500013966.3330   24.9723
    7.5000  -15.0000    7.500013344.7725   24.9060
   -7.5000   -7.5000    7.500014715.2412   24.9949
    0.0000   -7.5000    7.500015200.2656   24.9833
    7.5000   -7.5000    7.500014535.1328   24.9346
   -7.5000    0.0000    7.500015847.8936   25.0046
    0.0000    0.0000    7.500016562.9434   25.0143
    7.5000    0.0000    7.500015598.3799   24.9790
   -7.5000    7.5000    7.500015966.4023   25.0112
    0.0000    7.5000    7.500016795.4609   25.0319
    7.5000    7.5000    7.500015707.1699   24.9975
   -7.5000   15.0000    7.500015801.8818   25.0068
    0.0000   15.0000    7.500016513.3945   25.0179
    7.5000   15.0000    7.500015489.8721   24.9717
   -7.5000   22.5000    7.500015457.5352   24.9887
    0.0000   22.5000    7.500016058.8818   24.9779
    7.5000   22.5000    7.500015018.3213   24.9131
   -7.5000   30.0000    7.500015023.0674   24.6713
    0.0000   30.0000    7.500015545.8994   24.6490
    7.5000   30.0000    7.500014490.2988   24.5836
   -7.5000   37.5000    7.500014652.6982   24.6714
    0.0000   37.5000    7.500015148.2539   24.6600
    7.5000   37.5000    7.500014186.8896   24.6119
   -7.5000   45.0000    7.500013578.3457   24.1015
    0.0000   45.0000    7.500014037.1816   24.1109
    7.5000   45.0000    7.500013173.9229   24.0769
   -7.5000  -45.0000   15.0000 8324.6631   26.1500
    0.0000  -45.0000   15.0000 8671.7861   26.1516
    7.5000  -45.0000   15.0000 8293.2188   26.1098
   -7.5000  -37.5000   15.0000 9202.9697   25.5584
    0.0000  -37.5000   15.0000 9606.7520   25.5773
    7.5000  -37.5000   15.0000 9159.6641   25.5402
   -7.5000  -30.0000   15.000010425.2275   25.1452
    0.0000  -30.0000   15.000010836.7207   25.1643
    7.5000  -30.0000   15.000010330.2354   25.1235
   -7.5000  -22.5000   15.000011645.0674   24.9653
    0.0000  -22.5000   15.000012106.6699   24.9677
    7.5000  -22.5000   15.000011521.8877   24.9111
   -7.5000  -15.0000   15.000012832.0811   24.9774
    0.0000  -15.0000   15.000013333.8340   24.9646
    7.5000  -15.0000   15.000012714.5508   24.9069
   -7.5000   -7.5000   15.000014020.2383   24.9851
    0.0000   -7.5000   15.000014525.5420   24.9757
    7.5000   -7.5000   15.000013854.2061   24.9309
   -7.5000    0.0000   15.000015124.3340   24.9836
    0.0000    0.0000   15.000015797.7217   24.9918
    7.5000    0.0000   15.000014923.9463   24.9566
   -7.5000    7.5000   15.000015123.2529   24.9684
    0.0000    7.5000   15.000015705.8232   24.9902
    7.5000    7.5000   15.000014942.1406   24.9581
   -7.5000   15.0000   15.000014786.5898   24.9574
    0.0000   15.0000   15.000015309.9951   24.9770
    7.5000   15.0000   15.000014629.2744   24.9365
   -7.5000   22.5000   15.000014515.2783   24.9533
    0.0000   22.5000   15.000015046.3232   24.9559
    7.5000   22.5000   15.000014282.0537   24.8993
   -7.5000   30.0000   15.000014195.8350   24.6540
    0.0000   30.0000   15.000014690.3750   24.6414
    7.5000   30.0000   15.000013854.8506   24.5845
   -7.5000   37.5000   15.000013928.9414   24.6617
    0.0000   37.5000   15.000014426.1455   24.6525
    7.5000   37.5000   15.000013615.3262   24.6082
   -7.5000   45.0000   15.000012913.2920   24.0813
    0.0000   45.0000   15.000013339.0186   24.0893
    7.5000   45.0000   15.000012615.2129   24.0553
   -7.5000  -45.0000   22.5000 7789.6211   26.1386
    0.0000  -45.0000   22.5000 8141.9531   26.1367
    7.5000  -45.0000   22.5000 7759.6670   26.1037
   -7.5000  -37.5000   22.5000 8619.4180   25.5480
    0.0000  -37.5000   22.5000 9029.9160   25.5705
    7.5000  -37.5000   22.5000 8581.7227   25.5439
   -7.5000  -30.0000   22.5000 9763.5576   25.1278
    0.0000  -30.0000   22.500010202.5205   25.1524
    7.5000  -30.0000   22.5000 9696.3145   25.1231
   -7.5000  -22.5000   22.500010903.0127   24.9367
    0.0000  -22.5000   22.500011382.8945   24.9380
    7.5000  -22.5000   22.500010828.4600   24.8956
   -7.5000  -15.0000   22.500011984.7725   24.9457
    0.0000  -15.0000   22.500012493.7412   24.9238
    7.5000  -15.0000   22.500011930.4043   24.8797
   -7.5000   -7.5000   22.500013081.2510   24.9650
    0.0000   -7.5000   22.500013599.5381   24.9454
    7.5000   -7.5000   22.500013010.1855   24.9095
   -7.5000    0.0000   22.500014123.4189   24.9755
    0.0000    0.0000   22.500014721.8779   24.9793
    7.5000    0.0000   22.500014031.9551   24.9515
   -7.5000    7.5000   22.500014055.8691   24.9598
    0.0000    7.5000   22.500014523.3613   24.9846
    7.5000    7.5000   22.500013952.1055   24.9621
   -7.5000   15.0000   22.500013714.7520   24.9400
    0.0000   15.0000   22.500014174.7783   24.9648
    7.5000   15.0000   22.500013647.6670   24.9359
   -7.5000   22.5000   22.500013409.3389   24.9247
    0.0000   22.5000   22.500013902.0850   24.9262
    7.5000   22.5000   22.500013338.3057   24.8838
   -7.5000   30.0000   22.500013046.5840   24.6227
    0.0000   30.0000   22.500013502.6582   24.6012
    7.5000   30.0000   22.500012942.6377   24.5577
   -7.5000   37.5000   22.500012888.5332   24.6419
    0.0000   37.5000   22.500013346.4697   24.6225
    7.5000   37.5000   22.500012754.8584   24.5871
   -7.5000   45.0000   22.500012019.0449   24.0735
    0.0000   45.0000   22.500012444.9727   24.0772
    7.5000   45.0000   22.500011873.8115   24.0504
   -7.5000  -45.0000   30.0000 7200.0532   26.3530
    0.0000  -45.0000   30.0000 7509.3345   26.3474
    7.5000  -45.0000   30.0000 7147.9038   26.3203
   -7.5000  -37.5000   30.0000 7957.0923   25.7768
    0.0000  -37.5000   30.0000 8320.5166   25.8008
    7.5000  -37.5000   30.0000 7921.6040   25.7787
   -7.5000  -30.0000   30.0000 9012.9053   25.3499
    0.0000  -30.0000   30.0000 9414.4189   25.3714
    7.5000  -30.0000   30.0000 8970.1250   25.3455
   -7.5000  -22.5000   30.000010049.0205   25.1327
    0.0000  -22.5000   30.000010500.2100   25.1200
    7.5000  -22.5000   30.000010012.5986   25.0821
   -7.5000  -15.0000   30.000011039.0928   25.1222
    0.0000  -15.0000   30.000011514.8467   25.0808
    7.5000  -15.0000   30.000011011.0293   25.0406
   -7.5000   -7.5000   30.000012043.3877   25.1439
    0.0000   -7.5000   30.000012545.6719   25.1102
    7.5000   -7.5000   30.000012033.4619   25.0776
   -7.5000    0.0000   30.000013042.2354   25.1742
    0.0000    0.0000   30.000013571.7715   25.1735
    7.5000    0.0000   30.000013000.2285   25.1508
   -7.5000    7.5000   30.000012948.0312   25.1784
    0.0000    7.5000   30.000013399.0107   25.2044
    7.5000    7.5000   30.000012891.8203   25.1863
   -7.5000   15.0000   30.000012629.8301   25.1583
    0.0000   15.0000   30.000013059.0039   25.1801
    7.5000   15.0000   30.000012578.4697   25.1545
   -7.5000   22.5000   30.000012325.1367   25.1207
    0.0000   22.5000   30.000012775.4287   25.1081
    7.5000   22.5000   30.000012292.8125   25.0703
   -7.5000   30.0000   30.000011976.4717   24.7970
    0.0000   30.0000   30.000012405.6953   24.7562
    7.5000   30.0000   30.000011950.1055   24.7165
   -7.5000   37.5000   30.000011855.7793   24.8185
    0.0000   37.5000   30.000012271.3682   24.7852
    7.5000   37.5000   30.000011784.3369   24.7530
   -7.5000   45.0000   30.000011073.4717   24.2651
    0.0000   45.0000   30.000011490.5430   24.2644
    7.5000   45.0000   30.000010982.5752   24.2424
   -7.5000  -45.0000   37.5000 6858.5923   26.8093
    0.0000  -45.0000   37.5000 7160.8130   26.8050
    7.5000  -45.0000   37.5000 6832.9224   26.7738
   -7.5000  -37.5000   37.5000 7552.7534   26.2405
    0.0000  -37.5000   37.5000 7913.8701   26.2622
    7.5000  -37.5000   37.5000 7569.8960   26.2325
   -7.5000  -30.0000   37.5000 8560.3594   25.8054
    0.0000  -30.0000   37.5000 8973.4414   25.8172
    7.5000  -30.0000   37.5000 8570.5098   25.7804
   -7.5000  -22.5000   37.5000 9570.5918   25.5660
    0.0000  -22.5000   37.500010002.0693   25.5386
    7.5000  -22.5000   37.5000 9566.2236   25.4875
   -7.5000  -15.0000   37.500010524.6992   25.5359
    0.0000  -15.0000   37.500010990.5518   25.4837
    7.5000  -15.0000   37.500010522.7246   25.4309
   -7.5000   -7.5000   37.500011492.6475   25.5492
    0.0000   -7.5000   37.500011987.5625   25.5129
    7.5000   -7.5000   37.500011499.6270   25.4736
   -7.5000    0.0000   37.500012432.6602   25.5912
    0.0000    0.0000   37.500012974.8535   25.5921
    7.5000    0.0000   37.500012393.3711   25.5660
   -7.5000    7.5000   37.500012341.0967   25.6195
    0.0000    7.5000   37.500012821.6846   25.6438
    7.5000    7.5000   37.500012276.6855   25.6189
   -7.5000   15.0000   37.500012030.8428   25.6070
    0.0000   15.0000   37.500012466.9502   25.6193
    7.5000   15.0000   37.500011969.2041   25.5829
   -7.5000   22.5000   37.500011723.5205   25.5537
    0.0000   22.5000   37.500012156.3037   25.5265
    7.5000   22.5000   37.500011689.5293   25.4755
   -7.5000   30.0000   37.500011378.4648   25.2054
    0.0000   30.0000   37.500011776.1768   25.1538
    7.5000   30.0000   37.500011351.6357   25.1017
   -7.5000   37.5000   37.500011282.3818   25.2185
    0.0000   37.5000   37.500011669.9414   25.1827
    7.5000   37.5000   37.500011233.5518   25.1439
   -7.5000   45.0000   37.500010534.0000   24.6670
    0.0000   45.0000   37.500010940.1387   24.6679
    7.5000   45.0000   37.500010452.5439   24.6427
   -7.5000  -45.0000   45.0000 6288.2656   27.5078
    0.0000  -45.0000   45.0000 6590.8979   27.5031
    7.5000  -45.0000   45.0000 6280.0054   27.4659
   -7.5000  -37.5000   45.0000 6920.1123   26.9155
    0.0000  -37.5000   45.0000 7276.7759   26.9296
    7.5000  -37.5000   45.0000 6943.1045   26.8918
   -7.5000  -30.0000   45.0000 7852.7803   26.4647
    0.0000  -30.0000   45.0000 8242.9238   26.4656
    7.5000  -30.0000   45.0000 7866.2144   26.4183
   -7.5000  -22.5000   45.0000 8789.0293   26.2166
    0.0000  -22.5000   45.0000 9195.9307   26.1828
    7.5000  -22.5000   45.0000 8780.7705   26.1165
   -7.5000  -15.0000   45.0000 9677.9570   26.1789
    0.0000  -15.0000   45.000010116.8955   26.1283
    7.5000  -15.0000   45.0000 9665.7881   26.0609
   -7.5000   -7.5000   45.000010539.1670   26.1778
    0.0000   -7.5000   45.000011008.5049   26.1471
    7.5000   -7.5000   45.000010536.2852   26.1003
   -7.5000    0.0000   45.000011372.5459   26.2169
    0.0000    0.0000   45.000011871.2217   26.2193
    7.5000    0.0000   45.000011342.6670   26.1885
   -7.5000    7.5000   45.000011272.6445   26.2569
    0.0000    7.5000   45.000011749.7119   26.2748
    7.5000    7.5000   45.000011236.0850   26.2428
   -7.5000   15.0000   45.000010994.4873   26.2549
    0.0000   15.0000   45.000011397.4961   26.2567
    7.5000   15.0000   45.000010938.3301   26.2097
   -7.5000   22.5000   45.000010690.7090   26.2040
    0.0000   22.5000   45.000011105.3350   26.1703
    7.5000   22.5000   45.000010657.1758   26.1040
   -7.5000   30.0000   45.000010373.0449   25.8378
    0.0000   30.0000   45.000010745.2598   25.7878
    7.5000   30.0000   45.000010324.2207   25.7214
   -7.5000   37.5000   45.000010298.9775   25.8368
    0.0000   37.5000   45.000010671.8311   25.8065
    7.5000   37.5000   45.000010250.4150   25.7602
   -7.5000   45.0000   45.0000 9639.1670   25.2816
    0.0000   45.0000   45.0000 9981.1670   25.2838
    7.5000   45.0000   45.0000 9549.5537   25.2541

---------------------------------------------------------------------
imgreg_4dfp /opt/freesurfer/average/711-2C_as_mni_average_305 /opt/freesurfer/average/711-2B_as_mni_average_305_mask talsrcimg_g11 none talsrcimg_to_711-2C_as_mni_average_305_t4 4355
---------------------------------------------------------------------

freesurfer imgreg_4dfp.c
/opt/freesurfer/average/711-2C_as_mni_average_305.4dfp.img
       256       256       256         1
  1.000000  1.000000  1.000000
orientation T byte_order littleendian
Reading image: /opt/freesurfer/average/711-2C_as_mni_average_305.4dfp.img
dimensions:      256       256       256
mmppix:       1.0000   -1.0000   -1.0000
center:     128.0000 -129.0000 -129.0000
/opt/freesurfer/average/711-2B_as_mni_average_305_mask.4dfp.img
       256       256       256         1
  1.000000  1.000000  1.000000
orientation T byte_order littleendian
Reading mask: /opt/freesurfer/average/711-2B_as_mni_average_305_mask.4dfp.img (2306576 pixels)
talsrcimg_g11.4dfp.img
       256       256       256         1
  1.000000  1.000000  1.000000
orientation T byte_order littleendian
Reading image: talsrcimg_g11.4dfp.img
dimensions:      256       256       256
mmppix:       1.0000   -1.0000   -1.0000
center:     128.0000 -129.0000 -129.0000
rotation matrix determinant  1.000000
image alignment mode   4355 decimal     1103 hex
   -7.5000  -37.5000  -45.0000 1954.1219   31.0583
    0.0000  -37.5000  -45.0000 1962.5145   30.9075
    7.5000  -37.5000  -45.0000 1948.0436   31.0808
   -7.5000  -30.0000  -45.0000 2079.1223   27.7208
    0.0000  -30.0000  -45.0000 2079.6528   27.5230
    7.5000  -30.0000  -45.0000 2064.7764   27.6788
   -7.5000  -22.5000  -45.0000 2181.8879   25.0348
    0.0000  -22.5000  -45.0000 2190.9021   24.9288
    7.5000  -22.5000  -45.0000 2172.8657   25.0554
   -7.5000  -15.0000  -45.0000 2278.0823   22.8886
    0.0000  -15.0000  -45.0000 2284.1604   22.7718
    7.5000  -15.0000  -45.0000 2266.9253   22.9452
   -7.5000   -7.5000  -45.0000 2356.8997   21.3540
    0.0000   -7.5000  -45.0000 2360.9600   21.2066
    7.5000   -7.5000  -45.0000 2332.3823   21.3677
   -7.5000    0.0000  -45.0000 2392.4319   20.3944
    0.0000    0.0000  -45.0000 2396.8560   20.2328
    7.5000    0.0000  -45.0000 2362.8594   20.4598
   -7.5000    7.5000  -45.0000 2406.9963   19.8858
    0.0000    7.5000  -45.0000 2410.9700   19.7382
    7.5000    7.5000  -45.0000 2379.5020   19.9217
   -7.5000   15.0000  -45.0000 2406.7317   19.7664
    0.0000   15.0000  -45.0000 2410.8723   19.5308
    7.5000   15.0000  -45.0000 2385.7791   19.7318
   -7.5000   22.5000  -45.0000 2391.7939   19.9159
    0.0000   22.5000  -45.0000 2405.0564   19.7098
    7.5000   22.5000  -45.0000 2380.9043   19.8245
   -7.5000   30.0000  -45.0000 2364.8530   20.4296
    0.0000   30.0000  -45.0000 2372.7488   20.1510
    7.5000   30.0000  -45.0000 2350.4519   20.3241
   -7.5000   37.5000  -45.0000 2320.5476   21.3979
    0.0000   37.5000  -45.0000 2333.6846   21.1368
    7.5000   37.5000  -45.0000 2312.8623   21.2830
   -7.5000   45.0000  -45.0000 2257.0498   22.8050
    0.0000   45.0000  -45.0000 2267.4260   22.5484
    7.5000   45.0000  -45.0000 2244.8865   22.6809
   -7.5000   52.5000  -45.0000 2157.4033   24.4788
    0.0000   52.5000  -45.0000 2166.6482   24.2888
    7.5000   52.5000  -45.0000 2143.2383   24.4228
   -7.5000  -37.5000  -37.5000 2015.7926   29.0470
    0.0000  -37.5000  -37.5000 2023.1541   28.8903
    7.5000  -37.5000  -37.5000 2007.7762   29.0929
   -7.5000  -30.0000  -37.5000 2147.4680   26.0148
    0.0000  -30.0000  -37.5000 2153.1055   25.8057
    7.5000  -30.0000  -37.5000 2136.7063   25.9639
   -7.5000  -22.5000  -37.5000 2265.0225   23.5420
    0.0000  -22.5000  -37.5000 2273.7388   23.3691
    7.5000  -22.5000  -37.5000 2255.0671   23.5110
   -7.5000  -15.0000  -37.5000 2365.1492   21.4884
    0.0000  -15.0000  -37.5000 2374.3740   21.3415
    7.5000  -15.0000  -37.5000 2350.8176   21.4919
   -7.5000   -7.5000  -37.5000 2442.7324   19.9337
    0.0000   -7.5000  -37.5000 2448.9529   19.7493
    7.5000   -7.5000  -37.5000 2418.9795   19.9094
   -7.5000    0.0000  -37.5000 2482.1211   18.9046
    0.0000    0.0000  -37.5000 2487.6787   18.7299
    7.5000    0.0000  -37.5000 2462.4326   18.9064
   -7.5000    7.5000  -37.5000 2507.7241   18.3682
    0.0000    7.5000  -37.5000 2511.5496   18.2055
    7.5000    7.5000  -37.5000 2479.8987   18.4126
   -7.5000   15.0000  -37.5000 2514.4495   18.2077
    0.0000   15.0000  -37.5000 2516.7007   18.0336
    7.5000   15.0000  -37.5000 2489.4084   18.2449
   -7.5000   22.5000  -37.5000 2501.5510   18.4150
    0.0000   22.5000  -37.5000 2507.7363   18.2077
    7.5000   22.5000  -37.5000 2482.1404   18.3668
   -7.5000   30.0000  -37.5000 2468.3645   18.8676
    0.0000   30.0000  -37.5000 2476.4409   18.6218
    7.5000   30.0000  -37.5000 2456.3174   18.8167
   -7.5000   37.5000  -37.5000 2418.3726   19.7938
    0.0000   37.5000  -37.5000 2438.3486   19.5765
    7.5000   37.5000  -37.5000 2411.0232   19.7277
   -7.5000   45.0000  -37.5000 2351.5056   21.0567
    0.0000   45.0000  -37.5000 2364.3049   20.8833
    7.5000   45.0000  -37.5000 2339.7559   21.0312
   -7.5000   52.5000  -37.5000 2246.1912   22.6174
    0.0000   52.5000  -37.5000 2256.0579   22.4438
    7.5000   52.5000  -37.5000 2228.2742   22.6119
   -7.5000  -37.5000  -30.0000 2104.1770   28.3514
    0.0000  -37.5000  -30.0000 2111.4905   28.1715
    7.5000  -37.5000  -30.0000 2091.6672   28.3606
   -7.5000  -30.0000  -30.0000 2249.7012   25.3616
    0.0000  -30.0000  -30.0000 2258.0977   25.1603
    7.5000  -30.0000  -30.0000 2236.7461   25.3095
   -7.5000  -22.5000  -30.0000 2375.0898   22.8787
    0.0000  -22.5000  -30.0000 2388.7307   22.7078
    7.5000  -22.5000  -30.0000 2362.9517   22.8578
   -7.5000  -15.0000  -30.0000 2480.7634   20.8960
    0.0000  -15.0000  -30.0000 2487.3152   20.6379
    7.5000  -15.0000  -30.0000 2459.6675   20.8229
   -7.5000   -7.5000  -30.0000 2559.6938   19.3370
    0.0000   -7.5000  -30.0000 2567.9995   19.0822
    7.5000   -7.5000  -30.0000 2539.3738   19.2927
   -7.5000    0.0000  -30.0000 2609.6379   18.2817
    0.0000    0.0000  -30.0000 2619.9060   18.0382
    7.5000    0.0000  -30.0000 2599.1438   18.2257
   -7.5000    7.5000  -30.0000 2642.8718   17.6026
    0.0000    7.5000  -30.0000 2653.4475   17.3664
    7.5000    7.5000  -30.0000 2623.3386   17.6087
   -7.5000   15.0000  -30.0000 2661.7673   17.3296
    0.0000   15.0000  -30.0000 2662.7388   17.1753
    7.5000   15.0000  -30.0000 2641.1997   17.3692
   -7.5000   22.5000  -30.0000 2649.7058   17.5378
    0.0000   22.5000  -30.0000 2656.8801   17.3403
    7.5000   22.5000  -30.0000 2628.5410   17.5375
   -7.5000   30.0000  -30.0000 2617.7896   18.0725
    0.0000   30.0000  -30.0000 2632.5500   17.8255
    7.5000   30.0000  -30.0000 2601.5503   18.0704
   -7.5000   37.5000  -30.0000 2569.1528   19.0002
    0.0000   37.5000  -30.0000 2589.3240   18.7584
    7.5000   37.5000  -30.0000 2558.3464   18.9859
   -7.5000   45.0000  -30.0000 2490.9185   20.2473
    0.0000   45.0000  -30.0000 2505.2681   20.0252
    7.5000   45.0000  -30.0000 2481.8789   20.2323
   -7.5000   52.5000  -30.0000 2372.0930   21.7228
    0.0000   52.5000  -30.0000 2384.2571   21.5410
    7.5000   52.5000  -30.0000 2362.9734   21.7288
   -7.5000  -37.5000  -22.5000 2167.4980   27.6624
    0.0000  -37.5000  -22.5000 2177.3938   27.4286
    7.5000  -37.5000  -22.5000 2154.6877   27.6101
   -7.5000  -30.0000  -22.5000 2309.2815   24.6381
    0.0000  -30.0000  -22.5000 2326.1689   24.4275
    7.5000  -30.0000  -22.5000 2302.9009   24.5905
   -7.5000  -22.5000  -22.5000 2440.4783   22.1648
    0.0000  -22.5000  -22.5000 2456.3110   21.9473
    7.5000  -22.5000  -22.5000 2434.1011   22.1067
   -7.5000  -15.0000  -22.5000 2549.1826   20.1521
    0.0000  -15.0000  -22.5000 2564.9209   19.8987
    7.5000  -15.0000  -22.5000 2540.0249   20.0763
   -7.5000   -7.5000  -22.5000 2642.7100   18.5988
    0.0000   -7.5000  -22.5000 2659.6047   18.3283
    7.5000   -7.5000  -22.5000 2631.8711   18.5321
   -7.5000    0.0000  -22.5000 2703.7942   17.5052
    0.0000    0.0000  -22.5000 2717.8772   17.2224
    7.5000    0.0000  -22.5000 2692.6897   17.4348
   -7.5000    7.5000  -22.5000 2746.9653   16.7986
    0.0000    7.5000  -22.5000 2763.2903   16.5684
    7.5000    7.5000  -22.5000 2731.0845   16.7955
   -7.5000   15.0000  -22.5000 2769.1143   16.3951
    0.0000   15.0000  -22.5000 2779.6848   16.2269
    7.5000   15.0000  -22.5000 2751.8396   16.4457
   -7.5000   22.5000  -22.5000 2768.4272   16.5371
    0.0000   22.5000  -22.5000 2776.7053   16.3381
    7.5000   22.5000  -22.5000 2746.0330   16.5707
   -7.5000   30.0000  -22.5000 2735.2678   17.1437
    0.0000   30.0000  -22.5000 2755.4434   16.8949
    7.5000   30.0000  -22.5000 2724.6826   17.1433
   -7.5000   37.5000  -22.5000 2688.4587   18.0907
    0.0000   37.5000  -22.5000 2705.0891   17.8283
    7.5000   37.5000  -22.5000 2677.6912   18.0732
   -7.5000   45.0000  -22.5000 2604.7917   19.3124
    0.0000   45.0000  -22.5000 2618.7305   19.0730
    7.5000   45.0000  -22.5000 2594.2969   19.3045
   -7.5000   52.5000  -22.5000 2478.0957   20.7469
    0.0000   52.5000  -22.5000 2488.7378   20.5195
    7.5000   52.5000  -22.5000 2470.8164   20.7279
   -7.5000  -37.5000  -15.0000 2193.7361   27.0807
    0.0000  -37.5000  -15.0000 2207.7368   26.8096
    7.5000  -37.5000  -15.0000 2189.4822   27.0263
   -7.5000  -30.0000  -15.0000 2336.3274   24.0163
    0.0000  -30.0000  -15.0000 2348.8650   23.7201
    7.5000  -30.0000  -15.0000 2331.4954   23.9355
   -7.5000  -22.5000  -15.0000 2470.0527   21.5261
    0.0000  -22.5000  -15.0000 2478.4370   21.2341
    7.5000  -22.5000  -15.0000 2463.2825   21.3941
   -7.5000  -15.0000  -15.0000 2582.4636   19.5337
    0.0000  -15.0000  -15.0000 2599.7346   19.2367
    7.5000  -15.0000  -15.0000 2577.1611   19.3920
   -7.5000   -7.5000  -15.0000 2685.7827   17.9713
    0.0000   -7.5000  -15.0000 2706.4929   17.6764
    7.5000   -7.5000  -15.0000 2678.6189   17.8219
   -7.5000    0.0000  -15.0000 2760.6006   16.8234
    0.0000    0.0000  -15.0000 2775.9497   16.5437
    7.5000    0.0000  -15.0000 2749.2383   16.7413
   -7.5000    7.5000  -15.0000 2819.9287   16.0646
    0.0000    7.5000  -15.0000 2838.1707   15.8254
    7.5000    7.5000  -15.0000 2804.6545   16.0794
   -7.5000   15.0000  -15.0000 2853.9517   15.6475
    0.0000   15.0000  -15.0000 2866.6089   15.4339
    7.5000   15.0000  -15.0000 2831.8970   15.7425
   -7.5000   22.5000  -15.0000 2854.3733   15.6307
    0.0000   22.5000  -15.0000 2860.1111   15.4176
    7.5000   22.5000  -15.0000 2827.8792   15.7128
   -7.5000   30.0000  -15.0000 2820.8447   16.2386
    0.0000   30.0000  -15.0000 2838.4475   16.0022
    7.5000   30.0000  -15.0000 2806.3110   16.2624
   -7.5000   37.5000  -15.0000 2765.0205   17.1815
    0.0000   37.5000  -15.0000 2782.5601   16.9205
    7.5000   37.5000  -15.0000 2754.1077   17.2266
   -7.5000   45.0000  -15.0000 2677.5959   18.4337
    0.0000   45.0000  -15.0000 2691.5691   18.1689
    7.5000   45.0000  -15.0000 2664.2803   18.4810
   -7.5000   52.5000  -15.0000 2542.9944   19.9065
    0.0000   52.5000  -15.0000 2558.1814   19.6671
    7.5000   52.5000  -15.0000 2528.6257   19.9548
   -7.5000  -37.5000   -7.5000 2202.3354   26.6811
    0.0000  -37.5000   -7.5000 2219.9346   26.3540
    7.5000  -37.5000   -7.5000 2202.2800   26.6024
   -7.5000  -30.0000   -7.5000 2345.6858   23.5795
    0.0000  -30.0000   -7.5000 2361.9211   23.1997
    7.5000  -30.0000   -7.5000 2344.3013   23.5116
   -7.5000  -22.5000   -7.5000 2483.3447   21.1188
    0.0000  -22.5000   -7.5000 2494.9182   20.7169
    7.5000  -22.5000   -7.5000 2476.4104   20.9581
   -7.5000  -15.0000   -7.5000 2598.7605   19.0699
    0.0000  -15.0000   -7.5000 2612.6101   18.7135
    7.5000  -15.0000   -7.5000 2593.2019   18.8946
   -7.5000   -7.5000   -7.5000 2705.7937   17.4928
    0.0000   -7.5000   -7.5000 2718.7878   17.1377
    7.5000   -7.5000   -7.5000 2698.9727   17.3201
   -7.5000    0.0000   -7.5000 2794.9624   16.3162
    0.0000    0.0000   -7.5000 2807.2366   16.0164
    7.5000    0.0000   -7.5000 2783.9961   16.2180
   -7.5000    7.5000   -7.5000 2867.5520   15.5385
    0.0000    7.5000   -7.5000 2888.0015   15.3133
    7.5000    7.5000   -7.5000 2859.3389   15.5492
   -7.5000   15.0000   -7.5000 2918.3899   15.1789
    0.0000   15.0000   -7.5000 2941.0002   14.9173
    7.5000   15.0000   -7.5000 2896.9790   15.2452
   -7.5000   22.5000   -7.5000 2921.3303   15.0256
    0.0000   22.5000   -7.5000 2924.9775   14.7512
    7.5000   22.5000   -7.5000 2888.5222   15.1127
   -7.5000   30.0000   -7.5000 2884.6113   15.5538
    0.0000   30.0000   -7.5000 2888.8721   15.2830
    7.5000   30.0000   -7.5000 2860.7463   15.6270
   -7.5000   37.5000   -7.5000 2820.5869   16.5089
    0.0000   37.5000   -7.5000 2833.1558   16.1936
    7.5000   37.5000   -7.5000 2800.7437   16.5942
   -7.5000   45.0000   -7.5000 2730.9822   17.7923
    0.0000   45.0000   -7.5000 2742.7271   17.5075
    7.5000   45.0000   -7.5000 2707.3772   17.8541
   -7.5000   52.5000   -7.5000 2584.3989   19.3529
    0.0000   52.5000   -7.5000 2595.8616   19.0659
    7.5000   52.5000   -7.5000 2568.4661   19.3720
   -7.5000  -37.5000    0.0000 2208.8171   26.5700
    0.0000  -37.5000    0.0000 2221.6294   26.1375
    7.5000  -37.5000    0.0000 2210.2380   26.4408
   -7.5000  -30.0000    0.0000 2348.4500   23.4040
    0.0000  -30.0000    0.0000 2361.1902   23.0347
    7.5000  -30.0000    0.0000 2342.5652   23.3078
   -7.5000  -22.5000    0.0000 2477.0815   20.8395
    0.0000  -22.5000    0.0000 2489.0420   20.4790
    7.5000  -22.5000    0.0000 2470.1826   20.7329
   -7.5000  -15.0000    0.0000 2594.8867   18.7902
    0.0000  -15.0000    0.0000 2605.0510   18.4293
    7.5000  -15.0000    0.0000 2584.7424   18.6413
   -7.5000   -7.5000    0.0000 2704.7019   17.2098
    0.0000   -7.5000    0.0000 2715.3594   16.8498
    7.5000   -7.5000    0.0000 2697.8896   17.0651
   -7.5000    0.0000    0.0000 2801.6638   16.0349
    0.0000    0.0000    0.0000 2810.4338   15.7215
    7.5000    0.0000    0.0000 2792.9258   15.9472
   -7.5000    7.5000    0.0000 2891.8381   15.3159
    0.0000    7.5000    0.0000 2912.9551   15.0934
    7.5000    7.5000    0.0000 2888.8333   15.2736
   -7.5000   15.0000    0.0000 2958.9949   15.0223
    0.0000   15.0000    0.0000 2987.5491   14.8166
    7.5000   15.0000    0.0000 2938.6570   15.0282
   -7.5000   22.5000    0.0000 2965.5596   14.8289
    0.0000   22.5000    0.0000 2973.7729   14.5629
    7.5000   22.5000    0.0000 2927.8599   14.9238
   -7.5000   30.0000    0.0000 2926.3059   15.2576
    0.0000   30.0000    0.0000 2926.0518   14.9867
    7.5000   30.0000    0.0000 2885.2454   15.3609
   -7.5000   37.5000    0.0000 2843.1848   16.1822
    0.0000   37.5000    0.0000 2854.8933   15.9443
    7.5000   37.5000    0.0000 2820.2371   16.2075
   -7.5000   45.0000    0.0000 2743.2383   17.4601
    0.0000   45.0000    0.0000 2753.5627   17.2134
    7.5000   45.0000    0.0000 2721.1577   17.4574
   -7.5000   52.5000    0.0000 2595.9001   19.0257
    0.0000   52.5000    0.0000 2606.8555   18.7858
    7.5000   52.5000    0.0000 2579.0237   18.9985
   -7.5000  -37.5000    7.5000 2199.6733   26.7505
    0.0000  -37.5000    7.5000 2220.6042   26.3406
    7.5000  -37.5000    7.5000 2199.1682   26.6258
   -7.5000  -30.0000    7.5000 2341.6404   23.4796
    0.0000  -30.0000    7.5000 2353.7810   23.0453
    7.5000  -30.0000    7.5000 2329.4980   23.4303
   -7.5000  -22.5000    7.5000 2468.0227   20.8772
    0.0000  -22.5000    7.5000 2476.8052   20.4453
    7.5000  -22.5000    7.5000 2457.4197   20.8055
   -7.5000  -15.0000    7.5000 2584.3936   18.8430
    0.0000  -15.0000    7.5000 2590.8604   18.4017
    7.5000  -15.0000    7.5000 2573.2852   18.7118
   -7.5000   -7.5000    7.5000 2695.7522   17.2214
    0.0000   -7.5000    7.5000 2704.5515   16.8528
    7.5000   -7.5000    7.5000 2691.3459   17.1243
   -7.5000    0.0000    7.5000 2794.2666   16.0244
    0.0000    0.0000    7.5000 2800.5940   15.7398
    7.5000    0.0000    7.5000 2788.8701   15.9751
   -7.5000    7.5000    7.5000 2892.1938   15.3280
    0.0000    7.5000    7.5000 2917.7336   15.1856
    7.5000    7.5000    7.5000 2881.8752   15.2891
   -7.5000   15.0000    7.5000 2962.9792   14.9605
    0.0000   15.0000    7.5000 2996.0293   14.9071
    7.5000   15.0000    7.5000 2936.2820   15.0390
   -7.5000   22.5000    7.5000 2971.9319   14.9779
    0.0000   22.5000    7.5000 2993.2256   14.7979
    7.5000   22.5000    7.5000 2935.9927   14.9797
   -7.5000   30.0000    7.5000 2935.6338   15.4268
    0.0000   30.0000    7.5000 2949.0537   15.2890
    7.5000   30.0000    7.5000 2896.5623   15.3990
   -7.5000   37.5000    7.5000 2845.2144   16.1931
    0.0000   37.5000    7.5000 2861.6079   16.0146
    7.5000   37.5000    7.5000 2824.6792   16.1910
   -7.5000   45.0000    7.5000 2731.4263   17.4086
    0.0000   45.0000    7.5000 2745.9001   17.1761
    7.5000   45.0000    7.5000 2717.9741   17.3973
   -7.5000   52.5000    7.5000 2583.8894   18.9803
    0.0000   52.5000    7.5000 2597.8250   18.7043
    7.5000   52.5000    7.5000 2571.4290   18.9315
   -7.5000  -37.5000   15.0000 2175.2229   27.1923
    0.0000  -37.5000   15.0000 2192.8877   26.6882
    7.5000  -37.5000   15.0000 2176.5068   27.0874
   -7.5000  -30.0000   15.0000 2322.8076   23.7661
    0.0000  -30.0000   15.0000 2328.6326   23.3622
    7.5000  -30.0000   15.0000 2311.8845   23.7499
   -7.5000  -22.5000   15.0000 2447.1709   21.2452
    0.0000  -22.5000   15.0000 2455.4172   20.8236
    7.5000  -22.5000   15.0000 2435.1248   21.1730
   -7.5000  -15.0000   15.0000 2557.1189   19.2494
    0.0000  -15.0000   15.0000 2568.7949   18.8676
    7.5000  -15.0000   15.0000 2550.7893   19.1623
   -7.5000   -7.5000   15.0000 2673.5542   17.6369
    0.0000   -7.5000   15.0000 2680.5171   17.3049
    7.5000   -7.5000   15.0000 2659.3809   17.6089
   -7.5000    0.0000   15.0000 2775.3220   16.4334
    0.0000    0.0000   15.0000 2779.2551   16.1932
    7.5000    0.0000   15.0000 2759.0491   16.4312
   -7.5000    7.5000   15.0000 2869.9517   15.6948
    0.0000    7.5000   15.0000 2882.1965   15.5002
    7.5000    7.5000   15.0000 2852.1548   15.7003
   -7.5000   15.0000   15.0000 2922.8481   15.2380
    0.0000   15.0000   15.0000 2941.3674   14.9739
    7.5000   15.0000   15.0000 2907.7795   15.3680
   -7.5000   22.5000   15.0000 2935.1118   15.3370
    0.0000   22.5000   15.0000 2958.0730   15.0963
    7.5000   22.5000   15.0000 2911.9343   15.3400
   -7.5000   30.0000   15.0000 2895.7974   15.9236
    0.0000   30.0000   15.0000 2914.1121   15.6869
    7.5000   30.0000   15.0000 2866.4500   15.8213
   -7.5000   37.5000   15.0000 2807.2849   16.7729
    0.0000   37.5000   15.0000 2828.7749   16.5147
    7.5000   37.5000   15.0000 2789.4666   16.6465
   -7.5000   45.0000   15.0000 2696.7063   17.9200
    0.0000   45.0000   15.0000 2707.3689   17.6872
    7.5000   45.0000   15.0000 2681.8767   17.8256
   -7.5000   52.5000   15.0000 2552.4534   19.2887
    0.0000   52.5000   15.0000 2563.4910   19.0274
    7.5000   52.5000   15.0000 2538.3979   19.2007
   -7.5000  -37.5000   22.5000 2134.5938   28.0190
    0.0000  -37.5000   22.5000 2152.8186   27.6174
    7.5000  -37.5000   22.5000 2142.0461   27.9923
   -7.5000  -30.0000   22.5000 2283.8608   24.5250
    0.0000  -30.0000   22.5000 2296.3538   24.1644
    7.5000  -30.0000   22.5000 2278.8809   24.5639
   -7.5000  -22.5000   22.5000 2412.8845   21.9286
    0.0000  -22.5000   22.5000 2426.6919   21.5773
    7.5000  -22.5000   22.5000 2402.4717   21.9571
   -7.5000  -15.0000   22.5000 2522.3757   19.9030
    0.0000  -15.0000   22.5000 2538.5015   19.5619
    7.5000  -15.0000   22.5000 2515.7195   19.9147
   -7.5000   -7.5000   22.5000 2635.5845   18.3235
    0.0000   -7.5000   22.5000 2649.1426   17.9758
    7.5000   -7.5000   22.5000 2624.0273   18.3389
   -7.5000    0.0000   22.5000 2738.0461   17.1528
    0.0000    0.0000   22.5000 2747.6826   16.8028
    7.5000    0.0000   22.5000 2723.8220   17.1204
   -7.5000    7.5000   22.5000 2824.0430   16.3466
    0.0000    7.5000   22.5000 2841.7478   15.9850
    7.5000    7.5000   22.5000 2804.9219   16.3643
   -7.5000   15.0000   22.5000 2866.5618   15.8676
    0.0000   15.0000   22.5000 2878.1646   15.5760
    7.5000   15.0000   22.5000 2848.7368   15.9307
   -7.5000   22.5000   22.5000 2874.1758   15.9576
    0.0000   22.5000   22.5000 2892.5093   15.6907
    7.5000   22.5000   22.5000 2859.5776   15.9112
   -7.5000   30.0000   22.5000 2828.3704   16.4843
    0.0000   30.0000   22.5000 2844.1165   16.1845
    7.5000   30.0000   22.5000 2813.6216   16.4083
   -7.5000   37.5000   22.5000 2751.9028   17.3703
    0.0000   37.5000   22.5000 2766.2737   17.0359
    7.5000   37.5000   22.5000 2737.6167   17.2722
   -7.5000   45.0000   22.5000 2643.2915   18.6215
    0.0000   45.0000   22.5000 2654.8062   18.3165
    7.5000   45.0000   22.5000 2631.3843   18.5004
   -7.5000   52.5000   22.5000 2505.8677   20.0142
    0.0000   52.5000   22.5000 2516.9563   19.7653
    7.5000   52.5000   22.5000 2494.9436   19.9369
   -7.5000  -37.5000   30.0000 2079.8655   29.2660
    0.0000  -37.5000   30.0000 2089.6238   28.9099
    7.5000  -37.5000   30.0000 2079.4485   29.2997
   -7.5000  -30.0000   30.0000 2234.4075   25.6938
    0.0000  -30.0000   30.0000 2244.7666   25.3157
    7.5000  -30.0000   30.0000 2227.2888   25.7582
   -7.5000  -22.5000   30.0000 2365.0989   22.9328
    0.0000  -22.5000   30.0000 2381.2378   22.5376
    7.5000  -22.5000   30.0000 2356.4880   22.9890
   -7.5000  -15.0000   30.0000 2477.2510   20.8300
    0.0000  -15.0000   30.0000 2497.1611   20.4122
    7.5000  -15.0000   30.0000 2470.7991   20.8246
   -7.5000   -7.5000   30.0000 2587.4204   19.2100
    0.0000   -7.5000   30.0000 2607.1233   18.7960
    7.5000   -7.5000   30.0000 2584.1797   19.2012
   -7.5000    0.0000   30.0000 2687.0747   18.0469
    0.0000    0.0000   30.0000 2703.3806   17.6118
    7.5000    0.0000   30.0000 2681.1260   18.0188
   -7.5000    7.5000   30.0000 2756.8511   17.2396
    0.0000    7.5000   30.0000 2777.7300   16.8098
    7.5000    7.5000   30.0000 2741.5483   17.2604
   -7.5000   15.0000   30.0000 2788.4661   16.7589
    0.0000   15.0000   30.0000 2795.5073   16.4160
    7.5000   15.0000   30.0000 2768.3384   16.7807
   -7.5000   22.5000   30.0000 2787.4902   16.8192
    0.0000   22.5000   30.0000 2803.4543   16.4875
    7.5000   22.5000   30.0000 2778.4299   16.7359
   -7.5000   30.0000   30.0000 2736.0710   17.3265
    0.0000   30.0000   30.0000 2751.7175   16.9636
    7.5000   30.0000   30.0000 2734.8757   17.1949
   -7.5000   37.5000   30.0000 2668.8879   18.1871
    0.0000   37.5000   30.0000 2678.1035   17.8422
    7.5000   37.5000   30.0000 2659.5476   18.1018
   -7.5000   45.0000   30.0000 2571.7524   19.4751
    0.0000   45.0000   30.0000 2586.6714   19.1509
    7.5000   45.0000   30.0000 2565.5803   19.3782
   -7.5000   52.5000   30.0000 2440.0911   20.8359
    0.0000   52.5000   30.0000 2452.8762   20.5642
    7.5000   52.5000   30.0000 2433.0837   20.7691
   -7.5000  -37.5000   37.5000 2020.5699   30.6859
    0.0000  -37.5000   37.5000 2032.4167   30.3974
    7.5000  -37.5000   37.5000 2030.0977   30.8274
   -7.5000  -30.0000   37.5000 2178.1499   26.9666
    0.0000  -30.0000   37.5000 2195.2654   26.6418
    7.5000  -30.0000   37.5000 2178.9104   27.0977
   -7.5000  -22.5000   37.5000 2316.9360   24.1304
    0.0000  -22.5000   37.5000 2334.8164   23.7568
    7.5000  -22.5000   37.5000 2311.8413   24.1766
   -7.5000  -15.0000   37.5000 2427.0586   21.9925
    0.0000  -15.0000   37.5000 2446.5535   21.5381
    7.5000  -15.0000   37.5000 2423.0078   21.9668
   -7.5000   -7.5000   37.5000 2533.1094   20.3881
    0.0000   -7.5000   37.5000 2551.4880   19.9757
    7.5000   -7.5000   37.5000 2528.8625   20.3812
   -7.5000    0.0000   37.5000 2619.9543   19.2058
    0.0000    0.0000   37.5000 2640.3665   18.7943
    7.5000    0.0000   37.5000 2609.3218   19.1807
   -7.5000    7.5000   37.5000 2683.8208   18.3961
    0.0000    7.5000   37.5000 2703.3142   18.0310
    7.5000    7.5000   37.5000 2664.2007   18.4126
   -7.5000   15.0000   37.5000 2704.4922   17.9023
    0.0000   15.0000   37.5000 2713.3130   17.5474
    7.5000   15.0000   37.5000 2681.1316   17.9170
   -7.5000   22.5000   37.5000 2696.8442   17.9442
    0.0000   22.5000   37.5000 2711.1772   17.6063
    7.5000   22.5000   37.5000 2687.5085   17.8476
   -7.5000   30.0000   37.5000 2647.5364   18.3837
    0.0000   30.0000   37.5000 2657.6167   18.0035
    7.5000   30.0000   37.5000 2640.3250   18.2904
   -7.5000   37.5000   37.5000 2581.1707   19.2238
    0.0000   37.5000   37.5000 2585.7454   18.9006
    7.5000   37.5000   37.5000 2571.1294   19.2226
   -7.5000   45.0000   37.5000 2495.3818   20.5086
    0.0000   45.0000   37.5000 2503.6060   20.1943
    7.5000   45.0000   37.5000 2477.7791   20.4859
   -7.5000   52.5000   37.5000 2371.2756   21.9180
    0.0000   52.5000   37.5000 2378.4548   21.6562
    7.5000   52.5000   37.5000 2358.9973   21.8508
   -7.5000  -37.5000   45.0000 1965.5522   32.3641
    0.0000  -37.5000   45.0000 1979.5737   32.1821
    7.5000  -37.5000   45.0000 1968.1466   32.6536
   -7.5000  -30.0000   45.0000 2125.2139   28.5300
    0.0000  -30.0000   45.0000 2142.0117   28.2792
    7.5000  -30.0000   45.0000 2120.9504   28.7652
   -7.5000  -22.5000   45.0000 2265.8521   25.6363
    0.0000  -22.5000   45.0000 2280.4890   25.2976
    7.5000  -22.5000   45.0000 2252.5537   25.7352
   -7.5000  -15.0000   45.0000 2373.4536   23.4801
    0.0000  -15.0000   45.0000 2390.1682   23.1477
    7.5000  -15.0000   45.0000 2361.0222   23.4816
   -7.5000   -7.5000   45.0000 2469.6370   21.8348
    0.0000   -7.5000   45.0000 2482.7437   21.4691
    7.5000   -7.5000   45.0000 2454.3118   21.8337
   -7.5000    0.0000   45.0000 2545.3486   20.6038
    0.0000    0.0000   45.0000 2562.9790   20.2356
    7.5000    0.0000   45.0000 2527.8318   20.6358
   -7.5000    7.5000   45.0000 2595.2437   19.7527
    0.0000    7.5000   45.0000 2611.3174   19.4539
    7.5000    7.5000   45.0000 2575.8330   19.7755
   -7.5000   15.0000   45.0000 2608.3401   19.2681
    0.0000   15.0000   45.0000 2616.6802   18.9153
    7.5000   15.0000   45.0000 2587.7798   19.2487
   -7.5000   22.5000   45.0000 2592.3821   19.3172
    0.0000   22.5000   45.0000 2608.2166   18.9972
    7.5000   22.5000   45.0000 2586.2058   19.2324
   -7.5000   30.0000   45.0000 2552.3591   19.6839
    0.0000   30.0000   45.0000 2557.9880   19.3608
    7.5000   30.0000   45.0000 2536.7144   19.6432
   -7.5000   37.5000   45.0000 2492.3367   20.5423
    0.0000   37.5000   45.0000 2498.5232   20.2644
    7.5000   37.5000   45.0000 2478.7585   20.5852
   -7.5000   45.0000   45.0000 2412.9414   21.7748
    0.0000   45.0000   45.0000 2417.3264   21.4750
    7.5000   45.0000   45.0000 2396.9932   21.8125
   -7.5000   52.5000   45.0000 2289.7180   23.2332
    0.0000   52.5000   45.0000 2298.3179   22.9883
    7.5000   52.5000   45.0000 2277.0349   23.1920

---------------------------------------------------------------------
imgreg_4dfp /opt/freesurfer/average/711-2C_as_mni_average_305 /opt/freesurfer/average/711-2B_as_mni_average_305_mask talsrcimg_g11 none talsrcimg_to_711-2C_as_mni_average_305_t4 1283
---------------------------------------------------------------------

freesurfer imgreg_4dfp.c
/opt/freesurfer/average/711-2C_as_mni_average_305.4dfp.img
       256       256       256         1
  1.000000  1.000000  1.000000
orientation T byte_order littleendian
Reading image: /opt/freesurfer/average/711-2C_as_mni_average_305.4dfp.img
dimensions:      256       256       256
mmppix:       1.0000   -1.0000   -1.0000
center:     128.0000 -129.0000 -129.0000
/opt/freesurfer/average/711-2B_as_mni_average_305_mask.4dfp.img
       256       256       256         1
  1.000000  1.000000  1.000000
orientation T byte_order littleendian
Reading mask: /opt/freesurfer/average/711-2B_as_mni_average_305_mask.4dfp.img (2306576 pixels)
talsrcimg_g11.4dfp.img
       256       256       256         1
  1.000000  1.000000  1.000000
orientation T byte_order littleendian
Reading image: talsrcimg_g11.4dfp.img
dimensions:      256       256       256
mmppix:       1.0000   -1.0000   -1.0000
center:     128.0000 -129.0000 -129.0000
rotation matrix determinant  1.000000
fimgreg.f
image alignment mode   1283 decimal      503 hex
parameters
    0.0000   15.0000    7.5000    0.0000    0.0000    0.0000
eta,q 0.94223 14.86410
niter,ni,del,rscale     5    3   12.0000    1.2000
parameter  3  0.513104 ->  0.500000 qaram    1.1500
parameters
   -0.4039   16.9131    4.0500   -2.1265    1.6204   -1.3396
eta,q 0.94879 14.76611
  0.0658  0.0784  0.0566  0.0552  0.0588  0.0544
  0.0624  0.0683  0.0535  0.0533  0.0555  0.0526
  0.0594  0.0610  0.0525  0.0521  0.0539  0.0512
  0.0568  0.0568  0.0559  0.0531  0.0521  0.0520
  0.0582  0.0561  0.0607  0.0559  0.0521  0.0538
  0.0629  0.0597  0.0652  0.0576  0.0524  0.0552
  0.0705  0.0608  0.0700  0.0575  0.0543  0.0563
niter,ni,del,rscale     5    3   12.0000    1.2000
parameter  4  0.634485 ->  0.500000 qaram    1.1500
parameters
   -1.5791   18.6057    3.8229   -5.5765    4.0790   -2.5066
eta,q 0.94997 14.82706
  0.0578  0.0730  0.0620  0.0537  0.0578  0.0516
  0.0541  0.0651  0.0587  0.0522  0.0559  0.0504
  0.0521  0.0566  0.0549  0.0518  0.0547  0.0501
  0.0512  0.0515  0.0537  0.0536  0.0518  0.0502
  0.0535  0.0545  0.0552  0.0556  0.0503  0.0507
  0.0597  0.0582  0.0587  0.0575  0.0506  0.0517
  0.0670  0.0572  0.0637  0.0579  0.0535  0.0530
niter,ni,del,rscale     5    3   12.0000    1.2000
parameters
   -2.8947   20.2569    2.8193   -6.1740    4.5556   -3.1992
eta,q 0.95368 14.70275
  0.0583  0.0675  0.0570  0.0549  0.0566  0.0502
  0.0514  0.0597  0.0529  0.0517  0.0537  0.0482
  0.0477  0.0527  0.0486  0.0479  0.0498  0.0467
  0.0500  0.0479  0.0473  0.0473  0.0467  0.0465
  0.0548  0.0475  0.0507  0.0521  0.0476  0.0481
  0.0609  0.0508  0.0575  0.0545  0.0512  0.0498
  0.0670  0.0540  0.0650  0.0551  0.0549  0.0516
niter,ni,del,rscale     4    3   12.0000    1.2000
parameters
   -3.0193   21.0956    2.6503   -6.8309    4.7563   -2.9809
eta,q 0.95356 14.66486
  0.0619  0.0619  0.0581  0.0546  0.0561  0.0516
  0.0541  0.0545  0.0548  0.0518  0.0527  0.0498
  0.0477  0.0486  0.0500  0.0482  0.0486  0.0480
  0.0463  0.0462  0.0468  0.0469  0.0464  0.0465
  0.0503  0.0489  0.0484  0.0519  0.0485  0.0472
  0.0560  0.0524  0.0539  0.0548  0.0518  0.0493
  0.0617  0.0538  0.0611  0.0554  0.0550  0.0511
niter,ni,del,rscale     3    3   12.0000    1.2000
parameters
   -2.9961   21.6999    2.6611   -7.4707    4.9407   -2.7052
eta,q 0.95311 14.65564
  0.0618  0.0595  0.0588  0.0546  0.0564  0.0516
  0.0541  0.0526  0.0556  0.0521  0.0530  0.0499
  0.0481  0.0480  0.0505  0.0490  0.0487  0.0484
  0.0464  0.0465  0.0470  0.0470  0.0469  0.0469
  0.0495  0.0495  0.0485  0.0515  0.0490  0.0475
  0.0547  0.0523  0.0536  0.0551  0.0522  0.0492
  0.0605  0.0534  0.0607  0.0556  0.0552  0.0512
niter,ni,del,rscale     2    3   12.0000    1.2000
parameters
   -2.9979   22.1678    2.6173   -8.0603    5.1590   -2.4729
eta,q 0.95269 14.65024
  0.0616  0.0575  0.0595  0.0546  0.0569  0.0516
  0.0540  0.0516  0.0559  0.0523  0.0533  0.0499
  0.0484  0.0480  0.0503  0.0494  0.0490  0.0486
  0.0469  0.0469  0.0473  0.0473  0.0473  0.0474
  0.0498  0.0497  0.0491  0.0508  0.0494  0.0477
  0.0547  0.0520  0.0544  0.0551  0.0525  0.0492
  0.0607  0.0530  0.0614  0.0559  0.0554  0.0514
niter,ni,del,rscale     1    3   12.0000    1.2000
parameters
   -3.0092   22.5773    2.4954   -8.6350    5.3230   -2.3008
eta,q 0.95246 14.64803
  0.0621  0.0564  0.0602  0.0545  0.0570  0.0516
  0.0543  0.0512  0.0560  0.0522  0.0533  0.0501
  0.0488  0.0485  0.0500  0.0495  0.0491  0.0489
  0.0473  0.0473  0.0475  0.0475  0.0476  0.0476
  0.0501  0.0496  0.0496  0.0504  0.0498  0.0477
  0.0551  0.0516  0.0551  0.0546  0.0528  0.0493
  0.0613  0.0529  0.0624  0.0562  0.0557  0.0519
registration optimization eta report
parameter search radius
    6.0000    6.0000    6.9000    6.9000    6.0000    6.0000
100000*second partial in parameter space
       39.       19.       28.       14.       23.       11.
  0.0621  0.0564  0.0602  0.0545  0.0570  0.0516
  0.0543  0.0512  0.0560  0.0522  0.0533  0.0501
  0.0488  0.0485  0.0500  0.0495  0.0491  0.0489
  0.0473  0.0473  0.0475  0.0475  0.0476  0.0476
  0.0501  0.0496  0.0496  0.0504  0.0498  0.0477
  0.0551  0.0516  0.0551  0.0546  0.0528  0.0493
  0.0613  0.0529  0.0624  0.0562  0.0557  0.0519
   -3.0092   22.5773    2.4954   -8.6350    5.3230   -2.3008
eta,q 0.95246 14.64803

---------------------------------------------------------------------
imgreg_4dfp /opt/freesurfer/average/711-2C_as_mni_average_305 /opt/freesurfer/average/711-2B_as_mni_average_305_mask talsrcimg_g11 none talsrcimg_to_711-2C_as_mni_average_305_t4 3335
---------------------------------------------------------------------

freesurfer imgreg_4dfp.c
/opt/freesurfer/average/711-2C_as_mni_average_305.4dfp.img
       256       256       256         1
  1.000000  1.000000  1.000000
orientation T byte_order littleendian
Reading image: /opt/freesurfer/average/711-2C_as_mni_average_305.4dfp.img
dimensions:      256       256       256
mmppix:       1.0000   -1.0000   -1.0000
center:     128.0000 -129.0000 -129.0000
/opt/freesurfer/average/711-2B_as_mni_average_305_mask.4dfp.img
       256       256       256         1
  1.000000  1.000000  1.000000
orientation T byte_order littleendian
Reading mask: /opt/freesurfer/average/711-2B_as_mni_average_305_mask.4dfp.img (2306576 pixels)
talsrcimg_g11.4dfp.img
       256       256       256         1
  1.000000  1.000000  1.000000
orientation T byte_order littleendian
Reading image: talsrcimg_g11.4dfp.img
dimensions:      256       256       256
mmppix:       1.0000   -1.0000   -1.0000
center:     128.0000 -129.0000 -129.0000
fimgreg.f
image alignment mode   3335 decimal      D07 hex
parameters
   -3.0092   22.5773    2.4954   -0.5115   -1.2691   -1.5599
    5.3608   -8.5617   -3.9972   15.3701    9.2770  -14.9492
eta,q 0.95285 14.72040
niter,ni,del,rscale     5    3    5.0000    1.2000
parameter  4  1.123625 ->  0.500000 qaram    1.1500
parameter  5  2.093726 ->  0.500000 qaram    1.1500
parameter  6  0.652818 ->  0.500000 qaram    1.1500
parameter 10  0.543117 ->  0.500000 qaram    1.1500
parameters
   -2.6232   21.6401    1.5562   -4.6515   -5.4091   -5.6999
    5.0783   -6.4375   -2.8100   11.2301    9.5359  -13.5298
eta,q 0.96753 14.45191
  0.0502  0.0475  0.0473  0.0428  0.0329  0.0345  0.0366  0.0408  0.0363  0.0328  0.0339  0.0344
  0.0487  0.0469  0.0467  0.0432  0.0352  0.0337  0.0351  0.0378  0.0349  0.0325  0.0332  0.0335
  0.0476  0.0468  0.0465  0.0445  0.0385  0.0339  0.0340  0.0352  0.0338  0.0327  0.0327  0.0329
  0.0471  0.0471  0.0468  0.0465  0.0435  0.0360  0.0336  0.0336  0.0332  0.0331  0.0325  0.0325
  0.0472  0.0477  0.0476  0.0494  0.0493  0.0396  0.0340  0.0332  0.0332  0.0346  0.0326  0.0325
  0.0477  0.0485  0.0488  0.0528  0.0552  0.0439  0.0353  0.0340  0.0338  0.0370  0.0330  0.0328
  0.0487  0.0493  0.0503  0.0565  0.0610  0.0490  0.0373  0.0357  0.0349  0.0403  0.0338  0.0334
niter,ni,del,rscale     7    3    5.0000    1.2000
parameter  2 -0.734262 -> -0.500000 qaram    1.1500
parameter  5  0.868157 ->  0.500000 qaram    1.3225
parameters
   -2.0578   23.0201    0.9704   -5.7077  -10.1701   -7.5885
    4.0975   -6.2051   -3.1427   12.8080   11.4744  -15.4397
eta,q 0.97300 14.13871
  0.0366  0.0380  0.0320  0.0337  0.0266  0.0288  0.0295  0.0306  0.0298  0.0323  0.0281  0.0278
  0.0347  0.0357  0.0311  0.0325  0.0267  0.0279  0.0283  0.0285  0.0285  0.0301  0.0277  0.0272
  0.0333  0.0338  0.0308  0.0314  0.0279  0.0276  0.0275  0.0275  0.0276  0.0285  0.0274  0.0270
  0.0325  0.0323  0.0310  0.0308  0.0310  0.0269  0.0274  0.0274  0.0274  0.0274  0.0272  0.0271
  0.0323  0.0313  0.0315  0.0312  0.0361  0.0271  0.0281  0.0276  0.0279  0.0272  0.0271  0.0275
  0.0328  0.0309  0.0324  0.0333  0.0423  0.0300  0.0293  0.0284  0.0288  0.0279  0.0272  0.0282
  0.0340  0.0313  0.0336  0.0368  0.0487  0.0346  0.0311  0.0300  0.0302  0.0298  0.0275  0.0293
niter,ni,del,rscale     7    3    5.0000    1.2000
parameters
   -1.8918   24.1486    1.3980   -3.9015  -13.5118   -7.0001
    4.1169   -6.2149   -3.5397   14.2428   10.9916  -16.8525
eta,q 0.97552 14.13106
  0.0299  0.0342  0.0281  0.0302  0.0283  0.0286  0.0278  0.0285  0.0275  0.0301  0.0256  0.0255
  0.0284  0.0311  0.0271  0.0288  0.0262  0.0269  0.0263  0.0263  0.0260  0.0278  0.0250  0.0249
  0.0274  0.0286  0.0265  0.0274  0.0250  0.0257  0.0252  0.0251  0.0251  0.0260  0.0246  0.0245
  0.0270  0.0270  0.0263  0.0262  0.0257  0.0250  0.0248  0.0248  0.0248  0.0248  0.0245  0.0245
  0.0272  0.0263  0.0263  0.0256  0.0288  0.0241  0.0251  0.0251  0.0253  0.0245  0.0247  0.0249
  0.0279  0.0265  0.0265  0.0261  0.0345  0.0248  0.0262  0.0263  0.0264  0.0255  0.0252  0.0258
  0.0292  0.0278  0.0271  0.0284  0.0420  0.0288  0.0279  0.0285  0.0281  0.0277  0.0260  0.0269
niter,ni,del,rscale     6    3    5.0000    1.2000
parameters
   -1.9251   24.2164    1.4626   -3.1676  -14.4232   -6.9442
    4.2806   -6.2042   -3.5811   14.5470   10.9108  -17.1363
eta,q 0.97571 14.12455
  0.0274  0.0289  0.0262  0.0287  0.0301  0.0283  0.0275  0.0284  0.0273  0.0288  0.0256  0.0258
  0.0258  0.0265  0.0252  0.0273  0.0275  0.0265  0.0259  0.0260  0.0257  0.0267  0.0249  0.0250
  0.0248  0.0250  0.0246  0.0258  0.0253  0.0254  0.0248  0.0247  0.0247  0.0252  0.0245  0.0245
  0.0245  0.0245  0.0245  0.0245  0.0242  0.0244  0.0243  0.0243  0.0243  0.0243  0.0243  0.0243
  0.0248  0.0249  0.0247  0.0240  0.0251  0.0235  0.0246  0.0248  0.0247  0.0245  0.0244  0.0245
  0.0259  0.0263  0.0252  0.0253  0.0283  0.0250  0.0256  0.0261  0.0258  0.0259  0.0249  0.0251
  0.0276  0.0285  0.0259  0.0284  0.0343  0.0297  0.0273  0.0283  0.0274  0.0285  0.0258  0.0261
niter,ni,del,rscale     5    3    5.0000    1.2000
parameters
   -1.9462   24.1821    1.4890   -3.0035  -14.5961   -6.9195
    4.3170   -6.2162   -3.5675   14.5741   10.8872  -17.1238
eta,q 0.97574 14.12302
  0.0274  0.0284  0.0260  0.0284  0.0307  0.0283  0.0273  0.0284  0.0273  0.0285  0.0257  0.0258
  0.0257  0.0261  0.0250  0.0270  0.0280  0.0265  0.0257  0.0260  0.0257  0.0265  0.0249  0.0251
  0.0247  0.0247  0.0244  0.0256  0.0256  0.0253  0.0247  0.0246  0.0246  0.0251  0.0244  0.0245
  0.0243  0.0243  0.0243  0.0243  0.0242  0.0243  0.0243  0.0243  0.0243  0.0243  0.0243  0.0243
  0.0247  0.0249  0.0245  0.0241  0.0246  0.0235  0.0246  0.0247  0.0246  0.0246  0.0244  0.0244
  0.0258  0.0263  0.0250  0.0258  0.0271  0.0251  0.0256  0.0261  0.0257  0.0261  0.0249  0.0250
  0.0276  0.0284  0.0258  0.0292  0.0324  0.0298  0.0273  0.0283  0.0272  0.0288  0.0258  0.0259
niter,ni,del,rscale     4    3    5.0000    1.2000
parameters
   -1.9535   24.1645    1.5057   -2.9649  -14.6204   -6.9147
    4.3117   -6.2199   -3.5574   14.5628   10.8765  -17.0851
eta,q 0.97575 14.12263
  0.0275  0.0284  0.0260  0.0283  0.0308  0.0283  0.0273  0.0284  0.0273  0.0285  0.0257  0.0258
  0.0257  0.0261  0.0250  0.0270  0.0281  0.0265  0.0257  0.0260  0.0257  0.0264  0.0249  0.0251
  0.0246  0.0247  0.0244  0.0255  0.0257  0.0253  0.0246  0.0246  0.0246  0.0250  0.0244  0.0245
  0.0243  0.0243  0.0243  0.0243  0.0242  0.0243  0.0242  0.0242  0.0242  0.0243  0.0242  0.0242
  0.0246  0.0248  0.0245  0.0241  0.0245  0.0235  0.0246  0.0247  0.0246  0.0246  0.0244  0.0244
  0.0257  0.0263  0.0250  0.0259  0.0269  0.0251  0.0257  0.0261  0.0257  0.0261  0.0249  0.0249
  0.0275  0.0283  0.0258  0.0294  0.0321  0.0299  0.0274  0.0283  0.0272  0.0289  0.0257  0.0259
registration optimization eta report
parameter search radius
    2.4000    2.7600    2.4000    8.2800    9.5220    8.2800
    7.2000    7.2000    7.2000    8.2800    7.2000    7.2000
100000*second partial in parameter space
       56.       54.       29.        7.        8.        7.
        6.        8.        6.        6.        3.        3.
  0.0275  0.0284  0.0260  0.0283  0.0308  0.0283  0.0273  0.0284  0.0273  0.0285  0.0257  0.0258
  0.0257  0.0261  0.0250  0.0270  0.0281  0.0265  0.0257  0.0260  0.0257  0.0264  0.0249  0.0251
  0.0246  0.0247  0.0244  0.0255  0.0257  0.0253  0.0246  0.0246  0.0246  0.0250  0.0244  0.0245
  0.0243  0.0243  0.0243  0.0243  0.0242  0.0243  0.0242  0.0242  0.0242  0.0243  0.0242  0.0242
  0.0246  0.0248  0.0245  0.0241  0.0245  0.0235  0.0246  0.0247  0.0246  0.0246  0.0244  0.0244
  0.0257  0.0263  0.0250  0.0259  0.0269  0.0251  0.0257  0.0261  0.0257  0.0261  0.0249  0.0249
  0.0275  0.0283  0.0258  0.0294  0.0321  0.0299  0.0274  0.0283  0.0272  0.0289  0.0257  0.0259
   -1.9535   24.1645    1.5057   -2.9649  -14.6204   -6.9147
    4.3117   -6.2199   -3.5574   14.5628   10.8765  -17.0851
eta,q 0.97575 14.12263

---------------------------------------------------------------------
imgreg_4dfp /opt/freesurfer/average/711-2C_as_mni_average_305 /opt/freesurfer/average/711-2B_as_mni_average_305_mask talsrcimg_g11 none talsrcimg_to_711-2C_as_mni_average_305_t4 2311
---------------------------------------------------------------------

freesurfer imgreg_4dfp.c
/opt/freesurfer/average/711-2C_as_mni_average_305.4dfp.img
       256       256       256         1
  1.000000  1.000000  1.000000
orientation T byte_order littleendian
Reading image: /opt/freesurfer/average/711-2C_as_mni_average_305.4dfp.img
dimensions:      256       256       256
mmppix:       1.0000   -1.0000   -1.0000
center:     128.0000 -129.0000 -129.0000
/opt/freesurfer/average/711-2B_as_mni_average_305_mask.4dfp.img
       256       256       256         1
  1.000000  1.000000  1.000000
orientation T byte_order littleendian
Reading mask: /opt/freesurfer/average/711-2B_as_mni_average_305_mask.4dfp.img (2306576 pixels)
talsrcimg_g11.4dfp.img
       256       256       256         1
  1.000000  1.000000  1.000000
orientation T byte_order littleendian
Reading image: talsrcimg_g11.4dfp.img
dimensions:      256       256       256
mmppix:       1.0000   -1.0000   -1.0000
center:     128.0000 -129.0000 -129.0000
fimgreg.f
image alignment mode   2311 decimal      907 hex
parameters
   -1.9535   24.1645    1.5057   -2.9649  -14.6204   -6.9147
    4.3117   -6.2199   -3.5574   14.5628   10.8765  -17.0851
eta,q 0.97575 14.12263
niter,ni,del,rscale     5    3    5.0000    0.8000
parameters
   -1.9403   24.1117    1.4380   -1.7454  -13.9142   -5.3441
    4.2297   -6.3869   -3.6161   14.4414   10.5703  -17.4791
eta,q 0.97667 14.26020
  0.0257  0.0256  0.0249  0.0266  0.0265  0.0258  0.0250  0.0260  0.0249  0.0252  0.0242  0.0241
  0.0249  0.0248  0.0245  0.0258  0.0254  0.0252  0.0241  0.0245  0.0240  0.0243  0.0237  0.0236
  0.0244  0.0244  0.0243  0.0249  0.0245  0.0246  0.0235  0.0236  0.0235  0.0236  0.0234  0.0234
  0.0242  0.0242  0.0242  0.0242  0.0240  0.0239  0.0233  0.0233  0.0233  0.0233  0.0233  0.0233
  0.0244  0.0245  0.0244  0.0239  0.0239  0.0233  0.0236  0.0238  0.0235  0.0236  0.0235  0.0235
  0.0249  0.0250  0.0246  0.0243  0.0244  0.0235  0.0242  0.0248  0.0241  0.0243  0.0239  0.0238
  0.0257  0.0258  0.0250  0.0253  0.0255  0.0246  0.0251  0.0263  0.0250  0.0255  0.0245  0.0244
niter,ni,del,rscale     4    3    5.0000    0.7000
parameters
   -1.9662   24.1153    1.5026   -2.1192  -13.8693   -5.3122
    4.3107   -6.3509   -3.5591   14.5660   10.5586  -17.4289
eta,q 0.97668 14.25474
  0.0247  0.0246  0.0243  0.0249  0.0250  0.0250  0.0247  0.0255  0.0246  0.0249  0.0241  0.0240
  0.0240  0.0239  0.0238  0.0241  0.0242  0.0245  0.0240  0.0243  0.0239  0.0242  0.0237  0.0236
  0.0235  0.0235  0.0234  0.0236  0.0236  0.0239  0.0235  0.0236  0.0235  0.0236  0.0234  0.0234
  0.0233  0.0233  0.0233  0.0233  0.0233  0.0233  0.0233  0.0233  0.0233  0.0233  0.0233  0.0233
  0.0235  0.0235  0.0234  0.0236  0.0235  0.0233  0.0235  0.0236  0.0235  0.0234  0.0234  0.0234
  0.0240  0.0239  0.0237  0.0244  0.0241  0.0240  0.0239  0.0243  0.0239  0.0240  0.0237  0.0236
  0.0248  0.0246  0.0241  0.0258  0.0251  0.0255  0.0246  0.0254  0.0245  0.0248  0.0241  0.0240
niter,ni,del,rscale     3    3    5.0000    0.6000
parameters
   -1.9572   24.1521    1.5031   -2.0914  -13.8444   -5.0891
    4.2778   -6.3749   -3.5831   14.5735   10.5391  -17.5157
eta,q 0.97672 14.26437
  0.0244  0.0243  0.0240  0.0247  0.0246  0.0248  0.0242  0.0249  0.0242  0.0245  0.0239  0.0237
  0.0238  0.0238  0.0236  0.0241  0.0239  0.0243  0.0237  0.0240  0.0237  0.0239  0.0235  0.0235
  0.0235  0.0234  0.0234  0.0236  0.0235  0.0238  0.0234  0.0235  0.0234  0.0235  0.0233  0.0233
  0.0233  0.0233  0.0233  0.0233  0.0233  0.0233  0.0233  0.0233  0.0233  0.0233  0.0233  0.0233
  0.0234  0.0234  0.0234  0.0234  0.0234  0.0233  0.0234  0.0235  0.0234  0.0234  0.0233  0.0233
  0.0238  0.0237  0.0236  0.0239  0.0239  0.0237  0.0237  0.0241  0.0237  0.0238  0.0235  0.0235
  0.0244  0.0242  0.0239  0.0248  0.0246  0.0248  0.0243  0.0249  0.0242  0.0245  0.0239  0.0238
niter,ni,del,rscale     2    3    5.0000    0.5000
parameters
   -1.9573   24.1585    1.5301   -2.0759  -13.8422   -4.8716
    4.2841   -6.3896   -3.5863   14.5836   10.5107  -17.5482
eta,q 0.97675 14.27142
  0.0240  0.0239  0.0238  0.0243  0.0242  0.0245  0.0240  0.0245  0.0239  0.0241  0.0237  0.0236
  0.0236  0.0236  0.0235  0.0238  0.0237  0.0240  0.0236  0.0238  0.0236  0.0237  0.0234  0.0234
  0.0234  0.0234  0.0233  0.0234  0.0234  0.0236  0.0233  0.0234  0.0233  0.0234  0.0233  0.0233
  0.0233  0.0233  0.0233  0.0233  0.0233  0.0233  0.0233  0.0233  0.0233  0.0233  0.0232  0.0233
  0.0234  0.0233  0.0233  0.0234  0.0234  0.0233  0.0233  0.0234  0.0233  0.0233  0.0233  0.0233
  0.0236  0.0236  0.0235  0.0237  0.0237  0.0236  0.0236  0.0238  0.0235  0.0236  0.0234  0.0234
  0.0240  0.0239  0.0237  0.0244  0.0242  0.0244  0.0239  0.0245  0.0239  0.0241  0.0237  0.0236
niter,ni,del,rscale     1    3    5.0000    0.4000
parameters
   -1.9612   24.1651    1.5720   -2.0714  -13.8493   -4.7071
    4.2894   -6.4040   -3.5902   14.5855   10.4887  -17.5208
eta,q 0.97677 14.27555
  0.0237  0.0237  0.0236  0.0239  0.0238  0.0241  0.0237  0.0240  0.0237  0.0238  0.0235  0.0235
  0.0235  0.0234  0.0234  0.0236  0.0235  0.0238  0.0234  0.0236  0.0234  0.0235  0.0234  0.0233
  0.0233  0.0233  0.0233  0.0234  0.0233  0.0234  0.0233  0.0233  0.0233  0.0233  0.0233  0.0233
  0.0233  0.0232  0.0233  0.0232  0.0232  0.0232  0.0232  0.0232  0.0232  0.0232  0.0232  0.0232
  0.0233  0.0233  0.0233  0.0233  0.0233  0.0233  0.0233  0.0233  0.0233  0.0233  0.0233  0.0233
  0.0235  0.0234  0.0234  0.0235  0.0235  0.0235  0.0234  0.0236  0.0234  0.0235  0.0234  0.0233
  0.0237  0.0237  0.0235  0.0240  0.0239  0.0240  0.0237  0.0241  0.0237  0.0238  0.0235  0.0235
registration optimization eta report
parameter search radius
    0.8000    0.8000    0.8000    2.4000    2.4000    2.4000
    2.4000    2.4000    2.4000    2.4000    2.4000    2.4000
100000*second partial in parameter space
       74.       65.       46.       12.       10.       14.
        8.       14.        7.       10.        5.        4.
  0.0237  0.0237  0.0236  0.0239  0.0238  0.0241  0.0237  0.0240  0.0237  0.0238  0.0235  0.0235
  0.0235  0.0234  0.0234  0.0236  0.0235  0.0238  0.0234  0.0236  0.0234  0.0235  0.0234  0.0233
  0.0233  0.0233  0.0233  0.0234  0.0233  0.0234  0.0233  0.0233  0.0233  0.0233  0.0233  0.0233
  0.0233  0.0232  0.0233  0.0232  0.0232  0.0232  0.0232  0.0232  0.0232  0.0232  0.0232  0.0232
  0.0233  0.0233  0.0233  0.0233  0.0233  0.0233  0.0233  0.0233  0.0233  0.0233  0.0233  0.0233
  0.0235  0.0234  0.0234  0.0235  0.0235  0.0235  0.0234  0.0236  0.0234  0.0235  0.0234  0.0233
  0.0237  0.0237  0.0235  0.0240  0.0239  0.0240  0.0237  0.0241  0.0237  0.0238  0.0235  0.0235
   -1.9612   24.1651    1.5720   -2.0714  -13.8493   -4.7071
    4.2894   -6.4040   -3.5902   14.5855   10.4887  -17.5208
eta,q 0.97677 14.27555

---------------------------------------------------------------------
imgreg_4dfp /opt/freesurfer/average/711-2C_as_mni_average_305 /opt/freesurfer/average/711-2B_as_mni_average_305_mask talsrcimg_g11 none talsrcimg_to_711-2C_as_mni_average_305_t4 2311
---------------------------------------------------------------------

freesurfer imgreg_4dfp.c
/opt/freesurfer/average/711-2C_as_mni_average_305.4dfp.img
       256       256       256         1
  1.000000  1.000000  1.000000
orientation T byte_order littleendian
Reading image: /opt/freesurfer/average/711-2C_as_mni_average_305.4dfp.img
dimensions:      256       256       256
mmppix:       1.0000   -1.0000   -1.0000
center:     128.0000 -129.0000 -129.0000
/opt/freesurfer/average/711-2B_as_mni_average_305_mask.4dfp.img
       256       256       256         1
  1.000000  1.000000  1.000000
orientation T byte_order littleendian
Reading mask: /opt/freesurfer/average/711-2B_as_mni_average_305_mask.4dfp.img (2306576 pixels)
talsrcimg_g11.4dfp.img
       256       256       256         1
  1.000000  1.000000  1.000000
orientation T byte_order littleendian
Reading image: talsrcimg_g11.4dfp.img
dimensions:      256       256       256
mmppix:       1.0000   -1.0000   -1.0000
center:     128.0000 -129.0000 -129.0000
fimgreg.f
image alignment mode   2311 decimal      907 hex
parameters
   -1.9612   24.1651    1.5720   -2.0714  -13.8493   -4.7071
    4.2894   -6.4040   -3.5902   14.5855   10.4887  -17.5208
eta,q 0.97677 14.27555
niter,ni,del,rscale     5    3    5.0000    0.8000
parameters
   -1.9820   24.1648    1.6292   -2.4418  -13.9821   -5.3404
    4.3332   -6.3417   -3.5594   14.6243   10.5482  -17.3152
eta,q 0.97662 14.24010
  0.0250  0.0249  0.0245  0.0252  0.0253  0.0251  0.0251  0.0261  0.0250  0.0253  0.0243  0.0243
  0.0241  0.0240  0.0238  0.0243  0.0243  0.0245  0.0242  0.0246  0.0241  0.0244  0.0238  0.0238
  0.0234  0.0234  0.0234  0.0236  0.0235  0.0238  0.0236  0.0237  0.0236  0.0237  0.0235  0.0235
  0.0232  0.0232  0.0232  0.0232  0.0233  0.0233  0.0234  0.0234  0.0234  0.0234  0.0234  0.0234
  0.0235  0.0234  0.0234  0.0235  0.0235  0.0235  0.0236  0.0237  0.0236  0.0236  0.0235  0.0234
  0.0241  0.0240  0.0237  0.0246  0.0243  0.0248  0.0241  0.0246  0.0241  0.0242  0.0238  0.0237
  0.0252  0.0249  0.0243  0.0263  0.0257  0.0274  0.0250  0.0259  0.0250  0.0254  0.0243  0.0242
niter,ni,del,rscale     4    3    5.0000    0.7000
parameters
   -1.9596   24.1655    1.5214   -2.1712  -13.8845   -5.3295
    4.2869   -6.3536   -3.5840   14.6030   10.5588  -17.4326
eta,q 0.97667 14.25299
  0.0248  0.0246  0.0241  0.0253  0.0251  0.0250  0.0246  0.0255  0.0246  0.0249  0.0241  0.0239
  0.0240  0.0239  0.0237  0.0245  0.0242  0.0245  0.0239  0.0243  0.0239  0.0241  0.0237  0.0236
  0.0236  0.0235  0.0234  0.0238  0.0236  0.0239  0.0235  0.0236  0.0235  0.0236  0.0234  0.0234
  0.0234  0.0234  0.0234  0.0234  0.0233  0.0233  0.0233  0.0233  0.0233  0.0233  0.0233  0.0233
  0.0235  0.0235  0.0235  0.0234  0.0235  0.0233  0.0235  0.0236  0.0235  0.0235  0.0234  0.0234
  0.0239  0.0239  0.0238  0.0240  0.0240  0.0240  0.0239  0.0243  0.0239  0.0240  0.0237  0.0236
  0.0247  0.0246  0.0243  0.0250  0.0250  0.0255  0.0247  0.0254  0.0246  0.0250  0.0241  0.0240
niter,ni,del,rscale     3    3    5.0000    0.6000
parameters
   -1.9542   24.1593    1.4977   -2.0886  -13.8463   -5.0975
    4.2853   -6.3723   -3.5926   14.5854   10.5385  -17.5267
eta,q 0.97672 14.26438
  0.0244  0.0242  0.0239  0.0248  0.0246  0.0248  0.0243  0.0249  0.0242  0.0245  0.0239  0.0237
  0.0238  0.0237  0.0236  0.0241  0.0240  0.0243  0.0237  0.0240  0.0237  0.0239  0.0235  0.0235
  0.0235  0.0234  0.0234  0.0236  0.0235  0.0238  0.0234  0.0235  0.0234  0.0234  0.0233  0.0233
  0.0233  0.0233  0.0233  0.0233  0.0233  0.0233  0.0233  0.0233  0.0233  0.0233  0.0233  0.0233
  0.0234  0.0234  0.0234  0.0234  0.0234  0.0233  0.0234  0.0235  0.0234  0.0234  0.0233  0.0233
  0.0238  0.0237  0.0236  0.0239  0.0239  0.0237  0.0237  0.0241  0.0237  0.0238  0.0235  0.0235
  0.0244  0.0243  0.0240  0.0248  0.0246  0.0248  0.0243  0.0249  0.0242  0.0245  0.0239  0.0238
niter,ni,del,rscale     2    3    5.0000    0.5000
parameters
   -1.9564   24.1628    1.5273   -2.0717  -13.8453   -4.8758
    4.2949   -6.3877   -3.5942   14.5900   10.5068  -17.5603
eta,q 0.97675 14.27142
  0.0240  0.0239  0.0238  0.0243  0.0242  0.0245  0.0240  0.0245  0.0239  0.0241  0.0237  0.0236
  0.0236  0.0236  0.0235  0.0238  0.0237  0.0240  0.0236  0.0238  0.0236  0.0237  0.0234  0.0234
  0.0234  0.0234  0.0233  0.0234  0.0234  0.0236  0.0233  0.0234  0.0233  0.0234  0.0233  0.0233
  0.0233  0.0233  0.0233  0.0233  0.0233  0.0233  0.0233  0.0233  0.0232  0.0232  0.0232  0.0233
  0.0234  0.0233  0.0233  0.0234  0.0234  0.0233  0.0233  0.0234  0.0233  0.0233  0.0233  0.0233
  0.0236  0.0236  0.0235  0.0237  0.0237  0.0236  0.0236  0.0238  0.0235  0.0236  0.0234  0.0234
  0.0240  0.0239  0.0237  0.0244  0.0242  0.0244  0.0239  0.0245  0.0239  0.0241  0.0237  0.0236
niter,ni,del,rscale     1    3    5.0000    0.4000
parameters
   -1.9598   24.1657    1.5716   -2.0708  -13.8521   -4.7054
    4.2924   -6.4012   -3.5966   14.5954   10.4905  -17.5336
eta,q 0.97676 14.27568
  0.0237  0.0237  0.0236  0.0239  0.0238  0.0241  0.0237  0.0240  0.0237  0.0238  0.0235  0.0235
  0.0235  0.0234  0.0234  0.0236  0.0235  0.0238  0.0234  0.0236  0.0234  0.0235  0.0234  0.0233
  0.0233  0.0233  0.0233  0.0234  0.0233  0.0234  0.0233  0.0233  0.0233  0.0233  0.0233  0.0233
  0.0232  0.0233  0.0233  0.0232  0.0232  0.0232  0.0232  0.0232  0.0232  0.0232  0.0232  0.0232
  0.0233  0.0233  0.0233  0.0233  0.0233  0.0233  0.0233  0.0233  0.0233  0.0233  0.0233  0.0233
  0.0235  0.0234  0.0234  0.0235  0.0235  0.0235  0.0234  0.0236  0.0234  0.0235  0.0234  0.0233
  0.0237  0.0237  0.0235  0.0240  0.0239  0.0240  0.0237  0.0240  0.0237  0.0238  0.0235  0.0235
registration optimization eta report
parameter search radius
    0.8000    0.8000    0.8000    2.4000    2.4000    2.4000
    2.4000    2.4000    2.4000    2.4000    2.4000    2.4000
100000*second partial in parameter space
       75.       64.       46.       12.       10.       14.
        8.       14.        7.       10.        5.        4.
  0.0237  0.0237  0.0236  0.0239  0.0238  0.0241  0.0237  0.0240  0.0237  0.0238  0.0235  0.0235
  0.0235  0.0234  0.0234  0.0236  0.0235  0.0238  0.0234  0.0236  0.0234  0.0235  0.0234  0.0233
  0.0233  0.0233  0.0233  0.0234  0.0233  0.0234  0.0233  0.0233  0.0233  0.0233  0.0233  0.0233
  0.0232  0.0233  0.0233  0.0232  0.0232  0.0232  0.0232  0.0232  0.0232  0.0232  0.0232  0.0232
  0.0233  0.0233  0.0233  0.0233  0.0233  0.0233  0.0233  0.0233  0.0233  0.0233  0.0233  0.0233
  0.0235  0.0234  0.0234  0.0235  0.0235  0.0235  0.0234  0.0236  0.0234  0.0235  0.0234  0.0233
  0.0237  0.0237  0.0235  0.0240  0.0239  0.0240  0.0237  0.0240  0.0237  0.0238  0.0235  0.0235
   -1.9598   24.1657    1.5716   -2.0708  -13.8521   -4.7054
    4.2924   -6.4012   -3.5966   14.5954   10.4905  -17.5336
eta,q 0.97676 14.27568

---------------------------------------------------------------------
compute_vox2vox talsrcimg talsrcimg_to_711-2C_as_mni_average_305_t4 /opt/freesurfer/average/711-2C_as_mni_average_305
---------------------------------------------------------------------

freesurfer compute_vox2vox.c
Reading: talsrcimg.4dfp.ifh
Reading: talsrcimg_to_711-2C_as_mni_average_305_t4
Reading: /opt/freesurfer/average/711-2C_as_mni_average_305.4dfp.ifh
Writing: talsrcimg_to_711-2C_as_mni_average_305_t4_vox2vox.txt

start time Mon Mar 9 11:35:35 CET 2026
end		time Mon Mar 9 11:35:49 CET 2026

mpr2mni305 success

avi2talxfm orig_nu.mgz /opt/freesurfer/average/mni305.cor.mgz talsrcimg_to_711-2C_as_mni_average_305_t4_vox2vox.txt transforms/talairach.auto.xfm
avi2talxfm done
mv -f /out/sourcedata/freesurfer/sub-v1s21x0050423_ses-1/mri/talsrcimg_to_711-2C_as_mni_average_305_t4_vox2vox.txt /out/sourcedata/freesurfer/sub-v1s21x0050423_ses-1/mri/transforms/talsrcimg_to_711-2C_as_mni_average_305_t4_vox2vox.txt
lta_convert --src orig_nu.mgz --trg /opt/freesurfer/average/mni305.cor.mgz --inxfm transforms/talairach.auto.xfm --outlta transforms/talairach.auto.xfm.lta --subject fsaverage
7.3.2

--src: orig_nu.mgz src image (geometry).
--trg: /opt/freesurfer/average/mni305.cor.mgz trg image (geometry).
--inmni: transforms/talairach.auto.xfm input MNI/XFM transform.
--outlta: transforms/talairach.auto.xfm.lta output LTA.
--s: fsaverage subject name
 LTA read, type : 1
 1.01198   0.07341  -0.03548   2.07136;
-0.10050   1.01036   0.21065  -7.40505;
 0.05928  -0.16811   1.12363  -27.46014;
 0.00000   0.00000   0.00000   1.00000;
setting subject to fsaverage
Writing  LTA to file transforms/talairach.auto.xfm.lta...
lta_convert successful.
 
 
Started at Mon Mar 9 11:35:34 CET 2026
Ended   at Mon Mar  9 11:35:49 CET 2026
talairach_avi done
