status file for recon-all
Mon Mar  9 08:54:57 CET 2026
#@# MotionCor Mon Mar  9 08:54:59 CET 2026
#@# Talairach Mon Mar  9 08:55:07 CET 2026
#@# Talairach Failure Detection Mon Mar  9 08:59:30 CET 2026
#@# Nu Intensity Correction Mon Mar  9 08:59:30 CET 2026
#@# Intensity Normalization Mon Mar  9 09:02:43 CET 2026
recon-all -s sub-v1s21x0050383_ses-1 finished without error at Mon Mar  9 09:04:03 CET 2026



#New# invocation of recon-all 



status file for recon-all
Mon Mar  9 09:10:39 CET 2026
#@# EM Registration Mon Mar  9 09:10:39 CET 2026
recon-all -s sub-v1s21x0050383_ses-1 finished without error at Mon Mar  9 09:12:38 CET 2026



#New# invocation of recon-all 



status file for recon-all
Mon Mar  9 09:12:42 CET 2026
#@# CA Normalize Mon Mar  9 09:12:42 CET 2026
#@# CA Reg Mon Mar  9 09:14:00 CET 2026
#@# SubCort Seg Mon Mar  9 09:56:25 CET 2026
#@# CC Seg Mon Mar  9 10:24:42 CET 2026
#@# Merge ASeg Mon Mar  9 10:25:21 CET 2026
#@# Intensity Normalization2 Mon Mar  9 10:25:21 CET 2026
#@# Mask BFS Mon Mar  9 10:27:29 CET 2026
#@# WM Segmentation Mon Mar  9 10:27:30 CET 2026
#@# Fill Mon Mar  9 10:29:27 CET 2026
recon-all -s sub-v1s21x0050383_ses-1 finished without error at Mon Mar  9 10:30:28 CET 2026



#New# invocation of recon-all 



status file for recon-all
Mon Mar  9 11:09:24 CET 2026
#@# white curv lh Mon Mar  9 11:09:24 CET 2026
#@# white area lh Mon Mar  9 11:09:24 CET 2026
#@# pial curv lh Mon Mar  9 11:09:24 CET 2026
#@# pial area lh Mon Mar  9 11:09:24 CET 2026
#@# thickness lh Mon Mar  9 11:09:24 CET 2026
#@# area and vertex vol lh Mon Mar  9 11:09:24 CET 2026
#@# white curv rh Mon Mar  9 11:09:24 CET 2026
#@# white area rh Mon Mar  9 11:09:24 CET 2026
#@# pial curv rh Mon Mar  9 11:09:24 CET 2026
#@# pial area rh Mon Mar  9 11:09:24 CET 2026
#@# thickness rh Mon Mar  9 11:09:24 CET 2026
#@# area and vertex vol rh Mon Mar  9 11:09:24 CET 2026
#@# Cortical ribbon mask Mon Mar  9 11:09:24 CET 2026
recon-all -s sub-v1s21x0050383_ses-1 finished without error at Mon Mar  9 11:13:39 CET 2026



#New# invocation of recon-all 



status file for recon-all
Mon Mar  9 11:19:17 CET 2026
#@# white curv lh Mon Mar  9 11:19:17 CET 2026
#@# white area lh Mon Mar  9 11:19:17 CET 2026
#@# pial curv lh Mon Mar  9 11:19:17 CET 2026
#@# pial area lh Mon Mar  9 11:19:17 CET 2026
#@# thickness lh Mon Mar  9 11:19:17 CET 2026
#@# area and vertex vol lh Mon Mar  9 11:19:17 CET 2026
#@# white curv rh Mon Mar  9 11:19:17 CET 2026
#@# white area rh Mon Mar  9 11:19:17 CET 2026
#@# pial curv rh Mon Mar  9 11:19:17 CET 2026
#@# pial area rh Mon Mar  9 11:19:17 CET 2026
#@# thickness rh Mon Mar  9 11:19:17 CET 2026
#@# area and vertex vol rh Mon Mar  9 11:19:17 CET 2026
#@# Curvature Stats lh Mon Mar  9 11:19:17 CET 2026
#@# Curvature Stats rh Mon Mar  9 11:19:19 CET 2026
#@# Relabel Hypointensities Mon Mar  9 11:19:21 CET 2026
#@# APas-to-ASeg Mon Mar  9 11:19:35 CET 2026
#@# AParc-to-ASeg aparc Mon Mar  9 11:19:42 CET 2026
#@# AParc-to-ASeg aparc.a2009s Mon Mar  9 11:20:09 CET 2026
#@# AParc-to-ASeg aparc.DKTatlas Mon Mar  9 11:20:38 CET 2026
#@# WMParc Mon Mar  9 11:21:06 CET 2026
#@# ASeg Stats Mon Mar  9 11:24:39 CET 2026
recon-all -s sub-v1s21x0050383_ses-1 finished without error at Mon Mar  9 11:25:09 CET 2026
