status file for recon-all
Mon Mar  9 10:30:33 CET 2026
#@# Tessellate lh Mon Mar  9 10:30:33 CET 2026
#@# Smooth1 lh Mon Mar  9 10:30:36 CET 2026
#@# Inflation1 lh Mon Mar  9 10:30:38 CET 2026
#@# QSphere lh Mon Mar  9 10:30:47 CET 2026
#@# Fix Topology lh Mon Mar  9 10:31:36 CET 2026
#@# Smooth2 lh Mon Mar  9 10:37:33 CET 2026
#@# Inflation2 lh Mon Mar  9 10:37:35 CET 2026
#@# Curv .H and .K lh Mon Mar  9 10:37:44 CET 2026
#@# Sphere lh Mon Mar  9 10:38:28 CET 2026
#@# Surf Reg lh Mon Mar  9 10:41:31 CET 2026
#@# Jacobian white lh Mon Mar  9 10:44:28 CET 2026
#@# AvgCurv lh Mon Mar  9 10:44:29 CET 2026
#@# Cortical Parc lh Mon Mar  9 10:44:29 CET 2026
#@# white curv lh Mon Mar  9 10:49:39 CET 2026
#@# white area lh Mon Mar  9 10:49:40 CET 2026
#@# pial curv lh Mon Mar  9 10:49:41 CET 2026
#@# pial area lh Mon Mar  9 10:49:42 CET 2026
#@# thickness lh Mon Mar  9 10:49:43 CET 2026
#@# area and vertex vol lh Mon Mar  9 10:50:10 CET 2026
#@# Curvature Stats lh Mon Mar  9 10:50:11 CET 2026
#@# Cortical Parc 2 lh Mon Mar  9 10:50:13 CET 2026
#@# Cortical Parc 3 lh Mon Mar  9 10:50:25 CET 2026
#@# WM/GM Contrast lh Mon Mar  9 10:50:34 CET 2026
recon-all -s sub-v1s21x0050383_ses-1 finished without error at Mon Mar  9 10:50:37 CET 2026



#New# invocation of recon-all 



status file for recon-all
Mon Mar  9 11:13:43 CET 2026
#@# white curv lh Mon Mar  9 11:13:43 CET 2026
#@# white area lh Mon Mar  9 11:13:43 CET 2026
#@# pial curv lh Mon Mar  9 11:13:43 CET 2026
#@# pial area lh Mon Mar  9 11:13:43 CET 2026
#@# thickness lh Mon Mar  9 11:13:43 CET 2026
#@# area and vertex vol lh Mon Mar  9 11:13:43 CET 2026
#@# Parcellation Stats lh Mon Mar  9 11:13:43 CET 2026
#@# Parcellation Stats 2 lh Mon Mar  9 11:13:59 CET 2026
#@# Parcellation Stats 3 lh Mon Mar  9 11:14:07 CET 2026
#@# BA_exvivo Labels lh Mon Mar  9 11:14:15 CET 2026
recon-all -s sub-v1s21x0050383_ses-1 finished without error at Mon Mar  9 11:16:26 CET 2026
