status file for recon-all
Mon Mar  9 10:50:39 CET 2026
#@# Tessellate rh Mon Mar  9 10:50:39 CET 2026
#@# Smooth1 rh Mon Mar  9 10:50:42 CET 2026
#@# Inflation1 rh Mon Mar  9 10:50:44 CET 2026
#@# QSphere rh Mon Mar  9 10:50:54 CET 2026
#@# Fix Topology rh Mon Mar  9 10:51:40 CET 2026
#@# Smooth2 rh Mon Mar  9 10:56:27 CET 2026
#@# Inflation2 rh Mon Mar  9 10:56:30 CET 2026
#@# Curv .H and .K rh Mon Mar  9 10:56:40 CET 2026
#@# Sphere rh Mon Mar  9 10:57:24 CET 2026
#@# Surf Reg rh Mon Mar  9 10:59:59 CET 2026
#@# Jacobian white rh Mon Mar  9 11:03:01 CET 2026
#@# AvgCurv rh Mon Mar  9 11:03:02 CET 2026
#@# Cortical Parc rh Mon Mar  9 11:03:03 CET 2026
#@# white curv rh Mon Mar  9 11:08:20 CET 2026
#@# white area rh Mon Mar  9 11:08:21 CET 2026
#@# pial curv rh Mon Mar  9 11:08:22 CET 2026
#@# pial area rh Mon Mar  9 11:08:23 CET 2026
#@# thickness rh Mon Mar  9 11:08:24 CET 2026
#@# area and vertex vol rh Mon Mar  9 11:08:51 CET 2026
#@# Curvature Stats rh Mon Mar  9 11:08:52 CET 2026
#@# Cortical Parc 2 rh Mon Mar  9 11:08:54 CET 2026
#@# Cortical Parc 3 rh Mon Mar  9 11:09:06 CET 2026
#@# WM/GM Contrast rh Mon Mar  9 11:09:15 CET 2026
recon-all -s sub-v1s21x0050383_ses-1 finished without error at Mon Mar  9 11:09:19 CET 2026



#New# invocation of recon-all 



status file for recon-all
Mon Mar  9 11:16:29 CET 2026
#@# white curv rh Mon Mar  9 11:16:29 CET 2026
#@# white area rh Mon Mar  9 11:16:29 CET 2026
#@# pial curv rh Mon Mar  9 11:16:29 CET 2026
#@# pial area rh Mon Mar  9 11:16:29 CET 2026
#@# thickness rh Mon Mar  9 11:16:29 CET 2026
#@# area and vertex vol rh Mon Mar  9 11:16:29 CET 2026
#@# Parcellation Stats rh Mon Mar  9 11:16:29 CET 2026
#@# Parcellation Stats 2 rh Mon Mar  9 11:16:45 CET 2026
#@# Parcellation Stats 3 rh Mon Mar  9 11:16:53 CET 2026
#@# BA_exvivo Labels rh Mon Mar  9 11:17:01 CET 2026
recon-all -s sub-v1s21x0050383_ses-1 finished without error at Mon Mar  9 11:19:13 CET 2026
