status file for recon-all
Mon Mar  9 10:30:24 CET 2026
#@# Tessellate lh Mon Mar  9 10:30:24 CET 2026
#@# Smooth1 lh Mon Mar  9 10:30:27 CET 2026
#@# Inflation1 lh Mon Mar  9 10:30:29 CET 2026
#@# QSphere lh Mon Mar  9 10:30:37 CET 2026
#@# Fix Topology lh Mon Mar  9 10:31:23 CET 2026
#@# Smooth2 lh Mon Mar  9 10:36:08 CET 2026
#@# Inflation2 lh Mon Mar  9 10:36:10 CET 2026
#@# Curv .H and .K lh Mon Mar  9 10:36:19 CET 2026
#@# Sphere lh Mon Mar  9 10:37:00 CET 2026
#@# Surf Reg lh Mon Mar  9 10:38:44 CET 2026
#@# Jacobian white lh Mon Mar  9 10:41:58 CET 2026
#@# AvgCurv lh Mon Mar  9 10:41:59 CET 2026
#@# Cortical Parc lh Mon Mar  9 10:42:00 CET 2026
#@# white curv lh Mon Mar  9 10:47:13 CET 2026
#@# white area lh Mon Mar  9 10:47:14 CET 2026
#@# pial curv lh Mon Mar  9 10:47:15 CET 2026
#@# pial area lh Mon Mar  9 10:47:16 CET 2026
#@# thickness lh Mon Mar  9 10:47:17 CET 2026
#@# area and vertex vol lh Mon Mar  9 10:47:38 CET 2026
#@# Curvature Stats lh Mon Mar  9 10:47:40 CET 2026
#@# Cortical Parc 2 lh Mon Mar  9 10:47:41 CET 2026
#@# Cortical Parc 3 lh Mon Mar  9 10:47:52 CET 2026
#@# WM/GM Contrast lh Mon Mar  9 10:47:59 CET 2026
recon-all -s sub-v1s21x0050386_ses-1 finished without error at Mon Mar  9 10:48:01 CET 2026



#New# invocation of recon-all 



status file for recon-all
Mon Mar  9 11:12:20 CET 2026
#@# white curv lh Mon Mar  9 11:12:20 CET 2026
#@# white area lh Mon Mar  9 11:12:20 CET 2026
#@# pial curv lh Mon Mar  9 11:12:20 CET 2026
#@# pial area lh Mon Mar  9 11:12:20 CET 2026
#@# thickness lh Mon Mar  9 11:12:20 CET 2026
#@# area and vertex vol lh Mon Mar  9 11:12:20 CET 2026
#@# Parcellation Stats lh Mon Mar  9 11:12:20 CET 2026
#@# Parcellation Stats 2 lh Mon Mar  9 11:12:38 CET 2026
#@# Parcellation Stats 3 lh Mon Mar  9 11:12:47 CET 2026
#@# BA_exvivo Labels lh Mon Mar  9 11:12:55 CET 2026
recon-all -s sub-v1s21x0050386_ses-1 finished without error at Mon Mar  9 11:14:57 CET 2026
