status file for recon-all
Mon Mar  9 09:12:53 CET 2026
#@# MotionCor Mon Mar  9 09:12:55 CET 2026
#@# Talairach Mon Mar  9 09:13:00 CET 2026
#@# Talairach Failure Detection Mon Mar  9 09:15:49 CET 2026
#@# Nu Intensity Correction Mon Mar  9 09:15:49 CET 2026
#@# Intensity Normalization Mon Mar  9 09:18:34 CET 2026
recon-all -s sub-v1s21x0050386_ses-1 finished without error at Mon Mar  9 09:19:27 CET 2026



#New# invocation of recon-all 



status file for recon-all
Mon Mar  9 09:25:02 CET 2026
#@# EM Registration Mon Mar  9 09:25:02 CET 2026
recon-all -s sub-v1s21x0050386_ses-1 finished without error at Mon Mar  9 09:26:17 CET 2026



#New# invocation of recon-all 



status file for recon-all
Mon Mar  9 09:26:19 CET 2026
#@# CA Normalize Mon Mar  9 09:26:19 CET 2026
#@# CA Reg Mon Mar  9 09:27:11 CET 2026
#@# SubCort Seg Mon Mar  9 10:01:23 CET 2026
#@# CC Seg Mon Mar  9 10:26:18 CET 2026
#@# Merge ASeg Mon Mar  9 10:26:38 CET 2026
#@# Intensity Normalization2 Mon Mar  9 10:26:38 CET 2026
#@# Mask BFS Mon Mar  9 10:27:57 CET 2026
#@# WM Segmentation Mon Mar  9 10:27:58 CET 2026
#@# Fill Mon Mar  9 10:29:43 CET 2026
recon-all -s sub-v1s21x0050386_ses-1 finished without error at Mon Mar  9 10:30:21 CET 2026



#New# invocation of recon-all 



status file for recon-all
Mon Mar  9 11:08:01 CET 2026
#@# white curv lh Mon Mar  9 11:08:01 CET 2026
#@# white area lh Mon Mar  9 11:08:01 CET 2026
#@# pial curv lh Mon Mar  9 11:08:01 CET 2026
#@# pial area lh Mon Mar  9 11:08:01 CET 2026
#@# thickness lh Mon Mar  9 11:08:01 CET 2026
#@# area and vertex vol lh Mon Mar  9 11:08:01 CET 2026
#@# white curv rh Mon Mar  9 11:08:01 CET 2026
#@# white area rh Mon Mar  9 11:08:01 CET 2026
#@# pial curv rh Mon Mar  9 11:08:01 CET 2026
#@# pial area rh Mon Mar  9 11:08:01 CET 2026
#@# thickness rh Mon Mar  9 11:08:01 CET 2026
#@# area and vertex vol rh Mon Mar  9 11:08:01 CET 2026
#@# Cortical ribbon mask Mon Mar  9 11:08:01 CET 2026
recon-all -s sub-v1s21x0050386_ses-1 finished without error at Mon Mar  9 11:12:17 CET 2026



#New# invocation of recon-all 



status file for recon-all
Mon Mar  9 11:17:43 CET 2026
#@# white curv lh Mon Mar  9 11:17:43 CET 2026
#@# white area lh Mon Mar  9 11:17:43 CET 2026
#@# pial curv lh Mon Mar  9 11:17:43 CET 2026
#@# pial area lh Mon Mar  9 11:17:43 CET 2026
#@# thickness lh Mon Mar  9 11:17:43 CET 2026
#@# area and vertex vol lh Mon Mar  9 11:17:43 CET 2026
#@# white curv rh Mon Mar  9 11:17:43 CET 2026
#@# white area rh Mon Mar  9 11:17:43 CET 2026
#@# pial curv rh Mon Mar  9 11:17:43 CET 2026
#@# pial area rh Mon Mar  9 11:17:43 CET 2026
#@# thickness rh Mon Mar  9 11:17:43 CET 2026
#@# area and vertex vol rh Mon Mar  9 11:17:43 CET 2026
#@# Curvature Stats lh Mon Mar  9 11:17:43 CET 2026
#@# Curvature Stats rh Mon Mar  9 11:17:45 CET 2026
#@# Relabel Hypointensities Mon Mar  9 11:17:47 CET 2026
#@# APas-to-ASeg Mon Mar  9 11:17:58 CET 2026
#@# AParc-to-ASeg aparc Mon Mar  9 11:18:04 CET 2026
#@# AParc-to-ASeg aparc.a2009s Mon Mar  9 11:18:33 CET 2026
#@# AParc-to-ASeg aparc.DKTatlas Mon Mar  9 11:19:01 CET 2026
#@# WMParc Mon Mar  9 11:19:32 CET 2026
#@# ASeg Stats Mon Mar  9 11:21:13 CET 2026
recon-all -s sub-v1s21x0050386_ses-1 finished without error at Mon Mar  9 11:21:29 CET 2026
