/out/sourcedata/freesurfer/sub-v1s21x0050390_ses-1/mri
/opt/freesurfer/bin/talairach_avi
--i orig_nu.mgz --xfm transforms/talairach.auto.xfm
talairach_avi 7.3.2
Linux dna058 5.14.0-427.37.1.el9_4.x86_64 #1 SMP PREEMPT_DYNAMIC Fri Sep 13 12:41:50 EDT 2024 x86_64 x86_64 x86_64 GNU/Linux
Mon Mar  9 09:31:59 CET 2026
mri_convert orig_nu.mgz talsrcimg.img 
reading from orig_nu.mgz...
TR=0.00, TE=0.00, TI=0.00, flip angle=0.00
i_ras = (-1, 0, 0)
j_ras = (0, 0, -1)
k_ras = (0, 1, 0)
writing to talsrcimg.img...
Analyze Output Matrix
-1.00000   0.00000   0.00000   129.50781;
 0.00000   0.00000   1.00000  -128.49219;
 0.00000  -1.00000   0.00000   129.60004;
 0.00000   0.00000   0.00000   1.00000;
--------------------
INFO: set hdr.hist.orient to -1
mpr2mni305 talsrcimg
Mon Mar  9 09:31:59 CET 2026
/opt/freesurfer/bin/mpr2mni305 talsrcimg
mpr2mni305 7.3.2
target=711-2C_as_mni_average_305

---------------------------------------------------------------------
analyzeto4dfp talsrcimg -O0 -y
---------------------------------------------------------------------

freesurfer ifh2hdr.c
Mon Mar  9 09:32:00 2026
Writing: talsrcimg.4dfp.hdr
freesurfer analyzeto4dfp.c
Reading: talsrcimg.hdr
header size 348 bytes
hdr.dime.datatype	offset=70	value=2
hdr.dime.bitpix		offset=72	value=8
hdr.hist.orient		offset=252	value=-1
dimensionality     4
dimensions       256       256       256         1
Reading: talsrcimg.img
Writing: talsrcimg.4dfp.img
Writing: talsrcimg.4dfp.ifh
ifh2hdr talsrcimg -r0to231
ori=2

---------------------------------------------------------------------
gauss_4dfp talsrcimg 1.1
---------------------------------------------------------------------

freesurfer gauss_4dfp.c
Reading: talsrcimg.4dfp.img
Writing: talsrcimg_g11.4dfp.img
image dimensions 256 256 256 padded to 288 288 288
processing volume 1freesurfer ifh2hdr.c
Mon Mar  9 09:32:01 2026
Writing: talsrcimg_g11.4dfp.hdr

Writing: talsrcimg_g11.4dfp.ifh
including: talsrcimg.4dfp.img.rec in talsrcimg_g11.4dfp.img.rec

---------------------------------------------------------------------
imgreg_4dfp /opt/freesurfer/average/711-2C_as_mni_average_305 none talsrcimg_g11 none talsrcimg_to_711-2C_as_mni_average_305_t4 4355
---------------------------------------------------------------------

freesurfer imgreg_4dfp.c
/opt/freesurfer/average/711-2C_as_mni_average_305.4dfp.img
       256       256       256         1
  1.000000  1.000000  1.000000
orientation T byte_order littleendian
Reading image: /opt/freesurfer/average/711-2C_as_mni_average_305.4dfp.img
dimensions:      256       256       256
mmppix:       1.0000   -1.0000   -1.0000
center:     128.0000 -129.0000 -129.0000
talsrcimg_g11.4dfp.img
       256       256       256         1
  1.000000  1.000000  1.000000
orientation T byte_order littleendian
Reading image: talsrcimg_g11.4dfp.img
dimensions:      256       256       256
mmppix:       1.0000   -1.0000   -1.0000
center:     128.0000 -129.0000 -129.0000
t4_read: open error in t4_sub.f l:  41 t4_file(1:l)talsrcimg_to_711-2C_as_mni_average_305_t4 
t4_read: transform initialized to I4
rotation matrix determinant  1.000000
image alignment mode   4355 decimal     1103 hex
   -7.5000  -45.0000  -45.0000 7979.3110   18.3583
    0.0000  -45.0000  -45.0000 8428.7314   18.3659
    7.5000  -45.0000  -45.0000 8179.6660   18.3382
   -7.5000  -37.5000  -45.0000 8439.2031   18.3695
    0.0000  -37.5000  -45.0000 8917.3770   18.3742
    7.5000  -37.5000  -45.0000 8659.2314   18.3417
   -7.5000  -30.0000  -45.0000 9120.5479   18.3867
    0.0000  -30.0000  -45.0000 9644.4141   18.3832
    7.5000  -30.0000  -45.0000 9363.3662   18.3398
   -7.5000  -22.5000  -45.0000 9724.8789   18.3896
    0.0000  -22.5000  -45.000010297.4902   18.3791
    7.5000  -22.5000  -45.000010012.4111   18.3291
   -7.5000  -15.0000  -45.000010304.8350   18.3766
    0.0000  -15.0000  -45.000010922.9971   18.3692
    7.5000  -15.0000  -45.000010599.9619   18.3226
   -7.5000   -7.5000  -45.000010877.4365   18.3625
    0.0000   -7.5000  -45.000011537.1533   18.3649
    7.5000   -7.5000  -45.000011170.5557   18.3296
   -7.5000    0.0000  -45.000011400.4707   18.3583
    0.0000    0.0000  -45.000012062.2754   18.3659
    7.5000    0.0000  -45.000011700.0566   18.3382
   -7.5000    7.5000  -45.000011073.7656   18.3695
    0.0000    7.5000  -45.000011685.4404   18.3742
    7.5000    7.5000  -45.000011345.4678   18.3417
   -7.5000   15.0000  -45.000010589.4092   18.3867
    0.0000   15.0000  -45.000011156.2461   18.3832
    7.5000   15.0000  -45.000010832.6533   18.3398
   -7.5000   22.5000  -45.0000 9822.4209   18.3871
    0.0000   22.5000  -45.000010348.9785   18.3766
    7.5000   22.5000  -45.000010041.2461   18.3266
   -7.5000   30.0000  -45.0000 8969.9746   18.1318
    0.0000   30.0000  -45.0000 9408.7441   18.1244
    7.5000   30.0000  -45.0000 9151.8828   18.0784
   -7.5000   37.5000  -45.0000 8469.7959   18.1178
    0.0000   37.5000  -45.0000 8857.1875   18.1202
    7.5000   37.5000  -45.0000 8611.8916   18.0854
   -7.5000   45.0000  -45.0000 7613.6357   17.6537
    0.0000   45.0000  -45.0000 7984.5112   17.6610
    7.5000   45.0000  -45.0000 7760.6274   17.6344
   -7.5000  -45.0000  -37.5000 8524.0264   18.1808
    0.0000  -45.0000  -37.5000 8996.7012   18.1876
    7.5000  -45.0000  -37.5000 8752.5371   18.1620
   -7.5000  -37.5000  -37.5000 9006.4473   18.1822
    0.0000  -37.5000  -37.5000 9503.5732   18.1884
    7.5000  -37.5000  -37.5000 9242.2646   18.1617
   -7.5000  -30.0000  -37.5000 9733.4590   18.1835
    0.0000  -30.0000  -37.500010278.3428   18.1851
    7.5000  -30.0000  -37.5000 9993.7520   18.1492
   -7.5000  -22.5000  -37.500010384.4961   18.1809
    0.0000  -22.5000  -37.500010971.0098   18.1770
    7.5000  -22.5000  -37.500010673.4150   18.1321
   -7.5000  -15.0000  -37.500010949.4551   18.1777
    0.0000  -15.0000  -37.500011631.4307   18.1752
    7.5000  -15.0000  -37.500011265.1318   18.1300
   -7.5000   -7.5000  -37.500011497.0479   18.1788
    0.0000   -7.5000  -37.500012238.1064   18.1823
    7.5000   -7.5000  -37.500011850.4365   18.1473
   -7.5000    0.0000  -37.500012012.1201   18.1808
    0.0000    0.0000  -37.500012780.1064   18.1876
    7.5000    0.0000  -37.500012384.8398   18.1620
   -7.5000    7.5000  -37.500011654.9941   18.1822
    0.0000    7.5000  -37.500012379.1406   18.1884
    7.5000    7.5000  -37.500012005.0918   18.1617
   -7.5000   15.0000  -37.500011134.7500   18.1835
    0.0000   15.0000  -37.500011754.5410   18.1851
    7.5000   15.0000  -37.500011434.2461   18.1492
   -7.5000   22.5000  -37.500010318.1455   18.1784
    0.0000   22.5000  -37.500010866.6875   18.1746
    7.5000   22.5000  -37.500010561.4727   18.1297
   -7.5000   30.0000  -37.5000 9379.3535   17.9355
    0.0000   30.0000  -37.5000 9862.3135   17.9330
    7.5000   30.0000  -37.5000 9599.7471   17.8884
   -7.5000   37.5000  -37.5000 8816.3574   17.9365
    0.0000   37.5000  -37.5000 9270.3906   17.9400
    7.5000   37.5000  -37.5000 9021.0859   17.9055
   -7.5000   45.0000  -37.5000 7911.7139   17.4831
    0.0000   45.0000  -37.5000 8327.5029   17.4896
    7.5000   45.0000  -37.5000 8105.2217   17.4650
   -7.5000  -45.0000  -30.0000 9274.4424   18.9297
    0.0000  -45.0000  -30.0000 9805.2676   18.9405
    7.5000  -45.0000  -30.0000 9511.7041   18.9116
   -7.5000  -37.5000  -30.0000 9776.8564   18.9286
    0.0000  -37.5000  -30.000010326.6865   18.9361
    7.5000  -37.5000  -30.000010022.5947   18.9053
   -7.5000  -30.0000  -30.000010552.9160   18.9229
    0.0000  -30.0000  -30.000011147.4355   18.9283
    7.5000  -30.0000  -30.000010836.6602   18.8880
   -7.5000  -22.5000  -30.000011262.9395   18.9171
    0.0000  -22.5000  -30.000011929.9629   18.9233
    7.5000  -22.5000  -30.000011596.6221   18.8740
   -7.5000  -15.0000  -30.000011851.3477   18.9173
    0.0000  -15.0000  -30.000012632.7764   18.9280
    7.5000  -15.0000  -30.000012246.3711   18.8791
   -7.5000   -7.5000  -30.000012398.7842   18.9241
    0.0000   -7.5000  -30.000013218.0020   18.9374
    7.5000   -7.5000  -30.000012810.7061   18.8993
   -7.5000    0.0000  -30.000012895.3066   18.9297
    0.0000    0.0000  -30.000013747.8682   18.9405
    7.5000    0.0000  -30.000013331.1387   18.9116
   -7.5000    7.5000  -30.000012470.8721   18.9286
    0.0000    7.5000  -30.000013273.9541   18.9361
    7.5000    7.5000  -30.000012905.2129   18.9053
   -7.5000   15.0000  -30.000011931.8564   18.9229
    0.0000   15.0000  -30.000012644.9932   18.9283
    7.5000   15.0000  -30.000012284.3926   18.8880
   -7.5000   22.5000  -30.000011059.1816   18.9125
    0.0000   22.5000  -30.000011677.0840   18.9187
    7.5000   22.5000  -30.000011350.3291   18.8695
   -7.5000   30.0000  -30.000010046.1387   18.6669
    0.0000   30.0000  -30.000010580.5498   18.6776
    7.5000   30.0000  -30.000010286.1348   18.6293
   -7.5000   37.5000  -30.0000 9397.6553   18.6737
    0.0000   37.5000  -30.0000 9888.5518   18.6868
    7.5000   37.5000  -30.0000 9632.9658   18.6492
   -7.5000   45.0000  -30.0000 8419.8096   18.2166
    0.0000   45.0000  -30.0000 8862.3633   18.2270
    7.5000   45.0000  -30.0000 8620.9404   18.1991
   -7.5000  -45.0000  -22.500010007.6455   19.5682
    0.0000  -45.0000  -22.500010611.6680   19.5846
    7.5000  -45.0000  -22.500010282.1562   19.5519
   -7.5000  -37.5000  -22.500010533.9492   19.5778
    0.0000  -37.5000  -22.500011170.2900   19.5859
    7.5000  -37.5000  -22.500010846.5820   19.5463
   -7.5000  -30.0000  -22.500011367.9268   19.5829
    0.0000  -30.0000  -22.500012047.8027   19.5880
    7.5000  -30.0000  -22.500011697.8252   19.5354
   -7.5000  -22.5000  -22.500012091.0000   19.5776
    0.0000  -22.5000  -22.500012905.9512   19.5881
    7.5000  -22.5000  -22.500012515.7227   19.5287
   -7.5000  -15.0000  -22.500012684.2178   19.5681
    0.0000  -15.0000  -22.500013604.5029   19.5879
    7.5000  -15.0000  -22.500013229.6846   19.5340
   -7.5000   -7.5000  -22.500013267.1729   19.5639
    0.0000   -7.5000  -22.500014197.2100   19.5863
    7.5000   -7.5000  -22.500013821.3369   19.5462
   -7.5000    0.0000  -22.500013798.9775   19.5682
    0.0000    0.0000  -22.500014734.1514   19.5846
    7.5000    0.0000  -22.500014345.4160   19.5519
   -7.5000    7.5000  -22.500013317.4736   19.5778
    0.0000    7.5000  -22.500014205.5781   19.5859
    7.5000    7.5000  -22.500013844.5771   19.5463
   -7.5000   15.0000  -22.500012713.9834   19.5829
    0.0000   15.0000  -22.500013513.6631   19.5880
    7.5000   15.0000  -22.500013162.4014   19.5354
   -7.5000   22.5000  -22.500011790.5479   19.5715
    0.0000   22.5000  -22.500012489.3369   19.5820
    7.5000   22.5000  -22.500012174.8818   19.5227
   -7.5000   30.0000  -22.500010727.1279   19.3122
    0.0000   30.0000  -22.500011324.4395   19.3317
    7.5000   30.0000  -22.500011025.4326   19.2785
   -7.5000   37.5000  -22.5000 9996.6104   19.3080
    0.0000   37.5000  -22.500010521.9346   19.3301
    7.5000   37.5000  -22.500010255.9863   19.2905
   -7.5000   45.0000  -22.5000 8892.7998   18.8451
    0.0000   45.0000  -22.5000 9369.8926   18.8609
    7.5000   45.0000  -22.5000 9145.9014   18.8294
   -7.5000  -45.0000  -15.000010690.9297   20.0298
    0.0000  -45.0000  -15.000011381.9922   20.0467
    7.5000  -45.0000  -15.000011048.6768   20.0123
   -7.5000  -37.5000  -15.000011274.3623   20.0516
    0.0000  -37.5000  -15.000011998.3467   20.0584
    7.5000  -37.5000  -15.000011674.0566   20.0131
   -7.5000  -30.0000  -15.000012145.4092   20.0741
    0.0000  -30.0000  -15.000012976.7842   20.0744
    7.5000  -30.0000  -15.000012592.8154   20.0133
   -7.5000  -22.5000  -15.000012873.8008   20.0729
    0.0000  -22.5000  -15.000013861.2119   20.0773
    7.5000  -22.5000  -15.000013460.5186   20.0112
   -7.5000  -15.0000  -15.000013523.3066   20.0513
    0.0000  -15.0000  -15.000014508.9453   20.0665
    7.5000  -15.0000  -15.000014175.8467   20.0097
   -7.5000   -7.5000  -15.000014160.5400   20.0306
    0.0000   -7.5000  -15.000015153.1514   20.0519
    7.5000   -7.5000  -15.000014827.9727   20.0110
   -7.5000    0.0000  -15.000014719.6924   20.0298
    0.0000    0.0000  -15.000015719.4648   20.0467
    7.5000    0.0000  -15.000015407.9736   20.0123
   -7.5000    7.5000  -15.000014225.1416   20.0516
    0.0000    7.5000  -15.000015165.5215   20.0584
    7.5000    7.5000  -15.000014838.9326   20.0131
   -7.5000   15.0000  -15.000013540.6475   20.0741
    0.0000   15.0000  -15.000014401.7246   20.0744
    7.5000   15.0000  -15.000014075.8008   20.0133
   -7.5000   22.5000  -15.000012548.2217   20.0658
    0.0000   22.5000  -15.000013303.2217   20.0702
    7.5000   22.5000  -15.000013031.9883   20.0041
   -7.5000   30.0000  -15.000011397.1553   19.7918
    0.0000   30.0000  -15.000012060.8018   19.8068
    7.5000   30.0000  -15.000011833.6494   19.7507
   -7.5000   37.5000  -15.000010586.0889   19.7714
    0.0000   37.5000  -15.000011163.2080   19.7924
    7.5000   37.5000  -15.000010941.2041   19.7520
   -7.5000   45.0000  -15.0000 9386.5293   19.3013
    0.0000   45.0000  -15.0000 9910.8701   19.3177
    7.5000   45.0000  -15.0000 9705.3184   19.2845
   -7.5000  -45.0000   -7.500011411.1211   20.2710
    0.0000  -45.0000   -7.500012168.1602   20.2837
    7.5000  -45.0000   -7.500011852.0635   20.2502
   -7.5000  -37.5000   -7.500012072.9160   20.2936
    0.0000  -37.5000   -7.500012881.7881   20.2987
    7.5000  -37.5000   -7.500012557.9062   20.2559
   -7.5000  -30.0000   -7.500013027.8428   20.3213
    0.0000  -30.0000   -7.500014031.3037   20.3170
    7.5000  -30.0000   -7.500013636.6934   20.2597
   -7.5000  -22.5000   -7.500013770.5811   20.3234
    0.0000  -22.5000   -7.500014899.8604   20.3166
    7.5000  -22.5000   -7.500014582.2490   20.2539
   -7.5000  -15.0000   -7.500014416.1426   20.3000
    0.0000  -15.0000   -7.500015433.2637   20.3010
    7.5000  -15.0000   -7.500015211.0811   20.2460
   -7.5000   -7.5000   -7.500015078.1084   20.2753
    0.0000   -7.5000   -7.500016095.2900   20.2863
    7.5000   -7.5000   -7.500015885.5068   20.2460
   -7.5000    0.0000   -7.500015708.4980   20.2710
    0.0000    0.0000   -7.500016787.2773   20.2837
    7.5000    0.0000   -7.500016508.2480   20.2502
   -7.5000    7.5000   -7.500015199.9043   20.2936
    0.0000    7.5000   -7.500016203.5615   20.2987
    7.5000    7.5000   -7.500015894.2314   20.2559
   -7.5000   15.0000   -7.500014428.8057   20.3213
    0.0000   15.0000   -7.500015348.0479   20.3170
    7.5000   15.0000   -7.500015053.9199   20.2597
   -7.5000   22.5000   -7.500013364.4785   20.3140
    0.0000   22.5000   -7.500014199.1455   20.3073
    7.5000   22.5000   -7.500013939.1738   20.2445
   -7.5000   30.0000   -7.500012131.7988   20.0368
    0.0000   30.0000   -7.500012898.3887   20.0377
    7.5000   30.0000   -7.500012673.2637   19.9834
   -7.5000   37.5000   -7.500011251.5859   20.0124
    0.0000   37.5000   -7.500011914.6074   20.0232
    7.5000   37.5000   -7.500011693.3076   19.9834
   -7.5000   45.0000   -7.5000 9931.4150   19.5374
    0.0000   45.0000   -7.500010530.6416   19.5497
    7.5000   45.0000   -7.500010325.2754   19.5174
   -7.5000  -45.0000    0.000012031.9424   20.3245
    0.0000  -45.0000    0.000012803.9541   20.3326
    7.5000  -45.0000    0.000012519.5605   20.3021
   -7.5000  -37.5000    0.000012745.1182   20.3375
    0.0000  -37.5000    0.000013599.4775   20.3427
    7.5000  -37.5000    0.000013276.4316   20.3075
   -7.5000  -30.0000    0.000013828.6289   20.3549
    0.0000  -30.0000    0.000014981.6377   20.3513
    7.5000  -30.0000    0.000014648.4521   20.3045
   -7.5000  -22.5000    0.000014657.7432   20.3558
    0.0000  -22.5000    0.000015906.8848   20.3445
    7.5000  -22.5000    0.000015750.8555   20.2900
   -7.5000  -15.0000    0.000015297.9814   20.3406
    0.0000  -15.0000    0.000016340.4404   20.3325
    7.5000  -15.0000    0.000016241.0557   20.2812
   -7.5000   -7.5000    0.000015969.6455   20.3266
    0.0000   -7.5000    0.000016993.1426   20.3291
    7.5000   -7.5000    0.000016834.1934   20.2901
   -7.5000    0.0000    0.000016633.2148   20.3245
    0.0000    0.0000    0.000017753.7852   20.3326
    7.5000    0.0000    0.000017496.6406   20.3021
   -7.5000    7.5000    0.000016074.7793   20.3375
    0.0000    7.5000    0.000017186.6094   20.3427
    7.5000    7.5000    0.000016860.5449   20.3075
   -7.5000   15.0000    0.000015220.4268   20.3549
    0.0000   15.0000    0.000016284.2227   20.3513
    7.5000   15.0000    0.000015943.1592   20.3045
   -7.5000   22.5000    0.000014081.0986   20.3464
    0.0000   22.5000    0.000015030.3271   20.3351
    7.5000   22.5000    0.000014713.0713   20.2806
   -7.5000   30.0000    0.000012789.4717   20.0773
    0.0000   30.0000    0.000013664.5605   20.0693
    7.5000   30.0000    0.000013385.0479   20.0187
   -7.5000   37.5000    0.000011896.3115   20.0636
    0.0000   37.5000    0.000012660.8857   20.0660
    7.5000   37.5000    0.000012383.4639   20.0275
   -7.5000   45.0000    0.000010457.3350   19.5904
    0.0000   45.0000    0.000011153.5312   19.5983
    7.5000   45.0000    0.000010901.0498   19.5689
   -7.5000  -45.0000    7.500011762.1240   20.3311
    0.0000  -45.0000    7.500012460.5127   20.3385
    7.5000  -45.0000    7.500012214.5117   20.3094
   -7.5000  -37.5000    7.500012418.4570   20.3327
    0.0000  -37.5000    7.500013196.1143   20.3392
    7.5000  -37.5000    7.500012976.0439   20.3090
   -7.5000  -30.0000    7.500013452.3359   20.3336
    0.0000  -30.0000    7.500014691.9951   20.3351
    7.5000  -30.0000    7.500014525.6641   20.2952
   -7.5000  -22.5000    7.500014431.4258   20.3303
    0.0000  -22.5000    7.500015855.7686   20.3261
    7.5000  -22.5000    7.500015632.2256   20.2762
   -7.5000  -15.0000    7.500015151.3320   20.3268
    0.0000  -15.0000    7.500016379.3643   20.3242
    7.5000  -15.0000    7.500016127.9043   20.2738
   -7.5000   -7.5000    7.500015806.1836   20.3284
    0.0000   -7.5000    7.500017015.8691   20.3324
    7.5000   -7.5000    7.500016686.3867   20.2931
   -7.5000    0.0000    7.500016401.8008   20.3311
    0.0000    0.0000    7.500017674.2715   20.3385
    7.5000    0.0000    7.500017260.7148   20.3094
   -7.5000    7.5000    7.500015762.8779   20.3327
    0.0000    7.5000    7.500017022.1191   20.3392
    7.5000    7.5000    7.500016543.1523   20.3090
   -7.5000   15.0000    7.500014845.3828   20.3336
    0.0000   15.0000    7.500016000.0410   20.3351
    7.5000   15.0000    7.500015527.2666   20.2952
   -7.5000   22.5000    7.500013696.9414   20.3209
    0.0000   22.5000    7.500014712.9150   20.3167
    7.5000   22.5000    7.500014313.5059   20.2668
   -7.5000   30.0000    7.500012457.2676   20.0637
    0.0000   30.0000    7.500013346.4736   20.0612
    7.5000   30.0000    7.500013011.3525   20.0115
   -7.5000   37.5000    7.500011580.8477   20.0653
    0.0000   37.5000    7.500012350.3779   20.0693
    7.5000   37.5000    7.500012056.5928   20.0305
   -7.5000   45.0000    7.500010188.2305   19.5969
    0.0000   45.0000    7.500010868.1768   19.6040
    7.5000   45.0000    7.500010590.8936   19.5760
   -7.5000  -45.0000   15.000011334.4365   20.3280
    0.0000  -45.0000   15.000011990.1465   20.3396
    7.5000  -45.0000   15.000011703.9121   20.3085
   -7.5000  -37.5000   15.000011906.7549   20.3268
    0.0000  -37.5000   15.000012717.4277   20.3348
    7.5000  -37.5000   15.000012476.3721   20.3017
   -7.5000  -30.0000   15.000012853.3760   20.3207
    0.0000  -30.0000   15.000014076.9033   20.3265
    7.5000  -30.0000   15.000013728.6465   20.2832
   -7.5000  -22.5000   15.000013843.6699   20.3144
    0.0000  -22.5000   15.000015175.3926   20.3211
    7.5000  -22.5000   15.000014594.0625   20.2682
   -7.5000  -15.0000   15.000014610.0586   20.3147
    0.0000  -15.0000   15.000015959.2334   20.3262
    7.5000  -15.0000   15.000015266.2881   20.2736
   -7.5000   -7.5000   15.000015275.0146   20.3220
    0.0000   -7.5000   15.000016663.6230   20.3362
    7.5000   -7.5000   15.000016033.7305   20.2953
   -7.5000    0.0000   15.000015812.8379   20.3280
    0.0000    0.0000   15.000017171.3555   20.3396
    7.5000    0.0000   15.000016562.6367   20.3085
   -7.5000    7.5000   15.000015179.9756   20.3268
    0.0000    7.5000   15.000016427.3789   20.3348
    7.5000    7.5000   15.000015836.4053   20.3017
   -7.5000   15.0000   15.000014237.9062   20.3207
    0.0000   15.0000   15.000015364.9150   20.3265
    7.5000   15.0000   15.000014823.2979   20.2832
   -7.5000   22.5000   15.000013128.9590   20.3051
    0.0000   22.5000   15.000014110.5439   20.3117
    7.5000   22.5000   15.000013670.6221   20.2588
   -7.5000   30.0000   15.000011967.1738   20.0517
    0.0000   30.0000   15.000012804.1650   20.0631
    7.5000   30.0000   15.000012463.8965   20.0112
   -7.5000   37.5000   15.000011116.7148   20.0590
    0.0000   37.5000   15.000011834.3184   20.0730
    7.5000   37.5000   15.000011547.5889   20.0326
   -7.5000   45.0000   15.0000 9799.0791   19.5938
    0.0000   45.0000   15.000010417.1758   19.6050
    7.5000   45.0000   15.000010161.7090   19.5750
   -7.5000  -45.0000   22.500010729.2832   20.3250
    0.0000  -45.0000   22.500011400.0654   20.3420
    7.5000  -45.0000   22.500011100.3682   20.3081
   -7.5000  -37.5000   22.500011291.3311   20.3350
    0.0000  -37.5000   22.500012101.9141   20.3434
    7.5000  -37.5000   22.500011798.1611   20.3022
   -7.5000  -30.0000   22.500012206.6738   20.3403
    0.0000  -30.0000   22.500013224.6885   20.3455
    7.5000  -30.0000   22.500012735.5908   20.2908
   -7.5000  -22.5000   22.500013124.1045   20.3349
    0.0000  -22.5000   22.500014111.0068   20.3456
    7.5000  -22.5000   22.500013488.8154   20.2840
   -7.5000  -15.0000   22.500013877.5879   20.3250
    0.0000  -15.0000   22.500014889.7812   20.3454
    7.5000  -15.0000   22.500014244.3125   20.2895
   -7.5000   -7.5000   22.500014536.3740   20.3205
    0.0000   -7.5000   22.500015652.1855   20.3438
    7.5000   -7.5000   22.500015100.0244   20.3022
   -7.5000    0.0000   22.500015080.9814   20.3250
    0.0000    0.0000   22.500016243.9141   20.3420
    7.5000    0.0000   22.500015709.3926   20.3081
   -7.5000    7.5000   22.500014497.0098   20.3350
    0.0000    7.5000   22.500015585.8486   20.3434
    7.5000    7.5000   22.500015044.7998   20.3022
   -7.5000   15.0000   22.500013572.7207   20.3403
    0.0000   15.0000   22.500014569.8125   20.3455
    7.5000   15.0000   22.500014083.8623   20.2908
   -7.5000   22.5000   22.500012487.3311   20.3255
    0.0000   22.5000   22.500013395.7852   20.3362
    7.5000   22.5000   22.500012958.5439   20.2746
   -7.5000   30.0000   22.500011362.0781   20.0620
    0.0000   30.0000   22.500012141.7998   20.0821
    7.5000   30.0000   22.500011775.7178   20.0269
   -7.5000   37.5000   22.500010524.7920   20.0576
    0.0000   37.5000   22.500011203.2705   20.0805
    7.5000   37.5000   22.500010906.3203   20.0394
   -7.5000   45.0000   22.5000 9307.5654   19.5909
    0.0000   45.0000   22.5000 9886.0371   19.6073
    7.5000   45.0000   22.5000 9615.0693   19.5747
   -7.5000  -45.0000   30.000010027.5742   20.3900
    0.0000  -45.0000   30.000010615.2656   20.4075
    7.5000  -45.0000   30.000010400.0098   20.3723
   -7.5000  -37.5000   30.000010562.9355   20.4122
    0.0000  -37.5000   30.000011219.6982   20.4192
    7.5000  -37.5000   30.000010951.1152   20.3729
   -7.5000  -30.0000   30.000011424.3330   20.4352
    0.0000  -30.0000   30.000012169.1250   20.4354
    7.5000  -30.0000   30.000011719.9141   20.3730
   -7.5000  -22.5000   30.000012280.4824   20.4342
    0.0000  -22.5000   30.000012980.0068   20.4384
    7.5000  -22.5000   30.000012463.3555   20.3708
   -7.5000  -15.0000   30.000012958.5459   20.4122
    0.0000  -15.0000   30.000013712.3740   20.4275
    7.5000  -15.0000   30.000013198.6709   20.3694
   -7.5000   -7.5000   30.000013561.0332   20.3910
    0.0000   -7.5000   30.000014436.1875   20.4128
    7.5000   -7.5000   30.000013924.4873   20.3709
   -7.5000    0.0000   30.000014119.1104   20.3900
    0.0000    0.0000   30.000015063.6943   20.4075
    7.5000    0.0000   30.000014542.0879   20.3723
   -7.5000    7.5000   30.000013595.3594   20.4122
    0.0000    7.5000   30.000014498.7393   20.4192
    7.5000    7.5000   30.000013999.5059   20.3729
   -7.5000   15.0000   30.000012738.6016   20.4352
    0.0000   15.0000   30.000013574.9131   20.4354
    7.5000   15.0000   30.000013128.3926   20.3730
   -7.5000   22.5000   30.000011704.6641   20.4248
    0.0000   22.5000   30.000012462.9688   20.4290
    7.5000   22.5000   30.000012037.2051   20.3614
   -7.5000   30.0000   30.000010615.0781   20.1481
    0.0000   30.0000   30.000011236.7461   20.1632
    7.5000   30.0000   30.000010864.1143   20.1058
   -7.5000   37.5000   30.0000 9821.2881   20.1271
    0.0000   37.5000   30.000010396.5527   20.1486
    7.5000   37.5000   30.000010072.1475   20.1072
   -7.5000   45.0000   30.0000 8693.6533   19.6536
    0.0000   45.0000   30.0000 9205.3008   19.6704
    7.5000   45.0000   30.0000 8905.9893   19.6366
   -7.5000  -45.0000   37.5000 9673.5859   20.6503
    0.0000  -45.0000   37.500010226.0742   20.6633
    7.5000  -45.0000   37.500010027.8096   20.6282
   -7.5000  -37.5000   37.500010162.2930   20.6743
    0.0000  -37.5000   37.500010769.9004   20.6793
    7.5000  -37.5000   37.500010525.7393   20.6347
   -7.5000  -30.0000   37.500011013.5303   20.7027
    0.0000  -30.0000   37.500011624.8223   20.6979
    7.5000  -30.0000   37.500011265.8984   20.6381
   -7.5000  -22.5000   37.500011806.7705   20.7038
    0.0000  -22.5000   37.500012400.5205   20.6963
    7.5000  -22.5000   37.500012007.7266   20.6309
   -7.5000  -15.0000   37.500012468.2734   20.6790
    0.0000  -15.0000   37.500013137.3516   20.6794
    7.5000  -15.0000   37.500012694.3057   20.6219
   -7.5000   -7.5000   37.500013033.3271   20.6538
    0.0000   -7.5000   37.500013818.7188   20.6648
    7.5000   -7.5000   37.500013337.6006   20.6226
   -7.5000    0.0000   37.500013598.9141   20.6503
    0.0000    0.0000   37.500014430.1924   20.6633
    7.5000    0.0000   37.500013942.9453   20.6282
   -7.5000    7.5000   37.500013124.1016   20.6743
    0.0000    7.5000   37.500013934.3975   20.6793
    7.5000    7.5000   37.500013470.1846   20.6347
   -7.5000   15.0000   37.500012327.4688   20.7027
    0.0000   15.0000   37.500013046.6260   20.6979
    7.5000   15.0000   37.500012633.4658   20.6381
   -7.5000   22.5000   37.500011309.9844   20.6943
    0.0000   22.5000   37.500011948.1855   20.6867
    7.5000   22.5000   37.500011558.4678   20.6214
   -7.5000   30.0000   37.500010210.4648   20.4114
    0.0000   30.0000   37.500010734.3779   20.4117
    7.5000   30.0000   37.500010392.3564   20.3551
   -7.5000   37.5000   37.5000 9460.9785   20.3865
    0.0000   37.5000   37.5000 9927.8838   20.3974
    7.5000   37.5000   37.5000 9615.5195   20.3557
   -7.5000   45.0000   37.5000 8379.8457   19.9045
    0.0000   45.0000   37.5000 8793.8369   19.9171
    7.5000   45.0000   37.5000 8508.2529   19.8832
   -7.5000  -45.0000   45.0000 8932.1377   20.9525
    0.0000  -45.0000   45.0000 9429.9561   20.9600
    7.5000  -45.0000   45.0000 9231.2666   20.9271
   -7.5000  -37.5000   45.0000 9363.6152   20.9664
    0.0000  -37.5000   45.0000 9893.8574   20.9715
    7.5000  -37.5000   45.0000 9663.9092   20.9340
   -7.5000  -30.0000   45.000010112.4629   20.9830
    0.0000  -30.0000   45.000010618.9697   20.9790
    7.5000  -30.0000   45.000010350.3613   20.9293
   -7.5000  -22.5000   45.000010800.3877   20.9817
    0.0000  -22.5000   45.000011308.2969   20.9692
    7.5000  -22.5000   45.000011004.8262   20.9111
   -7.5000  -15.0000   45.000011400.7900   20.9652
    0.0000  -15.0000   45.000011976.2559   20.9556
    7.5000  -15.0000   45.000011621.3555   20.9002
   -7.5000   -7.5000   45.000011960.6572   20.9523
    0.0000   -7.5000   45.000012605.4600   20.9537
    7.5000   -7.5000   45.000012189.3740   20.9113
   -7.5000    0.0000   45.000012496.8643   20.9525
    0.0000    0.0000   45.000013191.3535   20.9600
    7.5000    0.0000   45.000012746.8701   20.9271
   -7.5000    7.5000   45.000012055.4678   20.9664
    0.0000    7.5000   45.000012726.0381   20.9715
    7.5000    7.5000   45.000012351.4287   20.9340
   -7.5000   15.0000   45.000011330.7803   20.9830
    0.0000   15.0000   45.000011915.2939   20.9790
    7.5000   15.0000   45.000011578.4521   20.9293
   -7.5000   22.5000   45.000010373.1465   20.9720
    0.0000   22.5000   45.000010874.2422   20.9595
    7.5000   22.5000   45.000010590.7061   20.9014
   -7.5000   30.0000   45.0000 9355.1934   20.6920
    0.0000   30.0000   45.0000 9772.2686   20.6826
    7.5000   30.0000   45.0000 9530.5205   20.6279
   -7.5000   37.5000   45.0000 8689.8906   20.6794
    0.0000   37.5000   45.0000 9081.1396   20.6807
    7.5000   37.5000   45.0000 8822.9482   20.6389
   -7.5000   45.0000   45.0000 7687.9473   20.2049
    0.0000   45.0000   45.0000 8033.6621   20.2122
    7.5000   45.0000   45.0000 7789.9712   20.1804

---------------------------------------------------------------------
imgreg_4dfp /opt/freesurfer/average/711-2C_as_mni_average_305 /opt/freesurfer/average/711-2B_as_mni_average_305_mask talsrcimg_g11 none talsrcimg_to_711-2C_as_mni_average_305_t4 4355
---------------------------------------------------------------------

freesurfer imgreg_4dfp.c
/opt/freesurfer/average/711-2C_as_mni_average_305.4dfp.img
       256       256       256         1
  1.000000  1.000000  1.000000
orientation T byte_order littleendian
Reading image: /opt/freesurfer/average/711-2C_as_mni_average_305.4dfp.img
dimensions:      256       256       256
mmppix:       1.0000   -1.0000   -1.0000
center:     128.0000 -129.0000 -129.0000
/opt/freesurfer/average/711-2B_as_mni_average_305_mask.4dfp.img
       256       256       256         1
  1.000000  1.000000  1.000000
orientation T byte_order littleendian
Reading mask: /opt/freesurfer/average/711-2B_as_mni_average_305_mask.4dfp.img (2306576 pixels)
talsrcimg_g11.4dfp.img
       256       256       256         1
  1.000000  1.000000  1.000000
orientation T byte_order littleendian
Reading image: talsrcimg_g11.4dfp.img
dimensions:      256       256       256
mmppix:       1.0000   -1.0000   -1.0000
center:     128.0000 -129.0000 -129.0000
rotation matrix determinant  1.000000
image alignment mode   4355 decimal     1103 hex
   -7.5000  -45.0000  -45.0000 2189.0852   21.0803
    0.0000  -45.0000  -45.0000 2204.3982   20.8330
    7.5000  -45.0000  -45.0000 2206.4319   20.8951
   -7.5000  -37.5000  -45.0000 2261.5125   19.6086
    0.0000  -37.5000  -45.0000 2282.3933   19.3879
    7.5000  -37.5000  -45.0000 2281.7434   19.4162
   -7.5000  -30.0000  -45.0000 2304.2581   18.5821
    0.0000  -30.0000  -45.0000 2330.1687   18.3392
    7.5000  -30.0000  -45.0000 2329.1152   18.3503
   -7.5000  -22.5000  -45.0000 2328.9419   17.9397
    0.0000  -22.5000  -45.0000 2351.9810   17.6765
    7.5000  -22.5000  -45.0000 2357.4619   17.6579
   -7.5000  -15.0000  -45.0000 2342.4343   17.7100
    0.0000  -15.0000  -45.0000 2367.3098   17.3661
    7.5000  -15.0000  -45.0000 2368.0269   17.3221
   -7.5000   -7.5000  -45.0000 2335.2971   17.7308
    0.0000   -7.5000  -45.0000 2360.0813   17.4196
    7.5000   -7.5000  -45.0000 2364.0354   17.4510
   -7.5000    0.0000  -45.0000 2304.8267   18.2953
    0.0000    0.0000  -45.0000 2331.5793   17.9610
    7.5000    0.0000  -45.0000 2337.8745   17.9671
   -7.5000    7.5000  -45.0000 2258.8596   19.1669
    0.0000    7.5000  -45.0000 2283.4648   18.8264
    7.5000    7.5000  -45.0000 2292.3005   18.8511
   -7.5000   15.0000  -45.0000 2187.4910   20.4052
    0.0000   15.0000  -45.0000 2211.0989   20.0327
    7.5000   15.0000  -45.0000 2216.2832   19.9991
   -7.5000   22.5000  -45.0000 2093.5784   22.1384
    0.0000   22.5000  -45.0000 2118.0869   21.6564
    7.5000   22.5000  -45.0000 2120.1235   21.6641
   -7.5000   30.0000  -45.0000 1988.3317   24.3665
    0.0000   30.0000  -45.0000 2006.3588   23.8667
    7.5000   30.0000  -45.0000 2011.6975   23.8409
   -7.5000   37.5000  -45.0000 1873.0955   27.3446
    0.0000   37.5000  -45.0000 1893.6891   26.8123
    7.5000   37.5000  -45.0000 1896.7313   26.8481
   -7.5000   45.0000  -45.0000 1734.1486   31.3816
    0.0000   45.0000  -45.0000 1753.8021   30.8362
    7.5000   45.0000  -45.0000 1754.9506   30.8595
   -7.5000  -45.0000  -37.5000 2274.2234   19.5112
    0.0000  -45.0000  -37.5000 2295.7312   19.2624
    7.5000  -45.0000  -37.5000 2298.3884   19.3282
   -7.5000  -37.5000  -37.5000 2353.4038   18.1135
    0.0000  -37.5000  -37.5000 2374.7988   17.8946
    7.5000  -37.5000  -37.5000 2376.9023   17.9523
   -7.5000  -30.0000  -37.5000 2399.9546   17.1868
    0.0000  -30.0000  -37.5000 2429.1626   16.9404
    7.5000  -30.0000  -37.5000 2428.7751   16.9367
   -7.5000  -22.5000  -37.5000 2428.4663   16.5472
    0.0000  -22.5000  -37.5000 2453.8611   16.3334
    7.5000  -22.5000  -37.5000 2459.3921   16.2961
   -7.5000  -15.0000  -37.5000 2441.6111   16.3120
    0.0000  -15.0000  -37.5000 2467.5537   16.0462
    7.5000  -15.0000  -37.5000 2470.3342   16.0078
   -7.5000   -7.5000  -37.5000 2431.0627   16.3765
    0.0000   -7.5000  -37.5000 2461.3279   16.1011
    7.5000   -7.5000  -37.5000 2466.5183   16.0762
   -7.5000    0.0000  -37.5000 2403.3501   16.8325
    0.0000    0.0000  -37.5000 2435.4832   16.5461
    7.5000    0.0000  -37.5000 2439.3528   16.5314
   -7.5000    7.5000  -37.5000 2354.4536   17.6087
    0.0000    7.5000  -37.5000 2385.8022   17.2990
    7.5000    7.5000  -37.5000 2391.3774   17.2988
   -7.5000   15.0000  -37.5000 2281.6704   18.7782
    0.0000   15.0000  -37.5000 2306.8306   18.4366
    7.5000   15.0000  -37.5000 2315.6863   18.4101
   -7.5000   22.5000  -37.5000 2184.8501   20.3517
    0.0000   22.5000  -37.5000 2210.9727   19.9608
    7.5000   22.5000  -37.5000 2213.8301   19.9842
   -7.5000   30.0000  -37.5000 2071.1646   22.4391
    0.0000   30.0000  -37.5000 2089.4065   22.0220
    7.5000   30.0000  -37.5000 2096.7759   22.0092
   -7.5000   37.5000  -37.5000 1946.2719   25.2007
    0.0000   37.5000  -37.5000 1970.4236   24.7633
    7.5000   37.5000  -37.5000 1975.9586   24.7980
   -7.5000   45.0000  -37.5000 1798.8892   28.9160
    0.0000   45.0000  -37.5000 1820.8562   28.4346
    7.5000   45.0000  -37.5000 1825.2863   28.5017
   -7.5000  -45.0000  -30.0000 2393.1924   18.7515
    0.0000  -45.0000  -30.0000 2422.0225   18.5298
    7.5000  -45.0000  -30.0000 2425.1143   18.5158
   -7.5000  -37.5000  -30.0000 2475.5911   17.3657
    0.0000  -37.5000  -30.0000 2503.1392   17.1550
    7.5000  -37.5000  -30.0000 2502.7485   17.1342
   -7.5000  -30.0000  -30.0000 2530.1912   16.4087
    0.0000  -30.0000  -30.0000 2563.5962   16.2150
    7.5000  -30.0000  -30.0000 2568.0144   16.1935
   -7.5000  -22.5000  -30.0000 2571.8611   15.8139
    0.0000  -22.5000  -30.0000 2600.5693   15.6284
    7.5000  -22.5000  -30.0000 2608.3254   15.5896
   -7.5000  -15.0000  -30.0000 2596.1548   15.5367
    0.0000  -15.0000  -30.0000 2620.6453   15.3522
    7.5000  -15.0000  -30.0000 2625.0967   15.2962
   -7.5000   -7.5000  -30.0000 2580.8010   15.6523
    0.0000   -7.5000  -30.0000 2616.0125   15.4189
    7.5000   -7.5000  -30.0000 2619.8315   15.3809
   -7.5000    0.0000  -30.0000 2544.1953   16.1007
    0.0000    0.0000  -30.0000 2582.7214   15.8342
    7.5000    0.0000  -30.0000 2589.0212   15.8046
   -7.5000    7.5000  -30.0000 2487.4897   16.8362
    0.0000    7.5000  -30.0000 2527.6514   16.5532
    7.5000    7.5000  -30.0000 2536.5549   16.5282
   -7.5000   15.0000  -30.0000 2411.1572   17.9839
    0.0000   15.0000  -30.0000 2447.2227   17.6457
    7.5000   15.0000  -30.0000 2452.6985   17.6143
   -7.5000   22.5000  -30.0000 2312.8591   19.4742
    0.0000   22.5000  -30.0000 2344.9531   19.1346
    7.5000   22.5000  -30.0000 2346.2114   19.1208
   -7.5000   30.0000  -30.0000 2190.0984   21.5174
    0.0000   30.0000  -30.0000 2212.2786   21.1112
    7.5000   30.0000  -30.0000 2216.8740   21.0596
   -7.5000   37.5000  -30.0000 2049.8020   24.1602
    0.0000   37.5000  -30.0000 2073.7783   23.7406
    7.5000   37.5000  -30.0000 2083.2014   23.7424
   -7.5000   45.0000  -30.0000 1902.4132   27.6645
    0.0000   45.0000  -30.0000 1923.0162   27.2882
    7.5000   45.0000  -30.0000 1928.3135   27.3061
   -7.5000  -45.0000  -22.5000 2474.2607   17.8458
    0.0000  -45.0000  -22.5000 2511.6125   17.6194
    7.5000  -45.0000  -22.5000 2514.4214   17.5894
   -7.5000  -37.5000  -22.5000 2560.7878   16.4932
    0.0000  -37.5000  -22.5000 2599.0066   16.3113
    7.5000  -37.5000  -22.5000 2602.8271   16.2759
   -7.5000  -30.0000  -22.5000 2627.3809   15.5529
    0.0000  -30.0000  -22.5000 2662.0786   15.3571
    7.5000  -30.0000  -22.5000 2672.4404   15.3449
   -7.5000  -22.5000  -22.5000 2676.3962   14.9715
    0.0000  -22.5000  -22.5000 2713.1584   14.7868
    7.5000  -22.5000  -22.5000 2723.9863   14.7704
   -7.5000  -15.0000  -22.5000 2703.2563   14.6712
    0.0000  -15.0000  -22.5000 2739.5073   14.5381
    7.5000  -15.0000  -22.5000 2749.9753   14.4762
   -7.5000   -7.5000  -22.5000 2700.5183   14.8175
    0.0000   -7.5000  -22.5000 2738.8906   14.6028
    7.5000   -7.5000  -22.5000 2746.0676   14.5797
   -7.5000    0.0000  -22.5000 2663.0122   15.2816
    0.0000    0.0000  -22.5000 2705.8826   14.9878
    7.5000    0.0000  -22.5000 2711.3594   14.9881
   -7.5000    7.5000  -22.5000 2603.3062   16.0675
    0.0000    7.5000  -22.5000 2646.8035   15.7429
    7.5000    7.5000  -22.5000 2653.7246   15.7050
   -7.5000   15.0000  -22.5000 2517.7576   17.1555
    0.0000   15.0000  -22.5000 2557.6663   16.7895
    7.5000   15.0000  -22.5000 2559.2952   16.7745
   -7.5000   22.5000  -22.5000 2412.0349   18.6092
    0.0000   22.5000  -22.5000 2442.8726   18.2562
    7.5000   22.5000  -22.5000 2448.1543   18.1895
   -7.5000   30.0000  -22.5000 2281.3196   20.5234
    0.0000   30.0000  -22.5000 2309.3174   20.1609
    7.5000   30.0000  -22.5000 2310.5159   20.0934
   -7.5000   37.5000  -22.5000 2129.4666   23.0522
    0.0000   37.5000  -22.5000 2153.9792   22.6871
    7.5000   37.5000  -22.5000 2159.5828   22.6258
   -7.5000   45.0000  -22.5000 1972.3705   26.4047
    0.0000   45.0000  -22.5000 1991.3577   25.9384
    7.5000   45.0000  -22.5000 1993.1031   25.9429
   -7.5000  -45.0000  -15.0000 2517.0671   16.9942
    0.0000  -45.0000  -15.0000 2566.1777   16.7926
    7.5000  -45.0000  -15.0000 2575.2966   16.7668
   -7.5000  -37.5000  -15.0000 2614.8838   15.7047
    0.0000  -37.5000  -15.0000 2661.8157   15.4923
    7.5000  -37.5000  -15.0000 2674.7854   15.4891
   -7.5000  -30.0000  -15.0000 2689.6101   14.8206
    0.0000  -30.0000  -15.0000 2737.7886   14.6028
    7.5000  -30.0000  -15.0000 2749.5500   14.5735
   -7.5000  -22.5000  -15.0000 2744.2014   14.2099
    0.0000  -22.5000  -15.0000 2792.2529   14.0140
    7.5000  -22.5000  -15.0000 2807.3875   13.9935
   -7.5000  -15.0000  -15.0000 2780.6477   13.8909
    0.0000  -15.0000  -15.0000 2824.4255   13.6947
    7.5000  -15.0000  -15.0000 2837.6423   13.7018
   -7.5000   -7.5000  -15.0000 2788.5288   14.0507
    0.0000   -7.5000  -15.0000 2827.3235   13.7652
    7.5000   -7.5000  -15.0000 2836.6726   13.7773
   -7.5000    0.0000  -15.0000 2751.2046   14.5210
    0.0000    0.0000  -15.0000 2792.4548   14.1957
    7.5000    0.0000  -15.0000 2806.1091   14.1971
   -7.5000    7.5000  -15.0000 2689.6023   15.3371
    0.0000    7.5000  -15.0000 2728.3040   14.9562
    7.5000    7.5000  -15.0000 2741.7568   14.9487
   -7.5000   15.0000  -15.0000 2595.2944   16.4266
    0.0000   15.0000  -15.0000 2632.8540   16.0182
    7.5000   15.0000  -15.0000 2638.5066   15.9988
   -7.5000   22.5000  -15.0000 2482.2976   17.8407
    0.0000   22.5000  -15.0000 2509.4749   17.4616
    7.5000   22.5000  -15.0000 2517.3596   17.4213
   -7.5000   30.0000  -15.0000 2341.4392   19.7075
    0.0000   30.0000  -15.0000 2372.1792   19.3083
    7.5000   30.0000  -15.0000 2381.2827   19.2862
   -7.5000   37.5000  -15.0000 2180.9387   22.1372
    0.0000   37.5000  -15.0000 2204.7339   21.6981
    7.5000   37.5000  -15.0000 2214.9312   21.6785
   -7.5000   45.0000  -15.0000 2015.5632   25.3140
    0.0000   45.0000  -15.0000 2035.3971   24.7797
    7.5000   45.0000  -15.0000 2040.2701   24.8127
   -7.5000  -45.0000   -7.5000 2545.7913   16.3890
    0.0000  -45.0000   -7.5000 2592.1006   16.1034
    7.5000  -45.0000   -7.5000 2608.4519   16.0987
   -7.5000  -37.5000   -7.5000 2653.7256   15.1260
    0.0000  -37.5000   -7.5000 2700.3989   14.8546
    7.5000  -37.5000   -7.5000 2719.3972   14.8741
   -7.5000  -30.0000   -7.5000 2741.0459   14.2252
    0.0000  -30.0000   -7.5000 2792.5920   13.9699
    7.5000  -30.0000   -7.5000 2814.0337   13.9849
   -7.5000  -22.5000   -7.5000 2798.7539   13.5880
    0.0000  -22.5000   -7.5000 2859.7908   13.3353
    7.5000  -22.5000   -7.5000 2879.8577   13.3449
   -7.5000  -15.0000   -7.5000 2842.6470   13.2711
    0.0000  -15.0000   -7.5000 2891.2197   12.9136
    7.5000  -15.0000   -7.5000 2910.1699   12.9945
   -7.5000   -7.5000   -7.5000 2850.0002   13.3540
    0.0000   -7.5000   -7.5000 2886.8589   12.9827
    7.5000   -7.5000   -7.5000 2901.6809   13.0578
   -7.5000    0.0000   -7.5000 2811.9062   13.8852
    0.0000    0.0000   -7.5000 2852.8987   13.4579
    7.5000    0.0000   -7.5000 2868.2834   13.4983
   -7.5000    7.5000   -7.5000 2746.9236   14.6903
    0.0000    7.5000   -7.5000 2783.3057   14.2505
    7.5000    7.5000   -7.5000 2798.4978   14.2585
   -7.5000   15.0000   -7.5000 2645.8765   15.7876
    0.0000   15.0000   -7.5000 2679.2517   15.3344
    7.5000   15.0000   -7.5000 2691.2163   15.3135
   -7.5000   22.5000   -7.5000 2526.7781   17.2238
    0.0000   22.5000   -7.5000 2556.8557   16.7492
    7.5000   22.5000   -7.5000 2566.0388   16.7490
   -7.5000   30.0000   -7.5000 2377.1704   19.0778
    0.0000   30.0000   -7.5000 2416.1694   18.5706
    7.5000   30.0000   -7.5000 2424.5576   18.5593
   -7.5000   37.5000   -7.5000 2215.8948   21.3678
    0.0000   37.5000   -7.5000 2241.8718   20.8387
    7.5000   37.5000   -7.5000 2247.6199   20.8479
   -7.5000   45.0000   -7.5000 2035.6450   24.2836
    0.0000   45.0000   -7.5000 2065.4167   23.7785
    7.5000   45.0000   -7.5000 2072.0940   23.7829
   -7.5000  -45.0000    0.0000 2562.7512   16.0250
    0.0000  -45.0000    0.0000 2596.8340   15.6148
    7.5000  -45.0000    0.0000 2618.5359   15.6150
   -7.5000  -37.5000    0.0000 2674.1218   14.7843
    0.0000  -37.5000    0.0000 2711.9194   14.4183
    7.5000  -37.5000    0.0000 2738.5015   14.4083
   -7.5000  -30.0000    0.0000 2769.5776   13.8864
    0.0000  -30.0000    0.0000 2813.4402   13.5891
    7.5000  -30.0000    0.0000 2848.1797   13.5716
   -7.5000  -22.5000    0.0000 2841.0029   13.2099
    0.0000  -22.5000    0.0000 2908.4182   12.9754
    7.5000  -22.5000    0.0000 2940.8533   12.9592
   -7.5000  -15.0000    0.0000 2882.9153   12.8383
    0.0000  -15.0000    0.0000 2938.2917   12.3901
    7.5000  -15.0000    0.0000 2968.1633   12.5297
   -7.5000   -7.5000    0.0000 2886.6458   12.9254
    0.0000   -7.5000    0.0000 2924.3027   12.4498
    7.5000   -7.5000    0.0000 2950.1047   12.5711
   -7.5000    0.0000    0.0000 2843.1589   13.4485
    0.0000    0.0000    0.0000 2886.0278   12.9750
    7.5000    0.0000    0.0000 2905.6614   12.9854
   -7.5000    7.5000    0.0000 2774.2830   14.2512
    0.0000    7.5000    0.0000 2815.9736   13.7928
    7.5000    7.5000    0.0000 2832.0273   13.7648
   -7.5000   15.0000    0.0000 2670.1011   15.3578
    0.0000   15.0000    0.0000 2707.4307   14.9062
    7.5000   15.0000    0.0000 2719.1448   14.8502
   -7.5000   22.5000    0.0000 2545.8093   16.8123
    0.0000   22.5000    0.0000 2576.5137   16.3390
    7.5000   22.5000    0.0000 2585.4827   16.2815
   -7.5000   30.0000    0.0000 2389.9116   18.6508
    0.0000   30.0000    0.0000 2428.2180   18.1206
    7.5000   30.0000    0.0000 2438.7910   18.0651
   -7.5000   37.5000    0.0000 2235.4927   20.8860
    0.0000   37.5000    0.0000 2260.3311   20.3809
    7.5000   37.5000    0.0000 2268.3999   20.3203
   -7.5000   45.0000    0.0000 2048.4478   23.7661
    0.0000   45.0000    0.0000 2079.7041   23.2056
    7.5000   45.0000    0.0000 2089.5054   23.1456
   -7.5000  -45.0000    7.5000 2566.6804   15.8979
    0.0000  -45.0000    7.5000 2598.0249   15.3785
    7.5000  -45.0000    7.5000 2619.9722   15.3167
   -7.5000  -37.5000    7.5000 2675.4060   14.6278
    0.0000  -37.5000    7.5000 2709.1897   14.1951
    7.5000  -37.5000    7.5000 2742.9407   14.1144
   -7.5000  -30.0000    7.5000 2776.6221   13.7357
    0.0000  -30.0000    7.5000 2818.6672   13.3941
    7.5000  -30.0000    7.5000 2857.8843   13.3135
   -7.5000  -22.5000    7.5000 2854.7656   13.0644
    0.0000  -22.5000    7.5000 2927.5527   12.8897
    7.5000  -22.5000    7.5000 2970.3652   12.8350
   -7.5000  -15.0000    7.5000 2895.5247   12.6790
    0.0000  -15.0000    7.5000 2960.1062   12.3008
    7.5000  -15.0000    7.5000 3002.2075   12.3367
   -7.5000   -7.5000    7.5000 2899.6091   12.7744
    0.0000   -7.5000    7.5000 2952.2976   12.3638
    7.5000   -7.5000    7.5000 2973.5447   12.3203
   -7.5000    0.0000    7.5000 2852.4678   13.2336
    0.0000    0.0000    7.5000 2904.7043   12.8465
    7.5000    0.0000    7.5000 2922.3181   12.7425
   -7.5000    7.5000    7.5000 2782.7273   14.0397
    0.0000    7.5000    7.5000 2828.3413   13.6178
    7.5000    7.5000    7.5000 2841.8357   13.5033
   -7.5000   15.0000    7.5000 2675.4336   15.1163
    0.0000   15.0000    7.5000 2713.9819   14.6950
    7.5000   15.0000    7.5000 2725.3608   14.5820
   -7.5000   22.5000    7.5000 2544.9868   16.5462
    0.0000   22.5000    7.5000 2581.2380   16.1188
    7.5000   22.5000    7.5000 2587.2385   16.0213
   -7.5000   30.0000    7.5000 2392.1082   18.3444
    0.0000   30.0000    7.5000 2430.9910   17.9119
    7.5000   30.0000    7.5000 2436.8618   17.8194
   -7.5000   37.5000    7.5000 2234.7490   20.6309
    0.0000   37.5000    7.5000 2262.7532   20.1742
    7.5000   37.5000    7.5000 2270.7986   20.0605
   -7.5000   45.0000    7.5000 2048.0754   23.4931
    0.0000   45.0000    7.5000 2083.1516   22.9770
    7.5000   45.0000    7.5000 2089.0808   22.8929
   -7.5000  -45.0000   15.0000 2557.4915   15.9549
    0.0000  -45.0000   15.0000 2585.3674   15.3773
    7.5000  -45.0000   15.0000 2602.8169   15.1949
   -7.5000  -37.5000   15.0000 2665.2151   14.6826
    0.0000  -37.5000   15.0000 2700.9053   14.2309
    7.5000  -37.5000   15.0000 2721.5432   14.0171
   -7.5000  -30.0000   15.0000 2762.1973   13.7556
    0.0000  -30.0000   15.0000 2811.8730   13.4622
    7.5000  -30.0000   15.0000 2836.8662   13.2522
   -7.5000  -22.5000   15.0000 2839.0054   13.1240
    0.0000  -22.5000   15.0000 2902.9434   12.8651
    7.5000  -22.5000   15.0000 2936.2422   12.6587
   -7.5000  -15.0000   15.0000 2881.6406   12.7990
    0.0000  -15.0000   15.0000 2950.1465   12.5039
    7.5000  -15.0000   15.0000 2962.2761   12.2186
   -7.5000   -7.5000   15.0000 2881.6074   12.8587
    0.0000   -7.5000   15.0000 2948.4575   12.5612
    7.5000   -7.5000   15.0000 2963.5906   12.3653
   -7.5000    0.0000   15.0000 2833.9060   13.2947
    0.0000    0.0000   15.0000 2889.4216   12.9814
    7.5000    0.0000   15.0000 2902.5698   12.8482
   -7.5000    7.5000   15.0000 2761.3408   14.0482
    0.0000    7.5000   15.0000 2810.0903   13.6888
    7.5000    7.5000   15.0000 2815.4353   13.5693
   -7.5000   15.0000   15.0000 2654.2390   15.0994
    0.0000   15.0000   15.0000 2695.5051   14.7030
    7.5000   15.0000   15.0000 2700.0491   14.5914
   -7.5000   22.5000   15.0000 2524.8713   16.5006
    0.0000   22.5000   15.0000 2564.8652   16.0826
    7.5000   22.5000   15.0000 2569.4355   15.9607
   -7.5000   30.0000   15.0000 2377.1858   18.3295
    0.0000   30.0000   15.0000 2412.8650   17.8411
    7.5000   30.0000   15.0000 2422.2788   17.7577
   -7.5000   37.5000   15.0000 2222.1699   20.6205
    0.0000   37.5000   15.0000 2246.2493   20.0608
    7.5000   37.5000   15.0000 2251.0396   20.0725
   -7.5000   45.0000   15.0000 2039.2911   23.5335
    0.0000   45.0000   15.0000 2062.2695   22.9474
    7.5000   45.0000   15.0000 2070.7822   22.8587
   -7.5000  -45.0000   22.5000 2535.9937   16.2545
    0.0000  -45.0000   22.5000 2565.9585   15.7015
    7.5000  -45.0000   22.5000 2576.5447   15.3867
   -7.5000  -37.5000   22.5000 2645.7073   14.9773
    0.0000  -37.5000   22.5000 2685.8218   14.5366
    7.5000  -37.5000   22.5000 2697.6501   14.2717
   -7.5000  -30.0000   22.5000 2737.6272   14.0406
    0.0000  -30.0000   22.5000 2789.7368   13.6797
    7.5000  -30.0000   22.5000 2805.2234   13.4447
   -7.5000  -22.5000   22.5000 2809.8962   13.4161
    0.0000  -22.5000   22.5000 2871.0085   13.0307
    7.5000  -22.5000   22.5000 2874.9670   12.6829
   -7.5000  -15.0000   22.5000 2850.8987   13.1079
    0.0000  -15.0000   22.5000 2911.5583   12.7038
    7.5000  -15.0000   22.5000 2911.6670   12.4618
   -7.5000   -7.5000   22.5000 2843.8762   13.1729
    0.0000   -7.5000   22.5000 2907.7661   12.8190
    7.5000   -7.5000   22.5000 2931.4084   12.6691
   -7.5000    0.0000   22.5000 2792.3591   13.6360
    0.0000    0.0000   22.5000 2852.3291   13.3136
    7.5000    0.0000   22.5000 2871.9619   13.2132
   -7.5000    7.5000   22.5000 2718.0837   14.3918
    0.0000    7.5000   22.5000 2771.2336   14.0472
    7.5000    7.5000   22.5000 2781.8320   13.9644
   -7.5000   15.0000   22.5000 2609.9475   15.4582
    0.0000   15.0000   22.5000 2654.1133   15.0521
    7.5000   15.0000   22.5000 2664.8501   14.9529
   -7.5000   22.5000   22.5000 2485.9429   16.7935
    0.0000   22.5000   22.5000 2528.2256   16.3444
    7.5000   22.5000   22.5000 2539.9839   16.2426
   -7.5000   30.0000   22.5000 2344.5220   18.5458
    0.0000   30.0000   22.5000 2378.6279   18.0525
    7.5000   30.0000   22.5000 2389.9692   17.9608
   -7.5000   37.5000   22.5000 2185.9700   20.8196
    0.0000   37.5000   22.5000 2210.5906   20.3031
    7.5000   37.5000   22.5000 2220.1797   20.2114
   -7.5000   45.0000   22.5000 2023.3762   23.7688
    0.0000   45.0000   22.5000 2042.3998   23.1750
    7.5000   45.0000   22.5000 2048.3501   23.0795
   -7.5000  -45.0000   30.0000 2502.5964   16.8152
    0.0000  -45.0000   30.0000 2534.7747   16.1796
    7.5000  -45.0000   30.0000 2559.4141   15.8995
   -7.5000  -37.5000   30.0000 2606.9333   15.5584
    0.0000  -37.5000   30.0000 2649.5581   15.0074
    7.5000  -37.5000   30.0000 2671.6741   14.7602
   -7.5000  -30.0000   30.0000 2693.2324   14.6045
    0.0000  -30.0000   30.0000 2746.8748   14.1025
    7.5000  -30.0000   30.0000 2761.2483   13.7740
   -7.5000  -22.5000   30.0000 2760.4680   13.9396
    0.0000  -22.5000   30.0000 2819.3848   13.4562
    7.5000  -22.5000   30.0000 2824.5283   13.1302
   -7.5000  -15.0000   30.0000 2792.2212   13.6174
    0.0000  -15.0000   30.0000 2846.0645   13.1558
    7.5000  -15.0000   30.0000 2857.4451   12.9498
   -7.5000   -7.5000   30.0000 2775.2131   13.6881
    0.0000   -7.5000   30.0000 2834.9963   13.3057
    7.5000   -7.5000   30.0000 2857.1094   13.1340
   -7.5000    0.0000   30.0000 2720.6208   14.1395
    0.0000    0.0000   30.0000 2783.6277   13.7975
    7.5000    0.0000   30.0000 2801.8904   13.6662
   -7.5000    7.5000   30.0000 2649.9839   14.9410
    0.0000    7.5000   30.0000 2708.0034   14.5813
    7.5000    7.5000   30.0000 2716.9526   14.4864
   -7.5000   15.0000   30.0000 2547.3240   16.0423
    0.0000   15.0000   30.0000 2595.6855   15.6758
    7.5000   15.0000   30.0000 2609.7034   15.5390
   -7.5000   22.5000   30.0000 2434.4041   17.3956
    0.0000   22.5000   30.0000 2472.8547   16.9802
    7.5000   22.5000   30.0000 2486.2207   16.8384
   -7.5000   30.0000   30.0000 2297.7424   19.0926
    0.0000   30.0000   30.0000 2321.7798   18.6281
    7.5000   30.0000   30.0000 2330.0801   18.5082
   -7.5000   37.5000   30.0000 2142.2366   21.3140
    0.0000   37.5000   30.0000 2165.4126   20.8467
    7.5000   37.5000   30.0000 2175.1392   20.7359
   -7.5000   45.0000   30.0000 1989.6801   24.2415
    0.0000   45.0000   30.0000 2006.6942   23.6583
    7.5000   45.0000   30.0000 2015.8823   23.5845
   -7.5000  -45.0000   37.5000 2454.9570   17.5913
    0.0000  -45.0000   37.5000 2503.2092   16.8698
    7.5000  -45.0000   37.5000 2531.3401   16.6103
   -7.5000  -37.5000   37.5000 2551.7849   16.3082
    0.0000  -37.5000   37.5000 2602.6514   15.6461
    7.5000  -37.5000   37.5000 2633.6499   15.3621
   -7.5000  -30.0000   37.5000 2635.9634   15.3732
    0.0000  -30.0000   37.5000 2688.1565   14.7314
    7.5000  -30.0000   37.5000 2714.8835   14.3682
   -7.5000  -22.5000   37.5000 2697.3547   14.6864
    0.0000  -22.5000   37.5000 2751.2917   14.0882
    7.5000  -22.5000   37.5000 2771.4792   13.8466
   -7.5000  -15.0000   37.5000 2720.3154   14.3182
    0.0000  -15.0000   37.5000 2780.1367   13.8559
    7.5000  -15.0000   37.5000 2794.0535   13.6381
   -7.5000   -7.5000   37.5000 2694.1606   14.4046
    0.0000   -7.5000   37.5000 2758.0789   14.0051
    7.5000   -7.5000   37.5000 2776.7141   13.7809
   -7.5000    0.0000   37.5000 2647.7898   14.8211
    0.0000    0.0000   37.5000 2703.5339   14.4716
    7.5000    0.0000   37.5000 2722.1340   14.3176
   -7.5000    7.5000   37.5000 2575.8262   15.6508
    0.0000    7.5000   37.5000 2626.5242   15.2890
    7.5000    7.5000   37.5000 2646.5569   15.1374
   -7.5000   15.0000   37.5000 2481.5237   16.7514
    0.0000   15.0000   37.5000 2524.7070   16.3449
    7.5000   15.0000   37.5000 2543.5154   16.2025
   -7.5000   22.5000   37.5000 2372.4592   18.1608
    0.0000   22.5000   37.5000 2405.8708   17.7354
    7.5000   22.5000   37.5000 2419.7756   17.6014
   -7.5000   30.0000   37.5000 2229.0969   19.9306
    0.0000   30.0000   37.5000 2253.9006   19.4376
    7.5000   30.0000   37.5000 2268.4233   19.3264
   -7.5000   37.5000   37.5000 2086.7610   22.1706
    0.0000   37.5000   37.5000 2111.3347   21.6087
    7.5000   37.5000   37.5000 2126.3638   21.5330
   -7.5000   45.0000   37.5000 1944.9653   25.0803
    0.0000   45.0000   37.5000 1968.2651   24.4888
    7.5000   45.0000   37.5000 1973.7355   24.4087
   -7.5000  -45.0000   45.0000 2404.2671   18.5291
    0.0000  -45.0000   45.0000 2452.9990   17.6672
    7.5000  -45.0000   45.0000 2483.3535   17.4732
   -7.5000  -37.5000   45.0000 2492.2224   17.2576
    0.0000  -37.5000   45.0000 2542.0591   16.4597
    7.5000  -37.5000   45.0000 2572.2820   16.1994
   -7.5000  -30.0000   45.0000 2564.1714   16.2818
    0.0000  -30.0000   45.0000 2609.8005   15.5562
    7.5000  -30.0000   45.0000 2646.0933   15.2917
   -7.5000  -22.5000   45.0000 2614.9119   15.5662
    0.0000  -22.5000   45.0000 2660.5120   14.9387
    7.5000  -22.5000   45.0000 2686.8242   14.7554
   -7.5000  -15.0000   45.0000 2631.7510   15.2012
    0.0000  -15.0000   45.0000 2685.4187   14.7030
    7.5000  -15.0000   45.0000 2706.2385   14.5017
   -7.5000   -7.5000   45.0000 2609.9255   15.2766
    0.0000   -7.5000   45.0000 2665.5950   14.8367
    7.5000   -7.5000   45.0000 2686.8547   14.6199
   -7.5000    0.0000   45.0000 2564.2930   15.7213
    0.0000    0.0000   45.0000 2616.7510   15.2937
    7.5000    0.0000   45.0000 2637.9463   15.1453
   -7.5000    7.5000   45.0000 2492.6506   16.5621
    0.0000    7.5000   45.0000 2540.7332   16.0987
    7.5000    7.5000   45.0000 2571.7876   15.9953
   -7.5000   15.0000   45.0000 2406.3577   17.6488
    0.0000   15.0000   45.0000 2443.8706   17.1662
    7.5000   15.0000   45.0000 2464.2551   17.0526
   -7.5000   22.5000   45.0000 2294.2244   19.1112
    0.0000   22.5000   45.0000 2321.2905   18.6095
    7.5000   22.5000   45.0000 2341.2437   18.5038
   -7.5000   30.0000   45.0000 2155.6570   20.9146
    0.0000   30.0000   45.0000 2180.2620   20.3903
    7.5000   30.0000   45.0000 2200.6526   20.3065
   -7.5000   37.5000   45.0000 2030.8323   23.2706
    0.0000   37.5000   45.0000 2055.4546   22.7054
    7.5000   37.5000   45.0000 2061.9597   22.6537
   -7.5000   45.0000   45.0000 1892.5869   26.3121
    0.0000   45.0000   45.0000 1913.7197   25.7066
    7.5000   45.0000   45.0000 1919.8800   25.6253

---------------------------------------------------------------------
imgreg_4dfp /opt/freesurfer/average/711-2C_as_mni_average_305 /opt/freesurfer/average/711-2B_as_mni_average_305_mask talsrcimg_g11 none talsrcimg_to_711-2C_as_mni_average_305_t4 1283
---------------------------------------------------------------------

freesurfer imgreg_4dfp.c
/opt/freesurfer/average/711-2C_as_mni_average_305.4dfp.img
       256       256       256         1
  1.000000  1.000000  1.000000
orientation T byte_order littleendian
Reading image: /opt/freesurfer/average/711-2C_as_mni_average_305.4dfp.img
dimensions:      256       256       256
mmppix:       1.0000   -1.0000   -1.0000
center:     128.0000 -129.0000 -129.0000
/opt/freesurfer/average/711-2B_as_mni_average_305_mask.4dfp.img
       256       256       256         1
  1.000000  1.000000  1.000000
orientation T byte_order littleendian
Reading mask: /opt/freesurfer/average/711-2B_as_mni_average_305_mask.4dfp.img (2306576 pixels)
talsrcimg_g11.4dfp.img
       256       256       256         1
  1.000000  1.000000  1.000000
orientation T byte_order littleendian
Reading image: talsrcimg_g11.4dfp.img
dimensions:      256       256       256
mmppix:       1.0000   -1.0000   -1.0000
center:     128.0000 -129.0000 -129.0000
rotation matrix determinant  1.000000
fimgreg.f
image alignment mode   1283 decimal      503 hex
parameters
    7.5000  -15.0000    7.5000    0.0000    0.0000    0.0000
eta,q 0.94297 12.40510
niter,ni,del,rscale     5    3   12.0000    1.2000
parameter  5  0.696999 ->  0.500000 qaram    1.1500
parameter  6  0.895260 ->  0.500000 qaram    1.1500
parameters
    6.5546  -15.6692    7.7996   -2.2194   -3.4500   -3.4500
eta,q 0.94615 12.31751
  0.0634  0.0637  0.0675  0.0583  0.0562  0.0546
  0.0611  0.0599  0.0633  0.0578  0.0561  0.0537
  0.0594  0.0587  0.0596  0.0580  0.0568  0.0546
  0.0582  0.0583  0.0578  0.0578  0.0580  0.0563
  0.0599  0.0608  0.0581  0.0583  0.0607  0.0582
  0.0636  0.0625  0.0614  0.0602  0.0648  0.0603
  0.0693  0.0653  0.0664  0.0628  0.0694  0.0627
niter,ni,del,rscale     6    3   12.0000    1.2000
parameters
    7.1329  -15.0776    7.3165   -2.7961   -4.8004   -3.4012
eta,q 0.94784 12.30967
  0.0669  0.0647  0.0621  0.0565  0.0567  0.0580
  0.0585  0.0586  0.0586  0.0542  0.0542  0.0557
  0.0556  0.0559  0.0545  0.0530  0.0523  0.0529
  0.0539  0.0535  0.0529  0.0528  0.0527  0.0522
  0.0539  0.0534  0.0553  0.0541  0.0547  0.0533
  0.0568  0.0575  0.0601  0.0556  0.0573  0.0554
  0.0621  0.0607  0.0662  0.0576  0.0614  0.0578
niter,ni,del,rscale     5    3   12.0000    1.2000
parameters
    7.4785  -14.7497    7.0793   -3.4737   -5.0156   -3.1944
eta,q 0.94853 12.31155
  0.0660  0.0634  0.0616  0.0560  0.0582  0.0581
  0.0580  0.0578  0.0583  0.0531  0.0552  0.0553
  0.0547  0.0550  0.0540  0.0518  0.0526  0.0523
  0.0522  0.0519  0.0516  0.0516  0.0514  0.0514
  0.0524  0.0527  0.0533  0.0532  0.0533  0.0526
  0.0565  0.0575  0.0582  0.0554  0.0558  0.0547
  0.0633  0.0610  0.0646  0.0574  0.0588  0.0573
niter,ni,del,rscale     4    3   12.0000    1.2000
parameters
    7.5425  -14.5524    6.9746   -3.6951   -5.0338   -3.0934
eta,q 0.94870 12.30604
  0.0650  0.0633  0.0614  0.0569  0.0585  0.0579
  0.0576  0.0577  0.0581  0.0536  0.0553  0.0549
  0.0540  0.0546  0.0539  0.0519  0.0527  0.0520
  0.0515  0.0514  0.0512  0.0513  0.0513  0.0513
  0.0525  0.0530  0.0525  0.0525  0.0529  0.0525
  0.0575  0.0579  0.0572  0.0550  0.0555  0.0546
  0.0647  0.0616  0.0637  0.0571  0.0584  0.0573
niter,ni,del,rscale     3    3   12.0000    1.2000
parameters
    7.5608  -14.5007    6.9337   -3.7567   -5.0305   -3.0601
eta,q 0.94871 12.30477
  0.0649  0.0629  0.0614  0.0573  0.0586  0.0578
  0.0576  0.0575  0.0582  0.0539  0.0554  0.0547
  0.0539  0.0543  0.0540  0.0520  0.0527  0.0519
  0.0513  0.0513  0.0513  0.0513  0.0513  0.0513
  0.0526  0.0535  0.0523  0.0524  0.0529  0.0525
  0.0578  0.0583  0.0569  0.0548  0.0556  0.0546
  0.0650  0.0621  0.0633  0.0569  0.0584  0.0574
niter,ni,del,rscale     2    3   12.0000    1.2000
parameters
    7.5628  -14.4929    6.9222   -3.7683   -5.0302   -3.0532
eta,q 0.94870 12.30460
  0.0648  0.0628  0.0615  0.0574  0.0587  0.0578
  0.0576  0.0575  0.0582  0.0539  0.0554  0.0547
  0.0539  0.0542  0.0541  0.0521  0.0527  0.0519
  0.0513  0.0513  0.0513  0.0513  0.0513  0.0513
  0.0527  0.0536  0.0523  0.0523  0.0529  0.0525
  0.0579  0.0584  0.0568  0.0547  0.0556  0.0547
  0.0650  0.0622  0.0632  0.0569  0.0585  0.0575
registration optimization eta report
parameter search radius
    6.0000    6.0000    6.0000    6.0000    6.9000    6.9000
100000*second partial in parameter space
       37.       29.       29.       16.       14.       13.
  0.0648  0.0628  0.0615  0.0574  0.0587  0.0578
  0.0576  0.0575  0.0582  0.0539  0.0554  0.0547
  0.0539  0.0542  0.0541  0.0521  0.0527  0.0519
  0.0513  0.0513  0.0513  0.0513  0.0513  0.0513
  0.0527  0.0536  0.0523  0.0523  0.0529  0.0525
  0.0579  0.0584  0.0568  0.0547  0.0556  0.0547
  0.0650  0.0622  0.0632  0.0569  0.0585  0.0575
    7.5628  -14.4929    6.9222   -3.7683   -5.0302   -3.0532
eta,q 0.94870 12.30460

---------------------------------------------------------------------
imgreg_4dfp /opt/freesurfer/average/711-2C_as_mni_average_305 /opt/freesurfer/average/711-2B_as_mni_average_305_mask talsrcimg_g11 none talsrcimg_to_711-2C_as_mni_average_305_t4 3335
---------------------------------------------------------------------

freesurfer imgreg_4dfp.c
/opt/freesurfer/average/711-2C_as_mni_average_305.4dfp.img
       256       256       256         1
  1.000000  1.000000  1.000000
orientation T byte_order littleendian
Reading image: /opt/freesurfer/average/711-2C_as_mni_average_305.4dfp.img
dimensions:      256       256       256
mmppix:       1.0000   -1.0000   -1.0000
center:     128.0000 -129.0000 -129.0000
/opt/freesurfer/average/711-2B_as_mni_average_305_mask.4dfp.img
       256       256       256         1
  1.000000  1.000000  1.000000
orientation T byte_order littleendian
Reading mask: /opt/freesurfer/average/711-2B_as_mni_average_305_mask.4dfp.img (2306576 pixels)
talsrcimg_g11.4dfp.img
       256       256       256         1
  1.000000  1.000000  1.000000
orientation T byte_order littleendian
Reading image: talsrcimg_g11.4dfp.img
dimensions:      256       256       256
mmppix:       1.0000   -1.0000   -1.0000
center:     128.0000 -129.0000 -129.0000
fimgreg.f
image alignment mode   3335 decimal      D07 hex
parameters
    7.5628  -14.4929    6.9222   -0.5265   -0.3272   -0.6005
    4.7394    9.0868   -5.3058    6.0969   -8.7681   -6.5469
eta,q 0.94686 12.42492
niter,ni,del,rscale     5    3    5.0000    1.2000
parameter  4  4.264391 ->  0.500000 qaram    1.1500
parameter  5 14.530567 ->  0.500000 qaram    1.1500
parameter  6  0.736708 ->  0.500000 qaram    1.1500
parameter 10  0.763936 ->  0.500000 qaram    1.1500
parameter 12  0.618857 ->  0.500000 qaram    1.1500
parameters
    7.8000  -15.0933    7.6833   -4.6665   -4.4672   -4.7405
    2.0230    9.8530   -5.0167    1.9569   -5.3165  -10.6869
eta,q 0.97019 12.26867
  0.0559  0.0537  0.0549  0.0419  0.0312  0.0338  0.0348  0.0390  0.0358  0.0311  0.0337  0.0302
  0.0545  0.0532  0.0540  0.0446  0.0346  0.0338  0.0336  0.0366  0.0343  0.0308  0.0325  0.0298
  0.0536  0.0530  0.0534  0.0483  0.0397  0.0342  0.0332  0.0345  0.0334  0.0315  0.0315  0.0300
  0.0531  0.0531  0.0530  0.0529  0.0455  0.0359  0.0338  0.0332  0.0330  0.0330  0.0309  0.0305
  0.0532  0.0534  0.0529  0.0578  0.0512  0.0384  0.0352  0.0331  0.0332  0.0354  0.0306  0.0316
  0.0538  0.0540  0.0530  0.0626  0.0564  0.0418  0.0372  0.0346  0.0340  0.0387  0.0306  0.0329
  0.0550  0.0548  0.0535  0.0668  0.0607  0.0464  0.0397  0.0374  0.0354  0.0426  0.0309  0.0346
niter,ni,del,rscale     7    3    5.0000    1.2000
parameter  4  0.598940 ->  0.500000 qaram    1.3225
parameter  5  1.079947 ->  0.500000 qaram    1.3225
parameters
    7.4246  -14.0927    8.1878   -9.4275   -9.2282   -3.3085
    3.1304    9.4623   -5.8435    1.8194   -6.3393  -13.4635
eta,q 0.97853 11.96778
  0.0329  0.0360  0.0315  0.0277  0.0214  0.0249  0.0252  0.0253  0.0237  0.0265  0.0223  0.0225
  0.0309  0.0332  0.0302  0.0272  0.0220  0.0235  0.0237  0.0233  0.0226  0.0238  0.0220  0.0217
  0.0298  0.0311  0.0294  0.0275  0.0235  0.0226  0.0226  0.0222  0.0220  0.0222  0.0218  0.0215
  0.0298  0.0297  0.0291  0.0290  0.0272  0.0223  0.0220  0.0219  0.0219  0.0218  0.0218  0.0218
  0.0308  0.0291  0.0291  0.0328  0.0331  0.0219  0.0219  0.0223  0.0223  0.0225  0.0220  0.0225
  0.0328  0.0293  0.0294  0.0386  0.0395  0.0220  0.0225  0.0237  0.0233  0.0241  0.0223  0.0235
  0.0355  0.0303  0.0300  0.0452  0.0450  0.0238  0.0238  0.0263  0.0248  0.0267  0.0227  0.0247
niter,ni,del,rscale     7    3    5.0000    1.2000
parameters
    7.8594  -12.9019    9.3258  -11.0506  -13.8708   -2.4652
    3.0378    9.6768   -6.2915    2.3284   -7.2125  -15.5156
eta,q 0.98118 11.68860
  0.0261  0.0279  0.0237  0.0236  0.0207  0.0220  0.0213  0.0228  0.0208  0.0240  0.0196  0.0199
  0.0240  0.0251  0.0222  0.0220  0.0195  0.0206  0.0201  0.0208  0.0197  0.0212  0.0192  0.0191
  0.0224  0.0229  0.0211  0.0208  0.0192  0.0196  0.0193  0.0195  0.0191  0.0196  0.0190  0.0188
  0.0215  0.0213  0.0204  0.0201  0.0204  0.0192  0.0190  0.0190  0.0190  0.0190  0.0190  0.0190
  0.0214  0.0205  0.0201  0.0208  0.0242  0.0187  0.0193  0.0194  0.0193  0.0194  0.0192  0.0195
  0.0221  0.0205  0.0202  0.0237  0.0308  0.0192  0.0201  0.0205  0.0201  0.0207  0.0195  0.0204
  0.0238  0.0214  0.0205  0.0291  0.0381  0.0215  0.0214  0.0224  0.0212  0.0227  0.0200  0.0216
niter,ni,del,rscale     6    3    5.0000    1.2000
parameters
    8.0794  -12.6986    9.3907  -10.3959  -15.0839   -2.4648
    3.1768    9.8240   -6.0835    2.8167   -7.4027  -15.9590
eta,q 0.98129 11.66564
  0.0228  0.0223  0.0203  0.0233  0.0231  0.0216  0.0212  0.0228  0.0207  0.0235  0.0196  0.0204
  0.0208  0.0204  0.0194  0.0214  0.0209  0.0202  0.0200  0.0205  0.0196  0.0208  0.0191  0.0193
  0.0195  0.0193  0.0189  0.0199  0.0193  0.0193  0.0191  0.0191  0.0190  0.0193  0.0188  0.0188
  0.0188  0.0188  0.0188  0.0188  0.0186  0.0187  0.0187  0.0187  0.0187  0.0187  0.0187  0.0187
  0.0190  0.0190  0.0189  0.0183  0.0192  0.0183  0.0189  0.0192  0.0189  0.0191  0.0189  0.0191
  0.0199  0.0198  0.0194  0.0197  0.0221  0.0194  0.0197  0.0205  0.0195  0.0204  0.0192  0.0197
  0.0216  0.0212  0.0200  0.0230  0.0277  0.0225  0.0211  0.0223  0.0205  0.0223  0.0197  0.0207
niter,ni,del,rscale     5    3    5.0000    1.2000
parameters
    8.0726  -12.6820    9.3338  -10.3259  -15.1681   -2.4208
    3.1764    9.8663   -6.0375    2.9500   -7.3901  -16.0734
eta,q 0.98131 11.66888
  0.0221  0.0216  0.0200  0.0229  0.0239  0.0217  0.0211  0.0227  0.0206  0.0231  0.0197  0.0206
  0.0203  0.0199  0.0192  0.0211  0.0216  0.0203  0.0199  0.0204  0.0195  0.0205  0.0191  0.0194
  0.0192  0.0190  0.0188  0.0198  0.0198  0.0193  0.0190  0.0191  0.0189  0.0191  0.0188  0.0188
  0.0187  0.0187  0.0187  0.0187  0.0187  0.0187  0.0187  0.0187  0.0187  0.0187  0.0187  0.0187
  0.0191  0.0191  0.0189  0.0185  0.0188  0.0183  0.0189  0.0193  0.0189  0.0192  0.0188  0.0190
  0.0203  0.0200  0.0194  0.0202  0.0207  0.0193  0.0198  0.0205  0.0195  0.0206  0.0191  0.0196
  0.0222  0.0214  0.0201  0.0238  0.0252  0.0225  0.0212  0.0224  0.0205  0.0226  0.0196  0.0205
niter,ni,del,rscale     4    3    5.0000    1.2000
parameters
    8.0673  -12.6704    9.3225  -10.3052  -15.1750   -2.4052
    3.1789    9.8696   -6.0334    2.9938   -7.3792  -16.1053
eta,q 0.98131 11.67100
  0.0221  0.0216  0.0201  0.0229  0.0240  0.0217  0.0211  0.0227  0.0205  0.0230  0.0197  0.0207
  0.0203  0.0199  0.0193  0.0211  0.0217  0.0202  0.0199  0.0204  0.0195  0.0205  0.0191  0.0194
  0.0191  0.0190  0.0188  0.0198  0.0198  0.0193  0.0190  0.0190  0.0189  0.0190  0.0188  0.0188
  0.0187  0.0187  0.0187  0.0187  0.0187  0.0187  0.0187  0.0187  0.0187  0.0187  0.0187  0.0187
  0.0191  0.0191  0.0189  0.0185  0.0187  0.0183  0.0189  0.0193  0.0189  0.0193  0.0188  0.0190
  0.0203  0.0200  0.0193  0.0202  0.0206  0.0194  0.0198  0.0206  0.0195  0.0207  0.0191  0.0196
  0.0222  0.0214  0.0201  0.0239  0.0251  0.0226  0.0212  0.0225  0.0205  0.0227  0.0196  0.0205
registration optimization eta report
parameter search radius
    2.4000    2.4000    2.4000    9.5220    9.5220    8.2800
    7.2000    7.2000    7.2000    8.2800    7.2000    8.2800
100000*second partial in parameter space
       60.       48.       24.        5.        6.        5.
        5.        7.        4.        6.        2.        3.
  0.0221  0.0216  0.0201  0.0229  0.0240  0.0217  0.0211  0.0227  0.0205  0.0230  0.0197  0.0207
  0.0203  0.0199  0.0193  0.0211  0.0217  0.0202  0.0199  0.0204  0.0195  0.0205  0.0191  0.0194
  0.0191  0.0190  0.0188  0.0198  0.0198  0.0193  0.0190  0.0190  0.0189  0.0190  0.0188  0.0188
  0.0187  0.0187  0.0187  0.0187  0.0187  0.0187  0.0187  0.0187  0.0187  0.0187  0.0187  0.0187
  0.0191  0.0191  0.0189  0.0185  0.0187  0.0183  0.0189  0.0193  0.0189  0.0193  0.0188  0.0190
  0.0203  0.0200  0.0193  0.0202  0.0206  0.0194  0.0198  0.0206  0.0195  0.0207  0.0191  0.0196
  0.0222  0.0214  0.0201  0.0239  0.0251  0.0226  0.0212  0.0225  0.0205  0.0227  0.0196  0.0205
    8.0673  -12.6704    9.3225  -10.3052  -15.1750   -2.4052
    3.1789    9.8696   -6.0334    2.9938   -7.3792  -16.1053
eta,q 0.98131 11.67100

---------------------------------------------------------------------
imgreg_4dfp /opt/freesurfer/average/711-2C_as_mni_average_305 /opt/freesurfer/average/711-2B_as_mni_average_305_mask talsrcimg_g11 none talsrcimg_to_711-2C_as_mni_average_305_t4 2311
---------------------------------------------------------------------

freesurfer imgreg_4dfp.c
/opt/freesurfer/average/711-2C_as_mni_average_305.4dfp.img
       256       256       256         1
  1.000000  1.000000  1.000000
orientation T byte_order littleendian
Reading image: /opt/freesurfer/average/711-2C_as_mni_average_305.4dfp.img
dimensions:      256       256       256
mmppix:       1.0000   -1.0000   -1.0000
center:     128.0000 -129.0000 -129.0000
/opt/freesurfer/average/711-2B_as_mni_average_305_mask.4dfp.img
       256       256       256         1
  1.000000  1.000000  1.000000
orientation T byte_order littleendian
Reading mask: /opt/freesurfer/average/711-2B_as_mni_average_305_mask.4dfp.img (2306576 pixels)
talsrcimg_g11.4dfp.img
       256       256       256         1
  1.000000  1.000000  1.000000
orientation T byte_order littleendian
Reading image: talsrcimg_g11.4dfp.img
dimensions:      256       256       256
mmppix:       1.0000   -1.0000   -1.0000
center:     128.0000 -129.0000 -129.0000
fimgreg.f
image alignment mode   2311 decimal      907 hex
parameters
    8.0673  -12.6704    9.3225  -10.3052  -15.1750   -2.4052
    3.1789    9.8696   -6.0334    2.9938   -7.3792  -16.1053
eta,q 0.98131 11.67101
niter,ni,del,rscale     5    3    5.0000    0.8000
parameters
    8.0964  -12.7181    9.2710   -8.6423  -14.0988   -1.0546
    3.1286   10.1015   -6.0213    3.2209   -6.8686  -15.8471
eta,q 0.98202 11.85013
  0.0203  0.0199  0.0193  0.0204  0.0204  0.0195  0.0193  0.0204  0.0190  0.0199  0.0188  0.0189
  0.0195  0.0192  0.0189  0.0198  0.0195  0.0190  0.0186  0.0190  0.0184  0.0188  0.0183  0.0184
  0.0189  0.0188  0.0187  0.0192  0.0188  0.0187  0.0181  0.0182  0.0181  0.0182  0.0181  0.0181
  0.0187  0.0187  0.0187  0.0187  0.0184  0.0183  0.0180  0.0180  0.0180  0.0180  0.0180  0.0180
  0.0188  0.0189  0.0188  0.0184  0.0182  0.0179  0.0181  0.0182  0.0181  0.0182  0.0180  0.0181
  0.0194  0.0193  0.0190  0.0185  0.0185  0.0181  0.0186  0.0189  0.0184  0.0187  0.0182  0.0183
  0.0202  0.0200  0.0193  0.0191  0.0192  0.0188  0.0194  0.0199  0.0190  0.0195  0.0185  0.0187
niter,ni,del,rscale     4    3    5.0000    0.7000
parameters
    8.0122  -12.6182    9.4096   -8.6945  -14.1771   -0.8008
    3.3576    9.9910   -6.0955    3.1922   -6.8030  -15.8010
eta,q 0.98207 11.85257
  0.0192  0.0192  0.0187  0.0192  0.0192  0.0191  0.0190  0.0195  0.0187  0.0192  0.0184  0.0186
  0.0185  0.0185  0.0184  0.0187  0.0186  0.0188  0.0185  0.0186  0.0183  0.0184  0.0181  0.0182
  0.0181  0.0181  0.0181  0.0182  0.0181  0.0183  0.0181  0.0180  0.0180  0.0180  0.0180  0.0180
  0.0180  0.0180  0.0180  0.0180  0.0180  0.0180  0.0179  0.0179  0.0179  0.0179  0.0179  0.0179
  0.0182  0.0181  0.0180  0.0180  0.0181  0.0179  0.0180  0.0182  0.0180  0.0181  0.0180  0.0180
  0.0187  0.0184  0.0182  0.0185  0.0185  0.0183  0.0183  0.0187  0.0183  0.0185  0.0181  0.0182
  0.0196  0.0189  0.0185  0.0194  0.0194  0.0191  0.0188  0.0196  0.0187  0.0192  0.0184  0.0185
niter,ni,del,rscale     3    3    5.0000    0.6000
parameters
    8.0264  -12.6353    9.4845   -8.6370  -14.1651   -0.5571
    3.3627    9.9661   -6.1048    3.1450   -6.7638  -15.7453
eta,q 0.98211 11.86149
  0.0190  0.0187  0.0185  0.0189  0.0188  0.0189  0.0186  0.0191  0.0185  0.0188  0.0183  0.0184
  0.0184  0.0183  0.0182  0.0185  0.0184  0.0186  0.0182  0.0184  0.0181  0.0183  0.0181  0.0181
  0.0181  0.0180  0.0180  0.0181  0.0181  0.0182  0.0180  0.0180  0.0180  0.0180  0.0179  0.0179
  0.0179  0.0179  0.0179  0.0179  0.0179  0.0179  0.0179  0.0179  0.0179  0.0179  0.0179  0.0179
  0.0180  0.0180  0.0180  0.0180  0.0180  0.0179  0.0180  0.0181  0.0180  0.0180  0.0179  0.0180
  0.0184  0.0183  0.0181  0.0183  0.0183  0.0182  0.0182  0.0185  0.0181  0.0184  0.0181  0.0181
  0.0190  0.0187  0.0184  0.0190  0.0189  0.0188  0.0187  0.0191  0.0185  0.0188  0.0182  0.0183
niter,ni,del,rscale     2    3    5.0000    0.5000
parameters
    8.0296  -12.6493    9.5388   -8.5519  -14.1370   -0.3590
    3.3747    9.9595   -6.1089    3.1019   -6.7173  -15.6602
eta,q 0.98212 11.87138
  0.0186  0.0184  0.0183  0.0186  0.0185  0.0187  0.0184  0.0188  0.0183  0.0185  0.0182  0.0182
  0.0182  0.0181  0.0181  0.0183  0.0182  0.0184  0.0181  0.0182  0.0181  0.0181  0.0180  0.0180
  0.0180  0.0180  0.0179  0.0180  0.0180  0.0180  0.0179  0.0179  0.0179  0.0179  0.0179  0.0179
  0.0179  0.0179  0.0179  0.0179  0.0179  0.0179  0.0179  0.0179  0.0179  0.0179  0.0179  0.0179
  0.0180  0.0180  0.0179  0.0179  0.0179  0.0179  0.0179  0.0180  0.0179  0.0180  0.0179  0.0179
  0.0182  0.0181  0.0180  0.0182  0.0181  0.0181  0.0181  0.0183  0.0181  0.0182  0.0180  0.0180
  0.0186  0.0185  0.0182  0.0186  0.0185  0.0186  0.0184  0.0187  0.0183  0.0185  0.0181  0.0182
niter,ni,del,rscale     1    3    5.0000    0.4000
parameters
    8.0299  -12.6590    9.5763   -8.4745  -14.1004   -0.2242
    3.3841    9.9418   -6.1169    3.0575   -6.6526  -15.6155
eta,q 0.98214 11.87870
  0.0183  0.0182  0.0181  0.0184  0.0183  0.0184  0.0182  0.0184  0.0181  0.0183  0.0181  0.0181
  0.0181  0.0180  0.0180  0.0182  0.0181  0.0182  0.0180  0.0181  0.0180  0.0180  0.0180  0.0180
  0.0179  0.0179  0.0179  0.0180  0.0179  0.0180  0.0179  0.0179  0.0179  0.0179  0.0179  0.0179
  0.0179  0.0179  0.0179  0.0179  0.0179  0.0179  0.0179  0.0179  0.0179  0.0179  0.0179  0.0179
  0.0179  0.0179  0.0179  0.0179  0.0179  0.0179  0.0179  0.0179  0.0179  0.0179  0.0179  0.0179
  0.0181  0.0180  0.0180  0.0181  0.0180  0.0180  0.0180  0.0181  0.0180  0.0181  0.0179  0.0180
  0.0184  0.0182  0.0181  0.0184  0.0183  0.0184  0.0182  0.0184  0.0181  0.0183  0.0180  0.0181
registration optimization eta report
parameter search radius
    0.8000    0.8000    0.8000    2.4000    2.4000    2.4000
    2.4000    2.4000    2.4000    2.4000    2.4000    2.4000
100000*second partial in parameter space
       74.       55.       36.        9.        7.        9.
        6.       10.        5.        7.        3.        4.
  0.0183  0.0182  0.0181  0.0184  0.0183  0.0184  0.0182  0.0184  0.0181  0.0183  0.0181  0.0181
  0.0181  0.0180  0.0180  0.0182  0.0181  0.0182  0.0180  0.0181  0.0180  0.0180  0.0180  0.0180
  0.0179  0.0179  0.0179  0.0180  0.0179  0.0180  0.0179  0.0179  0.0179  0.0179  0.0179  0.0179
  0.0179  0.0179  0.0179  0.0179  0.0179  0.0179  0.0179  0.0179  0.0179  0.0179  0.0179  0.0179
  0.0179  0.0179  0.0179  0.0179  0.0179  0.0179  0.0179  0.0179  0.0179  0.0179  0.0179  0.0179
  0.0181  0.0180  0.0180  0.0181  0.0180  0.0180  0.0180  0.0181  0.0180  0.0181  0.0179  0.0180
  0.0184  0.0182  0.0181  0.0184  0.0183  0.0184  0.0182  0.0184  0.0181  0.0183  0.0180  0.0181
    8.0299  -12.6590    9.5763   -8.4745  -14.1004   -0.2242
    3.3841    9.9418   -6.1169    3.0575   -6.6526  -15.6155
eta,q 0.98214 11.87870

---------------------------------------------------------------------
imgreg_4dfp /opt/freesurfer/average/711-2C_as_mni_average_305 /opt/freesurfer/average/711-2B_as_mni_average_305_mask talsrcimg_g11 none talsrcimg_to_711-2C_as_mni_average_305_t4 2311
---------------------------------------------------------------------

freesurfer imgreg_4dfp.c
/opt/freesurfer/average/711-2C_as_mni_average_305.4dfp.img
       256       256       256         1
  1.000000  1.000000  1.000000
orientation T byte_order littleendian
Reading image: /opt/freesurfer/average/711-2C_as_mni_average_305.4dfp.img
dimensions:      256       256       256
mmppix:       1.0000   -1.0000   -1.0000
center:     128.0000 -129.0000 -129.0000
/opt/freesurfer/average/711-2B_as_mni_average_305_mask.4dfp.img
       256       256       256         1
  1.000000  1.000000  1.000000
orientation T byte_order littleendian
Reading mask: /opt/freesurfer/average/711-2B_as_mni_average_305_mask.4dfp.img (2306576 pixels)
talsrcimg_g11.4dfp.img
       256       256       256         1
  1.000000  1.000000  1.000000
orientation T byte_order littleendian
Reading image: talsrcimg_g11.4dfp.img
dimensions:      256       256       256
mmppix:       1.0000   -1.0000   -1.0000
center:     128.0000 -129.0000 -129.0000
fimgreg.f
image alignment mode   2311 decimal      907 hex
parameters
    8.0299  -12.6590    9.5763   -8.4745  -14.1004   -0.2242
    3.3841    9.9418   -6.1169    3.0575   -6.6526  -15.6155
eta,q 0.98214 11.87870
niter,ni,del,rscale     5    3    5.0000    0.8000
parameters
    7.9835  -12.6519    9.5580   -8.9231  -14.4031   -0.8891
    3.3725    9.9296   -6.1385    3.0652   -6.8945  -15.7100
eta,q 0.98203 11.82742
  0.0196  0.0193  0.0188  0.0193  0.0193  0.0191  0.0192  0.0200  0.0189  0.0196  0.0185  0.0187
  0.0187  0.0185  0.0183  0.0186  0.0186  0.0187  0.0185  0.0188  0.0184  0.0186  0.0182  0.0183
  0.0181  0.0180  0.0180  0.0181  0.0181  0.0182  0.0181  0.0181  0.0181  0.0181  0.0180  0.0180
  0.0179  0.0179  0.0179  0.0179  0.0179  0.0179  0.0180  0.0180  0.0180  0.0180  0.0180  0.0180
  0.0181  0.0180  0.0180  0.0181  0.0181  0.0181  0.0181  0.0183  0.0181  0.0182  0.0181  0.0181
  0.0188  0.0185  0.0183  0.0189  0.0187  0.0189  0.0185  0.0189  0.0184  0.0187  0.0183  0.0183
  0.0199  0.0193  0.0188  0.0202  0.0200  0.0206  0.0193  0.0199  0.0189  0.0195  0.0186  0.0187
niter,ni,del,rscale     4    3    5.0000    0.7000
parameters
    8.0560  -12.6535    9.5096   -8.8113  -14.2210   -0.8159
    3.3489    9.9545   -6.0871    3.0762   -6.9198  -15.6991
eta,q 0.98207 11.84220
  0.0195  0.0190  0.0186  0.0192  0.0192  0.0190  0.0189  0.0196  0.0187  0.0192  0.0184  0.0186
  0.0187  0.0184  0.0182  0.0187  0.0186  0.0187  0.0184  0.0186  0.0183  0.0185  0.0181  0.0182
  0.0182  0.0181  0.0180  0.0182  0.0182  0.0183  0.0181  0.0181  0.0180  0.0180  0.0180  0.0180
  0.0180  0.0180  0.0180  0.0180  0.0179  0.0179  0.0179  0.0179  0.0179  0.0179  0.0179  0.0179
  0.0181  0.0181  0.0180  0.0180  0.0180  0.0179  0.0180  0.0182  0.0180  0.0181  0.0180  0.0180
  0.0185  0.0184  0.0183  0.0184  0.0184  0.0183  0.0184  0.0187  0.0183  0.0185  0.0182  0.0182
  0.0192  0.0190  0.0187  0.0193  0.0191  0.0193  0.0190  0.0195  0.0187  0.0191  0.0184  0.0185
niter,ni,del,rscale     3    3    5.0000    0.6000
parameters
    8.0496  -12.6499    9.5132   -8.6863  -14.1593   -0.5735
    3.3424    9.9657   -6.0903    3.0909   -6.8336  -15.6994
eta,q 0.98211 11.85786
  0.0189  0.0187  0.0184  0.0189  0.0189  0.0189  0.0186  0.0192  0.0185  0.0189  0.0183  0.0184
  0.0184  0.0183  0.0182  0.0185  0.0184  0.0186  0.0182  0.0184  0.0181  0.0183  0.0181  0.0181
  0.0181  0.0180  0.0180  0.0182  0.0181  0.0182  0.0180  0.0180  0.0180  0.0180  0.0179  0.0179
  0.0179  0.0179  0.0179  0.0179  0.0179  0.0179  0.0179  0.0179  0.0179  0.0179  0.0179  0.0179
  0.0180  0.0180  0.0180  0.0179  0.0180  0.0179  0.0180  0.0181  0.0180  0.0180  0.0179  0.0180
  0.0184  0.0183  0.0181  0.0183  0.0183  0.0182  0.0182  0.0185  0.0181  0.0183  0.0181  0.0181
  0.0190  0.0187  0.0184  0.0189  0.0189  0.0188  0.0187  0.0191  0.0185  0.0188  0.0182  0.0183
niter,ni,del,rscale     2    3    5.0000    0.5000
parameters
    8.0407  -12.6536    9.5490   -8.5779  -14.1303   -0.3702
    3.3599    9.9606   -6.1057    3.0799   -6.7517  -15.6472
eta,q 0.98213 11.86975
  0.0186  0.0184  0.0183  0.0186  0.0185  0.0187  0.0184  0.0188  0.0183  0.0186  0.0182  0.0182
  0.0182  0.0181  0.0181  0.0183  0.0182  0.0184  0.0181  0.0182  0.0181  0.0182  0.0180  0.0180
  0.0180  0.0180  0.0179  0.0180  0.0180  0.0181  0.0179  0.0179  0.0179  0.0179  0.0179  0.0179
  0.0179  0.0179  0.0179  0.0179  0.0179  0.0179  0.0179  0.0179  0.0179  0.0179  0.0179  0.0179
  0.0180  0.0180  0.0179  0.0179  0.0179  0.0179  0.0179  0.0180  0.0179  0.0180  0.0179  0.0179
  0.0182  0.0181  0.0180  0.0182  0.0181  0.0181  0.0181  0.0183  0.0181  0.0182  0.0180  0.0180
  0.0187  0.0184  0.0182  0.0186  0.0185  0.0186  0.0184  0.0187  0.0183  0.0185  0.0181  0.0182
niter,ni,del,rscale     1    3    5.0000    0.4000
parameters
    8.0337  -12.6617    9.5816   -8.4900  -14.0982   -0.2265
    3.3887    9.9476   -6.1138    3.0541   -6.6803  -15.6116
eta,q 0.98214 11.87819
  0.0183  0.0182  0.0181  0.0184  0.0183  0.0184  0.0182  0.0184  0.0181  0.0183  0.0181  0.0181
  0.0181  0.0180  0.0180  0.0182  0.0181  0.0182  0.0180  0.0181  0.0180  0.0180  0.0179  0.0180
  0.0179  0.0179  0.0179  0.0180  0.0179  0.0180  0.0179  0.0179  0.0179  0.0179  0.0179  0.0179
  0.0179  0.0179  0.0179  0.0179  0.0179  0.0179  0.0179  0.0179  0.0179  0.0179  0.0179  0.0179
  0.0179  0.0179  0.0179  0.0179  0.0179  0.0179  0.0179  0.0179  0.0179  0.0179  0.0179  0.0179
  0.0181  0.0180  0.0180  0.0181  0.0180  0.0180  0.0180  0.0181  0.0180  0.0181  0.0179  0.0180
  0.0184  0.0182  0.0181  0.0184  0.0183  0.0183  0.0182  0.0184  0.0181  0.0183  0.0180  0.0181
registration optimization eta report
parameter search radius
    0.8000    0.8000    0.8000    2.4000    2.4000    2.4000
    2.4000    2.4000    2.4000    2.4000    2.4000    2.4000
100000*second partial in parameter space
       75.       55.       37.        9.        7.        9.
        6.       10.        5.        7.        3.        4.
  0.0183  0.0182  0.0181  0.0184  0.0183  0.0184  0.0182  0.0184  0.0181  0.0183  0.0181  0.0181
  0.0181  0.0180  0.0180  0.0182  0.0181  0.0182  0.0180  0.0181  0.0180  0.0180  0.0179  0.0180
  0.0179  0.0179  0.0179  0.0180  0.0179  0.0180  0.0179  0.0179  0.0179  0.0179  0.0179  0.0179
  0.0179  0.0179  0.0179  0.0179  0.0179  0.0179  0.0179  0.0179  0.0179  0.0179  0.0179  0.0179
  0.0179  0.0179  0.0179  0.0179  0.0179  0.0179  0.0179  0.0179  0.0179  0.0179  0.0179  0.0179
  0.0181  0.0180  0.0180  0.0181  0.0180  0.0180  0.0180  0.0181  0.0180  0.0181  0.0179  0.0180
  0.0184  0.0182  0.0181  0.0184  0.0183  0.0183  0.0182  0.0184  0.0181  0.0183  0.0180  0.0181
    8.0337  -12.6617    9.5816   -8.4900  -14.0982   -0.2265
    3.3887    9.9476   -6.1138    3.0541   -6.6803  -15.6116
eta,q 0.98214 11.87819

---------------------------------------------------------------------
compute_vox2vox talsrcimg talsrcimg_to_711-2C_as_mni_average_305_t4 /opt/freesurfer/average/711-2C_as_mni_average_305
---------------------------------------------------------------------

freesurfer compute_vox2vox.c
Reading: talsrcimg.4dfp.ifh
Reading: talsrcimg_to_711-2C_as_mni_average_305_t4
Reading: /opt/freesurfer/average/711-2C_as_mni_average_305.4dfp.ifh
Writing: talsrcimg_to_711-2C_as_mni_average_305_t4_vox2vox.txt

start time Mon Mar 9 09:31:59 CET 2026
end		time Mon Mar 9 09:33:26 CET 2026

mpr2mni305 success

avi2talxfm orig_nu.mgz /opt/freesurfer/average/mni305.cor.mgz talsrcimg_to_711-2C_as_mni_average_305_t4_vox2vox.txt transforms/talairach.auto.xfm
avi2talxfm done
mv -f /out/sourcedata/freesurfer/sub-v1s21x0050390_ses-1/mri/talsrcimg_to_711-2C_as_mni_average_305_t4_vox2vox.txt /out/sourcedata/freesurfer/sub-v1s21x0050390_ses-1/mri/transforms/talsrcimg_to_711-2C_as_mni_average_305_t4_vox2vox.txt
lta_convert --src orig_nu.mgz --trg /opt/freesurfer/average/mni305.cor.mgz --inxfm transforms/talairach.auto.xfm --outlta transforms/talairach.auto.xfm.lta --subject fsaverage
7.3.2

--src: orig_nu.mgz src image (geometry).
--trg: /opt/freesurfer/average/mni305.cor.mgz trg image (geometry).
--inmni: transforms/talairach.auto.xfm input MNI/XFM transform.
--outlta: transforms/talairach.auto.xfm.lta output LTA.
--s: fsaverage subject name
 LTA read, type : 1
 1.08091  -0.10588  -0.06188  -9.01674;
 0.08394   0.98850   0.17634  -8.57496;
 0.07395  -0.04268   1.15345   13.66885;
 0.00000   0.00000   0.00000   1.00000;
setting subject to fsaverage
Writing  LTA to file transforms/talairach.auto.xfm.lta...
lta_convert successful.
 
 
Started at Mon Mar 9 09:31:59 CET 2026
Ended   at Mon Mar  9 09:33:26 CET 2026
talairach_avi done
