status file for recon-all
Mon Mar  9 11:34:41 CET 2026
#@# MotionCor Mon Mar  9 11:34:42 CET 2026
#@# Talairach Mon Mar  9 11:34:47 CET 2026
#@# Talairach Failure Detection Mon Mar  9 11:37:37 CET 2026
#@# Nu Intensity Correction Mon Mar  9 11:37:37 CET 2026
#@# Intensity Normalization Mon Mar  9 11:40:23 CET 2026
recon-all -s sub-v1s21x0050425_ses-1 finished without error at Mon Mar  9 11:41:30 CET 2026



#New# invocation of recon-all 



status file for recon-all
Mon Mar  9 11:47:25 CET 2026
#@# EM Registration Mon Mar  9 11:47:25 CET 2026
recon-all -s sub-v1s21x0050425_ses-1 finished without error at Mon Mar  9 11:48:45 CET 2026



#New# invocation of recon-all 



status file for recon-all
Mon Mar  9 11:48:47 CET 2026
#@# CA Normalize Mon Mar  9 11:48:47 CET 2026
#@# CA Reg Mon Mar  9 11:49:40 CET 2026
#@# SubCort Seg Mon Mar  9 12:33:52 CET 2026
#@# CC Seg Mon Mar  9 12:57:52 CET 2026
#@# Merge ASeg Mon Mar  9 12:58:48 CET 2026
#@# Intensity Normalization2 Mon Mar  9 12:58:48 CET 2026
#@# Mask BFS Mon Mar  9 13:00:22 CET 2026
#@# WM Segmentation Mon Mar  9 13:00:23 CET 2026
#@# Fill Mon Mar  9 13:02:05 CET 2026
recon-all -s sub-v1s21x0050425_ses-1 finished without error at Mon Mar  9 13:02:43 CET 2026



#New# invocation of recon-all 



status file for recon-all
Mon Mar  9 13:59:58 CET 2026
#@# white curv lh Mon Mar  9 13:59:58 CET 2026
#@# white area lh Mon Mar  9 13:59:58 CET 2026
#@# pial curv lh Mon Mar  9 13:59:58 CET 2026
#@# pial area lh Mon Mar  9 13:59:58 CET 2026
#@# thickness lh Mon Mar  9 13:59:58 CET 2026
#@# area and vertex vol lh Mon Mar  9 13:59:58 CET 2026
#@# white curv rh Mon Mar  9 13:59:58 CET 2026
#@# white area rh Mon Mar  9 13:59:58 CET 2026
#@# pial curv rh Mon Mar  9 13:59:58 CET 2026
#@# pial area rh Mon Mar  9 13:59:58 CET 2026
#@# thickness rh Mon Mar  9 13:59:58 CET 2026
#@# area and vertex vol rh Mon Mar  9 13:59:58 CET 2026
#@# Cortical ribbon mask Mon Mar  9 13:59:58 CET 2026
recon-all -s sub-v1s21x0050425_ses-1 finished without error at Mon Mar  9 14:04:52 CET 2026



#New# invocation of recon-all 



status file for recon-all
Mon Mar  9 14:10:31 CET 2026
#@# white curv lh Mon Mar  9 14:10:32 CET 2026
#@# white area lh Mon Mar  9 14:10:32 CET 2026
#@# pial curv lh Mon Mar  9 14:10:32 CET 2026
#@# pial area lh Mon Mar  9 14:10:32 CET 2026
#@# thickness lh Mon Mar  9 14:10:32 CET 2026
#@# area and vertex vol lh Mon Mar  9 14:10:32 CET 2026
#@# white curv rh Mon Mar  9 14:10:32 CET 2026
#@# white area rh Mon Mar  9 14:10:32 CET 2026
#@# pial curv rh Mon Mar  9 14:10:32 CET 2026
#@# pial area rh Mon Mar  9 14:10:32 CET 2026
#@# thickness rh Mon Mar  9 14:10:32 CET 2026
#@# area and vertex vol rh Mon Mar  9 14:10:32 CET 2026
#@# Curvature Stats lh Mon Mar  9 14:10:32 CET 2026
#@# Curvature Stats rh Mon Mar  9 14:10:34 CET 2026
#@# Relabel Hypointensities Mon Mar  9 14:10:36 CET 2026
#@# APas-to-ASeg Mon Mar  9 14:10:47 CET 2026
#@# AParc-to-ASeg aparc Mon Mar  9 14:10:53 CET 2026
#@# AParc-to-ASeg aparc.a2009s Mon Mar  9 14:11:23 CET 2026
#@# AParc-to-ASeg aparc.DKTatlas Mon Mar  9 14:11:53 CET 2026
#@# WMParc Mon Mar  9 14:12:25 CET 2026
#@# ASeg Stats Mon Mar  9 14:14:10 CET 2026
recon-all -s sub-v1s21x0050425_ses-1 finished without error at Mon Mar  9 14:14:29 CET 2026
