status file for recon-all
Mon Mar  9 13:02:49 CET 2026
#@# Tessellate lh Mon Mar  9 13:02:49 CET 2026
#@# Smooth1 lh Mon Mar  9 13:02:51 CET 2026
#@# Inflation1 lh Mon Mar  9 13:02:53 CET 2026
#@# QSphere lh Mon Mar  9 13:03:08 CET 2026
#@# Fix Topology lh Mon Mar  9 13:04:15 CET 2026
#@# Smooth2 lh Mon Mar  9 13:12:10 CET 2026
#@# Inflation2 lh Mon Mar  9 13:12:13 CET 2026
#@# Curv .H and .K lh Mon Mar  9 13:12:27 CET 2026
#@# Sphere lh Mon Mar  9 13:13:09 CET 2026
#@# Surf Reg lh Mon Mar  9 13:20:12 CET 2026
#@# Jacobian white lh Mon Mar  9 13:28:35 CET 2026
#@# AvgCurv lh Mon Mar  9 13:28:35 CET 2026
#@# Cortical Parc lh Mon Mar  9 13:28:36 CET 2026
#@# white curv lh Mon Mar  9 13:35:38 CET 2026
#@# white area lh Mon Mar  9 13:35:39 CET 2026
#@# pial curv lh Mon Mar  9 13:35:40 CET 2026
#@# pial area lh Mon Mar  9 13:35:41 CET 2026
#@# thickness lh Mon Mar  9 13:35:42 CET 2026
#@# area and vertex vol lh Mon Mar  9 13:36:06 CET 2026
#@# Curvature Stats lh Mon Mar  9 13:36:07 CET 2026
#@# Cortical Parc 2 lh Mon Mar  9 13:36:09 CET 2026
#@# Cortical Parc 3 lh Mon Mar  9 13:36:20 CET 2026
#@# WM/GM Contrast lh Mon Mar  9 13:36:29 CET 2026
recon-all -s sub-v1s21x0050425_ses-1 finished without error at Mon Mar  9 13:36:31 CET 2026



#New# invocation of recon-all 



status file for recon-all
Mon Mar  9 14:04:57 CET 2026
#@# white curv lh Mon Mar  9 14:04:57 CET 2026
#@# white area lh Mon Mar  9 14:04:57 CET 2026
#@# pial curv lh Mon Mar  9 14:04:57 CET 2026
#@# pial area lh Mon Mar  9 14:04:57 CET 2026
#@# thickness lh Mon Mar  9 14:04:57 CET 2026
#@# area and vertex vol lh Mon Mar  9 14:04:57 CET 2026
#@# Parcellation Stats lh Mon Mar  9 14:04:57 CET 2026
#@# Parcellation Stats 2 lh Mon Mar  9 14:05:14 CET 2026
#@# Parcellation Stats 3 lh Mon Mar  9 14:05:23 CET 2026
#@# BA_exvivo Labels lh Mon Mar  9 14:05:32 CET 2026
recon-all -s sub-v1s21x0050425_ses-1 finished without error at Mon Mar  9 14:07:43 CET 2026
