status file for recon-all
Mon Mar  9 11:25:23 CET 2026
#@# MotionCor Mon Mar  9 11:25:24 CET 2026
#@# Talairach Mon Mar  9 11:25:31 CET 2026
#@# Talairach Failure Detection Mon Mar  9 11:29:56 CET 2026
#@# Nu Intensity Correction Mon Mar  9 11:29:56 CET 2026
#@# Intensity Normalization Mon Mar  9 11:33:11 CET 2026
recon-all -s sub-v1s21x0050419_ses-1 finished without error at Mon Mar  9 11:34:46 CET 2026



#New# invocation of recon-all 



status file for recon-all
Mon Mar  9 11:41:26 CET 2026
#@# EM Registration Mon Mar  9 11:41:26 CET 2026
recon-all -s sub-v1s21x0050419_ses-1 finished without error at Mon Mar  9 11:42:46 CET 2026



#New# invocation of recon-all 



status file for recon-all
Mon Mar  9 11:42:48 CET 2026
#@# CA Normalize Mon Mar  9 11:42:48 CET 2026
#@# CA Reg Mon Mar  9 11:44:13 CET 2026
#@# SubCort Seg Mon Mar  9 12:26:25 CET 2026
#@# CC Seg Mon Mar  9 12:55:55 CET 2026
#@# Merge ASeg Mon Mar  9 12:56:38 CET 2026
#@# Intensity Normalization2 Mon Mar  9 12:56:38 CET 2026
#@# Mask BFS Mon Mar  9 12:58:59 CET 2026
#@# WM Segmentation Mon Mar  9 12:59:00 CET 2026
#@# Fill Mon Mar  9 13:01:03 CET 2026
recon-all -s sub-v1s21x0050419_ses-1 finished without error at Mon Mar  9 13:02:04 CET 2026



#New# invocation of recon-all 



status file for recon-all
Mon Mar  9 13:55:00 CET 2026
#@# white curv lh Mon Mar  9 13:55:00 CET 2026
#@# white area lh Mon Mar  9 13:55:00 CET 2026
#@# pial curv lh Mon Mar  9 13:55:00 CET 2026
#@# pial area lh Mon Mar  9 13:55:00 CET 2026
#@# thickness lh Mon Mar  9 13:55:00 CET 2026
#@# area and vertex vol lh Mon Mar  9 13:55:00 CET 2026
#@# white curv rh Mon Mar  9 13:55:00 CET 2026
#@# white area rh Mon Mar  9 13:55:00 CET 2026
#@# pial curv rh Mon Mar  9 13:55:00 CET 2026
#@# pial area rh Mon Mar  9 13:55:00 CET 2026
#@# thickness rh Mon Mar  9 13:55:00 CET 2026
#@# area and vertex vol rh Mon Mar  9 13:55:00 CET 2026
#@# Cortical ribbon mask Mon Mar  9 13:55:00 CET 2026
recon-all -s sub-v1s21x0050419_ses-1 finished without error at Mon Mar  9 13:59:25 CET 2026



#New# invocation of recon-all 



status file for recon-all
Mon Mar  9 14:04:42 CET 2026
#@# white curv lh Mon Mar  9 14:04:42 CET 2026
#@# white area lh Mon Mar  9 14:04:42 CET 2026
#@# pial curv lh Mon Mar  9 14:04:42 CET 2026
#@# pial area lh Mon Mar  9 14:04:42 CET 2026
#@# thickness lh Mon Mar  9 14:04:42 CET 2026
#@# area and vertex vol lh Mon Mar  9 14:04:42 CET 2026
#@# white curv rh Mon Mar  9 14:04:42 CET 2026
#@# white area rh Mon Mar  9 14:04:42 CET 2026
#@# pial curv rh Mon Mar  9 14:04:42 CET 2026
#@# pial area rh Mon Mar  9 14:04:42 CET 2026
#@# thickness rh Mon Mar  9 14:04:42 CET 2026
#@# area and vertex vol rh Mon Mar  9 14:04:42 CET 2026
#@# Curvature Stats lh Mon Mar  9 14:04:42 CET 2026
#@# Curvature Stats rh Mon Mar  9 14:04:44 CET 2026
#@# Relabel Hypointensities Mon Mar  9 14:04:46 CET 2026
#@# APas-to-ASeg Mon Mar  9 14:05:00 CET 2026
#@# AParc-to-ASeg aparc Mon Mar  9 14:05:06 CET 2026
#@# AParc-to-ASeg aparc.a2009s Mon Mar  9 14:05:32 CET 2026
#@# AParc-to-ASeg aparc.DKTatlas Mon Mar  9 14:05:56 CET 2026
#@# WMParc Mon Mar  9 14:06:19 CET 2026
#@# ASeg Stats Mon Mar  9 14:09:40 CET 2026
recon-all -s sub-v1s21x0050419_ses-1 finished without error at Mon Mar  9 14:10:09 CET 2026
