status file for recon-all
Mon Mar  9 13:25:57 CET 2026
#@# Tessellate rh Mon Mar  9 13:25:57 CET 2026
#@# Smooth1 rh Mon Mar  9 13:26:01 CET 2026
#@# Inflation1 rh Mon Mar  9 13:26:03 CET 2026
#@# QSphere rh Mon Mar  9 13:26:12 CET 2026
#@# Fix Topology rh Mon Mar  9 13:26:57 CET 2026
#@# Smooth2 rh Mon Mar  9 13:37:36 CET 2026
#@# Inflation2 rh Mon Mar  9 13:37:38 CET 2026
#@# Curv .H and .K rh Mon Mar  9 13:37:47 CET 2026
#@# Sphere rh Mon Mar  9 13:38:28 CET 2026
#@# Surf Reg rh Mon Mar  9 13:43:08 CET 2026
#@# Jacobian white rh Mon Mar  9 13:47:22 CET 2026
#@# AvgCurv rh Mon Mar  9 13:47:23 CET 2026
#@# Cortical Parc rh Mon Mar  9 13:47:24 CET 2026
#@# white curv rh Mon Mar  9 13:54:03 CET 2026
#@# white area rh Mon Mar  9 13:54:04 CET 2026
#@# pial curv rh Mon Mar  9 13:54:05 CET 2026
#@# pial area rh Mon Mar  9 13:54:06 CET 2026
#@# thickness rh Mon Mar  9 13:54:07 CET 2026
#@# area and vertex vol rh Mon Mar  9 13:54:32 CET 2026
#@# Curvature Stats rh Mon Mar  9 13:54:33 CET 2026
#@# Cortical Parc 2 rh Mon Mar  9 13:54:35 CET 2026
#@# Cortical Parc 3 rh Mon Mar  9 13:54:46 CET 2026
#@# WM/GM Contrast rh Mon Mar  9 13:54:55 CET 2026
recon-all -s sub-v1s21x0050419_ses-1 finished without error at Mon Mar  9 13:54:57 CET 2026



#New# invocation of recon-all 



status file for recon-all
Mon Mar  9 14:02:04 CET 2026
#@# white curv rh Mon Mar  9 14:02:04 CET 2026
#@# white area rh Mon Mar  9 14:02:04 CET 2026
#@# pial curv rh Mon Mar  9 14:02:04 CET 2026
#@# pial area rh Mon Mar  9 14:02:04 CET 2026
#@# thickness rh Mon Mar  9 14:02:04 CET 2026
#@# area and vertex vol rh Mon Mar  9 14:02:04 CET 2026
#@# Parcellation Stats rh Mon Mar  9 14:02:04 CET 2026
#@# Parcellation Stats 2 rh Mon Mar  9 14:02:19 CET 2026
#@# Parcellation Stats 3 rh Mon Mar  9 14:02:26 CET 2026
#@# BA_exvivo Labels rh Mon Mar  9 14:02:34 CET 2026
recon-all -s sub-v1s21x0050419_ses-1 finished without error at Mon Mar  9 14:04:37 CET 2026
