/out/sourcedata/freesurfer/sub-v1s21x0050424_ses-1/mri
/opt/freesurfer/bin/talairach_avi
--i orig_nu.mgz --xfm transforms/talairach.auto.xfm
talairach_avi 7.3.2
Linux dna007 5.14.0-427.37.1.el9_4.x86_64 #1 SMP PREEMPT_DYNAMIC Fri Sep 13 12:41:50 EDT 2024 x86_64 x86_64 x86_64 GNU/Linux
Mon Mar  9 11:37:38 CET 2026
mri_convert orig_nu.mgz talsrcimg.img 
reading from orig_nu.mgz...
TR=0.00, TE=0.00, TI=0.00, flip angle=0.00
i_ras = (-1, 0, 0)
j_ras = (0, 0, -1)
k_ras = (0, 1, 0)
writing to talsrcimg.img...
Analyze Output Matrix
-1.00000   0.00000   0.00000   129.70000;
 0.00000   0.00000   1.00000  -128.50000;
 0.00000  -1.00000   0.00000   129.50000;
 0.00000   0.00000   0.00000   1.00000;
--------------------
INFO: set hdr.hist.orient to -1
mpr2mni305 talsrcimg
Mon Mar  9 11:37:38 CET 2026
/opt/freesurfer/bin/mpr2mni305 talsrcimg
mpr2mni305 7.3.2
target=711-2C_as_mni_average_305

---------------------------------------------------------------------
analyzeto4dfp talsrcimg -O0 -y
---------------------------------------------------------------------

freesurfer ifh2hdr.c
Mon Mar  9 11:37:38 2026
Writing: talsrcimg.4dfp.hdr
freesurfer analyzeto4dfp.c
Reading: talsrcimg.hdr
header size 348 bytes
hdr.dime.datatype	offset=70	value=2
hdr.dime.bitpix		offset=72	value=8
hdr.hist.orient		offset=252	value=-1
dimensionality     4
dimensions       256       256       256         1
Reading: talsrcimg.img
Writing: talsrcimg.4dfp.img
Writing: talsrcimg.4dfp.ifh
ifh2hdr talsrcimg -r0to232
ori=2

---------------------------------------------------------------------
gauss_4dfp talsrcimg 1.1
---------------------------------------------------------------------

freesurfer gauss_4dfp.c
Reading: talsrcimg.4dfp.img
Writing: talsrcimg_g11.4dfp.img
image dimensions 256 256 256 padded to 288 288 288
processing volume 1freesurfer ifh2hdr.c
Mon Mar  9 11:37:40 2026
Writing: talsrcimg_g11.4dfp.hdr

Writing: talsrcimg_g11.4dfp.ifh
including: talsrcimg.4dfp.img.rec in talsrcimg_g11.4dfp.img.rec

---------------------------------------------------------------------
imgreg_4dfp /opt/freesurfer/average/711-2C_as_mni_average_305 none talsrcimg_g11 none talsrcimg_to_711-2C_as_mni_average_305_t4 4355
---------------------------------------------------------------------

freesurfer imgreg_4dfp.c
/opt/freesurfer/average/711-2C_as_mni_average_305.4dfp.img
       256       256       256         1
  1.000000  1.000000  1.000000
orientation T byte_order littleendian
Reading image: /opt/freesurfer/average/711-2C_as_mni_average_305.4dfp.img
dimensions:      256       256       256
mmppix:       1.0000   -1.0000   -1.0000
center:     128.0000 -129.0000 -129.0000
talsrcimg_g11.4dfp.img
       256       256       256         1
  1.000000  1.000000  1.000000
orientation T byte_order littleendian
Reading image: talsrcimg_g11.4dfp.img
dimensions:      256       256       256
mmppix:       1.0000   -1.0000   -1.0000
center:     128.0000 -129.0000 -129.0000
t4_read: open error in t4_sub.f l:  41 t4_file(1:l)talsrcimg_to_711-2C_as_mni_average_305_t4 
t4_read: transform initialized to I4
rotation matrix determinant  1.000000
image alignment mode   4355 decimal     1103 hex
   -7.5000  -45.0000  -45.0000 8477.3525   21.2339
    0.0000  -45.0000  -45.0000 8841.8818   21.1636
    7.5000  -45.0000  -45.0000 8457.0244   21.1720
   -7.5000  -37.5000  -45.0000 8934.5557   21.2716
    0.0000  -37.5000  -45.0000 9336.5205   21.2194
    7.5000  -37.5000  -45.0000 8895.2891   21.2341
   -7.5000  -30.0000  -45.0000 9620.5557   21.3178
    0.0000  -30.0000  -45.000010048.0830   21.2655
    7.5000  -30.0000  -45.0000 9573.5762   21.2859
   -7.5000  -22.5000  -45.000010349.4658   21.3281
    0.0000  -22.5000  -45.000010790.6787   21.2545
    7.5000  -22.5000  -45.000010283.8848   21.2739
   -7.5000  -15.0000  -45.000010921.5615   21.2929
    0.0000  -15.0000  -45.000011410.6621   21.2020
    7.5000  -15.0000  -45.000010895.5723   21.2157
   -7.5000   -7.5000  -45.000011434.8154   21.2446
    0.0000   -7.5000  -45.000011984.0674   21.1567
    7.5000   -7.5000  -45.000011456.2900   21.1652
   -7.5000    0.0000  -45.000011773.9229   21.2336
    0.0000    0.0000  -45.000012271.8730   21.1632
    7.5000    0.0000  -45.000011705.9971   21.1717
   -7.5000    7.5000  -45.000011313.4902   21.2716
    0.0000    7.5000  -45.000011805.8135   21.2194
    7.5000    7.5000  -45.000011221.2090   21.2341
   -7.5000   15.0000  -45.000010670.2607   21.3178
    0.0000   15.0000  -45.000011173.4824   21.2655
    7.5000   15.0000  -45.000010645.7646   21.2859
   -7.5000   22.5000  -45.0000 9827.5811   21.3252
    0.0000   22.5000  -45.000010319.1406   21.2516
    7.5000   22.5000  -45.0000 9821.3574   21.2710
   -7.5000   30.0000  -45.0000 8886.8135   21.0092
    0.0000   30.0000  -45.0000 9295.4199   20.9195
    7.5000   30.0000  -45.0000 8864.1758   20.9330
   -7.5000   37.5000  -45.0000 8354.4521   20.9616
    0.0000   37.5000  -45.0000 8747.4434   20.8749
    7.5000   37.5000  -45.0000 8335.9814   20.8833
   -7.5000   45.0000  -45.0000 7642.9395   20.4959
    0.0000   45.0000  -45.0000 7978.4126   20.4277
    7.5000   45.0000  -45.0000 7577.1196   20.4359
   -7.5000  -45.0000  -37.5000 8961.7734   21.2235
    0.0000  -45.0000  -37.5000 9347.5049   21.1373
    7.5000  -45.0000  -37.5000 8945.2354   21.1412
   -7.5000  -37.5000  -37.5000 9463.9365   21.2600
    0.0000  -37.5000  -37.5000 9887.6387   21.1929
    7.5000  -37.5000  -37.5000 9439.5693   21.2076
   -7.5000  -30.0000  -37.500010208.4639   21.3062
    0.0000  -30.0000  -37.500010665.3545   21.2408
    7.5000  -30.0000  -37.500010183.4873   21.2651
   -7.5000  -22.5000  -37.500010950.6035   21.3161
    0.0000  -22.5000  -37.500011404.8271   21.2323
    7.5000  -22.5000  -37.500010899.0732   21.2560
   -7.5000  -15.0000  -37.500011515.4336   21.2815
    0.0000  -15.0000  -37.500012031.3320   21.1803
    7.5000  -15.0000  -37.500011498.6660   21.1948
   -7.5000   -7.5000  -37.500012106.8486   21.2348
    0.0000   -7.5000  -37.500012639.9375   21.1328
    7.5000   -7.5000  -37.500012091.7178   21.1371
   -7.5000    0.0000  -37.500012441.2793   21.2233
    0.0000    0.0000  -37.500012965.9785   21.1369
    7.5000    0.0000  -37.500012367.1904   21.1408
   -7.5000    7.5000  -37.500011899.3105   21.2600
    0.0000    7.5000  -37.500012420.4590   21.1929
    7.5000    7.5000  -37.500011811.7842   21.2076
   -7.5000   15.0000  -37.500011255.0869   21.3062
    0.0000   15.0000  -37.500011764.5967   21.2408
    7.5000   15.0000  -37.500011222.3896   21.2651
   -7.5000   22.5000  -37.500010358.6104   21.3132
    0.0000   22.5000  -37.500010870.3467   21.2294
    7.5000   22.5000  -37.500010382.8496   21.2531
   -7.5000   30.0000  -37.5000 9362.0557   20.9979
    0.0000   30.0000  -37.5000 9771.7266   20.8980
    7.5000   30.0000  -37.5000 9357.8477   20.9123
   -7.5000   37.5000  -37.5000 8781.9834   20.9519
    0.0000   37.5000  -37.5000 9169.0000   20.8513
    7.5000   37.5000  -37.5000 8775.5049   20.8556
   -7.5000   45.0000  -37.5000 8024.9492   20.4869
    0.0000   45.0000  -37.5000 8346.0576   20.4036
    7.5000   45.0000  -37.5000 7956.0410   20.4074
   -7.5000  -45.0000  -30.0000 9633.7607   22.1024
    0.0000  -45.0000  -30.000010054.5186   22.0042
    7.5000  -45.0000  -30.0000 9627.2080   21.9964
   -7.5000  -37.5000  -30.000010160.6904   22.1335
    0.0000  -37.5000  -30.000010624.0850   22.0552
    7.5000  -37.5000  -30.000010146.2852   22.0642
   -7.5000  -30.0000  -30.000010979.8428   22.1753
    0.0000  -30.0000  -30.000011465.7090   22.1007
    7.5000  -30.0000  -30.000010944.9766   22.1281
   -7.5000  -22.5000  -30.000011713.1152   22.1870
    0.0000  -22.5000  -30.000012189.6924   22.0963
    7.5000  -22.5000  -30.000011650.8203   22.1260
   -7.5000  -15.0000  -30.000012329.3555   22.1568
    0.0000  -15.0000  -30.000012869.8174   22.0483
    7.5000  -15.0000  -30.000012307.8350   22.0642
   -7.5000   -7.5000  -30.000012966.5889   22.1137
    0.0000   -7.5000  -30.000013525.2246   22.0012
    7.5000   -7.5000  -30.000012966.7598   21.9982
   -7.5000    0.0000  -30.000013303.0723   22.1021
    0.0000    0.0000  -30.000013875.0947   22.0038
    7.5000    0.0000  -30.000013278.4053   21.9960
   -7.5000    7.5000  -30.000012684.6816   22.1335
    0.0000    7.5000  -30.000013259.2803   22.0552
    7.5000    7.5000  -30.000012642.4287   22.0642
   -7.5000   15.0000  -30.000012002.9229   22.1753
    0.0000   15.0000  -30.000012518.8486   22.1007
    7.5000   15.0000  -30.000011972.4648   22.1281
   -7.5000   22.5000  -30.000011074.5781   22.1817
    0.0000   22.5000  -30.000011546.4043   22.0910
    7.5000   22.5000  -30.000011065.0918   22.1206
   -7.5000   30.0000  -30.0000 9990.7539   21.8636
    0.0000   30.0000  -30.000010407.9072   21.7565
    7.5000   30.0000  -30.000010002.1729   21.7722
   -7.5000   37.5000  -30.0000 9390.0859   21.8211
    0.0000   37.5000  -30.0000 9788.2549   21.7102
    7.5000   37.5000  -30.0000 9395.7559   21.7072
   -7.5000   45.0000  -30.0000 8538.2520   21.3488
    0.0000   45.0000  -30.0000 8884.2402   21.2541
    7.5000   45.0000  -30.0000 8465.1816   21.2463
   -7.5000  -45.0000  -22.500010298.4307   22.8494
    0.0000  -45.0000  -22.500010758.5391   22.7577
    7.5000  -45.0000  -22.500010295.5312   22.7427
   -7.5000  -37.5000  -22.500010865.1201   22.8768
    0.0000  -37.5000  -22.500011359.4248   22.8035
    7.5000  -37.5000  -22.500010874.7227   22.8063
   -7.5000  -30.0000  -22.500011742.0781   22.9145
    0.0000  -30.0000  -22.500012250.2871   22.8451
    7.5000  -30.0000  -22.500011735.6982   22.8714
   -7.5000  -22.5000  -22.500012463.0820   22.9287
    0.0000  -22.5000  -22.500012957.9580   22.8436
    7.5000  -22.5000  -22.500012441.6602   22.8749
   -7.5000  -15.0000  -22.500013161.3672   22.9016
    0.0000  -15.0000  -22.500013720.3037   22.7996
    7.5000  -15.0000  -22.500013176.4932   22.8160
   -7.5000   -7.5000  -22.500013840.3066   22.8598
    0.0000   -7.5000  -22.500014448.8164   22.7548
    7.5000   -7.5000  -22.500013859.9805   22.7485
   -7.5000    0.0000  -22.500014186.3652   22.8491
    0.0000    0.0000  -22.500014823.9756   22.7573
    7.5000    0.0000  -22.500014220.8477   22.7423
   -7.5000    7.5000  -22.500013493.6670   22.8767
    0.0000    7.5000  -22.500014085.3594   22.8035
    7.5000    7.5000  -22.500013497.2139   22.8063
   -7.5000   15.0000  -22.500012711.8564   22.9145
    0.0000   15.0000  -22.500013252.6084   22.8451
    7.5000   15.0000  -22.500012755.1777   22.8714
   -7.5000   22.5000  -22.500011768.9160   22.9216
    0.0000   22.5000  -22.500012245.0195   22.8365
    7.5000   22.5000  -22.500011771.8066   22.8678
   -7.5000   30.0000  -22.500010645.4531   22.6021
    0.0000   30.0000  -22.500011061.2617   22.5014
    7.5000   30.0000  -22.500010653.2979   22.5176
   -7.5000   37.5000  -22.500010011.3564   22.5609
    0.0000   37.5000  -22.500010394.0381   22.4572
    7.5000   37.5000  -22.500010025.8271   22.4510
   -7.5000   45.0000  -22.5000 9080.7070   22.0835
    0.0000   45.0000  -22.5000 9402.3564   21.9950
    7.5000   45.0000  -22.5000 9005.4463   21.9799
   -7.5000  -45.0000  -15.000010868.1152   23.3964
    0.0000  -45.0000  -15.000011353.2461   23.3197
    7.5000  -45.0000  -15.000010879.0947   23.3073
   -7.5000  -37.5000  -15.000011491.4463   23.4246
    0.0000  -37.5000  -15.000011997.8359   23.3655
    7.5000  -37.5000  -15.000011526.9756   23.3669
   -7.5000  -30.0000  -15.000012463.3223   23.4632
    0.0000  -30.0000  -15.000013022.4668   23.4059
    7.5000  -30.0000  -15.000012468.5811   23.4279
   -7.5000  -22.5000  -15.000013172.5439   23.4791
    0.0000  -22.5000  -15.000013703.2910   23.4033
    7.5000  -22.5000  -15.000013204.6338   23.4297
   -7.5000  -15.0000  -15.000013925.1689   23.4513
    0.0000  -15.0000  -15.000014484.6895   23.3584
    7.5000  -15.0000  -15.000013997.6650   23.3730
   -7.5000   -7.5000  -15.000014654.8857   23.4068
    0.0000   -7.5000  -15.000015271.4238   23.3150
    7.5000   -7.5000  -15.000014722.6152   23.3112
   -7.5000    0.0000  -15.000015040.6104   23.3961
    0.0000    0.0000  -15.000015690.6465   23.3193
    7.5000    0.0000  -15.000015118.2559   23.3069
   -7.5000    7.5000  -15.000014267.6328   23.4246
    0.0000    7.5000  -15.000014896.0557   23.3655
    7.5000    7.5000  -15.000014339.8545   23.3669
   -7.5000   15.0000  -15.000013411.5078   23.4632
    0.0000   15.0000  -15.000013950.4951   23.4059
    7.5000   15.0000  -15.000013427.4590   23.4279
   -7.5000   22.5000  -15.000012440.3877   23.4708
    0.0000   22.5000  -15.000012926.2002   23.3950
    7.5000   22.5000  -15.000012436.6133   23.4214
   -7.5000   30.0000  -15.000011300.2891   23.1478
    0.0000   30.0000  -15.000011734.5908   23.0561
    7.5000   30.0000  -15.000011295.1895   23.0705
   -7.5000   37.5000  -15.000010669.7275   23.1040
    0.0000   37.5000  -15.000011081.9424   23.0134
    7.5000   37.5000  -15.000010657.1064   23.0096
   -7.5000   45.0000  -15.0000 9623.3252   22.6246
    0.0000   45.0000  -15.0000 9975.7100   22.5503
    7.5000   45.0000  -15.0000 9551.8340   22.5376
   -7.5000  -45.0000   -7.500011446.7852   23.6812
    0.0000  -45.0000   -7.500011927.5703   23.6110
    7.5000  -45.0000   -7.500011422.7217   23.6108
   -7.5000  -37.5000   -7.500012141.4854   23.7170
    0.0000  -37.5000   -7.500012655.8633   23.6657
    7.5000  -37.5000   -7.500012122.8438   23.6737
   -7.5000  -30.0000   -7.500013245.9072   23.7632
    0.0000  -30.0000   -7.500013818.6299   23.7117
    7.5000  -30.0000   -7.500013163.1807   23.7316
   -7.5000  -22.5000   -7.500014091.7891   23.7781
    0.0000  -22.5000   -7.500014640.6279   23.7034
    7.5000  -22.5000   -7.500014084.2100   23.7247
   -7.5000  -15.0000   -7.500014785.9307   23.7440
    0.0000  -15.0000   -7.500015420.3057   23.6508
    7.5000  -15.0000   -7.500014912.3252   23.6646
   -7.5000   -7.5000   -7.500015504.8750   23.6929
    0.0000   -7.5000   -7.500016200.9678   23.6041
    7.5000   -7.5000   -7.500015636.6875   23.6082
   -7.5000    0.0000   -7.500015951.1553   23.6809
    0.0000    0.0000   -7.500016723.5605   23.6106
    7.5000    0.0000   -7.500016048.3301   23.6104
   -7.5000    7.5000   -7.500015138.7432   23.7170
    0.0000    7.5000   -7.500015837.2607   23.6656
    7.5000    7.5000   -7.500015204.1318   23.6737
   -7.5000   15.0000   -7.500014213.3359   23.7632
    0.0000   15.0000   -7.500014782.4844   23.7117
    7.5000   15.0000   -7.500014200.9199   23.7316
   -7.5000   22.5000   -7.500013224.6191   23.7671
    0.0000   22.5000   -7.500013768.7197   23.6924
    7.5000   22.5000   -7.500013176.4561   23.7137
   -7.5000   30.0000   -7.500012059.6436   23.4361
    0.0000   30.0000   -7.500012538.2822   23.3441
    7.5000   30.0000   -7.500012002.7246   23.3577
   -7.5000   37.5000   -7.500011368.1816   23.3857
    0.0000   37.5000   -7.500011843.5977   23.2981
    7.5000   37.5000   -7.500011341.3398   23.3021
   -7.5000   45.0000   -7.500010223.5625   22.9067
    0.0000   45.0000   -7.500010597.4697   22.8384
    7.5000   45.0000   -7.500010161.4795   22.8378
   -7.5000  -45.0000    0.000011820.1064   23.7463
    0.0000  -45.0000    0.000012346.3037   23.6677
    7.5000  -45.0000    0.000011865.6826   23.6770
   -7.5000  -37.5000    0.000012565.4805   23.7894
    0.0000  -37.5000    0.000013099.9873   23.7310
    7.5000  -37.5000    0.000012586.5527   23.7473
   -7.5000  -30.0000    0.000013880.5967   23.8427
    0.0000  -30.0000    0.000014493.5869   23.7840
    7.5000  -30.0000    0.000013745.8984   23.8068
   -7.5000  -22.5000    0.000015099.0117   23.8546
    0.0000  -22.5000    0.000015856.8369   23.7721
    7.5000  -22.5000    0.000014949.0977   23.7938
   -7.5000  -15.0000    0.000015847.5264   23.8143
    0.0000  -15.0000    0.000016818.3730   23.7125
    7.5000  -15.0000    0.000015985.3906   23.7277
   -7.5000   -7.5000    0.000016459.3086   23.7588
    0.0000   -7.5000    0.000017402.1758   23.6605
    7.5000   -7.5000    0.000016605.3848   23.6700
   -7.5000    0.0000    0.000016874.1016   23.7459
    0.0000    0.0000    0.000017760.2754   23.6672
    7.5000    0.0000    0.000016894.8340   23.6766
   -7.5000    7.5000    0.000016026.3848   23.7894
    0.0000    7.5000    0.000016836.8281   23.7309
    7.5000    7.5000    0.000016022.4570   23.7473
   -7.5000   15.0000    0.000014989.6973   23.8427
    0.0000   15.0000    0.000015655.4219   23.7840
    7.5000   15.0000    0.000014932.7959   23.8068
   -7.5000   22.5000    0.000013931.9160   23.8436
    0.0000   22.5000    0.000014512.4248   23.7612
    7.5000   22.5000    0.000013832.3506   23.7828
   -7.5000   30.0000    0.000012679.6172   23.5061
    0.0000   30.0000    0.000013201.9961   23.4056
    7.5000   30.0000    0.000012598.4189   23.4206
   -7.5000   37.5000    0.000011973.8652   23.4514
    0.0000   37.5000    0.000012474.6914   23.3544
    7.5000   37.5000    0.000011902.8418   23.3638
   -7.5000   45.0000    0.000010749.5010   22.9749
    0.0000   45.0000    0.000011137.2705   22.8984
    7.5000   45.0000    0.000010671.1934   22.9075
   -7.5000  -45.0000    7.500011345.6377   23.7497
    0.0000  -45.0000    7.500011917.8477   23.6532
    7.5000  -45.0000    7.500011467.6309   23.6575
   -7.5000  -37.5000    7.500012023.7861   23.7905
    0.0000  -37.5000    7.500012568.5439   23.7154
    7.5000  -37.5000    7.500012163.2383   23.7319
   -7.5000  -30.0000    7.500013346.5293   23.8422
    0.0000  -30.0000    7.500014021.2812   23.7690
    7.5000  -30.0000    7.500013289.7539   23.7962
   -7.5000  -22.5000    7.500014820.3877   23.8533
    0.0000  -22.5000    7.500015755.0273   23.7595
    7.5000  -22.5000    7.500014529.1904   23.7860
   -7.5000  -15.0000    7.500015889.1348   23.8145
    0.0000  -15.0000    7.500016801.9844   23.7013
    7.5000  -15.0000    7.500015464.0010   23.7175
   -7.5000   -7.5000    7.500016396.3770   23.7623
    0.0000   -7.5000    7.500017138.6914   23.6481
    7.5000   -7.5000    7.500015975.0176   23.6530
   -7.5000    0.0000    7.500016565.1934   23.7494
    0.0000    0.0000    7.500017336.0508   23.6528
    7.5000    0.0000    7.500016292.2314   23.6571
   -7.5000    7.5000    7.500015576.6533   23.7905
    0.0000    7.5000    7.500016457.5312   23.7154
    7.5000    7.5000    7.500015548.0830   23.7318
   -7.5000   15.0000    7.500014432.4092   23.8422
    0.0000   15.0000    7.500015245.8789   23.7690
    7.5000   15.0000    7.500014481.0557   23.7962
   -7.5000   22.5000    7.500013365.3545   23.8423
    0.0000   22.5000    7.500014075.4150   23.7485
    7.5000   22.5000    7.500013377.9619   23.7750
   -7.5000   30.0000    7.500012182.9805   23.5063
    0.0000   30.0000    7.500012794.3682   23.3946
    7.5000   30.0000    7.500012210.0156   23.4105
   -7.5000   37.5000    7.500011551.7148   23.4549
    0.0000   37.5000    7.500012104.0928   23.3422
    7.5000   37.5000    7.500011543.3760   23.3470
   -7.5000   45.0000    7.500010412.0107   22.9794
    0.0000   45.0000    7.500010837.7012   22.8860
    7.5000   45.0000    7.500010378.0791   22.8902
   -7.5000  -45.0000   15.000010955.5645   23.7344
    0.0000  -45.0000   15.000011473.0518   23.6289
    7.5000  -45.0000   15.000011004.9814   23.6206
   -7.5000  -37.5000   15.000011569.6631   23.7678
    0.0000  -37.5000   15.000012035.7314   23.6838
    7.5000  -37.5000   15.000011607.1777   23.6934
   -7.5000  -30.0000   15.000012672.5723   23.8127
    0.0000  -30.0000   15.000013302.0410   23.7326
    7.5000  -30.0000   15.000012688.1455   23.7620
   -7.5000  -22.5000   15.000013873.5742   23.8253
    0.0000  -22.5000   15.000014815.5742   23.7279
    7.5000  -22.5000   15.000013821.0576   23.7597
   -7.5000  -15.0000   15.000014731.2627   23.7928
    0.0000  -15.0000   15.000015577.5674   23.6763
    7.5000  -15.0000   15.000014572.1904   23.6933
   -7.5000   -7.5000   15.000015316.1016   23.7465
    0.0000   -7.5000   15.000016066.0469   23.6257
    7.5000   -7.5000   15.000015116.7334   23.6224
   -7.5000    0.0000   15.000015673.1084   23.7341
    0.0000    0.0000   15.000016518.6797   23.6285
    7.5000    0.0000   15.000015565.2080   23.6202
   -7.5000    7.5000   15.000014802.2480   23.7678
    0.0000    7.5000   15.000015712.8984   23.6837
    7.5000    7.5000   15.000014896.5996   23.6933
   -7.5000   15.0000   15.000013718.2158   23.8127
    0.0000   15.0000   15.000014509.6387   23.7326
    7.5000   15.0000   15.000013822.8643   23.7620
   -7.5000   22.5000   15.000012666.7979   23.8143
    0.0000   22.5000   15.000013335.7793   23.7169
    7.5000   22.5000   15.000012733.7969   23.7487
   -7.5000   30.0000   15.000011562.4287   23.4849
    0.0000   30.0000   15.000012158.2500   23.3699
    7.5000   30.0000   15.000011632.2412   23.3867
   -7.5000   37.5000   15.000010936.1279   23.4393
    0.0000   37.5000   15.000011498.0312   23.3201
    7.5000   37.5000   15.000010997.2070   23.3168
   -7.5000   45.0000   15.0000 9865.9092   22.9622
    0.0000   45.0000   15.000010277.8906   22.8605
    7.5000   45.0000   15.0000 9873.7314   22.8521
   -7.5000  -45.0000   22.500010350.4248   23.7229
    0.0000  -45.0000   22.500010810.3506   23.6278
    7.5000  -45.0000   22.500010327.2559   23.6124
   -7.5000  -37.5000   22.500010866.6963   23.7512
    0.0000  -37.5000   22.500011269.8223   23.6754
    7.5000  -37.5000   22.500010881.6104   23.6783
   -7.5000  -30.0000   22.500011766.9277   23.7903
    0.0000  -30.0000   22.500012381.2051   23.7185
    7.5000  -30.0000   22.500011942.8799   23.7459
   -7.5000  -22.5000   22.500012754.1143   23.8051
    0.0000  -22.5000   22.500013541.9717   23.7170
    7.5000  -22.5000   22.500012946.1172   23.7495
   -7.5000  -15.0000   22.500013478.9688   23.7771
    0.0000  -15.0000   22.500014106.2617   23.6713
    7.5000  -15.0000   22.500013553.1699   23.6884
   -7.5000   -7.5000   22.500014064.2686   23.7338
    0.0000   -7.5000   22.500014694.5586   23.6248
    7.5000   -7.5000   22.500014176.1406   23.6184
   -7.5000    0.0000   22.500014471.6797   23.7226
    0.0000    0.0000   22.500015203.6670   23.6274
    7.5000    0.0000   22.500014643.2041   23.6119
   -7.5000    7.5000   22.500013813.6504   23.7511
    0.0000    7.5000   22.500014552.2344   23.6754
    7.5000    7.5000   22.500013984.1592   23.6783
   -7.5000   15.0000   22.500012839.2754   23.7903
    0.0000   15.0000   22.500013470.2715   23.7185
    7.5000   15.0000   22.500012946.2891   23.7459
   -7.5000   22.5000   22.500011853.2061   23.7941
    0.0000   22.5000   22.500012423.2090   23.7060
    7.5000   22.5000   22.500011915.1270   23.7386
   -7.5000   30.0000   22.500010855.4023   23.4694
    0.0000   30.0000   22.500011376.0244   23.3649
    7.5000   30.0000   22.500010893.6592   23.3819
   -7.5000   37.5000   22.500010248.2676   23.4267
    0.0000   37.5000   22.500010742.9863   23.3191
    7.5000   37.5000   22.500010301.5146   23.3128
   -7.5000   45.0000   22.5000 9177.2549   22.9476
    0.0000   45.0000   22.5000 9586.5273   22.8558
    7.5000   45.0000   22.5000 9201.7725   22.8401
   -7.5000  -45.0000   30.0000 9537.9082   23.9377
    0.0000  -45.0000   30.0000 9948.5762   23.8591
    7.5000  -45.0000   30.0000 9531.5615   23.8462
   -7.5000  -37.5000   30.000010018.2119   23.9677
    0.0000  -37.5000   30.000010435.7764   23.9075
    7.5000  -37.5000   30.000010056.3496   23.9088
   -7.5000  -30.0000   30.000010895.9785   24.0096
    0.0000  -30.0000   30.000011460.2070   23.9514
    7.5000  -30.0000   30.000011044.4932   23.9738
   -7.5000  -22.5000   30.000011763.9414   24.0273
    0.0000  -22.5000   30.000012345.5635   23.9495
    7.5000  -22.5000   30.000011843.8262   23.9763
   -7.5000  -15.0000   30.000012417.5869   23.9982
    0.0000  -15.0000   30.000012911.1885   23.9024
    7.5000  -15.0000   30.000012413.9375   23.9169
   -7.5000   -7.5000   30.000012959.8916   23.9503
    0.0000   -7.5000   30.000013494.6367   23.8556
    7.5000   -7.5000   30.000013011.0801   23.8514
   -7.5000    0.0000   30.000013371.7480   23.9374
    0.0000    0.0000   30.000013947.3496   23.8587
    7.5000    0.0000   30.000013462.7119   23.8458
   -7.5000    7.5000   30.000012810.5117   23.9677
    0.0000    7.5000   30.000013371.7178   23.9075
    7.5000    7.5000   30.000012903.1523   23.9088
   -7.5000   15.0000   30.000011936.8936   24.0096
    0.0000   15.0000   30.000012432.6914   23.9514
    7.5000   15.0000   30.000011996.4463   23.9738
   -7.5000   22.5000   30.000011000.2734   24.0162
    0.0000   22.5000   30.000011476.3301   23.9385
    7.5000   22.5000   30.000011020.5039   23.9653
   -7.5000   30.0000   30.000010078.9053   23.6877
    0.0000   30.0000   30.000010529.2334   23.5931
    7.5000   30.0000   30.000010092.3135   23.6074
   -7.5000   37.5000   30.0000 9497.2168   23.6404
    0.0000   37.5000   30.0000 9893.1074   23.5470
    7.5000   37.5000   30.0000 9500.5654   23.5428
   -7.5000   45.0000   30.0000 8460.6582   23.1550
    0.0000   45.0000   30.0000 8797.2871   23.0787
    7.5000   45.0000   30.0000 8463.9229   23.0655
   -7.5000  -45.0000   37.5000 9095.1592   24.4245
    0.0000  -45.0000   37.5000 9483.8193   24.3525
    7.5000  -45.0000   37.5000 9118.2256   24.3519
   -7.5000  -37.5000   37.5000 9628.3135   24.4655
    0.0000  -37.5000   37.500010044.7588   24.4136
    7.5000  -37.5000   37.5000 9674.6836   24.4220
   -7.5000  -30.0000   37.500010493.3389   24.5181
    0.0000  -30.0000   37.500010993.0928   24.4660
    7.5000  -30.0000   37.500010565.0938   24.4864
   -7.5000  -22.5000   37.500011287.7480   24.5343
    0.0000  -22.5000   37.500011778.6006   24.4574
    7.5000  -22.5000   37.500011274.0889   24.4788
   -7.5000  -15.0000   37.500011868.0615   24.4953
    0.0000  -15.0000   37.500012324.1309   24.3988
    7.5000  -15.0000   37.500011842.0410   24.4118
   -7.5000   -7.5000   37.500012373.2070   24.4376
    0.0000   -7.5000   37.500012861.1582   24.3457
    7.5000   -7.5000   37.500012395.3564   24.3490
   -7.5000    0.0000   37.500012808.7393   24.4242
    0.0000    0.0000   37.500013324.9199   24.3521
    7.5000    0.0000   37.500012810.5566   24.3515
   -7.5000    7.5000   37.500012310.0898   24.4655
    0.0000    7.5000   37.500012797.8506   24.4135
    7.5000    7.5000   37.500012309.4531   24.4219
   -7.5000   15.0000   37.500011470.2461   24.5181
    0.0000   15.0000   37.500011945.0879   24.4660
    7.5000   15.0000   37.500011487.0068   24.4864
   -7.5000   22.5000   37.500010578.0742   24.5230
    0.0000   22.5000   37.500011007.0469   24.4462
    7.5000   22.5000   37.500010558.0557   24.4675
   -7.5000   30.0000   37.5000 9704.2441   24.1783
    0.0000   30.0000   37.500010103.9551   24.0830
    7.5000   30.0000   37.5000 9673.5371   24.0959
   -7.5000   37.5000   37.5000 9120.3682   24.1214
    0.0000   37.5000   37.5000 9493.5898   24.0307
    7.5000   37.5000   37.5000 9082.7793   24.0340
   -7.5000   45.0000   37.5000 8114.2354   23.6294
    0.0000   45.0000   37.5000 8447.4629   23.5593
    7.5000   45.0000   37.5000 8090.3013   23.5584
   -7.5000  -45.0000   45.0000 8354.9248   25.1131
    0.0000  -45.0000   45.0000 8705.2734   25.0246
    7.5000  -45.0000   45.0000 8386.7441   25.0343
   -7.5000  -37.5000   45.0000 8856.2021   25.1622
    0.0000  -37.5000   45.0000 9256.3193   25.0982
    7.5000  -37.5000   45.0000 8917.2422   25.1161
   -7.5000  -30.0000   45.0000 9677.9512   25.2230
    0.0000  -30.0000   45.000010124.2773   25.1593
    7.5000  -30.0000   45.0000 9730.4932   25.1840
   -7.5000  -22.5000   45.000010395.2979   25.2375
    0.0000  -22.5000   45.000010814.1514   25.1455
    7.5000  -22.5000   45.000010359.4150   25.1680
   -7.5000  -15.0000   45.000010900.8135   25.1919
    0.0000  -15.0000   45.000011330.3555   25.0763
    7.5000  -15.0000   45.000010860.7920   25.0910
   -7.5000   -7.5000   45.000011366.7939   25.1279
    0.0000   -7.5000   45.000011803.9434   25.0159
    7.5000   -7.5000   45.000011354.2773   25.0246
   -7.5000    0.0000   45.000011771.2646   25.1127
    0.0000    0.0000   45.000012210.3721   25.0241
    7.5000    0.0000   45.000011753.7324   25.0338
   -7.5000    7.5000   45.000011340.4629   25.1621
    0.0000    7.5000   45.000011768.6260   25.0981
    7.5000    7.5000   45.000011307.3086   25.1161
   -7.5000   15.0000   45.000010598.7334   25.2230
    0.0000   15.0000   45.000011022.8340   25.1593
    7.5000   15.0000   45.000010597.5703   25.1840
   -7.5000   22.5000   45.0000 9758.1035   25.2258
    0.0000   22.5000   45.000010155.5723   25.1339
    7.5000   22.5000   45.0000 9749.5059   25.1563
   -7.5000   30.0000   45.0000 8922.4082   24.8638
    0.0000   30.0000   45.0000 9306.9863   24.7496
    7.5000   30.0000   45.0000 8919.4424   24.7641
   -7.5000   37.5000   45.0000 8417.0244   24.8006
    0.0000   37.5000   45.0000 8743.9248   24.6900
    7.5000   37.5000   45.0000 8369.7793   24.6986
   -7.5000   45.0000   45.0000 7519.2861   24.2913
    0.0000   45.0000   45.0000 7806.9048   24.2054
    7.5000   45.0000   45.0000 7473.2466   24.2150

---------------------------------------------------------------------
imgreg_4dfp /opt/freesurfer/average/711-2C_as_mni_average_305 /opt/freesurfer/average/711-2B_as_mni_average_305_mask talsrcimg_g11 none talsrcimg_to_711-2C_as_mni_average_305_t4 4355
---------------------------------------------------------------------

freesurfer imgreg_4dfp.c
/opt/freesurfer/average/711-2C_as_mni_average_305.4dfp.img
       256       256       256         1
  1.000000  1.000000  1.000000
orientation T byte_order littleendian
Reading image: /opt/freesurfer/average/711-2C_as_mni_average_305.4dfp.img
dimensions:      256       256       256
mmppix:       1.0000   -1.0000   -1.0000
center:     128.0000 -129.0000 -129.0000
/opt/freesurfer/average/711-2B_as_mni_average_305_mask.4dfp.img
       256       256       256         1
  1.000000  1.000000  1.000000
orientation T byte_order littleendian
Reading mask: /opt/freesurfer/average/711-2B_as_mni_average_305_mask.4dfp.img (2306576 pixels)
talsrcimg_g11.4dfp.img
       256       256       256         1
  1.000000  1.000000  1.000000
orientation T byte_order littleendian
Reading image: talsrcimg_g11.4dfp.img
dimensions:      256       256       256
mmppix:       1.0000   -1.0000   -1.0000
center:     128.0000 -129.0000 -129.0000
rotation matrix determinant  1.000000
image alignment mode   4355 decimal     1103 hex
   -7.5000  -45.0000  -45.0000 2266.3235   21.5834
    0.0000  -45.0000  -45.0000 2279.9006   21.4093
    7.5000  -45.0000  -45.0000 2263.0266   21.6337
   -7.5000  -37.5000  -45.0000 2326.1326   20.3324
    0.0000  -37.5000  -45.0000 2342.3447   20.1680
    7.5000  -37.5000  -45.0000 2315.8142   20.4228
   -7.5000  -30.0000  -45.0000 2340.9167   19.7086
    0.0000  -30.0000  -45.0000 2360.6633   19.5291
    7.5000  -30.0000  -45.0000 2324.1008   19.7497
   -7.5000  -22.5000  -45.0000 2354.0071   19.3780
    0.0000  -22.5000  -45.0000 2372.2117   19.1481
    7.5000  -22.5000  -45.0000 2344.6328   19.3742
   -7.5000  -15.0000  -45.0000 2352.7166   19.3843
    0.0000  -15.0000  -45.0000 2368.2712   19.1342
    7.5000  -15.0000  -45.0000 2349.4939   19.3817
   -7.5000   -7.5000  -45.0000 2345.4700   19.6471
    0.0000   -7.5000  -45.0000 2367.3967   19.4651
    7.5000   -7.5000  -45.0000 2347.1487   19.6963
   -7.5000    0.0000  -45.0000 2317.9019   20.3204
    0.0000    0.0000  -45.0000 2330.4121   20.1029
    7.5000    0.0000  -45.0000 2309.8206   20.3685
   -7.5000    7.5000  -45.0000 2271.7546   21.3980
    0.0000    7.5000  -45.0000 2281.4441   21.1612
    7.5000    7.5000  -45.0000 2260.5613   21.3465
   -7.5000   15.0000  -45.0000 2197.8157   22.7735
    0.0000   15.0000  -45.0000 2211.7178   22.5941
    7.5000   15.0000  -45.0000 2194.0776   22.7488
   -7.5000   22.5000  -45.0000 2112.4080   24.5674
    0.0000   22.5000  -45.0000 2124.8523   24.3383
    7.5000   22.5000  -45.0000 2104.3088   24.5115
   -7.5000   30.0000  -45.0000 2003.1853   26.8885
    0.0000   30.0000  -45.0000 2007.5891   26.5658
    7.5000   30.0000  -45.0000 1991.7501   26.8992
   -7.5000   37.5000  -45.0000 1884.1169   30.0817
    0.0000   37.5000  -45.0000 1893.2396   29.6683
    7.5000   37.5000  -45.0000 1877.2346   29.9156
   -7.5000   45.0000  -45.0000 1763.7672   34.0345
    0.0000   45.0000  -45.0000 1768.8124   33.5788
    7.5000   45.0000  -45.0000 1752.0459   33.9168
   -7.5000  -45.0000  -37.5000 2350.7334   20.4083
    0.0000  -45.0000  -37.5000 2364.4414   20.1925
    7.5000  -45.0000  -37.5000 2339.4861   20.4248
   -7.5000  -37.5000  -37.5000 2415.4609   19.0713
    0.0000  -37.5000  -37.5000 2431.0520   18.8836
    7.5000  -37.5000  -37.5000 2403.4934   19.1282
   -7.5000  -30.0000  -37.5000 2437.8887   18.3258
    0.0000  -30.0000  -37.5000 2453.3945   18.0866
    7.5000  -30.0000  -37.5000 2424.8892   18.3641
   -7.5000  -22.5000  -37.5000 2457.5510   17.9604
    0.0000  -22.5000  -37.5000 2467.9817   17.7552
    7.5000  -22.5000  -37.5000 2446.5715   17.9795
   -7.5000  -15.0000  -37.5000 2448.2432   18.0007
    0.0000  -15.0000  -37.5000 2465.3643   17.7524
    7.5000  -15.0000  -37.5000 2442.7285   17.9692
   -7.5000   -7.5000  -37.5000 2446.6389   18.2827
    0.0000   -7.5000  -37.5000 2463.2192   18.0339
    7.5000   -7.5000  -37.5000 2431.8335   18.2370
   -7.5000    0.0000  -37.5000 2419.2595   18.8447
    0.0000    0.0000  -37.5000 2425.4651   18.5430
    7.5000    0.0000  -37.5000 2398.3730   18.7999
   -7.5000    7.5000  -37.5000 2374.1084   19.7720
    0.0000    7.5000  -37.5000 2382.4199   19.5051
    7.5000    7.5000  -37.5000 2353.9043   19.7044
   -7.5000   15.0000  -37.5000 2299.2209   20.9289
    0.0000   15.0000  -37.5000 2309.6621   20.7613
    7.5000   15.0000  -37.5000 2287.3345   20.9341
   -7.5000   22.5000  -37.5000 2208.8145   22.5432
    0.0000   22.5000  -37.5000 2221.0305   22.3144
    7.5000   22.5000  -37.5000 2193.9583   22.5260
   -7.5000   30.0000  -37.5000 2089.2495   24.7517
    0.0000   30.0000  -37.5000 2096.0022   24.4478
    7.5000   30.0000  -37.5000 2071.7510   24.6871
   -7.5000   37.5000  -37.5000 1961.7863   27.6261
    0.0000   37.5000  -37.5000 1972.0358   27.2297
    7.5000   37.5000  -37.5000 1949.2534   27.4472
   -7.5000   45.0000  -37.5000 1841.5006   31.1949
    0.0000   45.0000  -37.5000 1846.9224   30.8366
    7.5000   45.0000  -37.5000 1827.8501   31.1028
   -7.5000  -45.0000  -30.0000 2465.1428   20.0035
    0.0000  -45.0000  -30.0000 2475.0247   19.7758
    7.5000  -45.0000  -30.0000 2451.1575   20.0037
   -7.5000  -37.5000  -30.0000 2533.1208   18.6321
    0.0000  -37.5000  -30.0000 2547.6272   18.3902
    7.5000  -37.5000  -30.0000 2521.9280   18.6168
   -7.5000  -30.0000  -30.0000 2572.0828   17.7098
    0.0000  -30.0000  -30.0000 2584.0261   17.4378
    7.5000  -30.0000  -30.0000 2559.6812   17.6958
   -7.5000  -22.5000  -30.0000 2599.2224   17.2165
    0.0000  -22.5000  -30.0000 2607.2607   17.0064
    7.5000  -22.5000  -30.0000 2580.7708   17.1949
   -7.5000  -15.0000  -30.0000 2594.4319   17.2349
    0.0000  -15.0000  -30.0000 2607.3291   17.0033
    7.5000  -15.0000  -30.0000 2579.4441   17.1795
   -7.5000   -7.5000  -30.0000 2586.3137   17.5235
    0.0000   -7.5000  -30.0000 2596.4766   17.2555
    7.5000   -7.5000  -30.0000 2568.4473   17.4834
   -7.5000    0.0000  -30.0000 2554.9785   18.0151
    0.0000    0.0000  -30.0000 2564.9744   17.7281
    7.5000    0.0000  -30.0000 2542.1711   18.0174
   -7.5000    7.5000  -30.0000 2510.1138   18.9099
    0.0000    7.5000  -30.0000 2524.3855   18.6407
    7.5000    7.5000  -30.0000 2494.9126   18.8625
   -7.5000   15.0000  -30.0000 2431.5012   20.0199
    0.0000   15.0000  -30.0000 2445.4595   19.7746
    7.5000   15.0000  -30.0000 2420.5039   19.9760
   -7.5000   22.5000  -30.0000 2341.2815   21.5625
    0.0000   22.5000  -30.0000 2352.7156   21.2678
    7.5000   22.5000  -30.0000 2325.6538   21.5315
   -7.5000   30.0000  -30.0000 2210.0459   23.6176
    0.0000   30.0000  -30.0000 2221.3298   23.2705
    7.5000   30.0000  -30.0000 2199.1196   23.5326
   -7.5000   37.5000  -30.0000 2070.7910   26.2882
    0.0000   37.5000  -30.0000 2083.1418   25.8804
    7.5000   37.5000  -30.0000 2068.2271   26.0802
   -7.5000   45.0000  -30.0000 1934.7241   29.7703
    0.0000   45.0000  -30.0000 1942.2020   29.4034
    7.5000   45.0000  -30.0000 1926.7946   29.6015
   -7.5000  -45.0000  -22.5000 2544.0845   19.3964
    0.0000  -45.0000  -22.5000 2560.0857   19.1755
    7.5000  -45.0000  -22.5000 2533.9329   19.4517
   -7.5000  -37.5000  -22.5000 2616.9316   17.9892
    0.0000  -37.5000  -22.5000 2636.1318   17.7446
    7.5000  -37.5000  -22.5000 2610.5601   18.0117
   -7.5000  -30.0000  -22.5000 2673.8135   16.9856
    0.0000  -30.0000  -22.5000 2685.0591   16.7045
    7.5000  -30.0000  -22.5000 2663.0547   16.9847
   -7.5000  -22.5000  -22.5000 2705.7581   16.3667
    0.0000  -22.5000  -22.5000 2714.8875   16.0757
    7.5000  -22.5000  -22.5000 2686.3921   16.4058
   -7.5000  -15.0000  -22.5000 2707.1562   16.2666
    0.0000  -15.0000  -22.5000 2719.0496   16.0492
    7.5000  -15.0000  -22.5000 2692.5835   16.3152
   -7.5000   -7.5000  -22.5000 2698.2554   16.5831
    0.0000   -7.5000  -22.5000 2714.4036   16.3122
    7.5000   -7.5000  -22.5000 2685.0786   16.5982
   -7.5000    0.0000  -22.5000 2671.5620   17.1415
    0.0000    0.0000  -22.5000 2687.3074   16.8261
    7.5000    0.0000  -22.5000 2663.4792   17.0849
   -7.5000    7.5000  -22.5000 2622.3433   18.0011
    0.0000    7.5000  -22.5000 2640.5588   17.6959
    7.5000    7.5000  -22.5000 2611.8843   17.9245
   -7.5000   15.0000  -22.5000 2543.1558   19.0750
    0.0000   15.0000  -22.5000 2557.0042   18.7854
    7.5000   15.0000  -22.5000 2535.0857   18.9921
   -7.5000   22.5000  -22.5000 2446.6538   20.5568
    0.0000   22.5000  -22.5000 2457.3384   20.2226
    7.5000   22.5000  -22.5000 2433.1943   20.4979
   -7.5000   30.0000  -22.5000 2313.8105   22.5204
    0.0000   30.0000  -22.5000 2323.7769   22.1365
    7.5000   30.0000  -22.5000 2301.7344   22.3648
   -7.5000   37.5000  -22.5000 2166.1111   25.0820
    0.0000   37.5000  -22.5000 2176.7395   24.6243
    7.5000   37.5000  -22.5000 2163.6814   24.8134
   -7.5000   45.0000  -22.5000 2012.8777   28.3954
    0.0000   45.0000  -22.5000 2017.5640   27.9987
    7.5000   45.0000  -22.5000 2001.8525   28.1636
   -7.5000  -45.0000  -15.0000 2575.9844   18.8625
    0.0000  -45.0000  -15.0000 2589.5674   18.5931
    7.5000  -45.0000  -15.0000 2568.6785   18.9052
   -7.5000  -37.5000  -15.0000 2662.0491   17.4435
    0.0000  -37.5000  -15.0000 2678.7842   17.1995
    7.5000  -37.5000  -15.0000 2654.0503   17.4845
   -7.5000  -30.0000  -15.0000 2731.7793   16.4166
    0.0000  -30.0000  -15.0000 2745.9136   16.1449
    7.5000  -30.0000  -15.0000 2716.6099   16.4173
   -7.5000  -22.5000  -15.0000 2770.5740   15.6581
    0.0000  -22.5000  -15.0000 2782.5066   15.3681
    7.5000  -22.5000  -15.0000 2749.3542   15.7300
   -7.5000  -15.0000  -15.0000 2776.3794   15.3861
    0.0000  -15.0000  -15.0000 2787.8708   15.1350
    7.5000  -15.0000  -15.0000 2764.2527   15.5394
   -7.5000   -7.5000  -15.0000 2776.0579   15.7218
    0.0000   -7.5000  -15.0000 2790.7083   15.4125
    7.5000   -7.5000  -15.0000 2768.1084   15.7829
   -7.5000    0.0000  -15.0000 2749.2705   16.2926
    0.0000    0.0000  -15.0000 2770.4778   15.9736
    7.5000    0.0000  -15.0000 2743.5950   16.2666
   -7.5000    7.5000  -15.0000 2697.0764   17.1375
    0.0000    7.5000  -15.0000 2720.9241   16.8421
    7.5000    7.5000  -15.0000 2695.1626   17.1022
   -7.5000   15.0000  -15.0000 2615.5437   18.2192
    0.0000   15.0000  -15.0000 2631.5149   17.9315
    7.5000   15.0000  -15.0000 2610.9019   18.2016
   -7.5000   22.5000  -15.0000 2517.5386   19.6068
    0.0000   22.5000  -15.0000 2533.6643   19.2941
    7.5000   22.5000  -15.0000 2508.8188   19.6078
   -7.5000   30.0000  -15.0000 2384.3130   21.5790
    0.0000   30.0000  -15.0000 2401.0688   21.2036
    7.5000   30.0000  -15.0000 2374.7449   21.4692
   -7.5000   37.5000  -15.0000 2240.4004   24.0005
    0.0000   37.5000  -15.0000 2256.9011   23.5792
    7.5000   37.5000  -15.0000 2231.9866   23.8418
   -7.5000   45.0000  -15.0000 2067.9861   27.2160
    0.0000   45.0000  -15.0000 2082.7212   26.8784
    7.5000   45.0000  -15.0000 2056.5500   27.0377
   -7.5000  -45.0000   -7.5000 2584.7048   18.5152
    0.0000  -45.0000   -7.5000 2594.8477   18.1910
    7.5000  -45.0000   -7.5000 2570.5657   18.4726
   -7.5000  -37.5000   -7.5000 2683.2747   17.0904
    0.0000  -37.5000   -7.5000 2698.1648   16.7857
    7.5000  -37.5000   -7.5000 2673.5232   17.0308
   -7.5000  -30.0000   -7.5000 2761.1494   16.0540
    0.0000  -30.0000   -7.5000 2772.5974   15.7535
    7.5000  -30.0000   -7.5000 2752.2783   15.9633
   -7.5000  -22.5000   -7.5000 2813.6338   15.2872
    0.0000  -22.5000   -7.5000 2831.9971   14.9909
    7.5000  -22.5000   -7.5000 2803.2507   15.2371
   -7.5000  -15.0000   -7.5000 2826.6731   14.8103
    0.0000  -15.0000   -7.5000 2842.3926   14.5592
    7.5000  -15.0000   -7.5000 2823.4612   15.0244
   -7.5000   -7.5000   -7.5000 2829.1218   15.0302
    0.0000   -7.5000   -7.5000 2848.5820   14.7360
    7.5000   -7.5000   -7.5000 2828.9011   15.1819
   -7.5000    0.0000   -7.5000 2804.1096   15.6527
    0.0000    0.0000   -7.5000 2834.3970   15.3419
    7.5000    0.0000   -7.5000 2799.1108   15.6657
   -7.5000    7.5000   -7.5000 2758.1277   16.4014
    0.0000    7.5000   -7.5000 2781.2454   16.1593
    7.5000    7.5000   -7.5000 2753.1067   16.3901
   -7.5000   15.0000   -7.5000 2670.3267   17.5130
    0.0000   15.0000   -7.5000 2685.8699   17.1852
    7.5000   15.0000   -7.5000 2666.7771   17.4455
   -7.5000   22.5000   -7.5000 2567.9299   18.9652
    0.0000   22.5000   -7.5000 2586.9622   18.6222
    7.5000   22.5000   -7.5000 2563.5510   18.8890
   -7.5000   30.0000   -7.5000 2431.0847   20.8620
    0.0000   30.0000   -7.5000 2452.6836   20.4731
    7.5000   30.0000   -7.5000 2426.8438   20.7778
   -7.5000   37.5000   -7.5000 2284.8135   23.2227
    0.0000   37.5000   -7.5000 2307.3164   22.8281
    7.5000   37.5000   -7.5000 2280.1682   23.1526
   -7.5000   45.0000   -7.5000 2111.2109   26.2389
    0.0000   45.0000   -7.5000 2122.1655   25.9015
    7.5000   45.0000   -7.5000 2105.0479   26.2084
   -7.5000  -45.0000    0.0000 2561.9097   18.3367
    0.0000  -45.0000    0.0000 2574.1475   17.9898
    7.5000  -45.0000    0.0000 2555.6289   18.2489
   -7.5000  -37.5000    0.0000 2674.4966   16.9307
    0.0000  -37.5000    0.0000 2684.6531   16.5980
    7.5000  -37.5000    0.0000 2671.5862   16.8368
   -7.5000  -30.0000    0.0000 2767.2659   15.9536
    0.0000  -30.0000    0.0000 2773.0146   15.6286
    7.5000  -30.0000    0.0000 2763.5933   15.7886
   -7.5000  -22.5000    0.0000 2840.2917   15.3790
    0.0000  -22.5000    0.0000 2857.8752   15.0742
    7.5000  -22.5000    0.0000 2836.2351   15.1348
   -7.5000  -15.0000    0.0000 2875.5740   14.9400
    0.0000  -15.0000    0.0000 2900.5522   14.7159
    7.5000  -15.0000    0.0000 2866.9060   14.9028
   -7.5000   -7.5000    0.0000 2866.0764   14.7869
    0.0000   -7.5000    0.0000 2892.8496   14.6010
    7.5000   -7.5000    0.0000 2869.4106   14.9219
   -7.5000    0.0000    0.0000 2834.4692   15.1994
    0.0000    0.0000    0.0000 2855.8875   14.9689
    7.5000    0.0000    0.0000 2830.2070   15.1946
   -7.5000    7.5000    0.0000 2784.0288   16.0215
    0.0000    7.5000    0.0000 2809.3691   15.6544
    7.5000    7.5000    0.0000 2781.3066   15.8765
   -7.5000   15.0000    0.0000 2697.2771   17.1674
    0.0000   15.0000    0.0000 2714.6660   16.7630
    7.5000   15.0000    0.0000 2695.0090   16.9760
   -7.5000   22.5000    0.0000 2595.4177   18.6774
    0.0000   22.5000    0.0000 2611.6470   18.2230
    7.5000   22.5000    0.0000 2589.4944   18.4479
   -7.5000   30.0000    0.0000 2455.7778   20.5847
    0.0000   30.0000    0.0000 2475.7756   20.0990
    7.5000   30.0000    0.0000 2454.0693   20.3284
   -7.5000   37.5000    0.0000 2313.6987   22.9508
    0.0000   37.5000    0.0000 2326.1094   22.4727
    7.5000   37.5000    0.0000 2307.1096   22.6548
   -7.5000   45.0000    0.0000 2136.5061   25.9406
    0.0000   45.0000    0.0000 2144.3418   25.5215
    7.5000   45.0000    0.0000 2130.6587   25.7004
   -7.5000  -45.0000    7.5000 2532.1785   18.3903
    0.0000  -45.0000    7.5000 2546.2410   18.1006
    7.5000  -45.0000    7.5000 2536.3035   18.3258
   -7.5000  -37.5000    7.5000 2649.2849   16.9980
    0.0000  -37.5000    7.5000 2660.7344   16.7134
    7.5000  -37.5000    7.5000 2655.9292   16.9304
   -7.5000  -30.0000    7.5000 2760.8274   16.1184
    0.0000  -30.0000    7.5000 2767.0979   15.8403
    7.5000  -30.0000    7.5000 2756.5129   15.9464
   -7.5000  -22.5000    7.5000 2862.9082   15.6976
    0.0000  -22.5000    7.5000 2878.4705   15.4686
    7.5000  -22.5000    7.5000 2845.3572   15.2971
   -7.5000  -15.0000    7.5000 2922.9187   15.3894
    0.0000  -15.0000    7.5000 2954.3562   15.1954
    7.5000  -15.0000    7.5000 2878.6501   14.9888
   -7.5000   -7.5000    7.5000 2904.3564   15.0517
    0.0000   -7.5000    7.5000 2934.6594   14.7347
    7.5000   -7.5000    7.5000 2882.2417   14.7774
   -7.5000    0.0000    7.5000 2850.3247   15.1817
    0.0000    0.0000    7.5000 2877.0361   14.8137
    7.5000    0.0000    7.5000 2842.2351   14.9747
   -7.5000    7.5000    7.5000 2792.2529   15.8386
    0.0000    7.5000    7.5000 2827.7419   15.5205
    7.5000    7.5000    7.5000 2800.5090   15.7335
   -7.5000   15.0000    7.5000 2702.9133   16.9349
    0.0000   15.0000    7.5000 2728.1514   16.6600
    7.5000   15.0000    7.5000 2703.6311   16.8917
   -7.5000   22.5000    7.5000 2598.8767   18.4869
    0.0000   22.5000    7.5000 2617.6594   18.1902
    7.5000   22.5000    7.5000 2596.2029   18.3838
   -7.5000   30.0000    7.5000 2460.9390   20.4436
    0.0000   30.0000    7.5000 2479.1311   20.0992
    7.5000   30.0000    7.5000 2459.0759   20.2740
   -7.5000   37.5000    7.5000 2320.4573   22.9188
    0.0000   37.5000    7.5000 2336.7585   22.5081
    7.5000   37.5000    7.5000 2316.4656   22.6471
   -7.5000   45.0000    7.5000 2148.8350   25.9489
    0.0000   45.0000    7.5000 2159.9714   25.5512
    7.5000   45.0000    7.5000 2143.3140   25.6156
   -7.5000  -45.0000   15.0000 2503.7673   19.0843
    0.0000  -45.0000   15.0000 2515.3125   18.7152
    7.5000  -45.0000   15.0000 2508.7263   18.8991
   -7.5000  -37.5000   15.0000 2631.8066   17.6320
    0.0000  -37.5000   15.0000 2638.7678   17.2875
    7.5000  -37.5000   15.0000 2625.3347   17.4270
   -7.5000  -30.0000   15.0000 2744.6101   16.6039
    0.0000  -30.0000   15.0000 2750.0679   16.2986
    7.5000  -30.0000   15.0000 2726.0862   16.3810
   -7.5000  -22.5000   15.0000 2841.8706   16.0400
    0.0000  -22.5000   15.0000 2861.5613   15.8498
    7.5000  -22.5000   15.0000 2820.1252   15.7152
   -7.5000  -15.0000   15.0000 2890.9539   15.6081
    0.0000  -15.0000   15.0000 2936.2393   15.4760
    7.5000  -15.0000   15.0000 2862.2808   15.3378
   -7.5000   -7.5000   15.0000 2889.7983   15.3335
    0.0000   -7.5000   15.0000 2915.8423   14.9410
    7.5000   -7.5000   15.0000 2860.7095   15.0404
   -7.5000    0.0000   15.0000 2851.0698   15.5596
    0.0000    0.0000   15.0000 2873.9431   15.2371
    7.5000    0.0000   15.0000 2837.4880   15.3120
   -7.5000    7.5000   15.0000 2780.7534   16.2490
    0.0000    7.5000   15.0000 2817.9448   16.0064
    7.5000    7.5000   15.0000 2790.2974   16.1399
   -7.5000   15.0000   15.0000 2683.6055   17.3443
    0.0000   15.0000   15.0000 2708.9070   17.0796
    7.5000   15.0000   15.0000 2688.5325   17.3063
   -7.5000   22.5000   15.0000 2579.0222   18.7799
    0.0000   22.5000   15.0000 2598.8662   18.4869
    7.5000   22.5000   15.0000 2579.9739   18.7641
   -7.5000   30.0000   15.0000 2440.9363   20.5785
    0.0000   30.0000   15.0000 2460.8613   20.2269
    7.5000   30.0000   15.0000 2446.7288   20.5098
   -7.5000   37.5000   15.0000 2301.2073   22.9402
    0.0000   37.5000   15.0000 2320.5530   22.5322
    7.5000   37.5000   15.0000 2310.0603   22.8095
   -7.5000   45.0000   15.0000 2131.2949   25.9264
    0.0000   45.0000   15.0000 2145.3362   25.5491
    7.5000   45.0000   15.0000 2141.2998   25.7562
   -7.5000  -45.0000   22.5000 2471.6443   19.9056
    0.0000  -45.0000   22.5000 2486.3337   19.4988
    7.5000  -45.0000   22.5000 2472.4705   19.7041
   -7.5000  -37.5000   22.5000 2592.0376   18.3052
    0.0000  -37.5000   22.5000 2606.1565   17.9135
    7.5000  -37.5000   22.5000 2593.0361   18.1034
   -7.5000  -30.0000   22.5000 2698.4604   17.1662
    0.0000  -30.0000   22.5000 2707.5898   16.8097
    7.5000  -30.0000   22.5000 2695.8479   17.0651
   -7.5000  -22.5000   22.5000 2794.1956   16.4782
    0.0000  -22.5000   22.5000 2817.5586   16.2867
    7.5000  -22.5000   22.5000 2792.6145   16.3498
   -7.5000  -15.0000   22.5000 2839.7051   16.0081
    0.0000  -15.0000   22.5000 2867.8628   15.6775
    7.5000  -15.0000   22.5000 2828.4871   15.8246
   -7.5000   -7.5000   22.5000 2851.8425   15.7719
    0.0000   -7.5000   22.5000 2874.2004   15.3532
    7.5000   -7.5000   22.5000 2842.3174   15.6072
   -7.5000    0.0000   22.5000 2815.6860   16.0394
    0.0000    0.0000   22.5000 2845.5317   15.7518
    7.5000    0.0000   22.5000 2819.7207   15.9328
   -7.5000    7.5000   22.5000 2748.4634   16.8118
    0.0000    7.5000   22.5000 2784.3403   16.5488
    7.5000    7.5000   22.5000 2761.9812   16.7553
   -7.5000   15.0000   22.5000 2650.4983   17.9132
    0.0000   15.0000   22.5000 2673.1804   17.6955
    7.5000   15.0000   22.5000 2658.4146   17.9100
   -7.5000   22.5000   22.5000 2541.2629   19.3881
    0.0000   22.5000   22.5000 2563.9629   19.1032
    7.5000   22.5000   22.5000 2548.8621   19.3285
   -7.5000   30.0000   22.5000 2410.4856   21.1720
    0.0000   30.0000   22.5000 2432.8511   20.8222
    7.5000   30.0000   22.5000 2419.9856   21.0935
   -7.5000   37.5000   22.5000 2274.4797   23.4260
    0.0000   37.5000   22.5000 2290.6978   23.0434
    7.5000   37.5000   22.5000 2283.2786   23.2439
   -7.5000   45.0000   22.5000 2099.7512   26.3075
    0.0000   45.0000   22.5000 2114.7551   25.9003
    7.5000   45.0000   22.5000 2111.3411   26.1215
   -7.5000  -45.0000   30.0000 2424.8865   20.8683
    0.0000  -45.0000   30.0000 2447.1714   20.3962
    7.5000  -45.0000   30.0000 2428.6699   20.6658
   -7.5000  -37.5000   30.0000 2538.3875   19.1738
    0.0000  -37.5000   30.0000 2562.4087   18.7460
    7.5000  -37.5000   30.0000 2543.1204   19.0372
   -7.5000  -30.0000   30.0000 2642.2991   17.9968
    0.0000  -30.0000   30.0000 2656.5061   17.6508
    7.5000  -30.0000   30.0000 2642.8469   17.9140
   -7.5000  -22.5000   30.0000 2723.6106   17.2266
    0.0000  -22.5000   30.0000 2749.1677   16.9078
    7.5000  -22.5000   30.0000 2729.9570   17.0701
   -7.5000  -15.0000   30.0000 2767.4863   16.7545
    0.0000  -15.0000   30.0000 2794.9131   16.2908
    7.5000  -15.0000   30.0000 2763.7488   16.5016
   -7.5000   -7.5000   30.0000 2770.2395   16.5275
    0.0000   -7.5000   30.0000 2802.5090   16.1223
    7.5000   -7.5000   30.0000 2777.2151   16.3574
   -7.5000    0.0000   30.0000 2742.9893   16.8085
    0.0000    0.0000   30.0000 2771.7800   16.5178
    7.5000    0.0000   30.0000 2753.5720   16.7107
   -7.5000    7.5000   30.0000 2688.2107   17.5775
    0.0000    7.5000   30.0000 2719.0342   17.3315
    7.5000    7.5000   30.0000 2700.6650   17.5527
   -7.5000   15.0000   30.0000 2595.2612   18.7255
    0.0000   15.0000   30.0000 2616.2056   18.4770
    7.5000   15.0000   30.0000 2604.5710   18.6938
   -7.5000   22.5000   30.0000 2492.7996   20.1763
    0.0000   22.5000   30.0000 2519.8459   19.9235
    7.5000   22.5000   30.0000 2503.8782   20.1236
   -7.5000   30.0000   30.0000 2366.7468   21.9226
    0.0000   30.0000   30.0000 2391.4209   21.5569
    7.5000   30.0000   30.0000 2382.8418   21.8107
   -7.5000   37.5000   30.0000 2226.6443   24.1185
    0.0000   37.5000   30.0000 2235.3723   23.7810
    7.5000   37.5000   30.0000 2230.3577   24.0188
   -7.5000   45.0000   30.0000 2055.4534   27.0050
    0.0000   45.0000   30.0000 2069.5769   26.5868
    7.5000   45.0000   30.0000 2060.2527   26.8559
   -7.5000  -45.0000   37.5000 2368.0095   22.0637
    0.0000  -45.0000   37.5000 2389.0471   21.5213
    7.5000  -45.0000   37.5000 2376.4658   21.8525
   -7.5000  -37.5000   37.5000 2484.5745   20.3469
    0.0000  -37.5000   37.5000 2508.9021   19.8716
    7.5000  -37.5000   37.5000 2492.8618   20.1960
   -7.5000  -30.0000   37.5000 2579.2109   19.1031
    0.0000  -30.0000   37.5000 2595.6606   18.7072
    7.5000  -30.0000   37.5000 2579.6528   18.9673
   -7.5000  -22.5000   37.5000 2648.1348   18.2592
    0.0000  -22.5000   37.5000 2676.4978   17.7847
    7.5000  -22.5000   37.5000 2649.6423   17.9703
   -7.5000  -15.0000   37.5000 2676.5605   17.6714
    0.0000  -15.0000   37.5000 2706.8809   17.2159
    7.5000  -15.0000   37.5000 2678.8083   17.4137
   -7.5000   -7.5000   37.5000 2674.7324   17.4874
    0.0000   -7.5000   37.5000 2704.8398   17.0868
    7.5000   -7.5000   37.5000 2684.9229   17.3202
   -7.5000    0.0000   37.5000 2653.7705   17.8320
    0.0000    0.0000   37.5000 2681.3784   17.4884
    7.5000    0.0000   37.5000 2664.7585   17.6709
   -7.5000    7.5000   37.5000 2609.5923   18.5372
    0.0000    7.5000   37.5000 2632.5649   18.2514
    7.5000    7.5000   37.5000 2622.0000   18.4399
   -7.5000   15.0000   37.5000 2522.7219   19.7095
    0.0000   15.0000   37.5000 2547.3044   19.3767
    7.5000   15.0000   37.5000 2536.2712   19.5820
   -7.5000   22.5000   37.5000 2434.4951   21.1143
    0.0000   22.5000   37.5000 2455.4631   20.8320
    7.5000   22.5000   37.5000 2442.0342   21.0780
   -7.5000   30.0000   37.5000 2315.2158   22.8056
    0.0000   30.0000   37.5000 2338.1987   22.4860
    7.5000   30.0000   37.5000 2322.0527   22.7314
   -7.5000   37.5000   37.5000 2162.4102   25.0623
    0.0000   37.5000   37.5000 2179.3171   24.7395
    7.5000   37.5000   37.5000 2171.0745   24.9600
   -7.5000   45.0000   37.5000 2003.0576   28.0353
    0.0000   45.0000   37.5000 2018.9757   27.7104
    7.5000   45.0000   37.5000 2007.8455   27.8563
   -7.5000  -45.0000   45.0000 2302.9500   23.5604
    0.0000  -45.0000   45.0000 2329.7480   22.9547
    7.5000  -45.0000   45.0000 2315.7217   23.2679
   -7.5000  -37.5000   45.0000 2413.9639   21.8046
    0.0000  -37.5000   45.0000 2438.5591   21.2952
    7.5000  -37.5000   45.0000 2424.4905   21.5746
   -7.5000  -30.0000   45.0000 2499.6504   20.4755
    0.0000  -30.0000   45.0000 2523.2800   20.0170
    7.5000  -30.0000   45.0000 2510.5530   20.2734
   -7.5000  -22.5000   45.0000 2569.0386   19.5262
    0.0000  -22.5000   45.0000 2595.4727   18.9896
    7.5000  -22.5000   45.0000 2568.7556   19.2010
   -7.5000  -15.0000   45.0000 2587.7625   18.8656
    0.0000  -15.0000   45.0000 2611.8950   18.4339
    7.5000  -15.0000   45.0000 2590.5393   18.6148
   -7.5000   -7.5000   45.0000 2582.9285   18.7053
    0.0000   -7.5000   45.0000 2606.4512   18.2785
    7.5000   -7.5000   45.0000 2593.0076   18.4731
   -7.5000    0.0000   45.0000 2556.5159   19.0066
    0.0000    0.0000   45.0000 2575.0110   18.6344
    7.5000    0.0000   45.0000 2565.0598   18.8018
   -7.5000    7.5000   45.0000 2523.4404   19.7779
    0.0000    7.5000   45.0000 2543.8479   19.3955
    7.5000    7.5000   45.0000 2534.0796   19.5742
   -7.5000   15.0000   45.0000 2449.0220   20.8364
    0.0000   15.0000   45.0000 2475.9583   20.4149
    7.5000   15.0000   45.0000 2469.0613   20.6464
   -7.5000   22.5000   45.0000 2362.0725   22.1817
    0.0000   22.5000   45.0000 2390.5955   21.8205
    7.5000   22.5000   45.0000 2376.1646   22.0556
   -7.5000   30.0000   45.0000 2244.4453   23.9414
    0.0000   30.0000   45.0000 2266.7366   23.5835
    7.5000   30.0000   45.0000 2253.5796   23.7623
   -7.5000   37.5000   45.0000 2092.3022   26.2405
    0.0000   37.5000   45.0000 2105.0095   25.8344
    7.5000   37.5000   45.0000 2098.5166   26.0716
   -7.5000   45.0000   45.0000 1950.2200   29.4785
    0.0000   45.0000   45.0000 1962.4457   29.1126
    7.5000   45.0000   45.0000 1951.7947   29.2530

---------------------------------------------------------------------
imgreg_4dfp /opt/freesurfer/average/711-2C_as_mni_average_305 /opt/freesurfer/average/711-2B_as_mni_average_305_mask talsrcimg_g11 none talsrcimg_to_711-2C_as_mni_average_305_t4 1283
---------------------------------------------------------------------

freesurfer imgreg_4dfp.c
/opt/freesurfer/average/711-2C_as_mni_average_305.4dfp.img
       256       256       256         1
  1.000000  1.000000  1.000000
orientation T byte_order littleendian
Reading image: /opt/freesurfer/average/711-2C_as_mni_average_305.4dfp.img
dimensions:      256       256       256
mmppix:       1.0000   -1.0000   -1.0000
center:     128.0000 -129.0000 -129.0000
/opt/freesurfer/average/711-2B_as_mni_average_305_mask.4dfp.img
       256       256       256         1
  1.000000  1.000000  1.000000
orientation T byte_order littleendian
Reading mask: /opt/freesurfer/average/711-2B_as_mni_average_305_mask.4dfp.img (2306576 pixels)
talsrcimg_g11.4dfp.img
       256       256       256         1
  1.000000  1.000000  1.000000
orientation T byte_order littleendian
Reading image: talsrcimg_g11.4dfp.img
dimensions:      256       256       256
mmppix:       1.0000   -1.0000   -1.0000
center:     128.0000 -129.0000 -129.0000
rotation matrix determinant  1.000000
fimgreg.f
image alignment mode   1283 decimal      503 hex
parameters
    0.0000  -15.0000    7.5000    0.0000    0.0000    0.0000
eta,q 0.92930 15.18069
niter,ni,del,rscale     5    3   12.0000    1.2000
parameters
   -1.6284  -12.8134    9.3277   -2.3139   -0.7746   -0.4041
eta,q 0.94056 15.14999
  0.0768  0.0882  0.0830  0.0619  0.0669  0.0659
  0.0674  0.0801  0.0766  0.0608  0.0644  0.0623
  0.0634  0.0708  0.0676  0.0593  0.0607  0.0599
  0.0659  0.0631  0.0606  0.0594  0.0595  0.0595
  0.0745  0.0608  0.0594  0.0635  0.0620  0.0609
  0.0844  0.0640  0.0627  0.0700  0.0669  0.0638
  0.0897  0.0688  0.0682  0.0763  0.0728  0.0677
niter,ni,del,rscale     4    3   12.0000    1.2000
parameters
   -1.1546  -12.6493    9.0727   -3.3071   -1.2833   -0.2895
eta,q 0.94058 15.14904
  0.0829  0.0766  0.0722  0.0625  0.0670  0.0663
  0.0745  0.0655  0.0635  0.0607  0.0647  0.0631
  0.0649  0.0599  0.0582  0.0598  0.0613  0.0605
  0.0594  0.0590  0.0591  0.0587  0.0592  0.0594
  0.0600  0.0624  0.0629  0.0589  0.0612  0.0601
  0.0668  0.0671  0.0670  0.0627  0.0659  0.0624
  0.0792  0.0721  0.0718  0.0687  0.0710  0.0661
niter,ni,del,rscale     3    3   12.0000    1.2000
parameters
   -0.9364  -12.5039    8.7440   -3.8227   -1.5622   -0.2485
eta,q 0.94079 15.15100
  0.0817  0.0744  0.0712  0.0631  0.0676  0.0657
  0.0731  0.0647  0.0628  0.0604  0.0649  0.0626
  0.0642  0.0600  0.0582  0.0593  0.0619  0.0602
  0.0594  0.0592  0.0593  0.0589  0.0590  0.0592
  0.0606  0.0617  0.0628  0.0588  0.0605  0.0599
  0.0687  0.0664  0.0664  0.0610  0.0652  0.0621
  0.0809  0.0707  0.0713  0.0660  0.0706  0.0658
niter,ni,del,rscale     2    3   12.0000    1.2000
parameters
   -0.8291  -12.4050    8.5779   -4.0051   -1.7154   -0.2698
eta,q 0.94088 15.15103
  0.0810  0.0732  0.0716  0.0638  0.0679  0.0653
  0.0725  0.0642  0.0631  0.0604  0.0651  0.0623
  0.0638  0.0599  0.0582  0.0590  0.0621  0.0600
  0.0592  0.0591  0.0591  0.0589  0.0590  0.0591
  0.0609  0.0610  0.0624  0.0588  0.0601  0.0598
  0.0695  0.0658  0.0658  0.0605  0.0648  0.0619
  0.0815  0.0704  0.0705  0.0649  0.0703  0.0657
niter,ni,del,rscale     1    3   12.0000    1.2000
parameters
   -0.7672  -12.3519    8.5219   -4.0798   -1.8017   -0.2873
eta,q 0.94090 15.15030
  0.0806  0.0726  0.0720  0.0641  0.0681  0.0652
  0.0722  0.0639  0.0635  0.0604  0.0652  0.0622
  0.0636  0.0598  0.0583  0.0590  0.0622  0.0600
  0.0591  0.0591  0.0591  0.0590  0.0590  0.0591
  0.0610  0.0608  0.0623  0.0589  0.0600  0.0597
  0.0697  0.0656  0.0655  0.0604  0.0645  0.0618
  0.0817  0.0705  0.0700  0.0646  0.0702  0.0656
registration optimization eta report
parameter search radius
    6.0000    6.0000    6.0000    6.0000    6.0000    6.0000
100000*second partial in parameter space
       60.       35.       33.       16.       26.       17.
  0.0806  0.0726  0.0720  0.0641  0.0681  0.0652
  0.0722  0.0639  0.0635  0.0604  0.0652  0.0622
  0.0636  0.0598  0.0583  0.0590  0.0622  0.0600
  0.0591  0.0591  0.0591  0.0590  0.0590  0.0591
  0.0610  0.0608  0.0623  0.0589  0.0600  0.0597
  0.0697  0.0656  0.0655  0.0604  0.0645  0.0618
  0.0817  0.0705  0.0700  0.0646  0.0702  0.0656
   -0.7672  -12.3519    8.5219   -4.0798   -1.8017   -0.2873
eta,q 0.94090 15.15030

---------------------------------------------------------------------
imgreg_4dfp /opt/freesurfer/average/711-2C_as_mni_average_305 /opt/freesurfer/average/711-2B_as_mni_average_305_mask talsrcimg_g11 none talsrcimg_to_711-2C_as_mni_average_305_t4 3335
---------------------------------------------------------------------

freesurfer imgreg_4dfp.c
/opt/freesurfer/average/711-2C_as_mni_average_305.4dfp.img
       256       256       256         1
  1.000000  1.000000  1.000000
orientation T byte_order littleendian
Reading image: /opt/freesurfer/average/711-2C_as_mni_average_305.4dfp.img
dimensions:      256       256       256
mmppix:       1.0000   -1.0000   -1.0000
center:     128.0000 -129.0000 -129.0000
/opt/freesurfer/average/711-2B_as_mni_average_305_mask.4dfp.img
       256       256       256         1
  1.000000  1.000000  1.000000
orientation T byte_order littleendian
Reading mask: /opt/freesurfer/average/711-2B_as_mni_average_305_mask.4dfp.img (2306576 pixels)
talsrcimg_g11.4dfp.img
       256       256       256         1
  1.000000  1.000000  1.000000
orientation T byte_order littleendian
Reading image: talsrcimg_g11.4dfp.img
dimensions:      256       256       256
mmppix:       1.0000   -1.0000   -1.0000
center:     128.0000 -129.0000 -129.0000
fimgreg.f
image alignment mode   3335 decimal      D07 hex
parameters
   -0.7672  -12.3519    8.5219   -0.0507   -0.2535   -0.3027
    0.2764    3.1717   -0.5011    7.0988   -3.1440   -7.1111
eta,q 0.94024 15.26758
niter,ni,del,rscale     5    3    5.0000    1.2000
parameter  4  0.748833 ->  0.500000 qaram    1.1500
parameter  5  1.194924 ->  0.500000 qaram    1.1500
parameter  6  0.740701 ->  0.500000 qaram    1.1500
parameter 10 -0.698612 -> -0.500000 qaram    1.1500
parameter 12 -0.576157 -> -0.500000 qaram    1.1500
parameters
   -1.2032  -11.7077    8.2414   -4.1907   -4.3935   -4.4427
    1.5458    2.9235    0.1976   11.2388   -2.2232   -2.9711
eta,q 0.95155 14.72140
  0.0618  0.0637  0.0612  0.0570  0.0497  0.0491  0.0532  0.0526  0.0522  0.0548  0.0495  0.0505
  0.0604  0.0618  0.0601  0.0571  0.0512  0.0497  0.0516  0.0508  0.0510  0.0527  0.0490  0.0498
  0.0597  0.0604  0.0595  0.0578  0.0538  0.0506  0.0505  0.0500  0.0502  0.0511  0.0488  0.0491
  0.0598  0.0596  0.0595  0.0594  0.0572  0.0518  0.0499  0.0498  0.0498  0.0498  0.0487  0.0487
  0.0605  0.0595  0.0599  0.0623  0.0620  0.0542  0.0499  0.0503  0.0499  0.0490  0.0487  0.0485
  0.0619  0.0599  0.0609  0.0665  0.0684  0.0582  0.0505  0.0514  0.0505  0.0487  0.0489  0.0485
  0.0640  0.0609  0.0622  0.0714  0.0755  0.0640  0.0515  0.0527  0.0514  0.0490  0.0492  0.0486
niter,ni,del,rscale     7    3    5.0000    1.2000
parameter  2 -1.162530 -> -0.500000 qaram    1.1500
parameter  3  0.579428 ->  0.500000 qaram    1.1500
parameter  5  0.720884 ->  0.500000 qaram    1.3225
parameter  6  0.552910 ->  0.500000 qaram    1.3225
parameter 12  0.540385 ->  0.500000 qaram    1.3225
parameters
   -0.8628  -10.3277    6.8614   -5.2681   -9.1545   -9.2037
    0.7125    3.4973    1.2487   14.6624   -2.4296   -7.7321
eta,q 0.95865 14.19728
  0.0514  0.0551  0.0461  0.0487  0.0427  0.0423  0.0433  0.0450  0.0438  0.0461  0.0422  0.0415
  0.0499  0.0525  0.0459  0.0473  0.0431  0.0420  0.0426  0.0436  0.0429  0.0443  0.0419  0.0413
  0.0489  0.0503  0.0460  0.0463  0.0441  0.0424  0.0421  0.0425  0.0423  0.0429  0.0416  0.0414
  0.0484  0.0484  0.0463  0.0459  0.0460  0.0433  0.0420  0.0420  0.0420  0.0419  0.0416  0.0416
  0.0486  0.0470  0.0469  0.0464  0.0493  0.0446  0.0423  0.0421  0.0420  0.0416  0.0417  0.0419
  0.0491  0.0461  0.0477  0.0482  0.0549  0.0476  0.0431  0.0429  0.0424  0.0417  0.0419  0.0426
  0.0501  0.0458  0.0488  0.0514  0.0623  0.0526  0.0441  0.0443  0.0430  0.0424  0.0422  0.0433
niter,ni,del,rscale     7    3    5.0000    1.2000
parameter  2 -1.723153 -> -0.500000 qaram    1.3225
parameter  5  0.595434 ->  0.500000 qaram    1.5209
parameter 10 -0.531024 -> -0.500000 qaram    1.3225
parameters
   -0.5465   -8.7407    6.3094   -3.8348  -14.6296  -10.7839
   -0.8717    3.9724    1.0751   19.4234   -2.6750  -12.3843
eta,q 0.96584 13.99201
  0.0441  0.0509  0.0386  0.0414  0.0358  0.0376  0.0364  0.0390  0.0367  0.0407  0.0352  0.0348
  0.0427  0.0473  0.0380  0.0398  0.0356  0.0363  0.0357  0.0374  0.0360  0.0386  0.0349  0.0342
  0.0418  0.0440  0.0377  0.0384  0.0360  0.0356  0.0355  0.0361  0.0356  0.0368  0.0347  0.0342
  0.0413  0.0413  0.0377  0.0377  0.0375  0.0356  0.0355  0.0355  0.0354  0.0354  0.0347  0.0347
  0.0414  0.0391  0.0381  0.0376  0.0402  0.0364  0.0359  0.0356  0.0356  0.0347  0.0347  0.0353
  0.0420  0.0373  0.0388  0.0381  0.0445  0.0373  0.0366  0.0367  0.0361  0.0347  0.0349  0.0361
  0.0429  0.0361  0.0398  0.0397  0.0516  0.0400  0.0377  0.0383  0.0367  0.0354  0.0353  0.0371
niter,ni,del,rscale     7    3    5.0000    1.2000
parameter  2 -1.412184 -> -0.500000 qaram    1.5209
parameters
   -0.0951   -6.9157    5.5310   -3.1237  -18.5785  -10.3833
   -1.6584    5.0440   -0.0819   21.5381   -2.6627  -16.4381
eta,q 0.97207 13.90981
  0.0374  0.0465  0.0305  0.0327  0.0309  0.0330  0.0304  0.0333  0.0304  0.0364  0.0293  0.0289
  0.0357  0.0420  0.0298  0.0311  0.0295  0.0310  0.0295  0.0312  0.0293  0.0331  0.0289  0.0281
  0.0347  0.0378  0.0295  0.0300  0.0290  0.0296  0.0290  0.0297  0.0288  0.0304  0.0286  0.0280
  0.0342  0.0341  0.0296  0.0295  0.0294  0.0290  0.0290  0.0290  0.0288  0.0287  0.0284  0.0284
  0.0342  0.0312  0.0302  0.0294  0.0315  0.0295  0.0293  0.0289  0.0294  0.0286  0.0285  0.0294
  0.0346  0.0292  0.0313  0.0301  0.0354  0.0302  0.0300  0.0298  0.0304  0.0298  0.0288  0.0306
  0.0356  0.0283  0.0326  0.0320  0.0424  0.0326  0.0311  0.0314  0.0315  0.0319  0.0294  0.0319
niter,ni,del,rscale     7    3    5.0000    1.2000
parameters
    0.0275   -5.3177    5.6451   -2.9563  -19.5422   -9.8232
   -1.2306    5.0982    0.2648   23.2660   -3.6553  -17.9858
eta,q 0.97349 14.00231
  0.0309  0.0402  0.0291  0.0298  0.0314  0.0315  0.0293  0.0303  0.0291  0.0336  0.0273  0.0284
  0.0292  0.0351  0.0279  0.0282  0.0292  0.0292  0.0280  0.0284  0.0279  0.0304  0.0269  0.0272
  0.0283  0.0308  0.0271  0.0272  0.0277  0.0276  0.0272  0.0273  0.0272  0.0280  0.0267  0.0266
  0.0279  0.0279  0.0267  0.0267  0.0267  0.0269  0.0269  0.0269  0.0269  0.0269  0.0266  0.0266
  0.0281  0.0267  0.0269  0.0268  0.0272  0.0273  0.0270  0.0272  0.0270  0.0267  0.0268  0.0273
  0.0289  0.0272  0.0276  0.0277  0.0298  0.0281  0.0277  0.0284  0.0276  0.0278  0.0272  0.0284
  0.0303  0.0289  0.0288  0.0298  0.0347  0.0308  0.0288  0.0302  0.0288  0.0301  0.0279  0.0298
niter,ni,del,rscale     6    3    5.0000    1.2000
parameters
    0.0570   -5.0807    5.5195   -2.8405  -19.7977   -9.6646
   -1.0687    5.0413    0.5208   23.6989   -3.8370  -18.5965
eta,q 0.97352 14.03152
  0.0294  0.0339  0.0285  0.0295  0.0319  0.0310  0.0288  0.0299  0.0289  0.0320  0.0274  0.0288
  0.0278  0.0300  0.0274  0.0280  0.0294  0.0288  0.0276  0.0279  0.0277  0.0291  0.0269  0.0274
  0.0268  0.0275  0.0267  0.0270  0.0277  0.0272  0.0269  0.0269  0.0269  0.0274  0.0266  0.0266
  0.0265  0.0265  0.0265  0.0265  0.0265  0.0266  0.0266  0.0265  0.0266  0.0265  0.0265  0.0265
  0.0268  0.0271  0.0268  0.0265  0.0267  0.0268  0.0268  0.0270  0.0267  0.0269  0.0266  0.0270
  0.0277  0.0290  0.0276  0.0274  0.0290  0.0278  0.0275  0.0282  0.0274  0.0285  0.0269  0.0280
  0.0292  0.0321  0.0290  0.0298  0.0334  0.0314  0.0287  0.0299  0.0286  0.0312  0.0275  0.0293
niter,ni,del,rscale     5    3    5.0000    1.2000
parameters
    0.0592   -5.0225    5.4390   -2.8260  -19.8883   -9.6393
   -1.0183    5.0028    0.5879   23.8510   -3.9399  -18.8624
eta,q 0.97351 14.03833
  0.0293  0.0332  0.0285  0.0295  0.0320  0.0310  0.0287  0.0299  0.0288  0.0317  0.0274  0.0290
  0.0277  0.0295  0.0274  0.0280  0.0296  0.0287  0.0276  0.0279  0.0276  0.0289  0.0269  0.0276
  0.0268  0.0272  0.0268  0.0270  0.0278  0.0272  0.0268  0.0268  0.0268  0.0272  0.0266  0.0267
  0.0265  0.0265  0.0265  0.0265  0.0265  0.0265  0.0265  0.0265  0.0265  0.0265  0.0265  0.0265
  0.0268  0.0273  0.0267  0.0265  0.0266  0.0267  0.0267  0.0269  0.0267  0.0270  0.0266  0.0269
  0.0277  0.0295  0.0275  0.0274  0.0289  0.0278  0.0275  0.0281  0.0275  0.0287  0.0269  0.0279
  0.0292  0.0326  0.0289  0.0300  0.0332  0.0316  0.0287  0.0298  0.0288  0.0314  0.0274  0.0292
niter,ni,del,rscale     4    3    5.0000    1.2000
parameters
    0.0528   -4.9992    5.3946   -2.8318  -19.9214   -9.6430
   -1.0032    4.9836    0.6147   23.9140   -3.9829  -18.9848
eta,q 0.97350 14.03978
  0.0293  0.0331  0.0286  0.0295  0.0321  0.0309  0.0287  0.0299  0.0288  0.0316  0.0274  0.0291
  0.0277  0.0294  0.0275  0.0280  0.0297  0.0287  0.0276  0.0279  0.0276  0.0288  0.0269  0.0276
  0.0268  0.0272  0.0268  0.0270  0.0278  0.0272  0.0268  0.0268  0.0268  0.0272  0.0266  0.0267
  0.0265  0.0265  0.0265  0.0265  0.0265  0.0265  0.0265  0.0265  0.0265  0.0265  0.0265  0.0265
  0.0268  0.0274  0.0267  0.0265  0.0265  0.0267  0.0267  0.0269  0.0267  0.0270  0.0266  0.0269
  0.0277  0.0296  0.0275  0.0275  0.0288  0.0278  0.0275  0.0281  0.0275  0.0287  0.0269  0.0278
  0.0293  0.0327  0.0288  0.0300  0.0332  0.0317  0.0287  0.0298  0.0288  0.0315  0.0274  0.0291
niter,ni,del,rscale     3    3    5.0000    1.2000
parameters
    0.0496   -4.9912    5.3735   -2.8379  -19.9323   -9.6491
   -0.9914    4.9757    0.6272   23.9399   -4.0045  -19.0355
eta,q 0.97350 14.04000
  0.0293  0.0330  0.0286  0.0295  0.0321  0.0309  0.0287  0.0300  0.0288  0.0315  0.0274  0.0292
  0.0277  0.0294  0.0275  0.0280  0.0297  0.0287  0.0276  0.0279  0.0276  0.0288  0.0269  0.0277
  0.0268  0.0272  0.0268  0.0270  0.0278  0.0272  0.0268  0.0268  0.0268  0.0272  0.0266  0.0267
  0.0265  0.0265  0.0265  0.0265  0.0265  0.0265  0.0265  0.0265  0.0265  0.0265  0.0265  0.0265
  0.0268  0.0274  0.0267  0.0265  0.0265  0.0267  0.0267  0.0269  0.0267  0.0270  0.0266  0.0269
  0.0277  0.0296  0.0275  0.0275  0.0288  0.0278  0.0275  0.0281  0.0275  0.0288  0.0269  0.0278
  0.0293  0.0327  0.0288  0.0300  0.0332  0.0318  0.0288  0.0298  0.0288  0.0315  0.0274  0.0291
registration optimization eta report
parameter search radius
    2.4000    3.6501    2.7600    8.2800   10.9503    9.5220
    7.2000    7.2000    7.2000    9.5220    7.2000    9.5220
100000*second partial in parameter space
       48.       47.       29.        5.        5.        5.
        4.        7.        4.        6.        2.        3.
  0.0293  0.0330  0.0286  0.0295  0.0321  0.0309  0.0287  0.0300  0.0288  0.0315  0.0274  0.0292
  0.0277  0.0294  0.0275  0.0280  0.0297  0.0287  0.0276  0.0279  0.0276  0.0288  0.0269  0.0277
  0.0268  0.0272  0.0268  0.0270  0.0278  0.0272  0.0268  0.0268  0.0268  0.0272  0.0266  0.0267
  0.0265  0.0265  0.0265  0.0265  0.0265  0.0265  0.0265  0.0265  0.0265  0.0265  0.0265  0.0265
  0.0268  0.0274  0.0267  0.0265  0.0265  0.0267  0.0267  0.0269  0.0267  0.0270  0.0266  0.0269
  0.0277  0.0296  0.0275  0.0275  0.0288  0.0278  0.0275  0.0281  0.0275  0.0288  0.0269  0.0278
  0.0293  0.0327  0.0288  0.0300  0.0332  0.0318  0.0288  0.0298  0.0288  0.0315  0.0274  0.0291
    0.0496   -4.9912    5.3735   -2.8379  -19.9323   -9.6491
   -0.9914    4.9757    0.6272   23.9399   -4.0045  -19.0355
eta,q 0.97350 14.04000

---------------------------------------------------------------------
imgreg_4dfp /opt/freesurfer/average/711-2C_as_mni_average_305 /opt/freesurfer/average/711-2B_as_mni_average_305_mask talsrcimg_g11 none talsrcimg_to_711-2C_as_mni_average_305_t4 2311
---------------------------------------------------------------------

freesurfer imgreg_4dfp.c
/opt/freesurfer/average/711-2C_as_mni_average_305.4dfp.img
       256       256       256         1
  1.000000  1.000000  1.000000
orientation T byte_order littleendian
Reading image: /opt/freesurfer/average/711-2C_as_mni_average_305.4dfp.img
dimensions:      256       256       256
mmppix:       1.0000   -1.0000   -1.0000
center:     128.0000 -129.0000 -129.0000
/opt/freesurfer/average/711-2B_as_mni_average_305_mask.4dfp.img
       256       256       256         1
  1.000000  1.000000  1.000000
orientation T byte_order littleendian
Reading mask: /opt/freesurfer/average/711-2B_as_mni_average_305_mask.4dfp.img (2306576 pixels)
talsrcimg_g11.4dfp.img
       256       256       256         1
  1.000000  1.000000  1.000000
orientation T byte_order littleendian
Reading image: talsrcimg_g11.4dfp.img
dimensions:      256       256       256
mmppix:       1.0000   -1.0000   -1.0000
center:     128.0000 -129.0000 -129.0000
fimgreg.f
image alignment mode   2311 decimal      907 hex
parameters
    0.0496   -4.9912    5.3735   -2.8379  -19.9323   -9.6491
   -0.9914    4.9757    0.6272   23.9399   -4.0045  -19.0355
eta,q 0.97350 14.03999
niter,ni,del,rscale     5    3    5.0000    0.8000
parameters
    0.0435   -5.0834    5.4265   -1.8030  -18.4711   -8.1567
   -0.8682    4.8918    0.7081   24.2341   -4.9159  -19.1034
eta,q 0.97388 14.31197
  0.0277  0.0277  0.0273  0.0277  0.0283  0.0277  0.0275  0.0279  0.0274  0.0276  0.0265  0.0268
  0.0270  0.0270  0.0269  0.0271  0.0276  0.0269  0.0268  0.0268  0.0268  0.0269  0.0262  0.0264
  0.0266  0.0266  0.0266  0.0268  0.0269  0.0264  0.0264  0.0263  0.0263  0.0264  0.0261  0.0262
  0.0265  0.0265  0.0265  0.0265  0.0264  0.0262  0.0262  0.0262  0.0262  0.0262  0.0261  0.0261
  0.0266  0.0267  0.0265  0.0264  0.0262  0.0262  0.0263  0.0264  0.0263  0.0262  0.0263  0.0262
  0.0271  0.0272  0.0268  0.0265  0.0264  0.0263  0.0267  0.0270  0.0267  0.0266  0.0265  0.0265
  0.0277  0.0280  0.0272  0.0270  0.0270  0.0265  0.0274  0.0279  0.0274  0.0274  0.0268  0.0269
niter,ni,del,rscale     4    3    5.0000    0.7000
parameters
    0.1415   -4.9669    5.3375   -1.8146  -18.5112   -8.3602
   -0.8654    4.8895    0.6770   24.2757   -4.8954  -19.3154
eta,q 0.97390 14.30314
  0.0274  0.0275  0.0266  0.0271  0.0273  0.0268  0.0271  0.0276  0.0271  0.0272  0.0265  0.0266
  0.0267  0.0268  0.0263  0.0267  0.0268  0.0264  0.0266  0.0267  0.0266  0.0266  0.0263  0.0263
  0.0263  0.0263  0.0261  0.0263  0.0263  0.0261  0.0262  0.0262  0.0262  0.0262  0.0261  0.0261
  0.0261  0.0261  0.0261  0.0261  0.0261  0.0261  0.0261  0.0261  0.0261  0.0261  0.0261  0.0261
  0.0262  0.0262  0.0262  0.0261  0.0262  0.0261  0.0262  0.0263  0.0262  0.0262  0.0262  0.0262
  0.0265  0.0265  0.0264  0.0265  0.0267  0.0264  0.0266  0.0268  0.0266  0.0266  0.0263  0.0264
  0.0271  0.0271  0.0268  0.0273  0.0275  0.0271  0.0272  0.0275  0.0271  0.0272  0.0265  0.0267
niter,ni,del,rscale     3    3    5.0000    0.6000
parameters
    0.1312   -4.9571    5.3159   -1.6810  -18.4546   -8.1702
   -0.8603    4.8418    0.6906   24.4348   -4.9685  -19.4025
eta,q 0.97393 14.33226
  0.0269  0.0270  0.0265  0.0269  0.0271  0.0267  0.0269  0.0272  0.0268  0.0269  0.0264  0.0265
  0.0265  0.0265  0.0263  0.0265  0.0266  0.0263  0.0265  0.0265  0.0264  0.0265  0.0262  0.0262
  0.0262  0.0262  0.0261  0.0263  0.0262  0.0261  0.0262  0.0262  0.0262  0.0262  0.0261  0.0261
  0.0261  0.0261  0.0261  0.0261  0.0261  0.0261  0.0261  0.0261  0.0261  0.0261  0.0261  0.0261
  0.0262  0.0262  0.0261  0.0261  0.0261  0.0261  0.0262  0.0262  0.0261  0.0261  0.0261  0.0261
  0.0265  0.0265  0.0263  0.0264  0.0265  0.0262  0.0264  0.0266  0.0264  0.0264  0.0262  0.0263
  0.0269  0.0270  0.0266  0.0269  0.0271  0.0266  0.0269  0.0272  0.0268  0.0268  0.0264  0.0265
niter,ni,del,rscale     2    3    5.0000    0.5000
parameters
    0.1257   -4.9502    5.2947   -1.5880  -18.4192   -8.0617
   -0.8580    4.8038    0.6849   24.5421   -4.9968  -19.4741
eta,q 0.97394 14.35066
  0.0267  0.0267  0.0264  0.0267  0.0268  0.0264  0.0266  0.0269  0.0266  0.0267  0.0263  0.0264
  0.0263  0.0264  0.0262  0.0264  0.0264  0.0262  0.0263  0.0264  0.0263  0.0263  0.0262  0.0262
  0.0261  0.0261  0.0261  0.0262  0.0262  0.0261  0.0261  0.0261  0.0261  0.0261  0.0261  0.0261
  0.0261  0.0261  0.0261  0.0261  0.0261  0.0261  0.0261  0.0261  0.0261  0.0261  0.0261  0.0261
  0.0261  0.0261  0.0261  0.0261  0.0261  0.0261  0.0261  0.0262  0.0261  0.0261  0.0261  0.0261
  0.0263  0.0263  0.0262  0.0263  0.0264  0.0262  0.0263  0.0265  0.0263  0.0263  0.0262  0.0262
  0.0267  0.0267  0.0264  0.0267  0.0268  0.0264  0.0266  0.0269  0.0266  0.0266  0.0263  0.0264
niter,ni,del,rscale     1    3    5.0000    0.4000
parameters
    0.1220   -4.9422    5.2757   -1.5109  -18.3881   -7.9621
   -0.8643    4.7602    0.6925   24.6410   -5.0337  -19.5488
eta,q 0.97394 14.36659
  0.0264  0.0265  0.0263  0.0265  0.0265  0.0263  0.0264  0.0266  0.0264  0.0264  0.0262  0.0262
  0.0262  0.0262  0.0262  0.0263  0.0263  0.0261  0.0262  0.0263  0.0262  0.0262  0.0261  0.0261
  0.0261  0.0261  0.0261  0.0261  0.0261  0.0261  0.0261  0.0261  0.0261  0.0261  0.0261  0.0261
  0.0261  0.0261  0.0261  0.0261  0.0261  0.0261  0.0261  0.0261  0.0261  0.0261  0.0261  0.0261
  0.0261  0.0261  0.0261  0.0261  0.0261  0.0261  0.0261  0.0261  0.0261  0.0261  0.0261  0.0261
  0.0262  0.0262  0.0262  0.0262  0.0262  0.0261  0.0262  0.0263  0.0262  0.0262  0.0261  0.0262
  0.0265  0.0265  0.0263  0.0265  0.0265  0.0263  0.0264  0.0266  0.0264  0.0264  0.0262  0.0263
registration optimization eta report
parameter search radius
    0.8000    0.8000    0.8000    2.4000    2.4000    2.4000
    2.4000    2.4000    2.4000    2.4000    2.4000    2.4000
100000*second partial in parameter space
       60.       63.       31.        7.        8.        4.
        6.        9.        6.        6.        3.        3.
  0.0264  0.0265  0.0263  0.0265  0.0265  0.0263  0.0264  0.0266  0.0264  0.0264  0.0262  0.0262
  0.0262  0.0262  0.0262  0.0263  0.0263  0.0261  0.0262  0.0263  0.0262  0.0262  0.0261  0.0261
  0.0261  0.0261  0.0261  0.0261  0.0261  0.0261  0.0261  0.0261  0.0261  0.0261  0.0261  0.0261
  0.0261  0.0261  0.0261  0.0261  0.0261  0.0261  0.0261  0.0261  0.0261  0.0261  0.0261  0.0261
  0.0261  0.0261  0.0261  0.0261  0.0261  0.0261  0.0261  0.0261  0.0261  0.0261  0.0261  0.0261
  0.0262  0.0262  0.0262  0.0262  0.0262  0.0261  0.0262  0.0263  0.0262  0.0262  0.0261  0.0262
  0.0265  0.0265  0.0263  0.0265  0.0265  0.0263  0.0264  0.0266  0.0264  0.0264  0.0262  0.0263
    0.1220   -4.9422    5.2757   -1.5109  -18.3881   -7.9621
   -0.8643    4.7602    0.6925   24.6410   -5.0337  -19.5488
eta,q 0.97394 14.36659

---------------------------------------------------------------------
imgreg_4dfp /opt/freesurfer/average/711-2C_as_mni_average_305 /opt/freesurfer/average/711-2B_as_mni_average_305_mask talsrcimg_g11 none talsrcimg_to_711-2C_as_mni_average_305_t4 2311
---------------------------------------------------------------------

freesurfer imgreg_4dfp.c
/opt/freesurfer/average/711-2C_as_mni_average_305.4dfp.img
       256       256       256         1
  1.000000  1.000000  1.000000
orientation T byte_order littleendian
Reading image: /opt/freesurfer/average/711-2C_as_mni_average_305.4dfp.img
dimensions:      256       256       256
mmppix:       1.0000   -1.0000   -1.0000
center:     128.0000 -129.0000 -129.0000
/opt/freesurfer/average/711-2B_as_mni_average_305_mask.4dfp.img
       256       256       256         1
  1.000000  1.000000  1.000000
orientation T byte_order littleendian
Reading mask: /opt/freesurfer/average/711-2B_as_mni_average_305_mask.4dfp.img (2306576 pixels)
talsrcimg_g11.4dfp.img
       256       256       256         1
  1.000000  1.000000  1.000000
orientation T byte_order littleendian
Reading image: talsrcimg_g11.4dfp.img
dimensions:      256       256       256
mmppix:       1.0000   -1.0000   -1.0000
center:     128.0000 -129.0000 -129.0000
fimgreg.f
image alignment mode   2311 decimal      907 hex
parameters
    0.1220   -4.9422    5.2757   -1.5109  -18.3881   -7.9621
   -0.8643    4.7602    0.6925   24.6410   -5.0337  -19.5488
eta,q 0.97395 14.36658
niter,ni,del,rscale     5    3    5.0000    0.8000
parameters
    0.0981   -4.9468    5.2358   -2.0228  -18.6645   -8.4973
   -0.8556    4.9047    0.6828   24.3264   -4.9131  -19.5259
eta,q 0.97388 14.27619
  0.0276  0.0276  0.0268  0.0273  0.0275  0.0270  0.0274  0.0282  0.0274  0.0273  0.0267  0.0269
  0.0267  0.0268  0.0264  0.0267  0.0268  0.0265  0.0267  0.0269  0.0267  0.0266  0.0263  0.0265
  0.0262  0.0262  0.0261  0.0263  0.0263  0.0262  0.0263  0.0263  0.0263  0.0262  0.0262  0.0262
  0.0261  0.0261  0.0261  0.0261  0.0261  0.0261  0.0261  0.0261  0.0261  0.0261  0.0261  0.0261
  0.0262  0.0262  0.0262  0.0262  0.0263  0.0261  0.0262  0.0264  0.0263  0.0263  0.0262  0.0262
  0.0268  0.0268  0.0264  0.0269  0.0270  0.0266  0.0267  0.0270  0.0267  0.0269  0.0264  0.0265
  0.0277  0.0276  0.0269  0.0282  0.0281  0.0279  0.0274  0.0278  0.0274  0.0277  0.0266  0.0269
niter,ni,del,rscale     4    3    5.0000    0.7000
parameters
    0.1176   -4.9531    5.2729   -1.8101  -18.5471   -8.2701
   -0.8552    4.8749    0.6809   24.4192   -4.9637  -19.4801
eta,q 0.97392 14.31305
  0.0272  0.0273  0.0267  0.0272  0.0274  0.0269  0.0271  0.0276  0.0271  0.0272  0.0265  0.0267
  0.0266  0.0266  0.0264  0.0267  0.0268  0.0265  0.0266  0.0267  0.0266  0.0266  0.0262  0.0264
  0.0263  0.0262  0.0262  0.0264  0.0263  0.0262  0.0262  0.0262  0.0262  0.0262  0.0261  0.0262
  0.0261  0.0261  0.0261  0.0261  0.0261  0.0261  0.0261  0.0261  0.0261  0.0261  0.0261  0.0261
  0.0262  0.0262  0.0262  0.0261  0.0262  0.0261  0.0262  0.0263  0.0262  0.0262  0.0262  0.0262
  0.0266  0.0267  0.0264  0.0264  0.0266  0.0262  0.0266  0.0268  0.0265  0.0265  0.0263  0.0264
  0.0272  0.0273  0.0267  0.0271  0.0274  0.0268  0.0272  0.0275  0.0271  0.0271  0.0265  0.0267
niter,ni,del,rscale     3    3    5.0000    0.6000
parameters
    0.1238   -4.9495    5.2805   -1.6998  -18.4823   -8.1409
   -0.8576    4.8434    0.6817   24.4985   -4.9953  -19.4866
eta,q 0.97393 14.33408
  0.0269  0.0270  0.0265  0.0269  0.0271  0.0266  0.0269  0.0272  0.0268  0.0269  0.0264  0.0265
  0.0265  0.0265  0.0263  0.0265  0.0266  0.0263  0.0264  0.0265  0.0264  0.0265  0.0262  0.0263
  0.0262  0.0262  0.0261  0.0263  0.0262  0.0261  0.0262  0.0262  0.0262  0.0262  0.0261  0.0261
  0.0261  0.0261  0.0261  0.0261  0.0261  0.0261  0.0261  0.0261  0.0261  0.0261  0.0261  0.0261
  0.0262  0.0262  0.0261  0.0261  0.0261  0.0261  0.0262  0.0262  0.0261  0.0261  0.0261  0.0261
  0.0265  0.0265  0.0263  0.0264  0.0265  0.0262  0.0264  0.0266  0.0264  0.0264  0.0262  0.0263
  0.0269  0.0270  0.0265  0.0269  0.0271  0.0266  0.0269  0.0272  0.0268  0.0268  0.0264  0.0265
niter,ni,del,rscale     2    3    5.0000    0.5000
parameters
    0.1245   -4.9443    5.2784   -1.5969  -18.4339   -8.0428
   -0.8596    4.8065    0.6814   24.5775   -5.0093  -19.5156
eta,q 0.97394 14.35187
  0.0267  0.0267  0.0264  0.0267  0.0268  0.0264  0.0266  0.0269  0.0266  0.0266  0.0263  0.0264
  0.0263  0.0263  0.0262  0.0264  0.0264  0.0262  0.0263  0.0264  0.0263  0.0263  0.0262  0.0262
  0.0261  0.0261  0.0261  0.0262  0.0262  0.0261  0.0261  0.0261  0.0261  0.0261  0.0261  0.0261
  0.0261  0.0261  0.0261  0.0261  0.0261  0.0261  0.0261  0.0261  0.0261  0.0261  0.0261  0.0261
  0.0261  0.0261  0.0261  0.0261  0.0261  0.0261  0.0261  0.0262  0.0261  0.0261  0.0261  0.0261
  0.0263  0.0263  0.0262  0.0263  0.0264  0.0262  0.0263  0.0265  0.0263  0.0263  0.0262  0.0262
  0.0267  0.0267  0.0264  0.0267  0.0268  0.0264  0.0266  0.0269  0.0266  0.0266  0.0263  0.0264
niter,ni,del,rscale     1    3    5.0000    0.4000
parameters
    0.1203   -4.9404    5.2682   -1.5141  -18.3963   -7.9196
   -0.8622    4.7696    0.6881   24.6745   -5.0139  -19.5566
eta,q 0.97394 14.36949
  0.0264  0.0265  0.0263  0.0265  0.0265  0.0263  0.0264  0.0266  0.0264  0.0264  0.0262  0.0262
  0.0262  0.0262  0.0262  0.0263  0.0263  0.0262  0.0262  0.0263  0.0262  0.0262  0.0261  0.0261
  0.0261  0.0261  0.0261  0.0261  0.0261  0.0261  0.0261  0.0261  0.0261  0.0261  0.0261  0.0261
  0.0261  0.0261  0.0261  0.0261  0.0261  0.0261  0.0261  0.0261  0.0261  0.0261  0.0261  0.0261
  0.0261  0.0261  0.0261  0.0261  0.0261  0.0261  0.0261  0.0261  0.0261  0.0261  0.0261  0.0261
  0.0262  0.0262  0.0262  0.0262  0.0262  0.0261  0.0262  0.0263  0.0262  0.0262  0.0261  0.0262
  0.0265  0.0265  0.0263  0.0265  0.0265  0.0262  0.0264  0.0266  0.0264  0.0264  0.0262  0.0263
registration optimization eta report
parameter search radius
    0.8000    0.8000    0.8000    2.4000    2.4000    2.4000
    2.4000    2.4000    2.4000    2.4000    2.4000    2.4000
100000*second partial in parameter space
       60.       63.       32.        7.        8.        4.
        6.        9.        6.        6.        3.        3.
  0.0264  0.0265  0.0263  0.0265  0.0265  0.0263  0.0264  0.0266  0.0264  0.0264  0.0262  0.0262
  0.0262  0.0262  0.0262  0.0263  0.0263  0.0262  0.0262  0.0263  0.0262  0.0262  0.0261  0.0261
  0.0261  0.0261  0.0261  0.0261  0.0261  0.0261  0.0261  0.0261  0.0261  0.0261  0.0261  0.0261
  0.0261  0.0261  0.0261  0.0261  0.0261  0.0261  0.0261  0.0261  0.0261  0.0261  0.0261  0.0261
  0.0261  0.0261  0.0261  0.0261  0.0261  0.0261  0.0261  0.0261  0.0261  0.0261  0.0261  0.0261
  0.0262  0.0262  0.0262  0.0262  0.0262  0.0261  0.0262  0.0263  0.0262  0.0262  0.0261  0.0262
  0.0265  0.0265  0.0263  0.0265  0.0265  0.0262  0.0264  0.0266  0.0264  0.0264  0.0262  0.0263
    0.1203   -4.9404    5.2682   -1.5141  -18.3963   -7.9196
   -0.8622    4.7696    0.6881   24.6745   -5.0139  -19.5566
eta,q 0.97394 14.36949

---------------------------------------------------------------------
compute_vox2vox talsrcimg talsrcimg_to_711-2C_as_mni_average_305_t4 /opt/freesurfer/average/711-2C_as_mni_average_305
---------------------------------------------------------------------

freesurfer compute_vox2vox.c
Reading: talsrcimg.4dfp.ifh
Reading: talsrcimg_to_711-2C_as_mni_average_305_t4
Reading: /opt/freesurfer/average/711-2C_as_mni_average_305.4dfp.ifh
Writing: talsrcimg_to_711-2C_as_mni_average_305_t4_vox2vox.txt

start time Mon Mar 9 11:37:38 CET 2026
end		time Mon Mar 9 11:39:03 CET 2026

mpr2mni305 success

avi2talxfm orig_nu.mgz /opt/freesurfer/average/mni305.cor.mgz talsrcimg_to_711-2C_as_mni_average_305_t4_vox2vox.txt transforms/talairach.auto.xfm
avi2talxfm done
mv -f /out/sourcedata/freesurfer/sub-v1s21x0050424_ses-1/mri/talsrcimg_to_711-2C_as_mni_average_305_t4_vox2vox.txt /out/sourcedata/freesurfer/sub-v1s21x0050424_ses-1/mri/transforms/talsrcimg_to_711-2C_as_mni_average_305_t4_vox2vox.txt
lta_convert --src orig_nu.mgz --trg /opt/freesurfer/average/mni305.cor.mgz --inxfm transforms/talairach.auto.xfm --outlta transforms/talairach.auto.xfm.lta --subject fsaverage
7.3.2

--src: orig_nu.mgz src image (geometry).
--trg: /opt/freesurfer/average/mni305.cor.mgz trg image (geometry).
--inmni: transforms/talairach.auto.xfm input MNI/XFM transform.
--outlta: transforms/talairach.auto.xfm.lta output LTA.
--s: fsaverage subject name
 LTA read, type : 1
 1.01274  -0.05199  -0.00176  -0.59062;
 0.05011   1.01790   0.24447  -4.80908;
-0.02369  -0.30734   1.15153   6.59815;
 0.00000   0.00000   0.00000   1.00000;
setting subject to fsaverage
Writing  LTA to file transforms/talairach.auto.xfm.lta...
lta_convert successful.
 
 
Started at Mon Mar 9 11:37:38 CET 2026
Ended   at Mon Mar  9 11:39:03 CET 2026
talairach_avi done
