status file for recon-all
Mon Mar  9 11:14:49 CET 2026
#@# MotionCor Mon Mar  9 11:14:50 CET 2026
#@# Talairach Mon Mar  9 11:14:56 CET 2026
#@# Talairach Failure Detection Mon Mar  9 11:19:19 CET 2026
#@# Nu Intensity Correction Mon Mar  9 11:19:19 CET 2026
#@# Intensity Normalization Mon Mar  9 11:22:34 CET 2026
recon-all -s sub-v1s21x0050412_ses-1 finished without error at Mon Mar  9 11:24:04 CET 2026



#New# invocation of recon-all 



status file for recon-all
Mon Mar  9 11:30:56 CET 2026
#@# EM Registration Mon Mar  9 11:30:56 CET 2026
recon-all -s sub-v1s21x0050412_ses-1 finished without error at Mon Mar  9 11:32:55 CET 2026



#New# invocation of recon-all 



status file for recon-all
Mon Mar  9 11:32:57 CET 2026
#@# CA Normalize Mon Mar  9 11:32:57 CET 2026
#@# CA Reg Mon Mar  9 11:34:17 CET 2026
#@# SubCort Seg Mon Mar  9 12:19:39 CET 2026
#@# CC Seg Mon Mar  9 12:48:49 CET 2026
#@# Merge ASeg Mon Mar  9 12:49:23 CET 2026
#@# Intensity Normalization2 Mon Mar  9 12:49:23 CET 2026
#@# Mask BFS Mon Mar  9 12:51:38 CET 2026
#@# WM Segmentation Mon Mar  9 12:51:39 CET 2026
#@# Fill Mon Mar  9 12:53:40 CET 2026
recon-all -s sub-v1s21x0050412_ses-1 finished without error at Mon Mar  9 12:54:41 CET 2026



#New# invocation of recon-all 



status file for recon-all
Mon Mar  9 13:40:45 CET 2026
#@# white curv lh Mon Mar  9 13:40:45 CET 2026
#@# white area lh Mon Mar  9 13:40:45 CET 2026
#@# pial curv lh Mon Mar  9 13:40:45 CET 2026
#@# pial area lh Mon Mar  9 13:40:45 CET 2026
#@# thickness lh Mon Mar  9 13:40:45 CET 2026
#@# area and vertex vol lh Mon Mar  9 13:40:45 CET 2026
#@# white curv rh Mon Mar  9 13:40:45 CET 2026
#@# white area rh Mon Mar  9 13:40:45 CET 2026
#@# pial curv rh Mon Mar  9 13:40:45 CET 2026
#@# pial area rh Mon Mar  9 13:40:45 CET 2026
#@# thickness rh Mon Mar  9 13:40:45 CET 2026
#@# area and vertex vol rh Mon Mar  9 13:40:45 CET 2026
#@# Cortical ribbon mask Mon Mar  9 13:40:45 CET 2026
recon-all -s sub-v1s21x0050412_ses-1 finished without error at Mon Mar  9 13:46:43 CET 2026



#New# invocation of recon-all 



status file for recon-all
Mon Mar  9 13:53:07 CET 2026
#@# white curv lh Mon Mar  9 13:53:07 CET 2026
#@# white area lh Mon Mar  9 13:53:07 CET 2026
#@# pial curv lh Mon Mar  9 13:53:07 CET 2026
#@# pial area lh Mon Mar  9 13:53:07 CET 2026
#@# thickness lh Mon Mar  9 13:53:07 CET 2026
#@# area and vertex vol lh Mon Mar  9 13:53:07 CET 2026
#@# white curv rh Mon Mar  9 13:53:07 CET 2026
#@# white area rh Mon Mar  9 13:53:07 CET 2026
#@# pial curv rh Mon Mar  9 13:53:07 CET 2026
#@# pial area rh Mon Mar  9 13:53:07 CET 2026
#@# thickness rh Mon Mar  9 13:53:07 CET 2026
#@# area and vertex vol rh Mon Mar  9 13:53:07 CET 2026
#@# Curvature Stats lh Mon Mar  9 13:53:07 CET 2026
#@# Curvature Stats rh Mon Mar  9 13:53:10 CET 2026
#@# Relabel Hypointensities Mon Mar  9 13:53:12 CET 2026
#@# APas-to-ASeg Mon Mar  9 13:53:27 CET 2026
#@# AParc-to-ASeg aparc Mon Mar  9 13:53:34 CET 2026
#@# AParc-to-ASeg aparc.a2009s Mon Mar  9 13:54:17 CET 2026
#@# AParc-to-ASeg aparc.DKTatlas Mon Mar  9 13:55:00 CET 2026
#@# WMParc Mon Mar  9 13:55:45 CET 2026
#@# ASeg Stats Mon Mar  9 14:00:34 CET 2026
recon-all -s sub-v1s21x0050412_ses-1 finished without error at Mon Mar  9 14:01:16 CET 2026
