status file for recon-all
Mon Mar  9 11:45:51 CET 2026
#@# Tessellate lh Mon Mar  9 11:45:51 CET 2026
#@# Smooth1 lh Mon Mar  9 11:45:54 CET 2026
#@# Inflation1 lh Mon Mar  9 11:45:57 CET 2026
#@# QSphere lh Mon Mar  9 11:46:09 CET 2026
#@# Fix Topology lh Mon Mar  9 11:47:09 CET 2026
#@# Smooth2 lh Mon Mar  9 11:52:43 CET 2026
#@# Inflation2 lh Mon Mar  9 11:52:45 CET 2026
#@# Curv .H and .K lh Mon Mar  9 11:52:57 CET 2026
#@# Sphere lh Mon Mar  9 11:53:40 CET 2026
#@# Surf Reg lh Mon Mar  9 11:57:35 CET 2026
#@# Jacobian white lh Mon Mar  9 12:00:37 CET 2026
#@# AvgCurv lh Mon Mar  9 12:00:38 CET 2026
#@# Cortical Parc lh Mon Mar  9 12:00:38 CET 2026
#@# white curv lh Mon Mar  9 12:06:31 CET 2026
#@# white area lh Mon Mar  9 12:06:32 CET 2026
#@# pial curv lh Mon Mar  9 12:06:33 CET 2026
#@# pial area lh Mon Mar  9 12:06:35 CET 2026
#@# thickness lh Mon Mar  9 12:06:35 CET 2026
#@# area and vertex vol lh Mon Mar  9 12:07:02 CET 2026
#@# Curvature Stats lh Mon Mar  9 12:07:03 CET 2026
#@# Cortical Parc 2 lh Mon Mar  9 12:07:06 CET 2026
#@# Cortical Parc 3 lh Mon Mar  9 12:07:18 CET 2026
#@# WM/GM Contrast lh Mon Mar  9 12:07:27 CET 2026
recon-all -s sub-v1s21x0050402_ses-1 finished without error at Mon Mar  9 12:07:29 CET 2026



#New# invocation of recon-all 



status file for recon-all
Mon Mar  9 12:37:16 CET 2026
#@# white curv lh Mon Mar  9 12:37:16 CET 2026
#@# white area lh Mon Mar  9 12:37:17 CET 2026
#@# pial curv lh Mon Mar  9 12:37:17 CET 2026
#@# pial area lh Mon Mar  9 12:37:17 CET 2026
#@# thickness lh Mon Mar  9 12:37:17 CET 2026
#@# area and vertex vol lh Mon Mar  9 12:37:17 CET 2026
#@# Parcellation Stats lh Mon Mar  9 12:37:17 CET 2026
#@# Parcellation Stats 2 lh Mon Mar  9 12:37:32 CET 2026
#@# Parcellation Stats 3 lh Mon Mar  9 12:37:41 CET 2026
#@# BA_exvivo Labels lh Mon Mar  9 12:37:48 CET 2026
recon-all -s sub-v1s21x0050402_ses-1 finished without error at Mon Mar  9 12:40:10 CET 2026
