status file for recon-all
Mon Mar  9 12:07:31 CET 2026
#@# Tessellate rh Mon Mar  9 12:07:31 CET 2026
#@# Smooth1 rh Mon Mar  9 12:07:34 CET 2026
#@# Inflation1 rh Mon Mar  9 12:07:37 CET 2026
#@# QSphere rh Mon Mar  9 12:07:49 CET 2026
#@# Fix Topology rh Mon Mar  9 12:08:59 CET 2026
#@# Smooth2 rh Mon Mar  9 12:17:10 CET 2026
#@# Inflation2 rh Mon Mar  9 12:17:12 CET 2026
#@# Curv .H and .K rh Mon Mar  9 12:17:25 CET 2026
#@# Sphere rh Mon Mar  9 12:18:09 CET 2026
#@# Surf Reg rh Mon Mar  9 12:21:45 CET 2026
#@# Jacobian white rh Mon Mar  9 12:25:17 CET 2026
#@# AvgCurv rh Mon Mar  9 12:25:17 CET 2026
#@# Cortical Parc rh Mon Mar  9 12:25:18 CET 2026
#@# white curv rh Mon Mar  9 12:31:34 CET 2026
#@# white area rh Mon Mar  9 12:31:36 CET 2026
#@# pial curv rh Mon Mar  9 12:31:36 CET 2026
#@# pial area rh Mon Mar  9 12:31:38 CET 2026
#@# thickness rh Mon Mar  9 12:31:38 CET 2026
#@# area and vertex vol rh Mon Mar  9 12:32:07 CET 2026
#@# Curvature Stats rh Mon Mar  9 12:32:09 CET 2026
#@# Cortical Parc 2 rh Mon Mar  9 12:32:11 CET 2026
#@# Cortical Parc 3 rh Mon Mar  9 12:32:24 CET 2026
#@# WM/GM Contrast rh Mon Mar  9 12:32:33 CET 2026
recon-all -s sub-v1s21x0050402_ses-1 finished without error at Mon Mar  9 12:32:36 CET 2026



#New# invocation of recon-all 



status file for recon-all
Mon Mar  9 12:40:13 CET 2026
#@# white curv rh Mon Mar  9 12:40:13 CET 2026
#@# white area rh Mon Mar  9 12:40:13 CET 2026
#@# pial curv rh Mon Mar  9 12:40:13 CET 2026
#@# pial area rh Mon Mar  9 12:40:13 CET 2026
#@# thickness rh Mon Mar  9 12:40:13 CET 2026
#@# area and vertex vol rh Mon Mar  9 12:40:13 CET 2026
#@# Parcellation Stats rh Mon Mar  9 12:40:13 CET 2026
#@# Parcellation Stats 2 rh Mon Mar  9 12:40:31 CET 2026
#@# Parcellation Stats 3 rh Mon Mar  9 12:40:40 CET 2026
#@# BA_exvivo Labels rh Mon Mar  9 12:40:48 CET 2026
recon-all -s sub-v1s21x0050402_ses-1 finished without error at Mon Mar  9 12:43:12 CET 2026
