/out/sourcedata/freesurfer/sub-v1s21x0050417_ses-1/mri
/opt/freesurfer/bin/talairach_avi
--i orig_nu.mgz --xfm transforms/talairach.auto.xfm
talairach_avi 7.3.2
Linux dna009 5.14.0-427.37.1.el9_4.x86_64 #1 SMP PREEMPT_DYNAMIC Fri Sep 13 12:41:50 EDT 2024 x86_64 x86_64 x86_64 GNU/Linux
Mon Mar  9 11:25:19 CET 2026
mri_convert orig_nu.mgz talsrcimg.img 
reading from orig_nu.mgz...
TR=0.00, TE=0.00, TI=0.00, flip angle=0.00
i_ras = (-1, 0, 0)
j_ras = (0, 0, -1)
k_ras = (0, 1, 0)
writing to talsrcimg.img...
Analyze Output Matrix
-1.00000   0.00000   0.00000   129.70000;
 0.00000   0.00000   1.00000  -128.50000;
 0.00000  -1.00000   0.00000   129.50000;
 0.00000   0.00000   0.00000   1.00000;
--------------------
INFO: set hdr.hist.orient to -1
mpr2mni305 talsrcimg
Mon Mar  9 11:25:20 CET 2026
/opt/freesurfer/bin/mpr2mni305 talsrcimg
mpr2mni305 7.3.2
target=711-2C_as_mni_average_305

---------------------------------------------------------------------
analyzeto4dfp talsrcimg -O0 -y
---------------------------------------------------------------------

freesurfer ifh2hdr.c
Mon Mar  9 11:25:20 2026
Writing: talsrcimg.4dfp.hdr
freesurfer analyzeto4dfp.c
Reading: talsrcimg.hdr
header size 348 bytes
hdr.dime.datatype	offset=70	value=2
hdr.dime.bitpix		offset=72	value=8
hdr.hist.orient		offset=252	value=-1
dimensionality     4
dimensions       256       256       256         1
Reading: talsrcimg.img
Writing: talsrcimg.4dfp.img
Writing: talsrcimg.4dfp.ifh
ifh2hdr talsrcimg -r0to227
ori=2

---------------------------------------------------------------------
gauss_4dfp talsrcimg 1.1
---------------------------------------------------------------------

freesurfer gauss_4dfp.c
Reading: talsrcimg.4dfp.img
Writing: talsrcimg_g11.4dfp.img
image dimensions 256 256 256 padded to 288 288 288
processing volume 1freesurfer ifh2hdr.c
Mon Mar  9 11:25:22 2026
Writing: talsrcimg_g11.4dfp.hdr

Writing: talsrcimg_g11.4dfp.ifh
including: talsrcimg.4dfp.img.rec in talsrcimg_g11.4dfp.img.rec

---------------------------------------------------------------------
imgreg_4dfp /opt/freesurfer/average/711-2C_as_mni_average_305 none talsrcimg_g11 none talsrcimg_to_711-2C_as_mni_average_305_t4 4355
---------------------------------------------------------------------

freesurfer imgreg_4dfp.c
/opt/freesurfer/average/711-2C_as_mni_average_305.4dfp.img
       256       256       256         1
  1.000000  1.000000  1.000000
orientation T byte_order littleendian
Reading image: /opt/freesurfer/average/711-2C_as_mni_average_305.4dfp.img
dimensions:      256       256       256
mmppix:       1.0000   -1.0000   -1.0000
center:     128.0000 -129.0000 -129.0000
talsrcimg_g11.4dfp.img
       256       256       256         1
  1.000000  1.000000  1.000000
orientation T byte_order littleendian
Reading image: talsrcimg_g11.4dfp.img
dimensions:      256       256       256
mmppix:       1.0000   -1.0000   -1.0000
center:     128.0000 -129.0000 -129.0000
t4_read: open error in t4_sub.f l:  41 t4_file(1:l)talsrcimg_to_711-2C_as_mni_average_305_t4 
t4_read: transform initialized to I4
rotation matrix determinant  1.000000
image alignment mode   4355 decimal     1103 hex
   -7.5000  -45.0000  -45.0000 8771.8848   27.2129
    0.0000  -45.0000  -45.0000 9142.0029   27.2368
    7.5000  -45.0000  -45.0000 8760.0547   27.2667
   -7.5000  -37.5000  -45.0000 9239.5977   27.2018
    0.0000  -37.5000  -45.0000 9635.9600   27.2141
    7.5000  -37.5000  -45.0000 9211.9219   27.2293
   -7.5000  -30.0000  -45.0000 9966.7588   27.1954
    0.0000  -30.0000  -45.000010382.3037   27.2079
    7.5000  -30.0000  -45.0000 9928.7324   27.2100
   -7.5000  -22.5000  -45.000010632.4346   27.1994
    0.0000  -22.5000  -45.000011123.8564   27.2290
    7.5000  -22.5000  -45.000010600.9990   27.2378
   -7.5000  -15.0000  -45.000011213.1816   27.2026
    0.0000  -15.0000  -45.000011731.2734   27.2469
    7.5000  -15.0000  -45.000011189.9141   27.2714
   -7.5000   -7.5000  -45.000011715.2803   27.2096
    0.0000   -7.5000  -45.000012258.8887   27.2485
    7.5000   -7.5000  -45.000011733.1201   27.2810
   -7.5000    0.0000  -45.000012148.0264   27.2129
    0.0000    0.0000  -45.000012700.7061   27.2368
    7.5000    0.0000  -45.000012200.6562   27.2667
   -7.5000    7.5000  -45.000011678.9219   27.2018
    0.0000    7.5000  -45.000012152.6299   27.2141
    7.5000    7.5000  -45.000011646.2061   27.2293
   -7.5000   15.0000  -45.000011120.4980   27.1954
    0.0000   15.0000  -45.000011564.0664   27.2079
    7.5000   15.0000  -45.000011064.1221   27.2100
   -7.5000   22.5000  -45.000010225.6748   27.1957
    0.0000   22.5000  -45.000010612.2686   27.2252
    7.5000   22.5000  -45.000010139.8018   27.2340
   -7.5000   30.0000  -45.0000 9248.7041   26.8401
    0.0000   30.0000  -45.0000 9590.6035   26.8838
    7.5000   30.0000  -45.0000 9173.7812   26.9079
   -7.5000   37.5000  -45.0000 8671.0088   26.8470
    0.0000   37.5000  -45.0000 8995.3965   26.8854
    7.5000   37.5000  -45.0000 8636.7080   26.9174
   -7.5000   45.0000  -45.0000 7784.4453   26.1685
    0.0000   45.0000  -45.0000 8078.1855   26.1915
    7.5000   45.0000  -45.0000 7771.6855   26.2202
   -7.5000  -45.0000  -37.5000 9300.0742   27.2702
    0.0000  -45.0000  -37.5000 9702.5938   27.2794
    7.5000  -45.0000  -37.5000 9291.9141   27.3100
   -7.5000  -37.5000  -37.5000 9788.4209   27.2385
    0.0000  -37.5000  -37.500010219.7920   27.2375
    7.5000  -37.5000  -37.5000 9746.1787   27.2514
   -7.5000  -30.0000  -37.500010554.4248   27.2100
    0.0000  -30.0000  -37.500010992.1963   27.2115
    7.5000  -30.0000  -37.500010490.9111   27.2171
   -7.5000  -22.5000  -37.500011243.1689   27.2104
    0.0000  -22.5000  -37.500011731.4619   27.2278
    7.5000  -22.5000  -37.500011165.6699   27.2478
   -7.5000  -15.0000  -37.500011854.8916   27.2329
    0.0000  -15.0000  -37.500012405.6885   27.2650
    7.5000  -15.0000  -37.500011802.4160   27.3069
   -7.5000   -7.5000  -37.500012380.7100   27.2640
    0.0000   -7.5000  -37.500012972.9365   27.2904
    7.5000   -7.5000  -37.500012394.6807   27.3347
   -7.5000    0.0000  -37.500012830.3740   27.2702
    0.0000    0.0000  -37.500013414.1133   27.2794
    7.5000    0.0000  -37.500012853.9844   27.3100
   -7.5000    7.5000  -37.500012258.7920   27.2385
    0.0000    7.5000  -37.500012794.6367   27.2375
    7.5000    7.5000  -37.500012220.4756   27.2514
   -7.5000   15.0000  -37.500011667.6494   27.2100
    0.0000   15.0000  -37.500012155.1943   27.2115
    7.5000   15.0000  -37.500011572.2383   27.2171
   -7.5000   22.5000  -37.500010715.0576   27.2067
    0.0000   22.5000  -37.500011143.4102   27.2241
    7.5000   22.5000  -37.500010609.8203   27.2441
   -7.5000   30.0000  -37.5000 9684.4385   26.8700
    0.0000   30.0000  -37.500010057.8594   26.9016
    7.5000   30.0000  -37.5000 9612.1436   26.9430
   -7.5000   37.5000  -37.5000 9057.7461   26.9007
    0.0000   37.5000  -37.5000 9427.8174   26.9268
    7.5000   37.5000  -37.5000 9038.1562   26.9704
   -7.5000   45.0000  -37.5000 8131.5449   26.2235
    0.0000   45.0000  -37.5000 8453.0967   26.2324
    7.5000   45.0000  -37.5000 8120.4448   26.2618
   -7.5000  -45.0000  -30.0000 9926.9121   28.4009
    0.0000  -45.0000  -30.000010345.6504   28.3939
    7.5000  -45.0000  -30.0000 9902.8936   28.4277
   -7.5000  -37.5000  -30.000010434.0156   28.3617
    0.0000  -37.5000  -30.000010899.3301   28.3456
    7.5000  -37.5000  -30.000010400.0000   28.3675
   -7.5000  -30.0000  -30.000011276.6299   28.3103
    0.0000  -30.0000  -30.000011739.7266   28.2979
    7.5000  -30.0000  -30.000011191.2461   28.3188
   -7.5000  -22.5000  -30.000012024.6543   28.2909
    0.0000  -22.5000  -30.000012512.0215   28.2948
    7.5000  -22.5000  -30.000011902.2021   28.3330
   -7.5000  -15.0000  -30.000012643.3262   28.3210
    0.0000  -15.0000  -30.000013215.6807   28.3404
    7.5000  -15.0000  -30.000012546.6533   28.3981
   -7.5000   -7.5000  -30.000013217.6660   28.3796
    0.0000   -7.5000  -30.000013841.4141   28.3916
    7.5000   -7.5000  -30.000013171.3193   28.4440
   -7.5000    0.0000  -30.000013696.8936   28.4009
    0.0000    0.0000  -30.000014335.9238   28.3939
    7.5000    0.0000  -30.000013660.2441   28.4277
   -7.5000    7.5000  -30.000013008.6553   28.3617
    0.0000    7.5000  -30.000013593.8047   28.3456
    7.5000    7.5000  -30.000012945.7100   28.3675
   -7.5000   15.0000  -30.000012352.8018   28.3103
    0.0000   15.0000  -30.000012854.6582   28.2979
    7.5000   15.0000  -30.000012209.0371   28.3188
   -7.5000   22.5000  -30.000011355.2881   28.2841
    0.0000   22.5000  -30.000011858.6943   28.2880
    7.5000   22.5000  -30.000011240.2490   28.3262
   -7.5000   30.0000  -30.000010240.3135   27.9463
    0.0000   30.0000  -30.000010694.0107   27.9654
    7.5000   30.0000  -30.000010184.1777   28.0224
   -7.5000   37.5000  -30.0000 9542.8418   28.0040
    0.0000   37.5000  -30.0000 9963.1562   28.0159
    7.5000   37.5000  -30.0000 9548.7637   28.0677
   -7.5000   45.0000  -30.0000 8571.5107   27.3310
    0.0000   45.0000  -30.0000 8916.2852   27.3242
    7.5000   45.0000  -30.0000 8557.8252   27.3567
   -7.5000  -45.0000  -22.500010539.9131   29.2933
    0.0000  -45.0000  -22.500010992.2822   29.2840
    7.5000  -45.0000  -22.500010540.7471   29.3161
   -7.5000  -37.5000  -22.500011097.6924   29.2716
    0.0000  -37.5000  -22.500011586.3975   29.2552
    7.5000  -37.5000  -22.500011073.2637   29.2862
   -7.5000  -30.0000  -22.500011987.0771   29.2216
    0.0000  -30.0000  -22.500012476.6621   29.2091
    7.5000  -30.0000  -22.500011933.2803   29.2432
   -7.5000  -22.5000  -22.500012736.1836   29.1840
    0.0000  -22.5000  -22.500013261.5352   29.1887
    7.5000  -22.5000  -22.500012644.8379   29.2324
   -7.5000  -15.0000  -22.500013349.3682   29.1982
    0.0000  -15.0000  -22.500013961.2754   29.2169
    7.5000  -15.0000  -22.500013294.6592   29.2671
   -7.5000   -7.5000  -22.500013975.8408   29.2574
    0.0000   -7.5000  -22.500014623.9521   29.2662
    7.5000   -7.5000  -22.500013928.0391   29.3077
   -7.5000    0.0000  -22.500014492.3145   29.2933
    0.0000    0.0000  -22.500015150.0537   29.2840
    7.5000    0.0000  -22.500014438.8076   29.3161
   -7.5000    7.5000  -22.500013762.8584   29.2716
    0.0000    7.5000  -22.500014363.6768   29.2552
    7.5000    7.5000  -22.500013693.6006   29.2862
   -7.5000   15.0000  -22.500013038.9365   29.2216
    0.0000   15.0000  -22.500013572.3252   29.2091
    7.5000   15.0000  -22.500012875.2129   29.2432
   -7.5000   22.5000  -22.500011975.6963   29.1750
    0.0000   22.5000  -22.500012479.8213   29.1797
    7.5000   22.5000  -22.500011842.0098   29.2234
   -7.5000   30.0000  -22.500010827.5557   28.8162
    0.0000   30.0000  -22.500011316.6035   28.8347
    7.5000   30.0000  -22.500010759.7021   28.8843
   -7.5000   37.5000  -22.500010081.1729   28.8747
    0.0000   37.5000  -22.500010547.6826   28.8833
    7.5000   37.5000  -22.500010057.2910   28.9244
   -7.5000   45.0000  -22.5000 9008.0752   28.2109
    0.0000   45.0000  -22.5000 9389.5352   28.2019
    7.5000   45.0000  -22.5000 8982.4922   28.2329
   -7.5000  -45.0000  -15.000011167.4922   29.9264
    0.0000  -45.0000  -15.000011643.8701   29.9325
    7.5000  -45.0000  -15.000011185.7500   29.9639
   -7.5000  -37.5000  -15.000011750.4824   29.9282
    0.0000  -37.5000  -15.000012216.4609   29.9258
    7.5000  -37.5000  -15.000011762.5850   29.9602
   -7.5000  -30.0000  -15.000012642.3633   29.8997
    0.0000  -30.0000  -15.000013153.0957   29.8986
    7.5000  -30.0000  -15.000012626.8145   29.9320
   -7.5000  -22.5000  -15.000013380.3545   29.8618
    0.0000  -22.5000  -15.000013989.6455   29.8787
    7.5000  -22.5000  -15.000013422.6016   29.9130
   -7.5000  -15.0000  -15.000013988.2959   29.8544
    0.0000  -15.0000  -15.000014656.2363   29.8853
    7.5000  -15.0000  -15.000014116.0137   29.9172
   -7.5000   -7.5000  -15.000014661.0186   29.8906
    0.0000   -7.5000  -15.000015346.1963   29.9119
    7.5000   -7.5000  -15.000014770.2764   29.9400
   -7.5000    0.0000  -15.000015229.9434   29.9264
    0.0000    0.0000  -15.000015893.7588   29.9325
    7.5000    0.0000  -15.000015281.7656   29.9639
   -7.5000    7.5000  -15.000014440.3965   29.9282
    0.0000    7.5000  -15.000015073.8428   29.9258
    7.5000    7.5000  -15.000014454.0439   29.9602
   -7.5000   15.0000  -15.000013628.5918   29.8997
    0.0000   15.0000  -15.000014228.2285   29.8986
    7.5000   15.0000  -15.000013549.8740   29.9320
   -7.5000   22.5000  -15.000012517.9854   29.8512
    0.0000   22.5000  -15.000013047.0684   29.8682
    7.5000   22.5000  -15.000012430.0244   29.9024
   -7.5000   30.0000  -15.000011353.7871   29.4681
    0.0000   30.0000  -15.000011848.8916   29.4986
    7.5000   30.0000  -15.000011275.7686   29.5301
   -7.5000   37.5000  -15.000010608.9785   29.5038
    0.0000   37.5000  -15.000011080.2490   29.5248
    7.5000   37.5000  -15.000010543.2344   29.5525
   -7.5000   45.0000  -15.0000 9448.2979   28.8380
    0.0000   45.0000  -15.0000 9859.3555   28.8439
    7.5000   45.0000  -15.0000 9375.2783   28.8742
   -7.5000  -45.0000   -7.500011774.9580   30.3005
    0.0000  -45.0000   -7.500012258.0293   30.3252
    7.5000  -45.0000   -7.500011799.0527   30.3591
   -7.5000  -37.5000   -7.500012386.5713   30.3059
    0.0000  -37.5000   -7.500012870.3008   30.3180
    7.5000  -37.5000   -7.500012386.6924   30.3455
   -7.5000  -30.0000   -7.500013386.4365   30.2984
    0.0000  -30.0000   -7.500013968.3291   30.3092
    7.5000  -30.0000   -7.500013391.2881   30.3261
   -7.5000  -22.5000   -7.500014206.3926   30.2820
    0.0000  -22.5000   -7.500014891.1738   30.3123
    7.5000  -22.5000   -7.500014371.9395   30.3299
   -7.5000  -15.0000   -7.500014792.1875   30.2707
    0.0000  -15.0000   -7.500015396.1436   30.3169
    7.5000  -15.0000   -7.500015065.2842   30.3394
   -7.5000   -7.5000   -7.500015463.2627   30.2817
    0.0000   -7.5000   -7.500016058.0049   30.3211
    7.5000   -7.5000   -7.500015677.6035   30.3494
   -7.5000    0.0000   -7.500016091.5400   30.3005
    0.0000    0.0000   -7.500016753.3125   30.3252
    7.5000    0.0000   -7.500016238.9512   30.3591
   -7.5000    7.5000   -7.500015230.3506   30.3059
    0.0000    7.5000   -7.500015881.5752   30.3180
    7.5000    7.5000   -7.500015293.8125   30.3455
   -7.5000   15.0000   -7.500014295.4746   30.2984
    0.0000   15.0000   -7.500014924.3740   30.3092
    7.5000   15.0000   -7.500014251.9141   30.3261
   -7.5000   22.5000   -7.500013182.6562   30.2681
    0.0000   22.5000   -7.500013740.3252   30.2983
    7.5000   22.5000   -7.500013083.8193   30.3159
   -7.5000   30.0000   -7.500011975.3154   29.8781
    0.0000   30.0000   -7.500012474.6416   29.9237
    7.5000   30.0000   -7.500011867.8643   29.9460
   -7.5000   37.5000   -7.500011199.7617   29.8890
    0.0000   37.5000   -7.500011640.4580   29.9279
    7.5000   37.5000   -7.500011080.9150   29.9558
   -7.5000   45.0000   -7.5000 9917.6221   29.2040
    0.0000   45.0000   -7.500010348.2100   29.2278
    7.5000   45.0000   -7.5000 9837.4844   29.2605
   -7.5000  -45.0000    0.000012274.6064   30.4516
    0.0000  -45.0000    0.000012741.8662   30.4783
    7.5000  -45.0000    0.000012301.9365   30.5117
   -7.5000  -37.5000    0.000012909.2061   30.4392
    0.0000  -37.5000    0.000013342.9629   30.4529
    7.5000  -37.5000    0.000012841.9082   30.4699
   -7.5000  -30.0000    0.000014004.8193   30.4320
    0.0000  -30.0000    0.000014581.9961   30.4460
    7.5000  -30.0000    0.000013910.9307   30.4483
   -7.5000  -22.5000    0.000014981.6875   30.4365
    0.0000  -22.5000    0.000015468.0859   30.4696
    7.5000  -22.5000    0.000014920.5820   30.4794
   -7.5000  -15.0000    0.000015424.7119   30.4400
    0.0000  -15.0000    0.000015806.8809   30.4896
    7.5000  -15.0000    0.000015512.4355   30.5170
   -7.5000   -7.5000    0.000016072.5420   30.4478
    0.0000   -7.5000    0.000016474.0410   30.4914
    7.5000   -7.5000    0.000016157.7207   30.5277
   -7.5000    0.0000    0.000016786.7832   30.4516
    0.0000    0.0000    0.000017314.8184   30.4783
    7.5000    0.0000    0.000016865.7773   30.5117
   -7.5000    7.5000    0.000015905.4033   30.4392
    0.0000    7.5000    0.000016423.0957   30.4529
    7.5000    7.5000    0.000015889.2295   30.4699
   -7.5000   15.0000    0.000014853.4844   30.4320
    0.0000   15.0000    0.000015319.9072   30.4460
    7.5000   15.0000    0.000014723.2246   30.4483
   -7.5000   22.5000    0.000013702.7910   30.4225
    0.0000   22.5000    0.000014158.7803   30.4555
    7.5000   22.5000    0.000013529.6123   30.4653
   -7.5000   30.0000    0.000012430.7021   30.0461
    0.0000   30.0000    0.000012892.3311   30.0950
    7.5000   30.0000    0.000012262.8145   30.1220
   -7.5000   37.5000    0.000011634.4180   30.0537
    0.0000   37.5000    0.000012067.6406   30.0967
    7.5000   37.5000    0.000011498.5898   30.1326
   -7.5000   45.0000    0.000010305.9453   29.3518
    0.0000   45.0000    0.000010676.4609   29.3776
    7.5000   45.0000    0.000010167.9307   29.4097
   -7.5000  -45.0000    7.500011786.0469   30.5161
    0.0000  -45.0000    7.500012273.0557   30.5263
    7.5000  -45.0000    7.500011804.0039   30.5606
   -7.5000  -37.5000    7.500012354.8975   30.4806
    0.0000  -37.5000    7.500012810.4160   30.4795
    7.5000  -37.5000    7.500012310.4473   30.4951
   -7.5000  -30.0000    7.500013397.1943   30.4487
    0.0000  -30.0000    7.500013872.3213   30.4504
    7.5000  -30.0000    7.500013256.8428   30.4566
   -7.5000  -22.5000    7.500014435.7979   30.4492
    0.0000  -22.5000    7.500014772.9600   30.4686
    7.5000  -22.5000    7.500014154.6162   30.4911
   -7.5000  -15.0000    7.500015120.2529   30.4743
    0.0000  -15.0000    7.500015403.1094   30.5102
    7.5000  -15.0000    7.500014866.4092   30.5572
   -7.5000   -7.5000    7.500015763.7158   30.5091
    0.0000   -7.5000    7.500016107.4062   30.5387
    7.5000   -7.5000    7.500015556.3672   30.5883
   -7.5000    0.0000    7.500016366.2061   30.5161
    0.0000    0.0000    7.500016771.7090   30.5263
    7.5000    0.0000    7.500016216.5859   30.5606
   -7.5000    7.5000    7.500015428.2861   30.4806
    0.0000    7.5000    7.500015840.9619   30.4795
    7.5000    7.5000    7.500015313.1670   30.4951
   -7.5000   15.0000    7.500014301.7441   30.4487
    0.0000   15.0000    7.500014702.1152   30.4504
    7.5000   15.0000    7.500014162.6104   30.4566
   -7.5000   22.5000    7.500013157.7236   30.4352
    0.0000   22.5000    7.500013578.5928   30.4546
    7.5000   22.5000    7.500013003.8037   30.4770
   -7.5000   30.0000    7.500011915.4092   30.0799
    0.0000   30.0000    7.500012336.2422   30.1154
    7.5000   30.0000    7.500011783.7861   30.1617
   -7.5000   37.5000    7.500011135.6240   30.1143
    0.0000   37.5000    7.500011531.5156   30.1435
    7.5000   37.5000    7.500010989.2461   30.1924
   -7.5000   45.0000    7.5000 9852.2051   29.4140
    0.0000   45.0000    7.500010194.5400   29.4239
    7.5000   45.0000    7.5000 9699.3408   29.4569
   -7.5000  -45.0000   15.000011173.0518   30.4983
    0.0000  -45.0000   15.000011644.0840   30.4907
    7.5000  -45.0000   15.000011168.2949   30.5271
   -7.5000  -37.5000   15.000011716.1523   30.4561
    0.0000  -37.5000   15.000012195.3291   30.4389
    7.5000  -37.5000   15.000011698.2275   30.4625
   -7.5000  -30.0000   15.000012682.0039   30.4008
    0.0000  -30.0000   15.000013155.1631   30.3876
    7.5000  -30.0000   15.000012583.5996   30.4101
   -7.5000  -22.5000   15.000013584.2568   30.3800
    0.0000  -22.5000   15.000013936.2910   30.3842
    7.5000  -22.5000   15.000013352.0654   30.4253
   -7.5000  -15.0000   15.000014275.0381   30.4124
    0.0000  -15.0000   15.000014634.6621   30.4331
    7.5000  -15.0000   15.000014064.0820   30.4952
   -7.5000   -7.5000   15.000014996.0117   30.4753
    0.0000   -7.5000   15.000015392.7725   30.4882
    7.5000   -7.5000   15.000014763.3408   30.5446
   -7.5000    0.0000   15.000015580.7939   30.4983
    0.0000    0.0000   15.000016001.7090   30.4907
    7.5000    0.0000   15.000015336.5889   30.5271
   -7.5000    7.5000   15.000014699.6768   30.4561
    0.0000    7.5000   15.000015093.0400   30.4389
    7.5000    7.5000   15.000014507.2568   30.4625
   -7.5000   15.0000   15.000013583.6357   30.4008
    0.0000   15.0000   15.000013975.5928   30.3876
    7.5000   15.0000   15.000013405.6582   30.4101
   -7.5000   22.5000   15.000012483.3428   30.3660
    0.0000   22.5000   15.000012850.0723   30.3702
    7.5000   22.5000   15.000012311.2812   30.4113
   -7.5000   30.0000   15.000011260.4150   30.0188
    0.0000   30.0000   15.000011606.7256   30.0393
    7.5000   30.0000   15.000011118.3232   30.1006
   -7.5000   37.5000   15.000010465.4424   30.0809
    0.0000   37.5000   15.000010810.9688   30.0937
    7.5000   37.5000   15.000010349.7969   30.1493
   -7.5000   45.0000   15.0000 9279.7461   29.3968
    0.0000   45.0000   15.0000 9556.0977   29.3896
    7.5000   45.0000   15.0000 9129.4980   29.4246
   -7.5000  -45.0000   22.500010439.4639   30.4116
    0.0000  -45.0000   22.500010899.9932   30.4019
    7.5000  -45.0000   22.500010448.5947   30.4354
   -7.5000  -37.5000   22.500010946.0654   30.3890
    0.0000  -37.5000   22.500011425.2715   30.3721
    7.5000  -37.5000   22.500010955.1436   30.4044
   -7.5000  -30.0000   22.500011837.8730   30.3370
    0.0000  -30.0000   22.500012302.1611   30.3242
    7.5000  -30.0000   22.500011784.1240   30.3596
   -7.5000  -22.5000   22.500012590.1963   30.2978
    0.0000  -22.5000   22.500013030.7217   30.3028
    7.5000  -22.5000   22.500012489.7539   30.3483
   -7.5000  -15.0000   22.500013218.7666   30.3126
    0.0000  -15.0000   22.500013679.5986   30.3320
    7.5000  -15.0000   22.500013123.1924   30.3843
   -7.5000   -7.5000   22.500013908.1533   30.3742
    0.0000   -7.5000   22.500014374.8311   30.3833
    7.5000   -7.5000   22.500013823.7715   30.4266
   -7.5000    0.0000   22.500014482.0840   30.4116
    0.0000    0.0000   22.500014932.5576   30.4019
    7.5000    0.0000   22.500014383.6807   30.4354
   -7.5000    7.5000   22.500013725.6836   30.3890
    0.0000    7.5000   22.500014131.6113   30.3721
    7.5000    7.5000   22.500013606.3564   30.4044
   -7.5000   15.0000   22.500012683.2910   30.3370
    0.0000   15.0000   22.500013078.6777   30.3242
    7.5000   15.0000   22.500012554.5615   30.3596
   -7.5000   22.5000   22.500011647.3213   30.2839
    0.0000   22.5000   22.500012006.8496   30.2888
    7.5000   22.5000   22.500011517.9111   30.3343
   -7.5000   30.0000   22.500010537.9473   29.9203
    0.0000   30.0000   22.500010825.9814   29.9394
    7.5000   30.0000   22.500010386.9814   29.9910
   -7.5000   37.5000   22.5000 9793.0791   29.9811
    0.0000   37.5000   22.500010064.7441   29.9901
    7.5000   37.5000   22.5000 9647.9404   30.0328
   -7.5000   45.0000   22.5000 8645.8262   29.3133
    0.0000   45.0000   22.5000 8886.1582   29.3040
    7.5000   45.0000   22.5000 8513.7207   29.3363
   -7.5000  -45.0000   30.0000 9603.0254   30.5576
    0.0000  -45.0000   30.000010055.4258   30.5626
    7.5000  -45.0000   30.0000 9649.4766   30.5947
   -7.5000  -37.5000   30.000010072.9541   30.5589
    0.0000  -37.5000   30.000010540.3701   30.5550
    7.5000  -37.5000   30.000010107.1709   30.5899
   -7.5000  -30.0000   30.000010909.9082   30.5274
    0.0000  -30.0000   30.000011357.1523   30.5246
    7.5000  -30.0000   30.000010881.8730   30.5583
   -7.5000  -22.5000   30.000011601.8271   30.4867
    0.0000  -22.5000   30.000012058.2002   30.5025
    7.5000  -22.5000   30.000011569.6865   30.5371
   -7.5000  -15.0000   30.000012164.4766   30.4795
    0.0000  -15.0000   30.000012608.8574   30.5099
    7.5000  -15.0000   30.000012111.4424   30.5421
   -7.5000   -7.5000   30.000012761.6768   30.5189
    0.0000   -7.5000   30.000013197.7461   30.5396
    7.5000   -7.5000   30.000012707.9922   30.5681
   -7.5000    0.0000   30.000013296.1279   30.5576
    0.0000    0.0000   30.000013726.9541   30.5626
    7.5000    0.0000   30.000013239.8506   30.5947
   -7.5000    7.5000   30.000012611.8027   30.5589
    0.0000    7.5000   30.000013041.6729   30.5550
    7.5000    7.5000   30.000012573.3887   30.5899
   -7.5000   15.0000   30.000011666.5820   30.5274
    0.0000   15.0000   30.000012075.5791   30.5246
    7.5000   15.0000   30.000011613.2812   30.5583
   -7.5000   22.5000   30.000010723.7949   30.4726
    0.0000   22.5000   30.000011102.1777   30.4885
    7.5000   22.5000   30.000010641.1758   30.5230
   -7.5000   30.0000   30.0000 9698.8389   30.0850
    0.0000   30.0000   30.000010038.7725   30.1150
    7.5000   30.0000   30.0000 9608.3809   30.1468
   -7.5000   37.5000   30.0000 9021.8896   30.1239
    0.0000   37.5000   30.0000 9316.6357   30.1444
    7.5000   37.5000   30.0000 8913.7148   30.1725
   -7.5000   45.0000   30.0000 7972.4854   29.4540
    0.0000   45.0000   30.0000 8207.4209   29.4589
    7.5000   45.0000   30.0000 7866.3511   29.4897
   -7.5000  -45.0000   37.5000 9143.8516   31.0728
    0.0000  -45.0000   37.5000 9600.4189   31.0903
    7.5000  -45.0000   37.5000 9218.8525   31.1276
   -7.5000  -37.5000   37.5000 9622.4209   31.0735
    0.0000  -37.5000   37.500010081.5840   31.0772
    7.5000  -37.5000   37.5000 9639.6123   31.1080
   -7.5000  -30.0000   37.500010406.6738   31.0567
    0.0000  -30.0000   37.500010849.5498   31.0597
    7.5000  -30.0000   37.500010363.6162   31.0793
   -7.5000  -22.5000   37.500011068.4268   31.0354
    0.0000  -22.5000   37.500011518.5176   31.0595
    7.5000  -22.5000   37.500011026.8398   31.0796
   -7.5000  -15.0000   37.500011577.7324   31.0274
    0.0000  -15.0000   37.500012009.1416   31.0687
    7.5000  -15.0000   37.500011527.2139   31.0936
   -7.5000   -7.5000   37.500012095.6533   31.0480
    0.0000   -7.5000   37.500012529.7100   31.0818
    7.5000   -7.5000   37.500012057.0781   31.1131
   -7.5000    0.0000   37.500012629.5469   31.0728
    0.0000    0.0000   37.500013081.9795   31.0903
    7.5000    0.0000   37.500012599.0000   31.1276
   -7.5000    7.5000   37.500012009.6816   31.0735
    0.0000    7.5000   37.500012468.6523   31.0772
    7.5000    7.5000   37.500012011.3809   31.1080
   -7.5000   15.0000   37.500011165.7344   31.0567
    0.0000   15.0000   37.500011578.9717   31.0597
    7.5000   15.0000   37.500011128.3447   31.0793
   -7.5000   22.5000   37.500010247.4180   31.0212
    0.0000   22.5000   37.500010626.2461   31.0452
    7.5000   22.5000   37.500010187.2988   31.0653
   -7.5000   30.0000   37.5000 9274.6250   30.6258
    0.0000   30.0000   37.5000 9598.7969   30.6666
    7.5000   30.0000   37.5000 9205.8838   30.6912
   -7.5000   37.5000   37.5000 8651.9658   30.6462
    0.0000   37.5000   37.5000 8918.0244   30.6796
    7.5000   37.5000   37.5000 8551.8984   30.7104
   -7.5000   45.0000   37.5000 7610.7529   29.9506
    0.0000   45.0000   37.5000 7856.1978   29.9674
    7.5000   45.0000   37.5000 7558.8721   30.0034
   -7.5000  -45.0000   45.0000 8357.9600   31.8582
    0.0000  -45.0000   45.0000 8759.0664   31.8733
    7.5000  -45.0000   45.0000 8444.9951   31.9158
   -7.5000  -37.5000   45.0000 8775.7910   31.8375
    0.0000  -37.5000   45.0000 9182.2041   31.8367
    7.5000  -37.5000   45.0000 8799.9141   31.8617
   -7.5000  -30.0000   45.0000 9476.9062   31.8214
    0.0000  -30.0000   45.0000 9877.2422   31.8194
    7.5000  -30.0000   45.0000 9458.6904   31.8300
   -7.5000  -22.5000   45.000010084.1064   31.8253
    0.0000  -22.5000   45.000010508.3105   31.8442
    7.5000  -22.5000   45.000010047.7637   31.8644
   -7.5000  -15.0000   45.000010553.9590   31.8355
    0.0000  -15.0000   45.000010969.1123   31.8740
    7.5000  -15.0000   45.000010512.5371   31.9132
   -7.5000   -7.5000   45.000011030.9482   31.8521
    0.0000   -7.5000   45.000011433.0859   31.8857
    7.5000   -7.5000   45.000010980.1885   31.9330
   -7.5000    0.0000   45.000011508.5713   31.8582
    0.0000    0.0000   45.000011944.7021   31.8733
    7.5000    0.0000   45.000011470.4766   31.9158
   -7.5000    7.5000   45.000010971.0586   31.8375
    0.0000    7.5000   45.000011408.1719   31.8367
    7.5000    7.5000   45.000010965.4316   31.8617
   -7.5000   15.0000   45.000010205.6748   31.8214
    0.0000   15.0000   45.000010603.3975   31.8194
    7.5000   15.0000   45.000010176.5400   31.8300
   -7.5000   22.5000   45.0000 9379.3213   31.8105
    0.0000   22.5000   45.0000 9744.1689   31.8295
    7.5000   22.5000   45.0000 9344.9326   31.8497
   -7.5000   30.0000   45.0000 8501.1162   31.4208
    0.0000   30.0000   45.0000 8826.9092   31.4587
    7.5000   30.0000   45.0000 8471.7441   31.4974
   -7.5000   37.5000   45.0000 7942.6309   31.4372
    0.0000   37.5000   45.0000 8220.8691   31.4703
    7.5000   37.5000   45.0000 7879.2676   31.5170
   -7.5000   45.0000   45.0000 7008.9062   30.7216
    0.0000   45.0000   45.0000 7229.6401   30.7361
    7.5000   45.0000   45.0000 6948.1089   30.7771

---------------------------------------------------------------------
imgreg_4dfp /opt/freesurfer/average/711-2C_as_mni_average_305 /opt/freesurfer/average/711-2B_as_mni_average_305_mask talsrcimg_g11 none talsrcimg_to_711-2C_as_mni_average_305_t4 4355
---------------------------------------------------------------------

freesurfer imgreg_4dfp.c
/opt/freesurfer/average/711-2C_as_mni_average_305.4dfp.img
       256       256       256         1
  1.000000  1.000000  1.000000
orientation T byte_order littleendian
Reading image: /opt/freesurfer/average/711-2C_as_mni_average_305.4dfp.img
dimensions:      256       256       256
mmppix:       1.0000   -1.0000   -1.0000
center:     128.0000 -129.0000 -129.0000
/opt/freesurfer/average/711-2B_as_mni_average_305_mask.4dfp.img
       256       256       256         1
  1.000000  1.000000  1.000000
orientation T byte_order littleendian
Reading mask: /opt/freesurfer/average/711-2B_as_mni_average_305_mask.4dfp.img (2306576 pixels)
talsrcimg_g11.4dfp.img
       256       256       256         1
  1.000000  1.000000  1.000000
orientation T byte_order littleendian
Reading image: talsrcimg_g11.4dfp.img
dimensions:      256       256       256
mmppix:       1.0000   -1.0000   -1.0000
center:     128.0000 -129.0000 -129.0000
rotation matrix determinant  1.000000
image alignment mode   4355 decimal     1103 hex
   -7.5000  -45.0000  -45.0000 2263.1853   25.8635
    0.0000  -45.0000  -45.0000 2260.9919   25.7555
    7.5000  -45.0000  -45.0000 2241.3838   26.0025
   -7.5000  -37.5000  -45.0000 2333.8025   24.2196
    0.0000  -37.5000  -45.0000 2328.7490   24.1214
    7.5000  -37.5000  -45.0000 2306.9976   24.3439
   -7.5000  -30.0000  -45.0000 2364.5728   23.1963
    0.0000  -30.0000  -45.0000 2365.2007   23.0721
    7.5000  -30.0000  -45.0000 2345.3933   23.1958
   -7.5000  -22.5000  -45.0000 2384.7791   22.5312
    0.0000  -22.5000  -45.0000 2389.6487   22.3954
    7.5000  -22.5000  -45.0000 2361.6270   22.6095
   -7.5000  -15.0000  -45.0000 2384.2837   22.3323
    0.0000  -15.0000  -45.0000 2392.4368   22.1683
    7.5000  -15.0000  -45.0000 2370.0701   22.5027
   -7.5000   -7.5000  -45.0000 2369.3579   22.6828
    0.0000   -7.5000  -45.0000 2372.7539   22.4827
    7.5000   -7.5000  -45.0000 2352.6108   22.8649
   -7.5000    0.0000  -45.0000 2336.4253   23.3881
    0.0000    0.0000  -45.0000 2342.5342   23.1486
    7.5000    0.0000  -45.0000 2317.9048   23.5482
   -7.5000    7.5000  -45.0000 2293.3049   24.5446
    0.0000    7.5000  -45.0000 2296.2314   24.2847
    7.5000    7.5000  -45.0000 2273.6924   24.6428
   -7.5000   15.0000  -45.0000 2217.6353   26.2275
    0.0000   15.0000  -45.0000 2222.2954   25.9276
    7.5000   15.0000  -45.0000 2198.1208   26.2881
   -7.5000   22.5000  -45.0000 2129.0422   28.4550
    0.0000   22.5000  -45.0000 2130.5120   28.1273
    7.5000   22.5000  -45.0000 2103.4041   28.6258
   -7.5000   30.0000  -45.0000 2011.8446   31.5020
    0.0000   30.0000  -45.0000 2014.2135   31.1124
    7.5000   30.0000  -45.0000 1987.1647   31.6978
   -7.5000   37.5000  -45.0000 1883.4977   35.6116
    0.0000   37.5000  -45.0000 1884.7664   35.1401
    7.5000   37.5000  -45.0000 1867.5710   35.7908
   -7.5000   45.0000  -45.0000 1743.5839   41.0762
    0.0000   45.0000  -45.0000 1743.3862   40.5481
    7.5000   45.0000  -45.0000 1725.4093   41.2751
   -7.5000  -45.0000  -37.5000 2336.0413   24.1726
    0.0000  -45.0000  -37.5000 2339.8362   24.0194
    7.5000  -45.0000  -37.5000 2315.4297   24.2301
   -7.5000  -37.5000  -37.5000 2411.6877   22.5024
    0.0000  -37.5000  -37.5000 2414.3801   22.3594
    7.5000  -37.5000  -37.5000 2387.1646   22.5401
   -7.5000  -30.0000  -37.5000 2451.9153   21.4218
    0.0000  -30.0000  -37.5000 2453.5056   21.2625
    7.5000  -30.0000  -37.5000 2429.0488   21.4449
   -7.5000  -22.5000  -37.5000 2479.6890   20.7874
    0.0000  -22.5000  -37.5000 2481.8862   20.6701
    7.5000  -22.5000  -37.5000 2452.7019   20.8290
   -7.5000  -15.0000  -37.5000 2490.5703   20.6179
    0.0000  -15.0000  -37.5000 2491.5410   20.4638
    7.5000  -15.0000  -37.5000 2469.2710   20.6941
   -7.5000   -7.5000  -37.5000 2474.4111   20.9977
    0.0000   -7.5000  -37.5000 2482.9021   20.8203
    7.5000   -7.5000  -37.5000 2459.4153   21.1001
   -7.5000    0.0000  -37.5000 2439.6121   21.7503
    0.0000    0.0000  -37.5000 2448.7324   21.4740
    7.5000    0.0000  -37.5000 2421.4355   21.7661
   -7.5000    7.5000  -37.5000 2394.4546   22.7886
    0.0000    7.5000  -37.5000 2401.8831   22.5313
    7.5000    7.5000  -37.5000 2371.7500   22.7986
   -7.5000   15.0000  -37.5000 2314.8906   24.3323
    0.0000   15.0000  -37.5000 2323.0208   24.0415
    7.5000   15.0000  -37.5000 2292.1653   24.3209
   -7.5000   22.5000  -37.5000 2215.6389   26.4107
    0.0000   22.5000  -37.5000 2219.8955   26.1022
    7.5000   22.5000  -37.5000 2188.6333   26.4453
   -7.5000   30.0000  -37.5000 2088.1833   29.2327
    0.0000   30.0000  -37.5000 2091.2043   28.9237
    7.5000   30.0000  -37.5000 2064.6440   29.3717
   -7.5000   37.5000  -37.5000 1952.9418   33.1363
    0.0000   37.5000  -37.5000 1958.1600   32.7007
    7.5000   37.5000  -37.5000 1937.3584   33.1852
   -7.5000   45.0000  -37.5000 1809.0300   38.0888
    0.0000   45.0000  -37.5000 1813.6625   37.6246
    7.5000   45.0000  -37.5000 1791.8883   38.1383
   -7.5000  -45.0000  -30.0000 2438.3662   23.3129
    0.0000  -45.0000  -30.0000 2444.7446   23.1260
    7.5000  -45.0000  -30.0000 2413.5422   23.4202
   -7.5000  -37.5000  -30.0000 2521.4036   21.6497
    0.0000  -37.5000  -30.0000 2527.9932   21.4537
    7.5000  -37.5000  -30.0000 2501.9954   21.7273
   -7.5000  -30.0000  -30.0000 2580.3911   20.4433
    0.0000  -30.0000  -30.0000 2586.3416   20.3122
    7.5000  -30.0000  -30.0000 2553.3479   20.5554
   -7.5000  -22.5000  -30.0000 2624.1174   19.8017
    0.0000  -22.5000  -30.0000 2627.1780   19.7088
    7.5000  -22.5000  -30.0000 2591.3970   19.8833
   -7.5000  -15.0000  -30.0000 2638.6487   19.6265
    0.0000  -15.0000  -30.0000 2643.7305   19.4934
    7.5000  -15.0000  -30.0000 2610.3140   19.6824
   -7.5000   -7.5000  -30.0000 2628.0615   20.0450
    0.0000   -7.5000  -30.0000 2633.2791   19.8541
    7.5000   -7.5000  -30.0000 2607.1711   20.0912
   -7.5000    0.0000  -30.0000 2592.5996   20.8542
    0.0000    0.0000  -30.0000 2603.1445   20.5911
    7.5000    0.0000  -30.0000 2572.9893   20.8500
   -7.5000    7.5000  -30.0000 2538.7908   21.9172
    0.0000    7.5000  -30.0000 2549.2617   21.6883
    7.5000    7.5000  -30.0000 2518.6904   21.8788
   -7.5000   15.0000  -30.0000 2451.6062   23.3952
    0.0000   15.0000  -30.0000 2458.4448   23.1059
    7.5000   15.0000  -30.0000 2429.3296   23.3858
   -7.5000   22.5000  -30.0000 2341.9939   25.4318
    0.0000   22.5000  -30.0000 2350.8240   25.1050
    7.5000   22.5000  -30.0000 2318.9556   25.4544
   -7.5000   30.0000  -30.0000 2205.7961   28.2146
    0.0000   30.0000  -30.0000 2213.7173   27.8321
    7.5000   30.0000  -30.0000 2184.5286   28.2708
   -7.5000   37.5000  -30.0000 2051.8218   31.9354
    0.0000   37.5000  -30.0000 2057.9873   31.4678
    7.5000   37.5000  -30.0000 2039.5378   31.9719
   -7.5000   45.0000  -30.0000 1902.2836   36.7070
    0.0000   45.0000  -30.0000 1901.5846   36.1834
    7.5000   45.0000  -30.0000 1885.8611   36.6943
   -7.5000  -45.0000  -22.5000 2513.6040   22.4257
    0.0000  -45.0000  -22.5000 2518.5039   22.2513
    7.5000  -45.0000  -22.5000 2489.6274   22.6319
   -7.5000  -37.5000  -22.5000 2614.7664   20.7543
    0.0000  -37.5000  -22.5000 2621.0498   20.5798
    7.5000  -37.5000  -22.5000 2589.5676   20.8874
   -7.5000  -30.0000  -22.5000 2690.3582   19.5378
    0.0000  -30.0000  -22.5000 2695.6643   19.3838
    7.5000  -30.0000  -22.5000 2662.5371   19.6873
   -7.5000  -22.5000  -22.5000 2740.7500   18.7973
    0.0000  -22.5000  -22.5000 2748.0247   18.6641
    7.5000  -22.5000  -22.5000 2707.3198   18.8811
   -7.5000  -15.0000  -22.5000 2756.4255   18.4871
    0.0000  -15.0000  -22.5000 2766.5776   18.3822
    7.5000  -15.0000  -22.5000 2730.0125   18.6217
   -7.5000   -7.5000  -22.5000 2749.8906   18.9146
    0.0000   -7.5000  -22.5000 2764.0833   18.7355
    7.5000   -7.5000  -22.5000 2734.5283   18.9224
   -7.5000    0.0000  -22.5000 2713.6418   19.7248
    0.0000    0.0000  -22.5000 2725.5430   19.5487
    7.5000    0.0000  -22.5000 2699.4702   19.7115
   -7.5000    7.5000  -22.5000 2654.2773   20.8936
    0.0000    7.5000  -22.5000 2668.6038   20.6761
    7.5000    7.5000  -22.5000 2640.3499   20.8721
   -7.5000   15.0000  -22.5000 2561.7249   22.3415
    0.0000   15.0000  -22.5000 2570.3064   22.0627
    7.5000   15.0000  -22.5000 2543.8298   22.3116
   -7.5000   22.5000  -22.5000 2433.4514   24.3497
    0.0000   22.5000  -22.5000 2444.7930   24.0545
    7.5000   22.5000  -22.5000 2415.3782   24.4175
   -7.5000   30.0000  -22.5000 2295.3994   27.0546
    0.0000   30.0000  -22.5000 2305.3215   26.7773
    7.5000   30.0000  -22.5000 2276.0339   27.2113
   -7.5000   37.5000  -22.5000 2132.9109   30.5350
    0.0000   37.5000  -22.5000 2142.0608   30.2685
    7.5000   37.5000  -22.5000 2124.3862   30.6680
   -7.5000   45.0000  -22.5000 1967.1166   35.0984
    0.0000   45.0000  -22.5000 1972.7107   34.7095
    7.5000   45.0000  -22.5000 1957.3011   35.2121
   -7.5000  -45.0000  -15.0000 2559.2444   21.7102
    0.0000  -45.0000  -15.0000 2558.0266   21.5191
    7.5000  -45.0000  -15.0000 2538.0591   21.9045
   -7.5000  -37.5000  -15.0000 2670.0378   20.0083
    0.0000  -37.5000  -15.0000 2667.6919   19.8247
    7.5000  -37.5000  -15.0000 2647.5999   20.1946
   -7.5000  -30.0000  -15.0000 2757.6448   18.7501
    0.0000  -30.0000  -15.0000 2761.8264   18.5487
    7.5000  -30.0000  -15.0000 2733.5181   18.9424
   -7.5000  -22.5000  -15.0000 2823.7749   17.9309
    0.0000  -22.5000  -15.0000 2840.2373   17.7781
    7.5000  -22.5000  -15.0000 2794.5508   18.0940
   -7.5000  -15.0000  -15.0000 2856.1226   17.5263
    0.0000  -15.0000  -15.0000 2870.7073   17.4435
    7.5000  -15.0000  -15.0000 2831.4355   17.7540
   -7.5000   -7.5000  -15.0000 2852.0325   17.9210
    0.0000   -7.5000  -15.0000 2868.9822   17.7641
    7.5000   -7.5000  -15.0000 2838.3855   18.0162
   -7.5000    0.0000  -15.0000 2807.5769   18.7333
    0.0000    0.0000  -15.0000 2820.6909   18.5519
    7.5000    0.0000  -15.0000 2795.7322   18.7531
   -7.5000    7.5000  -15.0000 2729.9463   19.8836
    0.0000    7.5000  -15.0000 2747.9565   19.6626
    7.5000    7.5000  -15.0000 2723.8843   19.9338
   -7.5000   15.0000  -15.0000 2627.2205   21.4442
    0.0000   15.0000  -15.0000 2642.1353   21.1500
    7.5000   15.0000  -15.0000 2611.3416   21.4809
   -7.5000   22.5000  -15.0000 2494.4143   23.4501
    0.0000   22.5000  -15.0000 2503.5635   23.2091
    7.5000   22.5000  -15.0000 2474.3655   23.5741
   -7.5000   30.0000  -15.0000 2349.2795   26.0485
    0.0000   30.0000  -15.0000 2356.2261   25.8429
    7.5000   30.0000  -15.0000 2327.5835   26.2595
   -7.5000   37.5000  -15.0000 2183.0684   29.3854
    0.0000   37.5000  -15.0000 2191.3201   29.1601
    7.5000   37.5000  -15.0000 2169.3958   29.5566
   -7.5000   45.0000  -15.0000 2005.7899   33.8655
    0.0000   45.0000  -15.0000 2019.3826   33.4746
    7.5000   45.0000  -15.0000 1996.1659   33.9001
   -7.5000  -45.0000   -7.5000 2577.6482   21.1794
    0.0000  -45.0000   -7.5000 2577.8530   20.9173
    7.5000  -45.0000   -7.5000 2557.0796   21.3314
   -7.5000  -37.5000   -7.5000 2695.2507   19.4562
    0.0000  -37.5000   -7.5000 2695.4753   19.1782
    7.5000  -37.5000   -7.5000 2673.4905   19.6020
   -7.5000  -30.0000   -7.5000 2798.9185   18.2067
    0.0000  -30.0000   -7.5000 2801.4319   17.9491
    7.5000  -30.0000   -7.5000 2772.0293   18.3417
   -7.5000  -22.5000   -7.5000 2888.6255   17.3811
    0.0000  -22.5000   -7.5000 2903.2495   17.1647
    7.5000  -22.5000   -7.5000 2853.5347   17.5270
   -7.5000  -15.0000   -7.5000 2932.1580   16.8621
    0.0000  -15.0000   -7.5000 2952.1831   16.7038
    7.5000  -15.0000   -7.5000 2906.0872   17.2166
   -7.5000   -7.5000   -7.5000 2919.8782   17.1903
    0.0000   -7.5000   -7.5000 2946.5332   16.9651
    7.5000   -7.5000   -7.5000 2908.8076   17.4146
   -7.5000    0.0000   -7.5000 2863.1128   18.0339
    0.0000    0.0000   -7.5000 2892.7939   17.7650
    7.5000    0.0000   -7.5000 2856.4197   18.1139
   -7.5000    7.5000   -7.5000 2777.6931   19.2072
    0.0000    7.5000   -7.5000 2804.3979   18.9637
    7.5000    7.5000   -7.5000 2773.0139   19.2787
   -7.5000   15.0000   -7.5000 2662.5662   20.7529
    0.0000   15.0000   -7.5000 2682.5823   20.5409
    7.5000   15.0000   -7.5000 2654.8242   20.8076
   -7.5000   22.5000   -7.5000 2529.2952   22.8024
    0.0000   22.5000   -7.5000 2542.6526   22.6007
    7.5000   22.5000   -7.5000 2513.6670   22.9306
   -7.5000   30.0000   -7.5000 2376.1370   25.3688
    0.0000   30.0000   -7.5000 2386.8965   25.1832
    7.5000   30.0000   -7.5000 2361.1533   25.5974
   -7.5000   37.5000   -7.5000 2207.7834   28.6249
    0.0000   37.5000   -7.5000 2213.1599   28.3525
    7.5000   37.5000   -7.5000 2193.9966   28.8793
   -7.5000   45.0000   -7.5000 2028.0830   32.8601
    0.0000   45.0000   -7.5000 2042.4536   32.3716
    7.5000   45.0000   -7.5000 2017.7208   32.9418
   -7.5000  -45.0000    0.0000 2573.4829   21.0626
    0.0000  -45.0000    0.0000 2578.7000   20.6384
    7.5000  -45.0000    0.0000 2562.2063   21.1131
   -7.5000  -37.5000    0.0000 2699.4404   19.3014
    0.0000  -37.5000    0.0000 2706.8486   18.8726
    7.5000  -37.5000    0.0000 2678.5103   19.3482
   -7.5000  -30.0000    0.0000 2806.8381   18.0391
    0.0000  -30.0000    0.0000 2816.8643   17.6096
    7.5000  -30.0000    0.0000 2784.2830   18.0466
   -7.5000  -22.5000    0.0000 2908.6692   17.2946
    0.0000  -22.5000    0.0000 2926.3167   16.9115
    7.5000  -22.5000    0.0000 2877.9377   17.2763
   -7.5000  -15.0000    0.0000 2962.8821   16.7506
    0.0000  -15.0000    0.0000 2980.5259   16.3528
    7.5000  -15.0000    0.0000 2933.6853   16.9413
   -7.5000   -7.5000    0.0000 2944.9368   16.9496
    0.0000   -7.5000    0.0000 2964.2246   16.5260
    7.5000   -7.5000    0.0000 2927.6550   16.9998
   -7.5000    0.0000    0.0000 2879.5540   17.8038
    0.0000    0.0000    0.0000 2905.4329   17.4711
    7.5000    0.0000    0.0000 2874.6885   17.7326
   -7.5000    7.5000    0.0000 2790.2317   18.8767
    0.0000    7.5000    0.0000 2811.8071   18.6124
    7.5000    7.5000    0.0000 2786.9917   18.9118
   -7.5000   15.0000    0.0000 2670.2957   20.4604
    0.0000   15.0000    0.0000 2685.6621   20.1965
    7.5000   15.0000    0.0000 2663.4966   20.4906
   -7.5000   22.5000    0.0000 2536.3857   22.5691
    0.0000   22.5000    0.0000 2548.1074   22.2706
    7.5000   22.5000    0.0000 2525.3867   22.6368
   -7.5000   30.0000    0.0000 2379.8606   25.1712
    0.0000   30.0000    0.0000 2391.3157   24.8561
    7.5000   30.0000    0.0000 2367.3213   25.2927
   -7.5000   37.5000    0.0000 2212.8123   28.3808
    0.0000   37.5000    0.0000 2223.9697   28.0610
    7.5000   37.5000    0.0000 2210.6121   28.5420
   -7.5000   45.0000    0.0000 2036.5269   32.3950
    0.0000   45.0000    0.0000 2045.2808   31.9439
    7.5000   45.0000    0.0000 2027.2042   32.4947
   -7.5000  -45.0000    7.5000 2556.4390   21.1747
    0.0000  -45.0000    7.5000 2572.4026   20.7221
    7.5000  -45.0000    7.5000 2552.7520   21.1474
   -7.5000  -37.5000    7.5000 2679.4355   19.4349
    0.0000  -37.5000    7.5000 2694.0547   18.9583
    7.5000  -37.5000    7.5000 2667.9841   19.3986
   -7.5000  -30.0000    7.5000 2784.7666   18.1578
    0.0000  -30.0000    7.5000 2800.5271   17.7167
    7.5000  -30.0000    7.5000 2773.7437   18.1370
   -7.5000  -22.5000    7.5000 2884.3999   17.4682
    0.0000  -22.5000    7.5000 2905.8591   17.0325
    7.5000  -22.5000    7.5000 2867.7646   17.4126
   -7.5000  -15.0000    7.5000 2936.0042   17.1704
    0.0000  -15.0000    7.5000 2950.2141   16.6386
    7.5000  -15.0000    7.5000 2913.2510   17.1022
   -7.5000   -7.5000    7.5000 2925.3320   17.3275
    0.0000   -7.5000    7.5000 2945.9399   16.8689
    7.5000   -7.5000    7.5000 2916.8689   17.2451
   -7.5000    0.0000    7.5000 2863.8691   17.9570
    0.0000    0.0000    7.5000 2891.8577   17.6120
    7.5000    0.0000    7.5000 2868.7546   17.9212
   -7.5000    7.5000    7.5000 2776.5383   19.0220
    0.0000    7.5000    7.5000 2798.5078   18.7189
    7.5000    7.5000    7.5000 2779.6038   19.0385
   -7.5000   15.0000    7.5000 2661.0925   20.5483
    0.0000   15.0000    7.5000 2677.7791   20.3203
    7.5000   15.0000    7.5000 2658.6611   20.5762
   -7.5000   22.5000    7.5000 2523.8577   22.5333
    0.0000   22.5000    7.5000 2541.6790   22.3220
    7.5000   22.5000    7.5000 2519.1965   22.6570
   -7.5000   30.0000    7.5000 2367.9546   25.1483
    0.0000   30.0000    7.5000 2382.9333   24.9035
    7.5000   30.0000    7.5000 2364.1802   25.2575
   -7.5000   37.5000    7.5000 2200.8501   28.3981
    0.0000   37.5000    7.5000 2210.5422   28.0782
    7.5000   37.5000    7.5000 2201.5854   28.4794
   -7.5000   45.0000    7.5000 2025.8779   32.4007
    0.0000   45.0000    7.5000 2037.8193   31.9327
    7.5000   45.0000    7.5000 2016.7478   32.3792
   -7.5000  -45.0000   15.0000 2520.2166   21.6868
    0.0000  -45.0000   15.0000 2543.3782   21.2472
    7.5000  -45.0000   15.0000 2526.2241   21.6625
   -7.5000  -37.5000   15.0000 2636.5225   19.9894
    0.0000  -37.5000   15.0000 2658.0112   19.5485
    7.5000  -37.5000   15.0000 2639.2922   19.9412
   -7.5000  -30.0000   15.0000 2736.4719   18.7521
    0.0000  -30.0000   15.0000 2757.5420   18.3591
    7.5000  -30.0000   15.0000 2740.2502   18.7370
   -7.5000  -22.5000   15.0000 2823.5554   17.9920
    0.0000  -22.5000   15.0000 2852.5374   17.5344
    7.5000  -22.5000   15.0000 2821.7554   17.9301
   -7.5000  -15.0000   15.0000 2866.4353   17.6103
    0.0000  -15.0000   15.0000 2887.6436   17.2199
    7.5000  -15.0000   15.0000 2861.3906   17.6268
   -7.5000   -7.5000   15.0000 2861.2529   17.8809
    0.0000   -7.5000   15.0000 2887.2014   17.4880
    7.5000   -7.5000   15.0000 2863.2334   17.7953
   -7.5000    0.0000   15.0000 2807.8542   18.6072
    0.0000    0.0000   15.0000 2830.8931   18.2175
    7.5000    0.0000   15.0000 2806.8020   18.4776
   -7.5000    7.5000   15.0000 2728.2495   19.6199
    0.0000    7.5000   15.0000 2748.4480   19.3372
    7.5000    7.5000   15.0000 2727.7957   19.5324
   -7.5000   15.0000   15.0000 2620.0723   21.0532
    0.0000   15.0000   15.0000 2640.1445   20.7644
    7.5000   15.0000   15.0000 2615.4241   20.9973
   -7.5000   22.5000   15.0000 2494.3037   22.9381
    0.0000   22.5000   15.0000 2510.3999   22.6740
    7.5000   22.5000   15.0000 2490.3154   23.0501
   -7.5000   30.0000   15.0000 2345.5376   25.4499
    0.0000   30.0000   15.0000 2359.1934   25.1458
    7.5000   30.0000   15.0000 2340.1599   25.5381
   -7.5000   37.5000   15.0000 2173.4216   28.6665
    0.0000   37.5000   15.0000 2188.5505   28.2876
    7.5000   37.5000   15.0000 2180.5891   28.7429
   -7.5000   45.0000   15.0000 2005.3042   32.7397
    0.0000   45.0000   15.0000 2014.6245   32.2005
    7.5000   45.0000   15.0000 1999.2382   32.7033
   -7.5000  -45.0000   22.5000 2472.1101   22.6040
    0.0000  -45.0000   22.5000 2501.6079   22.1668
    7.5000  -45.0000   22.5000 2483.2690   22.5550
   -7.5000  -37.5000   22.5000 2583.0945   20.8953
    0.0000  -37.5000   22.5000 2611.7346   20.4964
    7.5000  -37.5000   22.5000 2598.7236   20.8312
   -7.5000  -30.0000   22.5000 2680.8862   19.6248
    0.0000  -30.0000   22.5000 2710.3474   19.2181
    7.5000  -30.0000   22.5000 2696.3862   19.5473
   -7.5000  -22.5000   22.5000 2750.3701   18.7951
    0.0000  -22.5000   22.5000 2784.6311   18.3408
    7.5000  -22.5000   22.5000 2757.4949   18.7423
   -7.5000  -15.0000   22.5000 2787.3181   18.3692
    0.0000  -15.0000   22.5000 2812.1956   18.0653
    7.5000  -15.0000   22.5000 2788.5488   18.4435
   -7.5000   -7.5000   22.5000 2783.6694   18.5970
    0.0000   -7.5000   22.5000 2807.4497   18.2607
    7.5000   -7.5000   22.5000 2792.2832   18.5579
   -7.5000    0.0000   22.5000 2730.1011   19.3576
    0.0000    0.0000   22.5000 2748.7856   18.9677
    7.5000    0.0000   22.5000 2738.7136   19.2547
   -7.5000    7.5000   22.5000 2656.9248   20.3978
    0.0000    7.5000   22.5000 2675.5349   20.0069
    7.5000    7.5000   22.5000 2663.4094   20.2598
   -7.5000   15.0000   22.5000 2556.6340   21.8175
    0.0000   15.0000   22.5000 2576.7700   21.4772
    7.5000   15.0000   22.5000 2553.2173   21.6854
   -7.5000   22.5000   22.5000 2441.1101   23.6234
    0.0000   22.5000   22.5000 2459.0024   23.3154
    7.5000   22.5000   22.5000 2439.1775   23.6074
   -7.5000   30.0000   22.5000 2306.7529   25.9961
    0.0000   30.0000   22.5000 2311.6692   25.7017
    7.5000   30.0000   22.5000 2295.9961   26.0643
   -7.5000   37.5000   22.5000 2142.4944   29.1698
    0.0000   37.5000   22.5000 2154.2490   28.8357
    7.5000   37.5000   22.5000 2144.1428   29.2347
   -7.5000   45.0000   22.5000 1971.0825   33.2867
    0.0000   45.0000   22.5000 1986.0680   32.7482
    7.5000   45.0000   22.5000 1979.2969   33.2490
   -7.5000  -45.0000   30.0000 2414.6152   23.7410
    0.0000  -45.0000   30.0000 2448.4229   23.4187
    7.5000  -45.0000   30.0000 2432.3120   23.7104
   -7.5000  -37.5000   30.0000 2521.7310   22.0315
    0.0000  -37.5000   30.0000 2556.0664   21.6833
    7.5000  -37.5000   30.0000 2541.2812   21.9934
   -7.5000  -30.0000   30.0000 2617.4165   20.7917
    0.0000  -30.0000   30.0000 2646.6753   20.3673
    7.5000  -30.0000   30.0000 2630.5227   20.6892
   -7.5000  -22.5000   30.0000 2676.0840   19.8958
    0.0000  -22.5000   30.0000 2704.3003   19.5707
    7.5000  -22.5000   30.0000 2684.3799   19.8911
   -7.5000  -15.0000   30.0000 2700.8477   19.5117
    0.0000  -15.0000   30.0000 2718.7324   19.2115
    7.5000  -15.0000   30.0000 2700.0908   19.5321
   -7.5000   -7.5000   30.0000 2692.3125   19.6730
    0.0000   -7.5000   30.0000 2710.8130   19.3233
    7.5000   -7.5000   30.0000 2698.7854   19.5955
   -7.5000    0.0000   30.0000 2638.1194   20.4048
    0.0000    0.0000   30.0000 2653.0427   20.0272
    7.5000    0.0000   30.0000 2646.5046   20.2696
   -7.5000    7.5000   30.0000 2567.3635   21.3764
    0.0000    7.5000   30.0000 2588.1628   20.9939
    7.5000    7.5000   30.0000 2576.0684   21.2703
   -7.5000   15.0000   30.0000 2476.8835   22.7589
    0.0000   15.0000   30.0000 2497.7063   22.3802
    7.5000   15.0000   30.0000 2477.4731   22.6441
   -7.5000   22.5000   30.0000 2373.3193   24.6166
    0.0000   22.5000   30.0000 2387.2544   24.2684
    7.5000   22.5000   30.0000 2365.9934   24.5659
   -7.5000   30.0000   30.0000 2237.8508   26.9720
    0.0000   30.0000   30.0000 2252.1045   26.6262
    7.5000   30.0000   30.0000 2232.1025   26.9874
   -7.5000   37.5000   30.0000 2089.5706   30.0822
    0.0000   37.5000   30.0000 2101.7102   29.6849
    7.5000   37.5000   30.0000 2084.9092   30.0612
   -7.5000   45.0000   30.0000 1929.3344   34.3294
    0.0000   45.0000   30.0000 1935.1296   33.7070
    7.5000   45.0000   30.0000 1927.9198   34.1497
   -7.5000  -45.0000   37.5000 2352.9734   25.3049
    0.0000  -45.0000   37.5000 2388.4824   25.0156
    7.5000  -45.0000   37.5000 2379.2300   25.2552
   -7.5000  -37.5000   37.5000 2458.4561   23.5619
    0.0000  -37.5000   37.5000 2494.0046   23.1931
    7.5000  -37.5000   37.5000 2483.2793   23.4771
   -7.5000  -30.0000   37.5000 2543.1726   22.2809
    0.0000  -30.0000   37.5000 2576.1116   21.9270
    7.5000  -30.0000   37.5000 2560.5012   22.1873
   -7.5000  -22.5000   37.5000 2595.0774   21.3697
    0.0000  -22.5000   37.5000 2621.5837   21.0960
    7.5000  -22.5000   37.5000 2605.8423   21.3813
   -7.5000  -15.0000   37.5000 2604.6313   20.9516
    0.0000  -15.0000   37.5000 2625.9800   20.6539
    7.5000  -15.0000   37.5000 2607.8840   20.9465
   -7.5000   -7.5000   37.5000 2589.4138   21.0957
    0.0000   -7.5000   37.5000 2606.1704   20.7315
    7.5000   -7.5000   37.5000 2595.4146   20.9689
   -7.5000    0.0000   37.5000 2548.6965   21.8150
    0.0000    0.0000   37.5000 2560.8972   21.4440
    7.5000    0.0000   37.5000 2553.3528   21.6471
   -7.5000    7.5000   37.5000 2482.8845   22.7841
    0.0000    7.5000   37.5000 2503.8997   22.4130
    7.5000    7.5000   37.5000 2496.1067   22.6251
   -7.5000   15.0000   37.5000 2401.4841   24.1292
    0.0000   15.0000   37.5000 2420.4783   23.7562
    7.5000   15.0000   37.5000 2400.7603   23.9688
   -7.5000   22.5000   37.5000 2293.3931   25.9215
    0.0000   22.5000   37.5000 2310.5156   25.6002
    7.5000   22.5000   37.5000 2295.5203   25.8246
   -7.5000   30.0000   37.5000 2161.0112   28.3805
    0.0000   30.0000   37.5000 2173.7371   28.0367
    7.5000   30.0000   37.5000 2162.3257   28.3644
   -7.5000   37.5000   37.5000 2026.1565   31.6942
    0.0000   37.5000   37.5000 2030.0448   31.2512
    7.5000   37.5000   37.5000 2022.2784   31.6342
   -7.5000   45.0000   37.5000 1870.2955   35.7885
    0.0000   45.0000   37.5000 1877.4480   35.1692
    7.5000   45.0000   37.5000 1876.7786   35.6330
   -7.5000  -45.0000   45.0000 2277.1094   27.2375
    0.0000  -45.0000   45.0000 2312.1877   26.9420
    7.5000  -45.0000   45.0000 2314.8010   27.1803
   -7.5000  -37.5000   45.0000 2374.1799   25.4298
    0.0000  -37.5000   45.0000 2411.2466   25.0441
    7.5000  -37.5000   45.0000 2409.9373   25.2721
   -7.5000  -30.0000   45.0000 2451.8940   24.0888
    0.0000  -30.0000   45.0000 2484.4497   23.7683
    7.5000  -30.0000   45.0000 2477.5439   24.0383
   -7.5000  -22.5000   45.0000 2497.1223   23.1873
    0.0000  -22.5000   45.0000 2524.6184   22.9184
    7.5000  -22.5000   45.0000 2512.6870   23.1437
   -7.5000  -15.0000   45.0000 2498.0645   22.7734
    0.0000  -15.0000   45.0000 2522.7764   22.4604
    7.5000  -15.0000   45.0000 2505.8584   22.7275
   -7.5000   -7.5000   45.0000 2485.7710   22.8019
    0.0000   -7.5000   45.0000 2500.3386   22.4771
    7.5000   -7.5000   45.0000 2489.2888   22.7111
   -7.5000    0.0000   45.0000 2441.6750   23.5375
    0.0000    0.0000   45.0000 2458.2275   23.1661
    7.5000    0.0000   45.0000 2448.7646   23.3501
   -7.5000    7.5000   45.0000 2387.1794   24.5240
    0.0000    7.5000   45.0000 2406.5830   24.1074
    7.5000    7.5000   45.0000 2400.6904   24.2545
   -7.5000   15.0000   45.0000 2312.9304   25.8690
    0.0000   15.0000   45.0000 2330.1648   25.4971
    7.5000   15.0000   45.0000 2317.7012   25.6576
   -7.5000   22.5000   45.0000 2210.1382   27.6907
    0.0000   22.5000   45.0000 2226.3254   27.3697
    7.5000   22.5000   45.0000 2217.6174   27.5874
   -7.5000   30.0000   45.0000 2083.5781   30.2577
    0.0000   30.0000   45.0000 2094.4468   29.9534
    7.5000   30.0000   45.0000 2086.3025   30.2730
   -7.5000   37.5000   45.0000 1953.6461   33.6103
    0.0000   37.5000   45.0000 1958.2675   33.2247
    7.5000   37.5000   45.0000 1953.9969   33.6195
   -7.5000   45.0000   45.0000 1812.1564   38.0312
    0.0000   45.0000   45.0000 1813.0186   37.4655
    7.5000   45.0000   45.0000 1809.6013   37.9476

---------------------------------------------------------------------
imgreg_4dfp /opt/freesurfer/average/711-2C_as_mni_average_305 /opt/freesurfer/average/711-2B_as_mni_average_305_mask talsrcimg_g11 none talsrcimg_to_711-2C_as_mni_average_305_t4 1283
---------------------------------------------------------------------

freesurfer imgreg_4dfp.c
/opt/freesurfer/average/711-2C_as_mni_average_305.4dfp.img
       256       256       256         1
  1.000000  1.000000  1.000000
orientation T byte_order littleendian
Reading image: /opt/freesurfer/average/711-2C_as_mni_average_305.4dfp.img
dimensions:      256       256       256
mmppix:       1.0000   -1.0000   -1.0000
center:     128.0000 -129.0000 -129.0000
/opt/freesurfer/average/711-2B_as_mni_average_305_mask.4dfp.img
       256       256       256         1
  1.000000  1.000000  1.000000
orientation T byte_order littleendian
Reading mask: /opt/freesurfer/average/711-2B_as_mni_average_305_mask.4dfp.img (2306576 pixels)
talsrcimg_g11.4dfp.img
       256       256       256         1
  1.000000  1.000000  1.000000
orientation T byte_order littleendian
Reading image: talsrcimg_g11.4dfp.img
dimensions:      256       256       256
mmppix:       1.0000   -1.0000   -1.0000
center:     128.0000 -129.0000 -129.0000
rotation matrix determinant  1.000000
fimgreg.f
image alignment mode   1283 decimal      503 hex
parameters
    0.0000  -15.0000    0.0000    0.0000    0.0000    0.0000
eta,q 0.93721 16.32671
niter,ni,del,rscale     5    3   12.0000    1.2000
parameter  5  0.520404 ->  0.500000 qaram    1.1500
parameters
   -1.1984  -13.4088    0.1566   -1.0317   -3.4500    1.1955
eta,q 0.93768 16.08656
  0.0733  0.0745  0.0694  0.0660  0.0631  0.0679
  0.0685  0.0696  0.0691  0.0635  0.0632  0.0663
  0.0649  0.0652  0.0669  0.0630  0.0635  0.0647
  0.0662  0.0645  0.0638  0.0634  0.0633  0.0633
  0.0705  0.0641  0.0637  0.0641  0.0651  0.0618
  0.0751  0.0643  0.0665  0.0656  0.0694  0.0628
  0.0793  0.0673  0.0713  0.0686  0.0734  0.0662
niter,ni,del,rscale     5    3   12.0000    1.2000
parameters
    0.0486  -12.3871   -0.9162   -2.8096   -5.7580    1.4320
eta,q 0.94213 16.06632
  0.0700  0.0735  0.0658  0.0634  0.0617  0.0669
  0.0668  0.0691  0.0651  0.0594  0.0588  0.0638
  0.0643  0.0644  0.0620  0.0592  0.0579  0.0598
  0.0623  0.0620  0.0614  0.0612  0.0594  0.0579
  0.0622  0.0613  0.0637  0.0624  0.0619  0.0592
  0.0636  0.0641  0.0673  0.0650  0.0645  0.0630
  0.0658  0.0684  0.0712  0.0676  0.0671  0.0657
niter,ni,del,rscale     4    3   12.0000    1.2000
parameters
    0.6838  -11.7143   -1.3791   -3.4045   -6.0408    1.5313
eta,q 0.94221 16.07027
  0.0667  0.0729  0.0650  0.0636  0.0641  0.0664
  0.0633  0.0676  0.0636  0.0607  0.0607  0.0621
  0.0601  0.0606  0.0610  0.0579  0.0580  0.0587
  0.0579  0.0578  0.0580  0.0584  0.0579  0.0578
  0.0587  0.0597  0.0593  0.0606  0.0594  0.0595
  0.0611  0.0640  0.0643  0.0622  0.0617  0.0626
  0.0640  0.0674  0.0692  0.0653  0.0646  0.0650
niter,ni,del,rscale     3    3   12.0000    1.2000
parameters
    0.5613  -11.3108   -1.6013   -3.9092   -6.1341    1.6262
eta,q 0.94193 16.07225
  0.0647  0.0716  0.0652  0.0636  0.0643  0.0661
  0.0615  0.0659  0.0636  0.0613  0.0608  0.0617
  0.0587  0.0593  0.0612  0.0586  0.0583  0.0586
  0.0578  0.0578  0.0581  0.0583  0.0581  0.0580
  0.0593  0.0609  0.0586  0.0606  0.0593  0.0597
  0.0617  0.0651  0.0629  0.0624  0.0614  0.0624
  0.0652  0.0671  0.0684  0.0652  0.0641  0.0647
niter,ni,del,rscale     2    3   12.0000    1.2000
parameters
    0.4574  -10.9820   -1.7906   -4.3008   -6.2632    1.6760
eta,q 0.94147 16.07769
  0.0646  0.0708  0.0651  0.0639  0.0642  0.0659
  0.0614  0.0650  0.0636  0.0620  0.0609  0.0615
  0.0589  0.0588  0.0614  0.0594  0.0586  0.0588
  0.0581  0.0581  0.0584  0.0587  0.0586  0.0585
  0.0595  0.0617  0.0586  0.0605  0.0596  0.0601
  0.0617  0.0651  0.0626  0.0627  0.0616  0.0624
  0.0650  0.0664  0.0682  0.0654  0.0641  0.0645
niter,ni,del,rscale     1    3   12.0000    1.2000
parameters
    0.3874  -10.6982   -1.9138   -4.6491   -6.3976    1.6977
eta,q 0.94098 16.08375
  0.0648  0.0700  0.0652  0.0641  0.0644  0.0657
  0.0616  0.0642  0.0637  0.0624  0.0613  0.0616
  0.0594  0.0587  0.0616  0.0600  0.0591  0.0591
  0.0585  0.0585  0.0589  0.0590  0.0590  0.0590
  0.0598  0.0623  0.0589  0.0604  0.0601  0.0605
  0.0619  0.0648  0.0625  0.0628  0.0619  0.0625
  0.0649  0.0659  0.0678  0.0656  0.0643  0.0645
registration optimization eta report
parameter search radius
    6.0000    6.0000    6.0000    6.0000    6.9000    6.0000
100000*second partial in parameter space
       17.       25.       20.       15.       11.       17.
  0.0648  0.0700  0.0652  0.0641  0.0644  0.0657
  0.0616  0.0642  0.0637  0.0624  0.0613  0.0616
  0.0594  0.0587  0.0616  0.0600  0.0591  0.0591
  0.0585  0.0585  0.0589  0.0590  0.0590  0.0590
  0.0598  0.0623  0.0589  0.0604  0.0601  0.0605
  0.0619  0.0648  0.0625  0.0628  0.0619  0.0625
  0.0649  0.0659  0.0678  0.0656  0.0643  0.0645
    0.3874  -10.6982   -1.9138   -4.6491   -6.3976    1.6977
eta,q 0.94098 16.08375

---------------------------------------------------------------------
imgreg_4dfp /opt/freesurfer/average/711-2C_as_mni_average_305 /opt/freesurfer/average/711-2B_as_mni_average_305_mask talsrcimg_g11 none talsrcimg_to_711-2C_as_mni_average_305_t4 3335
---------------------------------------------------------------------

freesurfer imgreg_4dfp.c
/opt/freesurfer/average/711-2C_as_mni_average_305.4dfp.img
       256       256       256         1
  1.000000  1.000000  1.000000
orientation T byte_order littleendian
Reading image: /opt/freesurfer/average/711-2C_as_mni_average_305.4dfp.img
dimensions:      256       256       256
mmppix:       1.0000   -1.0000   -1.0000
center:     128.0000 -129.0000 -129.0000
/opt/freesurfer/average/711-2B_as_mni_average_305_mask.4dfp.img
       256       256       256         1
  1.000000  1.000000  1.000000
orientation T byte_order littleendian
Reading mask: /opt/freesurfer/average/711-2B_as_mni_average_305_mask.4dfp.img (2306576 pixels)
talsrcimg_g11.4dfp.img
       256       256       256         1
  1.000000  1.000000  1.000000
orientation T byte_order littleendian
Reading image: talsrcimg_g11.4dfp.img
dimensions:      256       256       256
mmppix:       1.0000   -1.0000   -1.0000
center:     128.0000 -129.0000 -129.0000
fimgreg.f
image alignment mode   3335 decimal      D07 hex
parameters
    0.3874  -10.6982   -1.9138   -0.6664   -0.3995   -0.9497
   -3.8556   10.8611    2.9442    8.4307  -11.1427   -8.0548
eta,q 0.94311 16.17677
niter,ni,del,rscale     5    3    5.0000    1.2000
parameter  2  1.780262 ->  0.500000 qaram    1.1500
parameter  4  2.973107 ->  0.500000 qaram    1.1500
parameter  5  4.892736 ->  0.500000 qaram    1.1500
parameter  6  1.346616 ->  0.500000 qaram    1.1500
parameters
    0.4894  -12.0782   -2.0885   -4.8064   -4.5395   -5.0897
   -2.1111   10.8811    1.6522    7.0318  -10.3548   -5.1478
eta,q 0.96538 15.82609
  0.0585  0.0560  0.0574  0.0460  0.0375  0.0346  0.0395  0.0397  0.0364  0.0373  0.0375  0.0394
  0.0576  0.0560  0.0566  0.0486  0.0405  0.0350  0.0376  0.0375  0.0356  0.0356  0.0362  0.0374
  0.0570  0.0564  0.0561  0.0520  0.0446  0.0375  0.0362  0.0359  0.0352  0.0350  0.0354  0.0359
  0.0569  0.0569  0.0561  0.0561  0.0495  0.0415  0.0355  0.0353  0.0353  0.0352  0.0350  0.0349
  0.0571  0.0575  0.0564  0.0606  0.0547  0.0468  0.0353  0.0358  0.0358  0.0360  0.0351  0.0346
  0.0575  0.0580  0.0569  0.0654  0.0599  0.0523  0.0358  0.0373  0.0365  0.0375  0.0356  0.0348
  0.0582  0.0585  0.0577  0.0703  0.0644  0.0576  0.0369  0.0397  0.0375  0.0397  0.0366  0.0354
niter,ni,del,rscale     7    3    5.0000    1.2000
parameter  2 -0.719125 -> -0.500000 qaram    1.3225
parameter  4  0.804137 ->  0.500000 qaram    1.3225
parameter  5  1.069727 ->  0.500000 qaram    1.3225
parameters
    0.7246  -10.4912   -1.5462   -9.5674   -9.3005   -7.6851
   -0.4207   11.3238    2.9731    7.7055  -12.1322   -6.2517
eta,q 0.97577 15.45779
  0.0381  0.0415  0.0371  0.0296  0.0238  0.0272  0.0289  0.0288  0.0279  0.0281  0.0252  0.0256
  0.0363  0.0387  0.0352  0.0290  0.0241  0.0260  0.0270  0.0267  0.0263  0.0262  0.0245  0.0248
  0.0351  0.0364  0.0337  0.0299  0.0256  0.0248  0.0255  0.0252  0.0251  0.0250  0.0243  0.0243
  0.0346  0.0346  0.0330  0.0328  0.0291  0.0244  0.0247  0.0246  0.0245  0.0245  0.0244  0.0243
  0.0347  0.0334  0.0329  0.0371  0.0344  0.0268  0.0246  0.0247  0.0245  0.0245  0.0249  0.0247
  0.0355  0.0329  0.0334  0.0421  0.0399  0.0318  0.0251  0.0258  0.0251  0.0253  0.0256  0.0256
  0.0370  0.0334  0.0346  0.0478  0.0452  0.0376  0.0263  0.0281  0.0261  0.0270  0.0266  0.0268
niter,ni,del,rscale     7    3    5.0000    1.2000
parameter  2 -0.556209 -> -0.500000 qaram    1.5209
parameters
    0.7889   -8.6662   -1.5894  -11.4333  -12.2430   -8.1503
   -1.2386   11.4492    3.5553   10.6845  -13.3181   -8.8665
eta,q 0.97862 15.25718
  0.0276  0.0341  0.0247  0.0264  0.0263  0.0263  0.0247  0.0257  0.0254  0.0284  0.0226  0.0222
  0.0258  0.0298  0.0235  0.0248  0.0239  0.0248  0.0234  0.0238  0.0240  0.0262  0.0219  0.0216
  0.0247  0.0265  0.0228  0.0234  0.0224  0.0236  0.0226  0.0228  0.0230  0.0241  0.0216  0.0214
  0.0242  0.0242  0.0226  0.0226  0.0229  0.0224  0.0226  0.0225  0.0225  0.0225  0.0218  0.0217
  0.0245  0.0229  0.0228  0.0237  0.0259  0.0219  0.0232  0.0227  0.0226  0.0218  0.0221  0.0224
  0.0255  0.0226  0.0236  0.0275  0.0308  0.0242  0.0242  0.0236  0.0234  0.0221  0.0226  0.0235
  0.0273  0.0238  0.0248  0.0329  0.0371  0.0293  0.0258  0.0256  0.0247  0.0233  0.0232  0.0249
niter,ni,del,rscale     7    3    5.0000    1.2000
parameters
    1.0150   -8.3314   -1.7316  -11.3941  -13.1014   -7.7575
   -1.4904   11.8231    3.7383   11.1980  -13.5211   -9.7608
eta,q 0.97898 15.24958
  0.0248  0.0299  0.0231  0.0259  0.0275  0.0267  0.0239  0.0254  0.0240  0.0257  0.0225  0.0226
  0.0232  0.0258  0.0220  0.0243  0.0249  0.0247  0.0223  0.0231  0.0225  0.0235  0.0216  0.0217
  0.0220  0.0228  0.0214  0.0227  0.0225  0.0230  0.0213  0.0216  0.0215  0.0219  0.0211  0.0211
  0.0214  0.0213  0.0212  0.0212  0.0212  0.0214  0.0211  0.0211  0.0211  0.0211  0.0211  0.0211
  0.0214  0.0218  0.0216  0.0209  0.0223  0.0206  0.0216  0.0214  0.0214  0.0214  0.0214  0.0215
  0.0223  0.0240  0.0223  0.0230  0.0258  0.0225  0.0226  0.0224  0.0223  0.0226  0.0219  0.0224
  0.0239  0.0273  0.0235  0.0273  0.0314  0.0273  0.0242  0.0246  0.0238  0.0247  0.0225  0.0236
niter,ni,del,rscale     6    3    5.0000    1.2000
parameters
    1.0381   -8.2421   -1.8046  -11.2460  -13.3524   -7.6252
   -1.6282   11.8983    3.7579   11.4520  -13.4601  -10.1282
eta,q 0.97908 15.25776
  0.0241  0.0286  0.0231  0.0259  0.0278  0.0266  0.0239  0.0251  0.0237  0.0253  0.0226  0.0228
  0.0226  0.0247  0.0219  0.0242  0.0251  0.0246  0.0223  0.0229  0.0223  0.0231  0.0216  0.0218
  0.0215  0.0219  0.0212  0.0225  0.0226  0.0228  0.0212  0.0214  0.0213  0.0216  0.0210  0.0211
  0.0210  0.0210  0.0210  0.0210  0.0210  0.0210  0.0210  0.0209  0.0209  0.0209  0.0209  0.0209
  0.0212  0.0220  0.0214  0.0206  0.0215  0.0205  0.0214  0.0213  0.0213  0.0213  0.0212  0.0213
  0.0223  0.0244  0.0221  0.0227  0.0244  0.0228  0.0225  0.0226  0.0222  0.0227  0.0217  0.0221
  0.0242  0.0277  0.0233  0.0270  0.0299  0.0279  0.0240  0.0250  0.0237  0.0248  0.0224  0.0232
niter,ni,del,rscale     5    3    5.0000    1.2000
parameters
    1.0216   -8.2003   -1.8476  -11.1789  -13.4222   -7.5707
   -1.6666   11.8974    3.7490   11.5646  -13.4039  -10.3054
eta,q 0.97911 15.26348
  0.0240  0.0282  0.0231  0.0258  0.0279  0.0266  0.0239  0.0250  0.0236  0.0251  0.0226  0.0229
  0.0224  0.0244  0.0219  0.0241  0.0252  0.0246  0.0223  0.0228  0.0222  0.0230  0.0215  0.0218
  0.0214  0.0217  0.0212  0.0225  0.0226  0.0228  0.0212  0.0214  0.0212  0.0215  0.0210  0.0211
  0.0209  0.0209  0.0209  0.0209  0.0209  0.0209  0.0209  0.0209  0.0209  0.0209  0.0209  0.0209
  0.0212  0.0220  0.0213  0.0206  0.0213  0.0205  0.0214  0.0213  0.0212  0.0214  0.0212  0.0212
  0.0223  0.0244  0.0221  0.0227  0.0241  0.0230  0.0224  0.0226  0.0222  0.0227  0.0217  0.0220
  0.0242  0.0277  0.0233  0.0271  0.0295  0.0282  0.0239  0.0251  0.0237  0.0249  0.0223  0.0231
niter,ni,del,rscale     4    3    5.0000    1.2000
parameters
    1.0067   -8.1804   -1.8695  -11.1564  -13.4472   -7.5466
   -1.6836   11.8907    3.7430   11.6160  -13.3818  -10.3874
eta,q 0.97913 15.26609
  0.0239  0.0281  0.0232  0.0258  0.0279  0.0266  0.0239  0.0250  0.0236  0.0250  0.0225  0.0229
  0.0224  0.0242  0.0219  0.0241  0.0252  0.0246  0.0223  0.0228  0.0222  0.0229  0.0215  0.0218
  0.0214  0.0216  0.0211  0.0224  0.0226  0.0228  0.0212  0.0213  0.0212  0.0215  0.0210  0.0211
  0.0209  0.0209  0.0209  0.0209  0.0209  0.0209  0.0209  0.0209  0.0209  0.0209  0.0209  0.0209
  0.0212  0.0220  0.0212  0.0205  0.0212  0.0205  0.0213  0.0213  0.0212  0.0214  0.0212  0.0212
  0.0223  0.0244  0.0220  0.0227  0.0240  0.0231  0.0223  0.0226  0.0222  0.0228  0.0217  0.0219
  0.0242  0.0277  0.0232  0.0272  0.0294  0.0283  0.0239  0.0251  0.0237  0.0250  0.0224  0.0230
niter,ni,del,rscale     3    3    5.0000    1.2000
parameters
    1.0003   -8.1707   -1.8798  -11.1506  -13.4588   -7.5383
   -1.6889   11.8876    3.7414   11.6399  -13.3729  -10.4235
eta,q 0.97913 15.26691
  0.0240  0.0280  0.0232  0.0258  0.0280  0.0266  0.0239  0.0250  0.0236  0.0250  0.0225  0.0230
  0.0224  0.0242  0.0219  0.0241  0.0252  0.0246  0.0223  0.0228  0.0222  0.0229  0.0215  0.0219
  0.0213  0.0216  0.0211  0.0224  0.0226  0.0228  0.0212  0.0213  0.0212  0.0215  0.0210  0.0211
  0.0209  0.0209  0.0209  0.0209  0.0209  0.0209  0.0209  0.0209  0.0209  0.0209  0.0209  0.0209
  0.0211  0.0220  0.0212  0.0205  0.0212  0.0205  0.0213  0.0213  0.0212  0.0214  0.0212  0.0212
  0.0223  0.0244  0.0220  0.0228  0.0239  0.0231  0.0223  0.0226  0.0221  0.0228  0.0217  0.0219
  0.0242  0.0277  0.0232  0.0272  0.0294  0.0283  0.0239  0.0252  0.0236  0.0250  0.0224  0.0230
registration optimization eta report
parameter search radius
    2.4000    3.6501    2.4000    9.5220    9.5220    8.2800
    7.2000    7.2000    7.2000    7.2000    7.2000    7.2000
100000*second partial in parameter space
       55.       52.       40.        6.        8.       10.
        6.        8.        5.        8.        3.        4.
  0.0240  0.0280  0.0232  0.0258  0.0280  0.0266  0.0239  0.0250  0.0236  0.0250  0.0225  0.0230
  0.0224  0.0242  0.0219  0.0241  0.0252  0.0246  0.0223  0.0228  0.0222  0.0229  0.0215  0.0219
  0.0213  0.0216  0.0211  0.0224  0.0226  0.0228  0.0212  0.0213  0.0212  0.0215  0.0210  0.0211
  0.0209  0.0209  0.0209  0.0209  0.0209  0.0209  0.0209  0.0209  0.0209  0.0209  0.0209  0.0209
  0.0211  0.0220  0.0212  0.0205  0.0212  0.0205  0.0213  0.0213  0.0212  0.0214  0.0212  0.0212
  0.0223  0.0244  0.0220  0.0228  0.0239  0.0231  0.0223  0.0226  0.0221  0.0228  0.0217  0.0219
  0.0242  0.0277  0.0232  0.0272  0.0294  0.0283  0.0239  0.0252  0.0236  0.0250  0.0224  0.0230
    1.0003   -8.1707   -1.8798  -11.1506  -13.4588   -7.5383
   -1.6889   11.8876    3.7414   11.6399  -13.3729  -10.4235
eta,q 0.97913 15.26691

---------------------------------------------------------------------
imgreg_4dfp /opt/freesurfer/average/711-2C_as_mni_average_305 /opt/freesurfer/average/711-2B_as_mni_average_305_mask talsrcimg_g11 none talsrcimg_to_711-2C_as_mni_average_305_t4 2311
---------------------------------------------------------------------

freesurfer imgreg_4dfp.c
/opt/freesurfer/average/711-2C_as_mni_average_305.4dfp.img
       256       256       256         1
  1.000000  1.000000  1.000000
orientation T byte_order littleendian
Reading image: /opt/freesurfer/average/711-2C_as_mni_average_305.4dfp.img
dimensions:      256       256       256
mmppix:       1.0000   -1.0000   -1.0000
center:     128.0000 -129.0000 -129.0000
/opt/freesurfer/average/711-2B_as_mni_average_305_mask.4dfp.img
       256       256       256         1
  1.000000  1.000000  1.000000
orientation T byte_order littleendian
Reading mask: /opt/freesurfer/average/711-2B_as_mni_average_305_mask.4dfp.img (2306576 pixels)
talsrcimg_g11.4dfp.img
       256       256       256         1
  1.000000  1.000000  1.000000
orientation T byte_order littleendian
Reading image: talsrcimg_g11.4dfp.img
dimensions:      256       256       256
mmppix:       1.0000   -1.0000   -1.0000
center:     128.0000 -129.0000 -129.0000
fimgreg.f
image alignment mode   2311 decimal      907 hex
parameters
    1.0003   -8.1707   -1.8798  -11.1506  -13.4588   -7.5383
   -1.6889   11.8876    3.7414   11.6399  -13.3729  -10.4235
eta,q 0.97913 15.26691
niter,ni,del,rscale     5    3    5.0000    0.8000
parameters
    1.0676   -8.2958   -1.8937   -9.3007  -12.8802   -6.6341
   -2.0590   12.3889    3.6071   11.3119  -12.7838  -10.4216
eta,q 0.98011 15.41251
  0.0224  0.0222  0.0219  0.0232  0.0232  0.0236  0.0215  0.0231  0.0213  0.0219  0.0213  0.0210
  0.0216  0.0214  0.0213  0.0224  0.0220  0.0225  0.0206  0.0217  0.0206  0.0208  0.0206  0.0204
  0.0211  0.0209  0.0210  0.0216  0.0210  0.0214  0.0201  0.0207  0.0201  0.0201  0.0201  0.0200
  0.0209  0.0209  0.0208  0.0208  0.0204  0.0204  0.0200  0.0200  0.0199  0.0199  0.0199  0.0199
  0.0210  0.0212  0.0210  0.0204  0.0204  0.0200  0.0203  0.0200  0.0201  0.0203  0.0199  0.0200
  0.0214  0.0218  0.0214  0.0206  0.0211  0.0206  0.0210  0.0207  0.0206  0.0212  0.0202  0.0204
  0.0222  0.0226  0.0220  0.0214  0.0223  0.0223  0.0219  0.0222  0.0215  0.0225  0.0207  0.0210
niter,ni,del,rscale     4    3    5.0000    0.7000
parameters
    0.8468   -8.2864   -1.9206   -9.4948  -12.7332   -6.3556
   -2.1610   12.2387    3.6576   11.2339  -12.6715  -10.5064
eta,q 0.98020 15.42403
  0.0209  0.0212  0.0209  0.0215  0.0219  0.0226  0.0211  0.0218  0.0210  0.0216  0.0207  0.0207
  0.0203  0.0204  0.0203  0.0208  0.0209  0.0216  0.0203  0.0208  0.0203  0.0206  0.0202  0.0202
  0.0199  0.0200  0.0200  0.0202  0.0202  0.0206  0.0199  0.0201  0.0200  0.0200  0.0199  0.0199
  0.0199  0.0199  0.0199  0.0199  0.0199  0.0199  0.0198  0.0198  0.0198  0.0198  0.0198  0.0198
  0.0202  0.0200  0.0200  0.0200  0.0200  0.0198  0.0200  0.0200  0.0199  0.0201  0.0199  0.0199
  0.0209  0.0205  0.0204  0.0208  0.0206  0.0207  0.0205  0.0209  0.0203  0.0207  0.0202  0.0202
  0.0219  0.0211  0.0209  0.0222  0.0218  0.0224  0.0212  0.0223  0.0209  0.0217  0.0206  0.0208
niter,ni,del,rscale     3    3    5.0000    0.6000
parameters
    0.8264   -8.2820   -1.9053   -9.4631  -12.7340   -6.1828
   -2.2215   12.2737    3.6689   11.2085  -12.6499  -10.5516
eta,q 0.98024 15.43078
  0.0208  0.0208  0.0206  0.0212  0.0213  0.0220  0.0208  0.0214  0.0206  0.0211  0.0204  0.0204
  0.0203  0.0202  0.0202  0.0206  0.0205  0.0211  0.0202  0.0206  0.0202  0.0204  0.0201  0.0201
  0.0199  0.0199  0.0199  0.0201  0.0200  0.0203  0.0199  0.0200  0.0199  0.0199  0.0198  0.0198
  0.0198  0.0198  0.0198  0.0198  0.0198  0.0198  0.0198  0.0198  0.0198  0.0198  0.0198  0.0198
  0.0199  0.0199  0.0199  0.0199  0.0199  0.0198  0.0199  0.0199  0.0199  0.0199  0.0198  0.0199
  0.0203  0.0202  0.0202  0.0204  0.0205  0.0205  0.0203  0.0205  0.0201  0.0204  0.0201  0.0201
  0.0209  0.0208  0.0206  0.0213  0.0213  0.0219  0.0208  0.0215  0.0206  0.0212  0.0204  0.0205
niter,ni,del,rscale     2    3    5.0000    0.5000
parameters
    0.8239   -8.2866   -1.8969   -9.3904  -12.7501   -6.0519
   -2.2776   12.3419    3.6838   11.1730  -12.6569  -10.5903
eta,q 0.98027 15.43665
  0.0205  0.0205  0.0203  0.0208  0.0208  0.0214  0.0204  0.0210  0.0203  0.0207  0.0202  0.0202
  0.0201  0.0201  0.0200  0.0203  0.0202  0.0207  0.0200  0.0204  0.0200  0.0202  0.0200  0.0199
  0.0199  0.0198  0.0198  0.0200  0.0199  0.0201  0.0198  0.0199  0.0198  0.0198  0.0198  0.0198
  0.0198  0.0198  0.0198  0.0198  0.0198  0.0198  0.0197  0.0197  0.0197  0.0197  0.0197  0.0197
  0.0198  0.0199  0.0198  0.0198  0.0199  0.0198  0.0198  0.0198  0.0198  0.0199  0.0198  0.0198
  0.0201  0.0201  0.0200  0.0202  0.0202  0.0203  0.0201  0.0202  0.0200  0.0202  0.0200  0.0200
  0.0205  0.0205  0.0203  0.0208  0.0208  0.0213  0.0205  0.0210  0.0203  0.0207  0.0202  0.0202
niter,ni,del,rscale     1    3    5.0000    0.4000
parameters
    0.8208   -8.2937   -1.8857   -9.3191  -12.7645   -5.9566
   -2.3391   12.4131    3.6950   11.1432  -12.6721  -10.6066
eta,q 0.98028 15.44162
  0.0202  0.0202  0.0201  0.0205  0.0204  0.0209  0.0202  0.0206  0.0201  0.0204  0.0200  0.0200
  0.0200  0.0199  0.0199  0.0201  0.0200  0.0203  0.0199  0.0202  0.0199  0.0200  0.0199  0.0199
  0.0198  0.0198  0.0198  0.0199  0.0198  0.0199  0.0198  0.0199  0.0198  0.0198  0.0198  0.0198
  0.0197  0.0197  0.0197  0.0197  0.0197  0.0197  0.0197  0.0197  0.0197  0.0197  0.0197  0.0197
  0.0198  0.0198  0.0198  0.0198  0.0198  0.0198  0.0198  0.0198  0.0198  0.0198  0.0198  0.0198
  0.0200  0.0199  0.0199  0.0200  0.0200  0.0201  0.0200  0.0201  0.0199  0.0200  0.0199  0.0199
  0.0202  0.0202  0.0201  0.0205  0.0204  0.0208  0.0202  0.0205  0.0201  0.0204  0.0201  0.0200
registration optimization eta report
parameter search radius
    0.8000    0.8000    0.8000    2.4000    2.4000    2.4000
    2.4000    2.4000    2.4000    2.4000    2.4000    2.4000
100000*second partial in parameter space
       79.       71.       58.       13.       12.       19.
        8.       15.        7.       11.        6.        6.
  0.0202  0.0202  0.0201  0.0205  0.0204  0.0209  0.0202  0.0206  0.0201  0.0204  0.0200  0.0200
  0.0200  0.0199  0.0199  0.0201  0.0200  0.0203  0.0199  0.0202  0.0199  0.0200  0.0199  0.0199
  0.0198  0.0198  0.0198  0.0199  0.0198  0.0199  0.0198  0.0199  0.0198  0.0198  0.0198  0.0198
  0.0197  0.0197  0.0197  0.0197  0.0197  0.0197  0.0197  0.0197  0.0197  0.0197  0.0197  0.0197
  0.0198  0.0198  0.0198  0.0198  0.0198  0.0198  0.0198  0.0198  0.0198  0.0198  0.0198  0.0198
  0.0200  0.0199  0.0199  0.0200  0.0200  0.0201  0.0200  0.0201  0.0199  0.0200  0.0199  0.0199
  0.0202  0.0202  0.0201  0.0205  0.0204  0.0208  0.0202  0.0205  0.0201  0.0204  0.0201  0.0200
    0.8208   -8.2937   -1.8857   -9.3191  -12.7645   -5.9566
   -2.3391   12.4131    3.6950   11.1432  -12.6721  -10.6066
eta,q 0.98028 15.44162

---------------------------------------------------------------------
imgreg_4dfp /opt/freesurfer/average/711-2C_as_mni_average_305 /opt/freesurfer/average/711-2B_as_mni_average_305_mask talsrcimg_g11 none talsrcimg_to_711-2C_as_mni_average_305_t4 2311
---------------------------------------------------------------------

freesurfer imgreg_4dfp.c
/opt/freesurfer/average/711-2C_as_mni_average_305.4dfp.img
       256       256       256         1
  1.000000  1.000000  1.000000
orientation T byte_order littleendian
Reading image: /opt/freesurfer/average/711-2C_as_mni_average_305.4dfp.img
dimensions:      256       256       256
mmppix:       1.0000   -1.0000   -1.0000
center:     128.0000 -129.0000 -129.0000
/opt/freesurfer/average/711-2B_as_mni_average_305_mask.4dfp.img
       256       256       256         1
  1.000000  1.000000  1.000000
orientation T byte_order littleendian
Reading mask: /opt/freesurfer/average/711-2B_as_mni_average_305_mask.4dfp.img (2306576 pixels)
talsrcimg_g11.4dfp.img
       256       256       256         1
  1.000000  1.000000  1.000000
orientation T byte_order littleendian
Reading image: talsrcimg_g11.4dfp.img
dimensions:      256       256       256
mmppix:       1.0000   -1.0000   -1.0000
center:     128.0000 -129.0000 -129.0000
fimgreg.f
image alignment mode   2311 decimal      907 hex
parameters
    0.8208   -8.2937   -1.8857   -9.3191  -12.7645   -5.9566
   -2.3391   12.4131    3.6950   11.1432  -12.6721  -10.6066
eta,q 0.98028 15.44162
niter,ni,del,rscale     5    3    5.0000    0.8000
parameters
    0.7970   -8.2777   -1.8568   -9.7843  -12.8431   -6.3453
   -2.1479   12.0995    3.6842   11.3143  -12.7078  -10.5254
eta,q 0.98014 15.40826
  0.0216  0.0215  0.0212  0.0217  0.0222  0.0227  0.0217  0.0221  0.0213  0.0223  0.0209  0.0211
  0.0206  0.0205  0.0204  0.0208  0.0210  0.0216  0.0207  0.0210  0.0205  0.0211  0.0203  0.0204
  0.0199  0.0199  0.0199  0.0201  0.0201  0.0204  0.0201  0.0202  0.0200  0.0202  0.0200  0.0200
  0.0197  0.0197  0.0197  0.0197  0.0198  0.0198  0.0198  0.0198  0.0199  0.0199  0.0199  0.0199
  0.0200  0.0199  0.0199  0.0200  0.0200  0.0202  0.0200  0.0202  0.0200  0.0201  0.0200  0.0200
  0.0206  0.0205  0.0203  0.0212  0.0209  0.0218  0.0206  0.0213  0.0205  0.0208  0.0204  0.0204
  0.0218  0.0214  0.0211  0.0231  0.0226  0.0245  0.0214  0.0230  0.0213  0.0220  0.0209  0.0210
niter,ni,del,rscale     4    3    5.0000    0.7000
parameters
    0.8420   -8.2721   -1.8931   -9.6089  -12.7782   -6.3164
   -2.1606   12.1939    3.6628   11.2736  -12.6758  -10.5330
eta,q 0.98019 15.41886
  0.0213  0.0212  0.0209  0.0217  0.0218  0.0224  0.0212  0.0220  0.0209  0.0216  0.0207  0.0207
  0.0206  0.0204  0.0203  0.0209  0.0208  0.0214  0.0204  0.0210  0.0203  0.0206  0.0202  0.0202
  0.0201  0.0200  0.0200  0.0203  0.0201  0.0204  0.0199  0.0202  0.0199  0.0200  0.0199  0.0199
  0.0199  0.0199  0.0199  0.0199  0.0198  0.0198  0.0198  0.0198  0.0198  0.0198  0.0198  0.0198
  0.0200  0.0200  0.0200  0.0199  0.0200  0.0199  0.0200  0.0200  0.0199  0.0201  0.0199  0.0199
  0.0204  0.0205  0.0204  0.0205  0.0206  0.0209  0.0205  0.0207  0.0203  0.0207  0.0202  0.0202
  0.0212  0.0211  0.0209  0.0217  0.0218  0.0228  0.0211  0.0220  0.0210  0.0217  0.0207  0.0207
niter,ni,del,rscale     3    3    5.0000    0.6000
parameters
    0.8352   -8.2792   -1.9008   -9.4740  -12.7527   -6.1813
   -2.2208   12.2749    3.6656   11.2193  -12.6593  -10.5541
eta,q 0.98023 15.42953
  0.0209  0.0208  0.0206  0.0213  0.0213  0.0220  0.0208  0.0215  0.0206  0.0211  0.0204  0.0204
  0.0203  0.0202  0.0202  0.0206  0.0205  0.0211  0.0202  0.0207  0.0202  0.0204  0.0201  0.0201
  0.0199  0.0199  0.0199  0.0201  0.0200  0.0203  0.0199  0.0201  0.0199  0.0199  0.0198  0.0198
  0.0198  0.0198  0.0198  0.0198  0.0198  0.0198  0.0198  0.0198  0.0198  0.0198  0.0198  0.0198
  0.0199  0.0199  0.0199  0.0199  0.0199  0.0199  0.0199  0.0199  0.0199  0.0200  0.0198  0.0199
  0.0203  0.0203  0.0202  0.0203  0.0204  0.0206  0.0203  0.0204  0.0201  0.0204  0.0201  0.0201
  0.0209  0.0208  0.0206  0.0212  0.0213  0.0220  0.0208  0.0214  0.0206  0.0212  0.0204  0.0205
niter,ni,del,rscale     2    3    5.0000    0.5000
parameters
    0.8272   -8.2880   -1.8946   -9.3890  -12.7543   -6.0557
   -2.2753   12.3462    3.6770   11.1746  -12.6578  -10.5845
eta,q 0.98027 15.43635
  0.0205  0.0204  0.0203  0.0208  0.0208  0.0214  0.0204  0.0210  0.0203  0.0207  0.0202  0.0202
  0.0201  0.0201  0.0200  0.0204  0.0202  0.0207  0.0200  0.0204  0.0200  0.0202  0.0200  0.0199
  0.0199  0.0198  0.0198  0.0200  0.0199  0.0201  0.0198  0.0199  0.0198  0.0198  0.0198  0.0198
  0.0198  0.0198  0.0198  0.0198  0.0198  0.0198  0.0197  0.0197  0.0197  0.0197  0.0197  0.0197
  0.0198  0.0199  0.0198  0.0198  0.0199  0.0198  0.0198  0.0198  0.0198  0.0199  0.0198  0.0198
  0.0201  0.0201  0.0200  0.0202  0.0202  0.0203  0.0201  0.0202  0.0200  0.0202  0.0200  0.0200
  0.0206  0.0205  0.0203  0.0208  0.0208  0.0213  0.0205  0.0210  0.0203  0.0207  0.0202  0.0202
niter,ni,del,rscale     1    3    5.0000    0.4000
parameters
    0.8223   -8.2931   -1.8852   -9.3185  -12.7675   -5.9550
   -2.3321   12.4146    3.6925   11.1439  -12.6810  -10.6061
eta,q 0.98028 15.44153
  0.0202  0.0202  0.0201  0.0205  0.0204  0.0209  0.0202  0.0206  0.0201  0.0204  0.0200  0.0200
  0.0200  0.0199  0.0199  0.0201  0.0200  0.0203  0.0199  0.0202  0.0199  0.0200  0.0199  0.0199
  0.0198  0.0198  0.0198  0.0199  0.0198  0.0199  0.0198  0.0199  0.0198  0.0198  0.0198  0.0198
  0.0197  0.0197  0.0197  0.0197  0.0197  0.0197  0.0197  0.0197  0.0197  0.0197  0.0197  0.0197
  0.0198  0.0198  0.0198  0.0198  0.0198  0.0198  0.0198  0.0198  0.0198  0.0198  0.0198  0.0198
  0.0200  0.0199  0.0199  0.0200  0.0200  0.0201  0.0200  0.0201  0.0199  0.0200  0.0199  0.0199
  0.0203  0.0202  0.0201  0.0205  0.0204  0.0208  0.0202  0.0205  0.0201  0.0204  0.0200  0.0200
registration optimization eta report
parameter search radius
    0.8000    0.8000    0.8000    2.4000    2.4000    2.4000
    2.4000    2.4000    2.4000    2.4000    2.4000    2.4000
100000*second partial in parameter space
       79.       71.       58.       13.       12.       19.
        8.       15.        7.       11.        6.        6.
  0.0202  0.0202  0.0201  0.0205  0.0204  0.0209  0.0202  0.0206  0.0201  0.0204  0.0200  0.0200
  0.0200  0.0199  0.0199  0.0201  0.0200  0.0203  0.0199  0.0202  0.0199  0.0200  0.0199  0.0199
  0.0198  0.0198  0.0198  0.0199  0.0198  0.0199  0.0198  0.0199  0.0198  0.0198  0.0198  0.0198
  0.0197  0.0197  0.0197  0.0197  0.0197  0.0197  0.0197  0.0197  0.0197  0.0197  0.0197  0.0197
  0.0198  0.0198  0.0198  0.0198  0.0198  0.0198  0.0198  0.0198  0.0198  0.0198  0.0198  0.0198
  0.0200  0.0199  0.0199  0.0200  0.0200  0.0201  0.0200  0.0201  0.0199  0.0200  0.0199  0.0199
  0.0203  0.0202  0.0201  0.0205  0.0204  0.0208  0.0202  0.0205  0.0201  0.0204  0.0200  0.0200
    0.8223   -8.2931   -1.8852   -9.3185  -12.7675   -5.9550
   -2.3321   12.4146    3.6925   11.1439  -12.6810  -10.6061
eta,q 0.98028 15.44153

---------------------------------------------------------------------
compute_vox2vox talsrcimg talsrcimg_to_711-2C_as_mni_average_305_t4 /opt/freesurfer/average/711-2C_as_mni_average_305
---------------------------------------------------------------------

freesurfer compute_vox2vox.c
Reading: talsrcimg.4dfp.ifh
Reading: talsrcimg_to_711-2C_as_mni_average_305_t4
Reading: /opt/freesurfer/average/711-2C_as_mni_average_305.4dfp.ifh
Writing: talsrcimg_to_711-2C_as_mni_average_305_t4_vox2vox.txt

start time Mon Mar 9 11:25:20 CET 2026
end		time Mon Mar 9 11:26:46 CET 2026

mpr2mni305 success

avi2talxfm orig_nu.mgz /opt/freesurfer/average/mni305.cor.mgz talsrcimg_to_711-2C_as_mni_average_305_t4_vox2vox.txt transforms/talairach.auto.xfm
avi2talxfm done
mv -f /out/sourcedata/freesurfer/sub-v1s21x0050417_ses-1/mri/talsrcimg_to_711-2C_as_mni_average_305_t4_vox2vox.txt /out/sourcedata/freesurfer/sub-v1s21x0050417_ses-1/mri/transforms/talsrcimg_to_711-2C_as_mni_average_305_t4_vox2vox.txt
lta_convert --src orig_nu.mgz --trg /opt/freesurfer/average/mni305.cor.mgz --inxfm transforms/talairach.auto.xfm --outlta transforms/talairach.auto.xfm.lta --subject fsaverage
7.3.2

--src: orig_nu.mgz src image (geometry).
--trg: /opt/freesurfer/average/mni305.cor.mgz trg image (geometry).
--inmni: transforms/talairach.auto.xfm input MNI/XFM transform.
--outlta: transforms/talairach.auto.xfm.lta output LTA.
--s: fsaverage subject name
 LTA read, type : 1
 1.08213  -0.14420   0.01140  -1.90247;
 0.13875   1.02973   0.12891   2.24946;
-0.06353  -0.12544   1.12941   8.59915;
 0.00000   0.00000   0.00000   1.00000;
setting subject to fsaverage
Writing  LTA to file transforms/talairach.auto.xfm.lta...
lta_convert successful.
 
 
Started at Mon Mar 9 11:25:19 CET 2026
Ended   at Mon Mar  9 11:26:47 CET 2026
talairach_avi done
