status file for recon-all
Mon Mar  9 10:03:50 CET 2026
#@# MotionCor Mon Mar  9 10:03:51 CET 2026
#@# Talairach Mon Mar  9 10:03:56 CET 2026
#@# Talairach Failure Detection Mon Mar  9 10:06:45 CET 2026
#@# Nu Intensity Correction Mon Mar  9 10:06:45 CET 2026
#@# Intensity Normalization Mon Mar  9 10:09:31 CET 2026
recon-all -s sub-v1s21x0050403_ses-1 finished without error at Mon Mar  9 10:10:36 CET 2026



#New# invocation of recon-all 



status file for recon-all
Mon Mar  9 10:16:30 CET 2026
#@# EM Registration Mon Mar  9 10:16:30 CET 2026
recon-all -s sub-v1s21x0050403_ses-1 finished without error at Mon Mar  9 10:18:17 CET 2026



#New# invocation of recon-all 



status file for recon-all
Mon Mar  9 10:18:22 CET 2026
#@# CA Normalize Mon Mar  9 10:18:22 CET 2026
#@# CA Reg Mon Mar  9 10:19:16 CET 2026
#@# SubCort Seg Mon Mar  9 11:04:41 CET 2026
#@# CC Seg Mon Mar  9 11:31:20 CET 2026
#@# Merge ASeg Mon Mar  9 11:31:51 CET 2026
#@# Intensity Normalization2 Mon Mar  9 11:31:51 CET 2026
#@# Mask BFS Mon Mar  9 11:33:22 CET 2026
#@# WM Segmentation Mon Mar  9 11:33:23 CET 2026
#@# Fill Mon Mar  9 11:35:19 CET 2026
recon-all -s sub-v1s21x0050403_ses-1 finished without error at Mon Mar  9 11:36:00 CET 2026



#New# invocation of recon-all 



status file for recon-all
Mon Mar  9 12:36:09 CET 2026
#@# white curv lh Mon Mar  9 12:36:09 CET 2026
#@# white area lh Mon Mar  9 12:36:09 CET 2026
#@# pial curv lh Mon Mar  9 12:36:09 CET 2026
#@# pial area lh Mon Mar  9 12:36:09 CET 2026
#@# thickness lh Mon Mar  9 12:36:09 CET 2026
#@# area and vertex vol lh Mon Mar  9 12:36:09 CET 2026
#@# white curv rh Mon Mar  9 12:36:09 CET 2026
#@# white area rh Mon Mar  9 12:36:09 CET 2026
#@# pial curv rh Mon Mar  9 12:36:09 CET 2026
#@# pial area rh Mon Mar  9 12:36:09 CET 2026
#@# thickness rh Mon Mar  9 12:36:09 CET 2026
#@# area and vertex vol rh Mon Mar  9 12:36:09 CET 2026
#@# Cortical ribbon mask Mon Mar  9 12:36:09 CET 2026
recon-all -s sub-v1s21x0050403_ses-1 finished without error at Mon Mar  9 12:41:16 CET 2026



#New# invocation of recon-all 



status file for recon-all
Mon Mar  9 12:47:01 CET 2026
#@# white curv lh Mon Mar  9 12:47:01 CET 2026
#@# white area lh Mon Mar  9 12:47:01 CET 2026
#@# pial curv lh Mon Mar  9 12:47:01 CET 2026
#@# pial area lh Mon Mar  9 12:47:01 CET 2026
#@# thickness lh Mon Mar  9 12:47:01 CET 2026
#@# area and vertex vol lh Mon Mar  9 12:47:01 CET 2026
#@# white curv rh Mon Mar  9 12:47:01 CET 2026
#@# white area rh Mon Mar  9 12:47:01 CET 2026
#@# pial curv rh Mon Mar  9 12:47:01 CET 2026
#@# pial area rh Mon Mar  9 12:47:01 CET 2026
#@# thickness rh Mon Mar  9 12:47:01 CET 2026
#@# area and vertex vol rh Mon Mar  9 12:47:01 CET 2026
#@# Curvature Stats lh Mon Mar  9 12:47:01 CET 2026
#@# Curvature Stats rh Mon Mar  9 12:47:04 CET 2026
#@# Relabel Hypointensities Mon Mar  9 12:47:06 CET 2026
#@# APas-to-ASeg Mon Mar  9 12:47:17 CET 2026
#@# AParc-to-ASeg aparc Mon Mar  9 12:47:24 CET 2026
#@# AParc-to-ASeg aparc.a2009s Mon Mar  9 12:47:53 CET 2026
#@# AParc-to-ASeg aparc.DKTatlas Mon Mar  9 12:48:28 CET 2026
#@# WMParc Mon Mar  9 12:49:01 CET 2026
#@# ASeg Stats Mon Mar  9 12:51:10 CET 2026
recon-all -s sub-v1s21x0050403_ses-1 finished without error at Mon Mar  9 12:51:29 CET 2026
