status file for recon-all
Mon Mar  9 11:36:03 CET 2026
#@# Tessellate lh Mon Mar  9 11:36:03 CET 2026
#@# Smooth1 lh Mon Mar  9 11:36:05 CET 2026
#@# Inflation1 lh Mon Mar  9 11:36:08 CET 2026
#@# QSphere lh Mon Mar  9 11:36:22 CET 2026
#@# Fix Topology lh Mon Mar  9 11:37:20 CET 2026
#@# Smooth2 lh Mon Mar  9 11:46:36 CET 2026
#@# Inflation2 lh Mon Mar  9 11:46:38 CET 2026
#@# Curv .H and .K lh Mon Mar  9 11:46:51 CET 2026
#@# Sphere lh Mon Mar  9 11:47:33 CET 2026
#@# Surf Reg lh Mon Mar  9 11:53:25 CET 2026
#@# Jacobian white lh Mon Mar  9 12:00:12 CET 2026
#@# AvgCurv lh Mon Mar  9 12:00:12 CET 2026
#@# Cortical Parc lh Mon Mar  9 12:00:13 CET 2026
#@# white curv lh Mon Mar  9 12:08:43 CET 2026
#@# white area lh Mon Mar  9 12:08:44 CET 2026
#@# pial curv lh Mon Mar  9 12:08:45 CET 2026
#@# pial area lh Mon Mar  9 12:08:47 CET 2026
#@# thickness lh Mon Mar  9 12:08:47 CET 2026
#@# area and vertex vol lh Mon Mar  9 12:09:09 CET 2026
#@# Curvature Stats lh Mon Mar  9 12:09:10 CET 2026
#@# Cortical Parc 2 lh Mon Mar  9 12:09:12 CET 2026
#@# Cortical Parc 3 lh Mon Mar  9 12:09:23 CET 2026
#@# WM/GM Contrast lh Mon Mar  9 12:09:32 CET 2026
recon-all -s sub-v1s21x0050403_ses-1 finished without error at Mon Mar  9 12:09:34 CET 2026



#New# invocation of recon-all 



status file for recon-all
Mon Mar  9 12:41:22 CET 2026
#@# white curv lh Mon Mar  9 12:41:22 CET 2026
#@# white area lh Mon Mar  9 12:41:22 CET 2026
#@# pial curv lh Mon Mar  9 12:41:22 CET 2026
#@# pial area lh Mon Mar  9 12:41:22 CET 2026
#@# thickness lh Mon Mar  9 12:41:22 CET 2026
#@# area and vertex vol lh Mon Mar  9 12:41:22 CET 2026
#@# Parcellation Stats lh Mon Mar  9 12:41:22 CET 2026
#@# Parcellation Stats 2 lh Mon Mar  9 12:41:40 CET 2026
#@# Parcellation Stats 3 lh Mon Mar  9 12:41:49 CET 2026
#@# BA_exvivo Labels lh Mon Mar  9 12:41:58 CET 2026
recon-all -s sub-v1s21x0050403_ses-1 finished without error at Mon Mar  9 12:44:07 CET 2026
