status file for recon-all
Mon Mar  9 12:09:37 CET 2026
#@# Tessellate rh Mon Mar  9 12:09:37 CET 2026
#@# Smooth1 rh Mon Mar  9 12:09:40 CET 2026
#@# Inflation1 rh Mon Mar  9 12:09:42 CET 2026
#@# QSphere rh Mon Mar  9 12:09:58 CET 2026
#@# Fix Topology rh Mon Mar  9 12:11:02 CET 2026
#@# Smooth2 rh Mon Mar  9 12:19:21 CET 2026
#@# Inflation2 rh Mon Mar  9 12:19:24 CET 2026
#@# Curv .H and .K rh Mon Mar  9 12:19:39 CET 2026
#@# Sphere rh Mon Mar  9 12:20:22 CET 2026
#@# Surf Reg rh Mon Mar  9 12:23:41 CET 2026
#@# Jacobian white rh Mon Mar  9 12:28:00 CET 2026
#@# AvgCurv rh Mon Mar  9 12:28:00 CET 2026
#@# Cortical Parc rh Mon Mar  9 12:28:01 CET 2026
#@# white curv rh Mon Mar  9 12:35:12 CET 2026
#@# white area rh Mon Mar  9 12:35:14 CET 2026
#@# pial curv rh Mon Mar  9 12:35:14 CET 2026
#@# pial area rh Mon Mar  9 12:35:16 CET 2026
#@# thickness rh Mon Mar  9 12:35:16 CET 2026
#@# area and vertex vol rh Mon Mar  9 12:35:39 CET 2026
#@# Curvature Stats rh Mon Mar  9 12:35:40 CET 2026
#@# Cortical Parc 2 rh Mon Mar  9 12:35:42 CET 2026
#@# Cortical Parc 3 rh Mon Mar  9 12:35:54 CET 2026
#@# WM/GM Contrast rh Mon Mar  9 12:36:02 CET 2026
recon-all -s sub-v1s21x0050403_ses-1 finished without error at Mon Mar  9 12:36:04 CET 2026



#New# invocation of recon-all 



status file for recon-all
Mon Mar  9 12:44:09 CET 2026
#@# white curv rh Mon Mar  9 12:44:09 CET 2026
#@# white area rh Mon Mar  9 12:44:09 CET 2026
#@# pial curv rh Mon Mar  9 12:44:09 CET 2026
#@# pial area rh Mon Mar  9 12:44:09 CET 2026
#@# thickness rh Mon Mar  9 12:44:09 CET 2026
#@# area and vertex vol rh Mon Mar  9 12:44:09 CET 2026
#@# Parcellation Stats rh Mon Mar  9 12:44:09 CET 2026
#@# Parcellation Stats 2 rh Mon Mar  9 12:44:28 CET 2026
#@# Parcellation Stats 3 rh Mon Mar  9 12:44:37 CET 2026
#@# BA_exvivo Labels rh Mon Mar  9 12:44:46 CET 2026
recon-all -s sub-v1s21x0050403_ses-1 finished without error at Mon Mar  9 12:46:57 CET 2026
