status file for recon-all
Mon Mar  9 13:37:25 CET 2026
#@# Tessellate rh Mon Mar  9 13:37:25 CET 2026
#@# Smooth1 rh Mon Mar  9 13:37:29 CET 2026
#@# Inflation1 rh Mon Mar  9 13:37:32 CET 2026
#@# QSphere rh Mon Mar  9 13:37:48 CET 2026
#@# Fix Topology rh Mon Mar  9 13:39:03 CET 2026
#@# Smooth2 rh Mon Mar  9 13:47:44 CET 2026
#@# Inflation2 rh Mon Mar  9 13:47:48 CET 2026
#@# Curv .H and .K rh Mon Mar  9 13:48:05 CET 2026
#@# Sphere rh Mon Mar  9 13:49:01 CET 2026
#@# Surf Reg rh Mon Mar  9 13:53:36 CET 2026
#@# Jacobian white rh Mon Mar  9 13:59:32 CET 2026
#@# AvgCurv rh Mon Mar  9 13:59:33 CET 2026
#@# Cortical Parc rh Mon Mar  9 13:59:34 CET 2026
#@# white curv rh Mon Mar  9 14:08:03 CET 2026
#@# white area rh Mon Mar  9 14:08:05 CET 2026
#@# pial curv rh Mon Mar  9 14:08:06 CET 2026
#@# pial area rh Mon Mar  9 14:08:08 CET 2026
#@# thickness rh Mon Mar  9 14:08:09 CET 2026
#@# area and vertex vol rh Mon Mar  9 14:08:45 CET 2026
#@# Curvature Stats rh Mon Mar  9 14:08:47 CET 2026
#@# Cortical Parc 2 rh Mon Mar  9 14:08:50 CET 2026
#@# Cortical Parc 3 rh Mon Mar  9 14:09:06 CET 2026
#@# WM/GM Contrast rh Mon Mar  9 14:09:18 CET 2026
recon-all -s sub-v1s21x0050411_ses-1 finished without error at Mon Mar  9 14:09:21 CET 2026



#New# invocation of recon-all 



status file for recon-all
Mon Mar  9 14:21:35 CET 2026
#@# white curv rh Mon Mar  9 14:21:35 CET 2026
#@# white area rh Mon Mar  9 14:21:35 CET 2026
#@# pial curv rh Mon Mar  9 14:21:36 CET 2026
#@# pial area rh Mon Mar  9 14:21:36 CET 2026
#@# thickness rh Mon Mar  9 14:21:36 CET 2026
#@# area and vertex vol rh Mon Mar  9 14:21:36 CET 2026
#@# Parcellation Stats rh Mon Mar  9 14:21:36 CET 2026
#@# Parcellation Stats 2 rh Mon Mar  9 14:22:01 CET 2026
#@# Parcellation Stats 3 rh Mon Mar  9 14:22:14 CET 2026
#@# BA_exvivo Labels rh Mon Mar  9 14:22:27 CET 2026
recon-all -s sub-v1s21x0050411_ses-1 finished without error at Mon Mar  9 14:25:38 CET 2026
