status file for recon-all
Mon Mar  9 13:03:13 CET 2026
#@# Tessellate lh Mon Mar  9 13:03:13 CET 2026
#@# Smooth1 lh Mon Mar  9 13:03:17 CET 2026
#@# Inflation1 lh Mon Mar  9 13:03:21 CET 2026
#@# QSphere lh Mon Mar  9 13:03:36 CET 2026
#@# Fix Topology lh Mon Mar  9 13:04:57 CET 2026
#@# Smooth2 lh Mon Mar  9 13:15:58 CET 2026
#@# Inflation2 lh Mon Mar  9 13:16:01 CET 2026
#@# Curv .H and .K lh Mon Mar  9 13:16:20 CET 2026
#@# Sphere lh Mon Mar  9 13:17:17 CET 2026
#@# Surf Reg lh Mon Mar  9 13:22:03 CET 2026
#@# Jacobian white lh Mon Mar  9 13:27:52 CET 2026
#@# AvgCurv lh Mon Mar  9 13:27:53 CET 2026
#@# Cortical Parc lh Mon Mar  9 13:27:54 CET 2026
#@# white curv lh Mon Mar  9 13:35:56 CET 2026
#@# white area lh Mon Mar  9 13:35:58 CET 2026
#@# pial curv lh Mon Mar  9 13:35:59 CET 2026
#@# pial area lh Mon Mar  9 13:36:01 CET 2026
#@# thickness lh Mon Mar  9 13:36:02 CET 2026
#@# area and vertex vol lh Mon Mar  9 13:36:43 CET 2026
#@# Curvature Stats lh Mon Mar  9 13:36:45 CET 2026
#@# Cortical Parc 2 lh Mon Mar  9 13:36:49 CET 2026
#@# Cortical Parc 3 lh Mon Mar  9 13:37:07 CET 2026
#@# WM/GM Contrast lh Mon Mar  9 13:37:18 CET 2026
recon-all -s sub-v1s21x0050411_ses-1 finished without error at Mon Mar  9 13:37:22 CET 2026



#New# invocation of recon-all 



status file for recon-all
Mon Mar  9 14:17:20 CET 2026
#@# white curv lh Mon Mar  9 14:17:20 CET 2026
#@# white area lh Mon Mar  9 14:17:20 CET 2026
#@# pial curv lh Mon Mar  9 14:17:20 CET 2026
#@# pial area lh Mon Mar  9 14:17:20 CET 2026
#@# thickness lh Mon Mar  9 14:17:20 CET 2026
#@# area and vertex vol lh Mon Mar  9 14:17:20 CET 2026
#@# Parcellation Stats lh Mon Mar  9 14:17:20 CET 2026
#@# Parcellation Stats 2 lh Mon Mar  9 14:17:46 CET 2026
#@# Parcellation Stats 3 lh Mon Mar  9 14:17:59 CET 2026
#@# BA_exvivo Labels lh Mon Mar  9 14:18:12 CET 2026
recon-all -s sub-v1s21x0050411_ses-1 finished without error at Mon Mar  9 14:21:32 CET 2026
