/out/sourcedata/freesurfer/sub-v1s21x0050419_ses-1/mri
/opt/freesurfer/bin/talairach_avi
--i orig_nu.mgz --xfm transforms/talairach.auto.xfm
talairach_avi 7.3.2
Linux dna028 5.14.0-427.37.1.el9_4.x86_64 #1 SMP PREEMPT_DYNAMIC Fri Sep 13 12:41:50 EDT 2024 x86_64 x86_64 x86_64 GNU/Linux
Mon Mar  9 11:28:27 CET 2026
mri_convert orig_nu.mgz talsrcimg.img 
reading from orig_nu.mgz...
TR=0.00, TE=0.00, TI=0.00, flip angle=0.00
i_ras = (-1, 0, 0)
j_ras = (0, 0, -1)
k_ras = (0, 1, 0)
writing to talsrcimg.img...
Analyze Output Matrix
-1.00000   0.00000   0.00000   129.70000;
 0.00000   0.00000   1.00000  -128.50000;
 0.00000  -1.00000   0.00000   129.50000;
 0.00000   0.00000   0.00000   1.00000;
--------------------
INFO: set hdr.hist.orient to -1
mpr2mni305 talsrcimg
Mon Mar  9 11:28:27 CET 2026
/opt/freesurfer/bin/mpr2mni305 talsrcimg
mpr2mni305 7.3.2
target=711-2C_as_mni_average_305

---------------------------------------------------------------------
analyzeto4dfp talsrcimg -O0 -y
---------------------------------------------------------------------

freesurfer ifh2hdr.c
Mon Mar  9 11:28:27 2026
Writing: talsrcimg.4dfp.hdr
freesurfer analyzeto4dfp.c
Reading: talsrcimg.hdr
header size 348 bytes
hdr.dime.datatype	offset=70	value=2
hdr.dime.bitpix		offset=72	value=8
hdr.hist.orient		offset=252	value=-1
dimensionality     4
dimensions       256       256       256         1
Reading: talsrcimg.img
Writing: talsrcimg.4dfp.img
Writing: talsrcimg.4dfp.ifh
ifh2hdr talsrcimg -r0to232
ori=2

---------------------------------------------------------------------
gauss_4dfp talsrcimg 1.1
---------------------------------------------------------------------

freesurfer gauss_4dfp.c
Reading: talsrcimg.4dfp.img
Writing: talsrcimg_g11.4dfp.img
image dimensions 256 256 256 padded to 288 288 288
processing volume 1freesurfer ifh2hdr.c
Mon Mar  9 11:28:29 2026
Writing: talsrcimg_g11.4dfp.hdr

Writing: talsrcimg_g11.4dfp.ifh
including: talsrcimg.4dfp.img.rec in talsrcimg_g11.4dfp.img.rec

---------------------------------------------------------------------
imgreg_4dfp /opt/freesurfer/average/711-2C_as_mni_average_305 none talsrcimg_g11 none talsrcimg_to_711-2C_as_mni_average_305_t4 4355
---------------------------------------------------------------------

freesurfer imgreg_4dfp.c
/opt/freesurfer/average/711-2C_as_mni_average_305.4dfp.img
       256       256       256         1
  1.000000  1.000000  1.000000
orientation T byte_order littleendian
Reading image: /opt/freesurfer/average/711-2C_as_mni_average_305.4dfp.img
dimensions:      256       256       256
mmppix:       1.0000   -1.0000   -1.0000
center:     128.0000 -129.0000 -129.0000
talsrcimg_g11.4dfp.img
       256       256       256         1
  1.000000  1.000000  1.000000
orientation T byte_order littleendian
Reading image: talsrcimg_g11.4dfp.img
dimensions:      256       256       256
mmppix:       1.0000   -1.0000   -1.0000
center:     128.0000 -129.0000 -129.0000
t4_read: open error in t4_sub.f l:  41 t4_file(1:l)talsrcimg_to_711-2C_as_mni_average_305_t4 
t4_read: transform initialized to I4
rotation matrix determinant  1.000000
image alignment mode   4355 decimal     1103 hex
   -7.5000  -45.0000  -45.0000 6013.9785   20.6201
    0.0000  -45.0000  -45.0000 6347.5654   20.6106
    7.5000  -45.0000  -45.0000 6086.4424   20.6255
   -7.5000  -37.5000  -45.0000 6557.8970   20.0129
    0.0000  -37.5000  -45.0000 6888.8340   20.0156
    7.5000  -37.5000  -45.0000 6617.2568   20.0268
   -7.5000  -30.0000  -45.0000 7414.1074   19.5793
    0.0000  -30.0000  -45.0000 7790.1841   19.5882
    7.5000  -30.0000  -45.0000 7484.6157   19.5964
   -7.5000  -22.5000  -45.0000 8366.7734   19.3918
    0.0000  -22.5000  -45.0000 8782.5303   19.3954
    7.5000  -22.5000  -45.0000 8426.7021   19.4049
   -7.5000  -15.0000  -45.0000 9317.5254   19.3267
    0.0000  -15.0000  -45.0000 9750.7559   19.3214
    7.5000  -15.0000  -45.0000 9341.4072   19.3343
   -7.5000   -7.5000  -45.000010267.5117   19.3475
    0.0000   -7.5000  -45.000010749.7979   19.3353
    7.5000   -7.5000  -45.000010260.8574   19.3488
   -7.5000    0.0000  -45.000011175.8379   19.4239
    0.0000    0.0000  -45.000011667.4297   19.4146
    7.5000    0.0000  -45.000011149.0791   19.4260
   -7.5000    7.5000  -45.000011126.6582   19.4828
    0.0000    7.5000  -45.000011636.1338   19.4851
    7.5000    7.5000  -45.000011116.6182   19.4947
   -7.5000   15.0000  -45.000011003.7871   19.4713
    0.0000   15.0000  -45.000011549.5254   19.4799
    7.5000   15.0000  -45.000011010.2031   19.4881
   -7.5000   22.5000  -45.000010908.9072   19.3890
    0.0000   22.5000  -45.000011422.1436   19.3926
    7.5000   22.5000  -45.000010912.2998   19.4022
   -7.5000   30.0000  -45.000010608.0332   19.0692
    0.0000   30.0000  -45.000011134.9766   19.0639
    7.5000   30.0000  -45.000010636.8848   19.0767
   -7.5000   37.5000  -45.000010577.3945   19.0896
    0.0000   37.5000  -45.000011103.6084   19.0776
    7.5000   37.5000  -45.000010608.7471   19.0909
   -7.5000   45.0000  -45.000010099.9834   18.6784
    0.0000   45.0000  -45.000010572.6826   18.6694
    7.5000   45.0000  -45.000010155.4805   18.6804
   -7.5000  -45.0000  -37.5000 6350.2417   20.6452
    0.0000  -45.0000  -37.5000 6679.9653   20.6353
    7.5000  -45.0000  -37.5000 6420.3853   20.6594
   -7.5000  -37.5000  -37.5000 6933.2812   20.0419
    0.0000  -37.5000  -37.5000 7269.0049   20.0412
    7.5000  -37.5000  -37.5000 7006.2900   20.0559
   -7.5000  -30.0000  -37.5000 7851.2158   19.6063
    0.0000  -30.0000  -37.5000 8233.2852   19.6117
    7.5000  -30.0000  -37.5000 7928.3853   19.6176
   -7.5000  -22.5000  -37.5000 8866.1143   19.4125
    0.0000  -22.5000  -37.5000 9279.2852   19.4141
    7.5000  -22.5000  -37.5000 8931.1514   19.4198
   -7.5000  -15.0000  -37.5000 9866.5479   19.3452
    0.0000  -15.0000  -37.500010321.9463   19.3386
    7.5000  -15.0000  -37.5000 9917.2891   19.3509
   -7.5000   -7.5000  -37.500010853.2314   19.3660
    0.0000   -7.5000  -37.500011362.0908   19.3543
    7.5000   -7.5000  -37.500010894.6582   19.3740
   -7.5000    0.0000  -37.500011808.3779   19.4461
    0.0000    0.0000  -37.500012312.0850   19.4372
    7.5000    0.0000  -37.500011824.9219   19.4577
   -7.5000    7.5000  -37.500011736.3428   19.5105
    0.0000    7.5000  -37.500012277.9355   19.5100
    7.5000    7.5000  -37.500011783.4658   19.5232
   -7.5000   15.0000  -37.500011631.3887   19.4976
    0.0000   15.0000  -37.500012168.2627   19.5025
    7.5000   15.0000  -37.500011662.0469   19.5083
   -7.5000   22.5000  -37.500011492.9150   19.4098
    0.0000   22.5000  -37.500012021.2383   19.4114
    7.5000   22.5000  -37.500011526.8936   19.4171
   -7.5000   30.0000  -37.500011180.2666   19.0874
    0.0000   30.0000  -37.500011712.8594   19.0809
    7.5000   30.0000  -37.500011224.9082   19.0930
   -7.5000   37.5000  -37.500011141.4746   19.1079
    0.0000   37.5000  -37.500011651.9248   19.0964
    7.5000   37.5000  -37.500011196.5020   19.1158
   -7.5000   45.0000  -37.500010577.0020   18.6997
    0.0000   45.0000  -37.500011077.9834   18.6912
    7.5000   45.0000  -37.500010677.9033   18.7109
   -7.5000  -45.0000  -30.0000 6776.6440   21.5341
    0.0000  -45.0000  -30.0000 7104.9961   21.5241
    7.5000  -45.0000  -30.0000 6863.5664   21.5546
   -7.5000  -37.5000  -30.0000 7425.1577   20.9013
    0.0000  -37.5000  -30.0000 7772.5474   20.8979
    7.5000  -37.5000  -30.0000 7487.9146   20.9173
   -7.5000  -30.0000  -30.0000 8405.2549   20.4398
    0.0000  -30.0000  -30.0000 8802.4961   20.4470
    7.5000  -30.0000  -30.0000 8485.8203   20.4547
   -7.5000  -22.5000  -30.0000 9491.4014   20.2351
    0.0000  -22.5000  -30.0000 9936.8242   20.2437
    7.5000  -22.5000  -30.0000 9556.5605   20.2488
   -7.5000  -15.0000  -30.000010569.3135   20.1679
    0.0000  -15.0000  -30.000011066.3945   20.1696
    7.5000  -15.0000  -30.000010627.8037   20.1815
   -7.5000   -7.5000  -30.000011625.6396   20.1957
    0.0000   -7.5000  -30.000012191.7109   20.1887
    7.5000   -7.5000  -30.000011698.1895   20.2115
   -7.5000    0.0000  -30.000012620.8154   20.2841
    0.0000    0.0000  -30.000013203.9775   20.2744
    7.5000    0.0000  -30.000012713.1299   20.3006
   -7.5000    7.5000  -30.000012539.7324   20.3475
    0.0000    7.5000  -30.000013175.8818   20.3445
    7.5000    7.5000  -30.000012660.2803   20.3621
   -7.5000   15.0000  -30.000012415.5166   20.3263
    0.0000   15.0000  -30.000013023.8320   20.3329
    7.5000   15.0000  -30.000012528.1230   20.3402
   -7.5000   22.5000  -30.000012261.6387   20.2302
    0.0000   22.5000  -30.000012858.1846   20.2388
    7.5000   22.5000  -30.000012351.6270   20.2439
   -7.5000   30.0000  -30.000011910.8828   19.9010
    0.0000   30.0000  -30.000012515.5107   19.9027
    7.5000   30.0000  -30.000012012.1064   19.9145
   -7.5000   37.5000  -30.000011859.1328   19.9284
    0.0000   37.5000  -30.000012444.1670   19.9215
    7.5000   37.5000  -30.000011954.3428   19.9440
   -7.5000   45.0000  -30.000011250.3506   19.5199
    0.0000   45.0000  -30.000011762.3828   19.5106
    7.5000   45.0000  -30.000011381.8691   19.5358
   -7.5000  -45.0000  -22.5000 7216.0171   22.2661
    0.0000  -45.0000  -22.5000 7567.6318   22.2565
    7.5000  -45.0000  -22.5000 7303.3149   22.2849
   -7.5000  -37.5000  -22.5000 7882.9209   21.6014
    0.0000  -37.5000  -22.5000 8286.1387   21.5991
    7.5000  -37.5000  -22.5000 7984.9883   21.6215
   -7.5000  -30.0000  -22.5000 8906.5322   21.1174
    0.0000  -30.0000  -22.5000 9364.3789   21.1309
    7.5000  -30.0000  -22.5000 9033.2910   21.1449
   -7.5000  -22.5000  -22.500010061.3320   20.9105
    0.0000  -22.5000  -22.500010553.8428   20.9300
    7.5000  -22.5000  -22.500010174.7617   20.9403
   -7.5000  -15.0000  -22.500011194.9834   20.8474
    0.0000  -15.0000  -22.500011723.7178   20.8612
    7.5000  -15.0000  -22.500011302.5020   20.8745
   -7.5000   -7.5000  -22.500012331.4355   20.8838
    0.0000   -7.5000  -22.500012907.3965   20.8824
    7.5000   -7.5000  -22.500012450.6172   20.9023
   -7.5000    0.0000  -22.500013377.7715   20.9763
    0.0000    0.0000  -22.500014011.8945   20.9653
    7.5000    0.0000  -22.500013532.9688   20.9884
   -7.5000    7.5000  -22.500013327.6494   21.0303
    0.0000    7.5000  -22.500014056.8105   21.0277
    7.5000    7.5000  -22.500013530.5625   21.0476
   -7.5000   15.0000  -22.500013195.3184   21.0007
    0.0000   15.0000  -22.500013892.2139   21.0135
    7.5000   15.0000  -22.500013371.2119   21.0272
   -7.5000   22.5000  -22.500012970.3496   20.9039
    0.0000   22.5000  -22.500013687.8545   20.9234
    7.5000   22.5000  -22.500013109.5127   20.9337
   -7.5000   30.0000  -22.500012635.5303   20.5747
    0.0000   30.0000  -22.500013327.2715   20.5883
    7.5000   30.0000  -22.500012785.1807   20.6014
   -7.5000   37.5000  -22.500012577.3564   20.6106
    0.0000   37.5000  -22.500013223.5020   20.6092
    7.5000   37.5000  -22.500012713.4033   20.6289
   -7.5000   45.0000  -22.500011879.3477   20.2012
    0.0000   45.0000  -22.500012465.4785   20.1906
    7.5000   45.0000  -22.500012031.9863   20.2129
   -7.5000  -45.0000  -15.0000 7597.7651   22.7699
    0.0000  -45.0000  -15.0000 7984.5610   22.7617
    7.5000  -45.0000  -15.0000 7706.8198   22.7820
   -7.5000  -37.5000  -15.0000 8276.2891   22.0845
    0.0000  -37.5000  -15.0000 8703.5986   22.0877
    7.5000  -37.5000  -15.0000 8405.5303   22.1084
   -7.5000  -30.0000  -15.0000 9363.8135   21.5908
    0.0000  -30.0000  -15.0000 9850.3984   21.6114
    7.5000  -30.0000  -15.0000 9510.1592   21.6300
   -7.5000  -22.5000  -15.000010558.9111   21.3860
    0.0000  -22.5000  -15.000011083.3584   21.4115
    7.5000  -22.5000  -15.000010694.7168   21.4273
   -7.5000  -15.0000  -15.000011711.6230   21.3244
    0.0000  -15.0000  -15.000012302.7148   21.3426
    7.5000  -15.0000  -15.000011870.4502   21.3574
   -7.5000   -7.5000  -15.000012934.6992   21.3621
    0.0000   -7.5000  -15.000013570.5137   21.3618
    7.5000   -7.5000  -15.000013123.9277   21.3762
   -7.5000    0.0000  -15.000014173.7051   21.4529
    0.0000    0.0000  -15.000014928.2227   21.4419
    7.5000    0.0000  -15.000014383.2539   21.4570
   -7.5000    7.5000  -15.000014251.7158   21.5015
    0.0000    7.5000  -15.000015106.0508   21.5035
    7.5000    7.5000  -15.000014457.9639   21.5216
   -7.5000   15.0000  -15.000014071.2773   21.4723
    0.0000   15.0000  -15.000014921.2412   21.4923
    7.5000   15.0000  -15.000014186.8604   21.5106
   -7.5000   22.5000  -15.000013680.0205   21.3783
    0.0000   22.5000  -15.000014455.2012   21.4039
    7.5000   22.5000  -15.000013768.5811   21.4196
   -7.5000   30.0000  -15.000013272.0645   21.0485
    0.0000   30.0000  -15.000014004.6748   21.0664
    7.5000   30.0000  -15.000013365.9775   21.0810
   -7.5000   37.5000  -15.000013223.7578   21.0856
    0.0000   37.5000  -15.000013953.7783   21.0853
    7.5000   37.5000  -15.000013317.1152   21.0995
   -7.5000   45.0000  -15.000012483.8252   20.6726
    0.0000   45.0000  -15.000013159.7666   20.6621
    7.5000   45.0000  -15.000012595.9482   20.6766
   -7.5000  -45.0000   -7.5000 7927.3267   23.0180
    0.0000  -45.0000   -7.5000 8345.9414   23.0091
    7.5000  -45.0000   -7.5000 8065.1860   23.0229
   -7.5000  -37.5000   -7.5000 8645.0430   22.3304
    0.0000  -37.5000   -7.5000 9132.3877   22.3364
    7.5000  -37.5000   -7.5000 8814.3359   22.3510
   -7.5000  -30.0000   -7.5000 9822.6885   21.8403
    0.0000  -30.0000   -7.500010351.5361   21.8587
    7.5000  -30.0000   -7.5000 9964.4736   21.8737
   -7.5000  -22.5000   -7.500011057.9482   21.6351
    0.0000  -22.5000   -7.500011631.1240   21.6521
    7.5000  -22.5000   -7.500011205.6758   21.6671
   -7.5000  -15.0000   -7.500012253.7363   21.5686
    0.0000  -15.0000   -7.500012889.0488   21.5759
    7.5000  -15.0000   -7.500012415.6357   21.5907
   -7.5000   -7.5000   -7.500013630.9248   21.5988
    0.0000   -7.5000   -7.500014334.6592   21.5919
    7.5000   -7.5000   -7.500013828.4424   21.6033
   -7.5000    0.0000   -7.500015185.8789   21.6853
    0.0000    0.0000   -7.500016119.8193   21.6747
    7.5000    0.0000   -7.500015338.6357   21.6840
   -7.5000    7.5000   -7.500015444.5557   21.7403
    0.0000    7.5000   -7.500016551.0273   21.7450
    7.5000    7.5000   -7.500015456.6963   21.7575
   -7.5000   15.0000   -7.500014970.9668   21.7203
    0.0000   15.0000   -7.500015969.2412   21.7384
    7.5000   15.0000   -7.500014958.7812   21.7533
   -7.5000   22.5000   -7.500014394.8262   21.6250
    0.0000   22.5000   -7.500015261.0186   21.6420
    7.5000   22.5000   -7.500014392.4443   21.6570
   -7.5000   30.0000   -7.500014029.7051   21.2889
    0.0000   30.0000   -7.500014851.4219   21.2961
    7.5000   30.0000   -7.500014035.4902   21.3107
   -7.5000   37.5000   -7.500014074.7646   21.3187
    0.0000   37.5000   -7.500014890.1904   21.3119
    7.5000   37.5000   -7.500014056.1543   21.3232
   -7.5000   45.0000   -7.500013273.1299   20.9006
    0.0000   45.0000   -7.500014044.2510   20.8904
    7.5000   45.0000   -7.500013301.1738   20.8992
   -7.5000  -45.0000    0.0000 8202.4229   23.0745
    0.0000  -45.0000    0.0000 8677.2305   23.0638
    7.5000  -45.0000    0.0000 8360.9248   23.0805
   -7.5000  -37.5000    0.0000 8976.8682   22.3949
    0.0000  -37.5000    0.0000 9514.9941   22.3980
    7.5000  -37.5000    0.0000 9140.7988   22.4105
   -7.5000  -30.0000    0.000010188.6299   21.9098
    0.0000  -30.0000    0.000010746.1748   21.9197
    7.5000  -30.0000    0.000010310.5117   21.9289
   -7.5000  -22.5000    0.000011449.1875   21.6999
    0.0000  -22.5000    0.000012064.4707   21.7039
    7.5000  -22.5000    0.000011591.1729   21.7146
   -7.5000  -15.0000    0.000012726.6709   21.6271
    0.0000  -15.0000    0.000013364.1973   21.6211
    7.5000  -15.0000    0.000012843.2217   21.6356
   -7.5000   -7.5000    0.000014200.6494   21.6503
    0.0000   -7.5000    0.000014904.3105   21.6367
    7.5000   -7.5000    0.000014297.7471   21.6518
   -7.5000    0.0000    0.000015949.5176   21.7359
    0.0000    0.0000    0.000016975.9219   21.7254
    7.5000    0.0000    0.000015950.0947   21.7382
   -7.5000    7.5000    0.000016247.6045   21.8018
    0.0000    7.5000    0.000017560.4082   21.8043
    7.5000    7.5000    0.000016082.2109   21.8151
   -7.5000   15.0000    0.000015608.9307   21.7889
    0.0000   15.0000    0.000016834.8301   21.7985
    7.5000   15.0000    0.000015557.1025   21.8077
   -7.5000   22.5000    0.000015022.3203   21.6898
    0.0000   22.5000    0.000016064.7617   21.6939
    7.5000   22.5000    0.000014962.6885   21.7045
   -7.5000   30.0000    0.000014798.2344   21.3472
    0.0000   30.0000    0.000015714.4717   21.3413
    7.5000   30.0000    0.000014658.9639   21.3556
   -7.5000   37.5000    0.000014880.5352   21.3701
    0.0000   37.5000    0.000015744.7803   21.3567
    7.5000   37.5000    0.000014708.5762   21.3716
   -7.5000   45.0000    0.000013943.7803   20.9509
    0.0000   45.0000    0.000014758.6924   20.9408
    7.5000   45.0000    0.000013870.6719   20.9531
   -7.5000  -45.0000    7.5000 7834.4663   23.1025
    0.0000  -45.0000    7.5000 8276.5420   23.0915
    7.5000  -45.0000    7.5000 7965.9033   23.1184
   -7.5000  -37.5000    7.5000 8642.4512   22.4275
    0.0000  -37.5000    7.5000 9128.4775   22.4266
    7.5000  -37.5000    7.5000 8760.5811   22.4431
   -7.5000  -30.0000    7.5000 9823.6182   21.9400
    0.0000  -30.0000    7.500010353.4736   21.9460
    7.5000  -30.0000    7.5000 9909.6201   21.9527
   -7.5000  -22.5000    7.500011060.1357   21.7231
    0.0000  -22.5000    7.500011656.6162   21.7249
    7.5000  -22.5000    7.500011093.5439   21.7313
   -7.5000  -15.0000    7.500012255.2793   21.6478
    0.0000  -15.0000    7.500012853.4980   21.6404
    7.5000  -15.0000    7.500012226.0840   21.6542
   -7.5000   -7.5000    7.500013610.2646   21.6711
    0.0000   -7.5000    7.500014282.6250   21.6580
    7.5000   -7.5000    7.500013588.0146   21.6800
   -7.5000    0.0000    7.500015235.9688   21.7607
    0.0000    0.0000    7.500016183.1260   21.7508
    7.5000    0.0000    7.500015177.4727   21.7737
   -7.5000    7.5000    7.500015577.3906   21.8328
    0.0000    7.5000    7.500016820.1465   21.8322
    7.5000    7.5000    7.500015440.3320   21.8470
   -7.5000   15.0000    7.500015227.9805   21.8184
    0.0000   15.0000    7.500016461.5977   21.8239
    7.5000   15.0000    7.500015154.8086   21.8303
   -7.5000   22.5000    7.500014803.7686   21.7130
    0.0000   22.5000    7.500015915.8047   21.7148
    7.5000   22.5000    7.500014713.5059   21.7212
   -7.5000   30.0000    7.500014414.6836   21.3676
    0.0000   30.0000    7.500015390.8008   21.3603
    7.5000   30.0000    7.500014275.5850   21.3739
   -7.5000   37.5000    7.500014402.1992   21.3906
    0.0000   37.5000    7.500015232.2607   21.3777
    7.5000   37.5000    7.500014220.4414   21.3994
   -7.5000   45.0000    7.500013434.6768   20.9748
    0.0000   45.0000    7.500014178.7666   20.9652
    7.5000   45.0000    7.500013322.3896   20.9873
   -7.5000  -45.0000   15.0000 7394.3223   23.1241
    0.0000  -45.0000   15.0000 7819.4346   23.1133
    7.5000  -45.0000   15.0000 7486.6973   23.1461
   -7.5000  -37.5000   15.0000 8199.4883   22.4445
    0.0000  -37.5000   15.0000 8657.7725   22.4409
    7.5000  -37.5000   15.0000 8236.0811   22.4618
   -7.5000  -30.0000   15.0000 9317.5801   21.9489
    0.0000  -30.0000   15.0000 9827.0732   21.9567
    7.5000  -30.0000   15.0000 9322.7197   21.9649
   -7.5000  -22.5000   15.000010543.8174   21.7292
    0.0000  -22.5000   15.000011052.3730   21.7385
    7.5000  -22.5000   15.000010440.9336   21.7439
   -7.5000  -15.0000   15.000011666.6963   21.6570
    0.0000  -15.0000   15.000012185.8633   21.6588
    7.5000  -15.0000   15.000011525.3525   21.6717
   -7.5000   -7.5000   15.000012903.8477   21.6868
    0.0000   -7.5000   15.000013481.4736   21.6793
    7.5000   -7.5000   15.000012789.2090   21.7038
   -7.5000    0.0000   15.000014285.5059   21.7818
    0.0000    0.0000   15.000014995.6221   21.7714
    7.5000    0.0000   15.000014231.7129   21.7995
   -7.5000    7.5000   15.000014467.4141   21.8498
    0.0000    7.5000   15.000015284.8994   21.8466
    7.5000    7.5000   15.000014406.7246   21.8655
   -7.5000   15.0000   15.000014244.2334   21.8271
    0.0000   15.0000   15.000014965.0469   21.8342
    7.5000   15.0000   15.000014249.1777   21.8420
   -7.5000   22.5000   15.000013933.5371   21.7191
    0.0000   22.5000   15.000014633.8281   21.7284
    7.5000   22.5000   15.000013920.4814   21.7338
   -7.5000   30.0000   15.000013589.7031   21.3767
    0.0000   30.0000   15.000014262.1182   21.3785
    7.5000   30.0000   15.000013549.7129   21.3912
   -7.5000   37.5000   15.000013523.1836   21.4062
    0.0000   37.5000   15.000014161.3252   21.3987
    7.5000   37.5000   15.000013452.2471   21.4229
   -7.5000   45.0000   15.000012644.2754   20.9951
    0.0000   45.0000   15.000013236.8320   20.9851
    7.5000   45.0000   15.000012555.4795   21.0122
   -7.5000  -45.0000   22.5000 6891.2144   23.1150
    0.0000  -45.0000   22.5000 7264.0312   23.1051
    7.5000  -45.0000   22.5000 6929.1719   23.1345
   -7.5000  -37.5000   22.5000 7684.1831   22.4249
    0.0000  -37.5000   22.5000 8064.6143   22.4226
    7.5000  -37.5000   22.5000 7657.3462   22.4458
   -7.5000  -30.0000   22.5000 8727.0078   21.9224
    0.0000  -30.0000   22.5000 9150.0547   21.9364
    7.5000  -30.0000   22.5000 8688.3223   21.9510
   -7.5000  -22.5000   22.5000 9849.5723   21.7074
    0.0000  -22.5000   22.500010289.7061   21.7277
    7.5000  -22.5000   22.5000 9763.5117   21.7385
   -7.5000  -15.0000   22.500010854.4141   21.6420
    0.0000  -15.0000   22.500011334.6270   21.6563
    7.5000  -15.0000   22.500010784.6973   21.6702
   -7.5000   -7.5000   22.500011965.7266   21.6798
    0.0000   -7.5000   22.500012510.3203   21.6784
    7.5000   -7.5000   22.500011952.1738   21.6991
   -7.5000    0.0000   22.500013096.2969   21.7759
    0.0000    0.0000   22.500013731.4316   21.7645
    7.5000    0.0000   22.500013137.0166   21.7885
   -7.5000    7.5000   22.500013128.1016   21.8320
    0.0000    7.5000   22.500013810.1230   21.8293
    7.5000    7.5000   22.500013179.5986   21.8500
   -7.5000   15.0000   22.500012936.2695   21.8012
    0.0000   15.0000   22.500013520.4512   21.8146
    7.5000   15.0000   22.500013013.1592   21.8288
   -7.5000   22.5000   22.500012672.4365   21.6974
    0.0000   22.5000   22.500013272.5127   21.7176
    7.5000   22.5000   22.500012740.5342   21.7284
   -7.5000   30.0000   22.500012379.7725   21.3619
    0.0000   30.0000   22.500012970.5645   21.3760
    7.5000   30.0000   22.500012428.1699   21.3897
   -7.5000   37.5000   22.500012433.8369   21.3992
    0.0000   37.5000   22.500012993.7051   21.3978
    7.5000   37.5000   22.500012417.3779   21.4183
   -7.5000   45.0000   22.500011727.6396   20.9895
    0.0000   45.0000   22.500012240.5820   20.9785
    7.5000   45.0000   22.500011666.8047   21.0016
   -7.5000  -45.0000   30.0000 6334.3184   23.2689
    0.0000  -45.0000   30.0000 6635.4263   23.2616
    7.5000  -45.0000   30.0000 6335.5693   23.2836
   -7.5000  -37.5000   30.0000 7054.7041   22.5632
    0.0000  -37.5000   30.0000 7379.9624   22.5677
    7.5000  -37.5000   30.0000 7023.3164   22.5898
   -7.5000  -30.0000   30.0000 8001.4370   22.0550
    0.0000  -30.0000   30.0000 8357.8926   22.0771
    7.5000  -30.0000   30.0000 7979.5747   22.0970
   -7.5000  -22.5000   30.0000 8979.4160   21.8439
    0.0000  -22.5000   30.0000 9397.0176   21.8711
    7.5000  -22.5000   30.0000 8988.6592   21.8879
   -7.5000  -15.0000   30.0000 9923.9453   21.7805
    0.0000  -15.0000   30.000010378.6729   21.7999
    7.5000  -15.0000   30.0000 9959.3271   21.8158
   -7.5000   -7.5000   30.000010928.9639   21.8192
    0.0000   -7.5000   30.000011462.1533   21.8198
    7.5000   -7.5000   30.000010997.0273   21.8353
   -7.5000    0.0000   30.000011940.9043   21.9128
    0.0000    0.0000   30.000012532.2881   21.9026
    7.5000    0.0000   30.000012031.2969   21.9190
   -7.5000    7.5000   30.000011955.0938   21.9630
    0.0000    7.5000   30.000012582.7383   21.9662
    7.5000    7.5000   30.000012039.2920   21.9857
   -7.5000   15.0000   30.000011811.4678   21.9329
    0.0000   15.0000   30.000012333.3936   21.9545
    7.5000   15.0000   30.000011859.7227   21.9741
   -7.5000   22.5000   30.000011525.0703   21.8338
    0.0000   22.5000   30.000012044.7930   21.8609
    7.5000   22.5000   30.000011579.6064   21.8777
   -7.5000   30.0000   30.000011231.6357   21.4986
    0.0000   30.0000   30.000011775.0537   21.5178
    7.5000   30.0000   30.000011285.5439   21.5334
   -7.5000   37.5000   30.000011343.6338   21.5368
    0.0000   37.5000   30.000011844.3730   21.5374
    7.5000   37.5000   30.000011340.0156   21.5527
   -7.5000   45.0000   30.000010752.2510   21.1214
    0.0000   45.0000   30.000011228.7119   21.1116
    7.5000   45.0000   30.000010718.7734   21.1273
   -7.5000  -45.0000   37.5000 6050.4927   23.8526
    0.0000  -45.0000   37.5000 6326.4058   23.8450
    7.5000  -45.0000   37.5000 6031.6802   23.8623
   -7.5000  -37.5000   37.5000 6724.2603   23.1166
    0.0000  -37.5000   37.5000 7023.9258   23.1244
    7.5000  -37.5000   37.5000 6689.2603   23.1424
   -7.5000  -30.0000   37.5000 7620.9971   22.5926
    0.0000  -30.0000   37.5000 7958.4307   22.6130
    7.5000  -30.0000   37.5000 7610.4438   22.6312
   -7.5000  -22.5000   37.5000 8565.1885   22.3737
    0.0000  -22.5000   37.5000 8939.8467   22.3923
    7.5000  -22.5000   37.5000 8600.4121   22.4104
   -7.5000  -15.0000   37.5000 9509.3936   22.3030
    0.0000  -15.0000   37.5000 9926.2578   22.3114
    7.5000  -15.0000   37.5000 9555.4951   22.3293
   -7.5000   -7.5000   37.500010487.9912   22.3351
    0.0000   -7.5000   37.500010968.4795   22.3289
    7.5000   -7.5000   37.500010549.3184   22.3433
   -7.5000    0.0000   37.500011451.4902   22.4273
    0.0000    0.0000   37.500011948.5254   22.4177
    7.5000    0.0000   37.500011493.5381   22.4298
   -7.5000    7.5000   37.500011428.7432   22.4860
    0.0000    7.5000   37.500011970.7656   22.4924
    7.5000    7.5000   37.500011474.2168   22.5079
   -7.5000   15.0000   37.500011260.3389   22.4646
    0.0000   15.0000   37.500011769.0332   22.4845
    7.5000   15.0000   37.500011298.3750   22.5026
   -7.5000   22.5000   37.500011002.1426   22.3633
    0.0000   22.5000   37.500011482.1055   22.3819
    7.5000   22.5000   37.500011053.3984   22.4000
   -7.5000   30.0000   37.500010677.3115   22.0143
    0.0000   30.0000   37.500011176.4521   22.0227
    7.5000   30.0000   37.500010714.1289   22.0403
   -7.5000   37.5000   37.500010788.7109   22.0460
    0.0000   37.5000   37.500011253.3506   22.0399
    7.5000   37.5000   37.500010783.0234   22.0541
   -7.5000   45.0000   37.500010259.2480   21.6174
    0.0000   45.0000   37.500010697.7363   21.6081
    7.5000   45.0000   37.500010222.9688   21.6198
   -7.5000  -45.0000   45.0000 5566.1870   24.6845
    0.0000  -45.0000   45.0000 5836.5894   24.6816
    7.5000  -45.0000   45.0000 5546.9067   24.7071
   -7.5000  -37.5000   45.0000 6154.2954   23.9011
    0.0000  -37.5000   45.0000 6451.1079   23.9111
    7.5000  -37.5000   45.0000 6149.6211   23.9296
   -7.5000  -30.0000   45.0000 6971.6045   23.3360
    0.0000  -30.0000   45.0000 7314.5435   23.3516
    7.5000  -30.0000   45.0000 6990.7720   23.3650
   -7.5000  -22.5000   45.0000 7876.5459   23.0903
    0.0000  -22.5000   45.0000 8239.7246   23.0997
    7.5000  -22.5000   45.0000 7903.8359   23.1150
   -7.5000  -15.0000   45.0000 8763.3984   23.0095
    0.0000  -15.0000   45.0000 9140.8682   23.0095
    7.5000  -15.0000   45.0000 8794.4844   23.0304
   -7.5000   -7.5000   45.0000 9649.0693   23.0444
    0.0000   -7.5000   45.000010062.9209   23.0373
    7.5000   -7.5000   45.0000 9681.5098   23.0601
   -7.5000    0.0000   45.000010499.1787   23.1494
    0.0000    0.0000   45.000010924.6992   23.1458
    7.5000    0.0000   45.000010540.6133   23.1659
   -7.5000    7.5000   45.000010499.6445   23.2223
    0.0000    7.5000   45.000010949.5088   23.2314
    7.5000    7.5000   45.000010534.3467   23.2476
   -7.5000   15.0000   45.000010305.9160   23.1980
    0.0000   15.0000   45.000010775.3408   23.2132
    7.5000   15.0000   45.000010345.2402   23.2265
   -7.5000   22.5000   45.000010095.0850   23.0795
    0.0000   22.5000   45.000010511.8662   23.0889
    7.5000   22.5000   45.000010117.9033   23.1042
   -7.5000   30.0000   45.0000 9771.0381   22.7098
    0.0000   30.0000   45.000010197.6143   22.7097
    7.5000   30.0000   45.0000 9782.4268   22.7304
   -7.5000   37.5000   45.0000 9849.7080   22.7442
    0.0000   37.5000   45.000010290.3613   22.7372
    7.5000   37.5000   45.0000 9847.6523   22.7597
   -7.5000   45.0000   45.0000 9372.9756   22.3234
    0.0000   45.0000   45.0000 9742.8623   22.3200
    7.5000   45.0000   45.0000 9324.6465   22.3394

---------------------------------------------------------------------
imgreg_4dfp /opt/freesurfer/average/711-2C_as_mni_average_305 /opt/freesurfer/average/711-2B_as_mni_average_305_mask talsrcimg_g11 none talsrcimg_to_711-2C_as_mni_average_305_t4 4355
---------------------------------------------------------------------

freesurfer imgreg_4dfp.c
/opt/freesurfer/average/711-2C_as_mni_average_305.4dfp.img
       256       256       256         1
  1.000000  1.000000  1.000000
orientation T byte_order littleendian
Reading image: /opt/freesurfer/average/711-2C_as_mni_average_305.4dfp.img
dimensions:      256       256       256
mmppix:       1.0000   -1.0000   -1.0000
center:     128.0000 -129.0000 -129.0000
/opt/freesurfer/average/711-2B_as_mni_average_305_mask.4dfp.img
       256       256       256         1
  1.000000  1.000000  1.000000
orientation T byte_order littleendian
Reading mask: /opt/freesurfer/average/711-2B_as_mni_average_305_mask.4dfp.img (2306576 pixels)
talsrcimg_g11.4dfp.img
       256       256       256         1
  1.000000  1.000000  1.000000
orientation T byte_order littleendian
Reading image: talsrcimg_g11.4dfp.img
dimensions:      256       256       256
mmppix:       1.0000   -1.0000   -1.0000
center:     128.0000 -129.0000 -129.0000
rotation matrix determinant  1.000000
image alignment mode   4355 decimal     1103 hex
   -7.5000  -37.5000  -45.0000 1882.3068   29.8012
    0.0000  -37.5000  -45.0000 1900.2952   29.5925
    7.5000  -37.5000  -45.0000 1893.5663   29.4154
   -7.5000  -30.0000  -45.0000 2009.7197   26.2984
    0.0000  -30.0000  -45.0000 2029.2240   26.0183
    7.5000  -30.0000  -45.0000 2018.7028   25.9741
   -7.5000  -22.5000  -45.0000 2133.0073   23.3998
    0.0000  -22.5000  -45.0000 2152.6501   23.1729
    7.5000  -22.5000  -45.0000 2137.9246   23.2362
   -7.5000  -15.0000  -45.0000 2237.5667   21.1951
    0.0000  -15.0000  -45.0000 2249.6155   20.9956
    7.5000  -15.0000  -45.0000 2236.5093   21.0948
   -7.5000   -7.5000  -45.0000 2317.1675   19.6015
    0.0000   -7.5000  -45.0000 2330.5750   19.3900
    7.5000   -7.5000  -45.0000 2311.1624   19.5296
   -7.5000    0.0000  -45.0000 2372.0281   18.5229
    0.0000    0.0000  -45.0000 2375.3931   18.3441
    7.5000    0.0000  -45.0000 2354.7480   18.4929
   -7.5000    7.5000  -45.0000 2383.6162   17.8190
    0.0000    7.5000  -45.0000 2387.3757   17.6567
    7.5000    7.5000  -45.0000 2371.3643   17.8480
   -7.5000   15.0000  -45.0000 2393.8782   17.4439
    0.0000   15.0000  -45.0000 2398.8108   17.3479
    7.5000   15.0000  -45.0000 2383.7859   17.4780
   -7.5000   22.5000  -45.0000 2392.3269   17.4990
    0.0000   22.5000  -45.0000 2395.3311   17.2885
    7.5000   22.5000  -45.0000 2383.6147   17.5146
   -7.5000   30.0000  -45.0000 2355.5916   17.6649
    0.0000   30.0000  -45.0000 2368.0303   17.5610
    7.5000   30.0000  -45.0000 2353.5544   17.7646
   -7.5000   37.5000  -45.0000 2320.1826   18.3256
    0.0000   37.5000  -45.0000 2331.1716   18.1558
    7.5000   37.5000  -45.0000 2314.4888   18.3880
   -7.5000   45.0000  -45.0000 2256.5027   19.3360
    0.0000   45.0000  -45.0000 2261.8179   19.1920
    7.5000   45.0000  -45.0000 2250.6841   19.4196
   -7.5000   52.5000  -45.0000 2154.1577   20.5660
    0.0000   52.5000  -45.0000 2162.9380   20.4567
    7.5000   52.5000  -45.0000 2148.0129   20.6755
   -7.5000  -37.5000  -37.5000 1937.1195   28.1749
    0.0000  -37.5000  -37.5000 1952.0211   27.7411
    7.5000  -37.5000  -37.5000 1943.2852   27.8759
   -7.5000  -30.0000  -37.5000 2071.3806   24.8353
    0.0000  -30.0000  -37.5000 2091.5630   24.5126
    7.5000  -30.0000  -37.5000 2078.7537   24.6198
   -7.5000  -22.5000  -37.5000 2201.7869   22.1293
    0.0000  -22.5000  -37.5000 2219.2695   21.8483
    7.5000  -22.5000  -37.5000 2208.2095   21.9358
   -7.5000  -15.0000  -37.5000 2310.6689   20.0034
    0.0000  -15.0000  -37.5000 2322.8462   19.7573
    7.5000  -15.0000  -37.5000 2314.0334   19.8089
   -7.5000   -7.5000  -37.5000 2394.7288   18.3733
    0.0000   -7.5000  -37.5000 2404.4487   18.1270
    7.5000   -7.5000  -37.5000 2394.7717   18.2291
   -7.5000    0.0000  -37.5000 2454.4675   17.2617
    0.0000    0.0000  -37.5000 2456.2695   17.0299
    7.5000    0.0000  -37.5000 2444.8538   17.1731
   -7.5000    7.5000  -37.5000 2476.2141   16.5312
    0.0000    7.5000  -37.5000 2475.8040   16.3781
    7.5000    7.5000  -37.5000 2469.1675   16.4864
   -7.5000   15.0000  -37.5000 2492.0298   16.1814
    0.0000   15.0000  -37.5000 2494.3218   16.0567
    7.5000   15.0000  -37.5000 2480.5500   16.1845
   -7.5000   22.5000  -37.5000 2499.6633   16.1444
    0.0000   22.5000  -37.5000 2500.5232   15.9868
    7.5000   22.5000  -37.5000 2485.2903   16.1617
   -7.5000   30.0000  -37.5000 2459.1885   16.3094
    0.0000   30.0000  -37.5000 2472.9443   16.2326
    7.5000   30.0000  -37.5000 2450.6721   16.4002
   -7.5000   37.5000  -37.5000 2418.9124   16.9393
    0.0000   37.5000  -37.5000 2427.5032   16.7731
    7.5000   37.5000  -37.5000 2409.5142   16.9858
   -7.5000   45.0000  -37.5000 2352.1636   17.8772
    0.0000   45.0000  -37.5000 2359.4824   17.7176
    7.5000   45.0000  -37.5000 2343.2322   17.9433
   -7.5000   52.5000  -37.5000 2249.9675   19.0239
    0.0000   52.5000  -37.5000 2261.5002   18.9049
    7.5000   52.5000  -37.5000 2244.7805   19.1221
   -7.5000  -37.5000  -30.0000 2019.2660   27.7567
    0.0000  -37.5000  -30.0000 2034.3141   27.2670
    7.5000  -37.5000  -30.0000 2022.6001   27.5042
   -7.5000  -30.0000  -30.0000 2162.3035   24.4272
    0.0000  -30.0000  -30.0000 2176.6533   24.0825
    7.5000  -30.0000  -30.0000 2169.4363   24.2402
   -7.5000  -22.5000  -30.0000 2300.0278   21.6997
    0.0000  -22.5000  -30.0000 2308.7090   21.4129
    7.5000  -22.5000  -30.0000 2300.7908   21.4973
   -7.5000  -15.0000  -30.0000 2415.9924   19.5994
    0.0000  -15.0000  -30.0000 2422.5554   19.3076
    7.5000  -15.0000  -30.0000 2415.9568   19.3700
   -7.5000   -7.5000  -30.0000 2510.7004   17.9775
    0.0000   -7.5000  -30.0000 2520.4385   17.7338
    7.5000   -7.5000  -30.0000 2509.0747   17.7996
   -7.5000    0.0000  -30.0000 2571.7610   16.7943
    0.0000    0.0000  -30.0000 2579.7451   16.5557
    7.5000    0.0000  -30.0000 2570.4338   16.6490
   -7.5000    7.5000  -30.0000 2603.9216   15.9662
    0.0000    7.5000  -30.0000 2605.5762   15.8048
    7.5000    7.5000  -30.0000 2596.7629   15.9066
   -7.5000   15.0000  -30.0000 2629.0461   15.5561
    0.0000   15.0000  -30.0000 2627.6228   15.4136
    7.5000   15.0000  -30.0000 2614.7834   15.5449
   -7.5000   22.5000  -30.0000 2644.7437   15.4407
    0.0000   22.5000  -30.0000 2643.9775   15.2774
    7.5000   22.5000  -30.0000 2625.9092   15.4399
   -7.5000   30.0000  -30.0000 2602.9543   15.6595
    0.0000   30.0000  -30.0000 2608.8311   15.5287
    7.5000   30.0000  -30.0000 2587.8613   15.6726
   -7.5000   37.5000  -30.0000 2559.6985   16.2756
    0.0000   37.5000  -30.0000 2566.3164   16.0741
    7.5000   37.5000  -30.0000 2548.8022   16.2530
   -7.5000   45.0000  -30.0000 2490.8301   17.2225
    0.0000   45.0000  -30.0000 2493.1064   17.0194
    7.5000   45.0000  -30.0000 2483.7471   17.2346
   -7.5000   52.5000  -30.0000 2386.6343   18.3413
    0.0000   52.5000  -30.0000 2393.8264   18.1413
    7.5000   52.5000  -30.0000 2382.4675   18.3660
   -7.5000  -37.5000  -22.5000 2075.2031   27.3278
    0.0000  -37.5000  -22.5000 2092.5632   26.8982
    7.5000  -37.5000  -22.5000 2085.4956   27.0102
   -7.5000  -30.0000  -22.5000 2216.8884   23.8952
    0.0000  -30.0000  -22.5000 2235.8691   23.5902
    7.5000  -30.0000  -22.5000 2234.1829   23.7362
   -7.5000  -22.5000  -22.5000 2361.9995   21.1805
    0.0000  -22.5000  -22.5000 2373.0999   20.9143
    7.5000  -22.5000  -22.5000 2372.1299   20.9957
   -7.5000  -15.0000  -22.5000 2481.3447   19.1204
    0.0000  -15.0000  -22.5000 2491.7881   18.8439
    7.5000  -15.0000  -22.5000 2487.0542   18.9362
   -7.5000   -7.5000  -22.5000 2584.4534   17.5189
    0.0000   -7.5000  -22.5000 2592.0813   17.2243
    7.5000   -7.5000  -22.5000 2586.6208   17.3250
   -7.5000    0.0000  -22.5000 2657.6934   16.3142
    0.0000    0.0000  -22.5000 2662.5354   16.0328
    7.5000    0.0000  -22.5000 2661.0754   16.1325
   -7.5000    7.5000  -22.5000 2700.4626   15.4080
    0.0000    7.5000  -22.5000 2705.6228   15.2105
    7.5000    7.5000  -22.5000 2699.6077   15.2795
   -7.5000   15.0000  -22.5000 2733.2798   14.8802
    0.0000   15.0000  -22.5000 2735.9429   14.6667
    7.5000   15.0000  -22.5000 2720.8599   14.8121
   -7.5000   22.5000  -22.5000 2752.0742   14.6740
    0.0000   22.5000  -22.5000 2754.2417   14.4971
    7.5000   22.5000  -22.5000 2737.1250   14.6717
   -7.5000   30.0000  -22.5000 2722.0105   14.9334
    0.0000   30.0000  -22.5000 2728.3694   14.7430
    7.5000   30.0000  -22.5000 2706.1011   14.9036
   -7.5000   37.5000  -22.5000 2679.0034   15.5471
    0.0000   37.5000  -22.5000 2685.1594   15.3342
    7.5000   37.5000  -22.5000 2667.0569   15.4838
   -7.5000   45.0000  -22.5000 2600.2520   16.4651
    0.0000   45.0000  -22.5000 2606.9316   16.2506
    7.5000   45.0000  -22.5000 2595.4526   16.4364
   -7.5000   52.5000  -22.5000 2488.5891   17.6290
    0.0000   52.5000  -22.5000 2498.1768   17.4343
    7.5000   52.5000  -22.5000 2483.3091   17.6283
   -7.5000  -37.5000  -15.0000 2089.7195   26.9041
    0.0000  -37.5000  -15.0000 2111.4958   26.5625
    7.5000  -37.5000  -15.0000 2108.8254   26.6043
   -7.5000  -30.0000  -15.0000 2240.6716   23.5106
    0.0000  -30.0000  -15.0000 2256.0803   23.1826
    7.5000  -30.0000  -15.0000 2258.8657   23.2939
   -7.5000  -22.5000  -15.0000 2386.9307   20.8019
    0.0000  -22.5000  -15.0000 2394.8840   20.4873
    7.5000  -22.5000  -15.0000 2395.1667   20.5802
   -7.5000  -15.0000  -15.0000 2507.0320   18.7473
    0.0000  -15.0000  -15.0000 2518.7905   18.4175
    7.5000  -15.0000  -15.0000 2512.3335   18.5261
   -7.5000   -7.5000  -15.0000 2615.0620   17.1519
    0.0000   -7.5000  -15.0000 2628.2361   16.8721
    7.5000   -7.5000  -15.0000 2621.2278   16.9664
   -7.5000    0.0000  -15.0000 2704.1904   15.9459
    0.0000    0.0000  -15.0000 2718.0291   15.7086
    7.5000    0.0000  -15.0000 2709.9067   15.7422
   -7.5000    7.5000  -15.0000 2770.7988   14.9728
    0.0000    7.5000  -15.0000 2781.5212   14.8268
    7.5000    7.5000  -15.0000 2768.2788   14.7999
   -7.5000   15.0000  -15.0000 2805.0908   14.2787
    0.0000   15.0000  -15.0000 2810.1936   14.0984
    7.5000   15.0000  -15.0000 2790.3550   14.1745
   -7.5000   22.5000  -15.0000 2828.5015   14.0055
    0.0000   22.5000  -15.0000 2829.6809   13.8224
    7.5000   22.5000  -15.0000 2803.7053   13.9304
   -7.5000   30.0000  -15.0000 2795.9250   14.2264
    0.0000   30.0000  -15.0000 2804.2727   14.0254
    7.5000   30.0000  -15.0000 2776.2761   14.1619
   -7.5000   37.5000  -15.0000 2755.3594   14.8462
    0.0000   37.5000  -15.0000 2762.3320   14.6347
    7.5000   37.5000  -15.0000 2739.5601   14.7848
   -7.5000   45.0000  -15.0000 2675.0103   15.8553
    0.0000   45.0000  -15.0000 2683.1477   15.6138
    7.5000   45.0000  -15.0000 2665.6948   15.8033
   -7.5000   52.5000  -15.0000 2558.1707   17.0859
    0.0000   52.5000  -15.0000 2568.9744   16.8757
    7.5000   52.5000  -15.0000 2547.7964   17.0635
   -7.5000  -37.5000   -7.5000 2079.8184   26.6973
    0.0000  -37.5000   -7.5000 2102.2078   26.3464
    7.5000  -37.5000   -7.5000 2106.1968   26.3634
   -7.5000  -30.0000   -7.5000 2241.8762   23.2868
    0.0000  -30.0000   -7.5000 2255.0898   22.9516
    7.5000  -30.0000   -7.5000 2259.1255   22.9994
   -7.5000  -22.5000   -7.5000 2391.8657   20.6331
    0.0000  -22.5000   -7.5000 2398.7319   20.2681
    7.5000  -22.5000   -7.5000 2401.0400   20.3211
   -7.5000  -15.0000   -7.5000 2520.8181   18.4993
    0.0000  -15.0000   -7.5000 2526.5288   18.1902
    7.5000  -15.0000   -7.5000 2521.1135   18.2556
   -7.5000   -7.5000   -7.5000 2636.2605   16.9154
    0.0000   -7.5000   -7.5000 2642.4360   16.6838
    7.5000   -7.5000   -7.5000 2633.5178   16.6928
   -7.5000    0.0000   -7.5000 2738.1326   15.7536
    0.0000    0.0000   -7.5000 2746.1072   15.6132
    7.5000    0.0000   -7.5000 2733.0679   15.4974
   -7.5000    7.5000   -7.5000 2821.2266   14.7649
    0.0000    7.5000   -7.5000 2834.5884   14.7261
    7.5000    7.5000   -7.5000 2809.3481   14.5193
   -7.5000   15.0000   -7.5000 2851.2822   13.8542
    0.0000   15.0000   -7.5000 2862.4561   13.8105
    7.5000   15.0000   -7.5000 2838.6121   13.7030
   -7.5000   22.5000   -7.5000 2869.1826   13.4048
    0.0000   22.5000   -7.5000 2869.2908   13.2858
    7.5000   22.5000   -7.5000 2835.6570   13.3450
   -7.5000   30.0000   -7.5000 2840.3889   13.6589
    0.0000   30.0000   -7.5000 2846.6345   13.5060
    7.5000   30.0000   -7.5000 2814.1924   13.6564
   -7.5000   37.5000   -7.5000 2808.6904   14.3998
    0.0000   37.5000   -7.5000 2815.8948   14.2290
    7.5000   37.5000   -7.5000 2782.4631   14.3886
   -7.5000   45.0000   -7.5000 2725.5164   15.4346
    0.0000   45.0000   -7.5000 2736.4241   15.2509
    7.5000   45.0000   -7.5000 2711.1736   15.4018
   -7.5000   52.5000   -7.5000 2598.4426   16.6870
    0.0000   52.5000   -7.5000 2610.4871   16.5037
    7.5000   52.5000   -7.5000 2586.0598   16.6749
   -7.5000  -37.5000    0.0000 2068.8181   26.8516
    0.0000  -37.5000    0.0000 2088.0732   26.5304
    7.5000  -37.5000    0.0000 2086.5925   26.3826
   -7.5000  -30.0000    0.0000 2226.8550   23.2650
    0.0000  -30.0000    0.0000 2241.6392   23.0200
    7.5000  -30.0000    0.0000 2232.6296   22.9374
   -7.5000  -22.5000    0.0000 2370.6165   20.5228
    0.0000  -22.5000    0.0000 2380.8242   20.2398
    7.5000  -22.5000    0.0000 2377.9360   20.2263
   -7.5000  -15.0000    0.0000 2504.2627   18.4400
    0.0000  -15.0000    0.0000 2511.6755   18.1928
    7.5000  -15.0000    0.0000 2500.9072   18.1580
   -7.5000   -7.5000    0.0000 2628.1824   16.9060
    0.0000   -7.5000    0.0000 2632.8760   16.6877
    7.5000   -7.5000    0.0000 2616.4072   16.6357
   -7.5000    0.0000    0.0000 2741.1357   15.7856
    0.0000    0.0000    0.0000 2741.8542   15.6961
    7.5000    0.0000    0.0000 2728.1196   15.4675
   -7.5000    7.5000    0.0000 2824.5903   14.8266
    0.0000    7.5000    0.0000 2844.5256   14.8511
    7.5000    7.5000    0.0000 2810.8254   14.4907
   -7.5000   15.0000    0.0000 2862.5100   13.8471
    0.0000   15.0000    0.0000 2894.4495   13.9156
    7.5000   15.0000    0.0000 2850.0952   13.6175
   -7.5000   22.5000    0.0000 2871.9604   13.1488
    0.0000   22.5000    0.0000 2881.2637   13.1321
    7.5000   22.5000    0.0000 2850.8125   13.2052
   -7.5000   30.0000    0.0000 2863.7788   13.4592
    0.0000   30.0000    0.0000 2871.3120   13.4002
    7.5000   30.0000    0.0000 2830.7173   13.5281
   -7.5000   37.5000    0.0000 2825.8135   14.2219
    0.0000   37.5000    0.0000 2826.9075   14.1171
    7.5000   37.5000    0.0000 2794.3901   14.2356
   -7.5000   45.0000    0.0000 2728.3506   15.2736
    0.0000   45.0000    0.0000 2740.9187   15.1580
    7.5000   45.0000    0.0000 2717.0913   15.2833
   -7.5000   52.5000    0.0000 2602.0112   16.5702
    0.0000   52.5000    0.0000 2616.1899   16.4433
    7.5000   52.5000    0.0000 2592.8591   16.5501
   -7.5000  -37.5000    7.5000 2047.6316   27.4464
    0.0000  -37.5000    7.5000 2062.1736   27.0718
    7.5000  -37.5000    7.5000 2056.3198   26.8809
   -7.5000  -30.0000    7.5000 2210.5813   23.7502
    0.0000  -30.0000    7.5000 2222.8960   23.4294
    7.5000  -30.0000    7.5000 2210.9695   23.3569
   -7.5000  -22.5000    7.5000 2357.9570   20.8260
    0.0000  -22.5000    7.5000 2370.5710   20.5728
    7.5000  -22.5000    7.5000 2358.8586   20.4920
   -7.5000  -15.0000    7.5000 2488.3083   18.6975
    0.0000  -15.0000    7.5000 2495.3467   18.4640
    7.5000  -15.0000    7.5000 2478.8621   18.3330
   -7.5000   -7.5000    7.5000 2609.7017   17.1563
    0.0000   -7.5000    7.5000 2613.4177   16.9567
    7.5000   -7.5000    7.5000 2595.1797   16.8693
   -7.5000    0.0000    7.5000 2722.8889   16.1305
    0.0000    0.0000    7.5000 2730.1890   16.0483
    7.5000    0.0000    7.5000 2712.5452   15.8104
   -7.5000    7.5000    7.5000 2815.4224   15.2964
    0.0000    7.5000    7.5000 2839.5066   15.3125
    7.5000    7.5000    7.5000 2800.6895   14.9419
   -7.5000   15.0000    7.5000 2860.8799   14.2910
    0.0000   15.0000    7.5000 2890.6191   14.3242
    7.5000   15.0000    7.5000 2851.0825   14.1254
   -7.5000   22.5000    7.5000 2889.6814   13.6861
    0.0000   22.5000    7.5000 2904.4277   13.6827
    7.5000   22.5000    7.5000 2869.0068   13.6738
   -7.5000   30.0000    7.5000 2863.0801   13.7603
    0.0000   30.0000    7.5000 2873.9558   13.7098
    7.5000   30.0000    7.5000 2835.8848   13.8123
   -7.5000   37.5000    7.5000 2815.7534   14.3658
    0.0000   37.5000    7.5000 2815.0544   14.2419
    7.5000   37.5000    7.5000 2787.9280   14.4074
   -7.5000   45.0000    7.5000 2709.9873   15.4079
    0.0000   45.0000    7.5000 2721.3577   15.2452
    7.5000   45.0000    7.5000 2702.5532   15.4184
   -7.5000   52.5000    7.5000 2585.6135   16.6836
    0.0000   52.5000    7.5000 2597.7781   16.5346
    7.5000   52.5000    7.5000 2578.3618   16.6953
   -7.5000  -37.5000   15.0000 2020.0328   28.3589
    0.0000  -37.5000   15.0000 2037.2373   27.9326
    7.5000  -37.5000   15.0000 2025.7554   27.6617
   -7.5000  -30.0000   15.0000 2181.0869   24.4273
    0.0000  -30.0000   15.0000 2194.7590   24.1553
    7.5000  -30.0000   15.0000 2185.2153   23.9704
   -7.5000  -22.5000   15.0000 2338.9988   21.5316
    0.0000  -22.5000   15.0000 2343.0596   21.2363
    7.5000  -22.5000   15.0000 2327.1362   21.0458
   -7.5000  -15.0000   15.0000 2463.1467   19.4072
    0.0000  -15.0000   15.0000 2464.7200   19.1446
    7.5000  -15.0000   15.0000 2445.0322   18.9621
   -7.5000   -7.5000   15.0000 2585.9021   17.8627
    0.0000   -7.5000   15.0000 2589.2590   17.6567
    7.5000   -7.5000   15.0000 2564.3396   17.5148
   -7.5000    0.0000   15.0000 2698.4392   16.7563
    0.0000    0.0000   15.0000 2702.1777   16.6116
    7.5000    0.0000   15.0000 2680.0918   16.4488
   -7.5000    7.5000   15.0000 2785.1755   15.7433
    0.0000    7.5000   15.0000 2790.4944   15.6618
    7.5000    7.5000   15.0000 2763.3123   15.5391
   -7.5000   15.0000   15.0000 2827.9768   14.9184
    0.0000   15.0000   15.0000 2839.0564   14.7440
    7.5000   15.0000   15.0000 2817.5645   14.8419
   -7.5000   22.5000   15.0000 2856.6067   14.4456
    0.0000   22.5000   15.0000 2864.0583   14.3070
    7.5000   22.5000   15.0000 2837.3367   14.4141
   -7.5000   30.0000   15.0000 2833.1594   14.5187
    0.0000   30.0000   15.0000 2836.1594   14.3617
    7.5000   30.0000   15.0000 2802.9727   14.4935
   -7.5000   37.5000   15.0000 2770.6189   14.9991
    0.0000   37.5000   15.0000 2770.3440   14.8640
    7.5000   37.5000   15.0000 2747.6667   15.0375
   -7.5000   45.0000   15.0000 2664.7822   15.9102
    0.0000   45.0000   15.0000 2671.4456   15.7787
    7.5000   45.0000   15.0000 2652.7312   15.9618
   -7.5000   52.5000   15.0000 2544.9961   17.1015
    0.0000   52.5000   15.0000 2557.1650   16.9499
    7.5000   52.5000   15.0000 2536.7725   17.1171
   -7.5000  -37.5000   22.5000 1990.5105   29.6899
    0.0000  -37.5000   22.5000 2001.6248   29.2548
    7.5000  -37.5000   22.5000 1984.8054   28.9461
   -7.5000  -30.0000   22.5000 2147.2021   25.5772
    0.0000  -30.0000   22.5000 2157.7319   25.2776
    7.5000  -30.0000   22.5000 2144.7859   25.0840
   -7.5000  -22.5000   22.5000 2304.8474   22.4959
    0.0000  -22.5000   22.5000 2306.9744   22.1982
    7.5000  -22.5000   22.5000 2292.4971   22.0506
   -7.5000  -15.0000   22.5000 2424.3630   20.2270
    0.0000  -15.0000   22.5000 2426.6411   19.9581
    7.5000  -15.0000   22.5000 2412.9285   19.8887
   -7.5000   -7.5000   22.5000 2541.9448   18.5743
    0.0000   -7.5000   22.5000 2542.4402   18.3399
    7.5000   -7.5000   22.5000 2531.2002   18.3139
   -7.5000    0.0000   22.5000 2650.9263   17.2928
    0.0000    0.0000   22.5000 2650.3538   17.0513
    7.5000    0.0000   22.5000 2636.6064   17.0851
   -7.5000    7.5000   22.5000 2730.8438   16.1716
    0.0000    7.5000   22.5000 2736.1196   16.0007
    7.5000    7.5000   22.5000 2712.1228   16.0278
   -7.5000   15.0000   22.5000 2777.7002   15.4235
    0.0000   15.0000   22.5000 2781.3098   15.2157
    7.5000   15.0000   22.5000 2754.9602   15.3816
   -7.5000   22.5000   22.5000 2789.3831   15.0858
    0.0000   22.5000   22.5000 2791.9028   14.9317
    7.5000   22.5000   22.5000 2770.3884   15.0803
   -7.5000   30.0000   22.5000 2760.1597   15.1880
    0.0000   30.0000   22.5000 2770.0325   15.0084
    7.5000   30.0000   22.5000 2740.0969   15.1594
   -7.5000   37.5000   22.5000 2703.0039   15.7235
    0.0000   37.5000   22.5000 2705.6287   15.5414
    7.5000   37.5000   22.5000 2683.5239   15.7069
   -7.5000   45.0000   22.5000 2606.1716   16.6581
    0.0000   45.0000   22.5000 2609.7202   16.4922
    7.5000   45.0000   22.5000 2594.5737   16.6743
   -7.5000   52.5000   22.5000 2488.1565   17.8022
    0.0000   52.5000   22.5000 2500.1926   17.6288
    7.5000   52.5000   22.5000 2482.7427   17.8510
   -7.5000  -37.5000   30.0000 1939.8657   31.2869
    0.0000  -37.5000   30.0000 1944.2175   30.7566
    7.5000  -37.5000   30.0000 1932.1024   30.5345
   -7.5000  -30.0000   30.0000 2099.1306   26.7999
    0.0000  -30.0000   30.0000 2106.4070   26.3644
    7.5000  -30.0000   30.0000 2099.3389   26.4001
   -7.5000  -22.5000   30.0000 2247.2029   23.4706
    0.0000  -22.5000   30.0000 2256.0320   23.1156
    7.5000  -22.5000   30.0000 2252.6184   23.1831
   -7.5000  -15.0000   30.0000 2372.9766   21.1150
    0.0000  -15.0000   30.0000 2376.2930   20.7927
    7.5000  -15.0000   30.0000 2373.0593   20.9263
   -7.5000   -7.5000   30.0000 2486.6411   19.3717
    0.0000   -7.5000   30.0000 2489.0173   19.1144
    7.5000   -7.5000   30.0000 2484.0332   19.2181
   -7.5000    0.0000   30.0000 2578.1077   18.0044
    0.0000    0.0000   30.0000 2583.9702   17.7284
    7.5000    0.0000   30.0000 2572.6470   17.9016
   -7.5000    7.5000   30.0000 2656.9268   16.8878
    0.0000    7.5000   30.0000 2666.4165   16.6796
    7.5000    7.5000   30.0000 2645.8635   16.8536
   -7.5000   15.0000   30.0000 2700.4158   16.1848
    0.0000   15.0000   30.0000 2699.0735   15.9830
    7.5000   15.0000   30.0000 2679.6306   16.2017
   -7.5000   22.5000   30.0000 2701.1616   15.9000
    0.0000   22.5000   30.0000 2703.6479   15.7065
    7.5000   22.5000   30.0000 2691.0564   15.8943
   -7.5000   30.0000   30.0000 2668.8042   15.9531
    0.0000   30.0000   30.0000 2677.6040   15.7743
    7.5000   30.0000   30.0000 2659.9346   15.9434
   -7.5000   37.5000   30.0000 2621.8594   16.6163
    0.0000   37.5000   30.0000 2620.3630   16.3917
    7.5000   37.5000   30.0000 2603.9495   16.5542
   -7.5000   45.0000   30.0000 2539.0332   17.5137
    0.0000   45.0000   30.0000 2538.9617   17.3036
    7.5000   45.0000   30.0000 2521.8413   17.5048
   -7.5000   52.5000   30.0000 2420.2322   18.5876
    0.0000   52.5000   30.0000 2427.3601   18.4169
    7.5000   52.5000   30.0000 2414.0269   18.6946
   -7.5000  -37.5000   37.5000 1882.3943   32.7727
    0.0000  -37.5000   37.5000 1885.3535   32.2386
    7.5000  -37.5000   37.5000 1875.9785   32.3257
   -7.5000  -30.0000   37.5000 2043.2679   28.0237
    0.0000  -30.0000   37.5000 2051.0879   27.5939
    7.5000  -30.0000   37.5000 2044.3011   27.8404
   -7.5000  -22.5000   37.5000 2193.9692   24.6739
    0.0000  -22.5000   37.5000 2195.6396   24.2228
    7.5000  -22.5000   37.5000 2200.6323   24.5480
   -7.5000  -15.0000   37.5000 2318.6135   22.2780
    0.0000  -15.0000   37.5000 2317.6782   21.8862
    7.5000  -15.0000   37.5000 2316.8733   22.1803
   -7.5000   -7.5000   37.5000 2424.9880   20.4954
    0.0000   -7.5000   37.5000 2427.3311   20.1332
    7.5000   -7.5000   37.5000 2424.3083   20.3782
   -7.5000    0.0000   37.5000 2511.3838   19.0703
    0.0000    0.0000   37.5000 2517.5342   18.7142
    7.5000    0.0000   37.5000 2503.8547   18.9539
   -7.5000    7.5000   37.5000 2578.5298   17.9595
    0.0000    7.5000   37.5000 2583.0164   17.7386
    7.5000    7.5000   37.5000 2566.7500   17.9518
   -7.5000   15.0000   37.5000 2606.1843   17.2766
    0.0000   15.0000   37.5000 2610.3772   17.0820
    7.5000   15.0000   37.5000 2594.0588   17.3385
   -7.5000   22.5000   37.5000 2608.5291   16.9966
    0.0000   22.5000   37.5000 2610.1299   16.7657
    7.5000   22.5000   37.5000 2600.6558   17.0363
   -7.5000   30.0000   37.5000 2578.6555   16.9992
    0.0000   30.0000   37.5000 2586.3098   16.8172
    7.5000   30.0000   37.5000 2569.8667   16.9756
   -7.5000   37.5000   37.5000 2536.6199   17.6112
    0.0000   37.5000   37.5000 2533.8250   17.4002
    7.5000   37.5000   37.5000 2519.7251   17.6049
   -7.5000   45.0000   37.5000 2464.7871   18.5469
    0.0000   45.0000   37.5000 2461.1572   18.3620
    7.5000   45.0000   37.5000 2448.5168   18.6234
   -7.5000   52.5000   37.5000 2340.8940   19.5614
    0.0000   52.5000   37.5000 2344.9453   19.4115
    7.5000   52.5000   37.5000 2336.0244   19.7258
   -7.5000  -37.5000   45.0000 1814.5699   34.7434
    0.0000  -37.5000   45.0000 1822.8684   34.1906
    7.5000  -37.5000   45.0000 1811.9017   34.3152
   -7.5000  -30.0000   45.0000 1980.6136   29.7623
    0.0000  -30.0000   45.0000 1991.9313   29.3479
    7.5000  -30.0000   45.0000 1978.8817   29.6934
   -7.5000  -22.5000   45.0000 2134.7544   26.3417
    0.0000  -22.5000   45.0000 2137.5737   25.8962
    7.5000  -22.5000   45.0000 2128.6738   26.3438
   -7.5000  -15.0000   45.0000 2253.6455   23.8330
    0.0000  -15.0000   45.0000 2253.0071   23.4105
    7.5000  -15.0000   45.0000 2241.4932   23.7865
   -7.5000   -7.5000   45.0000 2352.4644   21.9315
    0.0000   -7.5000   45.0000 2349.3862   21.4833
    7.5000   -7.5000   45.0000 2336.9976   21.8824
   -7.5000    0.0000   45.0000 2428.6113   20.4489
    0.0000    0.0000   45.0000 2431.2705   20.1012
    7.5000    0.0000   45.0000 2415.4800   20.4423
   -7.5000    7.5000   45.0000 2487.0027   19.3837
    0.0000    7.5000   45.0000 2490.0325   19.1421
    7.5000    7.5000   45.0000 2472.6978   19.4333
   -7.5000   15.0000   45.0000 2501.8206   18.6722
    0.0000   15.0000   45.0000 2509.8875   18.4745
    7.5000   15.0000   45.0000 2494.4167   18.7762
   -7.5000   22.5000   45.0000 2508.1516   18.4294
    0.0000   22.5000   45.0000 2514.7900   18.1369
    7.5000   22.5000   45.0000 2499.5759   18.4421
   -7.5000   30.0000   45.0000 2474.7485   18.3736
    0.0000   30.0000   45.0000 2482.2610   18.1871
    7.5000   30.0000   45.0000 2463.0276   18.3438
   -7.5000   37.5000   45.0000 2433.1926   18.8571
    0.0000   37.5000   45.0000 2439.2014   18.7300
    7.5000   37.5000   45.0000 2417.9026   18.9563
   -7.5000   45.0000   45.0000 2370.3831   19.7523
    0.0000   45.0000   45.0000 2364.3884   19.6217
    7.5000   45.0000   45.0000 2350.8599   19.9456
   -7.5000   52.5000   45.0000 2253.6387   20.8805
    0.0000   52.5000   45.0000 2254.2937   20.7560
    7.5000   52.5000   45.0000 2247.1941   21.0794

---------------------------------------------------------------------
imgreg_4dfp /opt/freesurfer/average/711-2C_as_mni_average_305 /opt/freesurfer/average/711-2B_as_mni_average_305_mask talsrcimg_g11 none talsrcimg_to_711-2C_as_mni_average_305_t4 1283
---------------------------------------------------------------------

freesurfer imgreg_4dfp.c
/opt/freesurfer/average/711-2C_as_mni_average_305.4dfp.img
       256       256       256         1
  1.000000  1.000000  1.000000
orientation T byte_order littleendian
Reading image: /opt/freesurfer/average/711-2C_as_mni_average_305.4dfp.img
dimensions:      256       256       256
mmppix:       1.0000   -1.0000   -1.0000
center:     128.0000 -129.0000 -129.0000
/opt/freesurfer/average/711-2B_as_mni_average_305_mask.4dfp.img
       256       256       256         1
  1.000000  1.000000  1.000000
orientation T byte_order littleendian
Reading mask: /opt/freesurfer/average/711-2B_as_mni_average_305_mask.4dfp.img (2306576 pixels)
talsrcimg_g11.4dfp.img
       256       256       256         1
  1.000000  1.000000  1.000000
orientation T byte_order littleendian
Reading image: talsrcimg_g11.4dfp.img
dimensions:      256       256       256
mmppix:       1.0000   -1.0000   -1.0000
center:     128.0000 -129.0000 -129.0000
rotation matrix determinant  1.000000
fimgreg.f
image alignment mode   1283 decimal      503 hex
parameters
    0.0000   22.5000    7.5000    0.0000    0.0000    0.0000
eta,q 0.90963 13.69251
niter,ni,del,rscale     5    3   12.0000    1.2000
parameters
   -0.0642   21.0485    5.6550   -0.0220    1.5112   -0.9761
eta,q 0.91687 13.63436
  0.0960  0.0926  0.0883  0.0925  0.0896  0.0861
  0.0915  0.0885  0.0843  0.0880  0.0876  0.0849
  0.0872  0.0846  0.0831  0.0837  0.0847  0.0836
  0.0858  0.0857  0.0853  0.0832  0.0832  0.0834
  0.0882  0.0906  0.0879  0.0849  0.0836  0.0839
  0.0923  0.0971  0.0911  0.0888  0.0842  0.0865
  0.0958  0.1003  0.0961  0.0918  0.0857  0.0894
niter,ni,del,rscale     4    3   12.0000    1.2000
parameters
   -1.1050   20.1443    4.9106    1.1368    3.0202   -2.4813
eta,q 0.91713 13.61171
  0.0896  0.0897  0.0883  0.0934  0.0883  0.0852
  0.0847  0.0902  0.0863  0.0905  0.0849  0.0831
  0.0833  0.0855  0.0832  0.0851  0.0839  0.0828
  0.0831  0.0830  0.0832  0.0828  0.0834  0.0829
  0.0855  0.0864  0.0851  0.0842  0.0828  0.0839
  0.0900  0.0917  0.0877  0.0860  0.0828  0.0865
  0.0953  0.0970  0.0919  0.0880  0.0848  0.0900
niter,ni,del,rscale     3    3   12.0000    1.2000
parameters
   -1.8253   19.6970    5.0470    1.5525    3.7359   -2.0851
eta,q 0.91655 13.68101
  0.0896  0.0893  0.0898  0.0926  0.0874  0.0889
  0.0854  0.0900  0.0883  0.0891  0.0858  0.0855
  0.0836  0.0864  0.0848  0.0839  0.0844  0.0841
  0.0829  0.0829  0.0831  0.0832  0.0836  0.0835
  0.0845  0.0851  0.0838  0.0852  0.0837  0.0836
  0.0883  0.0896  0.0862  0.0869  0.0844  0.0847
  0.0938  0.0933  0.0906  0.0901  0.0862  0.0876
niter,ni,del,rscale     2    3   12.0000    1.2000
parameters
   -2.2228   19.4282    5.1775    1.7538    3.9149   -1.9715
eta,q 0.91595 13.71236
  0.0904  0.0898  0.0903  0.0924  0.0872  0.0888
  0.0859  0.0901  0.0889  0.0888  0.0860  0.0860
  0.0843  0.0876  0.0857  0.0839  0.0847  0.0848
  0.0835  0.0836  0.0840  0.0839  0.0841  0.0841
  0.0840  0.0848  0.0840  0.0859  0.0843  0.0842
  0.0874  0.0896  0.0864  0.0875  0.0853  0.0856
  0.0929  0.0930  0.0916  0.0909  0.0872  0.0887
niter,ni,del,rscale     1    3   12.0000    1.2000
parameters
   -2.3043   19.3280    5.2289    1.8365    3.9922   -1.9324
eta,q 0.91579 13.72008
  0.0914  0.0903  0.0904  0.0923  0.0873  0.0888
  0.0866  0.0903  0.0888  0.0885  0.0861  0.0862
  0.0848  0.0882  0.0857  0.0839  0.0848  0.0850
  0.0840  0.0841  0.0842  0.0842  0.0842  0.0842
  0.0841  0.0845  0.0841  0.0862  0.0845  0.0845
  0.0868  0.0893  0.0866  0.0879  0.0855  0.0858
  0.0921  0.0929  0.0920  0.0913  0.0875  0.0890
registration optimization eta report
parameter search radius
    6.0000    6.0000    6.0000    6.0000    6.0000    6.0000
100000*second partial in parameter space
       22.       18.       20.       21.        9.       13.
  0.0914  0.0903  0.0904  0.0923  0.0873  0.0888
  0.0866  0.0903  0.0888  0.0885  0.0861  0.0862
  0.0848  0.0882  0.0857  0.0839  0.0848  0.0850
  0.0840  0.0841  0.0842  0.0842  0.0842  0.0842
  0.0841  0.0845  0.0841  0.0862  0.0845  0.0845
  0.0868  0.0893  0.0866  0.0879  0.0855  0.0858
  0.0921  0.0929  0.0920  0.0913  0.0875  0.0890
   -2.3043   19.3280    5.2289    1.8365    3.9922   -1.9324
eta,q 0.91579 13.72008

---------------------------------------------------------------------
imgreg_4dfp /opt/freesurfer/average/711-2C_as_mni_average_305 /opt/freesurfer/average/711-2B_as_mni_average_305_mask talsrcimg_g11 none talsrcimg_to_711-2C_as_mni_average_305_t4 3335
---------------------------------------------------------------------

freesurfer imgreg_4dfp.c
/opt/freesurfer/average/711-2C_as_mni_average_305.4dfp.img
       256       256       256         1
  1.000000  1.000000  1.000000
orientation T byte_order littleendian
Reading image: /opt/freesurfer/average/711-2C_as_mni_average_305.4dfp.img
dimensions:      256       256       256
mmppix:       1.0000   -1.0000   -1.0000
center:     128.0000 -129.0000 -129.0000
/opt/freesurfer/average/711-2B_as_mni_average_305_mask.4dfp.img
       256       256       256         1
  1.000000  1.000000  1.000000
orientation T byte_order littleendian
Reading mask: /opt/freesurfer/average/711-2B_as_mni_average_305_mask.4dfp.img (2306576 pixels)
talsrcimg_g11.4dfp.img
       256       256       256         1
  1.000000  1.000000  1.000000
orientation T byte_order littleendian
Reading image: talsrcimg_g11.4dfp.img
dimensions:      256       256       256
mmppix:       1.0000   -1.0000   -1.0000
center:     128.0000 -129.0000 -129.0000
fimgreg.f
image alignment mode   3335 decimal      D07 hex
parameters
   -2.3043   19.3280    5.2289   -0.2994   -0.1007   -0.2939
    3.1472   -7.0626   -3.3638   -2.9683    6.9621    3.1970
eta,q 0.90983 13.65060
niter,ni,del,rscale     5    3    5.0000    1.2000
parameter  2 -2.247379 ->  0.500000 qaram    1.1500
parameter  4  1.040945 ->  0.500000 qaram    1.1500
parameter  5 -6.164406 ->  0.500000 qaram    1.1500
parameter  6  1.583662 ->  0.500000 qaram    1.1500
parameter 10 -0.529468 -> -0.500000 qaram    1.1500
parameter 12  0.640324 ->  0.500000 qaram    1.1500
parameters
   -3.0137   17.9480    4.9577   -4.4394   -4.2407   -4.4339
    2.7762   -4.8910   -2.1575    1.1717    5.3009   -0.9430
eta,q 0.93154 13.80400
  0.0905  0.0885  0.0901  0.0868  0.0675  0.0675  0.0712  0.0720  0.0727  0.0750  0.0695  0.0686
  0.0902  0.0889  0.0896  0.0874  0.0730  0.0693  0.0705  0.0711  0.0712  0.0723  0.0691  0.0685
  0.0901  0.0895  0.0892  0.0881  0.0796  0.0717  0.0700  0.0703  0.0702  0.0706  0.0689  0.0685
  0.0902  0.0901  0.0891  0.0891  0.0876  0.0746  0.0699  0.0699  0.0697  0.0697  0.0690  0.0689
  0.0904  0.0906  0.0893  0.0904  0.0948  0.0791  0.0702  0.0697  0.0698  0.0692  0.0692  0.0696
  0.0909  0.0909  0.0900  0.0923  0.1004  0.0841  0.0707  0.0698  0.0703  0.0689  0.0697  0.0706
  0.0916  0.0911  0.0908  0.0951  0.1043  0.0891  0.0715  0.0705  0.0712  0.0694  0.0704  0.0715
niter,ni,del,rscale     7    3    5.0000    1.2000
parameter  3  2.441978 ->  0.500000 qaram    1.1500
parameter  5  1.887531 ->  0.500000 qaram    1.3225
parameter  6  0.871722 ->  0.500000 qaram    1.3225
parameters
   -2.2520   17.7313    3.5777   -8.5249   -9.0017   -9.1949
    2.3369   -5.2402   -1.6726    1.3320    5.2379   -2.6678
eta,q 0.94657 13.51387
  0.0702  0.0705  0.0652  0.0661  0.0508  0.0526  0.0548  0.0551  0.0555  0.0577  0.0540  0.0542
  0.0694  0.0694  0.0659  0.0659  0.0547  0.0532  0.0541  0.0541  0.0545  0.0556  0.0538  0.0537
  0.0688  0.0686  0.0669  0.0659  0.0601  0.0544  0.0536  0.0535  0.0538  0.0539  0.0536  0.0535
  0.0685  0.0683  0.0683  0.0661  0.0659  0.0561  0.0535  0.0535  0.0535  0.0535  0.0535  0.0535
  0.0683  0.0688  0.0699  0.0667  0.0727  0.0594  0.0537  0.0538  0.0536  0.0542  0.0535  0.0538
  0.0685  0.0699  0.0716  0.0676  0.0825  0.0643  0.0543  0.0545  0.0541  0.0553  0.0538  0.0544
  0.0689  0.0714  0.0732  0.0690  0.0917  0.0695  0.0552  0.0554  0.0551  0.0574  0.0541  0.0552
niter,ni,del,rscale     7    3    5.0000    1.2000
parameter  3  1.842697 ->  0.500000 qaram    1.3225
parameter  5  1.133136 ->  0.500000 qaram    1.5209
parameters
   -2.3664   19.0876    1.9907   -6.8331  -14.4769  -13.0189
    2.7641   -5.9798   -1.5474    3.8595    5.0603   -3.2952
eta,q 0.95820 13.25681
  0.0545  0.0587  0.0499  0.0522  0.0410  0.0434  0.0446  0.0437  0.0441  0.0478  0.0425  0.0430
  0.0539  0.0564  0.0506  0.0516  0.0420  0.0425  0.0434  0.0428  0.0431  0.0448  0.0421  0.0423
  0.0535  0.0547  0.0515  0.0511  0.0455  0.0422  0.0426  0.0422  0.0424  0.0429  0.0419  0.0420
  0.0534  0.0534  0.0528  0.0508  0.0507  0.0427  0.0422  0.0422  0.0421  0.0421  0.0418  0.0418
  0.0536  0.0528  0.0543  0.0507  0.0567  0.0445  0.0424  0.0426  0.0424  0.0418  0.0419  0.0420
  0.0540  0.0529  0.0561  0.0510  0.0635  0.0478  0.0431  0.0433  0.0430  0.0419  0.0421  0.0426
  0.0547  0.0535  0.0578  0.0514  0.0746  0.0535  0.0441  0.0444  0.0439  0.0433  0.0425  0.0435
niter,ni,del,rscale     7    3    5.0000    1.2000
parameter  2 -0.786043 -> -0.500000 qaram    1.3225
parameter  3  1.291083 ->  0.500000 qaram    1.5209
parameter  5  0.720945 ->  0.500000 qaram    1.7490
parameter 10 -1.007216 -> -0.500000 qaram    1.3225
parameters
   -2.5430   20.6746    0.1657   -3.7351  -20.7733  -15.3701
    3.6281   -6.1954   -1.0636    8.6205    5.8519   -2.3156
eta,q 0.96822 13.02131
  0.0430  0.0485  0.0376  0.0404  0.0346  0.0362  0.0360  0.0361  0.0359  0.0413  0.0330  0.0337
  0.0423  0.0457  0.0379  0.0395  0.0343  0.0349  0.0352  0.0349  0.0351  0.0388  0.0324  0.0329
  0.0419  0.0435  0.0389  0.0387  0.0346  0.0343  0.0345  0.0343  0.0345  0.0363  0.0320  0.0322
  0.0418  0.0418  0.0402  0.0381  0.0379  0.0343  0.0342  0.0342  0.0342  0.0342  0.0318  0.0318
  0.0420  0.0407  0.0419  0.0379  0.0438  0.0352  0.0342  0.0345  0.0343  0.0326  0.0319  0.0318
  0.0426  0.0402  0.0439  0.0381  0.0502  0.0371  0.0346  0.0351  0.0347  0.0317  0.0322  0.0322
  0.0435  0.0403  0.0462  0.0385  0.0584  0.0415  0.0354  0.0362  0.0355  0.0319  0.0326  0.0331
niter,ni,del,rscale     7    3    5.0000    1.2000
parameter  2 -0.736412 -> -0.500000 qaram    1.5209
parameter 12  0.624106 ->  0.500000 qaram    1.3225
parameters
   -2.4978   22.4996   -1.3064   -0.7178  -25.1731  -16.4572
    3.7639   -6.3731   -1.1938   11.9205    6.3859   -7.0766
eta,q 0.97280 12.92875
  0.0335  0.0419  0.0301  0.0318  0.0317  0.0318  0.0304  0.0311  0.0306  0.0366  0.0288  0.0275
  0.0325  0.0381  0.0292  0.0307  0.0299  0.0301  0.0295  0.0298  0.0295  0.0334  0.0283  0.0272
  0.0320  0.0347  0.0289  0.0296  0.0286  0.0289  0.0289  0.0289  0.0289  0.0306  0.0280  0.0273
  0.0318  0.0318  0.0294  0.0289  0.0287  0.0287  0.0286  0.0286  0.0286  0.0286  0.0278  0.0278
  0.0319  0.0299  0.0307  0.0287  0.0322  0.0293  0.0288  0.0289  0.0289  0.0278  0.0279  0.0287
  0.0325  0.0294  0.0327  0.0289  0.0385  0.0306  0.0293  0.0299  0.0296  0.0284  0.0281  0.0298
  0.0334  0.0301  0.0354  0.0295  0.0462  0.0346  0.0303  0.0314  0.0307  0.0304  0.0285  0.0312
niter,ni,del,rscale     7    3    5.0000    1.2000
parameters
   -2.3806   23.2722   -1.6103    1.1552  -26.3316  -15.3062
    4.1868   -6.6598   -1.3789   12.8880    6.5981  -10.3593
eta,q 0.97337 13.04141
  0.0295  0.0357  0.0295  0.0295  0.0330  0.0322  0.0289  0.0293  0.0290  0.0329  0.0276  0.0275
  0.0283  0.0316  0.0281  0.0284  0.0306  0.0300  0.0280  0.0279  0.0279  0.0300  0.0272  0.0269
  0.0275  0.0287  0.0272  0.0275  0.0284  0.0281  0.0273  0.0271  0.0271  0.0279  0.0269  0.0266
  0.0272  0.0272  0.0269  0.0269  0.0267  0.0270  0.0269  0.0269  0.0269  0.0269  0.0268  0.0268
  0.0274  0.0270  0.0274  0.0267  0.0271  0.0270  0.0270  0.0273  0.0272  0.0272  0.0269  0.0275
  0.0280  0.0283  0.0287  0.0270  0.0314  0.0276  0.0276  0.0282  0.0281  0.0286  0.0271  0.0286
  0.0291  0.0306  0.0307  0.0280  0.0379  0.0308  0.0286  0.0297  0.0293  0.0310  0.0275  0.0301
niter,ni,del,rscale     6    3    5.0000    1.2000
parameters
   -2.3125   23.4133   -2.1993    1.5361  -26.5650  -15.2462
    4.6180   -6.7567   -1.2694   13.6806    6.4365  -11.6257
eta,q 0.97348 13.08081
  0.0289  0.0328  0.0286  0.0288  0.0334  0.0314  0.0286  0.0293  0.0289  0.0323  0.0272  0.0279
  0.0277  0.0294  0.0274  0.0278  0.0308  0.0292  0.0277  0.0276  0.0277  0.0294  0.0268  0.0271
  0.0269  0.0273  0.0266  0.0271  0.0286  0.0275  0.0269  0.0267  0.0269  0.0273  0.0266  0.0266
  0.0266  0.0266  0.0266  0.0266  0.0265  0.0266  0.0266  0.0266  0.0265  0.0265  0.0266  0.0266
  0.0268  0.0273  0.0273  0.0264  0.0261  0.0264  0.0266  0.0269  0.0268  0.0270  0.0266  0.0269
  0.0275  0.0291  0.0286  0.0271  0.0293  0.0280  0.0273  0.0278  0.0276  0.0283  0.0269  0.0277
  0.0287  0.0317  0.0306  0.0289  0.0362  0.0324  0.0283  0.0293  0.0288  0.0306  0.0272  0.0289
niter,ni,del,rscale     5    3    5.0000    1.2000
parameters
   -2.2857   23.5291   -2.5104    1.6361  -26.7236  -15.2497
    4.7487   -6.7213   -1.1032   14.1569    6.3996  -12.1432
eta,q 0.97344 13.09395
  0.0288  0.0324  0.0289  0.0289  0.0334  0.0314  0.0285  0.0294  0.0289  0.0319  0.0273  0.0282
  0.0276  0.0292  0.0275  0.0279  0.0309  0.0292  0.0276  0.0277  0.0277  0.0290  0.0268  0.0273
  0.0268  0.0271  0.0267  0.0271  0.0286  0.0275  0.0269  0.0267  0.0269  0.0271  0.0266  0.0267
  0.0265  0.0265  0.0265  0.0265  0.0265  0.0266  0.0266  0.0265  0.0265  0.0265  0.0266  0.0266
  0.0267  0.0273  0.0270  0.0264  0.0261  0.0262  0.0267  0.0269  0.0268  0.0271  0.0266  0.0269
  0.0275  0.0290  0.0282  0.0272  0.0291  0.0279  0.0274  0.0277  0.0275  0.0284  0.0269  0.0276
  0.0288  0.0315  0.0300  0.0293  0.0361  0.0328  0.0285  0.0293  0.0287  0.0308  0.0272  0.0286
niter,ni,del,rscale     4    3    5.0000    1.2000
parameters
   -2.2975   23.5919   -2.6564    1.7080  -26.8422  -15.2853
    4.7525   -6.7212   -0.9839   14.4034    6.3991  -12.3438
eta,q 0.97338 13.09743
  0.0288  0.0322  0.0292  0.0289  0.0334  0.0315  0.0285  0.0294  0.0289  0.0316  0.0273  0.0284
  0.0276  0.0290  0.0277  0.0280  0.0309  0.0293  0.0276  0.0277  0.0277  0.0288  0.0269  0.0274
  0.0268  0.0271  0.0268  0.0272  0.0287  0.0276  0.0269  0.0268  0.0269  0.0271  0.0267  0.0268
  0.0266  0.0266  0.0266  0.0266  0.0266  0.0266  0.0266  0.0266  0.0266  0.0266  0.0266  0.0266
  0.0268  0.0273  0.0270  0.0265  0.0261  0.0262  0.0268  0.0270  0.0269  0.0272  0.0267  0.0269
  0.0276  0.0290  0.0280  0.0273  0.0290  0.0280  0.0275  0.0278  0.0276  0.0285  0.0269  0.0275
  0.0289  0.0315  0.0297  0.0295  0.0360  0.0330  0.0286  0.0293  0.0288  0.0309  0.0273  0.0285
niter,ni,del,rscale     3    3    5.0000    1.2000
parameters
   -2.3094   23.6248   -2.7316    1.7569  -26.9042  -15.3220
    4.7422   -6.7255   -0.9119   14.5229    6.3710  -12.4263
eta,q 0.97334 13.09847
  0.0288  0.0320  0.0294  0.0290  0.0334  0.0315  0.0285  0.0295  0.0289  0.0314  0.0274  0.0285
  0.0276  0.0289  0.0278  0.0280  0.0310  0.0293  0.0276  0.0277  0.0277  0.0287  0.0269  0.0275
  0.0269  0.0271  0.0269  0.0272  0.0287  0.0277  0.0270  0.0268  0.0269  0.0270  0.0267  0.0269
  0.0266  0.0266  0.0266  0.0266  0.0266  0.0266  0.0267  0.0267  0.0267  0.0267  0.0267  0.0267
  0.0269  0.0274  0.0270  0.0266  0.0261  0.0262  0.0268  0.0270  0.0269  0.0272  0.0267  0.0269
  0.0276  0.0291  0.0280  0.0274  0.0289  0.0280  0.0275  0.0278  0.0276  0.0286  0.0270  0.0276
  0.0289  0.0315  0.0296  0.0296  0.0359  0.0330  0.0287  0.0294  0.0288  0.0310  0.0274  0.0285
niter,ni,del,rscale     2    3    5.0000    1.2000
parameters
   -2.3139   23.6426   -2.7716    1.7840  -26.9337  -15.3495
    4.7341   -6.7207   -0.8722   14.5800    6.3657  -12.4719
eta,q 0.97332 13.09874
  0.0288  0.0320  0.0295  0.0291  0.0335  0.0315  0.0286  0.0295  0.0289  0.0313  0.0274  0.0285
  0.0277  0.0289  0.0279  0.0281  0.0310  0.0294  0.0276  0.0278  0.0277  0.0286  0.0270  0.0275
  0.0269  0.0271  0.0270  0.0273  0.0288  0.0277  0.0270  0.0269  0.0270  0.0270  0.0267  0.0269
  0.0267  0.0267  0.0267  0.0267  0.0267  0.0267  0.0267  0.0267  0.0267  0.0267  0.0267  0.0267
  0.0269  0.0274  0.0270  0.0266  0.0262  0.0262  0.0268  0.0270  0.0269  0.0273  0.0268  0.0269
  0.0276  0.0291  0.0280  0.0275  0.0289  0.0280  0.0275  0.0279  0.0277  0.0286  0.0270  0.0276
  0.0289  0.0315  0.0296  0.0296  0.0358  0.0330  0.0287  0.0294  0.0288  0.0311  0.0274  0.0285
niter,ni,del,rscale     1    3    5.0000    1.2000
parameters
   -2.3176   23.6523   -2.7926    1.7953  -26.9482  -15.3626
    4.7271   -6.7224   -0.8532   14.6094    6.3578  -12.4918
eta,q 0.97331 13.09886
  0.0289  0.0319  0.0295  0.0291  0.0335  0.0315  0.0286  0.0295  0.0288  0.0313  0.0274  0.0285
  0.0277  0.0289  0.0279  0.0281  0.0310  0.0294  0.0277  0.0278  0.0277  0.0286  0.0270  0.0275
  0.0270  0.0271  0.0270  0.0273  0.0288  0.0277  0.0270  0.0269  0.0270  0.0270  0.0268  0.0269
  0.0267  0.0267  0.0267  0.0267  0.0267  0.0267  0.0267  0.0267  0.0267  0.0267  0.0267  0.0267
  0.0269  0.0275  0.0270  0.0266  0.0262  0.0262  0.0268  0.0270  0.0269  0.0273  0.0268  0.0269
  0.0277  0.0291  0.0280  0.0275  0.0289  0.0280  0.0276  0.0279  0.0277  0.0286  0.0270  0.0276
  0.0289  0.0315  0.0296  0.0297  0.0358  0.0330  0.0287  0.0294  0.0289  0.0311  0.0274  0.0285
registration optimization eta report
parameter search radius
    2.4000    3.6501    3.6501    8.2800   12.5928    9.5220
    7.2000    7.2000    7.2000    9.5220    7.2000    9.5220
100000*second partial in parameter space
       38.       38.       21.        4.        5.        6.
        4.        5.        4.        5.        1.        2.
  0.0289  0.0319  0.0295  0.0291  0.0335  0.0315  0.0286  0.0295  0.0288  0.0313  0.0274  0.0285
  0.0277  0.0289  0.0279  0.0281  0.0310  0.0294  0.0277  0.0278  0.0277  0.0286  0.0270  0.0275
  0.0270  0.0271  0.0270  0.0273  0.0288  0.0277  0.0270  0.0269  0.0270  0.0270  0.0268  0.0269
  0.0267  0.0267  0.0267  0.0267  0.0267  0.0267  0.0267  0.0267  0.0267  0.0267  0.0267  0.0267
  0.0269  0.0275  0.0270  0.0266  0.0262  0.0262  0.0268  0.0270  0.0269  0.0273  0.0268  0.0269
  0.0277  0.0291  0.0280  0.0275  0.0289  0.0280  0.0276  0.0279  0.0277  0.0286  0.0270  0.0276
  0.0289  0.0315  0.0296  0.0297  0.0358  0.0330  0.0287  0.0294  0.0289  0.0311  0.0274  0.0285
   -2.3176   23.6523   -2.7926    1.7953  -26.9482  -15.3626
    4.7271   -6.7224   -0.8532   14.6094    6.3578  -12.4918
eta,q 0.97331 13.09886

---------------------------------------------------------------------
imgreg_4dfp /opt/freesurfer/average/711-2C_as_mni_average_305 /opt/freesurfer/average/711-2B_as_mni_average_305_mask talsrcimg_g11 none talsrcimg_to_711-2C_as_mni_average_305_t4 2311
---------------------------------------------------------------------

freesurfer imgreg_4dfp.c
/opt/freesurfer/average/711-2C_as_mni_average_305.4dfp.img
       256       256       256         1
  1.000000  1.000000  1.000000
orientation T byte_order littleendian
Reading image: /opt/freesurfer/average/711-2C_as_mni_average_305.4dfp.img
dimensions:      256       256       256
mmppix:       1.0000   -1.0000   -1.0000
center:     128.0000 -129.0000 -129.0000
/opt/freesurfer/average/711-2B_as_mni_average_305_mask.4dfp.img
       256       256       256         1
  1.000000  1.000000  1.000000
orientation T byte_order littleendian
Reading mask: /opt/freesurfer/average/711-2B_as_mni_average_305_mask.4dfp.img (2306576 pixels)
talsrcimg_g11.4dfp.img
       256       256       256         1
  1.000000  1.000000  1.000000
orientation T byte_order littleendian
Reading image: talsrcimg_g11.4dfp.img
dimensions:      256       256       256
mmppix:       1.0000   -1.0000   -1.0000
center:     128.0000 -129.0000 -129.0000
fimgreg.f
image alignment mode   2311 decimal      907 hex
parameters
   -2.3176   23.6523   -2.7926    1.7953  -26.9482  -15.3626
    4.7271   -6.7224   -0.8532   14.6094    6.3578  -12.4918
eta,q 0.97331 13.09887
niter,ni,del,rscale     5    3    5.0000    0.8000
parameter  5 -0.617814 -> -0.500000 qaram    1.1500
parameters
   -2.2893   23.4727   -2.7897    3.1697  -24.1882  -13.3299
    3.6801   -6.3595   -1.4019   14.3806    6.8900  -12.6498
eta,q 0.97452 13.39664
  0.0277  0.0275  0.0272  0.0279  0.0289  0.0279  0.0263  0.0275  0.0265  0.0270  0.0261  0.0260
  0.0272  0.0270  0.0269  0.0274  0.0280  0.0271  0.0258  0.0264  0.0259  0.0261  0.0258  0.0257
  0.0268  0.0267  0.0267  0.0270  0.0272  0.0265  0.0255  0.0258  0.0255  0.0257  0.0256  0.0255
  0.0267  0.0267  0.0267  0.0267  0.0265  0.0260  0.0256  0.0255  0.0255  0.0255  0.0255  0.0255
  0.0268  0.0269  0.0267  0.0265  0.0261  0.0257  0.0259  0.0256  0.0258  0.0257  0.0255  0.0255
  0.0271  0.0273  0.0269  0.0266  0.0260  0.0255  0.0265  0.0261  0.0263  0.0263  0.0256  0.0258
  0.0277  0.0279  0.0272  0.0271  0.0264  0.0263  0.0274  0.0270  0.0271  0.0273  0.0259  0.0261
niter,ni,del,rscale     5    3    5.0000    0.8000
parameters
   -2.3958   23.2180   -3.0606    2.6013  -24.2712  -13.8349
    4.1570   -6.5996   -1.3667   14.3178    7.2711  -12.4589
eta,q 0.97449 13.36455
  0.0266  0.0264  0.0260  0.0265  0.0275  0.0269  0.0270  0.0270  0.0268  0.0270  0.0261  0.0261
  0.0259  0.0258  0.0256  0.0260  0.0266  0.0263  0.0263  0.0261  0.0261  0.0262  0.0258  0.0258
  0.0256  0.0255  0.0254  0.0256  0.0258  0.0258  0.0258  0.0256  0.0257  0.0257  0.0256  0.0256
  0.0255  0.0255  0.0254  0.0254  0.0254  0.0254  0.0255  0.0255  0.0255  0.0255  0.0255  0.0255
  0.0257  0.0258  0.0256  0.0256  0.0255  0.0255  0.0256  0.0257  0.0257  0.0257  0.0255  0.0255
  0.0262  0.0264  0.0260  0.0262  0.0263  0.0265  0.0259  0.0263  0.0261  0.0262  0.0256  0.0257
  0.0269  0.0273  0.0264  0.0274  0.0280  0.0283  0.0265  0.0273  0.0268  0.0272  0.0259  0.0260
niter,ni,del,rscale     4    3    5.0000    0.7000
parameters
   -2.4058   23.2582   -3.0678    2.7484  -24.1655  -13.7688
    4.0918   -6.6507   -1.4706   14.3309    7.3524  -12.4895
eta,q 0.97453 13.37875
  0.0264  0.0266  0.0260  0.0265  0.0272  0.0268  0.0264  0.0267  0.0264  0.0267  0.0259  0.0259
  0.0259  0.0260  0.0257  0.0261  0.0264  0.0263  0.0259  0.0260  0.0259  0.0260  0.0257  0.0257
  0.0256  0.0256  0.0256  0.0257  0.0258  0.0258  0.0256  0.0256  0.0256  0.0256  0.0255  0.0255
  0.0255  0.0255  0.0255  0.0255  0.0255  0.0255  0.0255  0.0255  0.0255  0.0255  0.0255  0.0255
  0.0256  0.0256  0.0256  0.0255  0.0256  0.0254  0.0256  0.0256  0.0256  0.0256  0.0255  0.0255
  0.0259  0.0259  0.0258  0.0258  0.0261  0.0259  0.0259  0.0260  0.0260  0.0260  0.0256  0.0257
  0.0265  0.0265  0.0260  0.0265  0.0273  0.0271  0.0265  0.0268  0.0265  0.0267  0.0259  0.0259
niter,ni,del,rscale     3    3    5.0000    0.6000
parameters
   -2.4134   23.2497   -3.0978    2.8592  -24.0404  -13.5917
    4.0716   -6.6757   -1.5387   14.4369    7.3606  -12.5448
eta,q 0.97458 13.39838
  0.0262  0.0262  0.0259  0.0263  0.0268  0.0265  0.0262  0.0264  0.0262  0.0264  0.0257  0.0257
  0.0258  0.0258  0.0256  0.0259  0.0262  0.0261  0.0258  0.0258  0.0257  0.0259  0.0256  0.0255
  0.0255  0.0255  0.0255  0.0256  0.0257  0.0257  0.0255  0.0255  0.0255  0.0256  0.0255  0.0255
  0.0255  0.0255  0.0255  0.0255  0.0255  0.0255  0.0254  0.0254  0.0254  0.0254  0.0254  0.0254
  0.0255  0.0256  0.0255  0.0255  0.0255  0.0253  0.0255  0.0255  0.0255  0.0255  0.0254  0.0255
  0.0258  0.0258  0.0257  0.0257  0.0259  0.0257  0.0258  0.0258  0.0258  0.0258  0.0255  0.0256
  0.0262  0.0262  0.0259  0.0262  0.0267  0.0266  0.0262  0.0264  0.0262  0.0263  0.0257  0.0257
niter,ni,del,rscale     2    3    5.0000    0.5000
parameters
   -2.4069   23.2311   -3.1342    2.9167  -23.9614  -13.3841
    4.0761   -6.7042   -1.5786   14.5752    7.2838  -12.6415
eta,q 0.97463 13.41465
  0.0259  0.0259  0.0257  0.0260  0.0263  0.0263  0.0259  0.0260  0.0259  0.0261  0.0256  0.0256
  0.0257  0.0256  0.0255  0.0257  0.0259  0.0259  0.0256  0.0257  0.0256  0.0257  0.0255  0.0255
  0.0255  0.0255  0.0254  0.0255  0.0256  0.0256  0.0254  0.0254  0.0254  0.0255  0.0254  0.0254
  0.0254  0.0254  0.0254  0.0254  0.0254  0.0254  0.0254  0.0254  0.0254  0.0254  0.0254  0.0254
  0.0255  0.0255  0.0255  0.0254  0.0255  0.0253  0.0254  0.0255  0.0254  0.0254  0.0254  0.0254
  0.0256  0.0257  0.0256  0.0256  0.0258  0.0256  0.0256  0.0257  0.0256  0.0256  0.0255  0.0255
  0.0259  0.0260  0.0257  0.0260  0.0263  0.0262  0.0259  0.0261  0.0259  0.0260  0.0256  0.0256
niter,ni,del,rscale     1    3    5.0000    0.4000
parameters
   -2.3940   23.2173   -3.1578    2.9485  -23.9259  -13.1617
    4.0692   -6.7227   -1.6005   14.7099    7.2072  -12.7669
eta,q 0.97467 13.42710
  0.0257  0.0257  0.0256  0.0258  0.0260  0.0260  0.0257  0.0258  0.0257  0.0258  0.0255  0.0255
  0.0255  0.0255  0.0255  0.0256  0.0257  0.0258  0.0255  0.0255  0.0255  0.0256  0.0254  0.0254
  0.0254  0.0254  0.0254  0.0254  0.0255  0.0255  0.0254  0.0254  0.0254  0.0254  0.0253  0.0253
  0.0254  0.0254  0.0254  0.0254  0.0254  0.0254  0.0253  0.0253  0.0253  0.0253  0.0253  0.0253
  0.0254  0.0254  0.0254  0.0254  0.0254  0.0253  0.0254  0.0254  0.0254  0.0254  0.0254  0.0254
  0.0255  0.0255  0.0255  0.0255  0.0256  0.0255  0.0255  0.0255  0.0255  0.0255  0.0254  0.0254
  0.0257  0.0257  0.0256  0.0258  0.0260  0.0259  0.0257  0.0258  0.0257  0.0257  0.0255  0.0255
registration optimization eta report
parameter search radius
    0.8000    0.8000    0.8000    2.4000    2.7600    2.4000
    2.4000    2.4000    2.4000    2.4000    2.4000    2.4000
100000*second partial in parameter space
       51.       55.       32.        7.        8.       10.
        6.        8.        6.        7.        3.        2.
  0.0257  0.0257  0.0256  0.0258  0.0260  0.0260  0.0257  0.0258  0.0257  0.0258  0.0255  0.0255
  0.0255  0.0255  0.0255  0.0256  0.0257  0.0258  0.0255  0.0255  0.0255  0.0256  0.0254  0.0254
  0.0254  0.0254  0.0254  0.0254  0.0255  0.0255  0.0254  0.0254  0.0254  0.0254  0.0253  0.0253
  0.0254  0.0254  0.0254  0.0254  0.0254  0.0254  0.0253  0.0253  0.0253  0.0253  0.0253  0.0253
  0.0254  0.0254  0.0254  0.0254  0.0254  0.0253  0.0254  0.0254  0.0254  0.0254  0.0254  0.0254
  0.0255  0.0255  0.0255  0.0255  0.0256  0.0255  0.0255  0.0255  0.0255  0.0255  0.0254  0.0254
  0.0257  0.0257  0.0256  0.0258  0.0260  0.0259  0.0257  0.0258  0.0257  0.0257  0.0255  0.0255
   -2.3940   23.2173   -3.1578    2.9485  -23.9259  -13.1617
    4.0692   -6.7227   -1.6005   14.7099    7.2072  -12.7669
eta,q 0.97467 13.42710

---------------------------------------------------------------------
imgreg_4dfp /opt/freesurfer/average/711-2C_as_mni_average_305 /opt/freesurfer/average/711-2B_as_mni_average_305_mask talsrcimg_g11 none talsrcimg_to_711-2C_as_mni_average_305_t4 2311
---------------------------------------------------------------------

freesurfer imgreg_4dfp.c
/opt/freesurfer/average/711-2C_as_mni_average_305.4dfp.img
       256       256       256         1
  1.000000  1.000000  1.000000
orientation T byte_order littleendian
Reading image: /opt/freesurfer/average/711-2C_as_mni_average_305.4dfp.img
dimensions:      256       256       256
mmppix:       1.0000   -1.0000   -1.0000
center:     128.0000 -129.0000 -129.0000
/opt/freesurfer/average/711-2B_as_mni_average_305_mask.4dfp.img
       256       256       256         1
  1.000000  1.000000  1.000000
orientation T byte_order littleendian
Reading mask: /opt/freesurfer/average/711-2B_as_mni_average_305_mask.4dfp.img (2306576 pixels)
talsrcimg_g11.4dfp.img
       256       256       256         1
  1.000000  1.000000  1.000000
orientation T byte_order littleendian
Reading image: talsrcimg_g11.4dfp.img
dimensions:      256       256       256
mmppix:       1.0000   -1.0000   -1.0000
center:     128.0000 -129.0000 -129.0000
fimgreg.f
image alignment mode   2311 decimal      907 hex
parameters
   -2.3940   23.2173   -3.1578    2.9485  -23.9259  -13.1617
    4.0692   -6.7227   -1.6005   14.7099    7.2072  -12.7669
eta,q 0.97467 13.42710
niter,ni,del,rscale     5    3    5.0000    0.8000
parameters
   -2.3955   23.2170   -3.0803    2.4284  -24.1599  -13.7517
    4.2820   -6.6956   -1.4202   14.3478    7.3232  -12.4558
eta,q 0.97451 13.36896
  0.0266  0.0268  0.0263  0.0264  0.0269  0.0269  0.0268  0.0271  0.0269  0.0268  0.0260  0.0261
  0.0259  0.0260  0.0258  0.0259  0.0262  0.0263  0.0261  0.0262  0.0261  0.0261  0.0257  0.0258
  0.0255  0.0255  0.0254  0.0255  0.0256  0.0258  0.0257  0.0257  0.0257  0.0256  0.0256  0.0256
  0.0253  0.0253  0.0253  0.0253  0.0254  0.0254  0.0255  0.0255  0.0255  0.0255  0.0255  0.0255
  0.0255  0.0255  0.0254  0.0255  0.0255  0.0255  0.0256  0.0256  0.0256  0.0257  0.0255  0.0255
  0.0259  0.0260  0.0257  0.0261  0.0262  0.0266  0.0260  0.0261  0.0260  0.0263  0.0257  0.0257
  0.0267  0.0268  0.0261  0.0273  0.0275  0.0285  0.0266  0.0271  0.0267  0.0274  0.0260  0.0260
niter,ni,del,rscale     4    3    5.0000    0.7000
parameters
   -2.4147   23.2606   -3.0608    2.6610  -24.0606  -13.7483
    4.1021   -6.6652   -1.4928   14.3125    7.3768  -12.4667
eta,q 0.97454 13.38184
  0.0264  0.0266  0.0261  0.0265  0.0268  0.0268  0.0264  0.0267  0.0264  0.0266  0.0258  0.0259
  0.0259  0.0260  0.0257  0.0261  0.0262  0.0262  0.0259  0.0260  0.0259  0.0260  0.0257  0.0256
  0.0256  0.0256  0.0255  0.0257  0.0257  0.0258  0.0256  0.0256  0.0256  0.0256  0.0255  0.0255
  0.0255  0.0255  0.0255  0.0255  0.0255  0.0255  0.0255  0.0255  0.0255  0.0255  0.0255  0.0255
  0.0256  0.0256  0.0256  0.0255  0.0255  0.0254  0.0256  0.0256  0.0256  0.0256  0.0255  0.0255
  0.0259  0.0259  0.0257  0.0258  0.0260  0.0259  0.0260  0.0260  0.0260  0.0260  0.0256  0.0256
  0.0265  0.0265  0.0260  0.0264  0.0268  0.0271  0.0265  0.0267  0.0265  0.0267  0.0259  0.0259
niter,ni,del,rscale     3    3    5.0000    0.6000
parameters
   -2.4161   23.2542   -3.0948    2.8109  -23.9479  -13.5922
    4.0558   -6.6770   -1.5511   14.4129    7.3719  -12.5296
eta,q 0.97458 13.40111
  0.0262  0.0262  0.0259  0.0263  0.0265  0.0265  0.0261  0.0264  0.0262  0.0264  0.0257  0.0257
  0.0258  0.0258  0.0256  0.0259  0.0260  0.0261  0.0257  0.0258  0.0257  0.0259  0.0256  0.0255
  0.0255  0.0255  0.0255  0.0256  0.0256  0.0257  0.0255  0.0255  0.0255  0.0256  0.0255  0.0255
  0.0255  0.0255  0.0255  0.0255  0.0255  0.0255  0.0254  0.0254  0.0254  0.0254  0.0254  0.0254
  0.0255  0.0256  0.0255  0.0255  0.0255  0.0253  0.0255  0.0255  0.0255  0.0255  0.0254  0.0255
  0.0258  0.0258  0.0257  0.0257  0.0258  0.0257  0.0258  0.0258  0.0258  0.0258  0.0255  0.0256
  0.0262  0.0262  0.0259  0.0262  0.0264  0.0266  0.0262  0.0264  0.0262  0.0263  0.0257  0.0257
niter,ni,del,rscale     2    3    5.0000    0.5000
parameters
   -2.4090   23.2365   -3.1330    2.8860  -23.8908  -13.3941
    4.0580   -6.7030   -1.5891   14.5535    7.3116  -12.6133
eta,q 0.97462 13.41665
  0.0259  0.0259  0.0257  0.0260  0.0261  0.0262  0.0259  0.0260  0.0259  0.0261  0.0256  0.0256
  0.0256  0.0256  0.0255  0.0257  0.0258  0.0259  0.0256  0.0257  0.0256  0.0257  0.0255  0.0255
  0.0255  0.0255  0.0254  0.0255  0.0255  0.0256  0.0254  0.0255  0.0254  0.0255  0.0254  0.0254
  0.0254  0.0254  0.0254  0.0254  0.0254  0.0254  0.0254  0.0254  0.0254  0.0254  0.0254  0.0254
  0.0255  0.0255  0.0255  0.0254  0.0255  0.0253  0.0254  0.0254  0.0255  0.0254  0.0254  0.0254
  0.0256  0.0257  0.0256  0.0256  0.0257  0.0256  0.0256  0.0257  0.0256  0.0256  0.0255  0.0255
  0.0259  0.0260  0.0257  0.0260  0.0261  0.0262  0.0259  0.0261  0.0259  0.0260  0.0256  0.0256
niter,ni,del,rscale     1    3    5.0000    0.4000
parameters
   -2.3988   23.2197   -3.1579    2.9255  -23.8788  -13.1703
    4.0553   -6.7282   -1.6021   14.6900    7.2079  -12.7295
eta,q 0.97467 13.42816
  0.0257  0.0257  0.0256  0.0258  0.0258  0.0260  0.0257  0.0258  0.0257  0.0258  0.0255  0.0255
  0.0255  0.0255  0.0255  0.0256  0.0256  0.0258  0.0255  0.0255  0.0255  0.0256  0.0254  0.0254
  0.0254  0.0254  0.0254  0.0254  0.0254  0.0255  0.0254  0.0254  0.0254  0.0254  0.0253  0.0253
  0.0254  0.0254  0.0254  0.0254  0.0254  0.0254  0.0253  0.0253  0.0253  0.0253  0.0253  0.0253
  0.0254  0.0254  0.0254  0.0254  0.0254  0.0253  0.0254  0.0254  0.0254  0.0254  0.0254  0.0253
  0.0255  0.0255  0.0255  0.0255  0.0256  0.0255  0.0255  0.0255  0.0255  0.0255  0.0254  0.0254
  0.0257  0.0257  0.0256  0.0258  0.0258  0.0259  0.0257  0.0258  0.0257  0.0257  0.0255  0.0255
registration optimization eta report
parameter search radius
    0.8000    0.8000    0.8000    2.4000    2.4000    2.4000
    2.4000    2.4000    2.4000    2.4000    2.4000    2.4000
100000*second partial in parameter space
       50.       55.       32.        7.        8.       10.
        6.        8.        6.        8.        3.        2.
  0.0257  0.0257  0.0256  0.0258  0.0258  0.0260  0.0257  0.0258  0.0257  0.0258  0.0255  0.0255
  0.0255  0.0255  0.0255  0.0256  0.0256  0.0258  0.0255  0.0255  0.0255  0.0256  0.0254  0.0254
  0.0254  0.0254  0.0254  0.0254  0.0254  0.0255  0.0254  0.0254  0.0254  0.0254  0.0253  0.0253
  0.0254  0.0254  0.0254  0.0254  0.0254  0.0254  0.0253  0.0253  0.0253  0.0253  0.0253  0.0253
  0.0254  0.0254  0.0254  0.0254  0.0254  0.0253  0.0254  0.0254  0.0254  0.0254  0.0254  0.0253
  0.0255  0.0255  0.0255  0.0255  0.0256  0.0255  0.0255  0.0255  0.0255  0.0255  0.0254  0.0254
  0.0257  0.0257  0.0256  0.0258  0.0258  0.0259  0.0257  0.0258  0.0257  0.0257  0.0255  0.0255
   -2.3988   23.2197   -3.1579    2.9255  -23.8788  -13.1703
    4.0553   -6.7282   -1.6021   14.6900    7.2079  -12.7295
eta,q 0.97467 13.42816

---------------------------------------------------------------------
compute_vox2vox talsrcimg talsrcimg_to_711-2C_as_mni_average_305_t4 /opt/freesurfer/average/711-2C_as_mni_average_305
---------------------------------------------------------------------

freesurfer compute_vox2vox.c
Reading: talsrcimg.4dfp.ifh
Reading: talsrcimg_to_711-2C_as_mni_average_305_t4
Reading: /opt/freesurfer/average/711-2C_as_mni_average_305.4dfp.ifh
Writing: talsrcimg_to_711-2C_as_mni_average_305_t4_vox2vox.txt

start time Mon Mar 9 11:28:27 CET 2026
end		time Mon Mar 9 11:29:54 CET 2026

mpr2mni305 success

avi2talxfm orig_nu.mgz /opt/freesurfer/average/mni305.cor.mgz talsrcimg_to_711-2C_as_mni_average_305_t4_vox2vox.txt transforms/talairach.auto.xfm
avi2talxfm done
mv -f /out/sourcedata/freesurfer/sub-v1s21x0050419_ses-1/mri/talsrcimg_to_711-2C_as_mni_average_305_t4_vox2vox.txt /out/sourcedata/freesurfer/sub-v1s21x0050419_ses-1/mri/transforms/talsrcimg_to_711-2C_as_mni_average_305_t4_vox2vox.txt
lta_convert --src orig_nu.mgz --trg /opt/freesurfer/average/mni305.cor.mgz --inxfm transforms/talairach.auto.xfm --outlta transforms/talairach.auto.xfm.lta --subject fsaverage
7.3.2

--src: orig_nu.mgz src image (geometry).
--trg: /opt/freesurfer/average/mni305.cor.mgz trg image (geometry).
--inmni: transforms/talairach.auto.xfm input MNI/XFM transform.
--outlta: transforms/talairach.auto.xfm.lta output LTA.
--s: fsaverage subject name
 LTA read, type : 1
 0.96530   0.08120  -0.03785   2.83466;
-0.07503   1.11368   0.19024  -1.56602;
 0.03480  -0.21321   1.27619  -30.99161;
 0.00000   0.00000   0.00000   1.00000;
setting subject to fsaverage
Writing  LTA to file transforms/talairach.auto.xfm.lta...
lta_convert successful.
 
 
Started at Mon Mar 9 11:28:27 CET 2026
Ended   at Mon Mar  9 11:29:54 CET 2026
talairach_avi done
