status file for recon-all
Mon Mar  9 11:54:50 CET 2026
#@# Tessellate rh Mon Mar  9 11:54:50 CET 2026
#@# Smooth1 rh Mon Mar  9 11:54:53 CET 2026
#@# Inflation1 rh Mon Mar  9 11:54:56 CET 2026
#@# QSphere rh Mon Mar  9 11:55:07 CET 2026
#@# Fix Topology rh Mon Mar  9 11:56:10 CET 2026
#@# Smooth2 rh Mon Mar  9 12:01:55 CET 2026
#@# Inflation2 rh Mon Mar  9 12:01:58 CET 2026
#@# Curv .H and .K rh Mon Mar  9 12:02:09 CET 2026
#@# Sphere rh Mon Mar  9 12:02:52 CET 2026
#@# Surf Reg rh Mon Mar  9 12:05:47 CET 2026
#@# Jacobian white rh Mon Mar  9 12:09:33 CET 2026
#@# AvgCurv rh Mon Mar  9 12:09:33 CET 2026
#@# Cortical Parc rh Mon Mar  9 12:09:34 CET 2026
#@# white curv rh Mon Mar  9 12:15:28 CET 2026
#@# white area rh Mon Mar  9 12:15:30 CET 2026
#@# pial curv rh Mon Mar  9 12:15:30 CET 2026
#@# pial area rh Mon Mar  9 12:15:32 CET 2026
#@# thickness rh Mon Mar  9 12:15:32 CET 2026
#@# area and vertex vol rh Mon Mar  9 12:15:59 CET 2026
#@# Curvature Stats rh Mon Mar  9 12:16:01 CET 2026
#@# Cortical Parc 2 rh Mon Mar  9 12:16:03 CET 2026
#@# Cortical Parc 3 rh Mon Mar  9 12:16:15 CET 2026
#@# WM/GM Contrast rh Mon Mar  9 12:16:24 CET 2026
recon-all -s sub-v1s21x0050397_ses-1 finished without error at Mon Mar  9 12:16:28 CET 2026



#New# invocation of recon-all 



status file for recon-all
Mon Mar  9 12:23:31 CET 2026
#@# white curv rh Mon Mar  9 12:23:31 CET 2026
#@# white area rh Mon Mar  9 12:23:31 CET 2026
#@# pial curv rh Mon Mar  9 12:23:31 CET 2026
#@# pial area rh Mon Mar  9 12:23:31 CET 2026
#@# thickness rh Mon Mar  9 12:23:31 CET 2026
#@# area and vertex vol rh Mon Mar  9 12:23:31 CET 2026
#@# Parcellation Stats rh Mon Mar  9 12:23:31 CET 2026
#@# Parcellation Stats 2 rh Mon Mar  9 12:23:48 CET 2026
#@# Parcellation Stats 3 rh Mon Mar  9 12:23:56 CET 2026
#@# BA_exvivo Labels rh Mon Mar  9 12:24:04 CET 2026
recon-all -s sub-v1s21x0050397_ses-1 finished without error at Mon Mar  9 12:26:26 CET 2026
