status file for recon-all
Mon Mar  9 11:33:05 CET 2026
#@# Tessellate lh Mon Mar  9 11:33:05 CET 2026
#@# Smooth1 lh Mon Mar  9 11:33:08 CET 2026
#@# Inflation1 lh Mon Mar  9 11:33:11 CET 2026
#@# QSphere lh Mon Mar  9 11:33:23 CET 2026
#@# Fix Topology lh Mon Mar  9 11:34:23 CET 2026
#@# Smooth2 lh Mon Mar  9 11:40:32 CET 2026
#@# Inflation2 lh Mon Mar  9 11:40:35 CET 2026
#@# Curv .H and .K lh Mon Mar  9 11:40:47 CET 2026
#@# Sphere lh Mon Mar  9 11:41:31 CET 2026
#@# Surf Reg lh Mon Mar  9 11:44:13 CET 2026
#@# Jacobian white lh Mon Mar  9 11:47:52 CET 2026
#@# AvgCurv lh Mon Mar  9 11:47:53 CET 2026
#@# Cortical Parc lh Mon Mar  9 11:47:53 CET 2026
#@# white curv lh Mon Mar  9 11:53:47 CET 2026
#@# white area lh Mon Mar  9 11:53:48 CET 2026
#@# pial curv lh Mon Mar  9 11:53:49 CET 2026
#@# pial area lh Mon Mar  9 11:53:51 CET 2026
#@# thickness lh Mon Mar  9 11:53:51 CET 2026
#@# area and vertex vol lh Mon Mar  9 11:54:19 CET 2026
#@# Curvature Stats lh Mon Mar  9 11:54:20 CET 2026
#@# Cortical Parc 2 lh Mon Mar  9 11:54:22 CET 2026
#@# Cortical Parc 3 lh Mon Mar  9 11:54:35 CET 2026
#@# WM/GM Contrast lh Mon Mar  9 11:54:44 CET 2026
recon-all -s sub-v1s21x0050397_ses-1 finished without error at Mon Mar  9 11:54:48 CET 2026



#New# invocation of recon-all 



status file for recon-all
Mon Mar  9 12:20:34 CET 2026
#@# white curv lh Mon Mar  9 12:20:34 CET 2026
#@# white area lh Mon Mar  9 12:20:34 CET 2026
#@# pial curv lh Mon Mar  9 12:20:34 CET 2026
#@# pial area lh Mon Mar  9 12:20:34 CET 2026
#@# thickness lh Mon Mar  9 12:20:34 CET 2026
#@# area and vertex vol lh Mon Mar  9 12:20:34 CET 2026
#@# Parcellation Stats lh Mon Mar  9 12:20:34 CET 2026
#@# Parcellation Stats 2 lh Mon Mar  9 12:20:50 CET 2026
#@# Parcellation Stats 3 lh Mon Mar  9 12:20:58 CET 2026
#@# BA_exvivo Labels lh Mon Mar  9 12:21:07 CET 2026
recon-all -s sub-v1s21x0050397_ses-1 finished without error at Mon Mar  9 12:23:28 CET 2026
