/out/sourcedata/freesurfer/sub-v1s21x0050402_ses-1/mri
/opt/freesurfer/bin/talairach_avi
--i orig_nu.mgz --xfm transforms/talairach.auto.xfm
talairach_avi 7.3.2
Linux dna063 5.14.0-427.37.1.el9_4.x86_64 #1 SMP PREEMPT_DYNAMIC Fri Sep 13 12:41:50 EDT 2024 x86_64 x86_64 x86_64 GNU/Linux
Mon Mar  9 10:04:34 CET 2026
mri_convert orig_nu.mgz talsrcimg.img 
reading from orig_nu.mgz...
TR=0.00, TE=0.00, TI=0.00, flip angle=0.00
i_ras = (-1, 0, 0)
j_ras = (0, 0, -1)
k_ras = (0, 1, 0)
writing to talsrcimg.img...
Analyze Output Matrix
-1.00000   0.00000   0.00000   129.70000;
 0.00000   0.00000   1.00000  -128.50000;
 0.00000  -1.00000   0.00000   129.50000;
 0.00000   0.00000   0.00000   1.00000;
--------------------
INFO: set hdr.hist.orient to -1
mpr2mni305 talsrcimg
Mon Mar  9 10:04:35 CET 2026
/opt/freesurfer/bin/mpr2mni305 talsrcimg
mpr2mni305 7.3.2
target=711-2C_as_mni_average_305

---------------------------------------------------------------------
analyzeto4dfp talsrcimg -O0 -y
---------------------------------------------------------------------

freesurfer ifh2hdr.c
Mon Mar  9 10:04:35 2026
Writing: talsrcimg.4dfp.hdr
freesurfer analyzeto4dfp.c
Reading: talsrcimg.hdr
header size 348 bytes
hdr.dime.datatype	offset=70	value=2
hdr.dime.bitpix		offset=72	value=8
hdr.hist.orient		offset=252	value=-1
dimensionality     4
dimensions       256       256       256         1
Reading: talsrcimg.img
Writing: talsrcimg.4dfp.img
Writing: talsrcimg.4dfp.ifh
ifh2hdr talsrcimg -r0to230
ori=2

---------------------------------------------------------------------
gauss_4dfp talsrcimg 1.1
---------------------------------------------------------------------

freesurfer gauss_4dfp.c
Reading: talsrcimg.4dfp.img
Writing: talsrcimg_g11.4dfp.img
image dimensions 256 256 256 padded to 288 288 288
processing volume 1freesurfer ifh2hdr.c
Mon Mar  9 10:04:37 2026
Writing: talsrcimg_g11.4dfp.hdr

Writing: talsrcimg_g11.4dfp.ifh
including: talsrcimg.4dfp.img.rec in talsrcimg_g11.4dfp.img.rec

---------------------------------------------------------------------
imgreg_4dfp /opt/freesurfer/average/711-2C_as_mni_average_305 none talsrcimg_g11 none talsrcimg_to_711-2C_as_mni_average_305_t4 4355
---------------------------------------------------------------------

freesurfer imgreg_4dfp.c
/opt/freesurfer/average/711-2C_as_mni_average_305.4dfp.img
       256       256       256         1
  1.000000  1.000000  1.000000
orientation T byte_order littleendian
Reading image: /opt/freesurfer/average/711-2C_as_mni_average_305.4dfp.img
dimensions:      256       256       256
mmppix:       1.0000   -1.0000   -1.0000
center:     128.0000 -129.0000 -129.0000
talsrcimg_g11.4dfp.img
       256       256       256         1
  1.000000  1.000000  1.000000
orientation T byte_order littleendian
Reading image: talsrcimg_g11.4dfp.img
dimensions:      256       256       256
mmppix:       1.0000   -1.0000   -1.0000
center:     128.0000 -129.0000 -129.0000
t4_read: open error in t4_sub.f l:  41 t4_file(1:l)talsrcimg_to_711-2C_as_mni_average_305_t4 
t4_read: transform initialized to I4
rotation matrix determinant  1.000000
image alignment mode   4355 decimal     1103 hex
   -7.5000  -45.0000  -45.0000 6874.1675   24.7405
    0.0000  -45.0000  -45.0000 7158.0562   24.6847
    7.5000  -45.0000  -45.0000 6858.2871   24.6773
   -7.5000  -37.5000  -45.0000 7298.1938   24.1093
    0.0000  -37.5000  -45.0000 7603.4810   24.0471
    7.5000  -37.5000  -45.0000 7282.9502   24.0569
   -7.5000  -30.0000  -45.0000 8193.2852   23.9966
    0.0000  -30.0000  -45.0000 8544.7471   23.9345
    7.5000  -30.0000  -45.0000 8181.5654   23.9401
   -7.5000  -22.5000  -45.0000 9111.0508   24.0398
    0.0000  -22.5000  -45.0000 9499.7051   23.9849
    7.5000  -22.5000  -45.0000 9095.1885   23.9630
   -7.5000  -15.0000  -45.0000 9966.5273   24.0889
    0.0000  -15.0000  -45.000010383.0244   24.0399
    7.5000  -15.0000  -45.0000 9935.5303   23.9959
   -7.5000   -7.5000  -45.000010734.6045   24.0891
    0.0000   -7.5000  -45.000011189.0547   24.0407
    7.5000   -7.5000  -45.000010697.3711   24.0062
   -7.5000    0.0000  -45.000011421.1533   24.0504
    0.0000    0.0000  -45.000011883.3887   23.9970
    7.5000    0.0000  -45.000011363.9512   23.9886
   -7.5000    7.5000  -45.000011234.8594   24.0072
    0.0000    7.5000  -45.000011686.9355   23.9460
    7.5000    7.5000  -45.000011191.7295   23.9556
   -7.5000   15.0000  -45.000011034.3076   23.9966
    0.0000   15.0000  -45.000011503.8145   23.9345
    7.5000   15.0000  -45.000010943.1338   23.9401
   -7.5000   22.5000  -45.000010746.8818   24.0365
    0.0000   22.5000  -45.000011176.6523   23.9816
    7.5000   22.5000  -45.000010628.5410   23.9597
   -7.5000   30.0000  -45.000010131.0400   23.7679
    0.0000   30.0000  -45.000010526.0879   23.7195
    7.5000   30.0000  -45.000010015.9141   23.6761
   -7.5000   37.5000  -45.0000 9729.4209   23.7681
    0.0000   37.5000  -45.000010100.1953   23.7204
    7.5000   37.5000  -45.0000 9630.5176   23.6863
   -7.5000   45.0000  -45.0000 8910.9736   23.1274
    0.0000   45.0000  -45.0000 9280.2334   23.0760
    7.5000   45.0000  -45.0000 8842.3525   23.0679
   -7.5000  -45.0000  -37.5000 7257.8013   24.7670
    0.0000  -45.0000  -37.5000 7563.3613   24.7150
    7.5000  -45.0000  -37.5000 7244.6870   24.7035
   -7.5000  -37.5000  -37.5000 7714.8931   24.1273
    0.0000  -37.5000  -37.5000 8049.6577   24.0710
    7.5000  -37.5000  -37.5000 7676.3682   24.0819
   -7.5000  -30.0000  -37.5000 8668.0791   24.0136
    0.0000  -30.0000  -37.5000 9031.5557   23.9527
    7.5000  -30.0000  -37.5000 8617.5947   23.9600
   -7.5000  -22.5000  -37.5000 9667.9541   24.0610
    0.0000  -22.5000  -37.500010060.3311   24.0010
    7.5000  -22.5000  -37.5000 9606.6396   23.9767
   -7.5000  -15.0000  -37.500010578.9854   24.1172
    0.0000  -15.0000  -37.500011017.7412   24.0612
    7.5000  -15.0000  -37.500010509.2861   24.0100
   -7.5000   -7.5000  -37.500011406.7334   24.1197
    0.0000   -7.5000  -37.500011889.1172   24.0687
    7.5000   -7.5000  -37.500011336.4863   24.0258
   -7.5000    0.0000  -37.500012106.2803   24.0772
    0.0000    0.0000  -37.500012620.4219   24.0272
    7.5000    0.0000  -37.500012082.2705   24.0148
   -7.5000    7.5000  -37.500011886.1416   24.0272
    0.0000    7.5000  -37.500012379.0811   23.9715
    7.5000    7.5000  -37.500011862.5430   23.9824
   -7.5000   15.0000  -37.500011660.7588   24.0136
    0.0000   15.0000  -37.500012152.3828   23.9527
    7.5000   15.0000  -37.500011588.9824   23.9600
   -7.5000   22.5000  -37.500011334.6836   24.0577
    0.0000   22.5000  -37.500011782.6045   23.9977
    7.5000   22.5000  -37.500011231.6689   23.9734
   -7.5000   30.0000  -37.500010667.6250   23.7958
    0.0000   30.0000  -37.500011120.5693   23.7406
    7.5000   30.0000  -37.500010586.1514   23.6900
   -7.5000   37.5000  -37.500010214.9697   23.7983
    0.0000   37.5000  -37.500010645.0498   23.7479
    7.5000   37.5000  -37.500010148.7598   23.7056
   -7.5000   45.0000  -37.5000 9338.9072   23.1531
    0.0000   45.0000  -37.5000 9761.4785   23.1050
    7.5000   45.0000  -37.5000 9295.1006   23.0931
   -7.5000  -45.0000  -30.0000 7805.3560   25.8106
    0.0000  -45.0000  -30.0000 8116.3457   25.7503
    7.5000  -45.0000  -30.0000 7762.6396   25.7301
   -7.5000  -37.5000  -30.0000 8307.4736   25.1323
    0.0000  -37.5000  -30.0000 8636.7305   25.0747
    7.5000  -37.5000  -30.0000 8247.3887   25.0821
   -7.5000  -30.0000  -30.0000 9320.5176   25.0051
    0.0000  -30.0000  -30.0000 9674.4688   24.9440
    7.5000  -30.0000  -30.0000 9237.9541   24.9531
   -7.5000  -22.5000  -30.000010359.8682   25.0581
    0.0000  -22.5000  -30.000010771.1191   24.9928
    7.5000  -22.5000  -30.000010259.7012   24.9707
   -7.5000  -15.0000  -30.000011348.8594   25.1299
    0.0000  -15.0000  -30.000011840.5703   25.0637
    7.5000  -15.0000  -30.000011249.8193   25.0101
   -7.5000   -7.5000  -30.000012254.8691   25.1417
    0.0000   -7.5000  -30.000012803.0791   25.0791
    7.5000   -7.5000  -30.000012192.7627   25.0286
   -7.5000    0.0000  -30.000013020.4688   25.0944
    0.0000    0.0000  -30.000013586.4629   25.0361
    7.5000    0.0000  -30.000013007.2256   25.0154
   -7.5000    7.5000  -30.000012761.5713   25.0295
    0.0000    7.5000  -30.000013290.0947   24.9721
    7.5000    7.5000  -30.000012722.7070   24.9793
   -7.5000   15.0000  -30.000012509.8486   25.0051
    0.0000   15.0000  -30.000013033.1719   24.9440
    7.5000   15.0000  -30.000012434.8467   24.9531
   -7.5000   22.5000  -30.000012114.8096   25.0521
    0.0000   22.5000  -30.000012611.5332   24.9868
    7.5000   22.5000  -30.000012011.5273   24.9647
   -7.5000   30.0000  -30.000011425.8643   24.7973
    0.0000   30.0000  -30.000011910.8428   24.7321
    7.5000   30.0000  -30.000011345.7900   24.6792
   -7.5000   37.5000  -30.000010928.4365   24.8090
    0.0000   37.5000  -30.000011420.2266   24.7472
    7.5000   37.5000  -30.000010895.8848   24.6974
   -7.5000   45.0000  -30.000010007.3740   24.1490
    0.0000   45.0000  -30.000010441.3936   24.0929
    7.5000   45.0000  -30.0000 9977.4521   24.0730
   -7.5000  -45.0000  -22.5000 8377.0166   26.6617
    0.0000  -45.0000  -22.5000 8703.8330   26.5880
    7.5000  -45.0000  -22.5000 8318.7295   26.5656
   -7.5000  -37.5000  -22.5000 8925.8037   25.9554
    0.0000  -37.5000  -22.5000 9258.9180   25.8916
    7.5000  -37.5000  -22.5000 8863.3887   25.8964
   -7.5000  -30.0000  -22.5000 9955.1631   25.8145
    0.0000  -30.0000  -22.500010332.2471   25.7552
    7.5000  -30.0000  -22.5000 9871.8389   25.7673
   -7.5000  -22.5000  -22.500011045.1709   25.8691
    0.0000  -22.5000  -22.500011458.8701   25.8068
    7.5000  -22.5000  -22.500010937.5332   25.7938
   -7.5000  -15.0000  -22.500012087.9531   25.9515
    0.0000  -15.0000  -22.500012578.4473   25.8839
    7.5000  -15.0000  -22.500011970.3623   25.8396
   -7.5000   -7.5000  -22.500013107.6455   25.9724
    0.0000   -7.5000  -22.500013650.2090   25.9002
    7.5000   -7.5000  -22.500013021.8262   25.8540
   -7.5000    0.0000  -22.500013950.2998   25.9236
    0.0000    0.0000  -22.500014517.7500   25.8525
    7.5000    0.0000  -22.500013880.3809   25.8299
   -7.5000    7.5000  -22.500013721.3984   25.8483
    0.0000    7.5000  -22.500014239.0967   25.7846
    7.5000    7.5000  -22.500013628.7178   25.7892
   -7.5000   15.0000  -22.500013421.6602   25.8145
    0.0000   15.0000  -22.500013955.1484   25.7552
    7.5000   15.0000  -22.500013356.8730   25.7673
   -7.5000   22.5000  -22.500012927.9717   25.8611
    0.0000   22.5000  -22.500013436.6631   25.7988
    7.5000   22.5000  -22.500012841.0215   25.7859
   -7.5000   30.0000  -22.500012196.6523   25.6120
    0.0000   30.0000  -22.500012731.5176   25.5454
    7.5000   30.0000  -22.500012123.4023   25.5017
   -7.5000   37.5000  -22.500011662.8271   25.6327
    0.0000   37.5000  -22.500012157.6611   25.5615
    7.5000   37.5000  -22.500011640.7383   25.5158
   -7.5000   45.0000  -22.500010706.9395   24.9657
    0.0000   45.0000  -22.500011152.2461   24.8972
    7.5000   45.0000  -22.500010649.8447   24.8755
   -7.5000  -45.0000  -15.0000 8901.0957   27.2627
    0.0000  -45.0000  -15.0000 9241.2295   27.1834
    7.5000  -45.0000  -15.0000 8837.3496   27.1696
   -7.5000  -37.5000  -15.0000 9454.5254   26.5476
    0.0000  -37.5000  -15.0000 9826.4004   26.4763
    7.5000  -37.5000  -15.0000 9412.4219   26.4844
   -7.5000  -30.0000  -15.000010522.1807   26.4059
    0.0000  -30.0000  -15.000010925.4678   26.3438
    7.5000  -30.0000  -15.000010491.3701   26.3582
   -7.5000  -22.5000  -15.000011651.1240   26.4594
    0.0000  -22.5000  -15.000012102.1943   26.4011
    7.5000  -22.5000  -15.000011630.0176   26.3940
   -7.5000  -15.0000  -15.000012745.8193   26.5379
    0.0000  -15.0000  -15.000013217.0713   26.4764
    7.5000  -15.0000  -15.000012670.5176   26.4424
   -7.5000   -7.5000  -15.000013833.1299   26.5558
    0.0000   -7.5000  -15.000014355.9473   26.4853
    7.5000   -7.5000  -15.000013755.2676   26.4507
   -7.5000    0.0000  -15.000014918.0283   26.5071
    0.0000    0.0000  -15.000015442.1113   26.4309
    7.5000    0.0000  -15.000014736.5166   26.4166
   -7.5000    7.5000  -15.000014789.9990   26.4357
    0.0000    7.5000  -15.000015332.6465   26.3648
    7.5000    7.5000  -15.000014605.1162   26.3727
   -7.5000   15.0000  -15.000014398.0586   26.4059
    0.0000   15.0000  -15.000014983.5527   26.3438
    7.5000   15.0000  -15.000014367.1631   26.3582
   -7.5000   22.5000  -15.000013734.9678   26.4501
    0.0000   22.5000  -15.000014299.8418   26.3918
    7.5000   22.5000  -15.000013719.9648   26.3846
   -7.5000   30.0000  -15.000012910.5186   26.1945
    0.0000   30.0000  -15.000013486.6699   26.1337
    7.5000   30.0000  -15.000012871.8652   26.1002
   -7.5000   37.5000  -15.000012379.2227   26.2122
    0.0000   37.5000  -15.000012942.2988   26.1425
    7.5000   37.5000  -15.000012353.2256   26.1084
   -7.5000   45.0000  -15.000011374.5938   25.5431
    0.0000   45.0000  -15.000011882.7305   25.4696
    7.5000   45.0000  -15.000011336.3691   25.4558
   -7.5000  -45.0000   -7.5000 9324.2979   27.5909
    0.0000  -45.0000   -7.5000 9702.5791   27.5182
    7.5000  -45.0000   -7.5000 9325.4053   27.5104
   -7.5000  -37.5000   -7.5000 9910.7529   26.8817
    0.0000  -37.5000   -7.500010318.6787   26.8073
    7.5000  -37.5000   -7.5000 9920.0244   26.8171
   -7.5000  -30.0000   -7.500011037.2881   26.7491
    0.0000  -30.0000   -7.500011495.5771   26.6810
    7.5000  -30.0000   -7.500011058.9346   26.6906
   -7.5000  -22.5000   -7.500012206.2852   26.7988
    0.0000  -22.5000   -7.500012709.8477   26.7401
    7.5000  -22.5000   -7.500012248.6191   26.7253
   -7.5000  -15.0000   -7.500013300.1396   26.8618
    0.0000  -15.0000   -7.500013827.4756   26.8067
    7.5000  -15.0000   -7.500013357.7891   26.7686
   -7.5000   -7.5000   -7.500014469.5840   26.8686
    0.0000   -7.5000   -7.500014972.5996   26.8077
    7.5000   -7.5000   -7.500014469.9746   26.7758
   -7.5000    0.0000   -7.500015985.1885   26.8233
    0.0000    0.0000   -7.500016451.5762   26.7537
    7.5000    0.0000   -7.500015560.7900   26.7448
   -7.5000    7.5000   -7.500016164.3369   26.7670
    0.0000    7.5000   -7.500016926.2559   26.6935
    7.5000    7.5000   -7.500015738.3633   26.7031
   -7.5000   15.0000   -7.500015543.5557   26.7491
    0.0000   15.0000   -7.500016355.6279   26.6810
    7.5000   15.0000   -7.500015551.7051   26.6906
   -7.5000   22.5000   -7.500014595.3242   26.7864
    0.0000   22.5000   -7.500015325.9238   26.7278
    7.5000   22.5000   -7.500014697.6641   26.7129
   -7.5000   30.0000   -7.500013690.9922   26.5135
    0.0000   30.0000   -7.500014377.9385   26.4590
    7.5000   30.0000   -7.500013708.7627   26.4215
   -7.5000   37.5000   -7.500013137.3096   26.5201
    0.0000   37.5000   -7.500013819.7246   26.4600
    7.5000   37.5000   -7.500013125.5273   26.4286
   -7.5000   45.0000   -7.500012103.1943   25.8526
    0.0000   45.0000   -7.500012722.7695   25.7855
    7.5000   45.0000   -7.500012049.9336   25.7769
   -7.5000  -45.0000    0.0000 9700.7295   27.6853
    0.0000  -45.0000    0.000010121.3838   27.6228
    7.5000  -45.0000    0.0000 9717.2949   27.6146
   -7.5000  -37.5000    0.000010312.3047   26.9789
    0.0000  -37.5000    0.000010732.7109   26.9094
    7.5000  -37.5000    0.000010317.0215   26.9203
   -7.5000  -30.0000    0.000011449.5039   26.8529
    0.0000  -30.0000    0.000011942.6680   26.7833
    7.5000  -30.0000    0.000011517.1680   26.7896
   -7.5000  -22.5000    0.000012628.6191   26.9012
    0.0000  -22.5000    0.000013179.1924   26.8398
    7.5000  -22.5000    0.000012761.1680   26.8152
   -7.5000  -15.0000    0.000013777.0674   26.9562
    0.0000  -15.0000    0.000014371.5566   26.9013
    7.5000  -15.0000    0.000013952.6934   26.8521
   -7.5000   -7.5000    0.000015039.0166   26.9564
    0.0000   -7.5000    0.000015652.8506   26.9022
    7.5000   -7.5000    0.000015126.7812   26.8636
   -7.5000    0.0000    0.000016760.6035   26.9131
    0.0000    0.0000    0.000017512.6777   26.8533
    7.5000    0.0000    0.000016247.9160   26.8439
   -7.5000    7.5000    0.000017184.5820   26.8647
    0.0000    7.5000    0.000018004.8320   26.7962
    7.5000    7.5000    0.000016429.0137   26.8070
   -7.5000   15.0000    0.000016471.3398   26.8529
    0.0000   15.0000    0.000017258.0254   26.7833
    7.5000   15.0000    0.000016223.0820   26.7896
   -7.5000   22.5000    0.000015432.2979   26.8888
    0.0000   22.5000    0.000016135.6299   26.8274
    7.5000   22.5000    0.000015321.8721   26.8028
   -7.5000   30.0000    0.000014556.9443   26.6073
    0.0000   30.0000    0.000015238.0479   26.5532
    7.5000   30.0000    0.000014336.3320   26.5045
   -7.5000   37.5000    0.000013979.8145   26.6075
    0.0000   37.5000    0.000014649.3936   26.5541
    7.5000   37.5000    0.000013735.4346   26.5159
   -7.5000   45.0000    0.000012783.7871   25.9411
    0.0000   45.0000    0.000013348.8076   25.8835
    7.5000   45.0000    0.000012556.9424   25.8744
   -7.5000  -45.0000    7.5000 9332.7871   27.7149
    0.0000  -45.0000    7.5000 9760.4268   27.6567
    7.5000  -45.0000    7.5000 9364.0654   27.6439
   -7.5000  -37.5000    7.5000 9932.7627   26.9991
    0.0000  -37.5000    7.500010412.0293   26.9360
    7.5000  -37.5000    7.5000 9994.3975   26.9483
   -7.5000  -30.0000    7.500011044.0449   26.8718
    0.0000  -30.0000    7.500011604.2100   26.8037
    7.5000  -30.0000    7.500011171.8652   26.8119
   -7.5000  -22.5000    7.500012225.3350   26.9250
    0.0000  -22.5000    7.500012867.7930   26.8577
    7.5000  -22.5000    7.500012379.9199   26.8306
   -7.5000  -15.0000    7.500013405.3379   26.9878
    0.0000  -15.0000    7.500014075.4883   26.9251
    7.5000  -15.0000    7.500013544.7568   26.8678
   -7.5000   -7.5000    7.500014696.6729   26.9906
    0.0000   -7.5000    7.500015422.9570   26.9335
    7.5000   -7.5000    7.500014689.8115   26.8855
   -7.5000    0.0000    7.500016227.6504   26.9430
    0.0000    0.0000    7.500017055.9062   26.8870
    7.5000    0.0000    7.500015780.1133   26.8732
   -7.5000    7.5000    7.500016441.3535   26.8871
    0.0000    7.5000    7.500016959.7148   26.8247
    7.5000    7.5000    7.500015733.8662   26.8369
   -7.5000   15.0000    7.500016141.9346   26.8718
    0.0000   15.0000    7.500016414.0742   26.8037
    7.5000   15.0000    7.500015413.3809   26.8119
   -7.5000   22.5000    7.500015526.1846   26.9126
    0.0000   22.5000    7.500015748.4736   26.8454
    7.5000   22.5000    7.500014751.8398   26.8182
   -7.5000   30.0000    7.500014629.2031   26.6386
    0.0000   30.0000    7.500015043.8193   26.5767
    7.5000   30.0000    7.500013932.0938   26.5201
   -7.5000   37.5000    7.500013879.8184   26.6413
    0.0000   37.5000    7.500014444.8379   26.5849
    7.5000   37.5000    7.500013366.1211   26.5376
   -7.5000   45.0000    7.500012511.4639   25.9699
    0.0000   45.0000    7.500013066.2148   25.9160
    7.5000   45.0000    7.500012163.9492   25.9027
   -7.5000  -45.0000   15.0000 8935.7031   27.7173
    0.0000  -45.0000   15.0000 9338.1387   27.6526
    7.5000  -45.0000   15.0000 8941.0762   27.6307
   -7.5000  -37.5000   15.0000 9550.1943   26.9887
    0.0000  -37.5000   15.0000 9970.8184   26.9270
    7.5000  -37.5000   15.0000 9546.9170   26.9348
   -7.5000  -30.0000   15.000010642.2119   26.8521
    0.0000  -30.0000   15.000011099.2891   26.7866
    7.5000  -30.0000   15.000010624.9678   26.7962
   -7.5000  -22.5000   15.000011814.3154   26.9091
    0.0000  -22.5000   15.000012312.1055   26.8390
    7.5000  -22.5000   15.000011746.3369   26.8152
   -7.5000  -15.0000   15.000012975.4424   26.9862
    0.0000  -15.0000   15.000013524.5078   26.9153
    7.5000  -15.0000   15.000012882.8584   26.8575
   -7.5000   -7.5000   15.000014229.4619   26.9990
    0.0000   -7.5000   15.000014907.2783   26.9318
    7.5000   -7.5000   15.000014011.1885   26.8775
   -7.5000    0.0000   15.000015495.1143   26.9481
    0.0000    0.0000   15.000016207.7305   26.8856
    7.5000    0.0000   15.000015069.6855   26.8633
   -7.5000    7.5000   15.000015364.4873   26.8784
    0.0000    7.5000   15.000015879.2588   26.8168
    7.5000    7.5000   15.000014904.7334   26.8244
   -7.5000   15.0000   15.000014934.7002   26.8521
    0.0000   15.0000   15.000015345.9668   26.7866
    7.5000   15.0000   15.000014531.2783   26.7962
   -7.5000   22.5000   15.000014309.1182   26.8967
    0.0000   22.5000   15.000014808.3848   26.8266
    7.5000   22.5000   15.000013910.4004   26.8029
   -7.5000   30.0000   15.000013566.0352   26.6369
    0.0000   30.0000   15.000014160.6006   26.5669
    7.5000   30.0000   15.000013184.1846   26.5100
   -7.5000   37.5000   15.000013000.1631   26.6495
    0.0000   37.5000   15.000013667.2354   26.5832
    7.5000   37.5000   15.000012696.4658   26.5296
   -7.5000   45.0000   15.000011857.8965   25.9749
    0.0000   45.0000   15.000012475.3965   25.9146
    7.5000   45.0000   15.000011643.8164   25.8931
   -7.5000  -45.0000   22.5000 8408.8516   27.6830
    0.0000  -45.0000   22.5000 8774.5576   27.6067
    7.5000  -45.0000   22.5000 8344.3584   27.5831
   -7.5000  -37.5000   22.5000 9012.8135   26.9497
    0.0000  -37.5000   22.5000 9396.9365   26.8837
    7.5000  -37.5000   22.5000 8898.6475   26.8883
   -7.5000  -30.0000   22.500010023.8633   26.8035
    0.0000  -30.0000   22.500010425.8486   26.7422
    7.5000  -30.0000   22.5000 9899.6963   26.7542
   -7.5000  -22.5000   22.500011095.5830   26.8601
    0.0000  -22.5000   22.500011511.7100   26.7956
    7.5000  -22.5000   22.500010964.4258   26.7816
   -7.5000  -15.0000   22.500012151.5879   26.9453
    0.0000  -15.0000   22.500012623.4395   26.8756
    7.5000  -15.0000   22.500012022.8252   26.8292
   -7.5000   -7.5000   22.500013275.5488   26.9670
    0.0000   -7.5000   22.500013870.6895   26.8924
    7.5000   -7.5000   22.500013109.8564   26.8440
   -7.5000    0.0000   22.500014293.9912   26.9165
    0.0000    0.0000   22.500014837.1826   26.8429
    7.5000    0.0000   22.500014079.2803   26.8191
   -7.5000    7.5000   22.500014060.4697   26.8384
    0.0000    7.5000   22.500014507.7490   26.7726
    7.5000    7.5000   22.500013878.6719   26.7769
   -7.5000   15.0000   22.500013709.0918   26.8035
    0.0000   15.0000   22.500014177.5605   26.7422
    7.5000   15.0000   22.500013539.3750   26.7542
   -7.5000   22.5000   22.500013117.4893   26.8477
    0.0000   22.5000   22.500013625.6162   26.7833
    7.5000   22.5000   22.500012942.3672   26.7693
   -7.5000   30.0000   22.500012342.7100   26.5966
    0.0000   30.0000   22.500012879.7090   26.5277
    7.5000   30.0000   22.500012173.6162   26.4819
   -7.5000   37.5000   22.500011892.1699   26.6180
    0.0000   37.5000   22.500012442.1494   26.5444
    7.5000   37.5000   22.500011749.4395   26.4966
   -7.5000   45.0000   22.500010956.2061   25.9444
    0.0000   45.0000   22.500011472.7568   25.8735
    7.5000   45.0000   22.500010857.9648   25.8505
   -7.5000  -45.0000   30.0000 7741.1157   27.9821
    0.0000  -45.0000   30.0000 8068.2632   27.9006
    7.5000  -45.0000   30.0000 7692.3760   27.8861
   -7.5000  -37.5000   30.0000 8300.7383   27.2389
    0.0000  -37.5000   30.0000 8653.3164   27.1652
    7.5000  -37.5000   30.0000 8238.2744   27.1731
   -7.5000  -30.0000   30.0000 9233.1250   27.0909
    0.0000  -30.0000   30.0000 9609.2236   27.0262
    7.5000  -30.0000   30.0000 9168.8115   27.0403
   -7.5000  -22.5000   30.000010165.1631   27.1458
    0.0000  -22.5000   30.000010567.7070   27.0852
    7.5000  -22.5000   30.000010135.6689   27.0767
   -7.5000  -15.0000   30.000011112.8594   27.2276
    0.0000  -15.0000   30.000011521.6670   27.1641
    7.5000  -15.0000   30.000011071.9170   27.1281
   -7.5000   -7.5000   30.000012122.7686   27.2471
    0.0000   -7.5000   30.000012586.5547   27.1747
    7.5000   -7.5000   30.000012052.9658   27.1386
   -7.5000    0.0000   30.000012987.8887   27.1971
    0.0000    0.0000   30.000013390.1230   27.1189
    7.5000    0.0000   30.000012912.0703   27.1039
   -7.5000    7.5000   30.000012817.7617   27.1227
    0.0000    7.5000   30.000013227.6680   27.0494
    7.5000    7.5000   30.000012754.2529   27.0572
   -7.5000   15.0000   30.000012566.4414   27.0909
    0.0000   15.0000   30.000012994.0371   27.0262
    7.5000   15.0000   30.000012481.8662   27.0403
   -7.5000   22.5000   30.000012003.3271   27.1332
    0.0000   22.5000   30.000012445.2393   27.0727
    7.5000   22.5000   30.000011913.7832   27.0642
   -7.5000   30.0000   30.000011252.3389   26.8752
    0.0000   30.0000   30.000011687.8291   26.8125
    7.5000   30.0000   30.000011177.8193   26.7771
   -7.5000   37.5000   30.000010820.3525   26.8945
    0.0000   37.5000   30.000011256.0293   26.8230
    7.5000   37.5000   30.000010732.7520   26.7874
   -7.5000   45.0000   30.000010001.1172   26.2149
    0.0000   45.0000   30.000010426.6104   26.1395
    7.5000   45.0000   30.0000 9915.8877   26.1250
   -7.5000  -45.0000   37.5000 7397.9805   28.6786
    0.0000  -45.0000   37.5000 7735.6001   28.6014
    7.5000  -45.0000   37.5000 7403.9126   28.5926
   -7.5000  -37.5000   37.5000 7894.9487   27.9144
    0.0000  -37.5000   37.5000 8265.0361   27.8356
    7.5000  -37.5000   37.5000 7907.5635   27.8459
   -7.5000  -30.0000   37.5000 8786.7881   27.7706
    0.0000  -30.0000   37.5000 9170.2139   27.6984
    7.5000  -30.0000   37.5000 8808.3574   27.7086
   -7.5000  -22.5000   37.5000 9704.6309   27.8225
    0.0000  -22.5000   37.500010106.5273   27.7608
    7.5000  -22.5000   37.5000 9739.5430   27.7446
   -7.5000  -15.0000   37.500010599.5322   27.8907
    0.0000  -15.0000   37.500011018.2266   27.8329
    7.5000  -15.0000   37.500010630.9648   27.7918
   -7.5000   -7.5000   37.500011538.7832   27.8997
    0.0000   -7.5000   37.500011967.5752   27.8355
    7.5000   -7.5000   37.500011561.2031   27.8011
   -7.5000    0.0000   37.500012335.9141   27.8519
    0.0000    0.0000   37.500012696.1484   27.7782
    7.5000    0.0000   37.500012331.8320   27.7683
   -7.5000    7.5000   37.500012227.1299   27.7911
    0.0000    7.5000   37.500012602.7832   27.7132
    7.5000    7.5000   37.500012226.4033   27.7232
   -7.5000   15.0000   37.500012029.2178   27.7706
    0.0000   15.0000   37.500012440.7578   27.6984
    7.5000   15.0000   37.500011997.4307   27.7086
   -7.5000   22.5000   37.500011468.8691   27.8097
    0.0000   22.5000   37.500011877.4668   27.7480
    7.5000   22.5000   37.500011429.6982   27.7318
   -7.5000   30.0000   37.500010735.0986   27.5298
    0.0000   30.0000   37.500011116.1670   27.4726
    7.5000   30.0000   37.500010697.1670   27.4322
   -7.5000   37.5000   37.500010285.6182   27.5387
    0.0000   37.5000   37.500010708.5049   27.4753
    7.5000   37.5000   37.500010222.5400   27.4413
   -7.5000   45.0000   37.5000 9484.1748   26.8460
    0.0000   45.0000   37.5000 9895.6016   26.7750
    7.5000   45.0000   37.5000 9418.7695   26.7655
   -7.5000  -45.0000   45.0000 6876.3701   29.7373
    0.0000  -45.0000   45.0000 7179.5942   29.6617
    7.5000  -45.0000   45.0000 6899.2432   29.6486
   -7.5000  -37.5000   45.0000 7313.7485   28.9159
    0.0000  -37.5000   45.0000 7648.8081   28.8331
    7.5000  -37.5000   45.0000 7354.6719   28.8421
   -7.5000  -30.0000   45.0000 8142.9180   28.7674
    0.0000  -30.0000   45.0000 8494.7607   28.6854
    7.5000  -30.0000   45.0000 8179.5347   28.6886
   -7.5000  -22.5000   45.0000 9011.4639   28.8231
    0.0000  -22.5000   45.0000 9398.8662   28.7510
    7.5000  -22.5000   45.0000 9056.7666   28.7187
   -7.5000  -15.0000   45.0000 9861.0488   28.8897
    0.0000  -15.0000   45.000010285.7275   28.8254
    7.5000  -15.0000   45.0000 9915.9521   28.7649
   -7.5000   -7.5000   45.000010694.4307   28.8930
    0.0000   -7.5000   45.000011108.2422   28.8284
    7.5000   -7.5000   45.000010727.9141   28.7804
   -7.5000    0.0000   45.000011364.0820   28.8427
    0.0000    0.0000   45.000011720.3965   28.7708
    7.5000    0.0000   45.000011359.5586   28.7566
   -7.5000    7.5000   45.000011288.4805   28.7838
    0.0000    7.5000   45.000011659.1279   28.7023
    7.5000    7.5000   45.000011273.3428   28.7112
   -7.5000   15.0000   45.000011120.9609   28.7674
    0.0000   15.0000   45.000011506.4160   28.6854
    7.5000   15.0000   45.000011079.2295   28.6886
   -7.5000   22.5000   45.000010580.2100   28.8097
    0.0000   22.5000   45.000010947.4873   28.7377
    7.5000   22.5000   45.000010547.5586   28.7054
   -7.5000   30.0000   45.0000 9887.5420   28.5134
    0.0000   30.0000   45.000010232.7812   28.4499
    7.5000   30.0000   45.0000 9841.0869   28.3902
   -7.5000   37.5000   45.0000 9464.1982   28.5166
    0.0000   37.5000   45.0000 9847.1855   28.4528
    7.5000   37.5000   45.0000 9416.4170   28.4055
   -7.5000   45.0000   45.0000 8696.3301   27.8136
    0.0000   45.0000   45.0000 9070.3154   27.7443
    7.5000   45.0000   45.0000 8653.3770   27.7306

---------------------------------------------------------------------
imgreg_4dfp /opt/freesurfer/average/711-2C_as_mni_average_305 /opt/freesurfer/average/711-2B_as_mni_average_305_mask talsrcimg_g11 none talsrcimg_to_711-2C_as_mni_average_305_t4 4355
---------------------------------------------------------------------

freesurfer imgreg_4dfp.c
/opt/freesurfer/average/711-2C_as_mni_average_305.4dfp.img
       256       256       256         1
  1.000000  1.000000  1.000000
orientation T byte_order littleendian
Reading image: /opt/freesurfer/average/711-2C_as_mni_average_305.4dfp.img
dimensions:      256       256       256
mmppix:       1.0000   -1.0000   -1.0000
center:     128.0000 -129.0000 -129.0000
/opt/freesurfer/average/711-2B_as_mni_average_305_mask.4dfp.img
       256       256       256         1
  1.000000  1.000000  1.000000
orientation T byte_order littleendian
Reading mask: /opt/freesurfer/average/711-2B_as_mni_average_305_mask.4dfp.img (2306576 pixels)
talsrcimg_g11.4dfp.img
       256       256       256         1
  1.000000  1.000000  1.000000
orientation T byte_order littleendian
Reading image: talsrcimg_g11.4dfp.img
dimensions:      256       256       256
mmppix:       1.0000   -1.0000   -1.0000
center:     128.0000 -129.0000 -129.0000
rotation matrix determinant  1.000000
image alignment mode   4355 decimal     1103 hex
   -7.5000  -37.5000  -45.0000 2149.0427   30.7617
    0.0000  -37.5000  -45.0000 2151.9355   30.6999
    7.5000  -37.5000  -45.0000 2128.5803   30.9769
   -7.5000  -30.0000  -45.0000 2246.1550   28.4455
    0.0000  -30.0000  -45.0000 2246.8940   28.3477
    7.5000  -30.0000  -45.0000 2216.7815   28.6056
   -7.5000  -22.5000  -45.0000 2313.1956   26.7159
    0.0000  -22.5000  -45.0000 2309.7334   26.5656
    7.5000  -22.5000  -45.0000 2284.2246   26.8706
   -7.5000  -15.0000  -45.0000 2353.3801   25.2514
    0.0000  -15.0000  -45.0000 2354.4788   25.1375
    7.5000  -15.0000  -45.0000 2330.3577   25.4981
   -7.5000   -7.5000  -45.0000 2375.9597   24.2896
    0.0000   -7.5000  -45.0000 2378.8384   24.2030
    7.5000   -7.5000  -45.0000 2355.4307   24.5377
   -7.5000    0.0000  -45.0000 2377.1362   23.7786
    0.0000    0.0000  -45.0000 2372.9727   23.6377
    7.5000    0.0000  -45.0000 2346.0630   23.9712
   -7.5000    7.5000  -45.0000 2362.2827   23.5625
    0.0000    7.5000  -45.0000 2362.8613   23.3862
    7.5000    7.5000  -45.0000 2338.9058   23.7933
   -7.5000   15.0000  -45.0000 2358.2397   23.9214
    0.0000   15.0000  -45.0000 2365.2942   23.7353
    7.5000   15.0000  -45.0000 2335.7952   24.0751
   -7.5000   22.5000  -45.0000 2348.8647   24.5862
    0.0000   22.5000  -45.0000 2351.5945   24.4707
    7.5000   22.5000  -45.0000 2327.5762   24.7875
   -7.5000   30.0000  -45.0000 2312.1504   25.4676
    0.0000   30.0000  -45.0000 2309.9626   25.3044
    7.5000   30.0000  -45.0000 2284.8372   25.5962
   -7.5000   37.5000  -45.0000 2262.9788   26.6410
    0.0000   37.5000  -45.0000 2259.1384   26.4433
    7.5000   37.5000  -45.0000 2225.5605   26.7001
   -7.5000   45.0000  -45.0000 2176.7803   28.3506
    0.0000   45.0000  -45.0000 2171.2214   28.0581
    7.5000   45.0000  -45.0000 2144.6409   28.5235
   -7.5000   52.5000  -45.0000 2054.3816   30.3179
    0.0000   52.5000  -45.0000 2049.8176   30.1365
    7.5000   52.5000  -45.0000 2024.4490   30.7420
   -7.5000  -37.5000  -37.5000 2221.1047   28.9371
    0.0000  -37.5000  -37.5000 2222.3674   28.9083
    7.5000  -37.5000  -37.5000 2194.3291   29.1517
   -7.5000  -30.0000  -37.5000 2320.4751   26.7436
    0.0000  -30.0000  -37.5000 2320.8608   26.7272
    7.5000  -30.0000  -37.5000 2288.8110   26.8706
   -7.5000  -22.5000  -37.5000 2395.5647   25.0187
    0.0000  -22.5000  -37.5000 2395.6953   24.9442
    7.5000  -22.5000  -37.5000 2366.3752   25.1810
   -7.5000  -15.0000  -37.5000 2444.5195   23.7035
    0.0000  -15.0000  -37.5000 2450.4321   23.5489
    7.5000  -15.0000  -37.5000 2418.9453   23.8481
   -7.5000   -7.5000  -37.5000 2473.0872   22.6868
    0.0000   -7.5000  -37.5000 2476.2173   22.5626
    7.5000   -7.5000  -37.5000 2444.9548   22.8469
   -7.5000    0.0000  -37.5000 2470.6560   22.0048
    0.0000    0.0000  -37.5000 2477.7456   21.9006
    7.5000    0.0000  -37.5000 2454.0129   22.2744
   -7.5000    7.5000  -37.5000 2458.3623   21.8600
    0.0000    7.5000  -37.5000 2464.8145   21.6729
    7.5000    7.5000  -37.5000 2438.6257   22.0463
   -7.5000   15.0000  -37.5000 2447.2573   22.2124
    0.0000   15.0000  -37.5000 2454.9795   21.9761
    7.5000   15.0000  -37.5000 2431.1614   22.3349
   -7.5000   22.5000  -37.5000 2444.7180   22.8899
    0.0000   22.5000  -37.5000 2448.4761   22.7111
    7.5000   22.5000  -37.5000 2420.4285   22.9634
   -7.5000   30.0000  -37.5000 2408.2478   23.7052
    0.0000   30.0000  -37.5000 2411.3418   23.5251
    7.5000   30.0000  -37.5000 2379.2856   23.7401
   -7.5000   37.5000  -37.5000 2349.4666   24.7348
    0.0000   37.5000  -37.5000 2348.7734   24.5557
    7.5000   37.5000  -37.5000 2317.3767   24.7847
   -7.5000   45.0000  -37.5000 2256.3660   26.2432
    0.0000   45.0000  -37.5000 2254.6274   26.0357
    7.5000   45.0000  -37.5000 2229.1907   26.4741
   -7.5000   52.5000  -37.5000 2134.2158   28.0754
    0.0000   52.5000  -37.5000 2130.0291   27.9078
    7.5000   52.5000  -37.5000 2103.4106   28.4437
   -7.5000  -37.5000  -30.0000 2330.5239   28.3985
    0.0000  -37.5000  -30.0000 2328.6394   28.2527
    7.5000  -37.5000  -30.0000 2294.6870   28.5133
   -7.5000  -30.0000  -30.0000 2435.4844   26.1732
    0.0000  -30.0000  -30.0000 2432.6223   26.0396
    7.5000  -30.0000  -30.0000 2397.6335   26.2347
   -7.5000  -22.5000  -30.0000 2512.4351   24.3388
    0.0000  -22.5000  -30.0000 2512.9319   24.2199
    7.5000  -22.5000  -30.0000 2475.4417   24.4464
   -7.5000  -15.0000  -30.0000 2564.7493   22.9867
    0.0000  -15.0000  -30.0000 2573.4641   22.8279
    7.5000  -15.0000  -30.0000 2533.8708   23.0533
   -7.5000   -7.5000  -30.0000 2597.1094   21.9516
    0.0000   -7.5000  -30.0000 2609.3738   21.8222
    7.5000   -7.5000  -30.0000 2578.8816   22.0543
   -7.5000    0.0000  -30.0000 2611.3010   21.2783
    0.0000    0.0000  -30.0000 2626.3105   21.1173
    7.5000    0.0000  -30.0000 2600.5854   21.4399
   -7.5000    7.5000  -30.0000 2598.2405   20.9373
    0.0000    7.5000  -30.0000 2605.4604   20.7789
    7.5000    7.5000  -30.0000 2581.5686   21.1503
   -7.5000   15.0000  -30.0000 2573.3496   21.2677
    0.0000   15.0000  -30.0000 2582.7090   21.0414
    7.5000   15.0000  -30.0000 2563.0935   21.4217
   -7.5000   22.5000  -30.0000 2570.9175   21.8739
    0.0000   22.5000  -30.0000 2579.6096   21.6616
    7.5000   22.5000  -30.0000 2547.0286   21.9894
   -7.5000   30.0000  -30.0000 2536.9761   22.7513
    0.0000   30.0000  -30.0000 2542.0842   22.5103
    7.5000   30.0000  -30.0000 2507.0974   22.7688
   -7.5000   37.5000  -30.0000 2474.4807   23.6957
    0.0000   37.5000  -30.0000 2481.7771   23.5367
    7.5000   37.5000  -30.0000 2445.2727   23.8469
   -7.5000   45.0000  -30.0000 2382.3762   25.1874
    0.0000   45.0000  -30.0000 2384.7297   25.0251
    7.5000   45.0000  -30.0000 2356.2568   25.4202
   -7.5000   52.5000  -30.0000 2258.2925   26.9967
    0.0000   52.5000  -30.0000 2252.8762   26.7800
    7.5000   52.5000  -30.0000 2228.8569   27.2932
   -7.5000  -37.5000  -22.5000 2411.2725   27.6972
    0.0000  -37.5000  -22.5000 2404.4224   27.4692
    7.5000  -37.5000  -22.5000 2374.5369   27.7369
   -7.5000  -30.0000  -22.5000 2512.4438   25.3882
    0.0000  -30.0000  -22.5000 2509.8059   25.1602
    7.5000  -30.0000  -22.5000 2475.3992   25.4053
   -7.5000  -22.5000  -22.5000 2590.2073   23.4946
    0.0000  -22.5000  -22.5000 2592.4551   23.2727
    7.5000  -22.5000  -22.5000 2552.7344   23.5152
   -7.5000  -15.0000  -22.5000 2650.7161   22.1431
    0.0000  -15.0000  -22.5000 2662.0510   21.9552
    7.5000  -15.0000  -22.5000 2621.9302   22.1788
   -7.5000   -7.5000  -22.5000 2700.7380   21.1530
    0.0000   -7.5000  -22.5000 2711.0828   21.0073
    7.5000   -7.5000  -22.5000 2676.3176   21.2154
   -7.5000    0.0000  -22.5000 2720.1538   20.4098
    0.0000    0.0000  -22.5000 2730.0159   20.2552
    7.5000    0.0000  -22.5000 2700.9492   20.5911
   -7.5000    7.5000  -22.5000 2721.6406   20.0355
    0.0000    7.5000  -22.5000 2730.7837   19.9092
    7.5000    7.5000  -22.5000 2692.7107   20.3108
   -7.5000   15.0000  -22.5000 2690.9797   20.1749
    0.0000   15.0000  -22.5000 2693.8857   20.0576
    7.5000   15.0000  -22.5000 2670.6440   20.4810
   -7.5000   22.5000  -22.5000 2673.1372   20.7177
    0.0000   22.5000  -22.5000 2684.5422   20.5450
    7.5000   22.5000  -22.5000 2650.7888   21.0160
   -7.5000   30.0000  -22.5000 2632.3950   21.5443
    0.0000   30.0000  -22.5000 2643.9600   21.3312
    7.5000   30.0000  -22.5000 2603.7991   21.6781
   -7.5000   37.5000  -22.5000 2566.8967   22.5560
    0.0000   37.5000  -22.5000 2572.7903   22.3426
    7.5000   37.5000  -22.5000 2546.6804   22.7107
   -7.5000   45.0000  -22.5000 2485.9558   23.9734
    0.0000   45.0000  -22.5000 2484.7349   23.7657
    7.5000   45.0000  -22.5000 2453.9551   24.1788
   -7.5000   52.5000  -22.5000 2356.8687   25.7672
    0.0000   52.5000  -22.5000 2357.0654   25.5163
    7.5000   52.5000  -22.5000 2320.8428   25.9895
   -7.5000  -37.5000  -15.0000 2442.8145   27.0386
    0.0000  -37.5000  -15.0000 2445.0618   26.8000
    7.5000  -37.5000  -15.0000 2415.7300   27.0751
   -7.5000  -30.0000  -15.0000 2540.3181   24.5591
    0.0000  -30.0000  -15.0000 2543.6282   24.3265
    7.5000  -30.0000  -15.0000 2512.9111   24.6523
   -7.5000  -22.5000  -15.0000 2623.4355   22.6733
    0.0000  -22.5000  -15.0000 2627.8086   22.4677
    7.5000  -22.5000  -15.0000 2598.7996   22.7854
   -7.5000  -15.0000  -15.0000 2695.3369   21.3869
    0.0000  -15.0000  -15.0000 2695.7966   21.1329
    7.5000  -15.0000  -15.0000 2663.7764   21.4773
   -7.5000   -7.5000  -15.0000 2747.5933   20.4359
    0.0000   -7.5000  -15.0000 2752.0322   20.2116
    7.5000   -7.5000  -15.0000 2728.8271   20.5041
   -7.5000    0.0000  -15.0000 2791.0393   19.7713
    0.0000    0.0000  -15.0000 2796.3613   19.5726
    7.5000    0.0000  -15.0000 2765.7708   19.8597
   -7.5000    7.5000  -15.0000 2804.1797   19.3977
    0.0000    7.5000  -15.0000 2817.8127   19.2765
    7.5000    7.5000  -15.0000 2772.3110   19.5895
   -7.5000   15.0000  -15.0000 2770.2683   19.2488
    0.0000   15.0000  -15.0000 2781.5522   19.2563
    7.5000   15.0000  -15.0000 2757.8691   19.7719
   -7.5000   22.5000  -15.0000 2732.6904   19.6960
    0.0000   22.5000  -15.0000 2739.3162   19.5271
    7.5000   22.5000  -15.0000 2727.8049   20.1592
   -7.5000   30.0000  -15.0000 2681.3491   20.4153
    0.0000   30.0000  -15.0000 2690.8210   20.2571
    7.5000   30.0000  -15.0000 2660.8105   20.7454
   -7.5000   37.5000  -15.0000 2622.4165   21.4212
    0.0000   37.5000  -15.0000 2625.9712   21.2303
    7.5000   37.5000  -15.0000 2606.2874   21.7204
   -7.5000   45.0000  -15.0000 2534.7910   22.9249
    0.0000   45.0000  -15.0000 2539.1846   22.7025
    7.5000   45.0000  -15.0000 2514.7681   23.2404
   -7.5000   52.5000  -15.0000 2404.9385   24.7259
    0.0000   52.5000  -15.0000 2404.7598   24.5396
    7.5000   52.5000  -15.0000 2373.7617   25.1417
   -7.5000  -37.5000   -7.5000 2457.6511   26.4241
    0.0000  -37.5000   -7.5000 2458.5554   26.0822
    7.5000  -37.5000   -7.5000 2442.3738   26.4633
   -7.5000  -30.0000   -7.5000 2550.9849   23.8816
    0.0000  -30.0000   -7.5000 2555.1738   23.6065
    7.5000  -30.0000   -7.5000 2536.9131   23.9771
   -7.5000  -22.5000   -7.5000 2638.2917   22.0674
    0.0000  -22.5000   -7.5000 2642.9050   21.7977
    7.5000  -22.5000   -7.5000 2626.5715   22.1183
   -7.5000  -15.0000   -7.5000 2712.2668   20.7988
    0.0000  -15.0000   -7.5000 2716.7385   20.5036
    7.5000  -15.0000   -7.5000 2695.5862   20.8026
   -7.5000   -7.5000   -7.5000 2767.5647   19.8901
    0.0000   -7.5000   -7.5000 2775.9248   19.5891
    7.5000   -7.5000   -7.5000 2757.3579   19.8638
   -7.5000    0.0000   -7.5000 2823.8455   19.3999
    0.0000    0.0000   -7.5000 2831.9963   19.0491
    7.5000    0.0000   -7.5000 2808.5610   19.2446
   -7.5000    7.5000   -7.5000 2863.1052   19.2968
    0.0000    7.5000   -7.5000 2870.8789   18.9835
    7.5000    7.5000   -7.5000 2830.2837   19.0818
   -7.5000   15.0000   -7.5000 2825.9871   18.7753
    0.0000   15.0000   -7.5000 2857.5188   18.8867
    7.5000   15.0000   -7.5000 2823.8757   19.3020
   -7.5000   22.5000   -7.5000 2757.7942   18.8087
    0.0000   22.5000   -7.5000 2777.0623   18.8302
    7.5000   22.5000   -7.5000 2772.6929   19.4977
   -7.5000   30.0000   -7.5000 2700.8474   19.5506
    0.0000   30.0000   -7.5000 2720.6169   19.4561
    7.5000   30.0000   -7.5000 2701.0598   20.0478
   -7.5000   37.5000   -7.5000 2645.6536   20.6903
    0.0000   37.5000   -7.5000 2654.8718   20.5102
    7.5000   37.5000   -7.5000 2635.1523   21.0835
   -7.5000   45.0000   -7.5000 2557.5464   22.2610
    0.0000   45.0000   -7.5000 2570.2852   22.0629
    7.5000   45.0000   -7.5000 2543.5842   22.5870
   -7.5000   52.5000   -7.5000 2435.6223   24.1203
    0.0000   52.5000   -7.5000 2437.3032   23.8976
    7.5000   52.5000   -7.5000 2407.4802   24.4414
   -7.5000  -37.5000    0.0000 2452.6931   26.0964
    0.0000  -37.5000    0.0000 2459.2449   25.6532
    7.5000  -37.5000    0.0000 2441.6367   26.0544
   -7.5000  -30.0000    0.0000 2547.7590   23.5670
    0.0000  -30.0000    0.0000 2549.8987   23.1404
    7.5000  -30.0000    0.0000 2536.1660   23.5407
   -7.5000  -22.5000    0.0000 2630.1616   21.7408
    0.0000  -22.5000    0.0000 2632.2524   21.3706
    7.5000  -22.5000    0.0000 2624.5215   21.7378
   -7.5000  -15.0000    0.0000 2708.6855   20.4590
    0.0000  -15.0000    0.0000 2712.8684   20.1070
    7.5000  -15.0000    0.0000 2703.4077   20.4178
   -7.5000   -7.5000    0.0000 2766.6904   19.6025
    0.0000   -7.5000    0.0000 2779.9902   19.2905
    7.5000   -7.5000    0.0000 2772.2998   19.5898
   -7.5000    0.0000    0.0000 2824.4424   19.2402
    0.0000    0.0000    0.0000 2838.7126   18.8665
    7.5000    0.0000    0.0000 2823.2593   19.0185
   -7.5000    7.5000    0.0000 2865.7488   19.2820
    0.0000    7.5000    0.0000 2891.3320   18.8953
    7.5000    7.5000    0.0000 2849.3154   18.8317
   -7.5000   15.0000    0.0000 2830.9785   18.8582
    0.0000   15.0000    0.0000 2878.6616   18.7236
    7.5000   15.0000    0.0000 2837.9575   18.9637
   -7.5000   22.5000    0.0000 2763.6743   18.6862
    0.0000   22.5000    0.0000 2789.6357   18.4759
    7.5000   22.5000    0.0000 2789.6970   19.1440
   -7.5000   30.0000    0.0000 2725.2278   19.3466
    0.0000   30.0000    0.0000 2739.2764   19.0799
    7.5000   30.0000    0.0000 2714.0906   19.6072
   -7.5000   37.5000    0.0000 2650.4570   20.4872
    0.0000   37.5000    0.0000 2661.3047   20.1903
    7.5000   37.5000    0.0000 2643.6521   20.6471
   -7.5000   45.0000    0.0000 2554.3398   22.0258
    0.0000   45.0000    0.0000 2558.8787   21.7200
    7.5000   45.0000    0.0000 2534.0483   22.1432
   -7.5000   52.5000    0.0000 2434.1995   23.9122
    0.0000   52.5000    0.0000 2433.4038   23.5708
    7.5000   52.5000    0.0000 2403.8469   24.0069
   -7.5000  -37.5000    7.5000 2435.5132   26.0804
    0.0000  -37.5000    7.5000 2445.1150   25.6918
    7.5000  -37.5000    7.5000 2439.0815   26.1235
   -7.5000  -30.0000    7.5000 2533.0205   23.6106
    0.0000  -30.0000    7.5000 2549.3093   23.2779
    7.5000  -30.0000    7.5000 2542.0090   23.7416
   -7.5000  -22.5000    7.5000 2622.3765   21.8318
    0.0000  -22.5000    7.5000 2639.4980   21.5164
    7.5000  -22.5000    7.5000 2635.9539   21.8970
   -7.5000  -15.0000    7.5000 2697.1116   20.6104
    0.0000  -15.0000    7.5000 2716.2681   20.3043
    7.5000  -15.0000    7.5000 2717.8899   20.5359
   -7.5000   -7.5000    7.5000 2765.5940   19.7999
    0.0000   -7.5000    7.5000 2781.5264   19.4691
    7.5000   -7.5000    7.5000 2781.3291   19.5833
   -7.5000    0.0000    7.5000 2818.8374   19.4370
    0.0000    0.0000    7.5000 2835.2795   19.0820
    7.5000    0.0000    7.5000 2826.0125   19.0370
   -7.5000    7.5000    7.5000 2855.4180   19.3839
    0.0000    7.5000    7.5000 2877.4595   19.0091
    7.5000    7.5000    7.5000 2839.1482   18.8726
   -7.5000   15.0000    7.5000 2825.4678   19.1301
    0.0000   15.0000    7.5000 2820.2490   18.5500
    7.5000   15.0000    7.5000 2809.9099   18.9028
   -7.5000   22.5000    7.5000 2805.3030   19.5142
    0.0000   22.5000    7.5000 2790.0400   18.8419
    7.5000   22.5000    7.5000 2771.8438   19.1442
   -7.5000   30.0000    7.5000 2763.2090   20.0987
    0.0000   30.0000    7.5000 2772.2620   19.6540
    7.5000   30.0000    7.5000 2719.2390   19.7981
   -7.5000   37.5000    7.5000 2678.1245   20.9847
    0.0000   37.5000    7.5000 2689.2456   20.6570
    7.5000   37.5000    7.5000 2651.6406   20.9081
   -7.5000   45.0000    7.5000 2560.3425   22.2955
    0.0000   45.0000    7.5000 2560.9810   21.9652
    7.5000   45.0000    7.5000 2538.6277   22.3691
   -7.5000   52.5000    7.5000 2428.2146   23.9954
    0.0000   52.5000    7.5000 2431.4363   23.7025
    7.5000   52.5000    7.5000 2400.8442   24.0649
   -7.5000  -37.5000   15.0000 2420.0559   26.6848
    0.0000  -37.5000   15.0000 2436.4653   26.2691
    7.5000  -37.5000   15.0000 2434.6448   26.7058
   -7.5000  -30.0000   15.0000 2514.8010   24.2266
    0.0000  -30.0000   15.0000 2535.3958   23.8370
    7.5000  -30.0000   15.0000 2535.9033   24.2160
   -7.5000  -22.5000   15.0000 2613.7285   22.5326
    0.0000  -22.5000   15.0000 2630.5012   22.1110
    7.5000  -22.5000   15.0000 2627.9331   22.3699
   -7.5000  -15.0000   15.0000 2689.9280   21.3665
    0.0000  -15.0000   15.0000 2710.4836   20.9406
    7.5000  -15.0000   15.0000 2705.1086   21.0318
   -7.5000   -7.5000   15.0000 2754.5925   20.5343
    0.0000   -7.5000   15.0000 2771.6865   20.1791
    7.5000   -7.5000   15.0000 2752.4609   20.1134
   -7.5000    0.0000   15.0000 2805.5662   20.1106
    0.0000    0.0000   15.0000 2819.2432   19.7869
    7.5000    0.0000   15.0000 2794.4026   19.5762
   -7.5000    7.5000   15.0000 2816.2910   19.7200
    0.0000    7.5000   15.0000 2830.9529   19.2576
    7.5000    7.5000   15.0000 2796.4963   19.3000
   -7.5000   15.0000   15.0000 2796.0349   19.4466
    0.0000   15.0000   15.0000 2774.3977   18.8730
    7.5000   15.0000   15.0000 2764.3118   19.2268
   -7.5000   22.5000   15.0000 2776.5212   19.9445
    0.0000   22.5000   15.0000 2774.3730   19.4763
    7.5000   22.5000   15.0000 2740.0642   19.6305
   -7.5000   30.0000   15.0000 2734.2126   20.7652
    0.0000   30.0000   15.0000 2746.7607   20.4255
    7.5000   30.0000   15.0000 2694.7781   20.4361
   -7.5000   37.5000   15.0000 2665.5400   21.7892
    0.0000   37.5000   15.0000 2678.0967   21.5517
    7.5000   37.5000   15.0000 2630.4351   21.6104
   -7.5000   45.0000   15.0000 2555.9905   23.2338
    0.0000   45.0000   15.0000 2564.1611   23.0041
    7.5000   45.0000   15.0000 2528.3015   23.1869
   -7.5000   52.5000   15.0000 2410.4849   24.7339
    0.0000   52.5000   15.0000 2419.7188   24.5153
    7.5000   52.5000   15.0000 2391.7043   24.8764
   -7.5000  -37.5000   22.5000 2399.4158   27.9452
    0.0000  -37.5000   22.5000 2419.2019   27.4250
    7.5000  -37.5000   22.5000 2396.3984   27.6849
   -7.5000  -30.0000   22.5000 2494.7539   25.4203
    0.0000  -30.0000   22.5000 2516.6050   24.9194
    7.5000  -30.0000   22.5000 2500.5132   25.1286
   -7.5000  -22.5000   22.5000 2586.7188   23.5755
    0.0000  -22.5000   22.5000 2609.1238   23.0818
    7.5000  -22.5000   22.5000 2591.3923   23.2194
   -7.5000  -15.0000   22.5000 2663.4939   22.2697
    0.0000  -15.0000   22.5000 2682.9744   21.7399
    7.5000  -15.0000   22.5000 2669.4514   21.8484
   -7.5000   -7.5000   22.5000 2723.3210   21.3080
    0.0000   -7.5000   22.5000 2740.9836   20.8515
    7.5000   -7.5000   22.5000 2721.6560   20.8726
   -7.5000    0.0000   22.5000 2748.8003   20.6292
    0.0000    0.0000   22.5000 2770.3020   20.1826
    7.5000    0.0000   22.5000 2749.9558   20.2504
   -7.5000    7.5000   22.5000 2760.9956   20.0811
    0.0000    7.5000   22.5000 2753.5759   19.4526
    7.5000    7.5000   22.5000 2745.3687   19.8616
   -7.5000   15.0000   22.5000 2743.6531   19.9912
    0.0000   15.0000   22.5000 2735.1628   19.5622
    7.5000   15.0000   22.5000 2719.2590   19.8565
   -7.5000   22.5000   22.5000 2735.3669   20.6296
    0.0000   22.5000   22.5000 2734.8401   20.1863
    7.5000   22.5000   22.5000 2702.9502   20.4092
   -7.5000   30.0000   22.5000 2687.1372   21.5117
    0.0000   30.0000   22.5000 2691.3271   21.1538
    7.5000   30.0000   22.5000 2655.7500   21.2490
   -7.5000   37.5000   22.5000 2617.3362   22.6556
    0.0000   37.5000   22.5000 2628.4602   22.3599
    7.5000   37.5000   22.5000 2591.5469   22.4831
   -7.5000   45.0000   22.5000 2523.1252   24.1233
    0.0000   45.0000   22.5000 2533.5996   23.8535
    7.5000   45.0000   22.5000 2496.0969   24.0234
   -7.5000   52.5000   22.5000 2380.0674   25.8671
    0.0000   52.5000   22.5000 2392.4446   25.6033
    7.5000   52.5000   22.5000 2366.9482   25.7762
   -7.5000  -37.5000   30.0000 2356.7021   29.3960
    0.0000  -37.5000   30.0000 2374.6611   28.6910
    7.5000  -37.5000   30.0000 2351.5181   28.9083
   -7.5000  -30.0000   30.0000 2450.0532   26.6549
    0.0000  -30.0000   30.0000 2473.8784   26.0147
    7.5000  -30.0000   30.0000 2449.8911   26.2893
   -7.5000  -22.5000   30.0000 2528.9922   24.6176
    0.0000  -22.5000   30.0000 2556.8000   23.9667
    7.5000  -22.5000   30.0000 2543.5667   24.2654
   -7.5000  -15.0000   30.0000 2599.7385   23.0673
    0.0000  -15.0000   30.0000 2619.2661   22.4518
    7.5000  -15.0000   30.0000 2612.2637   22.6915
   -7.5000   -7.5000   30.0000 2662.2417   21.9288
    0.0000   -7.5000   30.0000 2680.2170   21.3686
    7.5000   -7.5000   30.0000 2669.2734   21.5754
   -7.5000    0.0000   30.0000 2686.3374   21.1535
    0.0000    0.0000   30.0000 2699.5640   20.4990
    7.5000    0.0000   30.0000 2694.2944   20.8448
   -7.5000    7.5000   30.0000 2691.8821   20.6418
    0.0000    7.5000   30.0000 2696.6184   20.1542
    7.5000    7.5000   30.0000 2679.3833   20.4953
   -7.5000   15.0000   30.0000 2676.6589   20.7970
    0.0000   15.0000   30.0000 2673.7917   20.4049
    7.5000   15.0000   30.0000 2653.9243   20.7015
   -7.5000   22.5000   30.0000 2663.4268   21.4865
    0.0000   22.5000   30.0000 2667.7708   21.0318
    7.5000   22.5000   30.0000 2641.7847   21.3256
   -7.5000   30.0000   30.0000 2612.3616   22.4406
    0.0000   30.0000   30.0000 2619.6750   22.0059
    7.5000   30.0000   30.0000 2600.7715   22.2247
   -7.5000   37.5000   30.0000 2544.2288   23.6625
    0.0000   37.5000   30.0000 2552.6941   23.2897
    7.5000   37.5000   30.0000 2529.0938   23.4562
   -7.5000   45.0000   30.0000 2455.3596   25.1193
    0.0000   45.0000   30.0000 2463.2014   24.7780
    7.5000   45.0000   30.0000 2430.6829   25.0494
   -7.5000   52.5000   30.0000 2320.1484   26.7673
    0.0000   52.5000   30.0000 2324.7043   26.5378
    7.5000   52.5000   30.0000 2305.0586   26.8036
   -7.5000  -37.5000   37.5000 2288.4709   30.7214
    0.0000  -37.5000   37.5000 2310.9016   30.0448
    7.5000  -37.5000   37.5000 2290.9829   30.2765
   -7.5000  -30.0000   37.5000 2377.2488   27.7824
    0.0000  -30.0000   37.5000 2403.2556   27.1026
    7.5000  -30.0000   37.5000 2386.3950   27.4604
   -7.5000  -22.5000   37.5000 2454.4741   25.6062
    0.0000  -22.5000   37.5000 2481.6340   24.9324
    7.5000  -22.5000   37.5000 2472.0437   25.3208
   -7.5000  -15.0000   37.5000 2525.9619   24.0418
    0.0000  -15.0000   37.5000 2547.8599   23.3396
    7.5000  -15.0000   37.5000 2541.9729   23.6988
   -7.5000   -7.5000   37.5000 2577.0505   22.8267
    0.0000   -7.5000   37.5000 2604.0139   22.1745
    7.5000   -7.5000   37.5000 2594.7314   22.4831
   -7.5000    0.0000   37.5000 2604.5315   21.9603
    0.0000    0.0000   37.5000 2615.2483   21.2243
    7.5000    0.0000   37.5000 2614.6890   21.6898
   -7.5000    7.5000   37.5000 2619.8682   21.4590
    0.0000    7.5000   37.5000 2625.0457   21.0815
    7.5000    7.5000   37.5000 2609.2832   21.3474
   -7.5000   15.0000   37.5000 2599.7212   21.8080
    0.0000   15.0000   37.5000 2606.6321   21.3836
    7.5000   15.0000   37.5000 2585.4119   21.6998
   -7.5000   22.5000   37.5000 2575.5593   22.5087
    0.0000   22.5000   37.5000 2584.6230   22.0731
    7.5000   22.5000   37.5000 2566.7527   22.3366
   -7.5000   30.0000   37.5000 2533.4998   23.5729
    0.0000   30.0000   37.5000 2533.1680   23.0717
    7.5000   30.0000   37.5000 2528.1025   23.3896
   -7.5000   37.5000   37.5000 2465.6970   24.8816
    0.0000   37.5000   37.5000 2481.5295   24.4366
    7.5000   37.5000   37.5000 2454.2131   24.7118
   -7.5000   45.0000   37.5000 2370.8828   26.3668
    0.0000   45.0000   37.5000 2387.9636   25.9993
    7.5000   45.0000   37.5000 2359.8494   26.2524
   -7.5000   52.5000   37.5000 2248.4136   27.9578
    0.0000   52.5000   37.5000 2247.3501   27.6513
    7.5000   52.5000   37.5000 2232.2278   27.9049
   -7.5000  -37.5000   45.0000 2210.7502   32.3721
    0.0000  -37.5000   45.0000 2230.6550   31.6599
    7.5000  -37.5000   45.0000 2221.4990   31.9235
   -7.5000  -30.0000   45.0000 2299.8816   29.2474
    0.0000  -30.0000   45.0000 2314.9548   28.5268
    7.5000  -30.0000   45.0000 2305.6924   28.8670
   -7.5000  -22.5000   45.0000 2380.6946   27.0224
    0.0000  -22.5000   45.0000 2401.6860   26.3087
    7.5000  -22.5000   45.0000 2389.0798   26.6306
   -7.5000  -15.0000   45.0000 2438.4221   25.3485
    0.0000  -15.0000   45.0000 2472.7070   24.6746
    7.5000  -15.0000   45.0000 2461.8091   24.9982
   -7.5000   -7.5000   45.0000 2487.7153   24.0923
    0.0000   -7.5000   45.0000 2513.7314   23.3195
    7.5000   -7.5000   45.0000 2512.3088   23.7397
   -7.5000    0.0000   45.0000 2510.1028   23.1643
    0.0000    0.0000   45.0000 2525.9602   22.4441
    7.5000    0.0000   45.0000 2520.5359   22.8936
   -7.5000    7.5000   45.0000 2534.8567   22.6606
    0.0000    7.5000   45.0000 2541.6858   22.2297
    7.5000    7.5000   45.0000 2526.1973   22.5173
   -7.5000   15.0000   45.0000 2510.4272   23.0656
    0.0000   15.0000   45.0000 2522.0544   22.6177
    7.5000   15.0000   45.0000 2503.3066   22.8685
   -7.5000   22.5000   45.0000 2473.4939   23.8672
    0.0000   22.5000   45.0000 2482.9041   23.4547
    7.5000   22.5000   45.0000 2469.7632   23.6179
   -7.5000   30.0000   45.0000 2426.3904   24.9942
    0.0000   30.0000   45.0000 2429.5945   24.5676
    7.5000   30.0000   45.0000 2419.5667   24.8175
   -7.5000   37.5000   45.0000 2363.1528   26.3968
    0.0000   37.5000   45.0000 2381.0474   25.9419
    7.5000   37.5000   45.0000 2357.8679   26.2084
   -7.5000   45.0000   45.0000 2275.3733   27.9189
    0.0000   45.0000   45.0000 2297.1980   27.4695
    7.5000   45.0000   45.0000 2275.3918   27.7486
   -7.5000   52.5000   45.0000 2154.3550   29.5317
    0.0000   52.5000   45.0000 2164.7874   29.1266
    7.5000   52.5000   45.0000 2144.1890   29.4409

---------------------------------------------------------------------
imgreg_4dfp /opt/freesurfer/average/711-2C_as_mni_average_305 /opt/freesurfer/average/711-2B_as_mni_average_305_mask talsrcimg_g11 none talsrcimg_to_711-2C_as_mni_average_305_t4 1283
---------------------------------------------------------------------

freesurfer imgreg_4dfp.c
/opt/freesurfer/average/711-2C_as_mni_average_305.4dfp.img
       256       256       256         1
  1.000000  1.000000  1.000000
orientation T byte_order littleendian
Reading image: /opt/freesurfer/average/711-2C_as_mni_average_305.4dfp.img
dimensions:      256       256       256
mmppix:       1.0000   -1.0000   -1.0000
center:     128.0000 -129.0000 -129.0000
/opt/freesurfer/average/711-2B_as_mni_average_305_mask.4dfp.img
       256       256       256         1
  1.000000  1.000000  1.000000
orientation T byte_order littleendian
Reading mask: /opt/freesurfer/average/711-2B_as_mni_average_305_mask.4dfp.img (2306576 pixels)
talsrcimg_g11.4dfp.img
       256       256       256         1
  1.000000  1.000000  1.000000
orientation T byte_order littleendian
Reading image: talsrcimg_g11.4dfp.img
dimensions:      256       256       256
mmppix:       1.0000   -1.0000   -1.0000
center:     128.0000 -129.0000 -129.0000
rotation matrix determinant  1.000000
fimgreg.f
image alignment mode   1283 decimal      503 hex
parameters
    0.0000    7.5000    0.0000    0.0000    0.0000    0.0000
eta,q 0.91010 18.88762
niter,ni,del,rscale     5    3   12.0000    1.2000
parameter  2 -2.466458 -> -0.500000 qaram    1.1500
parameter  3 -0.712874 -> -0.500000 qaram    1.1500
parameters
   -1.5239   10.9500    3.4500    0.4988   -2.3784   -1.6686
eta,q 0.92241 18.92892
  0.0946  0.1035  0.0915  0.0903  0.0813  0.0822
  0.0946  0.1038  0.0873  0.0872  0.0794  0.0795
  0.0937  0.1003  0.0841  0.0830  0.0785  0.0777
  0.0907  0.0924  0.0832  0.0798  0.0794  0.0785
  0.0928  0.0850  0.0820  0.0796  0.0827  0.0816
  0.0985  0.0825  0.0799  0.0831  0.0858  0.0852
  0.1060  0.0861  0.0814  0.0892  0.0896  0.0882
niter,ni,del,rscale     6    3   12.0000    1.2000
parameters
   -1.8092    9.9422    2.8757    2.2072   -3.4852   -3.2415
eta,q 0.92197 18.94290
  0.0958  0.0945  0.0899  0.0895  0.0823  0.0805
  0.0853  0.0898  0.0862  0.0875  0.0806  0.0799
  0.0793  0.0835  0.0822  0.0840  0.0782  0.0783
  0.0776  0.0775  0.0790  0.0799  0.0777  0.0776
  0.0813  0.0846  0.0774  0.0776  0.0799  0.0797
  0.0892  0.0983  0.0855  0.0792  0.0840  0.0835
  0.0982  0.1076  0.1008  0.0846  0.0871  0.0865
niter,ni,del,rscale     5    3   12.0000    1.2000
parameters
   -1.6492    9.5223    3.0556    2.5447   -4.8295   -4.6946
eta,q 0.92088 19.02870
  0.0985  0.0985  0.0943  0.0893  0.0821  0.0808
  0.0867  0.0935  0.0925  0.0855  0.0807  0.0802
  0.0797  0.0847  0.0843  0.0813  0.0790  0.0794
  0.0780  0.0780  0.0787  0.0786  0.0783  0.0786
  0.0796  0.0813  0.0785  0.0788  0.0802  0.0796
  0.0863  0.0957  0.0838  0.0832  0.0844  0.0826
  0.0956  0.1070  0.0992  0.0882  0.0887  0.0861
niter,ni,del,rscale     4    3   12.0000    1.2000
parameters
   -1.6422    9.0034    3.0961    2.5764   -5.7583   -6.2075
eta,q 0.92014 19.12212
  0.0997  0.0981  0.0961  0.0896  0.0836  0.0818
  0.0868  0.0925  0.0929  0.0845  0.0809  0.0803
  0.0799  0.0841  0.0842  0.0809  0.0803  0.0800
  0.0791  0.0791  0.0797  0.0797  0.0797  0.0798
  0.0822  0.0818  0.0801  0.0812  0.0804  0.0807
  0.0895  0.0948  0.0866  0.0852  0.0834  0.0832
  0.0971  0.1083  0.1010  0.0887  0.0878  0.0859
niter,ni,del,rscale     3    3   12.0000    1.2000
parameters
   -1.8428    8.6087    3.0723    2.5698   -5.8254   -6.9427
eta,q 0.92021 19.17751
  0.0995  0.0999  0.0960  0.0882  0.0848  0.0835
  0.0868  0.0931  0.0921  0.0831  0.0817  0.0808
  0.0796  0.0840  0.0831  0.0804  0.0802  0.0800
  0.0799  0.0796  0.0798  0.0799  0.0799  0.0799
  0.0842  0.0822  0.0804  0.0809  0.0797  0.0807
  0.0917  0.0938  0.0872  0.0837  0.0815  0.0828
  0.0988  0.1087  0.1006  0.0877  0.0855  0.0855
niter,ni,del,rscale     2    3   12.0000    1.2000
parameters
   -2.0304    8.4638    3.0888    2.7748   -5.5323   -7.2276
eta,q 0.92044 19.20051
  0.0993  0.1017  0.0957  0.0878  0.0849  0.0842
  0.0873  0.0942  0.0920  0.0830  0.0822  0.0810
  0.0798  0.0847  0.0827  0.0805  0.0804  0.0796
  0.0798  0.0796  0.0797  0.0797  0.0797  0.0796
  0.0842  0.0814  0.0801  0.0800  0.0792  0.0802
  0.0914  0.0917  0.0868  0.0825  0.0808  0.0822
  0.0989  0.1077  0.0998  0.0867  0.0846  0.0846
niter,ni,del,rscale     1    3   12.0000    1.2000
parameters
   -2.1697    8.4139    3.0996    2.9375   -5.2949   -7.3734
eta,q 0.92075 19.21528
  0.1000  0.1021  0.0954  0.0871  0.0848  0.0842
  0.0879  0.0945  0.0922  0.0828  0.0824  0.0810
  0.0798  0.0846  0.0825  0.0805  0.0805  0.0792
  0.0796  0.0794  0.0794  0.0794  0.0794  0.0793
  0.0844  0.0810  0.0799  0.0795  0.0789  0.0799
  0.0916  0.0908  0.0867  0.0822  0.0809  0.0818
  0.0989  0.1069  0.0998  0.0866  0.0850  0.0842
registration optimization eta report
parameter search radius
    6.0000    6.9000    6.9000    6.0000    6.0000    6.0000
100000*second partial in parameter space
       55.       52.       39.       21.       16.       14.
  0.1000  0.1021  0.0954  0.0871  0.0848  0.0842
  0.0879  0.0945  0.0922  0.0828  0.0824  0.0810
  0.0798  0.0846  0.0825  0.0805  0.0805  0.0792
  0.0796  0.0794  0.0794  0.0794  0.0794  0.0793
  0.0844  0.0810  0.0799  0.0795  0.0789  0.0799
  0.0916  0.0908  0.0867  0.0822  0.0809  0.0818
  0.0989  0.1069  0.0998  0.0866  0.0850  0.0842
   -2.1697    8.4139    3.0996    2.9375   -5.2949   -7.3734
eta,q 0.92075 19.21528

---------------------------------------------------------------------
imgreg_4dfp /opt/freesurfer/average/711-2C_as_mni_average_305 /opt/freesurfer/average/711-2B_as_mni_average_305_mask talsrcimg_g11 none talsrcimg_to_711-2C_as_mni_average_305_t4 3335
---------------------------------------------------------------------

freesurfer imgreg_4dfp.c
/opt/freesurfer/average/711-2C_as_mni_average_305.4dfp.img
       256       256       256         1
  1.000000  1.000000  1.000000
orientation T byte_order littleendian
Reading image: /opt/freesurfer/average/711-2C_as_mni_average_305.4dfp.img
dimensions:      256       256       256
mmppix:       1.0000   -1.0000   -1.0000
center:     128.0000 -129.0000 -129.0000
/opt/freesurfer/average/711-2B_as_mni_average_305_mask.4dfp.img
       256       256       256         1
  1.000000  1.000000  1.000000
orientation T byte_order littleendian
Reading mask: /opt/freesurfer/average/711-2B_as_mni_average_305_mask.4dfp.img (2306576 pixels)
talsrcimg_g11.4dfp.img
       256       256       256         1
  1.000000  1.000000  1.000000
orientation T byte_order littleendian
Reading image: talsrcimg_g11.4dfp.img
dimensions:      256       256       256
mmppix:       1.0000   -1.0000   -1.0000
center:     128.0000 -129.0000 -129.0000
fimgreg.f
image alignment mode   3335 decimal      D07 hex
parameters
   -2.1697    8.4139    3.0996   -1.2501   -1.0179   -0.5576
   13.2856    8.4822  -12.7787   -6.2651   -9.2282    5.1028
eta,q 0.91600 19.30548
niter,ni,del,rscale     5    3    5.0000    1.2000
parameter  4  1.365857 ->  0.500000 qaram    1.1500
parameter  5  0.667169 ->  0.500000 qaram    1.1500
parameter  6  3.733589 ->  0.500000 qaram    1.1500
parameter  7  0.646463 ->  0.500000 qaram    1.1500
parameter  9 -0.564161 -> -0.500000 qaram    1.1500
parameter 10  1.135880 ->  0.500000 qaram    1.1500
parameter 11 -0.563513 -> -0.500000 qaram    1.1500
parameter 12  0.720937 ->  0.500000 qaram    1.1500
parameters
   -2.2915    8.7514    2.7735   -5.3901   -5.1579   -4.6976
    9.1456    6.3186   -8.6387  -10.4051   -5.0882    0.9628
eta,q 0.93725 19.28835
  0.0865  0.0875  0.0848  0.0762  0.0749  0.0650  0.0673  0.0687  0.0705  0.0637  0.0675  0.0629
  0.0851  0.0860  0.0843  0.0773  0.0755  0.0669  0.0670  0.0670  0.0686  0.0638  0.0659  0.0627
  0.0842  0.0848  0.0840  0.0798  0.0763  0.0708  0.0672  0.0666  0.0673  0.0647  0.0647  0.0629
  0.0840  0.0840  0.0839  0.0839  0.0778  0.0757  0.0678  0.0670  0.0666  0.0661  0.0640  0.0635
  0.0844  0.0840  0.0841  0.0894  0.0813  0.0811  0.0687  0.0683  0.0662  0.0681  0.0636  0.0646
  0.0855  0.0847  0.0846  0.0954  0.0879  0.0863  0.0700  0.0705  0.0661  0.0704  0.0635  0.0659
  0.0871  0.0862  0.0856  0.1013  0.0958  0.0900  0.0717  0.0735  0.0662  0.0727  0.0637  0.0674
niter,ni,del,rscale     7    3    5.0000    1.2000
parameter  2 -3.689815 -> -0.500000 qaram    1.1500
parameter  7  0.629985 ->  0.500000 qaram    1.3225
parameter 12 -0.671558 -> -0.500000 qaram    1.3225
parameters
   -2.1211   10.1314    2.8374   -7.4967   -8.3664   -7.4520
    4.3846    4.2721   -4.7030   -8.6330   -2.6382    5.7238
eta,q 0.94205 18.79759
  0.0648  0.0695  0.0610  0.0621  0.0598  0.0605  0.0588  0.0597  0.0612  0.0607  0.0599  0.0603
  0.0638  0.0671  0.0600  0.0606  0.0594  0.0596  0.0588  0.0589  0.0597  0.0596  0.0592  0.0596
  0.0631  0.0649  0.0595  0.0595  0.0592  0.0593  0.0590  0.0586  0.0590  0.0588  0.0587  0.0590
  0.0628  0.0627  0.0594  0.0594  0.0594  0.0592  0.0593  0.0588  0.0586  0.0584  0.0585  0.0584
  0.0628  0.0607  0.0596  0.0607  0.0605  0.0601  0.0600  0.0595  0.0585  0.0585  0.0584  0.0581
  0.0633  0.0590  0.0601  0.0640  0.0637  0.0643  0.0612  0.0606  0.0584  0.0587  0.0586  0.0580
  0.0643  0.0576  0.0607  0.0695  0.0699  0.0724  0.0629  0.0619  0.0585  0.0594  0.0588  0.0582
niter,ni,del,rscale     7    3    5.0000    1.2000
parameter  2 -7.649212 -> -0.500000 qaram    1.3225
parameters
   -2.2658   11.7184    2.9090   -7.2878  -11.0490   -9.1023
    2.2760    3.7202   -2.8589   -8.0207    0.1508    7.8954
eta,q 0.94644 18.61790
  0.0592  0.0657  0.0548  0.0574  0.0546  0.0559  0.0552  0.0557  0.0554  0.0558  0.0550  0.0554
  0.0584  0.0629  0.0544  0.0559  0.0542  0.0549  0.0541  0.0545  0.0545  0.0547  0.0544  0.0546
  0.0580  0.0603  0.0540  0.0546  0.0538  0.0541  0.0538  0.0540  0.0540  0.0541  0.0539  0.0540
  0.0580  0.0579  0.0538  0.0538  0.0538  0.0538  0.0539  0.0538  0.0538  0.0537  0.0537  0.0537
  0.0582  0.0556  0.0539  0.0537  0.0544  0.0539  0.0545  0.0542  0.0537  0.0538  0.0537  0.0536
  0.0587  0.0532  0.0542  0.0547  0.0569  0.0560  0.0555  0.0551  0.0539  0.0545  0.0537  0.0538
  0.0595  0.0511  0.0548  0.0579  0.0626  0.0619  0.0574  0.0564  0.0544  0.0552  0.0539  0.0544
niter,ni,del,rscale     7    3    5.0000    1.2000
parameter  2 -3.144107 -> -0.500000 qaram    1.5209
parameters
   -1.9964   13.5434    2.7369   -7.3752  -13.1822   -9.6251
    0.9478    3.8498   -2.5916   -4.0302    0.9806    6.0889
eta,q 0.95063 18.45350
  0.0551  0.0624  0.0504  0.0527  0.0510  0.0522  0.0516  0.0520  0.0510  0.0528  0.0504  0.0502
  0.0543  0.0594  0.0499  0.0513  0.0503  0.0511  0.0504  0.0507  0.0502  0.0515  0.0499  0.0497
  0.0538  0.0564  0.0496  0.0502  0.0498  0.0502  0.0499  0.0500  0.0498  0.0505  0.0495  0.0495
  0.0536  0.0535  0.0496  0.0496  0.0496  0.0498  0.0498  0.0498  0.0498  0.0498  0.0494  0.0493
  0.0536  0.0511  0.0497  0.0496  0.0497  0.0498  0.0502  0.0500  0.0499  0.0494  0.0493  0.0496
  0.0539  0.0490  0.0501  0.0506  0.0521  0.0503  0.0513  0.0507  0.0501  0.0494  0.0496  0.0503
  0.0545  0.0472  0.0506  0.0536  0.0586  0.0542  0.0532  0.0518  0.0508  0.0499  0.0501  0.0517
niter,ni,del,rscale     7    3    5.0000    1.2000
parameter  2 -2.813788 -> -0.500000 qaram    1.7490
parameter 10 -0.626659 -> -0.500000 qaram    1.3225
parameters
   -1.8927   15.6422    1.9196   -7.5116  -15.3214  -10.3832
    0.4745    4.2533   -2.8721    0.7308    1.2733    2.5012
eta,q 0.95616 18.28158
  0.0507  0.0594  0.0451  0.0474  0.0457  0.0470  0.0469  0.0471  0.0462  0.0484  0.0450  0.0443
  0.0500  0.0558  0.0447  0.0462  0.0454  0.0460  0.0455  0.0459  0.0453  0.0470  0.0445  0.0440
  0.0496  0.0524  0.0445  0.0451  0.0448  0.0452  0.0450  0.0451  0.0449  0.0458  0.0441  0.0438
  0.0494  0.0494  0.0447  0.0445  0.0445  0.0447  0.0448  0.0448  0.0448  0.0448  0.0440  0.0440
  0.0494  0.0466  0.0451  0.0445  0.0449  0.0448  0.0450  0.0449  0.0450  0.0441  0.0441  0.0445
  0.0498  0.0440  0.0457  0.0455  0.0466  0.0456  0.0458  0.0456  0.0456  0.0440  0.0444  0.0454
  0.0505  0.0423  0.0466  0.0484  0.0523  0.0494  0.0474  0.0467  0.0463  0.0445  0.0449  0.0469
niter,ni,del,rscale     7    3    5.0000    1.2000
parameter  2 -2.389999 -> -0.500000 qaram    2.0114
parameter 10 -1.291698 -> -0.500000 qaram    1.5209
parameters
   -1.8930   18.0559    1.0256   -7.7878  -18.1728  -11.0246
    0.0955    4.2589   -3.1221    6.2059    1.9726   -1.8832
eta,q 0.96402 18.08654
  0.0452  0.0563  0.0389  0.0409  0.0387  0.0403  0.0405  0.0405  0.0394  0.0437  0.0372  0.0363
  0.0444  0.0519  0.0385  0.0398  0.0383  0.0393  0.0391  0.0393  0.0388  0.0416  0.0367  0.0360
  0.0440  0.0478  0.0384  0.0389  0.0382  0.0386  0.0384  0.0385  0.0384  0.0398  0.0364  0.0360
  0.0438  0.0438  0.0385  0.0384  0.0384  0.0382  0.0383  0.0383  0.0383  0.0383  0.0362  0.0362
  0.0440  0.0405  0.0391  0.0384  0.0388  0.0383  0.0386  0.0385  0.0384  0.0368  0.0363  0.0368
  0.0444  0.0378  0.0399  0.0393  0.0405  0.0388  0.0394  0.0393  0.0389  0.0360  0.0365  0.0378
  0.0452  0.0359  0.0409  0.0420  0.0461  0.0421  0.0408  0.0405  0.0396  0.0358  0.0369  0.0393
niter,ni,del,rscale     7    3    5.0000    1.2000
parameter  2 -1.253567 -> -0.500000 qaram    2.3131
parameter 10 -0.501053 -> -0.500000 qaram    1.7490
parameter 12  0.677733 ->  0.500000 qaram    1.5209
parameters
   -2.1097   20.8315    0.2277   -8.5329  -20.8056  -11.5405
    0.7894    3.8391   -2.1825   12.5023    1.8306   -7.3584
eta,q 0.97347 17.97494
  0.0375  0.0527  0.0301  0.0316  0.0304  0.0319  0.0328  0.0319  0.0318  0.0388  0.0283  0.0268
  0.0365  0.0468  0.0297  0.0306  0.0296  0.0308  0.0310  0.0305  0.0306  0.0353  0.0279  0.0265
  0.0361  0.0410  0.0295  0.0298  0.0294  0.0299  0.0299  0.0296  0.0298  0.0320  0.0277  0.0268
  0.0360  0.0360  0.0296  0.0295  0.0296  0.0294  0.0294  0.0294  0.0294  0.0294  0.0276  0.0276
  0.0363  0.0316  0.0301  0.0297  0.0301  0.0294  0.0296  0.0299  0.0294  0.0279  0.0276  0.0286
  0.0370  0.0292  0.0310  0.0306  0.0320  0.0303  0.0304  0.0310  0.0299  0.0277  0.0279  0.0301
  0.0381  0.0289  0.0324  0.0333  0.0374  0.0337  0.0320  0.0325  0.0310  0.0298  0.0284  0.0322
niter,ni,del,rscale     7    3    5.0000    1.2000
parameters
   -2.4745   22.3894   -0.4388   -8.3603  -20.1880  -11.0420
    0.7299    4.0064   -1.1462   11.2393    1.1076  -10.9275
eta,q 0.97549 18.07646
  0.0285  0.0463  0.0260  0.0279  0.0289  0.0298  0.0290  0.0284  0.0280  0.0331  0.0257  0.0262
  0.0272  0.0381  0.0255  0.0266  0.0273  0.0279  0.0269  0.0266  0.0265  0.0288  0.0253  0.0250
  0.0265  0.0309  0.0252  0.0256  0.0260  0.0263  0.0255  0.0254  0.0255  0.0260  0.0251  0.0245
  0.0265  0.0264  0.0252  0.0252  0.0252  0.0251  0.0249  0.0249  0.0249  0.0249  0.0250  0.0250
  0.0272  0.0253  0.0257  0.0253  0.0252  0.0243  0.0254  0.0253  0.0249  0.0261  0.0251  0.0262
  0.0284  0.0280  0.0267  0.0260  0.0259  0.0253  0.0268  0.0264  0.0256  0.0304  0.0255  0.0278
  0.0302  0.0325  0.0282  0.0280  0.0285  0.0303  0.0293  0.0281  0.0269  0.0390  0.0260  0.0297
niter,ni,del,rscale     6    3    5.0000    1.2000
parameters
   -2.4900   22.6862   -1.0026   -8.9735  -20.0414  -10.1987
    0.5057    4.2078   -1.1090   11.9748    0.8415  -12.1852
eta,q 0.97606 18.12586
  0.0276  0.0397  0.0254  0.0269  0.0279  0.0290  0.0282  0.0277  0.0267  0.0348  0.0250  0.0268
  0.0259  0.0319  0.0248  0.0256  0.0263  0.0270  0.0261  0.0260  0.0254  0.0300  0.0245  0.0252
  0.0249  0.0267  0.0244  0.0247  0.0251  0.0255  0.0247  0.0247  0.0245  0.0264  0.0241  0.0242
  0.0245  0.0245  0.0245  0.0244  0.0244  0.0244  0.0242  0.0242  0.0242  0.0242  0.0240  0.0240
  0.0249  0.0262  0.0250  0.0247  0.0247  0.0236  0.0246  0.0245  0.0244  0.0243  0.0242  0.0249
  0.0260  0.0306  0.0258  0.0257  0.0257  0.0242  0.0261  0.0256  0.0253  0.0271  0.0246  0.0264
  0.0277  0.0364  0.0271  0.0283  0.0280  0.0286  0.0288  0.0274  0.0268  0.0337  0.0251  0.0282
niter,ni,del,rscale     5    3    5.0000    1.2000
parameters
   -2.5817   22.7241   -1.2926   -8.7730  -19.8874  -10.3988
    0.4867    4.1697   -0.9866   12.2855    0.8789  -12.6109
eta,q 0.97607 18.15656
  0.0268  0.0381  0.0253  0.0267  0.0275  0.0283  0.0282  0.0273  0.0266  0.0340  0.0250  0.0272
  0.0252  0.0304  0.0245  0.0254  0.0259  0.0264  0.0261  0.0256  0.0253  0.0293  0.0245  0.0255
  0.0242  0.0256  0.0240  0.0244  0.0246  0.0250  0.0246  0.0244  0.0244  0.0259  0.0241  0.0244
  0.0239  0.0239  0.0239  0.0239  0.0239  0.0239  0.0240  0.0240  0.0240  0.0240  0.0239  0.0239
  0.0244  0.0263  0.0243  0.0240  0.0242  0.0232  0.0244  0.0244  0.0242  0.0244  0.0241  0.0246
  0.0255  0.0310  0.0250  0.0247  0.0252  0.0245  0.0259  0.0256  0.0251  0.0275  0.0244  0.0260
  0.0273  0.0368  0.0261  0.0268  0.0276  0.0311  0.0285  0.0274  0.0266  0.0342  0.0250  0.0276
niter,ni,del,rscale     4    3    5.0000    1.2000
parameters
   -2.5877   22.7537   -1.4238   -8.8268  -19.8190  -10.3998
    0.4627    4.1737   -0.9386   12.3772    0.8671  -12.8251
eta,q 0.97607 18.16265
  0.0270  0.0380  0.0254  0.0267  0.0275  0.0284  0.0282  0.0272  0.0265  0.0337  0.0249  0.0273
  0.0254  0.0303  0.0246  0.0253  0.0259  0.0265  0.0260  0.0256  0.0252  0.0291  0.0244  0.0256
  0.0243  0.0255  0.0241  0.0243  0.0246  0.0250  0.0246  0.0244  0.0243  0.0258  0.0241  0.0244
  0.0239  0.0239  0.0239  0.0240  0.0240  0.0239  0.0239  0.0239  0.0239  0.0240  0.0239  0.0239
  0.0243  0.0264  0.0242  0.0241  0.0242  0.0231  0.0244  0.0243  0.0242  0.0245  0.0241  0.0245
  0.0254  0.0310  0.0248  0.0249  0.0253  0.0242  0.0258  0.0255  0.0251  0.0278  0.0244  0.0259
  0.0271  0.0368  0.0258  0.0271  0.0278  0.0306  0.0284  0.0273  0.0266  0.0345  0.0250  0.0275
niter,ni,del,rscale     3    3    5.0000    1.2000
parameters
   -2.6003   22.7681   -1.4732   -8.8343  -19.8017  -10.3950
    0.4512    4.1648   -0.9219   12.4207    0.8629  -12.9150
eta,q 0.97607 18.16636
  0.0270  0.0379  0.0255  0.0267  0.0274  0.0284  0.0282  0.0272  0.0265  0.0336  0.0249  0.0273
  0.0254  0.0302  0.0247  0.0253  0.0258  0.0264  0.0260  0.0255  0.0252  0.0290  0.0244  0.0257
  0.0243  0.0254  0.0241  0.0243  0.0245  0.0251  0.0246  0.0244  0.0243  0.0257  0.0241  0.0245
  0.0239  0.0239  0.0239  0.0239  0.0239  0.0239  0.0239  0.0239  0.0239  0.0239  0.0239  0.0239
  0.0243  0.0264  0.0241  0.0241  0.0242  0.0231  0.0244  0.0243  0.0242  0.0245  0.0241  0.0245
  0.0254  0.0310  0.0247  0.0248  0.0253  0.0242  0.0258  0.0254  0.0251  0.0279  0.0244  0.0258
  0.0271  0.0369  0.0257  0.0271  0.0279  0.0305  0.0284  0.0273  0.0266  0.0346  0.0250  0.0274
niter,ni,del,rscale     2    3    5.0000    1.2000
parameters
   -2.6046   22.7735   -1.4953   -8.8337  -19.7922  -10.3952
    0.4451    4.1658   -0.9166   12.4394    0.8587  -12.9507
eta,q 0.97606 18.16830
  0.0270  0.0378  0.0255  0.0267  0.0274  0.0284  0.0282  0.0272  0.0265  0.0336  0.0249  0.0274
  0.0254  0.0302  0.0247  0.0253  0.0258  0.0264  0.0260  0.0255  0.0252  0.0290  0.0244  0.0257
  0.0243  0.0254  0.0241  0.0243  0.0245  0.0251  0.0246  0.0244  0.0243  0.0257  0.0241  0.0245
  0.0239  0.0239  0.0239  0.0239  0.0239  0.0239  0.0239  0.0239  0.0239  0.0239  0.0239  0.0239
  0.0243  0.0264  0.0241  0.0241  0.0242  0.0231  0.0244  0.0243  0.0242  0.0245  0.0241  0.0245
  0.0254  0.0310  0.0247  0.0248  0.0253  0.0242  0.0258  0.0254  0.0251  0.0279  0.0244  0.0258
  0.0270  0.0369  0.0256  0.0271  0.0279  0.0305  0.0284  0.0273  0.0266  0.0346  0.0250  0.0274
registration optimization eta report
parameter search radius
    2.4000    5.5513    2.4000    8.2800    8.2800    8.2800
    9.5220    7.2000    8.2800   12.5928    8.2800   10.9503
100000*second partial in parameter space
       53.       43.       29.        4.        5.        9.
        5.        6.        4.        6.        1.        3.
  0.0270  0.0378  0.0255  0.0267  0.0274  0.0284  0.0282  0.0272  0.0265  0.0336  0.0249  0.0274
  0.0254  0.0302  0.0247  0.0253  0.0258  0.0264  0.0260  0.0255  0.0252  0.0290  0.0244  0.0257
  0.0243  0.0254  0.0241  0.0243  0.0245  0.0251  0.0246  0.0244  0.0243  0.0257  0.0241  0.0245
  0.0239  0.0239  0.0239  0.0239  0.0239  0.0239  0.0239  0.0239  0.0239  0.0239  0.0239  0.0239
  0.0243  0.0264  0.0241  0.0241  0.0242  0.0231  0.0244  0.0243  0.0242  0.0245  0.0241  0.0245
  0.0254  0.0310  0.0247  0.0248  0.0253  0.0242  0.0258  0.0254  0.0251  0.0279  0.0244  0.0258
  0.0270  0.0369  0.0256  0.0271  0.0279  0.0305  0.0284  0.0273  0.0266  0.0346  0.0250  0.0274
   -2.6046   22.7735   -1.4953   -8.8337  -19.7922  -10.3952
    0.4451    4.1658   -0.9166   12.4394    0.8587  -12.9507
eta,q 0.97606 18.16830

---------------------------------------------------------------------
imgreg_4dfp /opt/freesurfer/average/711-2C_as_mni_average_305 /opt/freesurfer/average/711-2B_as_mni_average_305_mask talsrcimg_g11 none talsrcimg_to_711-2C_as_mni_average_305_t4 2311
---------------------------------------------------------------------

freesurfer imgreg_4dfp.c
/opt/freesurfer/average/711-2C_as_mni_average_305.4dfp.img
       256       256       256         1
  1.000000  1.000000  1.000000
orientation T byte_order littleendian
Reading image: /opt/freesurfer/average/711-2C_as_mni_average_305.4dfp.img
dimensions:      256       256       256
mmppix:       1.0000   -1.0000   -1.0000
center:     128.0000 -129.0000 -129.0000
/opt/freesurfer/average/711-2B_as_mni_average_305_mask.4dfp.img
       256       256       256         1
  1.000000  1.000000  1.000000
orientation T byte_order littleendian
Reading mask: /opt/freesurfer/average/711-2B_as_mni_average_305_mask.4dfp.img (2306576 pixels)
talsrcimg_g11.4dfp.img
       256       256       256         1
  1.000000  1.000000  1.000000
orientation T byte_order littleendian
Reading image: talsrcimg_g11.4dfp.img
dimensions:      256       256       256
mmppix:       1.0000   -1.0000   -1.0000
center:     128.0000 -129.0000 -129.0000
fimgreg.f
image alignment mode   2311 decimal      907 hex
parameters
   -2.6046   22.7735   -1.4953   -8.8337  -19.7922  -10.3952
    0.4451    4.1658   -0.9166   12.4394    0.8587  -12.9507
eta,q 0.97606 18.16831
niter,ni,del,rscale     5    3    5.0000    0.8000
parameter  6 -0.726547 -> -0.500000 qaram    1.1500
parameters
   -2.5981   22.5305   -1.5084   -8.1150  -19.4846   -7.6352
    0.7364    3.8769   -1.0991   12.7925    0.2688  -13.8242
eta,q 0.97709 18.43506
  0.0254  0.0250  0.0246  0.0250  0.0253  0.0260  0.0243  0.0246  0.0239  0.0254  0.0233  0.0235
  0.0246  0.0243  0.0242  0.0244  0.0245  0.0252  0.0236  0.0236  0.0234  0.0244  0.0231  0.0232
  0.0241  0.0240  0.0240  0.0241  0.0241  0.0246  0.0232  0.0231  0.0231  0.0235  0.0230  0.0230
  0.0239  0.0239  0.0239  0.0239  0.0239  0.0239  0.0230  0.0230  0.0230  0.0230  0.0229  0.0229
  0.0241  0.0243  0.0240  0.0239  0.0240  0.0232  0.0231  0.0232  0.0231  0.0230  0.0230  0.0232
  0.0246  0.0250  0.0242  0.0241  0.0244  0.0230  0.0234  0.0239  0.0235  0.0237  0.0232  0.0236
  0.0254  0.0259  0.0247  0.0245  0.0249  0.0236  0.0240  0.0252  0.0241  0.0250  0.0235  0.0242
niter,ni,del,rscale     5    3    5.0000    0.8000
parameters
   -2.4837   22.6255   -1.3443   -7.3367  -19.5133   -8.6403
    0.7561    4.1200   -0.9493   13.4529    0.5967  -13.0816
eta,q 0.97706 18.45681
  0.0245  0.0247  0.0242  0.0240  0.0241  0.0252  0.0243  0.0248  0.0241  0.0255  0.0234  0.0241
  0.0237  0.0238  0.0236  0.0235  0.0234  0.0244  0.0237  0.0238  0.0235  0.0244  0.0232  0.0236
  0.0231  0.0232  0.0231  0.0231  0.0230  0.0235  0.0232  0.0233  0.0232  0.0235  0.0230  0.0232
  0.0229  0.0229  0.0229  0.0229  0.0228  0.0228  0.0231  0.0231  0.0231  0.0230  0.0230  0.0230
  0.0230  0.0230  0.0229  0.0228  0.0230  0.0231  0.0232  0.0231  0.0231  0.0230  0.0230  0.0230
  0.0234  0.0235  0.0232  0.0229  0.0234  0.0253  0.0236  0.0236  0.0234  0.0235  0.0231  0.0232
  0.0241  0.0243  0.0238  0.0235  0.0242  0.0305  0.0243  0.0245  0.0240  0.0246  0.0233  0.0236
niter,ni,del,rscale     4    3    5.0000    0.7000
parameters
   -2.4723   22.5684   -1.3716   -7.3215  -19.3908   -8.7293
    0.8460    4.0923   -0.9374   13.4355    0.6830  -12.9847
eta,q 0.97704 18.45809
  0.0241  0.0241  0.0238  0.0236  0.0240  0.0254  0.0239  0.0242  0.0237  0.0246  0.0233  0.0237
  0.0234  0.0234  0.0233  0.0233  0.0234  0.0246  0.0235  0.0235  0.0233  0.0238  0.0231  0.0233
  0.0231  0.0231  0.0230  0.0230  0.0231  0.0237  0.0231  0.0231  0.0231  0.0232  0.0230  0.0231
  0.0229  0.0229  0.0229  0.0229  0.0229  0.0229  0.0230  0.0230  0.0230  0.0230  0.0230  0.0230
  0.0230  0.0231  0.0230  0.0230  0.0230  0.0229  0.0230  0.0230  0.0230  0.0231  0.0230  0.0230
  0.0234  0.0236  0.0234  0.0232  0.0234  0.0238  0.0234  0.0235  0.0233  0.0237  0.0231  0.0233
  0.0240  0.0243  0.0239  0.0237  0.0239  0.0266  0.0239  0.0243  0.0237  0.0247  0.0232  0.0236
niter,ni,del,rscale     3    3    5.0000    0.6000
parameters
   -2.4683   22.5751   -1.3796   -7.2114  -19.3552   -8.3562
    0.8623    4.0625   -0.9910   13.3473    0.4933  -13.1557
eta,q 0.97714 18.49249
  0.0238  0.0239  0.0236  0.0235  0.0237  0.0251  0.0236  0.0238  0.0234  0.0241  0.0231  0.0233
  0.0233  0.0234  0.0232  0.0232  0.0233  0.0244  0.0232  0.0233  0.0231  0.0235  0.0229  0.0231
  0.0231  0.0231  0.0230  0.0230  0.0230  0.0236  0.0230  0.0230  0.0229  0.0230  0.0229  0.0229
  0.0230  0.0230  0.0230  0.0230  0.0230  0.0230  0.0229  0.0229  0.0229  0.0229  0.0229  0.0229
  0.0230  0.0231  0.0230  0.0230  0.0231  0.0228  0.0229  0.0229  0.0229  0.0230  0.0229  0.0229
  0.0233  0.0234  0.0233  0.0231  0.0233  0.0234  0.0232  0.0232  0.0231  0.0235  0.0230  0.0231
  0.0238  0.0239  0.0236  0.0235  0.0237  0.0249  0.0236  0.0239  0.0234  0.0243  0.0231  0.0235
niter,ni,del,rscale     2    3    5.0000    0.5000
parameters
   -2.4407   22.5977   -1.3385   -7.0257  -19.3900   -7.9777
    0.8880    4.0605   -1.0223   13.2840    0.2726  -13.3288
eta,q 0.97722 18.52733
  0.0235  0.0235  0.0234  0.0232  0.0234  0.0246  0.0233  0.0235  0.0232  0.0237  0.0229  0.0231
  0.0231  0.0232  0.0231  0.0231  0.0231  0.0240  0.0230  0.0231  0.0230  0.0232  0.0228  0.0229
  0.0229  0.0229  0.0229  0.0229  0.0229  0.0233  0.0228  0.0229  0.0228  0.0229  0.0228  0.0228
  0.0229  0.0229  0.0229  0.0229  0.0229  0.0228  0.0228  0.0228  0.0228  0.0228  0.0228  0.0228
  0.0229  0.0229  0.0229  0.0229  0.0229  0.0228  0.0228  0.0228  0.0228  0.0229  0.0228  0.0228
  0.0231  0.0231  0.0230  0.0230  0.0231  0.0232  0.0230  0.0230  0.0230  0.0232  0.0229  0.0230
  0.0234  0.0235  0.0233  0.0232  0.0234  0.0242  0.0233  0.0235  0.0232  0.0238  0.0230  0.0232
niter,ni,del,rscale     1    3    5.0000    0.4000
parameters
   -2.4162   22.6163   -1.2878   -6.8697  -19.4457   -7.6842
    0.9155    4.0644   -1.0349   13.2372    0.1340  -13.4417
eta,q 0.97726 18.55140
  0.0232  0.0232  0.0231  0.0230  0.0231  0.0241  0.0231  0.0232  0.0230  0.0234  0.0229  0.0230
  0.0229  0.0230  0.0230  0.0229  0.0229  0.0236  0.0229  0.0229  0.0229  0.0230  0.0228  0.0229
  0.0228  0.0228  0.0228  0.0228  0.0228  0.0231  0.0228  0.0228  0.0228  0.0228  0.0228  0.0228
  0.0228  0.0228  0.0228  0.0228  0.0228  0.0228  0.0227  0.0227  0.0227  0.0227  0.0227  0.0227
  0.0228  0.0228  0.0228  0.0228  0.0228  0.0228  0.0228  0.0228  0.0228  0.0228  0.0228  0.0228
  0.0229  0.0230  0.0229  0.0228  0.0229  0.0231  0.0229  0.0229  0.0229  0.0230  0.0228  0.0229
  0.0231  0.0232  0.0231  0.0230  0.0232  0.0237  0.0231  0.0232  0.0230  0.0234  0.0229  0.0230
registration optimization eta report
parameter search radius
    0.8000    0.8000    0.8000    2.4000    2.4000    2.7600
    2.4000    2.4000    2.4000    2.4000    2.4000    2.4000
100000*second partial in parameter space
       58.       66.       49.        4.        6.       15.
        6.        8.        5.       11.        2.        4.
  0.0232  0.0232  0.0231  0.0230  0.0231  0.0241  0.0231  0.0232  0.0230  0.0234  0.0229  0.0230
  0.0229  0.0230  0.0230  0.0229  0.0229  0.0236  0.0229  0.0229  0.0229  0.0230  0.0228  0.0229
  0.0228  0.0228  0.0228  0.0228  0.0228  0.0231  0.0228  0.0228  0.0228  0.0228  0.0228  0.0228
  0.0228  0.0228  0.0228  0.0228  0.0228  0.0228  0.0227  0.0227  0.0227  0.0227  0.0227  0.0227
  0.0228  0.0228  0.0228  0.0228  0.0228  0.0228  0.0228  0.0228  0.0228  0.0228  0.0228  0.0228
  0.0229  0.0230  0.0229  0.0228  0.0229  0.0231  0.0229  0.0229  0.0229  0.0230  0.0228  0.0229
  0.0231  0.0232  0.0231  0.0230  0.0232  0.0237  0.0231  0.0232  0.0230  0.0234  0.0229  0.0230
   -2.4162   22.6163   -1.2878   -6.8697  -19.4457   -7.6842
    0.9155    4.0644   -1.0349   13.2372    0.1340  -13.4417
eta,q 0.97726 18.55140

---------------------------------------------------------------------
imgreg_4dfp /opt/freesurfer/average/711-2C_as_mni_average_305 /opt/freesurfer/average/711-2B_as_mni_average_305_mask talsrcimg_g11 none talsrcimg_to_711-2C_as_mni_average_305_t4 2311
---------------------------------------------------------------------

freesurfer imgreg_4dfp.c
/opt/freesurfer/average/711-2C_as_mni_average_305.4dfp.img
       256       256       256         1
  1.000000  1.000000  1.000000
orientation T byte_order littleendian
Reading image: /opt/freesurfer/average/711-2C_as_mni_average_305.4dfp.img
dimensions:      256       256       256
mmppix:       1.0000   -1.0000   -1.0000
center:     128.0000 -129.0000 -129.0000
/opt/freesurfer/average/711-2B_as_mni_average_305_mask.4dfp.img
       256       256       256         1
  1.000000  1.000000  1.000000
orientation T byte_order littleendian
Reading mask: /opt/freesurfer/average/711-2B_as_mni_average_305_mask.4dfp.img (2306576 pixels)
talsrcimg_g11.4dfp.img
       256       256       256         1
  1.000000  1.000000  1.000000
orientation T byte_order littleendian
Reading image: talsrcimg_g11.4dfp.img
dimensions:      256       256       256
mmppix:       1.0000   -1.0000   -1.0000
center:     128.0000 -129.0000 -129.0000
fimgreg.f
image alignment mode   2311 decimal      907 hex
parameters
   -2.4162   22.6163   -1.2878   -6.8697  -19.4457   -7.6842
    0.9155    4.0644   -1.0349   13.2372    0.1340  -13.4417
eta,q 0.97726 18.55140
niter,ni,del,rscale     5    3    5.0000    0.8000
parameters
   -2.4187   22.6079   -1.3200   -7.4542  -19.5380   -8.4503
    0.8147    4.0873   -0.9491   13.3159    0.5038  -13.1447
eta,q 0.97711 18.45000
  0.0243  0.0244  0.0239  0.0236  0.0241  0.0249  0.0241  0.0246  0.0239  0.0251  0.0233  0.0239
  0.0234  0.0235  0.0233  0.0232  0.0234  0.0241  0.0235  0.0236  0.0234  0.0240  0.0231  0.0234
  0.0229  0.0229  0.0229  0.0229  0.0229  0.0233  0.0231  0.0231  0.0231  0.0233  0.0230  0.0231
  0.0227  0.0227  0.0227  0.0227  0.0228  0.0228  0.0229  0.0229  0.0229  0.0229  0.0229  0.0229
  0.0229  0.0229  0.0229  0.0228  0.0229  0.0231  0.0230  0.0230  0.0230  0.0231  0.0229  0.0229
  0.0234  0.0235  0.0233  0.0233  0.0234  0.0246  0.0235  0.0236  0.0233  0.0238  0.0230  0.0232
  0.0243  0.0244  0.0241  0.0245  0.0242  0.0286  0.0242  0.0246  0.0239  0.0251  0.0232  0.0237
niter,ni,del,rscale     4    3    5.0000    0.7000
parameters
   -2.4671   22.5712   -1.3440   -7.3177  -19.4321   -8.3307
    0.8298    4.0415   -0.9822   13.2951    0.4879  -13.1599
eta,q 0.97714 18.47643
  0.0239  0.0241  0.0238  0.0236  0.0240  0.0250  0.0238  0.0241  0.0236  0.0246  0.0232  0.0235
  0.0233  0.0234  0.0233  0.0232  0.0234  0.0243  0.0233  0.0234  0.0232  0.0237  0.0230  0.0232
  0.0230  0.0230  0.0230  0.0230  0.0230  0.0235  0.0230  0.0230  0.0230  0.0231  0.0229  0.0230
  0.0229  0.0229  0.0229  0.0229  0.0229  0.0229  0.0229  0.0229  0.0229  0.0229  0.0229  0.0229
  0.0230  0.0231  0.0230  0.0229  0.0230  0.0228  0.0229  0.0229  0.0229  0.0230  0.0229  0.0229
  0.0234  0.0235  0.0233  0.0231  0.0233  0.0235  0.0233  0.0234  0.0232  0.0236  0.0230  0.0232
  0.0241  0.0242  0.0238  0.0236  0.0239  0.0253  0.0238  0.0243  0.0236  0.0247  0.0232  0.0236
niter,ni,del,rscale     3    3    5.0000    0.6000
parameters
   -2.4536   22.5889   -1.3325   -7.1546  -19.4138   -8.0297
    0.8507    4.0340   -1.0198   13.2459    0.3401  -13.3059
eta,q 0.97720 18.50987
  0.0237  0.0238  0.0235  0.0234  0.0236  0.0246  0.0235  0.0238  0.0234  0.0241  0.0230  0.0233
  0.0232  0.0233  0.0232  0.0231  0.0232  0.0240  0.0231  0.0232  0.0231  0.0234  0.0229  0.0230
  0.0229  0.0230  0.0229  0.0229  0.0229  0.0234  0.0229  0.0229  0.0229  0.0230  0.0228  0.0229
  0.0229  0.0229  0.0229  0.0229  0.0229  0.0229  0.0228  0.0228  0.0228  0.0228  0.0228  0.0228
  0.0229  0.0229  0.0229  0.0229  0.0229  0.0228  0.0229  0.0229  0.0229  0.0229  0.0228  0.0229
  0.0232  0.0233  0.0231  0.0230  0.0232  0.0233  0.0231  0.0232  0.0231  0.0234  0.0229  0.0231
  0.0237  0.0238  0.0235  0.0234  0.0236  0.0245  0.0235  0.0238  0.0234  0.0242  0.0231  0.0234
niter,ni,del,rscale     2    3    5.0000    0.5000
parameters
   -2.4283   22.6068   -1.2980   -6.9836  -19.4374   -7.7539
    0.8895    4.0387   -1.0290   13.2183    0.2124  -13.4170
eta,q 0.97724 18.53775
  0.0234  0.0235  0.0233  0.0232  0.0233  0.0242  0.0233  0.0235  0.0232  0.0237  0.0229  0.0231
  0.0231  0.0231  0.0230  0.0230  0.0230  0.0237  0.0230  0.0231  0.0229  0.0232  0.0228  0.0229
  0.0229  0.0229  0.0229  0.0229  0.0228  0.0231  0.0228  0.0228  0.0228  0.0229  0.0228  0.0228
  0.0228  0.0228  0.0228  0.0228  0.0228  0.0228  0.0228  0.0228  0.0228  0.0228  0.0228  0.0228
  0.0228  0.0229  0.0228  0.0228  0.0229  0.0228  0.0228  0.0228  0.0228  0.0229  0.0228  0.0228
  0.0230  0.0231  0.0230  0.0229  0.0230  0.0231  0.0230  0.0230  0.0229  0.0232  0.0229  0.0229
  0.0233  0.0234  0.0233  0.0231  0.0233  0.0240  0.0233  0.0235  0.0232  0.0238  0.0230  0.0232
niter,ni,del,rscale     1    3    5.0000    0.4000
parameters
   -2.4097   22.6204   -1.2634   -6.8584  -19.4885   -7.5604
    0.9095    4.0611   -1.0367   13.1960    0.0976  -13.4959
eta,q 0.97726 18.55438
  0.0231  0.0232  0.0231  0.0230  0.0231  0.0238  0.0231  0.0232  0.0230  0.0234  0.0229  0.0230
  0.0229  0.0230  0.0229  0.0229  0.0229  0.0233  0.0229  0.0229  0.0229  0.0230  0.0228  0.0228
  0.0228  0.0228  0.0228  0.0228  0.0228  0.0229  0.0228  0.0228  0.0228  0.0228  0.0227  0.0228
  0.0228  0.0228  0.0228  0.0228  0.0227  0.0227  0.0227  0.0227  0.0227  0.0227  0.0227  0.0227
  0.0228  0.0228  0.0228  0.0228  0.0228  0.0228  0.0228  0.0228  0.0228  0.0228  0.0228  0.0228
  0.0229  0.0229  0.0229  0.0228  0.0229  0.0230  0.0229  0.0229  0.0229  0.0230  0.0228  0.0229
  0.0231  0.0232  0.0231  0.0230  0.0231  0.0236  0.0231  0.0232  0.0230  0.0234  0.0229  0.0230
registration optimization eta report
parameter search radius
    0.8000    0.8000    0.8000    2.4000    2.4000    2.4000
    2.4000    2.4000    2.4000    2.4000    2.4000    2.4000
100000*second partial in parameter space
       59.       66.       51.        4.        6.       16.
        6.        8.        5.       11.        2.        5.
  0.0231  0.0232  0.0231  0.0230  0.0231  0.0238  0.0231  0.0232  0.0230  0.0234  0.0229  0.0230
  0.0229  0.0230  0.0229  0.0229  0.0229  0.0233  0.0229  0.0229  0.0229  0.0230  0.0228  0.0228
  0.0228  0.0228  0.0228  0.0228  0.0228  0.0229  0.0228  0.0228  0.0228  0.0228  0.0227  0.0228
  0.0228  0.0228  0.0228  0.0228  0.0227  0.0227  0.0227  0.0227  0.0227  0.0227  0.0227  0.0227
  0.0228  0.0228  0.0228  0.0228  0.0228  0.0228  0.0228  0.0228  0.0228  0.0228  0.0228  0.0228
  0.0229  0.0229  0.0229  0.0228  0.0229  0.0230  0.0229  0.0229  0.0229  0.0230  0.0228  0.0229
  0.0231  0.0232  0.0231  0.0230  0.0231  0.0236  0.0231  0.0232  0.0230  0.0234  0.0229  0.0230
   -2.4097   22.6204   -1.2634   -6.8584  -19.4885   -7.5604
    0.9095    4.0611   -1.0367   13.1960    0.0976  -13.4959
eta,q 0.97726 18.55438

---------------------------------------------------------------------
compute_vox2vox talsrcimg talsrcimg_to_711-2C_as_mni_average_305_t4 /opt/freesurfer/average/711-2C_as_mni_average_305
---------------------------------------------------------------------

freesurfer compute_vox2vox.c
Reading: talsrcimg.4dfp.ifh
Reading: talsrcimg_to_711-2C_as_mni_average_305_t4
Reading: /opt/freesurfer/average/711-2C_as_mni_average_305.4dfp.ifh
Writing: talsrcimg_to_711-2C_as_mni_average_305_t4_vox2vox.txt

start time Mon Mar 9 10:04:35 CET 2026
end		time Mon Mar 9 10:06:02 CET 2026

mpr2mni305 success

avi2talxfm orig_nu.mgz /opt/freesurfer/average/mni305.cor.mgz talsrcimg_to_711-2C_as_mni_average_305_t4_vox2vox.txt transforms/talairach.auto.xfm
avi2talxfm done
mv -f /out/sourcedata/freesurfer/sub-v1s21x0050402_ses-1/mri/talsrcimg_to_711-2C_as_mni_average_305_t4_vox2vox.txt /out/sourcedata/freesurfer/sub-v1s21x0050402_ses-1/mri/transforms/talsrcimg_to_711-2C_as_mni_average_305_t4_vox2vox.txt
lta_convert --src orig_nu.mgz --trg /opt/freesurfer/average/mni305.cor.mgz --inxfm transforms/talairach.auto.xfm --outlta transforms/talairach.auto.xfm.lta --subject fsaverage
7.3.2

--src: orig_nu.mgz src image (geometry).
--trg: /opt/freesurfer/average/mni305.cor.mgz trg image (geometry).
--inmni: transforms/talairach.auto.xfm input MNI/XFM transform.
--outlta: transforms/talairach.auto.xfm.lta output LTA.
--s: fsaverage subject name
 LTA read, type : 1
 1.07346  -0.04437  -0.01956   2.20940;
 0.00086   1.05647   0.17708  -3.22978;
 0.01368  -0.17373   1.21278  -28.32295;
 0.00000   0.00000   0.00000   1.00000;
setting subject to fsaverage
Writing  LTA to file transforms/talairach.auto.xfm.lta...
lta_convert successful.
 
 
Started at Mon Mar 9 10:04:34 CET 2026
Ended   at Mon Mar  9 10:06:02 CET 2026
talairach_avi done
