status file for recon-all
Mon Mar  9 11:51:58 CET 2026
#@# Tessellate lh Mon Mar  9 11:51:58 CET 2026
#@# Smooth1 lh Mon Mar  9 11:52:00 CET 2026
#@# Inflation1 lh Mon Mar  9 11:52:03 CET 2026
#@# QSphere lh Mon Mar  9 11:52:15 CET 2026
#@# Fix Topology lh Mon Mar  9 11:53:02 CET 2026
#@# Smooth2 lh Mon Mar  9 12:00:23 CET 2026
#@# Inflation2 lh Mon Mar  9 12:00:26 CET 2026
#@# Curv .H and .K lh Mon Mar  9 12:00:40 CET 2026
#@# Sphere lh Mon Mar  9 12:01:17 CET 2026
#@# Surf Reg lh Mon Mar  9 12:05:17 CET 2026
#@# Jacobian white lh Mon Mar  9 12:09:00 CET 2026
#@# AvgCurv lh Mon Mar  9 12:09:01 CET 2026
#@# Cortical Parc lh Mon Mar  9 12:09:01 CET 2026
#@# white curv lh Mon Mar  9 12:15:01 CET 2026
#@# white area lh Mon Mar  9 12:15:03 CET 2026
#@# pial curv lh Mon Mar  9 12:15:03 CET 2026
#@# pial area lh Mon Mar  9 12:15:05 CET 2026
#@# thickness lh Mon Mar  9 12:15:05 CET 2026
#@# area and vertex vol lh Mon Mar  9 12:15:25 CET 2026
#@# Curvature Stats lh Mon Mar  9 12:15:26 CET 2026
#@# Cortical Parc 2 lh Mon Mar  9 12:15:28 CET 2026
#@# Cortical Parc 3 lh Mon Mar  9 12:15:39 CET 2026
#@# WM/GM Contrast lh Mon Mar  9 12:15:47 CET 2026
recon-all -s sub-v1s21x0050408_ses-1 finished without error at Mon Mar  9 12:15:49 CET 2026



#New# invocation of recon-all 



status file for recon-all
Mon Mar  9 12:46:58 CET 2026
#@# white curv lh Mon Mar  9 12:46:58 CET 2026
#@# white area lh Mon Mar  9 12:46:58 CET 2026
#@# pial curv lh Mon Mar  9 12:46:58 CET 2026
#@# pial area lh Mon Mar  9 12:46:58 CET 2026
#@# thickness lh Mon Mar  9 12:46:58 CET 2026
#@# area and vertex vol lh Mon Mar  9 12:46:58 CET 2026
#@# Parcellation Stats lh Mon Mar  9 12:46:58 CET 2026
#@# Parcellation Stats 2 lh Mon Mar  9 12:47:13 CET 2026
#@# Parcellation Stats 3 lh Mon Mar  9 12:47:20 CET 2026
#@# BA_exvivo Labels lh Mon Mar  9 12:47:28 CET 2026
recon-all -s sub-v1s21x0050408_ses-1 finished without error at Mon Mar  9 12:49:25 CET 2026
