status file for recon-all
Mon Mar  9 12:15:50 CET 2026
#@# Tessellate rh Mon Mar  9 12:15:50 CET 2026
#@# Smooth1 rh Mon Mar  9 12:15:53 CET 2026
#@# Inflation1 rh Mon Mar  9 12:15:55 CET 2026
#@# QSphere rh Mon Mar  9 12:16:09 CET 2026
#@# Fix Topology rh Mon Mar  9 12:17:06 CET 2026
#@# Smooth2 rh Mon Mar  9 12:25:01 CET 2026
#@# Inflation2 rh Mon Mar  9 12:25:03 CET 2026
#@# Curv .H and .K rh Mon Mar  9 12:25:16 CET 2026
#@# Sphere rh Mon Mar  9 12:25:55 CET 2026
#@# Surf Reg rh Mon Mar  9 12:30:28 CET 2026
#@# Jacobian white rh Mon Mar  9 12:35:07 CET 2026
#@# AvgCurv rh Mon Mar  9 12:35:08 CET 2026
#@# Cortical Parc rh Mon Mar  9 12:35:09 CET 2026
#@# white curv rh Mon Mar  9 12:41:23 CET 2026
#@# white area rh Mon Mar  9 12:41:24 CET 2026
#@# pial curv rh Mon Mar  9 12:41:25 CET 2026
#@# pial area rh Mon Mar  9 12:41:26 CET 2026
#@# thickness rh Mon Mar  9 12:41:27 CET 2026
#@# area and vertex vol rh Mon Mar  9 12:41:47 CET 2026
#@# Curvature Stats rh Mon Mar  9 12:41:48 CET 2026
#@# Cortical Parc 2 rh Mon Mar  9 12:41:50 CET 2026
#@# Cortical Parc 3 rh Mon Mar  9 12:42:00 CET 2026
#@# WM/GM Contrast rh Mon Mar  9 12:42:08 CET 2026
recon-all -s sub-v1s21x0050408_ses-1 finished without error at Mon Mar  9 12:42:10 CET 2026



#New# invocation of recon-all 



status file for recon-all
Mon Mar  9 12:49:29 CET 2026
#@# white curv rh Mon Mar  9 12:49:29 CET 2026
#@# white area rh Mon Mar  9 12:49:29 CET 2026
#@# pial curv rh Mon Mar  9 12:49:29 CET 2026
#@# pial area rh Mon Mar  9 12:49:29 CET 2026
#@# thickness rh Mon Mar  9 12:49:30 CET 2026
#@# area and vertex vol rh Mon Mar  9 12:49:30 CET 2026
#@# Parcellation Stats rh Mon Mar  9 12:49:30 CET 2026
#@# Parcellation Stats 2 rh Mon Mar  9 12:49:45 CET 2026
#@# Parcellation Stats 3 rh Mon Mar  9 12:49:53 CET 2026
#@# BA_exvivo Labels rh Mon Mar  9 12:50:01 CET 2026
recon-all -s sub-v1s21x0050408_ses-1 finished without error at Mon Mar  9 12:52:01 CET 2026
