status file for recon-all
Mon Mar  9 10:28:06 CET 2026
#@# MotionCor Mon Mar  9 10:28:07 CET 2026
#@# Talairach Mon Mar  9 10:28:12 CET 2026
#@# Talairach Failure Detection Mon Mar  9 10:31:04 CET 2026
#@# Nu Intensity Correction Mon Mar  9 10:31:04 CET 2026
#@# Intensity Normalization Mon Mar  9 10:33:51 CET 2026
recon-all -s sub-v1s21x0050408_ses-1 finished without error at Mon Mar  9 10:34:58 CET 2026



#New# invocation of recon-all 



status file for recon-all
Mon Mar  9 10:40:58 CET 2026
#@# EM Registration Mon Mar  9 10:40:58 CET 2026
recon-all -s sub-v1s21x0050408_ses-1 finished without error at Mon Mar  9 10:42:22 CET 2026



#New# invocation of recon-all 



status file for recon-all
Mon Mar  9 10:42:25 CET 2026
#@# CA Normalize Mon Mar  9 10:42:25 CET 2026
#@# CA Reg Mon Mar  9 10:43:21 CET 2026
#@# SubCort Seg Mon Mar  9 11:22:29 CET 2026
#@# CC Seg Mon Mar  9 11:47:32 CET 2026
#@# Merge ASeg Mon Mar  9 11:47:57 CET 2026
#@# Intensity Normalization2 Mon Mar  9 11:47:57 CET 2026
#@# Mask BFS Mon Mar  9 11:49:26 CET 2026
#@# WM Segmentation Mon Mar  9 11:49:27 CET 2026
#@# Fill Mon Mar  9 11:51:16 CET 2026
recon-all -s sub-v1s21x0050408_ses-1 finished without error at Mon Mar  9 11:51:54 CET 2026



#New# invocation of recon-all 



status file for recon-all
Mon Mar  9 12:42:14 CET 2026
#@# white curv lh Mon Mar  9 12:42:14 CET 2026
#@# white area lh Mon Mar  9 12:42:14 CET 2026
#@# pial curv lh Mon Mar  9 12:42:14 CET 2026
#@# pial area lh Mon Mar  9 12:42:14 CET 2026
#@# thickness lh Mon Mar  9 12:42:14 CET 2026
#@# area and vertex vol lh Mon Mar  9 12:42:14 CET 2026
#@# white curv rh Mon Mar  9 12:42:14 CET 2026
#@# white area rh Mon Mar  9 12:42:14 CET 2026
#@# pial curv rh Mon Mar  9 12:42:14 CET 2026
#@# pial area rh Mon Mar  9 12:42:14 CET 2026
#@# thickness rh Mon Mar  9 12:42:14 CET 2026
#@# area and vertex vol rh Mon Mar  9 12:42:14 CET 2026
#@# Cortical ribbon mask Mon Mar  9 12:42:14 CET 2026
recon-all -s sub-v1s21x0050408_ses-1 finished without error at Mon Mar  9 12:46:54 CET 2026



#New# invocation of recon-all 



status file for recon-all
Mon Mar  9 12:52:04 CET 2026
#@# white curv lh Mon Mar  9 12:52:04 CET 2026
#@# white area lh Mon Mar  9 12:52:04 CET 2026
#@# pial curv lh Mon Mar  9 12:52:04 CET 2026
#@# pial area lh Mon Mar  9 12:52:04 CET 2026
#@# thickness lh Mon Mar  9 12:52:04 CET 2026
#@# area and vertex vol lh Mon Mar  9 12:52:04 CET 2026
#@# white curv rh Mon Mar  9 12:52:04 CET 2026
#@# white area rh Mon Mar  9 12:52:04 CET 2026
#@# pial curv rh Mon Mar  9 12:52:04 CET 2026
#@# pial area rh Mon Mar  9 12:52:04 CET 2026
#@# thickness rh Mon Mar  9 12:52:04 CET 2026
#@# area and vertex vol rh Mon Mar  9 12:52:04 CET 2026
#@# Curvature Stats lh Mon Mar  9 12:52:04 CET 2026
#@# Curvature Stats rh Mon Mar  9 12:52:06 CET 2026
#@# Relabel Hypointensities Mon Mar  9 12:52:08 CET 2026
#@# APas-to-ASeg Mon Mar  9 12:52:18 CET 2026
#@# AParc-to-ASeg aparc Mon Mar  9 12:52:25 CET 2026
#@# AParc-to-ASeg aparc.a2009s Mon Mar  9 12:52:54 CET 2026
#@# AParc-to-ASeg aparc.DKTatlas Mon Mar  9 12:53:19 CET 2026
#@# WMParc Mon Mar  9 12:53:45 CET 2026
#@# ASeg Stats Mon Mar  9 12:55:27 CET 2026
recon-all -s sub-v1s21x0050408_ses-1 finished without error at Mon Mar  9 12:55:48 CET 2026
