status file for recon-all
Mon Mar  9 13:58:37 CET 2026
#@# Tessellate rh Mon Mar  9 13:58:37 CET 2026
#@# Smooth1 rh Mon Mar  9 13:58:41 CET 2026
#@# Inflation1 rh Mon Mar  9 13:58:44 CET 2026
#@# QSphere rh Mon Mar  9 13:58:59 CET 2026
#@# Fix Topology rh Mon Mar  9 14:00:07 CET 2026
#@# Smooth2 rh Mon Mar  9 14:11:23 CET 2026
#@# Inflation2 rh Mon Mar  9 14:11:26 CET 2026
#@# Curv .H and .K rh Mon Mar  9 14:11:41 CET 2026
#@# Sphere rh Mon Mar  9 14:12:28 CET 2026
#@# Surf Reg rh Mon Mar  9 14:16:56 CET 2026
#@# Jacobian white rh Mon Mar  9 14:21:41 CET 2026
#@# AvgCurv rh Mon Mar  9 14:21:42 CET 2026
#@# Cortical Parc rh Mon Mar  9 14:21:43 CET 2026
#@# white curv rh Mon Mar  9 14:28:21 CET 2026
#@# white area rh Mon Mar  9 14:28:23 CET 2026
#@# pial curv rh Mon Mar  9 14:28:24 CET 2026
#@# pial area rh Mon Mar  9 14:28:26 CET 2026
#@# thickness rh Mon Mar  9 14:28:27 CET 2026
#@# area and vertex vol rh Mon Mar  9 14:28:59 CET 2026
#@# Curvature Stats rh Mon Mar  9 14:29:01 CET 2026
#@# Cortical Parc 2 rh Mon Mar  9 14:29:03 CET 2026
#@# Cortical Parc 3 rh Mon Mar  9 14:29:17 CET 2026
#@# WM/GM Contrast rh Mon Mar  9 14:29:27 CET 2026
recon-all -s sub-v1s21x0050422_ses-1 finished without error at Mon Mar  9 14:29:30 CET 2026



#New# invocation of recon-all 



status file for recon-all
Mon Mar  9 14:38:16 CET 2026
#@# white curv rh Mon Mar  9 14:38:16 CET 2026
#@# white area rh Mon Mar  9 14:38:16 CET 2026
#@# pial curv rh Mon Mar  9 14:38:16 CET 2026
#@# pial area rh Mon Mar  9 14:38:16 CET 2026
#@# thickness rh Mon Mar  9 14:38:16 CET 2026
#@# area and vertex vol rh Mon Mar  9 14:38:16 CET 2026
#@# Parcellation Stats rh Mon Mar  9 14:38:16 CET 2026
#@# Parcellation Stats 2 rh Mon Mar  9 14:38:35 CET 2026
#@# Parcellation Stats 3 rh Mon Mar  9 14:38:44 CET 2026
#@# BA_exvivo Labels rh Mon Mar  9 14:38:54 CET 2026
recon-all -s sub-v1s21x0050422_ses-1 finished without error at Mon Mar  9 14:41:36 CET 2026
