status file for recon-all
Mon Mar  9 11:33:37 CET 2026
#@# MotionCor Mon Mar  9 11:33:38 CET 2026
#@# Talairach Mon Mar  9 11:33:44 CET 2026
#@# Talairach Failure Detection Mon Mar  9 11:38:21 CET 2026
#@# Nu Intensity Correction Mon Mar  9 11:38:21 CET 2026
#@# Intensity Normalization Mon Mar  9 11:41:37 CET 2026
recon-all -s sub-v1s21x0050422_ses-1 finished without error at Mon Mar  9 11:43:07 CET 2026



#New# invocation of recon-all 



status file for recon-all
Mon Mar  9 11:49:53 CET 2026
#@# EM Registration Mon Mar  9 11:49:53 CET 2026
recon-all -s sub-v1s21x0050422_ses-1 finished without error at Mon Mar  9 11:52:59 CET 2026



#New# invocation of recon-all 



status file for recon-all
Mon Mar  9 11:53:01 CET 2026
#@# CA Normalize Mon Mar  9 11:53:01 CET 2026
#@# CA Reg Mon Mar  9 11:54:20 CET 2026
#@# SubCort Seg Mon Mar  9 12:47:25 CET 2026
#@# CC Seg Mon Mar  9 13:21:21 CET 2026
#@# Merge ASeg Mon Mar  9 13:22:01 CET 2026
#@# Intensity Normalization2 Mon Mar  9 13:22:01 CET 2026
#@# Mask BFS Mon Mar  9 13:24:19 CET 2026
#@# WM Segmentation Mon Mar  9 13:24:19 CET 2026
#@# Fill Mon Mar  9 13:26:36 CET 2026
recon-all -s sub-v1s21x0050422_ses-1 finished without error at Mon Mar  9 13:27:41 CET 2026



#New# invocation of recon-all 



status file for recon-all
Mon Mar  9 14:29:34 CET 2026
#@# white curv lh Mon Mar  9 14:29:34 CET 2026
#@# white area lh Mon Mar  9 14:29:34 CET 2026
#@# pial curv lh Mon Mar  9 14:29:34 CET 2026
#@# pial area lh Mon Mar  9 14:29:34 CET 2026
#@# thickness lh Mon Mar  9 14:29:34 CET 2026
#@# area and vertex vol lh Mon Mar  9 14:29:34 CET 2026
#@# white curv rh Mon Mar  9 14:29:34 CET 2026
#@# white area rh Mon Mar  9 14:29:34 CET 2026
#@# pial curv rh Mon Mar  9 14:29:34 CET 2026
#@# pial area rh Mon Mar  9 14:29:34 CET 2026
#@# thickness rh Mon Mar  9 14:29:34 CET 2026
#@# area and vertex vol rh Mon Mar  9 14:29:34 CET 2026
#@# Cortical ribbon mask Mon Mar  9 14:29:34 CET 2026
recon-all -s sub-v1s21x0050422_ses-1 finished without error at Mon Mar  9 14:34:51 CET 2026



#New# invocation of recon-all 



status file for recon-all
Mon Mar  9 14:41:40 CET 2026
#@# white curv lh Mon Mar  9 14:41:40 CET 2026
#@# white area lh Mon Mar  9 14:41:40 CET 2026
#@# pial curv lh Mon Mar  9 14:41:40 CET 2026
#@# pial area lh Mon Mar  9 14:41:40 CET 2026
#@# thickness lh Mon Mar  9 14:41:40 CET 2026
#@# area and vertex vol lh Mon Mar  9 14:41:40 CET 2026
#@# white curv rh Mon Mar  9 14:41:40 CET 2026
#@# white area rh Mon Mar  9 14:41:40 CET 2026
#@# pial curv rh Mon Mar  9 14:41:40 CET 2026
#@# pial area rh Mon Mar  9 14:41:40 CET 2026
#@# thickness rh Mon Mar  9 14:41:40 CET 2026
#@# area and vertex vol rh Mon Mar  9 14:41:40 CET 2026
#@# Curvature Stats lh Mon Mar  9 14:41:40 CET 2026
#@# Curvature Stats rh Mon Mar  9 14:41:42 CET 2026
#@# Relabel Hypointensities Mon Mar  9 14:41:45 CET 2026
#@# APas-to-ASeg Mon Mar  9 14:42:00 CET 2026
#@# AParc-to-ASeg aparc Mon Mar  9 14:42:08 CET 2026
#@# AParc-to-ASeg aparc.a2009s Mon Mar  9 14:42:50 CET 2026
#@# AParc-to-ASeg aparc.DKTatlas Mon Mar  9 14:43:36 CET 2026
#@# WMParc Mon Mar  9 14:44:17 CET 2026
#@# ASeg Stats Mon Mar  9 14:48:27 CET 2026
recon-all -s sub-v1s21x0050422_ses-1 finished without error at Mon Mar  9 14:49:10 CET 2026
