status file for recon-all
Mon Mar  9 13:27:46 CET 2026
#@# Tessellate lh Mon Mar  9 13:27:46 CET 2026
#@# Smooth1 lh Mon Mar  9 13:27:50 CET 2026
#@# Inflation1 lh Mon Mar  9 13:27:53 CET 2026
#@# QSphere lh Mon Mar  9 13:28:07 CET 2026
#@# Fix Topology lh Mon Mar  9 13:29:26 CET 2026
#@# Smooth2 lh Mon Mar  9 13:40:16 CET 2026
#@# Inflation2 lh Mon Mar  9 13:40:19 CET 2026
#@# Curv .H and .K lh Mon Mar  9 13:40:34 CET 2026
#@# Sphere lh Mon Mar  9 13:41:22 CET 2026
#@# Surf Reg lh Mon Mar  9 13:45:24 CET 2026
#@# Jacobian white lh Mon Mar  9 13:50:01 CET 2026
#@# AvgCurv lh Mon Mar  9 13:50:02 CET 2026
#@# Cortical Parc lh Mon Mar  9 13:50:03 CET 2026
#@# white curv lh Mon Mar  9 13:57:23 CET 2026
#@# white area lh Mon Mar  9 13:57:26 CET 2026
#@# pial curv lh Mon Mar  9 13:57:26 CET 2026
#@# pial area lh Mon Mar  9 13:57:28 CET 2026
#@# thickness lh Mon Mar  9 13:57:29 CET 2026
#@# area and vertex vol lh Mon Mar  9 13:58:01 CET 2026
#@# Curvature Stats lh Mon Mar  9 13:58:03 CET 2026
#@# Cortical Parc 2 lh Mon Mar  9 13:58:05 CET 2026
#@# Cortical Parc 3 lh Mon Mar  9 13:58:20 CET 2026
#@# WM/GM Contrast lh Mon Mar  9 13:58:30 CET 2026
recon-all -s sub-v1s21x0050422_ses-1 finished without error at Mon Mar  9 13:58:33 CET 2026



#New# invocation of recon-all 



status file for recon-all
Mon Mar  9 14:34:57 CET 2026
#@# white curv lh Mon Mar  9 14:34:57 CET 2026
#@# white area lh Mon Mar  9 14:34:57 CET 2026
#@# pial curv lh Mon Mar  9 14:34:57 CET 2026
#@# pial area lh Mon Mar  9 14:34:57 CET 2026
#@# thickness lh Mon Mar  9 14:34:57 CET 2026
#@# area and vertex vol lh Mon Mar  9 14:34:57 CET 2026
#@# Parcellation Stats lh Mon Mar  9 14:34:57 CET 2026
#@# Parcellation Stats 2 lh Mon Mar  9 14:35:16 CET 2026
#@# Parcellation Stats 3 lh Mon Mar  9 14:35:25 CET 2026
#@# BA_exvivo Labels lh Mon Mar  9 14:35:35 CET 2026
recon-all -s sub-v1s21x0050422_ses-1 finished without error at Mon Mar  9 14:38:14 CET 2026
