/out/sourcedata/freesurfer/sub-v1s21x0050397_ses-1/mri
/opt/freesurfer/bin/talairach_avi
--i orig_nu.mgz --xfm transforms/talairach.auto.xfm
talairach_avi 7.3.2
Linux dna028 5.14.0-427.37.1.el9_4.x86_64 #1 SMP PREEMPT_DYNAMIC Fri Sep 13 12:41:50 EDT 2024 x86_64 x86_64 x86_64 GNU/Linux
Mon Mar  9 09:54:03 CET 2026
mri_convert orig_nu.mgz talsrcimg.img 
reading from orig_nu.mgz...
TR=0.00, TE=0.00, TI=0.00, flip angle=0.00
i_ras = (-1, 0, 0)
j_ras = (0, 0, -1)
k_ras = (0, 1, 0)
writing to talsrcimg.img...
Analyze Output Matrix
-1.00000   0.00000   0.00000   129.50781;
 0.00000   0.00000   1.00000  -128.49219;
 0.00000  -1.00000   0.00000   129.60004;
 0.00000   0.00000   0.00000   1.00000;
--------------------
INFO: set hdr.hist.orient to -1
mpr2mni305 talsrcimg
Mon Mar  9 09:54:04 CET 2026
/opt/freesurfer/bin/mpr2mni305 talsrcimg
mpr2mni305 7.3.2
target=711-2C_as_mni_average_305

---------------------------------------------------------------------
analyzeto4dfp talsrcimg -O0 -y
---------------------------------------------------------------------

freesurfer ifh2hdr.c
Mon Mar  9 09:54:04 2026
Writing: talsrcimg.4dfp.hdr
freesurfer analyzeto4dfp.c
Reading: talsrcimg.hdr
header size 348 bytes
hdr.dime.datatype	offset=70	value=2
hdr.dime.bitpix		offset=72	value=8
hdr.hist.orient		offset=252	value=-1
dimensionality     4
dimensions       256       256       256         1
Reading: talsrcimg.img
Writing: talsrcimg.4dfp.img
Writing: talsrcimg.4dfp.ifh
ifh2hdr talsrcimg -r0to255
ori=2

---------------------------------------------------------------------
gauss_4dfp talsrcimg 1.1
---------------------------------------------------------------------

freesurfer gauss_4dfp.c
Reading: talsrcimg.4dfp.img
Writing: talsrcimg_g11.4dfp.img
image dimensions 256 256 256 padded to 288 288 288
processing volume 1freesurfer ifh2hdr.c
Mon Mar  9 09:54:06 2026
Writing: talsrcimg_g11.4dfp.hdr

Writing: talsrcimg_g11.4dfp.ifh
including: talsrcimg.4dfp.img.rec in talsrcimg_g11.4dfp.img.rec

---------------------------------------------------------------------
imgreg_4dfp /opt/freesurfer/average/711-2C_as_mni_average_305 none talsrcimg_g11 none talsrcimg_to_711-2C_as_mni_average_305_t4 4355
---------------------------------------------------------------------

freesurfer imgreg_4dfp.c
/opt/freesurfer/average/711-2C_as_mni_average_305.4dfp.img
       256       256       256         1
  1.000000  1.000000  1.000000
orientation T byte_order littleendian
Reading image: /opt/freesurfer/average/711-2C_as_mni_average_305.4dfp.img
dimensions:      256       256       256
mmppix:       1.0000   -1.0000   -1.0000
center:     128.0000 -129.0000 -129.0000
talsrcimg_g11.4dfp.img
       256       256       256         1
  1.000000  1.000000  1.000000
orientation T byte_order littleendian
Reading image: talsrcimg_g11.4dfp.img
dimensions:      256       256       256
mmppix:       1.0000   -1.0000   -1.0000
center:     128.0000 -129.0000 -129.0000
t4_read: open error in t4_sub.f l:  41 t4_file(1:l)talsrcimg_to_711-2C_as_mni_average_305_t4 
t4_read: transform initialized to I4
rotation matrix determinant  1.000000
image alignment mode   4355 decimal     1103 hex
   -7.5000  -45.0000  -45.0000 7998.7568   20.4770
    0.0000  -45.0000  -45.0000 8265.8408   20.4424
    7.5000  -45.0000  -45.0000 7819.2920   20.4635
   -7.5000  -37.5000  -45.0000 8549.0293   20.5112
    0.0000  -37.5000  -45.0000 8819.4238   20.4717
    7.5000  -37.5000  -45.0000 8335.5059   20.4919
   -7.5000  -30.0000  -45.0000 9384.4502   20.5437
    0.0000  -30.0000  -45.0000 9664.9414   20.5110
    7.5000  -30.0000  -45.0000 9131.6914   20.5332
   -7.5000  -22.5000  -45.000010106.4736   20.5402
    0.0000  -22.5000  -45.000010405.7197   20.5213
    7.5000  -22.5000  -45.0000 9825.3154   20.5470
   -7.5000  -15.0000  -45.000010730.8389   20.5077
    0.0000  -15.0000  -45.000011057.8926   20.4957
    7.5000  -15.0000  -45.000010429.9131   20.5237
   -7.5000   -7.5000  -45.000011285.6787   20.4769
    0.0000   -7.5000  -45.000011659.6836   20.4560
    7.5000   -7.5000  -45.000011010.6494   20.4812
   -7.5000    0.0000  -45.000011807.8564   20.4770
    0.0000    0.0000  -45.000012194.5908   20.4424
    7.5000    0.0000  -45.000011536.7197   20.4635
   -7.5000    7.5000  -45.000011443.4941   20.5112
    0.0000    7.5000  -45.000011851.6260   20.4717
    7.5000    7.5000  -45.000011186.8389   20.4919
   -7.5000   15.0000  -45.000011035.7471   20.5437
    0.0000   15.0000  -45.000011422.8311   20.5110
    7.5000   15.0000  -45.000010761.4131   20.5332
   -7.5000   22.5000  -45.000010488.9502   20.5374
    0.0000   22.5000  -45.000010818.2266   20.5184
    7.5000   22.5000  -45.000010188.4854   20.5442
   -7.5000   30.0000  -45.0000 9623.2100   20.2344
    0.0000   30.0000  -45.0000 9888.9180   20.2225
    7.5000   30.0000  -45.0000 9349.8789   20.2502
   -7.5000   37.5000  -45.0000 9051.6406   20.2040
    0.0000   37.5000  -45.0000 9325.7842   20.1834
    7.5000   37.5000  -45.0000 8818.5430   20.2083
   -7.5000   45.0000  -45.0000 8254.7393   19.6911
    0.0000   45.0000  -45.0000 8531.3623   19.6578
    7.5000   45.0000  -45.0000 8046.0981   19.6781
   -7.5000  -45.0000  -37.5000 8570.3184   20.4695
    0.0000  -45.0000  -37.5000 8836.9033   20.4507
    7.5000  -45.0000  -37.5000 8378.4688   20.4876
   -7.5000  -37.5000  -37.5000 9138.0371   20.5042
    0.0000  -37.5000  -37.5000 9422.3994   20.4844
    7.5000  -37.5000  -37.5000 8920.4102   20.5208
   -7.5000  -30.0000  -37.500010015.1494   20.5407
    0.0000  -30.0000  -37.500010319.9873   20.5301
    7.5000  -30.0000  -37.5000 9753.9385   20.5715
   -7.5000  -22.5000  -37.500010777.9443   20.5399
    0.0000  -22.5000  -37.500011112.1846   20.5405
    7.5000  -22.5000  -37.500010473.3213   20.5881
   -7.5000  -15.0000  -37.500011432.5527   20.5081
    0.0000  -15.0000  -37.500011791.9521   20.5113
    7.5000  -15.0000  -37.500011106.4023   20.5605
   -7.5000   -7.5000  -37.500012044.6602   20.4741
    0.0000   -7.5000  -37.500012438.4932   20.4671
    7.5000   -7.5000  -37.500011709.0459   20.5106
   -7.5000    0.0000  -37.500012551.0928   20.4695
    0.0000    0.0000  -37.500012979.0312   20.4507
    7.5000    0.0000  -37.500012234.2432   20.4876
   -7.5000    7.5000  -37.500012132.9150   20.5042
    0.0000    7.5000  -37.500012562.0459   20.4844
    7.5000    7.5000  -37.500011831.8936   20.5208
   -7.5000   15.0000  -37.500011679.2217   20.5407
    0.0000   15.0000  -37.500012076.5752   20.5301
    7.5000   15.0000  -37.500011372.9971   20.5715
   -7.5000   22.5000  -37.500011066.9092   20.5371
    0.0000   22.5000  -37.500011405.2256   20.5377
    7.5000   22.5000  -37.500010753.5586   20.5853
   -7.5000   30.0000  -37.500010137.8135   20.2348
    0.0000   30.0000  -37.500010433.9844   20.2380
    7.5000   30.0000  -37.5000 9835.0742   20.2865
   -7.5000   37.5000  -37.5000 9523.1367   20.2012
    0.0000   37.5000  -37.5000 9812.4121   20.1943
    7.5000   37.5000  -37.5000 9286.1572   20.2373
   -7.5000   45.0000  -37.5000 8647.5664   19.6838
    0.0000   45.0000  -37.5000 8958.4209   19.6658
    7.5000   45.0000  -37.5000 8441.7686   19.7012
   -7.5000  -45.0000  -30.0000 9250.6406   21.3268
    0.0000  -45.0000  -30.0000 9556.8037   21.3208
    7.5000  -45.0000  -30.0000 9041.6475   21.3736
   -7.5000  -37.5000  -30.0000 9853.3994   21.3721
    0.0000  -37.5000  -30.000010166.2314   21.3673
    7.5000  -37.5000  -30.0000 9614.1914   21.4160
   -7.5000  -30.0000  -30.000010767.6836   21.4247
    0.0000  -30.0000  -30.000011123.8223   21.4259
    7.5000  -30.0000  -30.000010492.4736   21.4754
   -7.5000  -22.5000  -30.000011557.1670   21.4288
    0.0000  -22.5000  -30.000011953.9102   21.4345
    7.5000  -22.5000  -30.000011254.0195   21.4890
   -7.5000  -15.0000  -30.000012240.2695   21.3883
    0.0000  -15.0000  -30.000012666.7168   21.3935
    7.5000  -15.0000  -30.000011907.8672   21.4524
   -7.5000   -7.5000  -30.000012921.7451   21.3387
    0.0000   -7.5000  -30.000013404.7422   21.3382
    7.5000   -7.5000  -30.000012565.4941   21.3963
   -7.5000    0.0000  -30.000013486.5088   21.3268
    0.0000    0.0000  -30.000013983.4326   21.3208
    7.5000    0.0000  -30.000013121.5693   21.3736
   -7.5000    7.5000  -30.000013019.9473   21.3721
    0.0000    7.5000  -30.000013482.0088   21.3673
    7.5000    7.5000  -30.000012658.0938   21.4160
   -7.5000   15.0000  -30.000012466.4238   21.4247
    0.0000   15.0000  -30.000012917.3115   21.4259
    7.5000   15.0000  -30.000012133.6074   21.4754
   -7.5000   22.5000  -30.000011775.3154   21.4236
    0.0000   22.5000  -30.000012169.5625   21.4294
    7.5000   22.5000  -30.000011446.0430   21.4838
   -7.5000   30.0000  -30.000010781.0479   21.1053
    0.0000   30.0000  -30.000011123.5889   21.1104
    7.5000   30.0000  -30.000010466.8545   21.1686
   -7.5000   37.5000  -30.000010117.3955   21.0564
    0.0000   37.5000  -30.000010450.1611   21.0559
    7.5000   37.5000  -30.0000 9856.9717   21.1132
   -7.5000   45.0000  -30.0000 9167.8867   20.5233
    0.0000   45.0000  -30.0000 9493.6953   20.5175
    7.5000   45.0000  -30.0000 8943.4629   20.5683
   -7.5000  -45.0000  -22.5000 9884.1797   22.0680
    0.0000  -45.0000  -22.500010269.9414   22.0583
    7.5000  -45.0000  -22.5000 9709.7793   22.1082
   -7.5000  -37.5000  -22.500010511.9775   22.1249
    0.0000  -37.5000  -22.500010911.2412   22.1138
    7.5000  -37.5000  -22.500010325.6299   22.1555
   -7.5000  -30.0000  -22.500011477.2891   22.1908
    0.0000  -30.0000  -22.500011914.6221   22.1789
    7.5000  -30.0000  -22.500011263.7490   22.2131
   -7.5000  -22.5000  -22.500012280.2266   22.1968
    0.0000  -22.5000  -22.500012759.9141   22.1850
    7.5000  -22.5000  -22.500012059.7158   22.2196
   -7.5000  -15.0000  -22.500012961.0498   22.1455
    0.0000  -15.0000  -22.500013478.8779   22.1351
    7.5000  -15.0000  -22.500012742.8018   22.1777
   -7.5000   -7.5000  -22.500013662.6592   22.0824
    0.0000   -7.5000  -22.500014255.6045   22.0733
    7.5000   -7.5000  -22.500013424.4844   22.1237
   -7.5000    0.0000  -22.500014300.5283   22.0680
    0.0000    0.0000  -22.500014885.9609   22.0583
    7.5000    0.0000  -22.500013999.2266   22.1082
   -7.5000    7.5000  -22.500013823.5234   22.1249
    0.0000    7.5000  -22.500014370.5283   22.1138
    7.5000    7.5000  -22.500013506.2119   22.1555
   -7.5000   15.0000  -22.500013204.4961   22.1908
    0.0000   15.0000  -22.500013704.9209   22.1789
    7.5000   15.0000  -22.500012898.4912   22.2131
   -7.5000   22.5000  -22.500012429.7676   22.1900
    0.0000   22.5000  -22.500012851.2881   22.1781
    7.5000   22.5000  -22.500012103.6689   22.2127
   -7.5000   30.0000  -22.500011393.2031   21.8558
    0.0000   30.0000  -22.500011770.2822   21.8455
    7.5000   30.0000  -22.500011095.7383   21.8876
   -7.5000   37.5000  -22.500010705.2119   21.7935
    0.0000   37.5000  -22.500011071.6748   21.7846
    7.5000   37.5000  -22.500010426.4150   21.8343
   -7.5000   45.0000  -22.5000 9678.0723   21.2526
    0.0000   45.0000  -22.500010022.7529   21.2432
    7.5000   45.0000  -22.5000 9450.5684   21.2913
   -7.5000  -45.0000  -15.000010533.5566   22.6030
    0.0000  -45.0000  -15.000010952.3467   22.5779
    7.5000  -45.0000  -15.000010379.9902   22.6143
   -7.5000  -37.5000  -15.000011186.7549   22.6611
    0.0000  -37.5000  -15.000011634.5459   22.6301
    7.5000  -37.5000  -15.000011049.6436   22.6573
   -7.5000  -30.0000  -15.000012181.4844   22.7265
    0.0000  -30.0000  -15.000012679.8662   22.6912
    7.5000  -30.0000  -15.000012037.3604   22.7060
   -7.5000  -22.5000  -15.000012981.7412   22.7313
    0.0000  -22.5000  -15.000013519.7559   22.6982
    7.5000  -22.5000  -15.000012844.6260   22.7097
   -7.5000  -15.0000  -15.000013654.3701   22.6778
    0.0000  -15.0000  -15.000014223.2881   22.6508
    7.5000  -15.0000  -15.000013543.2520   22.6715
   -7.5000   -7.5000  -15.000014348.3193   22.6145
    0.0000   -7.5000  -15.000014965.1045   22.5915
    7.5000   -7.5000  -15.000014240.7783   22.6247
   -7.5000    0.0000  -15.000015005.8730   22.6030
    0.0000    0.0000  -15.000015637.0254   22.5779
    7.5000    0.0000  -15.000014821.5410   22.6143
   -7.5000    7.5000  -15.000014525.0547   22.6611
    0.0000    7.5000  -15.000015100.7305   22.6301
    7.5000    7.5000  -15.000014275.5195   22.6573
   -7.5000   15.0000  -15.000013871.1553   22.7265
    0.0000   15.0000  -15.000014389.6533   22.6912
    7.5000   15.0000  -15.000013612.4570   22.7060
   -7.5000   22.5000  -15.000013024.7812   22.7233
    0.0000   22.5000  -15.000013471.5117   22.6902
    7.5000   22.5000  -15.000012735.2979   22.7016
   -7.5000   30.0000  -15.000011940.2861   22.3843
    0.0000   30.0000  -15.000012337.5391   22.3577
    7.5000   30.0000  -15.000011657.3564   22.3781
   -7.5000   37.5000  -15.000011250.2627   22.3219
    0.0000   37.5000  -15.000011638.9307   22.2992
    7.5000   37.5000  -15.000010983.7012   22.3319
   -7.5000   45.0000  -15.000010159.9590   21.7810
    0.0000   45.0000  -15.000010528.0713   21.7567
    7.5000   45.0000  -15.0000 9932.0742   21.7918
   -7.5000  -45.0000   -7.500011205.5703   22.8654
    0.0000  -45.0000   -7.500011653.5625   22.8261
    7.5000  -45.0000   -7.500011082.0967   22.8501
   -7.5000  -37.5000   -7.500011863.4668   22.9132
    0.0000  -37.5000   -7.500012351.8066   22.8661
    7.5000  -37.5000   -7.500011754.9541   22.8846
   -7.5000  -30.0000   -7.500012885.0332   22.9629
    0.0000  -30.0000   -7.500013415.2666   22.9162
    7.5000  -30.0000   -7.500012779.0352   22.9274
   -7.5000  -22.5000   -7.500013713.9180   22.9631
    0.0000  -22.5000   -7.500014273.0029   22.9262
    7.5000  -22.5000   -7.500013619.1982   22.9361
   -7.5000  -15.0000   -7.500014371.7969   22.9181
    0.0000  -15.0000   -7.500014984.3691   22.8903
    7.5000  -15.0000   -7.500014362.4688   22.9066
   -7.5000   -7.5000   -7.500015068.7764   22.8699
    0.0000   -7.5000   -7.500015694.2041   22.8401
    7.5000   -7.5000   -7.500015123.4951   22.8632
   -7.5000    0.0000   -7.500015738.9395   22.8654
    0.0000    0.0000   -7.500016335.6113   22.8261
    7.5000    0.0000   -7.500015687.9443   22.8501
   -7.5000    7.5000   -7.500015211.6113   22.9132
    0.0000    7.5000   -7.500015771.8379   22.8661
    7.5000    7.5000   -7.500015103.0312   22.8846
   -7.5000   15.0000   -7.500014496.4287   22.9629
    0.0000   15.0000   -7.500015019.4609   22.9162
    7.5000   15.0000   -7.500014349.8818   22.9274
   -7.5000   22.5000   -7.500013538.9404   22.9525
    0.0000   22.5000   -7.500014008.6328   22.9156
    7.5000   22.5000   -7.500013355.6660   22.9255
   -7.5000   30.0000   -7.500012450.2578   22.6209
    0.0000   30.0000   -7.500012860.9023   22.5934
    7.5000   30.0000   -7.500012235.5986   22.6096
   -7.5000   37.5000   -7.500011770.5273   22.5734
    0.0000   37.5000   -7.500012167.1465   22.5439
    7.5000   37.5000   -7.500011560.5967   22.5667
   -7.5000   45.0000   -7.500010649.4756   22.0380
    0.0000   45.0000   -7.500011018.3467   22.0000
    7.5000   45.0000   -7.500010437.8672   22.0232
   -7.5000  -45.0000    0.000011777.5400   22.9113
    0.0000  -45.0000    0.000012269.7568   22.8726
    7.5000  -45.0000    0.000011662.5928   22.8962
   -7.5000  -37.5000    0.000012453.5850   22.9493
    0.0000  -37.5000    0.000012977.7588   22.9052
    7.5000  -37.5000    0.000012351.8779   22.9279
   -7.5000  -30.0000    0.000013504.8486   22.9856
    0.0000  -30.0000    0.000014085.1553   22.9491
    7.5000  -30.0000    0.000013379.3779   22.9740
   -7.5000  -22.5000    0.000014408.5654   22.9819
    0.0000  -22.5000    0.000015066.5537   22.9608
    7.5000  -22.5000    0.000014336.5977   22.9897
   -7.5000  -15.0000    0.000015083.6162   22.9457
    0.0000  -15.0000    0.000015696.8965   22.9324
    7.5000  -15.0000    0.000015198.5977   22.9637
   -7.5000   -7.5000    0.000015735.3076   22.9113
    0.0000   -7.5000    0.000016334.3047   22.8880
    7.5000   -7.5000    0.000015854.0518   22.9162
   -7.5000    0.0000    0.000016442.0508   22.9113
    0.0000    0.0000    0.000017072.4512   22.8726
    7.5000    0.0000    0.000016497.8184   22.8962
   -7.5000    7.5000    0.000015845.0400   22.9493
    0.0000    7.5000    0.000016494.2520   22.9052
    7.5000    7.5000    0.000015886.0449   22.9279
   -7.5000   15.0000    0.000015074.8691   22.9856
    0.0000   15.0000    0.000015645.0811   22.9491
    7.5000   15.0000    0.000015046.7246   22.9740
   -7.5000   22.5000    0.000014021.7100   22.9713
    0.0000   22.5000    0.000014493.0293   22.9502
    7.5000   22.5000    0.000013934.3877   22.9791
   -7.5000   30.0000    0.000012889.9346   22.6488
    0.0000   30.0000    0.000013289.7734   22.6356
    7.5000   30.0000    0.000012755.7373   22.6666
   -7.5000   37.5000    0.000012189.1318   22.6148
    0.0000   37.5000    0.000012565.1777   22.5918
    7.5000   37.5000    0.000012038.3848   22.6196
   -7.5000   45.0000    0.000011042.1055   22.0838
    0.0000   45.0000    0.000011409.5635   22.0465
    7.5000   45.0000    0.000010883.4912   22.0693
   -7.5000  -45.0000    7.500011444.2090   22.9059
    0.0000  -45.0000    7.500011895.6514   22.8848
    7.5000  -45.0000    7.500011304.7520   22.9261
   -7.5000  -37.5000    7.500012078.0625   22.9447
    0.0000  -37.5000    7.500012556.3779   22.9226
    7.5000  -37.5000    7.500011965.4297   22.9633
   -7.5000  -30.0000    7.500013024.3525   22.9856
    0.0000  -30.0000    7.500013568.6689   22.9738
    7.5000  -30.0000    7.500012944.6113   23.0201
   -7.5000  -22.5000    7.500013919.9697   22.9847
    0.0000  -22.5000    7.500014428.9307   22.9854
    7.5000  -22.5000    7.500013798.1816   23.0387
   -7.5000  -15.0000    7.500014553.1035   22.9491
    0.0000  -15.0000    7.500015074.6699   22.9527
    7.5000  -15.0000    7.500014568.5889   23.0077
   -7.5000   -7.5000    7.500015147.3877   22.9110
    0.0000   -7.5000    7.500015748.3838   22.9032
    7.5000   -7.5000    7.500015232.2959   22.9519
   -7.5000    0.0000    7.500015869.5752   22.9059
    0.0000    0.0000    7.500016586.0684   22.8848
    7.5000    0.0000    7.500015908.4033   22.9261
   -7.5000    7.5000    7.500015356.8516   22.9447
    0.0000    7.5000    7.500016014.8770   22.9226
    7.5000    7.5000    7.500015393.4180   22.9633
   -7.5000   15.0000    7.500014625.8301   22.9856
    0.0000   15.0000    7.500015148.3506   22.9738
    7.5000   15.0000    7.500014576.1592   23.0201
   -7.5000   22.5000    7.500013577.1230   22.9741
    0.0000   22.5000    7.500013957.7471   22.9748
    7.5000   22.5000    7.500013459.5459   23.0280
   -7.5000   30.0000    7.500012455.3037   22.6521
    0.0000   30.0000    7.500012762.0674   22.6557
    7.5000   30.0000    7.500012328.3438   22.7100
   -7.5000   37.5000    7.500011763.7402   22.6145
    0.0000   37.5000    7.500012059.2588   22.6068
    7.5000   37.5000    7.500011607.9248   22.6549
   -7.5000   45.0000    7.500010636.2061   22.0786
    0.0000   45.0000    7.500010926.6104   22.0583
    7.5000   45.0000    7.500010459.7061   22.0981
   -7.5000  -45.0000   15.000010925.8379   22.9014
    0.0000  -45.0000   15.000011380.7041   22.8950
    7.5000  -45.0000   15.000010763.7285   22.9517
   -7.5000  -37.5000   15.000011504.0771   22.9502
    0.0000  -37.5000   15.000011982.0557   22.9449
    7.5000  -37.5000   15.000011373.3701   22.9972
   -7.5000  -30.0000   15.000012447.8887   23.0066
    0.0000  -30.0000   15.000012973.1914   23.0079
    7.5000  -30.0000   15.000012328.0508   23.0611
   -7.5000  -22.5000   15.000013272.4160   23.0110
    0.0000  -22.5000   15.000013749.2402   23.0171
    7.5000  -22.5000   15.000013133.2012   23.0756
   -7.5000  -15.0000   15.000013904.5176   22.9675
    0.0000  -15.0000   15.000014366.3008   22.9731
    7.5000  -15.0000   15.000013805.6367   23.0364
   -7.5000   -7.5000   15.000014608.0947   22.9143
    0.0000   -7.5000   15.000015106.4531   22.9138
    7.5000   -7.5000   15.000014499.7764   22.9761
   -7.5000    0.0000   15.000015355.3252   22.9014
    0.0000    0.0000   15.000015934.8164   22.8950
    7.5000    0.0000   15.000015193.4570   22.9517
   -7.5000    7.5000   15.000014887.7178   22.9502
    0.0000    7.5000   15.000015396.7725   22.9449
    7.5000    7.5000   15.000014719.8584   22.9972
   -7.5000   15.0000   15.000014109.0654   23.0066
    0.0000   15.0000   15.000014552.4482   23.0079
    7.5000   15.0000   15.000013954.5791   23.0611
   -7.5000   22.5000   15.000013036.3105   23.0004
    0.0000   22.5000   15.000013387.0381   23.0065
    7.5000   22.5000   15.000012853.8086   23.0650
   -7.5000   30.0000   15.000011874.8545   22.6703
    0.0000   30.0000   15.000012188.3809   22.6758
    7.5000   30.0000   15.000011734.5098   22.7383
   -7.5000   37.5000   15.000011173.1484   22.6177
    0.0000   37.5000   15.000011465.9463   22.6172
    7.5000   37.5000   15.000011036.8740   22.6788
   -7.5000   45.0000   15.000010088.6875   22.0743
    0.0000   45.0000   15.000010358.7490   22.0681
    7.5000   45.0000   15.0000 9936.9365   22.1228
   -7.5000  -45.0000   22.500010320.3184   22.9084
    0.0000  -45.0000   22.500010713.9727   22.8983
    7.5000  -45.0000   22.500010128.5498   22.9501
   -7.5000  -37.5000   22.500010867.3154   22.9674
    0.0000  -37.5000   22.500011299.4805   22.9559
    7.5000  -37.5000   22.500010695.7246   22.9993
   -7.5000  -30.0000   22.500011798.2783   23.0359
    0.0000  -30.0000   22.500012269.9990   23.0235
    7.5000  -30.0000   22.500011622.5527   23.0591
   -7.5000  -22.5000   22.500012604.7256   23.0422
    0.0000  -22.5000   22.500013035.0186   23.0298
    7.5000  -22.5000   22.500012409.1680   23.0658
   -7.5000  -15.0000   22.500013222.9844   22.9888
    0.0000  -15.0000   22.500013680.9512   22.9780
    7.5000  -15.0000   22.500013066.9854   23.0222
   -7.5000   -7.5000   22.500013867.4648   22.9233
    0.0000   -7.5000   22.500014376.7344   22.9139
    7.5000   -7.5000   22.500013740.9072   22.9662
   -7.5000    0.0000   22.500014528.3467   22.9084
    0.0000    0.0000   22.500015082.7686   22.8983
    7.5000    0.0000   22.500014375.6221   22.9501
   -7.5000    7.5000   22.500014127.1816   22.9674
    0.0000    7.5000   22.500014589.2734   22.9559
    7.5000    7.5000   22.500013937.9678   22.9993
   -7.5000   15.0000   22.500013403.4541   23.0359
    0.0000   15.0000   22.500013834.7959   23.0235
    7.5000   15.0000   22.500013230.8955   23.0591
   -7.5000   22.5000   22.500012358.3174   23.0315
    0.0000   22.5000   22.500012721.9639   23.0192
    7.5000   22.5000   22.500012165.0234   23.0552
   -7.5000   30.0000   22.500011245.8779   22.6913
    0.0000   30.0000   22.500011562.2334   22.6806
    7.5000   30.0000   22.500011072.1523   22.7243
   -7.5000   37.5000   22.500010558.8701   22.6267
    0.0000   37.5000   22.500010840.1104   22.6174
    7.5000   37.5000   22.500010399.1924   22.6690
   -7.5000   45.0000   22.5000 9494.0410   22.0811
    0.0000   45.0000   22.5000 9759.6611   22.0714
    7.5000   45.0000   22.5000 9355.0557   22.1213
   -7.5000  -45.0000   30.0000 9586.0586   22.9243
    0.0000  -45.0000   30.0000 9967.1738   22.8987
    7.5000  -45.0000   30.0000 9420.0361   22.9355
   -7.5000  -37.5000   30.000010124.8125   22.9832
    0.0000  -37.5000   30.000010532.2656   22.9516
    7.5000  -37.5000   30.0000 9952.1660   22.9791
   -7.5000  -30.0000   30.000010985.1572   23.0496
    0.0000  -30.0000   30.000011448.2764   23.0137
    7.5000  -30.0000   30.000010812.1230   23.0285
   -7.5000  -22.5000   30.000011757.2617   23.0546
    0.0000  -22.5000   30.000012202.8086   23.0209
    7.5000  -22.5000   30.000011565.8975   23.0324
   -7.5000  -15.0000   30.000012356.9170   23.0003
    0.0000  -15.0000   30.000012828.3301   22.9729
    7.5000  -15.0000   30.000012194.0693   22.9938
   -7.5000   -7.5000   30.000012966.8428   22.9361
    0.0000   -7.5000   30.000013470.2363   22.9127
    7.5000   -7.5000   30.000012800.8984   22.9462
   -7.5000    0.0000   30.000013542.6406   22.9243
    0.0000    0.0000   30.000014058.6523   22.8987
    7.5000    0.0000   30.000013381.8369   22.9355
   -7.5000    7.5000   30.000013115.5898   22.9832
    0.0000    7.5000   30.000013613.3320   22.9516
    7.5000    7.5000   30.000012978.2363   22.9791
   -7.5000   15.0000   30.000012486.0039   23.0496
    0.0000   15.0000   30.000012927.5322   23.0137
    7.5000   15.0000   30.000012331.1777   23.0285
   -7.5000   22.5000   30.000011512.2041   23.0440
    0.0000   22.5000   30.000011900.8389   23.0103
    7.5000   22.5000   30.000011348.9648   23.0218
   -7.5000   30.0000   30.000010504.8906   22.7027
    0.0000   30.0000   30.000010820.8652   22.6756
    7.5000   30.0000   30.000010322.0225   22.6962
   -7.5000   37.5000   30.0000 9840.9658   22.6393
    0.0000   37.5000   30.000010153.8750   22.6162
    7.5000   37.5000   30.0000 9676.6836   22.6492
   -7.5000   45.0000   30.0000 8828.8994   22.0964
    0.0000   45.0000   30.0000 9109.4717   22.0717
    7.5000   45.0000   30.0000 8682.1191   22.1072
   -7.5000  -45.0000   37.5000 9212.0029   23.1300
    0.0000  -45.0000   37.5000 9588.2207   23.0893
    7.5000  -45.0000   37.5000 9077.1387   23.1140
   -7.5000  -37.5000   37.5000 9713.1133   23.1789
    0.0000  -37.5000   37.500010106.3770   23.1303
    7.5000  -37.5000   37.5000 9583.0000   23.1492
   -7.5000  -30.0000   37.500010549.0420   23.2300
    0.0000  -30.0000   37.500010974.0762   23.1819
    7.5000  -30.0000   37.500010405.8193   23.1930
   -7.5000  -22.5000   37.500011278.4775   23.2304
    0.0000  -22.5000   37.500011710.6084   23.1922
    7.5000  -22.5000   37.500011102.3203   23.2021
   -7.5000  -15.0000   37.500011867.1250   23.1843
    0.0000  -15.0000   37.500012313.9893   23.1554
    7.5000  -15.0000   37.500011709.1680   23.1721
   -7.5000   -7.5000   37.500012415.8975   23.1348
    0.0000   -7.5000   37.500012911.7109   23.1039
    7.5000   -7.5000   37.500012284.6338   23.1277
   -7.5000    0.0000   37.500012959.5820   23.1300
    0.0000    0.0000   37.500013467.6689   23.0893
    7.5000    0.0000   37.500012830.9824   23.1140
   -7.5000    7.5000   37.500012565.2676   23.1789
    0.0000    7.5000   37.500013061.7705   23.1303
    7.5000    7.5000   37.500012446.0957   23.1492
   -7.5000   15.0000   37.500011967.1250   23.2300
    0.0000   15.0000   37.500012421.7432   23.1819
    7.5000   15.0000   37.500011828.3008   23.1930
   -7.5000   22.5000   37.500011037.5361   23.2197
    0.0000   22.5000   37.500011436.6162   23.1815
    7.5000   22.5000   37.500010890.0156   23.1914
   -7.5000   30.0000   37.500010078.5850   22.8842
    0.0000   30.0000   37.500010425.1855   22.8557
    7.5000   30.0000   37.5000 9910.7139   22.8722
   -7.5000   37.5000   37.5000 9466.7188   22.8354
    0.0000   37.5000   37.5000 9776.9775   22.8049
    7.5000   37.5000   37.5000 9304.1318   22.8284
   -7.5000   45.0000   37.5000 8503.3721   22.2946
    0.0000   45.0000   37.5000 8759.5576   22.2555
    7.5000   45.0000   37.5000 8341.2285   22.2792
   -7.5000  -45.0000   45.0000 8428.5010   23.3612
    0.0000  -45.0000   45.0000 8776.8232   23.3192
    7.5000  -45.0000   45.0000 8323.2832   23.3452
   -7.5000  -37.5000   45.0000 8886.8438   23.4036
    0.0000  -37.5000   45.0000 9245.6875   23.3558
    7.5000  -37.5000   45.0000 8784.0186   23.3809
   -7.5000  -30.0000   45.0000 9636.4375   23.4438
    0.0000  -30.0000   45.000010008.5928   23.4042
    7.5000  -30.0000   45.0000 9515.9648   23.4315
   -7.5000  -22.5000   45.000010294.2803   23.4389
    0.0000  -22.5000   45.000010679.1738   23.4155
    7.5000  -22.5000   45.000010152.4824   23.4470
   -7.5000  -15.0000   45.000010837.5527   23.3980
    0.0000  -15.0000   45.000011246.7900   23.3828
    7.5000  -15.0000   45.000010709.3818   23.4169
   -7.5000   -7.5000   45.000011329.6230   23.3604
    0.0000   -7.5000   45.000011791.2793   23.3347
    7.5000   -7.5000   45.000011229.4902   23.3655
   -7.5000    0.0000   45.000011809.2012   23.3612
    0.0000    0.0000   45.000012285.8545   23.3192
    7.5000    0.0000   45.000011710.4736   23.3452
   -7.5000    7.5000   45.000011465.1377   23.4036
    0.0000    7.5000   45.000011953.0127   23.3558
    7.5000    7.5000   45.000011375.9736   23.3809
   -7.5000   15.0000   45.000010960.9434   23.4438
    0.0000   15.0000   45.000011387.4482   23.4042
    7.5000   15.0000   45.000010832.6738   23.4315
   -7.5000   22.5000   45.000010110.4688   23.4280
    0.0000   22.5000   45.000010489.1367   23.4047
    7.5000   22.5000   45.0000 9974.3760   23.4362
   -7.5000   30.0000   45.0000 9229.5352   23.0932
    0.0000   30.0000   45.0000 9540.8506   23.0782
    7.5000   30.0000   45.0000 9085.4795   23.1118
   -7.5000   37.5000   45.0000 8680.4092   23.0561
    0.0000   37.5000   45.0000 8949.5273   23.0307
    7.5000   37.5000   45.0000 8532.3818   23.0611
   -7.5000   45.0000   45.0000 7782.6523   22.5277
    0.0000   45.0000   45.0000 8025.2349   22.4872
    7.5000   45.0000   45.0000 7649.3774   22.5123

---------------------------------------------------------------------
imgreg_4dfp /opt/freesurfer/average/711-2C_as_mni_average_305 /opt/freesurfer/average/711-2B_as_mni_average_305_mask talsrcimg_g11 none talsrcimg_to_711-2C_as_mni_average_305_t4 4355
---------------------------------------------------------------------

freesurfer imgreg_4dfp.c
/opt/freesurfer/average/711-2C_as_mni_average_305.4dfp.img
       256       256       256         1
  1.000000  1.000000  1.000000
orientation T byte_order littleendian
Reading image: /opt/freesurfer/average/711-2C_as_mni_average_305.4dfp.img
dimensions:      256       256       256
mmppix:       1.0000   -1.0000   -1.0000
center:     128.0000 -129.0000 -129.0000
/opt/freesurfer/average/711-2B_as_mni_average_305_mask.4dfp.img
       256       256       256         1
  1.000000  1.000000  1.000000
orientation T byte_order littleendian
Reading mask: /opt/freesurfer/average/711-2B_as_mni_average_305_mask.4dfp.img (2306576 pixels)
talsrcimg_g11.4dfp.img
       256       256       256         1
  1.000000  1.000000  1.000000
orientation T byte_order littleendian
Reading image: talsrcimg_g11.4dfp.img
dimensions:      256       256       256
mmppix:       1.0000   -1.0000   -1.0000
center:     128.0000 -129.0000 -129.0000
rotation matrix determinant  1.000000
image alignment mode   4355 decimal     1103 hex
   -7.5000  -45.0000  -45.0000 2065.3958   21.8071
    0.0000  -45.0000  -45.0000 2057.2310   21.8502
    7.5000  -45.0000  -45.0000 2028.1860   22.2163
   -7.5000  -37.5000  -45.0000 2162.8130   20.1333
    0.0000  -37.5000  -45.0000 2154.5144   20.1236
    7.5000  -37.5000  -45.0000 2125.5583   20.4429
   -7.5000  -30.0000  -45.0000 2232.7002   18.9219
    0.0000  -30.0000  -45.0000 2224.1736   18.9057
    7.5000  -30.0000  -45.0000 2195.7561   19.2076
   -7.5000  -22.5000  -45.0000 2271.8657   17.9794
    0.0000  -22.5000  -45.0000 2263.6694   17.9799
    7.5000  -22.5000  -45.0000 2244.8247   18.2680
   -7.5000  -15.0000  -45.0000 2292.4460   17.4110
    0.0000  -15.0000  -45.0000 2292.2720   17.4168
    7.5000  -15.0000  -45.0000 2271.0483   17.7222
   -7.5000   -7.5000  -45.0000 2295.3967   17.2978
    0.0000   -7.5000  -45.0000 2298.0176   17.3356
    7.5000   -7.5000  -45.0000 2274.9812   17.6599
   -7.5000    0.0000  -45.0000 2282.2192   17.5810
    0.0000    0.0000  -45.0000 2278.0437   17.6005
    7.5000    0.0000  -45.0000 2257.8496   17.9829
   -7.5000    7.5000  -45.0000 2252.8269   18.1079
    0.0000    7.5000  -45.0000 2252.1362   18.1057
    7.5000    7.5000  -45.0000 2223.0903   18.6236
   -7.5000   15.0000  -45.0000 2200.6379   19.0106
    0.0000   15.0000  -45.0000 2200.6230   19.0201
    7.5000   15.0000  -45.0000 2171.2844   19.5443
   -7.5000   22.5000  -45.0000 2128.3396   20.4056
    0.0000   22.5000  -45.0000 2127.2087   20.4178
    7.5000   22.5000  -45.0000 2097.7324   20.9938
   -7.5000   30.0000  -45.0000 2031.4225   22.3225
    0.0000   30.0000  -45.0000 2029.5839   22.3960
    7.5000   30.0000  -45.0000 2001.1954   22.9646
   -7.5000   37.5000  -45.0000 1916.5411   24.8608
    0.0000   37.5000  -45.0000 1921.5125   24.8507
    7.5000   37.5000  -45.0000 1892.0533   25.4415
   -7.5000   45.0000  -45.0000 1800.1356   28.1036
    0.0000   45.0000  -45.0000 1801.4832   28.1090
    7.5000   45.0000  -45.0000 1769.4091   28.7226
   -7.5000  -45.0000  -37.5000 2151.6799   20.1938
    0.0000  -45.0000  -37.5000 2140.1331   20.1455
    7.5000  -45.0000  -37.5000 2112.8774   20.5703
   -7.5000  -37.5000  -37.5000 2253.0059   18.4938
    0.0000  -37.5000  -37.5000 2245.1448   18.4617
    7.5000  -37.5000  -37.5000 2213.6636   18.8641
   -7.5000  -30.0000  -37.5000 2327.7402   17.3347
    0.0000  -30.0000  -37.5000 2320.8027   17.3369
    7.5000  -30.0000  -37.5000 2288.3716   17.6928
   -7.5000  -22.5000  -37.5000 2374.1995   16.5208
    0.0000  -22.5000  -37.5000 2366.5095   16.5328
    7.5000  -22.5000  -37.5000 2337.5947   16.8376
   -7.5000  -15.0000  -37.5000 2403.4060   16.0261
    0.0000  -15.0000  -37.5000 2400.3884   16.0272
    7.5000  -15.0000  -37.5000 2368.8215   16.3062
   -7.5000   -7.5000  -37.5000 2411.4661   15.9446
    0.0000   -7.5000  -37.5000 2411.7341   15.9324
    7.5000   -7.5000  -37.5000 2378.8723   16.2229
   -7.5000    0.0000  -37.5000 2391.7690   16.2024
    0.0000    0.0000  -37.5000 2393.1655   16.2019
    7.5000    0.0000  -37.5000 2363.3442   16.4963
   -7.5000    7.5000  -37.5000 2357.4434   16.7479
    0.0000    7.5000  -37.5000 2359.2004   16.7007
    7.5000    7.5000  -37.5000 2324.9094   17.1275
   -7.5000   15.0000  -37.5000 2301.2097   17.6187
    0.0000   15.0000  -37.5000 2302.3057   17.5826
    7.5000   15.0000  -37.5000 2270.9072   18.0345
   -7.5000   22.5000  -37.5000 2222.0916   18.8855
    0.0000   22.5000  -37.5000 2224.5452   18.8766
    7.5000   22.5000  -37.5000 2190.4653   19.3553
   -7.5000   30.0000  -37.5000 2113.8708   20.6498
    0.0000   30.0000  -37.5000 2117.7637   20.6726
    7.5000   30.0000  -37.5000 2082.3472   21.1957
   -7.5000   37.5000  -37.5000 1995.1865   22.9374
    0.0000   37.5000  -37.5000 2000.9149   22.9647
    7.5000   37.5000  -37.5000 1970.9576   23.4591
   -7.5000   45.0000  -37.5000 1870.5792   25.9073
    0.0000   45.0000  -37.5000 1876.9756   25.8961
    7.5000   45.0000  -37.5000 1844.1780   26.4768
   -7.5000  -45.0000  -30.0000 2259.3630   19.3768
    0.0000  -45.0000  -30.0000 2255.2822   19.3114
    7.5000  -45.0000  -30.0000 2222.0098   19.8171
   -7.5000  -37.5000  -30.0000 2370.4941   17.7221
    0.0000  -37.5000  -30.0000 2363.4504   17.6678
    7.5000  -37.5000  -30.0000 2328.3579   18.1172
   -7.5000  -30.0000  -30.0000 2455.1421   16.5216
    0.0000  -30.0000  -30.0000 2449.4663   16.5199
    7.5000  -30.0000  -30.0000 2411.6208   16.9024
   -7.5000  -22.5000  -30.0000 2507.4202   15.7227
    0.0000  -22.5000  -30.0000 2506.0020   15.7460
    7.5000  -22.5000  -30.0000 2469.2788   16.0567
   -7.5000  -15.0000  -30.0000 2545.0049   15.2275
    0.0000  -15.0000  -30.0000 2544.0193   15.2533
    7.5000  -15.0000  -30.0000 2505.1865   15.5826
   -7.5000   -7.5000  -30.0000 2568.1460   15.1511
    0.0000   -7.5000  -30.0000 2568.0198   15.1426
    7.5000   -7.5000  -30.0000 2523.7214   15.4315
   -7.5000    0.0000  -30.0000 2553.8347   15.4437
    0.0000    0.0000  -30.0000 2554.6599   15.4477
    7.5000    0.0000  -30.0000 2513.4299   15.7136
   -7.5000    7.5000  -30.0000 2511.2368   16.0239
    0.0000    7.5000  -30.0000 2514.7214   15.9883
    7.5000    7.5000  -30.0000 2472.9463   16.3023
   -7.5000   15.0000  -30.0000 2444.5659   16.9107
    0.0000   15.0000  -30.0000 2452.9480   16.8516
    7.5000   15.0000  -30.0000 2409.7815   17.2149
   -7.5000   22.5000  -30.0000 2356.4341   18.1387
    0.0000   22.5000  -30.0000 2360.6780   18.1106
    7.5000   22.5000  -30.0000 2320.7966   18.5348
   -7.5000   30.0000  -30.0000 2242.1323   19.8048
    0.0000   30.0000  -30.0000 2247.8884   19.8020
    7.5000   30.0000  -30.0000 2208.6367   20.2716
   -7.5000   37.5000  -30.0000 2107.1355   22.0038
    0.0000   37.5000  -30.0000 2114.7693   21.9913
    7.5000   37.5000  -30.0000 2084.6323   22.4866
   -7.5000   45.0000  -30.0000 1968.4900   24.8089
    0.0000   45.0000  -30.0000 1975.6096   24.8310
    7.5000   45.0000  -30.0000 1943.3215   25.3829
   -7.5000  -45.0000  -22.5000 2339.9102   18.4668
    0.0000  -45.0000  -22.5000 2339.7170   18.4964
    7.5000  -45.0000  -22.5000 2301.8486   19.0527
   -7.5000  -37.5000  -22.5000 2457.6985   16.8559
    0.0000  -37.5000  -22.5000 2455.6365   16.8577
    7.5000  -37.5000  -22.5000 2417.7532   17.3490
   -7.5000  -30.0000  -22.5000 2553.6077   15.6685
    0.0000  -30.0000  -22.5000 2551.7869   15.6717
    7.5000  -30.0000  -22.5000 2509.5188   16.1301
   -7.5000  -22.5000  -22.5000 2615.3618   14.8107
    0.0000  -22.5000  -22.5000 2614.0327   14.8332
    7.5000  -22.5000  -22.5000 2577.6521   15.2312
   -7.5000  -15.0000  -22.5000 2659.8169   14.3039
    0.0000  -15.0000  -22.5000 2659.7590   14.3694
    7.5000  -15.0000  -22.5000 2621.2500   14.7097
   -7.5000   -7.5000  -22.5000 2692.0120   14.2382
    0.0000   -7.5000  -22.5000 2698.6316   14.2647
    7.5000   -7.5000  -22.5000 2647.1414   14.5847
   -7.5000    0.0000  -22.5000 2683.5388   14.5749
    0.0000    0.0000  -22.5000 2689.4578   14.5559
    7.5000    0.0000  -22.5000 2640.2737   14.8360
   -7.5000    7.5000  -22.5000 2643.8560   15.1803
    0.0000    7.5000  -22.5000 2650.3665   15.1403
    7.5000    7.5000  -22.5000 2598.4695   15.4318
   -7.5000   15.0000  -22.5000 2568.2515   16.0664
    0.0000   15.0000  -22.5000 2576.9856   15.9917
    7.5000   15.0000  -22.5000 2528.4502   16.3673
   -7.5000   22.5000  -22.5000 2468.5530   17.2658
    0.0000   22.5000  -22.5000 2473.5750   17.1941
    7.5000   22.5000  -22.5000 2432.1277   17.6127
   -7.5000   30.0000  -22.5000 2340.4893   18.9101
    0.0000   30.0000  -22.5000 2347.8699   18.8375
    7.5000   30.0000  -22.5000 2311.7781   19.2742
   -7.5000   37.5000  -22.5000 2202.2256   21.0064
    0.0000   37.5000  -22.5000 2206.8408   20.9479
    7.5000   37.5000  -22.5000 2172.3545   21.4515
   -7.5000   45.0000  -22.5000 2051.4233   23.7006
    0.0000   45.0000  -22.5000 2054.9004   23.6353
    7.5000   45.0000  -22.5000 2024.4918   24.1818
   -7.5000  -45.0000  -15.0000 2391.0662   17.7136
    0.0000  -45.0000  -15.0000 2386.7729   17.7292
    7.5000  -45.0000  -15.0000 2349.5408   18.3188
   -7.5000  -37.5000  -15.0000 2512.4355   16.1104
    0.0000  -37.5000  -15.0000 2509.3411   16.1271
    7.5000  -37.5000  -15.0000 2471.8784   16.6507
   -7.5000  -30.0000  -15.0000 2618.7327   14.8918
    0.0000  -30.0000  -15.0000 2619.1047   14.8975
    7.5000  -30.0000  -15.0000 2574.0635   15.3726
   -7.5000  -22.5000  -15.0000 2702.2473   13.9843
    0.0000  -22.5000  -15.0000 2704.2271   13.9886
    7.5000  -22.5000  -15.0000 2654.9763   14.4370
   -7.5000  -15.0000  -15.0000 2760.4866   13.4382
    0.0000  -15.0000  -15.0000 2758.2107   13.4730
    7.5000  -15.0000  -15.0000 2712.1880   13.8894
   -7.5000   -7.5000  -15.0000 2794.2090   13.4010
    0.0000   -7.5000  -15.0000 2802.8345   13.4116
    7.5000   -7.5000  -15.0000 2746.8040   13.7781
   -7.5000    0.0000  -15.0000 2791.4714   13.7322
    0.0000    0.0000  -15.0000 2799.7595   13.6859
    7.5000    0.0000  -15.0000 2742.1357   14.0087
   -7.5000    7.5000  -15.0000 2745.4236   14.3170
    0.0000    7.5000  -15.0000 2755.6731   14.2530
    7.5000    7.5000  -15.0000 2699.5383   14.5840
   -7.5000   15.0000  -15.0000 2660.3008   15.1976
    0.0000   15.0000  -15.0000 2671.3237   15.1098
    7.5000   15.0000  -15.0000 2622.2559   15.4819
   -7.5000   22.5000  -15.0000 2548.8799   16.4088
    0.0000   22.5000  -15.0000 2560.6418   16.3390
    7.5000   22.5000  -15.0000 2515.6577   16.7283
   -7.5000   30.0000  -15.0000 2413.1604   17.9921
    0.0000   30.0000  -15.0000 2420.6355   17.9578
    7.5000   30.0000  -15.0000 2378.6912   18.3803
   -7.5000   37.5000  -15.0000 2266.3247   20.0543
    0.0000   37.5000  -15.0000 2269.1699   20.0119
    7.5000   37.5000  -15.0000 2231.3975   20.4658
   -7.5000   45.0000  -15.0000 2103.6448   22.6436
    0.0000   45.0000  -15.0000 2107.3940   22.6018
    7.5000   45.0000  -15.0000 2076.1353   23.0913
   -7.5000  -45.0000   -7.5000 2425.3250   17.0676
    0.0000  -45.0000   -7.5000 2422.2686   17.0486
    7.5000  -45.0000   -7.5000 2385.5798   17.6831
   -7.5000  -37.5000   -7.5000 2545.7849   15.4774
    0.0000  -37.5000   -7.5000 2546.0918   15.4440
    7.5000  -37.5000   -7.5000 2508.9067   16.0197
   -7.5000  -30.0000   -7.5000 2658.2832   14.2496
    0.0000  -30.0000   -7.5000 2663.1768   14.2098
    7.5000  -30.0000   -7.5000 2619.9607   14.7530
   -7.5000  -22.5000   -7.5000 2763.7993   13.3233
    0.0000  -22.5000   -7.5000 2767.4299   13.2986
    7.5000  -22.5000   -7.5000 2712.6658   13.8208
   -7.5000  -15.0000   -7.5000 2847.0801   12.7464
    0.0000  -15.0000   -7.5000 2849.4563   12.7450
    7.5000  -15.0000   -7.5000 2779.9104   13.2555
   -7.5000   -7.5000   -7.5000 2888.5693   12.7082
    0.0000   -7.5000   -7.5000 2905.0562   12.6869
    7.5000   -7.5000   -7.5000 2833.5591   13.1837
   -7.5000    0.0000   -7.5000 2886.7322   13.0031
    0.0000    0.0000   -7.5000 2897.4373   12.9355
    7.5000    0.0000   -7.5000 2829.5359   13.3783
   -7.5000    7.5000   -7.5000 2830.0081   13.5605
    0.0000    7.5000   -7.5000 2838.2678   13.4619
    7.5000    7.5000   -7.5000 2783.2563   13.8873
   -7.5000   15.0000   -7.5000 2730.3757   14.4129
    0.0000   15.0000   -7.5000 2745.3940   14.3205
    7.5000   15.0000   -7.5000 2695.6968   14.7419
   -7.5000   22.5000   -7.5000 2607.3806   15.6066
    0.0000   22.5000   -7.5000 2615.4624   15.5752
    7.5000   22.5000   -7.5000 2568.4922   16.0028
   -7.5000   30.0000   -7.5000 2461.1377   17.2090
    0.0000   30.0000   -7.5000 2465.9363   17.2125
    7.5000   30.0000   -7.5000 2425.9470   17.6591
   -7.5000   37.5000   -7.5000 2303.4890   19.2011
    0.0000   37.5000   -7.5000 2306.9182   19.2007
    7.5000   37.5000   -7.5000 2269.8035   19.6812
   -7.5000   45.0000   -7.5000 2133.4592   21.7126
    0.0000   45.0000   -7.5000 2140.4644   21.7075
    7.5000   45.0000   -7.5000 2105.4597   22.2230
   -7.5000  -45.0000    0.0000 2441.5764   16.6975
    0.0000  -45.0000    0.0000 2443.0569   16.6792
    7.5000  -45.0000    0.0000 2406.0051   17.3573
   -7.5000  -37.5000    0.0000 2567.5691   15.0975
    0.0000  -37.5000    0.0000 2571.4502   15.0578
    7.5000  -37.5000    0.0000 2529.5784   15.6734
   -7.5000  -30.0000    0.0000 2681.6223   13.8616
    0.0000  -30.0000    0.0000 2688.2908   13.8134
    7.5000  -30.0000    0.0000 2642.5496   14.3971
   -7.5000  -22.5000    0.0000 2795.5271   12.9418
    0.0000  -22.5000    0.0000 2804.4226   12.8843
    7.5000  -22.5000    0.0000 2747.0601   13.4425
   -7.5000  -15.0000    0.0000 2903.1243   12.3658
    0.0000  -15.0000    0.0000 2914.7947   12.3646
    7.5000  -15.0000    0.0000 2834.3005   12.9122
   -7.5000   -7.5000    0.0000 2969.5813   12.1867
    0.0000   -7.5000    0.0000 2982.6890   12.1721
    7.5000   -7.5000    0.0000 2890.0649   12.7840
   -7.5000    0.0000    0.0000 2955.4741   12.5152
    0.0000    0.0000    0.0000 2974.4197   12.4159
    7.5000    0.0000    0.0000 2890.7341   12.9656
   -7.5000    7.5000    0.0000 2879.8347   13.0931
    0.0000    7.5000    0.0000 2897.1870   13.0434
    7.5000    7.5000    0.0000 2833.2913   13.4788
   -7.5000   15.0000    0.0000 2770.0637   13.9345
    0.0000   15.0000    0.0000 2781.2783   13.9109
    7.5000   15.0000    0.0000 2729.9880   14.3241
   -7.5000   22.5000    0.0000 2639.1946   15.1198
    0.0000   22.5000    0.0000 2646.5283   15.1394
    7.5000   22.5000    0.0000 2601.0256   15.5732
   -7.5000   30.0000    0.0000 2484.9231   16.6945
    0.0000   30.0000    0.0000 2488.4907   16.7421
    7.5000   30.0000    0.0000 2449.9333   17.1942
   -7.5000   37.5000    0.0000 2314.8313   18.6987
    0.0000   37.5000    0.0000 2320.9324   18.7479
    7.5000   37.5000    0.0000 2286.6013   19.2314
   -7.5000   45.0000    0.0000 2144.7354   21.2330
    0.0000   45.0000    0.0000 2150.6936   21.2745
    7.5000   45.0000    0.0000 2122.4958   21.8025
   -7.5000  -45.0000    7.5000 2447.9905   16.6228
    0.0000  -45.0000    7.5000 2453.7458   16.5605
    7.5000  -45.0000    7.5000 2415.1948   17.2162
   -7.5000  -37.5000    7.5000 2573.8445   15.0275
    0.0000  -37.5000    7.5000 2581.6221   14.9524
    7.5000  -37.5000    7.5000 2538.6677   15.5835
   -7.5000  -30.0000    7.5000 2688.8994   13.7702
    0.0000  -30.0000    7.5000 2700.0745   13.6999
    7.5000  -30.0000    7.5000 2656.6523   14.3206
   -7.5000  -22.5000    7.5000 2802.5847   12.8226
    0.0000  -22.5000    7.5000 2813.6907   12.7527
    7.5000  -22.5000    7.5000 2766.4866   13.3610
   -7.5000  -15.0000    7.5000 2913.7280   12.2434
    0.0000  -15.0000    7.5000 2930.7559   12.1749
    7.5000  -15.0000    7.5000 2860.8132   12.7626
   -7.5000   -7.5000    7.5000 2980.8733   12.0326
    0.0000   -7.5000    7.5000 2992.0659   11.9391
    7.5000   -7.5000    7.5000 2912.6523   12.5692
   -7.5000    0.0000    7.5000 2980.9697   12.2813
    0.0000    0.0000    7.5000 2997.8953   12.2754
    7.5000    0.0000    7.5000 2908.4731   12.7856
   -7.5000    7.5000    7.5000 2897.6814   12.9782
    0.0000    7.5000    7.5000 2910.5862   12.9745
    7.5000    7.5000    7.5000 2845.3831   13.4170
   -7.5000   15.0000    7.5000 2779.9504   13.8370
    0.0000   15.0000    7.5000 2790.7146   13.7947
    7.5000   15.0000    7.5000 2740.5076   14.2437
   -7.5000   22.5000    7.5000 2640.0303   14.9921
    0.0000   22.5000    7.5000 2648.6218   14.9624
    7.5000   22.5000    7.5000 2608.5647   15.4391
   -7.5000   30.0000    7.5000 2482.4536   16.5658
    0.0000   30.0000    7.5000 2486.7197   16.5499
    7.5000   30.0000    7.5000 2453.9294   17.0500
   -7.5000   37.5000    7.5000 2314.0996   18.5785
    0.0000   37.5000    7.5000 2322.2375   18.5731
    7.5000   37.5000    7.5000 2287.7957   19.1081
   -7.5000   45.0000    7.5000 2139.4690   21.1017
    0.0000   45.0000    7.5000 2151.5237   21.0826
    7.5000   45.0000    7.5000 2121.4568   21.6372
   -7.5000  -45.0000   15.0000 2442.6882   16.7530
    0.0000  -45.0000   15.0000 2452.8127   16.7108
    7.5000  -45.0000   15.0000 2409.3191   17.3181
   -7.5000  -37.5000   15.0000 2563.9771   15.1575
    0.0000  -37.5000   15.0000 2576.6187   15.0926
    7.5000  -37.5000   15.0000 2533.3855   15.6564
   -7.5000  -30.0000   15.0000 2680.8462   13.9319
    0.0000  -30.0000   15.0000 2700.2075   13.8791
    7.5000  -30.0000   15.0000 2655.3079   14.4303
   -7.5000  -22.5000   15.0000 2789.8408   13.0180
    0.0000  -22.5000   15.0000 2808.8420   12.9570
    7.5000  -22.5000   15.0000 2763.1890   13.5057
   -7.5000  -15.0000   15.0000 2882.0503   12.4336
    0.0000  -15.0000   15.0000 2898.1692   12.3284
    7.5000  -15.0000   15.0000 2844.2478   12.9125
   -7.5000   -7.5000   15.0000 2930.5999   12.2931
    0.0000   -7.5000   15.0000 2942.0132   12.1949
    7.5000   -7.5000   15.0000 2886.3057   12.7100
   -7.5000    0.0000   15.0000 2925.6782   12.5690
    0.0000    0.0000   15.0000 2948.8464   12.4772
    7.5000    0.0000   15.0000 2876.2871   12.9621
   -7.5000    7.5000   15.0000 2854.8020   13.2248
    0.0000    7.5000   15.0000 2869.6797   13.1354
    7.5000    7.5000   15.0000 2808.9070   13.5842
   -7.5000   15.0000   15.0000 2746.0745   14.0026
    0.0000   15.0000   15.0000 2756.9485   13.9383
    7.5000   15.0000   15.0000 2711.0081   14.4170
   -7.5000   22.5000   15.0000 2609.6621   15.1357
    0.0000   22.5000   15.0000 2618.8079   15.0857
    7.5000   22.5000   15.0000 2583.5649   15.5667
   -7.5000   30.0000   15.0000 2455.0999   16.6390
    0.0000   30.0000   15.0000 2465.0410   16.6107
    7.5000   30.0000   15.0000 2437.1411   17.1171
   -7.5000   37.5000   15.0000 2291.3779   18.6075
    0.0000   37.5000   15.0000 2305.0415   18.5895
    7.5000   37.5000   15.0000 2277.5317   19.1181
   -7.5000   45.0000   15.0000 2121.9087   21.1282
    0.0000   45.0000   15.0000 2134.6875   21.0957
    7.5000   45.0000   15.0000 2107.3550   21.6505
   -7.5000  -45.0000   22.5000 2423.8694   17.1698
    0.0000  -45.0000   22.5000 2435.3806   17.0724
    7.5000  -45.0000   22.5000 2390.2222   17.6269
   -7.5000  -37.5000   22.5000 2538.3572   15.6075
    0.0000  -37.5000   22.5000 2558.1252   15.5203
    7.5000  -37.5000   22.5000 2512.7422   16.0111
   -7.5000  -30.0000   22.5000 2654.4778   14.4326
    0.0000  -30.0000   22.5000 2676.6204   14.3555
    7.5000  -30.0000   22.5000 2634.1162   14.8118
   -7.5000  -22.5000   22.5000 2753.5000   13.5337
    0.0000  -22.5000   22.5000 2774.8916   13.4474
    7.5000  -22.5000   22.5000 2734.5156   13.9183
   -7.5000  -15.0000   22.5000 2826.6831   12.9019
    0.0000  -15.0000   22.5000 2844.7751   12.8632
    7.5000  -15.0000   22.5000 2801.5376   13.3545
   -7.5000   -7.5000   22.5000 2853.9282   12.7530
    0.0000   -7.5000   22.5000 2871.3337   12.7231
    7.5000   -7.5000   22.5000 2832.3030   13.1581
   -7.5000    0.0000   22.5000 2839.0347   13.0153
    0.0000    0.0000   22.5000 2866.3845   12.9412
    7.5000    0.0000   22.5000 2815.9863   13.3718
   -7.5000    7.5000   22.5000 2778.2588   13.5769
    0.0000    7.5000   22.5000 2793.5176   13.4748
    7.5000    7.5000   22.5000 2748.4519   13.9256
   -7.5000   15.0000   22.5000 2675.7859   14.4419
    0.0000   15.0000   22.5000 2690.1772   14.3296
    7.5000   15.0000   22.5000 2653.6509   14.7748
   -7.5000   22.5000   22.5000 2552.2773   15.5990
    0.0000   22.5000   22.5000 2566.8506   15.4979
    7.5000   22.5000   22.5000 2534.9006   15.9717
   -7.5000   30.0000   22.5000 2408.1968   17.0728
    0.0000   30.0000   22.5000 2424.2412   17.0130
    7.5000   30.0000   22.5000 2397.8401   17.4876
   -7.5000   37.5000   22.5000 2255.6191   18.9584
    0.0000   37.5000   22.5000 2266.8931   18.8871
    7.5000   37.5000   22.5000 2247.4375   19.3804
   -7.5000   45.0000   22.5000 2092.4587   21.4093
    0.0000   45.0000   22.5000 2105.5991   21.3367
    7.5000   45.0000   22.5000 2084.1416   21.8336
   -7.5000  -45.0000   30.0000 2387.0928   17.8833
    0.0000  -45.0000   30.0000 2400.4622   17.7504
    7.5000  -45.0000   30.0000 2360.0442   18.2173
   -7.5000  -37.5000   30.0000 2502.0129   16.3530
    0.0000  -37.5000   30.0000 2522.4302   16.2480
    7.5000  -37.5000   30.0000 2480.9729   16.6219
   -7.5000  -30.0000   30.0000 2605.5750   15.1739
    0.0000  -30.0000   30.0000 2631.7097   15.0850
    7.5000  -30.0000   30.0000 2592.6821   15.4462
   -7.5000  -22.5000   30.0000 2692.6636   14.2825
    0.0000  -22.5000   30.0000 2719.1594   14.2031
    7.5000  -22.5000   30.0000 2680.1196   14.5875
   -7.5000  -15.0000   30.0000 2751.7695   13.6483
    0.0000  -15.0000   30.0000 2769.2253   13.6439
    7.5000  -15.0000   30.0000 2730.6816   14.0358
   -7.5000   -7.5000   30.0000 2767.9624   13.4914
    0.0000   -7.5000   30.0000 2791.8103   13.4598
    7.5000   -7.5000   30.0000 2753.4873   13.8277
   -7.5000    0.0000   30.0000 2744.4734   13.6745
    0.0000    0.0000   30.0000 2770.5757   13.6217
    7.5000    0.0000   30.0000 2732.8679   13.9898
   -7.5000    7.5000   30.0000 2679.0630   14.2154
    0.0000    7.5000   30.0000 2703.2810   14.1183
    7.5000    7.5000   30.0000 2667.5491   14.5360
   -7.5000   15.0000   30.0000 2588.4802   15.0521
    0.0000   15.0000   30.0000 2606.2603   14.9511
    7.5000   15.0000   30.0000 2575.5698   15.3719
   -7.5000   22.5000   30.0000 2475.6191   16.2235
    0.0000   22.5000   30.0000 2498.3271   16.1274
    7.5000   22.5000   30.0000 2469.7729   16.5531
   -7.5000   30.0000   30.0000 2347.7607   17.7211
    0.0000   30.0000   30.0000 2362.7205   17.6611
    7.5000   30.0000   30.0000 2338.8647   18.0842
   -7.5000   37.5000   30.0000 2202.1067   19.5828
    0.0000   37.5000   30.0000 2218.5127   19.5450
    7.5000   37.5000   30.0000 2196.4995   19.9803
   -7.5000   45.0000   30.0000 2047.5032   22.0350
    0.0000   45.0000   30.0000 2060.9346   21.9628
    7.5000   45.0000   30.0000 2043.1400   22.4301
   -7.5000  -45.0000   37.5000 2334.3022   18.8946
    0.0000  -45.0000   37.5000 2354.2952   18.7307
    7.5000  -45.0000   37.5000 2317.7476   19.1209
   -7.5000  -37.5000   37.5000 2440.5686   17.3583
    0.0000  -37.5000   37.5000 2466.3955   17.2018
    7.5000  -37.5000   37.5000 2431.6526   17.5361
   -7.5000  -30.0000   37.5000 2533.7373   16.2009
    0.0000  -30.0000   37.5000 2560.6111   16.0648
    7.5000  -30.0000   37.5000 2531.8696   16.3757
   -7.5000  -22.5000   37.5000 2612.0415   15.2670
    0.0000  -22.5000   37.5000 2639.8535   15.1672
    7.5000  -22.5000   37.5000 2605.1733   15.4866
   -7.5000  -15.0000   37.5000 2659.0667   14.6401
    0.0000  -15.0000   37.5000 2675.4507   14.5976
    7.5000  -15.0000   37.5000 2645.9341   14.9416
   -7.5000   -7.5000   37.5000 2662.8208   14.4453
    0.0000   -7.5000   37.5000 2687.8596   14.3997
    7.5000   -7.5000   37.5000 2659.7390   14.7193
   -7.5000    0.0000   37.5000 2643.6062   14.5896
    0.0000    0.0000   37.5000 2669.3457   14.5106
    7.5000    0.0000   37.5000 2641.4172   14.8134
   -7.5000    7.5000   37.5000 2584.4543   15.1067
    0.0000    7.5000   37.5000 2611.3293   15.0114
    7.5000    7.5000   37.5000 2579.9270   15.3774
   -7.5000   15.0000   37.5000 2497.2742   15.9041
    0.0000   15.0000   37.5000 2520.5518   15.8258
    7.5000   15.0000   37.5000 2490.3911   16.2032
   -7.5000   22.5000   37.5000 2395.0708   17.0472
    0.0000   22.5000   37.5000 2413.2937   16.9682
    7.5000   22.5000   37.5000 2387.6335   17.3476
   -7.5000   30.0000   37.5000 2273.8054   18.5677
    0.0000   30.0000   37.5000 2289.6064   18.5033
    7.5000   30.0000   37.5000 2266.9290   18.8834
   -7.5000   37.5000   37.5000 2139.1121   20.5470
    0.0000   37.5000   37.5000 2152.1262   20.4805
    7.5000   37.5000   37.5000 2136.3806   20.8654
   -7.5000   45.0000   37.5000 1995.1075   23.0434
    0.0000   45.0000   37.5000 2002.7872   22.9168
    7.5000   45.0000   37.5000 1989.8766   23.3739
   -7.5000  -45.0000   45.0000 2270.7734   20.2356
    0.0000  -45.0000   45.0000 2291.9587   20.0159
    7.5000  -45.0000   45.0000 2263.7212   20.3422
   -7.5000  -37.5000   45.0000 2369.7234   18.6194
    0.0000  -37.5000   45.0000 2396.1357   18.4439
    7.5000  -37.5000   45.0000 2371.3467   18.7350
   -7.5000  -30.0000   45.0000 2454.2351   17.4386
    0.0000  -30.0000   45.0000 2477.8308   17.2549
    7.5000  -30.0000   45.0000 2457.8022   17.5395
   -7.5000  -22.5000   45.0000 2520.1250   16.4416
    0.0000  -22.5000   45.0000 2542.1450   16.3541
    7.5000  -22.5000   45.0000 2521.5793   16.6438
   -7.5000  -15.0000   45.0000 2556.0034   15.8007
    0.0000  -15.0000   45.0000 2572.4075   15.7461
    7.5000  -15.0000   45.0000 2552.6948   16.0889
   -7.5000   -7.5000   45.0000 2553.1589   15.5760
    0.0000   -7.5000   45.0000 2576.3123   15.5323
    7.5000   -7.5000   45.0000 2553.9978   15.8380
   -7.5000    0.0000   45.0000 2530.5996   15.7427
    0.0000    0.0000   45.0000 2552.4004   15.6727
    7.5000    0.0000   45.0000 2532.8135   15.9407
   -7.5000    7.5000   45.0000 2481.8962   16.2337
    0.0000    7.5000   45.0000 2508.2854   16.1379
    7.5000    7.5000   45.0000 2485.9270   16.4520
   -7.5000   15.0000   45.0000 2409.5603   17.0229
    0.0000   15.0000   45.0000 2427.1902   16.9203
    7.5000   15.0000   45.0000 2405.9077   17.2700
   -7.5000   22.5000   45.0000 2309.6833   18.1672
    0.0000   22.5000   45.0000 2326.3655   18.0504
    7.5000   22.5000   45.0000 2307.7568   18.4146
   -7.5000   30.0000   45.0000 2193.0068   19.7155
    0.0000   30.0000   45.0000 2204.3074   19.6120
    7.5000   30.0000   45.0000 2189.1238   19.9767
   -7.5000   37.5000   45.0000 2067.1414   21.7787
    0.0000   37.5000   45.0000 2073.2244   21.6604
    7.5000   37.5000   45.0000 2062.0825   22.0301
   -7.5000   45.0000   45.0000 1926.9548   24.3973
    0.0000   45.0000   45.0000 1936.5912   24.2179
    7.5000   45.0000   45.0000 1925.5438   24.6573

---------------------------------------------------------------------
imgreg_4dfp /opt/freesurfer/average/711-2C_as_mni_average_305 /opt/freesurfer/average/711-2B_as_mni_average_305_mask talsrcimg_g11 none talsrcimg_to_711-2C_as_mni_average_305_t4 1283
---------------------------------------------------------------------

freesurfer imgreg_4dfp.c
/opt/freesurfer/average/711-2C_as_mni_average_305.4dfp.img
       256       256       256         1
  1.000000  1.000000  1.000000
orientation T byte_order littleendian
Reading image: /opt/freesurfer/average/711-2C_as_mni_average_305.4dfp.img
dimensions:      256       256       256
mmppix:       1.0000   -1.0000   -1.0000
center:     128.0000 -129.0000 -129.0000
/opt/freesurfer/average/711-2B_as_mni_average_305_mask.4dfp.img
       256       256       256         1
  1.000000  1.000000  1.000000
orientation T byte_order littleendian
Reading mask: /opt/freesurfer/average/711-2B_as_mni_average_305_mask.4dfp.img (2306576 pixels)
talsrcimg_g11.4dfp.img
       256       256       256         1
  1.000000  1.000000  1.000000
orientation T byte_order littleendian
Reading image: talsrcimg_g11.4dfp.img
dimensions:      256       256       256
mmppix:       1.0000   -1.0000   -1.0000
center:     128.0000 -129.0000 -129.0000
rotation matrix determinant  1.000000
fimgreg.f
image alignment mode   1283 decimal      503 hex
parameters
    0.0000    0.0000    7.5000    0.0000    0.0000    0.0000
eta,q 0.94009 12.32037
niter,ni,del,rscale     5    3   12.0000    1.2000
parameter  2  0.709015 ->  0.500000 qaram    1.1500
parameter  5  0.784613 ->  0.500000 qaram    1.1500
parameter  6  0.543242 ->  0.500000 qaram    1.1500
parameters
   -2.1706   -3.4500    5.1936   -1.1517   -3.4500   -3.4500
eta,q 0.95262 11.86145
  0.0640  0.0566  0.0558  0.0575  0.0501  0.0495
  0.0602  0.0539  0.0536  0.0541  0.0493  0.0476
  0.0593  0.0550  0.0527  0.0524  0.0500  0.0474
  0.0611  0.0590  0.0535  0.0529  0.0523  0.0493
  0.0646  0.0653  0.0569  0.0556  0.0551  0.0528
  0.0706  0.0721  0.0620  0.0583  0.0585  0.0570
  0.0785  0.0787  0.0671  0.0609  0.0625  0.0605
niter,ni,del,rscale     7    3   12.0000    1.2000
parameters
   -1.2037   -3.7319    4.7344   -1.4150   -3.9571   -3.4418
eta,q 0.95254 11.89437
  0.0631  0.0630  0.0552  0.0565  0.0551  0.0559
  0.0583  0.0576  0.0520  0.0523  0.0508  0.0520
  0.0513  0.0504  0.0492  0.0488  0.0482  0.0489
  0.0474  0.0475  0.0474  0.0476  0.0475  0.0475
  0.0483  0.0511  0.0493  0.0502  0.0494  0.0483
  0.0509  0.0580  0.0534  0.0538  0.0530  0.0516
  0.0570  0.0667  0.0585  0.0573  0.0570  0.0564
niter,ni,del,rscale     6    3   12.0000    1.2000
parameters
   -0.9896   -3.7527    4.5904   -1.4301   -4.1276   -3.4585
eta,q 0.95240 11.90083
  0.0617  0.0637  0.0560  0.0568  0.0559  0.0559
  0.0553  0.0589  0.0525  0.0528  0.0514  0.0520
  0.0490  0.0517  0.0498  0.0493  0.0484  0.0490
  0.0475  0.0475  0.0475  0.0476  0.0476  0.0476
  0.0488  0.0503  0.0487  0.0496  0.0490  0.0483
  0.0527  0.0569  0.0526  0.0532  0.0524  0.0517
  0.0605  0.0658  0.0576  0.0566  0.0563  0.0565
niter,ni,del,rscale     5    3   12.0000    1.2000
parameters
   -0.9259   -3.7562    4.5625   -1.4216   -4.1719   -3.4621
eta,q 0.95236 11.90158
  0.0613  0.0638  0.0563  0.0568  0.0563  0.0559
  0.0546  0.0591  0.0527  0.0528  0.0516  0.0520
  0.0488  0.0519  0.0500  0.0494  0.0485  0.0491
  0.0476  0.0476  0.0476  0.0476  0.0476  0.0476
  0.0489  0.0503  0.0485  0.0496  0.0489  0.0483
  0.0533  0.0569  0.0524  0.0531  0.0522  0.0517
  0.0612  0.0658  0.0572  0.0565  0.0561  0.0565
niter,ni,del,rscale     4    3   12.0000    1.2000
parameters
   -0.9100   -3.7579    4.5599   -1.4163   -4.1835   -3.4618
eta,q 0.95235 11.90156
  0.0612  0.0638  0.0563  0.0567  0.0563  0.0560
  0.0544  0.0592  0.0528  0.0528  0.0517  0.0520
  0.0488  0.0519  0.0500  0.0494  0.0486  0.0491
  0.0476  0.0476  0.0476  0.0476  0.0476  0.0476
  0.0490  0.0503  0.0485  0.0496  0.0489  0.0483
  0.0535  0.0569  0.0523  0.0531  0.0521  0.0517
  0.0615  0.0658  0.0572  0.0565  0.0560  0.0565
registration optimization eta report
parameter search radius
    6.0000    6.9000    6.0000    6.0000    6.9000    6.9000
100000*second partial in parameter space
       39.       34.       24.       23.       18.       18.
  0.0612  0.0638  0.0563  0.0567  0.0563  0.0560
  0.0544  0.0592  0.0528  0.0528  0.0517  0.0520
  0.0488  0.0519  0.0500  0.0494  0.0486  0.0491
  0.0476  0.0476  0.0476  0.0476  0.0476  0.0476
  0.0490  0.0503  0.0485  0.0496  0.0489  0.0483
  0.0535  0.0569  0.0523  0.0531  0.0521  0.0517
  0.0615  0.0658  0.0572  0.0565  0.0560  0.0565
   -0.9100   -3.7579    4.5599   -1.4163   -4.1835   -3.4618
eta,q 0.95235 11.90156

---------------------------------------------------------------------
imgreg_4dfp /opt/freesurfer/average/711-2C_as_mni_average_305 /opt/freesurfer/average/711-2B_as_mni_average_305_mask talsrcimg_g11 none talsrcimg_to_711-2C_as_mni_average_305_t4 3335
---------------------------------------------------------------------

freesurfer imgreg_4dfp.c
/opt/freesurfer/average/711-2C_as_mni_average_305.4dfp.img
       256       256       256         1
  1.000000  1.000000  1.000000
orientation T byte_order littleendian
Reading image: /opt/freesurfer/average/711-2C_as_mni_average_305.4dfp.img
dimensions:      256       256       256
mmppix:       1.0000   -1.0000   -1.0000
center:     128.0000 -129.0000 -129.0000
/opt/freesurfer/average/711-2B_as_mni_average_305_mask.4dfp.img
       256       256       256         1
  1.000000  1.000000  1.000000
orientation T byte_order littleendian
Reading mask: /opt/freesurfer/average/711-2B_as_mni_average_305_mask.4dfp.img (2306576 pixels)
talsrcimg_g11.4dfp.img
       256       256       256         1
  1.000000  1.000000  1.000000
orientation T byte_order littleendian
Reading image: talsrcimg_g11.4dfp.img
dimensions:      256       256       256
mmppix:       1.0000   -1.0000   -1.0000
center:     128.0000 -129.0000 -129.0000
fimgreg.f
image alignment mode   3335 decimal      D07 hex
parameters
   -0.9100   -3.7579    4.5599   -0.4484   -0.2021   -0.2969
    5.8565    7.4288   -6.0223    2.0268   -7.2951   -2.4651
eta,q 0.95042 11.96372
niter,ni,del,rscale     5    3    5.0000    1.2000
parameter  4  4.921512 ->  0.500000 qaram    1.1500
parameter  5  5.051490 ->  0.500000 qaram    1.1500
parameter  6  1.182870 ->  0.500000 qaram    1.1500
parameter 11 -0.566619 -> -0.500000 qaram    1.1500
parameter 12  0.631164 ->  0.500000 qaram    1.1500
parameters
   -1.6057   -3.9210    4.8854   -4.5884   -4.3421   -4.4369
    4.0252    7.8987   -4.1928   -0.2504   -3.1551   -6.6051
eta,q 0.97106 11.16898
  0.0503  0.0509  0.0512  0.0386  0.0313  0.0299  0.0320  0.0367  0.0331  0.0318  0.0336  0.0292
  0.0497  0.0500  0.0503  0.0416  0.0347  0.0305  0.0311  0.0337  0.0318  0.0305  0.0321  0.0289
  0.0494  0.0495  0.0497  0.0453  0.0386  0.0324  0.0306  0.0315  0.0310  0.0301  0.0310  0.0291
  0.0496  0.0494  0.0494  0.0494  0.0425  0.0358  0.0308  0.0306  0.0306  0.0305  0.0301  0.0296
  0.0501  0.0497  0.0494  0.0535  0.0468  0.0400  0.0316  0.0311  0.0305  0.0316  0.0297  0.0305
  0.0511  0.0503  0.0498  0.0578  0.0515  0.0451  0.0327  0.0327  0.0308  0.0334  0.0296  0.0317
  0.0525  0.0513  0.0504  0.0624  0.0563  0.0505  0.0343  0.0353  0.0314  0.0362  0.0300  0.0332
niter,ni,del,rscale     7    3    5.0000    1.2000
parameter  4  0.933621 ->  0.500000 qaram    1.3225
parameter  5  1.135006 ->  0.500000 qaram    1.3225
parameters
   -1.6989   -3.4507    4.4245   -9.3494   -9.1031   -6.1152
    4.6689    7.4872   -4.6749    1.4183   -3.6066   -7.0441
eta,q 0.98007 10.86011
  0.0322  0.0321  0.0302  0.0248  0.0194  0.0237  0.0245  0.0249  0.0227  0.0264  0.0220  0.0222
  0.0304  0.0307  0.0292  0.0244  0.0197  0.0223  0.0224  0.0223  0.0213  0.0237  0.0208  0.0209
  0.0293  0.0296  0.0288  0.0257  0.0214  0.0208  0.0210  0.0207  0.0204  0.0215  0.0201  0.0201
  0.0289  0.0289  0.0288  0.0287  0.0245  0.0201  0.0203  0.0203  0.0203  0.0202  0.0199  0.0199
  0.0294  0.0288  0.0294  0.0330  0.0288  0.0216  0.0205  0.0211  0.0207  0.0200  0.0203  0.0203
  0.0307  0.0293  0.0304  0.0378  0.0333  0.0248  0.0215  0.0231  0.0218  0.0208  0.0212  0.0213
  0.0327  0.0304  0.0320  0.0428  0.0384  0.0300  0.0233  0.0261  0.0234  0.0226  0.0224  0.0227
niter,ni,del,rscale     7    3    5.0000    1.2000
parameters
   -1.7656   -3.1221    4.4038  -10.4914  -11.5042   -5.9264
    5.0662    7.3410   -4.7997    1.7894   -3.5586   -7.5050
eta,q 0.98051 10.76610
  0.0240  0.0242  0.0220  0.0252  0.0238  0.0244  0.0233  0.0241  0.0220  0.0240  0.0216  0.0217
  0.0217  0.0220  0.0208  0.0229  0.0212  0.0228  0.0214  0.0216  0.0207  0.0217  0.0204  0.0205
  0.0203  0.0206  0.0201  0.0208  0.0197  0.0212  0.0201  0.0200  0.0198  0.0201  0.0197  0.0197
  0.0199  0.0199  0.0199  0.0199  0.0200  0.0196  0.0195  0.0195  0.0195  0.0195  0.0195  0.0195
  0.0205  0.0200  0.0201  0.0211  0.0222  0.0194  0.0198  0.0201  0.0199  0.0199  0.0198  0.0199
  0.0221  0.0209  0.0209  0.0245  0.0264  0.0215  0.0208  0.0218  0.0208  0.0212  0.0204  0.0209
  0.0244  0.0223  0.0221  0.0295  0.0312  0.0252  0.0226  0.0245  0.0222  0.0231  0.0215  0.0222
niter,ni,del,rscale     6    3    5.0000    1.2000
parameters
   -1.7099   -3.0302    4.5333  -10.1018  -11.9708   -5.8185
    5.1125    7.3704   -4.8450    1.9608   -3.5275   -7.5605
eta,q 0.98064 10.76549
  0.0236  0.0229  0.0218  0.0260  0.0256  0.0244  0.0229  0.0243  0.0219  0.0236  0.0215  0.0218
  0.0214  0.0210  0.0206  0.0235  0.0228  0.0227  0.0210  0.0217  0.0205  0.0214  0.0203  0.0205
  0.0200  0.0199  0.0198  0.0212  0.0204  0.0210  0.0198  0.0200  0.0197  0.0199  0.0196  0.0196
  0.0195  0.0195  0.0195  0.0195  0.0194  0.0194  0.0194  0.0194  0.0194  0.0194  0.0194  0.0194
  0.0199  0.0198  0.0197  0.0195  0.0203  0.0193  0.0198  0.0199  0.0197  0.0199  0.0196  0.0197
  0.0211  0.0208  0.0203  0.0218  0.0232  0.0215  0.0209  0.0216  0.0206  0.0212  0.0203  0.0206
  0.0233  0.0224  0.0213  0.0260  0.0276  0.0254  0.0228  0.0243  0.0220  0.0232  0.0214  0.0218
niter,ni,del,rscale     5    3    5.0000    1.2000
parameters
   -1.7152   -3.0161    4.5209   -9.9757  -12.0724   -5.8321
    5.1406    7.3665   -4.8696    2.0062   -3.4828   -7.5805
eta,q 0.98066 10.76499
  0.0233  0.0226  0.0214  0.0258  0.0259  0.0243  0.0229  0.0243  0.0219  0.0234  0.0215  0.0218
  0.0212  0.0208  0.0203  0.0233  0.0231  0.0227  0.0210  0.0217  0.0205  0.0213  0.0203  0.0205
  0.0198  0.0197  0.0196  0.0210  0.0206  0.0210  0.0198  0.0200  0.0197  0.0198  0.0196  0.0196
  0.0194  0.0194  0.0194  0.0194  0.0193  0.0193  0.0193  0.0193  0.0193  0.0193  0.0193  0.0193
  0.0198  0.0197  0.0196  0.0196  0.0200  0.0194  0.0197  0.0199  0.0197  0.0199  0.0196  0.0197
  0.0212  0.0208  0.0203  0.0221  0.0226  0.0217  0.0209  0.0216  0.0206  0.0212  0.0203  0.0205
  0.0234  0.0224  0.0214  0.0265  0.0270  0.0256  0.0228  0.0244  0.0219  0.0233  0.0214  0.0218
niter,ni,del,rscale     4    3    5.0000    1.2000
parameters
   -1.7230   -3.0104    4.5031   -9.9310  -12.0905   -5.8519
    5.1515    7.3572   -4.8859    2.0293   -3.4514   -7.5949
eta,q 0.98066 10.76488
  0.0233  0.0225  0.0214  0.0257  0.0260  0.0243  0.0229  0.0243  0.0219  0.0234  0.0215  0.0218
  0.0212  0.0207  0.0202  0.0232  0.0232  0.0227  0.0210  0.0217  0.0205  0.0213  0.0203  0.0205
  0.0198  0.0197  0.0196  0.0210  0.0207  0.0209  0.0198  0.0200  0.0197  0.0198  0.0196  0.0196
  0.0193  0.0193  0.0193  0.0193  0.0193  0.0193  0.0193  0.0193  0.0193  0.0193  0.0193  0.0193
  0.0198  0.0197  0.0196  0.0197  0.0199  0.0194  0.0198  0.0199  0.0197  0.0199  0.0196  0.0197
  0.0212  0.0208  0.0203  0.0222  0.0225  0.0217  0.0209  0.0216  0.0205  0.0213  0.0203  0.0205
  0.0234  0.0224  0.0214  0.0266  0.0268  0.0256  0.0229  0.0244  0.0219  0.0233  0.0214  0.0218
registration optimization eta report
parameter search radius
    2.4000    2.4000    2.4000    9.5220    9.5220    8.2800
    7.2000    7.2000    7.2000    7.2000    8.2800    8.2800
100000*second partial in parameter space
       70.       54.       36.        7.        8.        8.
        7.       10.        5.        8.        3.        4.
  0.0233  0.0225  0.0214  0.0257  0.0260  0.0243  0.0229  0.0243  0.0219  0.0234  0.0215  0.0218
  0.0212  0.0207  0.0202  0.0232  0.0232  0.0227  0.0210  0.0217  0.0205  0.0213  0.0203  0.0205
  0.0198  0.0197  0.0196  0.0210  0.0207  0.0209  0.0198  0.0200  0.0197  0.0198  0.0196  0.0196
  0.0193  0.0193  0.0193  0.0193  0.0193  0.0193  0.0193  0.0193  0.0193  0.0193  0.0193  0.0193
  0.0198  0.0197  0.0196  0.0197  0.0199  0.0194  0.0198  0.0199  0.0197  0.0199  0.0196  0.0197
  0.0212  0.0208  0.0203  0.0222  0.0225  0.0217  0.0209  0.0216  0.0205  0.0213  0.0203  0.0205
  0.0234  0.0224  0.0214  0.0266  0.0268  0.0256  0.0229  0.0244  0.0219  0.0233  0.0214  0.0218
   -1.7230   -3.0104    4.5031   -9.9310  -12.0905   -5.8519
    5.1515    7.3572   -4.8859    2.0293   -3.4514   -7.5949
eta,q 0.98066 10.76488

---------------------------------------------------------------------
imgreg_4dfp /opt/freesurfer/average/711-2C_as_mni_average_305 /opt/freesurfer/average/711-2B_as_mni_average_305_mask talsrcimg_g11 none talsrcimg_to_711-2C_as_mni_average_305_t4 2311
---------------------------------------------------------------------

freesurfer imgreg_4dfp.c
/opt/freesurfer/average/711-2C_as_mni_average_305.4dfp.img
       256       256       256         1
  1.000000  1.000000  1.000000
orientation T byte_order littleendian
Reading image: /opt/freesurfer/average/711-2C_as_mni_average_305.4dfp.img
dimensions:      256       256       256
mmppix:       1.0000   -1.0000   -1.0000
center:     128.0000 -129.0000 -129.0000
/opt/freesurfer/average/711-2B_as_mni_average_305_mask.4dfp.img
       256       256       256         1
  1.000000  1.000000  1.000000
orientation T byte_order littleendian
Reading mask: /opt/freesurfer/average/711-2B_as_mni_average_305_mask.4dfp.img (2306576 pixels)
talsrcimg_g11.4dfp.img
       256       256       256         1
  1.000000  1.000000  1.000000
orientation T byte_order littleendian
Reading image: talsrcimg_g11.4dfp.img
dimensions:      256       256       256
mmppix:       1.0000   -1.0000   -1.0000
center:     128.0000 -129.0000 -129.0000
fimgreg.f
image alignment mode   2311 decimal      907 hex
parameters
   -1.7230   -3.0104    4.5031   -9.9310  -12.0905   -5.8519
    5.1515    7.3572   -4.8859    2.0293   -3.4514   -7.5949
eta,q 0.98066 10.76489
niter,ni,del,rscale     5    3    5.0000    0.8000
parameters
   -1.7206   -3.0329    4.4783   -9.0262  -11.7483   -5.1473
    5.0548    7.5045   -4.8072    1.9044   -3.4139   -7.7451
eta,q 0.98099 10.81200
  0.0212  0.0207  0.0203  0.0221  0.0216  0.0221  0.0207  0.0219  0.0203  0.0210  0.0199  0.0199
  0.0202  0.0199  0.0197  0.0210  0.0204  0.0210  0.0198  0.0204  0.0196  0.0199  0.0194  0.0194
  0.0196  0.0195  0.0194  0.0200  0.0196  0.0200  0.0192  0.0194  0.0192  0.0192  0.0191  0.0191
  0.0193  0.0193  0.0193  0.0193  0.0192  0.0192  0.0190  0.0190  0.0190  0.0190  0.0190  0.0190
  0.0195  0.0195  0.0195  0.0192  0.0194  0.0190  0.0192  0.0192  0.0191  0.0193  0.0191  0.0192
  0.0202  0.0200  0.0198  0.0197  0.0200  0.0197  0.0199  0.0201  0.0196  0.0200  0.0194  0.0195
  0.0212  0.0208  0.0203  0.0208  0.0211  0.0211  0.0208  0.0216  0.0203  0.0211  0.0199  0.0200
niter,ni,del,rscale     4    3    5.0000    0.7000
parameters
   -1.7662   -3.0984    4.5722   -9.2039  -11.8004   -4.8889
    5.0497    7.5086   -4.7446    1.8060   -3.4371   -7.7356
eta,q 0.98104 10.81389
  0.0204  0.0200  0.0200  0.0207  0.0206  0.0213  0.0203  0.0211  0.0200  0.0205  0.0197  0.0197
  0.0196  0.0194  0.0194  0.0198  0.0198  0.0204  0.0196  0.0200  0.0194  0.0196  0.0193  0.0193
  0.0191  0.0191  0.0191  0.0192  0.0192  0.0195  0.0191  0.0192  0.0191  0.0191  0.0190  0.0190
  0.0190  0.0190  0.0190  0.0190  0.0190  0.0190  0.0190  0.0190  0.0190  0.0190  0.0190  0.0190
  0.0192  0.0192  0.0191  0.0192  0.0192  0.0190  0.0191  0.0192  0.0191  0.0192  0.0190  0.0191
  0.0198  0.0196  0.0193  0.0200  0.0198  0.0198  0.0196  0.0199  0.0194  0.0198  0.0193  0.0193
  0.0206  0.0202  0.0197  0.0211  0.0207  0.0210  0.0203  0.0211  0.0199  0.0206  0.0197  0.0197
niter,ni,del,rscale     3    3    5.0000    0.6000
parameters
   -1.7560   -3.1220    4.6430   -9.2245  -11.8393   -4.7295
    5.0229    7.5422   -4.7002    1.7203   -3.4853   -7.7096
eta,q 0.98107 10.81617
  0.0201  0.0198  0.0197  0.0203  0.0202  0.0208  0.0199  0.0206  0.0197  0.0201  0.0195  0.0195
  0.0195  0.0193  0.0193  0.0196  0.0195  0.0200  0.0194  0.0197  0.0193  0.0194  0.0192  0.0192
  0.0191  0.0190  0.0190  0.0192  0.0191  0.0193  0.0190  0.0192  0.0190  0.0190  0.0190  0.0190
  0.0190  0.0190  0.0190  0.0190  0.0190  0.0190  0.0189  0.0189  0.0189  0.0189  0.0189  0.0189
  0.0191  0.0191  0.0190  0.0191  0.0191  0.0190  0.0191  0.0191  0.0190  0.0191  0.0190  0.0190
  0.0195  0.0194  0.0192  0.0196  0.0196  0.0196  0.0194  0.0196  0.0193  0.0195  0.0192  0.0192
  0.0201  0.0198  0.0195  0.0204  0.0202  0.0206  0.0199  0.0205  0.0197  0.0202  0.0195  0.0195
niter,ni,del,rscale     2    3    5.0000    0.5000
parameters
   -1.7512   -3.1451    4.6805   -9.2190  -11.8722   -4.6195
    5.0009    7.5783   -4.6571    1.6398   -3.5251   -7.6928
eta,q 0.98108 10.81747
  0.0197  0.0195  0.0194  0.0199  0.0198  0.0203  0.0196  0.0201  0.0195  0.0197  0.0193  0.0193
  0.0193  0.0192  0.0191  0.0194  0.0193  0.0196  0.0192  0.0195  0.0192  0.0193  0.0191  0.0191
  0.0190  0.0190  0.0190  0.0191  0.0190  0.0192  0.0190  0.0191  0.0190  0.0190  0.0190  0.0190
  0.0189  0.0189  0.0189  0.0189  0.0189  0.0189  0.0189  0.0189  0.0189  0.0189  0.0189  0.0189
  0.0190  0.0190  0.0190  0.0190  0.0190  0.0190  0.0190  0.0190  0.0190  0.0191  0.0190  0.0190
  0.0193  0.0192  0.0191  0.0194  0.0194  0.0194  0.0192  0.0194  0.0191  0.0194  0.0191  0.0191
  0.0197  0.0195  0.0193  0.0200  0.0198  0.0202  0.0196  0.0201  0.0194  0.0198  0.0193  0.0193
niter,ni,del,rscale     1    3    5.0000    0.4000
parameters
   -1.7478   -3.1650    4.7079   -9.2094  -11.9160   -4.5305
    4.9731    7.6117   -4.6268    1.5811   -3.5610   -7.7089
eta,q 0.98108 10.81808
  0.0194  0.0193  0.0192  0.0196  0.0195  0.0198  0.0194  0.0197  0.0193  0.0195  0.0192  0.0192
  0.0192  0.0191  0.0191  0.0192  0.0192  0.0194  0.0191  0.0193  0.0191  0.0191  0.0190  0.0190
  0.0190  0.0190  0.0190  0.0190  0.0190  0.0191  0.0190  0.0190  0.0190  0.0190  0.0189  0.0189
  0.0189  0.0189  0.0189  0.0189  0.0189  0.0189  0.0189  0.0189  0.0189  0.0189  0.0189  0.0189
  0.0190  0.0190  0.0189  0.0190  0.0190  0.0190  0.0190  0.0190  0.0189  0.0190  0.0189  0.0189
  0.0191  0.0191  0.0190  0.0192  0.0192  0.0192  0.0191  0.0192  0.0191  0.0192  0.0190  0.0190
  0.0194  0.0193  0.0192  0.0196  0.0195  0.0198  0.0194  0.0196  0.0192  0.0195  0.0192  0.0192
registration optimization eta report
parameter search radius
    0.8000    0.8000    0.8000    2.4000    2.4000    2.4000
    2.4000    2.4000    2.4000    2.4000    2.4000    2.4000
100000*second partial in parameter space
       80.       60.       45.       12.       10.       15.
        8.       13.        6.       10.        4.        5.
  0.0194  0.0193  0.0192  0.0196  0.0195  0.0198  0.0194  0.0197  0.0193  0.0195  0.0192  0.0192
  0.0192  0.0191  0.0191  0.0192  0.0192  0.0194  0.0191  0.0193  0.0191  0.0191  0.0190  0.0190
  0.0190  0.0190  0.0190  0.0190  0.0190  0.0191  0.0190  0.0190  0.0190  0.0190  0.0189  0.0189
  0.0189  0.0189  0.0189  0.0189  0.0189  0.0189  0.0189  0.0189  0.0189  0.0189  0.0189  0.0189
  0.0190  0.0190  0.0189  0.0190  0.0190  0.0190  0.0190  0.0190  0.0189  0.0190  0.0189  0.0189
  0.0191  0.0191  0.0190  0.0192  0.0192  0.0192  0.0191  0.0192  0.0191  0.0192  0.0190  0.0190
  0.0194  0.0193  0.0192  0.0196  0.0195  0.0198  0.0194  0.0196  0.0192  0.0195  0.0192  0.0192
   -1.7478   -3.1650    4.7079   -9.2094  -11.9160   -4.5305
    4.9731    7.6117   -4.6268    1.5811   -3.5610   -7.7089
eta,q 0.98108 10.81808

---------------------------------------------------------------------
imgreg_4dfp /opt/freesurfer/average/711-2C_as_mni_average_305 /opt/freesurfer/average/711-2B_as_mni_average_305_mask talsrcimg_g11 none talsrcimg_to_711-2C_as_mni_average_305_t4 2311
---------------------------------------------------------------------

freesurfer imgreg_4dfp.c
/opt/freesurfer/average/711-2C_as_mni_average_305.4dfp.img
       256       256       256         1
  1.000000  1.000000  1.000000
orientation T byte_order littleendian
Reading image: /opt/freesurfer/average/711-2C_as_mni_average_305.4dfp.img
dimensions:      256       256       256
mmppix:       1.0000   -1.0000   -1.0000
center:     128.0000 -129.0000 -129.0000
/opt/freesurfer/average/711-2B_as_mni_average_305_mask.4dfp.img
       256       256       256         1
  1.000000  1.000000  1.000000
orientation T byte_order littleendian
Reading mask: /opt/freesurfer/average/711-2B_as_mni_average_305_mask.4dfp.img (2306576 pixels)
talsrcimg_g11.4dfp.img
       256       256       256         1
  1.000000  1.000000  1.000000
orientation T byte_order littleendian
Reading image: talsrcimg_g11.4dfp.img
dimensions:      256       256       256
mmppix:       1.0000   -1.0000   -1.0000
center:     128.0000 -129.0000 -129.0000
fimgreg.f
image alignment mode   2311 decimal      907 hex
parameters
   -1.7478   -3.1650    4.7079   -9.2094  -11.9160   -4.5305
    4.9731    7.6117   -4.6268    1.5811   -3.5610   -7.7089
eta,q 0.98108 10.81808
niter,ni,del,rscale     5    3    5.0000    0.8000
parameters
   -1.7395   -3.1623    4.7536   -9.4190  -11.8985   -4.7313
    5.0160    7.5378   -4.6611    1.6871   -3.5557   -7.6214
eta,q 0.98105 10.81150
  0.0210  0.0204  0.0201  0.0210  0.0211  0.0215  0.0207  0.0215  0.0202  0.0212  0.0199  0.0200
  0.0198  0.0196  0.0195  0.0200  0.0200  0.0203  0.0197  0.0202  0.0195  0.0200  0.0194  0.0194
  0.0191  0.0191  0.0191  0.0192  0.0192  0.0194  0.0191  0.0193  0.0191  0.0192  0.0190  0.0191
  0.0189  0.0189  0.0189  0.0189  0.0189  0.0189  0.0189  0.0189  0.0189  0.0189  0.0189  0.0189
  0.0191  0.0191  0.0190  0.0192  0.0192  0.0193  0.0191  0.0193  0.0191  0.0192  0.0191  0.0191
  0.0198  0.0196  0.0194  0.0201  0.0199  0.0204  0.0197  0.0202  0.0195  0.0199  0.0194  0.0194
  0.0209  0.0204  0.0200  0.0216  0.0211  0.0222  0.0206  0.0218  0.0203  0.0209  0.0198  0.0199
niter,ni,del,rscale     4    3    5.0000    0.7000
parameters
   -1.7336   -3.1446    4.7135   -9.3166  -11.8598   -4.7325
    5.0120    7.5570   -4.6678    1.6689   -3.5505   -7.6337
eta,q 0.98107 10.81404
  0.0205  0.0201  0.0198  0.0208  0.0207  0.0211  0.0203  0.0211  0.0199  0.0206  0.0196  0.0197
  0.0196  0.0195  0.0193  0.0199  0.0197  0.0202  0.0195  0.0200  0.0194  0.0197  0.0193  0.0193
  0.0191  0.0191  0.0190  0.0193  0.0191  0.0193  0.0191  0.0192  0.0191  0.0191  0.0190  0.0190
  0.0189  0.0189  0.0189  0.0189  0.0189  0.0189  0.0189  0.0189  0.0189  0.0189  0.0189  0.0189
  0.0191  0.0191  0.0191  0.0191  0.0191  0.0191  0.0191  0.0192  0.0191  0.0192  0.0190  0.0190
  0.0196  0.0194  0.0194  0.0197  0.0197  0.0200  0.0195  0.0199  0.0194  0.0197  0.0193  0.0193
  0.0205  0.0201  0.0198  0.0208  0.0206  0.0213  0.0203  0.0211  0.0199  0.0206  0.0196  0.0197
niter,ni,del,rscale     3    3    5.0000    0.6000
parameters
   -1.7399   -3.1516    4.7029   -9.2643  -11.8589   -4.6707
    5.0046    7.5789   -4.6522    1.6427   -3.5544   -7.6567
eta,q 0.98107 10.81618
  0.0201  0.0198  0.0196  0.0204  0.0202  0.0207  0.0199  0.0205  0.0197  0.0201  0.0195  0.0195
  0.0194  0.0193  0.0192  0.0197  0.0195  0.0199  0.0194  0.0197  0.0193  0.0195  0.0192  0.0192
  0.0191  0.0190  0.0190  0.0192  0.0191  0.0193  0.0190  0.0191  0.0190  0.0190  0.0190  0.0190
  0.0189  0.0189  0.0189  0.0189  0.0189  0.0189  0.0189  0.0189  0.0189  0.0189  0.0189  0.0189
  0.0191  0.0190  0.0190  0.0191  0.0191  0.0191  0.0191  0.0191  0.0190  0.0191  0.0190  0.0190
  0.0195  0.0193  0.0192  0.0195  0.0195  0.0197  0.0194  0.0196  0.0193  0.0195  0.0192  0.0192
  0.0201  0.0198  0.0196  0.0203  0.0202  0.0207  0.0199  0.0205  0.0197  0.0202  0.0195  0.0195
niter,ni,del,rscale     2    3    5.0000    0.5000
parameters
   -1.7433   -3.1595    4.7099   -9.2389  -11.8811   -4.5910
    4.9858    7.5980   -4.6249    1.6021   -3.5642   -7.6759
eta,q 0.98108 10.81745
  0.0197  0.0195  0.0194  0.0199  0.0198  0.0202  0.0196  0.0201  0.0195  0.0198  0.0193  0.0193
  0.0193  0.0192  0.0191  0.0194  0.0193  0.0196  0.0192  0.0195  0.0192  0.0193  0.0191  0.0191
  0.0190  0.0190  0.0190  0.0191  0.0190  0.0192  0.0190  0.0191  0.0190  0.0190  0.0190  0.0190
  0.0189  0.0189  0.0189  0.0189  0.0189  0.0189  0.0189  0.0189  0.0189  0.0189  0.0189  0.0189
  0.0190  0.0190  0.0190  0.0190  0.0190  0.0190  0.0190  0.0190  0.0190  0.0190  0.0190  0.0190
  0.0193  0.0192  0.0191  0.0194  0.0193  0.0194  0.0192  0.0194  0.0192  0.0193  0.0191  0.0191
  0.0197  0.0195  0.0194  0.0199  0.0198  0.0202  0.0196  0.0201  0.0194  0.0198  0.0193  0.0193
niter,ni,del,rscale     1    3    5.0000    0.4000
parameters
   -1.7440   -3.1741    4.7246   -9.2168  -11.9149   -4.5125
    4.9655    7.6230   -4.6026    1.5640   -3.5787   -7.6804
eta,q 0.98109 10.81847
  0.0194  0.0193  0.0192  0.0196  0.0195  0.0198  0.0194  0.0197  0.0193  0.0195  0.0192  0.0192
  0.0191  0.0191  0.0191  0.0192  0.0192  0.0194  0.0191  0.0193  0.0191  0.0192  0.0190  0.0190
  0.0190  0.0190  0.0190  0.0190  0.0190  0.0191  0.0190  0.0190  0.0190  0.0190  0.0189  0.0189
  0.0189  0.0189  0.0189  0.0189  0.0189  0.0189  0.0189  0.0189  0.0189  0.0189  0.0189  0.0189
  0.0190  0.0190  0.0189  0.0190  0.0190  0.0190  0.0190  0.0190  0.0189  0.0190  0.0189  0.0189
  0.0191  0.0191  0.0190  0.0192  0.0192  0.0193  0.0191  0.0192  0.0191  0.0192  0.0190  0.0190
  0.0194  0.0193  0.0192  0.0196  0.0195  0.0198  0.0194  0.0197  0.0192  0.0195  0.0192  0.0192
registration optimization eta report
parameter search radius
    0.8000    0.8000    0.8000    2.4000    2.4000    2.4000
    2.4000    2.4000    2.4000    2.4000    2.4000    2.4000
100000*second partial in parameter space
       80.       60.       45.       12.       10.       15.
        8.       13.        6.       10.        4.        5.
  0.0194  0.0193  0.0192  0.0196  0.0195  0.0198  0.0194  0.0197  0.0193  0.0195  0.0192  0.0192
  0.0191  0.0191  0.0191  0.0192  0.0192  0.0194  0.0191  0.0193  0.0191  0.0192  0.0190  0.0190
  0.0190  0.0190  0.0190  0.0190  0.0190  0.0191  0.0190  0.0190  0.0190  0.0190  0.0189  0.0189
  0.0189  0.0189  0.0189  0.0189  0.0189  0.0189  0.0189  0.0189  0.0189  0.0189  0.0189  0.0189
  0.0190  0.0190  0.0189  0.0190  0.0190  0.0190  0.0190  0.0190  0.0189  0.0190  0.0189  0.0189
  0.0191  0.0191  0.0190  0.0192  0.0192  0.0193  0.0191  0.0192  0.0191  0.0192  0.0190  0.0190
  0.0194  0.0193  0.0192  0.0196  0.0195  0.0198  0.0194  0.0197  0.0192  0.0195  0.0192  0.0192
   -1.7440   -3.1741    4.7246   -9.2168  -11.9149   -4.5125
    4.9655    7.6230   -4.6026    1.5640   -3.5787   -7.6804
eta,q 0.98109 10.81847

---------------------------------------------------------------------
compute_vox2vox talsrcimg talsrcimg_to_711-2C_as_mni_average_305_t4 /opt/freesurfer/average/711-2C_as_mni_average_305
---------------------------------------------------------------------

freesurfer compute_vox2vox.c
Reading: talsrcimg.4dfp.ifh
Reading: talsrcimg_to_711-2C_as_mni_average_305_t4
Reading: /opt/freesurfer/average/711-2C_as_mni_average_305.4dfp.ifh
Writing: talsrcimg_to_711-2C_as_mni_average_305_t4_vox2vox.txt

start time Mon Mar 9 09:54:04 CET 2026
end		time Mon Mar 9 09:55:29 CET 2026

mpr2mni305 success

avi2talxfm orig_nu.mgz /opt/freesurfer/average/mni305.cor.mgz talsrcimg_to_711-2C_as_mni_average_305_t4_vox2vox.txt transforms/talairach.auto.xfm
avi2talxfm done
mv -f /out/sourcedata/freesurfer/sub-v1s21x0050397_ses-1/mri/talsrcimg_to_711-2C_as_mni_average_305_t4_vox2vox.txt /out/sourcedata/freesurfer/sub-v1s21x0050397_ses-1/mri/transforms/talsrcimg_to_711-2C_as_mni_average_305_t4_vox2vox.txt
lta_convert --src orig_nu.mgz --trg /opt/freesurfer/average/mni305.cor.mgz --inxfm transforms/talairach.auto.xfm --outlta transforms/talairach.auto.xfm.lta --subject fsaverage
7.3.2

--src: orig_nu.mgz src image (geometry).
--trg: /opt/freesurfer/average/mni305.cor.mgz trg image (geometry).
--inmni: transforms/talairach.auto.xfm input MNI/XFM transform.
--outlta: transforms/talairach.auto.xfm.lta output LTA.
--s: fsaverage subject name
 LTA read, type : 1
 1.09461  -0.08625  -0.06923   1.54005;
 0.04556   1.04217   0.08830  -5.12728;
 0.05639  -0.02301   1.13008   3.07604;
 0.00000   0.00000   0.00000   1.00000;
setting subject to fsaverage
Writing  LTA to file transforms/talairach.auto.xfm.lta...
lta_convert successful.
 
 
Started at Mon Mar 9 09:54:03 CET 2026
Ended   at Mon Mar  9 09:55:30 CET 2026
talairach_avi done
