status file for recon-all
Mon Mar  9 13:53:01 CET 2026
#@# Tessellate rh Mon Mar  9 13:53:01 CET 2026
#@# Smooth1 rh Mon Mar  9 13:53:06 CET 2026
#@# Inflation1 rh Mon Mar  9 13:53:09 CET 2026
#@# QSphere rh Mon Mar  9 13:53:23 CET 2026
#@# Fix Topology rh Mon Mar  9 13:54:38 CET 2026
#@# Smooth2 rh Mon Mar  9 14:01:52 CET 2026
#@# Inflation2 rh Mon Mar  9 14:01:55 CET 2026
#@# Curv .H and .K rh Mon Mar  9 14:02:14 CET 2026
#@# Sphere rh Mon Mar  9 14:02:59 CET 2026
#@# Surf Reg rh Mon Mar  9 14:06:48 CET 2026
#@# Jacobian white rh Mon Mar  9 14:11:00 CET 2026
#@# AvgCurv rh Mon Mar  9 14:11:01 CET 2026
#@# Cortical Parc rh Mon Mar  9 14:11:02 CET 2026
#@# white curv rh Mon Mar  9 14:17:31 CET 2026
#@# white area rh Mon Mar  9 14:17:33 CET 2026
#@# pial curv rh Mon Mar  9 14:17:34 CET 2026
#@# pial area rh Mon Mar  9 14:17:35 CET 2026
#@# thickness rh Mon Mar  9 14:17:36 CET 2026
#@# area and vertex vol rh Mon Mar  9 14:18:04 CET 2026
#@# Curvature Stats rh Mon Mar  9 14:18:06 CET 2026
#@# Cortical Parc 2 rh Mon Mar  9 14:18:09 CET 2026
#@# Cortical Parc 3 rh Mon Mar  9 14:18:21 CET 2026
#@# WM/GM Contrast rh Mon Mar  9 14:18:31 CET 2026
recon-all -s sub-v1s21x0050426_ses-1 finished without error at Mon Mar  9 14:18:35 CET 2026



#New# invocation of recon-all 



status file for recon-all
Mon Mar  9 14:26:51 CET 2026
#@# white curv rh Mon Mar  9 14:26:51 CET 2026
#@# white area rh Mon Mar  9 14:26:51 CET 2026
#@# pial curv rh Mon Mar  9 14:26:51 CET 2026
#@# pial area rh Mon Mar  9 14:26:51 CET 2026
#@# thickness rh Mon Mar  9 14:26:51 CET 2026
#@# area and vertex vol rh Mon Mar  9 14:26:51 CET 2026
#@# Parcellation Stats rh Mon Mar  9 14:26:51 CET 2026
#@# Parcellation Stats 2 rh Mon Mar  9 14:27:08 CET 2026
#@# Parcellation Stats 3 rh Mon Mar  9 14:27:17 CET 2026
#@# BA_exvivo Labels rh Mon Mar  9 14:27:26 CET 2026
recon-all -s sub-v1s21x0050426_ses-1 finished without error at Mon Mar  9 14:29:59 CET 2026
