status file for recon-all
Mon Mar  9 13:27:51 CET 2026
#@# Tessellate lh Mon Mar  9 13:27:51 CET 2026
#@# Smooth1 lh Mon Mar  9 13:27:55 CET 2026
#@# Inflation1 lh Mon Mar  9 13:27:58 CET 2026
#@# QSphere lh Mon Mar  9 13:28:14 CET 2026
#@# Fix Topology lh Mon Mar  9 13:29:25 CET 2026
#@# Smooth2 lh Mon Mar  9 13:35:31 CET 2026
#@# Inflation2 lh Mon Mar  9 13:35:34 CET 2026
#@# Curv .H and .K lh Mon Mar  9 13:35:49 CET 2026
#@# Sphere lh Mon Mar  9 13:36:34 CET 2026
#@# Surf Reg lh Mon Mar  9 13:40:45 CET 2026
#@# Jacobian white lh Mon Mar  9 13:45:10 CET 2026
#@# AvgCurv lh Mon Mar  9 13:45:11 CET 2026
#@# Cortical Parc lh Mon Mar  9 13:45:11 CET 2026
#@# white curv lh Mon Mar  9 13:51:54 CET 2026
#@# white area lh Mon Mar  9 13:51:56 CET 2026
#@# pial curv lh Mon Mar  9 13:51:57 CET 2026
#@# pial area lh Mon Mar  9 13:51:59 CET 2026
#@# thickness lh Mon Mar  9 13:52:00 CET 2026
#@# area and vertex vol lh Mon Mar  9 13:52:29 CET 2026
#@# Curvature Stats lh Mon Mar  9 13:52:31 CET 2026
#@# Cortical Parc 2 lh Mon Mar  9 13:52:33 CET 2026
#@# Cortical Parc 3 lh Mon Mar  9 13:52:46 CET 2026
#@# WM/GM Contrast lh Mon Mar  9 13:52:56 CET 2026
recon-all -s sub-v1s21x0050426_ses-1 finished without error at Mon Mar  9 13:53:00 CET 2026



#New# invocation of recon-all 



status file for recon-all
Mon Mar  9 14:23:36 CET 2026
#@# white curv lh Mon Mar  9 14:23:36 CET 2026
#@# white area lh Mon Mar  9 14:23:36 CET 2026
#@# pial curv lh Mon Mar  9 14:23:36 CET 2026
#@# pial area lh Mon Mar  9 14:23:36 CET 2026
#@# thickness lh Mon Mar  9 14:23:36 CET 2026
#@# area and vertex vol lh Mon Mar  9 14:23:36 CET 2026
#@# Parcellation Stats lh Mon Mar  9 14:23:36 CET 2026
#@# Parcellation Stats 2 lh Mon Mar  9 14:23:54 CET 2026
#@# Parcellation Stats 3 lh Mon Mar  9 14:24:03 CET 2026
#@# BA_exvivo Labels lh Mon Mar  9 14:24:12 CET 2026
recon-all -s sub-v1s21x0050426_ses-1 finished without error at Mon Mar  9 14:26:48 CET 2026
