/out/sourcedata/freesurfer/sub-v1s21x0050383_ses-1/mri
/opt/freesurfer/bin/talairach_avi
--i orig_nu.mgz --xfm transforms/talairach.auto.xfm
talairach_avi 7.3.2
Linux dna020 5.14.0-427.37.1.el9_4.x86_64 #1 SMP PREEMPT_DYNAMIC Fri Sep 13 12:41:50 EDT 2024 x86_64 x86_64 x86_64 GNU/Linux
Mon Mar  9 08:58:01 CET 2026
mri_convert orig_nu.mgz talsrcimg.img 
reading from orig_nu.mgz...
TR=0.00, TE=0.00, TI=0.00, flip angle=0.00
i_ras = (-1, 0, 0)
j_ras = (0, 0, -1)
k_ras = (0, 1, 0)
writing to talsrcimg.img...
Analyze Output Matrix
-1.00000   0.00000   0.00000   129.50781;
 0.00000   0.00000   1.00000  -128.49219;
 0.00000  -1.00000   0.00000   129.60004;
 0.00000   0.00000   0.00000   1.00000;
--------------------
INFO: set hdr.hist.orient to -1
mpr2mni305 talsrcimg
Mon Mar  9 08:58:02 CET 2026
/opt/freesurfer/bin/mpr2mni305 talsrcimg
mpr2mni305 7.3.2
target=711-2C_as_mni_average_305

---------------------------------------------------------------------
analyzeto4dfp talsrcimg -O0 -y
---------------------------------------------------------------------

freesurfer ifh2hdr.c
Mon Mar  9 08:58:02 2026
Writing: talsrcimg.4dfp.hdr
freesurfer analyzeto4dfp.c
Reading: talsrcimg.hdr
header size 348 bytes
hdr.dime.datatype	offset=70	value=2
hdr.dime.bitpix		offset=72	value=8
hdr.hist.orient		offset=252	value=-1
dimensionality     4
dimensions       256       256       256         1
Reading: talsrcimg.img
Writing: talsrcimg.4dfp.img
Writing: talsrcimg.4dfp.ifh
ifh2hdr talsrcimg -r0to231
ori=2

---------------------------------------------------------------------
gauss_4dfp talsrcimg 1.1
---------------------------------------------------------------------

freesurfer gauss_4dfp.c
Reading: talsrcimg.4dfp.img
Writing: talsrcimg_g11.4dfp.img
image dimensions 256 256 256 padded to 288 288 288
processing volume 1freesurfer ifh2hdr.c
Mon Mar  9 08:58:04 2026
Writing: talsrcimg_g11.4dfp.hdr

Writing: talsrcimg_g11.4dfp.ifh
including: talsrcimg.4dfp.img.rec in talsrcimg_g11.4dfp.img.rec

---------------------------------------------------------------------
imgreg_4dfp /opt/freesurfer/average/711-2C_as_mni_average_305 none talsrcimg_g11 none talsrcimg_to_711-2C_as_mni_average_305_t4 4355
---------------------------------------------------------------------

freesurfer imgreg_4dfp.c
/opt/freesurfer/average/711-2C_as_mni_average_305.4dfp.img
       256       256       256         1
  1.000000  1.000000  1.000000
orientation T byte_order littleendian
Reading image: /opt/freesurfer/average/711-2C_as_mni_average_305.4dfp.img
dimensions:      256       256       256
mmppix:       1.0000   -1.0000   -1.0000
center:     128.0000 -129.0000 -129.0000
talsrcimg_g11.4dfp.img
       256       256       256         1
  1.000000  1.000000  1.000000
orientation T byte_order littleendian
Reading image: talsrcimg_g11.4dfp.img
dimensions:      256       256       256
mmppix:       1.0000   -1.0000   -1.0000
center:     128.0000 -129.0000 -129.0000
t4_read: open error in t4_sub.f l:  41 t4_file(1:l)talsrcimg_to_711-2C_as_mni_average_305_t4 
t4_read: transform initialized to I4
rotation matrix determinant  1.000000
image alignment mode   4355 decimal     1103 hex
   -7.5000  -45.0000  -45.0000 7959.1602   18.6175
    0.0000  -45.0000  -45.0000 8344.1729   18.5665
    7.5000  -45.0000  -45.0000 7983.7290   18.6072
   -7.5000  -37.5000  -45.0000 8361.9219   18.6553
    0.0000  -37.5000  -45.0000 8760.8389   18.6090
    7.5000  -37.5000  -45.0000 8387.2646   18.6462
   -7.5000  -30.0000  -45.0000 9014.2061   18.7004
    0.0000  -30.0000  -45.0000 9454.3115   18.6577
    7.5000  -30.0000  -45.0000 9045.5312   18.6874
   -7.5000  -22.5000  -45.0000 9625.0947   18.7068
    0.0000  -22.5000  -45.000010100.7939   18.6629
    7.5000  -22.5000  -45.0000 9664.0732   18.6885
   -7.5000  -15.0000  -45.000010151.1504   18.6710
    0.0000  -15.0000  -45.000010652.1064   18.6230
    7.5000  -15.0000  -45.000010169.5664   18.6518
   -7.5000   -7.5000  -45.000010637.3848   18.6269
    0.0000   -7.5000  -45.000011173.4590   18.5752
    7.5000   -7.5000  -45.000010653.8203   18.6118
   -7.5000    0.0000  -45.000011099.0674   18.6175
    0.0000    0.0000  -45.000011648.7500   18.5665
    7.5000    0.0000  -45.000011100.8828   18.6072
   -7.5000    7.5000  -45.000010757.4834   18.6553
    0.0000    7.5000  -45.000011295.1631   18.6090
    7.5000    7.5000  -45.000010724.9326   18.6462
   -7.5000   15.0000  -45.000010257.8252   18.7004
    0.0000   15.0000  -45.000010791.3984   18.6577
    7.5000   15.0000  -45.000010216.5615   18.6874
   -7.5000   22.5000  -45.0000 9562.8926   18.7042
    0.0000   22.5000  -45.000010048.9980   18.6603
    7.5000   22.5000  -45.0000 9518.4043   18.6859
   -7.5000   30.0000  -45.0000 8734.2471   18.4222
    0.0000   30.0000  -45.0000 9172.9346   18.3748
    7.5000   30.0000  -45.0000 8701.6455   18.4032
   -7.5000   37.5000  -45.0000 8188.2388   18.3786
    0.0000   37.5000  -45.0000 8581.3486   18.3277
    7.5000   37.5000  -45.0000 8119.6401   18.3637
   -7.5000   45.0000  -45.0000 7321.6719   17.9029
    0.0000   45.0000  -45.0000 7666.7710   17.8540
    7.5000   45.0000  -45.0000 7250.1191   17.8931
   -7.5000  -45.0000  -37.5000 8564.4385   18.4181
    0.0000  -45.0000  -37.5000 8964.3291   18.3774
    7.5000  -45.0000  -37.5000 8566.8066   18.4339
   -7.5000  -37.5000  -37.5000 8985.7588   18.4428
    0.0000  -37.5000  -37.5000 9409.8760   18.4047
    7.5000  -37.5000  -37.5000 8987.5918   18.4602
   -7.5000  -30.0000  -37.5000 9659.7695   18.4760
    0.0000  -30.0000  -37.500010140.6885   18.4384
    7.5000  -30.0000  -37.5000 9677.9736   18.4875
   -7.5000  -22.5000  -37.500010295.4971   18.4852
    0.0000  -22.5000  -37.500010789.8906   18.4452
    7.5000  -22.5000  -37.500010291.9629   18.4882
   -7.5000  -15.0000  -37.500010812.9541   18.4624
    0.0000  -15.0000  -37.500011339.1152   18.4200
    7.5000  -15.0000  -37.500010808.7412   18.4639
   -7.5000   -7.5000  -37.500011333.9902   18.4285
    0.0000   -7.5000  -37.500011873.3408   18.3858
    7.5000   -7.5000  -37.500011308.8818   18.4367
   -7.5000    0.0000  -37.500011805.1387   18.4181
    0.0000    0.0000  -37.500012383.7480   18.3774
    7.5000    0.0000  -37.500011778.9297   18.4339
   -7.5000    7.5000  -37.500011388.2217   18.4428
    0.0000    7.5000  -37.500011983.9609   18.4047
    7.5000    7.5000  -37.500011354.5576   18.4602
   -7.5000   15.0000  -37.500010821.0918   18.4760
    0.0000   15.0000  -37.500011395.2559   18.4384
    7.5000   15.0000  -37.500010787.7998   18.4875
   -7.5000   22.5000  -37.500010068.4756   18.4827
    0.0000   22.5000  -37.500010578.9639   18.4427
    7.5000   22.5000  -37.500010023.5664   18.4856
   -7.5000   30.0000  -37.5000 9172.1963   18.2164
    0.0000   30.0000  -37.5000 9636.7715   18.1745
    7.5000   30.0000  -37.5000 9131.2178   18.2178
   -7.5000   37.5000  -37.5000 8573.9902   18.1829
    0.0000   37.5000  -37.5000 8977.1240   18.1408
    7.5000   37.5000  -37.5000 8495.1689   18.1910
   -7.5000   45.0000  -37.5000 7646.9292   17.7112
    0.0000   45.0000  -37.5000 8018.7056   17.6721
    7.5000   45.0000  -37.5000 7584.8379   17.7264
   -7.5000  -45.0000  -30.0000 9355.6621   19.2002
    0.0000  -45.0000  -30.0000 9804.5957   19.1660
    7.5000  -45.0000  -30.0000 9357.8672   19.2264
   -7.5000  -37.5000  -30.0000 9804.9932   19.2324
    0.0000  -37.5000  -30.000010262.6270   19.1953
    7.5000  -37.5000  -30.0000 9793.8330   19.2559
   -7.5000  -30.0000  -30.000010541.2812   19.2602
    0.0000  -30.0000  -30.000011043.8682   19.2179
    7.5000  -30.0000  -30.000010534.2178   19.2733
   -7.5000  -22.5000  -30.000011198.7646   19.2570
    0.0000  -22.5000  -30.000011729.0244   19.2115
    7.5000  -22.5000  -30.000011179.9883   19.2600
   -7.5000  -15.0000  -30.000011727.2637   19.2267
    0.0000  -15.0000  -30.000012288.4531   19.1838
    7.5000  -15.0000  -30.000011714.1260   19.2321
   -7.5000   -7.5000  -30.000012270.6221   19.1978
    0.0000   -7.5000  -30.000012852.3350   19.1609
    7.5000   -7.5000  -30.000012245.3477   19.2158
   -7.5000    0.0000  -30.000012758.7793   19.2002
    0.0000    0.0000  -30.000013394.5977   19.1660
    7.5000    0.0000  -30.000012727.2793   19.2264
   -7.5000    7.5000  -30.000012274.7168   19.2324
    0.0000    7.5000  -30.000012891.3867   19.1953
    7.5000    7.5000  -30.000012239.4766   19.2559
   -7.5000   15.0000  -30.000011651.0615   19.2602
    0.0000   15.0000  -30.000012248.2568   19.2179
    7.5000   15.0000  -30.000011593.2988   19.2733
   -7.5000   22.5000  -30.000010806.6670   19.2524
    0.0000   22.5000  -30.000011358.0488   19.2069
    7.5000   22.5000  -30.000010746.7383   19.2553
   -7.5000   30.0000  -30.0000 9820.2432   18.9723
    0.0000   30.0000  -30.000010322.7256   18.9300
    7.5000   30.0000  -30.0000 9761.4814   18.9777
   -7.5000   37.5000  -30.0000 9145.3438   18.9437
    0.0000   37.5000  -30.0000 9594.8848   18.9073
    7.5000   37.5000  -30.0000 9061.1865   18.9615
   -7.5000   45.0000  -30.0000 8148.7397   18.4768
    0.0000   45.0000  -30.0000 8562.2920   18.4439
    7.5000   45.0000  -30.0000 8079.3506   18.5020
   -7.5000  -45.0000  -22.500010148.4287   19.8860
    0.0000  -45.0000  -22.500010644.0576   19.8452
    7.5000  -45.0000  -22.500010163.7471   19.8892
   -7.5000  -37.5000  -22.500010634.1768   19.9395
    0.0000  -37.5000  -22.500011144.4707   19.8932
    7.5000  -37.5000  -22.500010627.0977   19.9360
   -7.5000  -30.0000  -22.500011439.8682   19.9726
    0.0000  -30.0000  -22.500011979.5898   19.9183
    7.5000  -30.0000  -22.500011428.9873   19.9564
   -7.5000  -22.5000  -22.500012113.3721   19.9509
    0.0000  -22.5000  -22.500012699.4883   19.8937
    7.5000  -22.5000  -22.500012080.3389   19.9271
   -7.5000  -15.0000  -22.500012676.1650   19.8983
    0.0000  -15.0000  -22.500013291.4453   19.8468
    7.5000  -15.0000  -22.500012653.0957   19.8819
   -7.5000   -7.5000  -22.500013226.7217   19.8665
    0.0000   -7.5000  -22.500013874.4219   19.8233
    7.5000   -7.5000  -22.500013194.9561   19.8643
   -7.5000    0.0000  -22.500013710.5547   19.8860
    0.0000    0.0000  -22.500014404.5693   19.8452
    7.5000    0.0000  -22.500013674.2715   19.8892
   -7.5000    7.5000  -22.500013205.1846   19.9395
    0.0000    7.5000  -22.500013851.8076   19.8932
    7.5000    7.5000  -22.500013147.5547   19.9360
   -7.5000   15.0000  -22.500012504.5693   19.9726
    0.0000   15.0000  -22.500013121.6729   19.9183
    7.5000   15.0000  -22.500012432.2266   19.9564
   -7.5000   22.5000  -22.500011544.1289   19.9448
    0.0000   22.5000  -22.500012126.5664   19.8875
    7.5000   22.5000  -22.500011476.5723   19.9209
   -7.5000   30.0000  -22.500010446.2783   19.6381
    0.0000   30.0000  -22.500010987.9941   19.5872
    7.5000   30.0000  -22.500010375.4561   19.6218
   -7.5000   37.5000  -22.5000 9702.9697   19.6067
    0.0000   37.5000  -22.500010194.3838   19.5640
    7.5000   37.5000  -22.5000 9618.3291   19.6045
   -7.5000   45.0000  -22.5000 8649.3223   19.1512
    0.0000   45.0000  -22.5000 9108.7480   19.1119
    7.5000   45.0000  -22.5000 8580.2480   19.1543
   -7.5000  -45.0000  -15.000010981.3193   20.3651
    0.0000  -45.0000  -15.000011513.9912   20.3123
    7.5000  -45.0000  -15.000010996.5576   20.3381
   -7.5000  -37.5000  -15.000011475.1826   20.4330
    0.0000  -37.5000  -15.000012040.2705   20.3761
    7.5000  -37.5000  -15.000011473.1758   20.3976
   -7.5000  -30.0000  -15.000012311.0869   20.4772
    0.0000  -30.0000  -15.000012931.6104   20.4141
    7.5000  -30.0000  -15.000012291.8740   20.4297
   -7.5000  -22.5000  -15.000012998.5762   20.4495
    0.0000  -22.5000  -15.000013647.1406   20.3848
    7.5000  -22.5000  -15.000012965.5166   20.3982
   -7.5000  -15.0000  -15.000013615.9004   20.3818
    0.0000  -15.0000  -15.000014294.1465   20.3216
    7.5000  -15.0000  -15.000013585.5859   20.3400
   -7.5000   -7.5000  -15.000014192.0762   20.3414
    0.0000   -7.5000  -15.000014925.0361   20.2870
    7.5000   -7.5000  -15.000014150.5293   20.3120
   -7.5000    0.0000  -15.000014692.2637   20.3651
    0.0000    0.0000  -15.000015418.8672   20.3123
    7.5000    0.0000  -15.000014645.6299   20.3381
   -7.5000    7.5000  -15.000014105.1445   20.4330
    0.0000    7.5000  -15.000014806.1738   20.3761
    7.5000    7.5000  -15.000014050.9375   20.3976
   -7.5000   15.0000  -15.000013330.4014   20.4772
    0.0000   15.0000  -15.000013982.1914   20.4141
    7.5000   15.0000  -15.000013268.5352   20.4297
   -7.5000   22.5000  -15.000012291.9219   20.4422
    0.0000   22.5000  -15.000012895.2129   20.3776
    7.5000   22.5000  -15.000012216.9609   20.3910
   -7.5000   30.0000  -15.000011095.9238   20.1180
    0.0000   30.0000  -15.000011654.1719   20.0586
    7.5000   30.0000  -15.000011017.3408   20.0768
   -7.5000   37.5000  -15.000010271.5264   20.0781
    0.0000   37.5000  -15.000010791.1533   20.0244
    7.5000   37.5000  -15.000010191.8955   20.0491
   -7.5000   45.0000  -15.0000 9140.8428   19.6245
    0.0000   45.0000  -15.0000 9613.8535   19.5735
    7.5000   45.0000  -15.0000 9048.9785   19.5984
   -7.5000  -45.0000   -7.500011866.6787   20.5762
    0.0000  -45.0000   -7.500012469.0986   20.5173
    7.5000  -45.0000   -7.500011879.5742   20.5441
   -7.5000  -37.5000   -7.500012374.5488   20.6368
    0.0000  -37.5000   -7.500013027.2930   20.5787
    7.5000  -37.5000   -7.500012374.5586   20.5999
   -7.5000  -30.0000   -7.500013210.8926   20.6885
    0.0000  -30.0000   -7.500013942.0088   20.6301
    7.5000  -30.0000   -7.500013167.3770   20.6435
   -7.5000  -22.5000   -7.500013932.9531   20.6763
    0.0000  -22.5000   -7.500014627.5703   20.6173
    7.5000  -22.5000   -7.500013847.3135   20.6282
   -7.5000  -15.0000   -7.500014580.8965   20.6167
    0.0000  -15.0000   -7.500015306.3125   20.5575
    7.5000  -15.0000   -7.500014516.1709   20.5743
   -7.5000   -7.5000   -7.500015194.1562   20.5683
    0.0000   -7.5000   -7.500015924.3467   20.5090
    7.5000   -7.5000   -7.500015129.9277   20.5338
   -7.5000    0.0000   -7.500015697.6660   20.5762
    0.0000    0.0000   -7.500016458.6914   20.5173
    7.5000    0.0000   -7.500015634.7568   20.5441
   -7.5000    7.5000   -7.500015044.9258   20.6368
    0.0000    7.5000   -7.500015788.0342   20.5787
    7.5000    7.5000   -7.500014970.6602   20.5999
   -7.5000   15.0000   -7.500014237.5820   20.6885
    0.0000   15.0000   -7.500014934.0215   20.6301
    7.5000   15.0000   -7.500014146.8926   20.6435
   -7.5000   22.5000   -7.500013098.2930   20.6667
    0.0000   22.5000   -7.500013744.4180   20.6078
    7.5000   22.5000   -7.500013014.8457   20.6187
   -7.5000   30.0000   -7.500011778.0039   20.3494
    0.0000   30.0000   -7.500012360.5225   20.2909
    7.5000   30.0000   -7.500011695.1123   20.3075
   -7.5000   37.5000   -7.500010854.7266   20.3016
    0.0000   37.5000   -7.500011382.4609   20.2430
    7.5000   37.5000   -7.500010760.4131   20.2675
   -7.5000   45.0000   -7.5000 9663.2832   19.8316
    0.0000   45.0000   -7.500010143.8398   19.7748
    7.5000   45.0000   -7.5000 9562.9561   19.8006
   -7.5000  -45.0000    0.000012720.9785   20.5920
    0.0000  -45.0000    0.000013360.9053   20.5355
    7.5000  -45.0000    0.000012698.2080   20.5798
   -7.5000  -37.5000    0.000013289.3447   20.6322
    0.0000  -37.5000    0.000014027.6621   20.5806
    7.5000  -37.5000    0.000013263.7432   20.6211
   -7.5000  -30.0000    0.000014118.3789   20.6803
    0.0000  -30.0000    0.000014918.0439   20.6326
    7.5000  -30.0000    0.000014006.7559   20.6648
   -7.5000  -22.5000    0.000014839.0771   20.6872
    0.0000  -22.5000    0.000015551.6143   20.6384
    7.5000  -22.5000    0.000014671.6895   20.6662
   -7.5000  -15.0000    0.000015441.0166   20.6492
    0.0000  -15.0000    0.000016163.4541   20.5959
    7.5000  -15.0000    0.000015330.3213   20.6274
   -7.5000   -7.5000    0.000016071.4512   20.6021
    0.0000   -7.5000    0.000016801.9121   20.5449
    7.5000   -7.5000    0.000015982.7725   20.5848
   -7.5000    0.0000    0.000016640.9434   20.5920
    0.0000    0.0000    0.000017405.2051   20.5355
    7.5000    0.0000    0.000016549.1777   20.5798
   -7.5000    7.5000    0.000015932.1787   20.6322
    0.0000    7.5000    0.000016691.2715   20.5806
    7.5000    7.5000    0.000015830.0000   20.6211
   -7.5000   15.0000    0.000015068.7148   20.6803
    0.0000   15.0000    0.000015808.5381   20.6326
    7.5000   15.0000    0.000014951.4434   20.6648
   -7.5000   22.5000    0.000013887.0762   20.6776
    0.0000   22.5000    0.000014578.5928   20.6289
    7.5000   22.5000    0.000013791.6914   20.6566
   -7.5000   30.0000    0.000012452.0811   20.3820
    0.0000   30.0000    0.000013045.8477   20.3293
    7.5000   30.0000    0.000012357.1162   20.3604
   -7.5000   37.5000    0.000011381.4414   20.3355
    0.0000   37.5000    0.000011928.1182   20.2790
    7.5000   37.5000    0.000011290.2568   20.3184
   -7.5000   45.0000    0.000010088.9170   19.8483
    0.0000   45.0000    0.000010582.4668   19.7938
    7.5000   45.0000    0.000010008.7266   19.8366
   -7.5000  -45.0000    7.500012598.7969   20.5935
    0.0000  -45.0000    7.500013208.8271   20.5480
    7.5000  -45.0000    7.500012547.6787   20.6110
   -7.5000  -37.5000    7.500013314.5791   20.6207
    0.0000  -37.5000    7.500014159.7881   20.5780
    7.5000  -37.5000    7.500013203.6836   20.6399
   -7.5000  -30.0000    7.500014146.2969   20.6573
    0.0000  -30.0000    7.500014942.4033   20.6152
    7.5000  -30.0000    7.500013932.3350   20.6697
   -7.5000  -22.5000    7.500014715.1367   20.6676
    0.0000  -22.5000    7.500015394.7158   20.6228
    7.5000  -22.5000    7.500014485.5254   20.6706
   -7.5000  -15.0000    7.500015239.7637   20.6426
    0.0000  -15.0000    7.500015898.8809   20.5951
    7.5000  -15.0000    7.500015082.4922   20.6439
   -7.5000   -7.5000    7.500015836.7363   20.6051
    0.0000   -7.5000    7.500016530.4805   20.5574
    7.5000   -7.5000    7.500015707.0205   20.6141
   -7.5000    0.0000    7.500016386.9863   20.5935
    0.0000    0.0000    7.500017162.9355   20.5480
    7.5000    0.0000    7.500016264.4453   20.6110
   -7.5000    7.5000    7.500015692.7236   20.6207
    0.0000    7.5000    7.500016447.8574   20.5780
    7.5000    7.5000    7.500015568.4961   20.6399
   -7.5000   15.0000    7.500014808.5850   20.6573
    0.0000   15.0000    7.500015526.9766   20.6152
    7.5000   15.0000    7.500014680.2676   20.6697
   -7.5000   22.5000    7.500013630.4297   20.6581
    0.0000   22.5000    7.500014289.6816   20.6133
    7.5000   22.5000    7.500013495.3359   20.6610
   -7.5000   30.0000    7.500012191.2920   20.3755
    0.0000   30.0000    7.500012748.9111   20.3286
    7.5000   30.0000    7.500012080.2920   20.3767
   -7.5000   37.5000    7.500011122.4482   20.3385
    0.0000   37.5000    7.500011645.3281   20.2914
    7.5000   37.5000    7.500011018.0264   20.3473
   -7.5000   45.0000    7.5000 9828.2910   19.8498
    0.0000   45.0000    7.500010272.3848   19.8059
    7.5000   45.0000    7.5000 9742.0586   19.8666
   -7.5000  -45.0000   15.000012207.4277   20.6178
    0.0000  -45.0000   15.000012825.9570   20.5811
    7.5000  -45.0000   15.000012122.2168   20.6460
   -7.5000  -37.5000   15.000012867.6816   20.6524
    0.0000  -37.5000   15.000013760.3174   20.6126
    7.5000  -37.5000   15.000012748.8848   20.6777
   -7.5000  -30.0000   15.000013667.2656   20.6823
    0.0000  -30.0000   15.000014451.7676   20.6369
    7.5000  -30.0000   15.000013525.1328   20.6964
   -7.5000  -22.5000   15.000014283.6934   20.6789
    0.0000  -22.5000   15.000014948.6592   20.6300
    7.5000  -22.5000   15.000014121.5293   20.6820
   -7.5000  -15.0000   15.000014846.3594   20.6463
    0.0000  -15.0000   15.000015494.2949   20.6003
    7.5000  -15.0000   15.000014693.6211   20.6521
   -7.5000   -7.5000   15.000015412.2314   20.6152
    0.0000   -7.5000   15.000016144.3926   20.5756
    7.5000   -7.5000   15.000015283.7246   20.6346
   -7.5000    0.0000   15.000015916.9551   20.6178
    0.0000    0.0000   15.000016692.4062   20.5811
    7.5000    0.0000   15.000015784.9248   20.6460
   -7.5000    7.5000   15.000015246.7617   20.6524
    0.0000    7.5000   15.000016006.1709   20.6126
    7.5000    7.5000   15.000015092.6191   20.6777
   -7.5000   15.0000   15.000014333.7822   20.6823
    0.0000   15.0000   15.000015066.2598   20.6369
    7.5000   15.0000   15.000014178.2188   20.6964
   -7.5000   22.5000   15.000013179.0352   20.6693
    0.0000   22.5000   15.000013838.8857   20.6205
    7.5000   22.5000   15.000013015.6641   20.6725
   -7.5000   30.0000   15.000011779.6797   20.3791
    0.0000   30.0000   15.000012338.2178   20.3337
    7.5000   30.0000   15.000011639.1035   20.3849
   -7.5000   37.5000   15.000010721.3428   20.3484
    0.0000   37.5000   15.000011229.2002   20.3093
    7.5000   37.5000   15.000010595.2119   20.3676
   -7.5000   45.0000   15.0000 9433.0615   19.8732
    0.0000   45.0000   15.0000 9862.0576   19.8378
    7.5000   45.0000   15.0000 9331.9795   19.9003
   -7.5000  -45.0000   22.500011650.3174   20.6433
    0.0000  -45.0000   22.500012275.6475   20.6010
    7.5000  -45.0000   22.500011610.6709   20.6466
   -7.5000  -37.5000   22.500012152.3857   20.6988
    0.0000  -37.5000   22.500012926.0625   20.6508
    7.5000  -37.5000   22.500012131.2520   20.6952
   -7.5000  -30.0000   22.500012912.2910   20.7332
    0.0000  -30.0000   22.500013671.3955   20.6768
    7.5000  -30.0000   22.500012912.6904   20.7164
   -7.5000  -22.5000   22.500013635.9727   20.7107
    0.0000  -22.5000   22.500014397.9912   20.6513
    7.5000  -22.5000   22.500013589.9688   20.6859
   -7.5000  -15.0000   22.500014227.7900   20.6561
    0.0000  -15.0000   22.500014999.7119   20.6026
    7.5000  -15.0000   22.500014143.7783   20.6390
   -7.5000   -7.5000   22.500014782.4961   20.6231
    0.0000   -7.5000   22.500015559.7939   20.5782
    7.5000   -7.5000   22.500014675.0576   20.6208
   -7.5000    0.0000   22.500015268.2500   20.6433
    0.0000    0.0000   22.500016028.4854   20.6010
    7.5000    0.0000   22.500015156.9072   20.6466
   -7.5000    7.5000   22.500014603.8506   20.6988
    0.0000    7.5000   22.500015323.9307   20.6508
    7.5000    7.5000   22.500014490.9727   20.6952
   -7.5000   15.0000   22.500013719.7793   20.7332
    0.0000   15.0000   22.500014389.2832   20.6768
    7.5000   15.0000   22.500013594.2051   20.7164
   -7.5000   22.5000   22.500012593.7090   20.7012
    0.0000   22.5000   22.500013203.9912   20.6418
    7.5000   22.5000   22.500012462.8574   20.6764
   -7.5000   30.0000   22.500011245.0273   20.3888
    0.0000   30.0000   22.500011787.9131   20.3359
    7.5000   30.0000   22.500011121.2959   20.3719
   -7.5000   37.5000   22.500010262.5195   20.3562
    0.0000   37.5000   22.500010756.2949   20.3119
    7.5000   37.5000   22.500010130.3281   20.3539
   -7.5000   45.0000   22.5000 8980.5234   19.8977
    0.0000   45.0000   22.5000 9411.9189   19.8570
    7.5000   45.0000   22.5000 8893.5732   19.9009
   -7.5000  -45.0000   30.000010909.9863   20.6588
    0.0000  -45.0000   30.000011499.7295   20.6051
    7.5000  -45.0000   30.000010897.0791   20.6311
   -7.5000  -37.5000   30.000011352.2881   20.7274
    0.0000  -37.5000   30.000011951.7510   20.6697
    7.5000  -37.5000   30.000011351.4863   20.6914
   -7.5000  -30.0000   30.000012110.0352   20.7722
    0.0000  -30.0000   30.000012670.6289   20.7082
    7.5000  -30.0000   30.000012120.0820   20.7239
   -7.5000  -22.5000   30.000012813.9814   20.7442
    0.0000  -22.5000   30.000013411.0547   20.6786
    7.5000  -22.5000   30.000012782.3730   20.6920
   -7.5000  -15.0000   30.000013398.0264   20.6757
    0.0000  -15.0000   30.000014050.2666   20.6146
    7.5000  -15.0000   30.000013351.5791   20.6331
   -7.5000   -7.5000   30.000013918.4170   20.6348
    0.0000   -7.5000   30.000014598.3047   20.5796
    7.5000   -7.5000   30.000013846.5332   20.6047
   -7.5000    0.0000   30.000014392.4834   20.6588
    0.0000    0.0000   30.000015093.7031   20.6051
    7.5000    0.0000   30.000014306.5088   20.6311
   -7.5000    7.5000   30.000013762.9736   20.7274
    0.0000    7.5000   30.000014432.5205   20.6697
    7.5000    7.5000   30.000013658.9785   20.6914
   -7.5000   15.0000   30.000012897.9736   20.7722
    0.0000   15.0000   30.000013513.0400   20.7082
    7.5000   15.0000   30.000012793.8711   20.7239
   -7.5000   22.5000   30.000011808.3389   20.7347
    0.0000   22.5000   30.000012332.7617   20.6691
    7.5000   22.5000   30.000011707.8916   20.6825
   -7.5000   30.0000   30.000010577.0186   20.4081
    0.0000   30.0000   30.000011046.3145   20.3478
    7.5000   30.0000   30.000010462.0107   20.3661
   -7.5000   37.5000   30.0000 9671.0439   20.3678
    0.0000   37.5000   30.000010089.4912   20.3132
    7.5000   37.5000   30.0000 9564.8105   20.3380
   -7.5000   45.0000   30.0000 8453.9697   19.9127
    0.0000   45.0000   30.0000 8802.5479   19.8609
    7.5000   45.0000   30.0000 8375.3086   19.8860
   -7.5000  -45.0000   37.500010517.3467   20.7317
    0.0000  -45.0000   37.500011019.1602   20.6726
    7.5000  -45.0000   37.500010498.8867   20.6995
   -7.5000  -37.5000   37.500010926.9414   20.7930
    0.0000  -37.5000   37.500011413.2812   20.7346
    7.5000  -37.5000   37.500010918.8828   20.7558
   -7.5000  -30.0000   37.500011668.3672   20.8453
    0.0000  -30.0000   37.500012159.3896   20.7865
    7.5000  -30.0000   37.500011663.5566   20.7998
   -7.5000  -22.5000   37.500012380.0576   20.8330
    0.0000  -22.5000   37.500012919.5869   20.7735
    7.5000  -22.5000   37.500012353.2129   20.7843
   -7.5000  -15.0000   37.500012947.8428   20.7728
    0.0000  -15.0000   37.500013530.7539   20.7131
    7.5000  -15.0000   37.500012903.5557   20.7299
   -7.5000   -7.5000   37.500013481.2676   20.7238
    0.0000   -7.5000   37.500014074.3193   20.6641
    7.5000   -7.5000   37.500013416.7441   20.6891
   -7.5000    0.0000   37.500013976.4805   20.7317
    0.0000    0.0000   37.500014595.7148   20.6726
    7.5000    0.0000   37.500013896.6973   20.6995
   -7.5000    7.5000   37.500013372.7148   20.7930
    0.0000    7.5000   37.500013958.8262   20.7346
    7.5000    7.5000   37.500013262.6758   20.7558
   -7.5000   15.0000   37.500012507.3184   20.8453
    0.0000   15.0000   37.500013055.6104   20.7865
    7.5000   15.0000   37.500012402.1885   20.7998
   -7.5000   22.5000   37.500011411.3789   20.8234
    0.0000   22.5000   37.500011880.5488   20.7640
    7.5000   22.5000   37.500011317.2500   20.7747
   -7.5000   30.0000   37.500010208.3340   20.5040
    0.0000   30.0000   37.500010631.9951   20.4450
    7.5000   30.0000   37.500010121.8057   20.4616
   -7.5000   37.5000   37.5000 9335.8018   20.4556
    0.0000   37.5000   37.5000 9726.8389   20.3967
    7.5000   37.5000   37.5000 9276.5205   20.4213
   -7.5000   45.0000   37.5000 8150.9023   19.9830
    0.0000   45.0000   37.5000 8490.7959   19.9260
    7.5000   45.0000   37.5000 8093.9219   19.9519
   -7.5000  -45.0000   45.0000 9641.0176   20.8010
    0.0000  -45.0000   45.000010056.2979   20.7428
    7.5000  -45.0000   45.0000 9622.5361   20.7864
   -7.5000  -37.5000   45.0000 9999.4121   20.8406
    0.0000  -37.5000   45.000010419.7744   20.7875
    7.5000  -37.5000   45.0000 9996.4121   20.8269
   -7.5000  -30.0000   45.000010684.5469   20.8888
    0.0000  -30.0000   45.000011118.9541   20.8394
    7.5000  -30.0000   45.000010681.6855   20.8702
   -7.5000  -22.5000   45.000011353.8242   20.8963
    0.0000  -22.5000   45.000011824.3857   20.8455
    7.5000  -22.5000   45.000011335.7295   20.8720
   -7.5000  -15.0000   45.000011886.7041   20.8588
    0.0000  -15.0000   45.000012409.3037   20.8034
    7.5000  -15.0000   45.000011849.9785   20.8338
   -7.5000   -7.5000   45.000012373.9102   20.8116
    0.0000   -7.5000   45.000012879.5703   20.7524
    7.5000   -7.5000   45.000012331.6846   20.7915
   -7.5000    0.0000   45.000012823.9521   20.8010
    0.0000    0.0000   45.000013387.8408   20.7428
    7.5000    0.0000   45.000012784.2178   20.7864
   -7.5000    7.5000   45.000012289.2422   20.8406
    0.0000    7.5000   45.000012837.6738   20.7875
    7.5000    7.5000   45.000012234.5020   20.8269
   -7.5000   15.0000   45.000011490.4844   20.8888
    0.0000   15.0000   45.000012021.0303   20.8394
    7.5000   15.0000   45.000011440.4170   20.8702
   -7.5000   22.5000   45.000010471.7529   20.8866
    0.0000   22.5000   45.000010960.5918   20.8359
    7.5000   22.5000   45.000010413.3008   20.8623
   -7.5000   30.0000   45.0000 9369.6719   20.5871
    0.0000   30.0000   45.0000 9783.2910   20.5324
    7.5000   30.0000   45.0000 9308.8301   20.5624
   -7.5000   37.5000   45.0000 8579.4883   20.5405
    0.0000   37.5000   45.0000 8949.9795   20.4821
    7.5000   37.5000   45.0000 8529.6348   20.5207
   -7.5000   45.0000   45.0000 7481.0415   20.0589
    0.0000   45.0000   45.0000 7783.6440   20.0027
    7.5000   45.0000   45.0000 7447.1982   20.0447

---------------------------------------------------------------------
imgreg_4dfp /opt/freesurfer/average/711-2C_as_mni_average_305 /opt/freesurfer/average/711-2B_as_mni_average_305_mask talsrcimg_g11 none talsrcimg_to_711-2C_as_mni_average_305_t4 4355
---------------------------------------------------------------------

freesurfer imgreg_4dfp.c
/opt/freesurfer/average/711-2C_as_mni_average_305.4dfp.img
       256       256       256         1
  1.000000  1.000000  1.000000
orientation T byte_order littleendian
Reading image: /opt/freesurfer/average/711-2C_as_mni_average_305.4dfp.img
dimensions:      256       256       256
mmppix:       1.0000   -1.0000   -1.0000
center:     128.0000 -129.0000 -129.0000
/opt/freesurfer/average/711-2B_as_mni_average_305_mask.4dfp.img
       256       256       256         1
  1.000000  1.000000  1.000000
orientation T byte_order littleendian
Reading mask: /opt/freesurfer/average/711-2B_as_mni_average_305_mask.4dfp.img (2306576 pixels)
talsrcimg_g11.4dfp.img
       256       256       256         1
  1.000000  1.000000  1.000000
orientation T byte_order littleendian
Reading image: talsrcimg_g11.4dfp.img
dimensions:      256       256       256
mmppix:       1.0000   -1.0000   -1.0000
center:     128.0000 -129.0000 -129.0000
rotation matrix determinant  1.000000
image alignment mode   4355 decimal     1103 hex
   -7.5000  -45.0000  -45.0000 2105.9080   20.7592
    0.0000  -45.0000  -45.0000 2120.1079   20.6720
    7.5000  -45.0000  -45.0000 2104.4998   20.7129
   -7.5000  -37.5000  -45.0000 2164.5579   19.3484
    0.0000  -37.5000  -45.0000 2177.2231   19.2486
    7.5000  -37.5000  -45.0000 2165.0425   19.3251
   -7.5000  -30.0000  -45.0000 2203.7424   18.4223
    0.0000  -30.0000  -45.0000 2213.4219   18.2939
    7.5000  -30.0000  -45.0000 2208.1863   18.4031
   -7.5000  -22.5000  -45.0000 2219.5081   17.9236
    0.0000  -22.5000  -45.0000 2234.5249   17.7850
    7.5000  -22.5000  -45.0000 2224.5452   17.8746
   -7.5000  -15.0000  -45.0000 2224.4314   17.7616
    0.0000  -15.0000  -45.0000 2242.2739   17.6200
    7.5000  -15.0000  -45.0000 2226.0498   17.7226
   -7.5000   -7.5000  -45.0000 2201.8389   17.9937
    0.0000   -7.5000  -45.0000 2222.4761   17.8761
    7.5000   -7.5000  -45.0000 2204.1304   17.9373
   -7.5000    0.0000  -45.0000 2159.9370   18.6581
    0.0000    0.0000  -45.0000 2174.0649   18.4818
    7.5000    0.0000  -45.0000 2161.2356   18.6160
   -7.5000    7.5000  -45.0000 2100.4658   19.8143
    0.0000    7.5000  -45.0000 2111.9304   19.6473
    7.5000    7.5000  -45.0000 2099.1091   19.8021
   -7.5000   15.0000  -45.0000 2016.0975   21.4277
    0.0000   15.0000  -45.0000 2035.1123   21.2405
    7.5000   15.0000  -45.0000 2014.5394   21.4464
   -7.5000   22.5000  -45.0000 1918.4862   23.6371
    0.0000   22.5000  -45.0000 1932.0914   23.4204
    7.5000   22.5000  -45.0000 1917.0256   23.6129
   -7.5000   30.0000  -45.0000 1801.6189   26.6080
    0.0000   30.0000  -45.0000 1811.7731   26.3036
    7.5000   30.0000  -45.0000 1802.9800   26.5349
   -7.5000   37.5000  -45.0000 1677.5962   30.6674
    0.0000   37.5000  -45.0000 1685.2623   30.3378
    7.5000   37.5000  -45.0000 1671.3904   30.6852
   -7.5000   45.0000  -45.0000 1536.4309   36.3142
    0.0000   45.0000  -45.0000 1546.9943   35.7784
    7.5000   45.0000  -45.0000 1530.1705   36.3026
   -7.5000  -45.0000  -37.5000 2204.1199   18.9914
    0.0000  -45.0000  -37.5000 2217.9380   18.9213
    7.5000  -45.0000  -37.5000 2201.5625   19.0212
   -7.5000  -37.5000  -37.5000 2265.8921   17.6837
    0.0000  -37.5000  -37.5000 2283.1709   17.6214
    7.5000  -37.5000  -37.5000 2264.5659   17.7180
   -7.5000  -30.0000  -37.5000 2306.8347   16.8288
    0.0000  -30.0000  -37.5000 2319.4395   16.7448
    7.5000  -30.0000  -37.5000 2310.0825   16.8400
   -7.5000  -22.5000  -37.5000 2326.3369   16.3811
    0.0000  -22.5000  -37.5000 2342.7905   16.2673
    7.5000  -22.5000  -37.5000 2329.6340   16.3657
   -7.5000  -15.0000  -37.5000 2326.4365   16.1947
    0.0000  -15.0000  -37.5000 2347.2788   16.1076
    7.5000  -15.0000  -37.5000 2328.8521   16.1862
   -7.5000   -7.5000  -37.5000 2309.2634   16.4307
    0.0000   -7.5000  -37.5000 2327.1936   16.3389
    7.5000   -7.5000  -37.5000 2310.0818   16.4372
   -7.5000    0.0000  -37.5000 2267.0642   17.0675
    0.0000    0.0000  -37.5000 2281.5422   16.9696
    7.5000    0.0000  -37.5000 2267.1494   17.0703
   -7.5000    7.5000  -37.5000 2204.1335   18.1301
    0.0000    7.5000  -37.5000 2220.0874   18.0068
    7.5000    7.5000  -37.5000 2204.3728   18.1547
   -7.5000   15.0000  -37.5000 2112.9724   19.6268
    0.0000   15.0000  -37.5000 2128.2739   19.4936
    7.5000   15.0000  -37.5000 2113.2087   19.6485
   -7.5000   22.5000  -37.5000 2003.7820   21.6907
    0.0000   22.5000  -37.5000 2015.3837   21.5372
    7.5000   22.5000  -37.5000 2002.7502   21.6626
   -7.5000   30.0000  -37.5000 1881.6888   24.4160
    0.0000   30.0000  -37.5000 1894.5345   24.1805
    7.5000   30.0000  -37.5000 1885.2426   24.3985
   -7.5000   37.5000  -37.5000 1747.6886   28.0839
    0.0000   37.5000  -37.5000 1750.6669   27.8862
    7.5000   37.5000  -37.5000 1741.4095   28.1031
   -7.5000   45.0000  -37.5000 1596.8295   33.1060
    0.0000   45.0000  -37.5000 1606.5490   32.7300
    7.5000   45.0000  -37.5000 1596.0315   33.0619
   -7.5000  -45.0000  -30.0000 2336.5000   18.0238
    0.0000  -45.0000  -30.0000 2350.9512   17.9896
    7.5000  -45.0000  -30.0000 2337.7566   18.0908
   -7.5000  -37.5000  -30.0000 2407.1885   16.8184
    0.0000  -37.5000  -30.0000 2421.7925   16.7238
    7.5000  -37.5000  -30.0000 2406.2810   16.8529
   -7.5000  -30.0000  -30.0000 2452.5259   15.9298
    0.0000  -30.0000  -30.0000 2467.9543   15.8551
    7.5000  -30.0000  -30.0000 2454.1887   15.9778
   -7.5000  -22.5000  -30.0000 2484.9648   15.5042
    0.0000  -22.5000  -30.0000 2497.5671   15.3967
    7.5000  -22.5000  -30.0000 2483.2837   15.5141
   -7.5000  -15.0000  -30.0000 2482.2266   15.3472
    0.0000  -15.0000  -30.0000 2501.1794   15.2608
    7.5000  -15.0000  -30.0000 2482.5093   15.3650
   -7.5000   -7.5000  -30.0000 2464.2209   15.5979
    0.0000   -7.5000  -30.0000 2485.9827   15.5121
    7.5000   -7.5000  -30.0000 2466.4033   15.6353
   -7.5000    0.0000  -30.0000 2419.3521   16.2485
    0.0000    0.0000  -30.0000 2438.0254   16.1700
    7.5000    0.0000  -30.0000 2421.5857   16.2731
   -7.5000    7.5000  -30.0000 2347.6516   17.2748
    0.0000    7.5000  -30.0000 2364.7295   17.1916
    7.5000    7.5000  -30.0000 2347.7322   17.3391
   -7.5000   15.0000  -30.0000 2250.6272   18.6981
    0.0000   15.0000  -30.0000 2266.5728   18.6143
    7.5000   15.0000  -30.0000 2246.1035   18.7708
   -7.5000   22.5000  -30.0000 2126.7505   20.6550
    0.0000   22.5000  -30.0000 2142.3083   20.5116
    7.5000   22.5000  -30.0000 2124.7957   20.6474
   -7.5000   30.0000  -30.0000 1992.0262   23.2218
    0.0000   30.0000  -30.0000 2006.9252   23.0550
    7.5000   30.0000  -30.0000 1992.8878   23.2461
   -7.5000   37.5000  -30.0000 1844.5802   26.6847
    0.0000   37.5000  -30.0000 1852.8765   26.4932
    7.5000   37.5000  -30.0000 1841.3536   26.7487
   -7.5000   45.0000  -30.0000 1689.3489   31.2890
    0.0000   45.0000  -30.0000 1702.0210   31.0895
    7.5000   45.0000  -30.0000 1690.5784   31.3041
   -7.5000  -45.0000  -22.5000 2438.5908   17.0152
    0.0000  -45.0000  -22.5000 2450.6902   16.9258
    7.5000  -45.0000  -22.5000 2442.8816   17.0142
   -7.5000  -37.5000  -22.5000 2521.2180   15.8773
    0.0000  -37.5000  -22.5000 2537.1357   15.7754
    7.5000  -37.5000  -22.5000 2520.7808   15.8990
   -7.5000  -30.0000  -22.5000 2576.6255   15.0386
    0.0000  -30.0000  -22.5000 2589.2263   14.9202
    7.5000  -30.0000  -22.5000 2575.6838   15.0702
   -7.5000  -22.5000  -22.5000 2618.6858   14.5779
    0.0000  -22.5000  -22.5000 2630.4197   14.4346
    7.5000  -22.5000  -22.5000 2615.6985   14.5968
   -7.5000  -15.0000  -22.5000 2620.5679   14.4374
    0.0000  -15.0000  -22.5000 2641.6206   14.3108
    7.5000  -15.0000  -22.5000 2622.9634   14.4483
   -7.5000   -7.5000  -22.5000 2597.4065   14.7294
    0.0000   -7.5000  -22.5000 2622.5483   14.5987
    7.5000   -7.5000  -22.5000 2600.9919   14.7287
   -7.5000    0.0000  -22.5000 2543.9370   15.3685
    0.0000    0.0000  -22.5000 2567.7703   15.2505
    7.5000    0.0000  -22.5000 2546.3506   15.3652
   -7.5000    7.5000  -22.5000 2465.8604   16.3629
    0.0000    7.5000  -22.5000 2486.1873   16.2765
    7.5000    7.5000  -22.5000 2465.9441   16.3836
   -7.5000   15.0000  -22.5000 2358.6284   17.7508
    0.0000   15.0000  -22.5000 2381.2268   17.6300
    7.5000   15.0000  -22.5000 2357.4214   17.7613
   -7.5000   22.5000  -22.5000 2225.2559   19.5670
    0.0000   22.5000  -22.5000 2245.2114   19.4199
    7.5000   22.5000  -22.5000 2224.7117   19.5296
   -7.5000   30.0000  -22.5000 2079.4021   21.9090
    0.0000   30.0000  -22.5000 2095.5181   21.8049
    7.5000   30.0000  -22.5000 2075.4414   21.9048
   -7.5000   37.5000  -22.5000 1919.1420   25.1160
    0.0000   37.5000  -22.5000 1927.2913   24.9549
    7.5000   37.5000  -22.5000 1917.9188   25.1567
   -7.5000   45.0000  -22.5000 1763.8307   29.4579
    0.0000   45.0000  -22.5000 1777.0604   29.2599
    7.5000   45.0000  -22.5000 1766.2732   29.5114
   -7.5000  -45.0000  -15.0000 2514.5034   16.0966
    0.0000  -45.0000  -15.0000 2529.3660   15.9477
    7.5000  -45.0000  -15.0000 2521.9546   16.0274
   -7.5000  -37.5000  -15.0000 2606.0090   14.9716
    0.0000  -37.5000  -15.0000 2620.7244   14.8286
    7.5000  -37.5000  -15.0000 2608.5425   14.9377
   -7.5000  -30.0000  -15.0000 2674.5457   14.1946
    0.0000  -30.0000  -15.0000 2688.6453   14.0356
    7.5000  -30.0000  -15.0000 2670.8025   14.1837
   -7.5000  -22.5000  -15.0000 2718.4631   13.7062
    0.0000  -22.5000  -15.0000 2733.3652   13.5733
    7.5000  -22.5000  -15.0000 2719.5051   13.7201
   -7.5000  -15.0000  -15.0000 2730.4114   13.5857
    0.0000  -15.0000  -15.0000 2752.5227   13.4454
    7.5000  -15.0000  -15.0000 2730.5393   13.5933
   -7.5000   -7.5000  -15.0000 2707.7673   13.8861
    0.0000   -7.5000  -15.0000 2734.5715   13.7473
    7.5000   -7.5000  -15.0000 2708.7554   13.8844
   -7.5000    0.0000  -15.0000 2645.1589   14.5175
    0.0000    0.0000  -15.0000 2666.9705   14.3673
    7.5000    0.0000  -15.0000 2645.4480   14.5149
   -7.5000    7.5000  -15.0000 2557.1938   15.4972
    0.0000    7.5000  -15.0000 2577.1331   15.3527
    7.5000    7.5000  -15.0000 2557.7212   15.4866
   -7.5000   15.0000  -15.0000 2441.4119   16.8665
    0.0000   15.0000  -15.0000 2461.5596   16.7103
    7.5000   15.0000  -15.0000 2442.9177   16.8267
   -7.5000   22.5000  -15.0000 2302.1204   18.5989
    0.0000   22.5000  -15.0000 2323.0066   18.4574
    7.5000   22.5000  -15.0000 2296.6409   18.5689
   -7.5000   30.0000  -15.0000 2139.4194   20.7947
    0.0000   30.0000  -15.0000 2157.9973   20.6782
    7.5000   30.0000  -15.0000 2133.8870   20.7464
   -7.5000   37.5000  -15.0000 1971.8030   23.7000
    0.0000   37.5000  -15.0000 1981.2677   23.5938
    7.5000   37.5000  -15.0000 1971.2059   23.6555
   -7.5000   45.0000  -15.0000 1807.1418   27.7986
    0.0000   45.0000  -15.0000 1824.2225   27.6095
    7.5000   45.0000  -15.0000 1808.5015   27.7475
   -7.5000  -45.0000   -7.5000 2572.9517   15.2702
    0.0000  -45.0000   -7.5000 2594.0483   15.1021
    7.5000  -45.0000   -7.5000 2583.2375   15.2078
   -7.5000  -37.5000   -7.5000 2676.6765   14.1653
    0.0000  -37.5000   -7.5000 2696.4971   13.9991
    7.5000  -37.5000   -7.5000 2679.3599   14.1220
   -7.5000  -30.0000   -7.5000 2755.0139   13.3923
    0.0000  -30.0000   -7.5000 2780.3635   13.2239
    7.5000  -30.0000   -7.5000 2749.6313   13.3829
   -7.5000  -22.5000   -7.5000 2806.8191   12.9173
    0.0000  -22.5000   -7.5000 2823.3865   12.7634
    7.5000  -22.5000   -7.5000 2801.5618   12.9307
   -7.5000  -15.0000   -7.5000 2820.8298   12.8403
    0.0000  -15.0000   -7.5000 2840.8411   12.6727
    7.5000  -15.0000   -7.5000 2819.0188   12.8220
   -7.5000   -7.5000   -7.5000 2798.9365   13.1156
    0.0000   -7.5000   -7.5000 2821.0811   12.9542
    7.5000   -7.5000   -7.5000 2795.9534   13.1203
   -7.5000    0.0000   -7.5000 2728.8037   13.7145
    0.0000    0.0000   -7.5000 2748.4050   13.5486
    7.5000    0.0000   -7.5000 2728.3989   13.7277
   -7.5000    7.5000   -7.5000 2628.3027   14.7057
    0.0000    7.5000   -7.5000 2649.3025   14.5272
    7.5000    7.5000   -7.5000 2627.4075   14.6957
   -7.5000   15.0000   -7.5000 2507.4080   16.0812
    0.0000   15.0000   -7.5000 2525.1184   15.8802
    7.5000   15.0000   -7.5000 2503.0210   16.0575
   -7.5000   22.5000   -7.5000 2358.6221   17.7708
    0.0000   22.5000   -7.5000 2376.4180   17.5724
    7.5000   22.5000   -7.5000 2354.1848   17.7184
   -7.5000   30.0000   -7.5000 2183.3738   19.8282
    0.0000   30.0000   -7.5000 2198.3457   19.6696
    7.5000   30.0000   -7.5000 2180.2742   19.7920
   -7.5000   37.5000   -7.5000 2007.6285   22.5751
    0.0000   37.5000   -7.5000 2016.3912   22.4360
    7.5000   37.5000   -7.5000 2004.7167   22.5470
   -7.5000   45.0000   -7.5000 1846.2632   26.3527
    0.0000   45.0000   -7.5000 1861.3953   26.1525
    7.5000   45.0000   -7.5000 1845.0831   26.3495
   -7.5000  -45.0000    0.0000 2617.9607   14.7005
    0.0000  -45.0000    0.0000 2639.9194   14.5267
    7.5000  -45.0000    0.0000 2626.7385   14.6352
   -7.5000  -37.5000    0.0000 2735.7971   13.6387
    0.0000  -37.5000    0.0000 2760.1113   13.4554
    7.5000  -37.5000    0.0000 2739.9609   13.5863
   -7.5000  -30.0000    0.0000 2822.6077   12.8126
    0.0000  -30.0000    0.0000 2855.7236   12.6317
    7.5000  -30.0000    0.0000 2815.9995   12.7932
   -7.5000  -22.5000    0.0000 2884.4526   12.3402
    0.0000  -22.5000    0.0000 2904.8096   12.1231
    7.5000  -22.5000    0.0000 2868.2612   12.3333
   -7.5000  -15.0000    0.0000 2895.3020   12.2730
    0.0000  -15.0000    0.0000 2914.8821   12.0604
    7.5000  -15.0000    0.0000 2890.3394   12.2585
   -7.5000   -7.5000    0.0000 2863.2935   12.5273
    0.0000   -7.5000    0.0000 2886.2354   12.3279
    7.5000   -7.5000    0.0000 2864.7969   12.5316
   -7.5000    0.0000    0.0000 2786.2026   13.1712
    0.0000    0.0000    0.0000 2809.7656   12.9503
    7.5000    0.0000    0.0000 2786.1794   13.1721
   -7.5000    7.5000    0.0000 2677.2305   14.1711
    0.0000    7.5000    0.0000 2699.1667   13.9634
    7.5000    7.5000    0.0000 2674.4226   14.1967
   -7.5000   15.0000    0.0000 2549.8374   15.4851
    0.0000   15.0000    0.0000 2568.1187   15.2596
    7.5000   15.0000    0.0000 2541.8037   15.4907
   -7.5000   22.5000    0.0000 2396.1323   17.1101
    0.0000   22.5000    0.0000 2417.3699   16.9028
    7.5000   22.5000    0.0000 2393.2180   17.1107
   -7.5000   30.0000    0.0000 2217.4656   19.1507
    0.0000   30.0000    0.0000 2231.3652   18.9666
    7.5000   30.0000    0.0000 2216.4709   19.1425
   -7.5000   37.5000    0.0000 2033.6737   21.7638
    0.0000   37.5000    0.0000 2047.8263   21.5825
    7.5000   37.5000    0.0000 2032.2792   21.7734
   -7.5000   45.0000    0.0000 1869.9812   25.2837
    0.0000   45.0000    0.0000 1881.2139   25.0534
    7.5000   45.0000    0.0000 1872.0090   25.3340
   -7.5000  -45.0000    7.5000 2648.2346   14.3349
    0.0000  -45.0000    7.5000 2669.3853   14.1522
    7.5000  -45.0000    7.5000 2652.6362   14.2953
   -7.5000  -37.5000    7.5000 2778.9087   13.3903
    0.0000  -37.5000    7.5000 2803.9272   13.1975
    7.5000  -37.5000    7.5000 2778.6360   13.3269
   -7.5000  -30.0000    7.5000 2875.6135   12.5495
    0.0000  -30.0000    7.5000 2919.1409   12.3658
    7.5000  -30.0000    7.5000 2870.0515   12.5111
   -7.5000  -22.5000    7.5000 2934.8281   11.9975
    0.0000  -22.5000    7.5000 2969.0427   11.7361
    7.5000  -22.5000    7.5000 2919.4119   11.9782
   -7.5000  -15.0000    7.5000 2938.5718   11.9118
    0.0000  -15.0000    7.5000 2963.4709   11.6657
    7.5000  -15.0000    7.5000 2933.3672   11.9338
   -7.5000   -7.5000    7.5000 2901.3718   12.2179
    0.0000   -7.5000    7.5000 2924.2969   11.9789
    7.5000   -7.5000    7.5000 2900.0122   12.2405
   -7.5000    0.0000    7.5000 2816.8765   12.8797
    0.0000    0.0000    7.5000 2842.8115   12.6556
    7.5000    0.0000    7.5000 2817.3057   12.8864
   -7.5000    7.5000    7.5000 2702.8955   13.8417
    0.0000    7.5000    7.5000 2725.7646   13.6141
    7.5000    7.5000    7.5000 2702.3738   13.8610
   -7.5000   15.0000    7.5000 2570.2070   15.1067
    0.0000   15.0000    7.5000 2587.8699   14.8825
    7.5000   15.0000    7.5000 2565.5635   15.1189
   -7.5000   22.5000    7.5000 2416.6340   16.7095
    0.0000   22.5000    7.5000 2433.2351   16.4941
    7.5000   22.5000    7.5000 2410.0847   16.7331
   -7.5000   30.0000    7.5000 2236.4670   18.7412
    0.0000   30.0000    7.5000 2248.1045   18.5205
    7.5000   30.0000    7.5000 2232.7371   18.7409
   -7.5000   37.5000    7.5000 2047.7064   21.2736
    0.0000   37.5000    7.5000 2063.9429   21.1139
    7.5000   37.5000    7.5000 2048.1104   21.3193
   -7.5000   45.0000    7.5000 1882.0902   24.6293
    0.0000   45.0000    7.5000 1894.6699   24.4714
    7.5000   45.0000    7.5000 1883.0380   24.7038
   -7.5000  -45.0000   15.0000 2667.8030   14.1927
    0.0000  -45.0000   15.0000 2687.5349   14.0022
    7.5000  -45.0000   15.0000 2664.1672   14.1628
   -7.5000  -37.5000   15.0000 2800.5044   13.2484
    0.0000  -37.5000   15.0000 2825.5095   13.0964
    7.5000  -37.5000   15.0000 2794.5471   13.2081
   -7.5000  -30.0000   15.0000 2896.9587   12.4561
    0.0000  -30.0000   15.0000 2942.6506   12.3700
    7.5000  -30.0000   15.0000 2882.9109   12.4286
   -7.5000  -22.5000   15.0000 2942.7854   11.9006
    0.0000  -22.5000   15.0000 2980.5835   11.6651
    7.5000  -22.5000   15.0000 2927.4043   11.9553
   -7.5000  -15.0000   15.0000 2944.1934   11.8449
    0.0000  -15.0000   15.0000 2973.3699   11.6084
    7.5000  -15.0000   15.0000 2936.9460   11.8906
   -7.5000   -7.5000   15.0000 2904.8706   12.1460
    0.0000   -7.5000   15.0000 2932.4736   11.9514
    7.5000   -7.5000   15.0000 2904.2424   12.1804
   -7.5000    0.0000   15.0000 2820.8813   12.7796
    0.0000    0.0000   15.0000 2843.6558   12.5876
    7.5000    0.0000   15.0000 2820.5044   12.7765
   -7.5000    7.5000   15.0000 2706.5527   13.7215
    0.0000    7.5000   15.0000 2723.4778   13.5065
    7.5000    7.5000   15.0000 2703.6545   13.7055
   -7.5000   15.0000   15.0000 2567.2026   14.9584
    0.0000   15.0000   15.0000 2586.3118   14.7425
    7.5000   15.0000   15.0000 2562.6975   14.9630
   -7.5000   22.5000   15.0000 2414.9578   16.5443
    0.0000   22.5000   15.0000 2430.8516   16.3423
    7.5000   22.5000   15.0000 2407.3232   16.5351
   -7.5000   30.0000   15.0000 2234.5952   18.5237
    0.0000   30.0000   15.0000 2244.6587   18.3737
    7.5000   30.0000   15.0000 2232.1536   18.5272
   -7.5000   37.5000   15.0000 2046.8213   21.0169
    0.0000   37.5000   15.0000 2062.3687   20.9093
    7.5000   37.5000   15.0000 2044.1931   21.0797
   -7.5000   45.0000   15.0000 1880.9329   24.3475
    0.0000   45.0000   15.0000 1887.2942   24.2270
    7.5000   45.0000   15.0000 1879.5187   24.3922
   -7.5000  -45.0000   22.5000 2671.4673   14.3978
    0.0000  -45.0000   22.5000 2690.1106   14.1707
    7.5000  -45.0000   22.5000 2663.3689   14.4058
   -7.5000  -37.5000   22.5000 2793.1592   13.4336
    0.0000  -37.5000   22.5000 2819.0234   13.3019
    7.5000  -37.5000   22.5000 2782.2715   13.3976
   -7.5000  -30.0000   22.5000 2866.3108   12.5903
    0.0000  -30.0000   22.5000 2902.0151   12.4525
    7.5000  -30.0000   22.5000 2856.3987   12.6423
   -7.5000  -22.5000   22.5000 2921.1353   12.1880
    0.0000  -22.5000   22.5000 2950.3459   12.0041
    7.5000  -22.5000   22.5000 2903.6443   12.2242
   -7.5000  -15.0000   22.5000 2917.6812   12.1130
    0.0000  -15.0000   22.5000 2943.1233   11.9469
    7.5000  -15.0000   22.5000 2905.6809   12.1280
   -7.5000   -7.5000   22.5000 2876.4866   12.3323
    0.0000   -7.5000   22.5000 2900.0037   12.1903
    7.5000   -7.5000   22.5000 2870.5422   12.3588
   -7.5000    0.0000   22.5000 2792.1704   12.9436
    0.0000    0.0000   22.5000 2812.9717   12.7777
    7.5000    0.0000   22.5000 2787.9824   12.9348
   -7.5000    7.5000   22.5000 2680.2637   13.8505
    0.0000    7.5000   22.5000 2699.2305   13.6446
    7.5000    7.5000   22.5000 2678.7600   13.8220
   -7.5000   15.0000   22.5000 2550.7424   15.0290
    0.0000   15.0000   22.5000 2566.2822   14.8101
    7.5000   15.0000   22.5000 2542.7427   15.0064
   -7.5000   22.5000   22.5000 2396.5942   16.5502
    0.0000   22.5000   22.5000 2408.8743   16.3545
    7.5000   22.5000   22.5000 2389.6345   16.5356
   -7.5000   30.0000   22.5000 2213.3828   18.4958
    0.0000   30.0000   22.5000 2227.4316   18.3261
    7.5000   30.0000   22.5000 2212.2686   18.5116
   -7.5000   37.5000   22.5000 2036.9753   21.0321
    0.0000   37.5000   22.5000 2051.9951   20.9056
    7.5000   37.5000   22.5000 2035.5739   21.0553
   -7.5000   45.0000   22.5000 1867.2472   24.3696
    0.0000   45.0000   22.5000 1877.5035   24.3148
    7.5000   45.0000   22.5000 1866.5781   24.4179
   -7.5000  -45.0000   30.0000 2652.9106   14.8501
    0.0000  -45.0000   30.0000 2670.5920   14.6023
    7.5000  -45.0000   30.0000 2639.9573   14.8575
   -7.5000  -37.5000   30.0000 2759.9299   13.8279
    0.0000  -37.5000   30.0000 2782.4668   13.6313
    7.5000  -37.5000   30.0000 2744.5647   13.8225
   -7.5000  -30.0000   30.0000 2825.9639   13.0518
    0.0000  -30.0000   30.0000 2851.0925   12.7746
    7.5000  -30.0000   30.0000 2812.9070   13.0898
   -7.5000  -22.5000   30.0000 2873.1948   12.6640
    0.0000  -22.5000   30.0000 2892.4846   12.4467
    7.5000  -22.5000   30.0000 2855.9058   12.6700
   -7.5000  -15.0000   30.0000 2862.4216   12.5676
    0.0000  -15.0000   30.0000 2885.5876   12.3715
    7.5000  -15.0000   30.0000 2853.8320   12.5219
   -7.5000   -7.5000   30.0000 2817.3484   12.7533
    0.0000   -7.5000   30.0000 2836.6545   12.5698
    7.5000   -7.5000   30.0000 2811.1509   12.7350
   -7.5000    0.0000   30.0000 2733.9458   13.3093
    0.0000    0.0000   30.0000 2753.7810   13.1521
    7.5000    0.0000   30.0000 2731.6760   13.3105
   -7.5000    7.5000   30.0000 2631.1260   14.1694
    0.0000    7.5000   30.0000 2647.8306   13.9976
    7.5000    7.5000   30.0000 2625.8252   14.1554
   -7.5000   15.0000   30.0000 2506.2639   15.3225
    0.0000   15.0000   30.0000 2523.5151   15.1405
    7.5000   15.0000   30.0000 2499.5969   15.2910
   -7.5000   22.5000   30.0000 2350.6697   16.8096
    0.0000   22.5000   30.0000 2360.5222   16.6176
    7.5000   22.5000   30.0000 2347.4973   16.7700
   -7.5000   30.0000   30.0000 2177.3801   18.7528
    0.0000   30.0000   30.0000 2192.3765   18.5558
    7.5000   30.0000   30.0000 2176.2183   18.7138
   -7.5000   37.5000   30.0000 2017.1331   21.2584
    0.0000   37.5000   30.0000 2030.9935   21.0926
    7.5000   37.5000   30.0000 2014.1006   21.2727
   -7.5000   45.0000   30.0000 1847.1635   24.6858
    0.0000   45.0000   30.0000 1859.4895   24.4964
    7.5000   45.0000   30.0000 1844.2639   24.7467
   -7.5000  -45.0000   37.5000 2615.4719   15.4523
    0.0000  -45.0000   37.5000 2633.6555   15.1510
    7.5000  -45.0000   37.5000 2603.0986   15.4599
   -7.5000  -37.5000   37.5000 2715.6580   14.3932
    0.0000  -37.5000   37.5000 2731.0674   14.0593
    7.5000  -37.5000   37.5000 2700.6519   14.4257
   -7.5000  -30.0000   37.5000 2775.8582   13.6481
    0.0000  -30.0000   37.5000 2794.2029   13.3373
    7.5000  -30.0000   37.5000 2761.9968   13.6785
   -7.5000  -22.5000   37.5000 2811.8389   13.2866
    0.0000  -22.5000   37.5000 2830.2190   13.0416
    7.5000  -22.5000   37.5000 2795.4160   13.2897
   -7.5000  -15.0000   37.5000 2792.5215   13.1684
    0.0000  -15.0000   37.5000 2816.1941   12.9547
    7.5000  -15.0000   37.5000 2784.0815   13.1205
   -7.5000   -7.5000   37.5000 2745.4385   13.3560
    0.0000   -7.5000   37.5000 2761.8496   13.1469
    7.5000   -7.5000   37.5000 2742.0601   13.2950
   -7.5000    0.0000   37.5000 2667.3621   13.8777
    0.0000    0.0000   37.5000 2683.6965   13.6621
    7.5000    0.0000   37.5000 2666.8542   13.8283
   -7.5000    7.5000   37.5000 2568.6284   14.7310
    0.0000    7.5000   37.5000 2583.3799   14.5163
    7.5000    7.5000   37.5000 2563.4380   14.6797
   -7.5000   15.0000   37.5000 2441.6003   15.8602
    0.0000   15.0000   37.5000 2457.0139   15.6483
    7.5000   15.0000   37.5000 2440.3445   15.8044
   -7.5000   22.5000   37.5000 2293.9133   17.3198
    0.0000   22.5000   37.5000 2301.4788   17.1199
    7.5000   22.5000   37.5000 2289.3025   17.3038
   -7.5000   30.0000   37.5000 2135.0115   19.2447
    0.0000   30.0000   37.5000 2147.9832   19.0850
    7.5000   30.0000   37.5000 2127.1284   19.2539
   -7.5000   37.5000   37.5000 1981.2053   21.7997
    0.0000   37.5000   37.5000 1997.9298   21.6330
    7.5000   37.5000   37.5000 1983.2479   21.8091
   -7.5000   45.0000   37.5000 1810.6495   25.3162
    0.0000   45.0000   37.5000 1828.6246   25.0407
    7.5000   45.0000   37.5000 1814.0986   25.3130
   -7.5000  -45.0000   45.0000 2561.5330   16.1942
    0.0000  -45.0000   45.0000 2575.0198   15.8461
    7.5000  -45.0000   45.0000 2548.5098   16.2293
   -7.5000  -37.5000   45.0000 2648.3743   15.1438
    0.0000  -37.5000   45.0000 2662.5771   14.7728
    7.5000  -37.5000   45.0000 2633.5400   15.1888
   -7.5000  -30.0000   45.0000 2706.2039   14.3929
    0.0000  -30.0000   45.0000 2718.1958   14.1041
    7.5000  -30.0000   45.0000 2691.4421   14.4610
   -7.5000  -22.5000   45.0000 2736.1902   14.0505
    0.0000  -22.5000   45.0000 2748.3787   13.7683
    7.5000  -22.5000   45.0000 2720.1233   14.0685
   -7.5000  -15.0000   45.0000 2713.8899   13.9187
    0.0000  -15.0000   45.0000 2732.8960   13.6774
    7.5000  -15.0000   45.0000 2702.4651   13.9017
   -7.5000   -7.5000   45.0000 2663.0364   14.0763
    0.0000   -7.5000   45.0000 2674.0249   13.8803
    7.5000   -7.5000   45.0000 2656.7654   14.0519
   -7.5000    0.0000   45.0000 2588.0437   14.5754
    0.0000    0.0000   45.0000 2601.0237   14.3923
    7.5000    0.0000   45.0000 2584.7688   14.5510
   -7.5000    7.5000   45.0000 2491.4121   15.4179
    0.0000    7.5000   45.0000 2503.7512   15.2568
    7.5000    7.5000   45.0000 2487.9124   15.4091
   -7.5000   15.0000   45.0000 2365.8992   16.5599
    0.0000   15.0000   45.0000 2381.2637   16.3881
    7.5000   15.0000   45.0000 2361.9963   16.5690
   -7.5000   22.5000   45.0000 2222.4133   18.0598
    0.0000   22.5000   45.0000 2238.0288   17.8926
    7.5000   22.5000   45.0000 2219.9844   18.0690
   -7.5000   30.0000   45.0000 2074.9048   20.0487
    0.0000   30.0000   45.0000 2085.1274   19.9024
    7.5000   30.0000   45.0000 2073.0957   20.0728
   -7.5000   37.5000   45.0000 1929.6685   22.6933
    0.0000   37.5000   45.0000 1942.4513   22.5247
    7.5000   37.5000   45.0000 1933.4089   22.7126
   -7.5000   45.0000   45.0000 1766.8110   26.2381
    0.0000   45.0000   45.0000 1776.8337   25.9677
    7.5000   45.0000   45.0000 1769.8387   26.2542

---------------------------------------------------------------------
imgreg_4dfp /opt/freesurfer/average/711-2C_as_mni_average_305 /opt/freesurfer/average/711-2B_as_mni_average_305_mask talsrcimg_g11 none talsrcimg_to_711-2C_as_mni_average_305_t4 1283
---------------------------------------------------------------------

freesurfer imgreg_4dfp.c
/opt/freesurfer/average/711-2C_as_mni_average_305.4dfp.img
       256       256       256         1
  1.000000  1.000000  1.000000
orientation T byte_order littleendian
Reading image: /opt/freesurfer/average/711-2C_as_mni_average_305.4dfp.img
dimensions:      256       256       256
mmppix:       1.0000   -1.0000   -1.0000
center:     128.0000 -129.0000 -129.0000
/opt/freesurfer/average/711-2B_as_mni_average_305_mask.4dfp.img
       256       256       256         1
  1.000000  1.000000  1.000000
orientation T byte_order littleendian
Reading mask: /opt/freesurfer/average/711-2B_as_mni_average_305_mask.4dfp.img (2306576 pixels)
talsrcimg_g11.4dfp.img
       256       256       256         1
  1.000000  1.000000  1.000000
orientation T byte_order littleendian
Reading image: talsrcimg_g11.4dfp.img
dimensions:      256       256       256
mmppix:       1.0000   -1.0000   -1.0000
center:     128.0000 -129.0000 -129.0000
rotation matrix determinant  1.000000
fimgreg.f
image alignment mode   1283 decimal      503 hex
parameters
    0.0000  -22.5000   15.0000    0.0000    0.0000    0.0000
eta,q 0.93586 11.70281
niter,ni,del,rscale     5    3   12.0000    1.2000
parameter  3  0.641082 ->  0.500000 qaram    1.1500
parameter  4 -2.333558 -> -0.500000 qaram    1.1500
parameters
   -0.4061  -21.4078   11.5500    3.4500    2.5976   -0.0536
eta,q 0.93820 11.35565
  0.0739  0.0720  0.0650  0.0706  0.0695  0.0646
  0.0687  0.0656  0.0646  0.0685  0.0669  0.0630
  0.0653  0.0635  0.0650  0.0663  0.0646  0.0621
  0.0646  0.0642  0.0656  0.0644  0.0627  0.0618
  0.0669  0.0668  0.0670  0.0637  0.0619  0.0624
  0.0708  0.0673  0.0697  0.0622  0.0621  0.0633
  0.0763  0.0652  0.0718  0.0609  0.0635  0.0645
niter,ni,del,rscale     6    3   12.0000    1.2000
parameter  4 -0.676345 -> -0.500000 qaram    1.3225
parameters
   -1.0709  -19.8762   12.5838    7.4175    2.1252   -0.7882
eta,q 0.94026 11.24644
  0.0689  0.0640  0.0708  0.0672  0.0636  0.0619
  0.0638  0.0621  0.0654  0.0663  0.0615  0.0606
  0.0616  0.0608  0.0622  0.0647  0.0602  0.0598
  0.0618  0.0614  0.0617  0.0622  0.0600  0.0599
  0.0641  0.0617  0.0628  0.0602  0.0609  0.0607
  0.0670  0.0614  0.0640  0.0602  0.0626  0.0617
  0.0718  0.0616  0.0656  0.0622  0.0647  0.0627
niter,ni,del,rscale     6    3   12.0000    1.2000
parameters
   -0.9489  -20.6219   12.9175    6.9476    1.9862   -0.5615
eta,q 0.94047 11.21970
  0.0702  0.0641  0.0678  0.0651  0.0640  0.0633
  0.0642  0.0623  0.0642  0.0635  0.0617  0.0613
  0.0606  0.0599  0.0605  0.0609  0.0599  0.0599
  0.0597  0.0598  0.0593  0.0595  0.0595  0.0595
  0.0615  0.0615  0.0610  0.0612  0.0604  0.0601
  0.0644  0.0632  0.0638  0.0641  0.0621  0.0612
  0.0686  0.0674  0.0658  0.0668  0.0642  0.0625
niter,ni,del,rscale     5    3   12.0000    1.2000
parameters
   -1.0063  -20.7342   12.9795    6.7492    1.9851   -0.5863
eta,q 0.94044 11.21959
  0.0694  0.0646  0.0675  0.0653  0.0642  0.0631
  0.0631  0.0622  0.0635  0.0638  0.0618  0.0611
  0.0599  0.0606  0.0600  0.0613  0.0600  0.0598
  0.0595  0.0595  0.0595  0.0595  0.0596  0.0596
  0.0616  0.0607  0.0614  0.0607  0.0603  0.0603
  0.0642  0.0619  0.0644  0.0636  0.0619  0.0615
  0.0687  0.0653  0.0660  0.0665  0.0640  0.0628
niter,ni,del,rscale     4    3   12.0000    1.2000
parameters
   -1.0405  -20.7240   12.9999    6.6987    1.9910   -0.6283
eta,q 0.94043 11.22013
  0.0696  0.0646  0.0674  0.0654  0.0642  0.0631
  0.0631  0.0622  0.0633  0.0640  0.0618  0.0611
  0.0598  0.0606  0.0600  0.0615  0.0600  0.0598
  0.0596  0.0595  0.0595  0.0596  0.0596  0.0596
  0.0617  0.0606  0.0615  0.0605  0.0603  0.0603
  0.0642  0.0616  0.0644  0.0634  0.0619  0.0615
  0.0685  0.0649  0.0661  0.0663  0.0641  0.0628
registration optimization eta report
parameter search radius
    6.0000    6.0000    6.9000    7.9350    6.0000    6.0000
100000*second partial in parameter space
       26.       14.       15.        9.       13.        9.
  0.0696  0.0646  0.0674  0.0654  0.0642  0.0631
  0.0631  0.0622  0.0633  0.0640  0.0618  0.0611
  0.0598  0.0606  0.0600  0.0615  0.0600  0.0598
  0.0596  0.0595  0.0595  0.0596  0.0596  0.0596
  0.0617  0.0606  0.0615  0.0605  0.0603  0.0603
  0.0642  0.0616  0.0644  0.0634  0.0619  0.0615
  0.0685  0.0649  0.0661  0.0663  0.0641  0.0628
   -1.0405  -20.7240   12.9999    6.6987    1.9910   -0.6283
eta,q 0.94043 11.22013

---------------------------------------------------------------------
imgreg_4dfp /opt/freesurfer/average/711-2C_as_mni_average_305 /opt/freesurfer/average/711-2B_as_mni_average_305_mask talsrcimg_g11 none talsrcimg_to_711-2C_as_mni_average_305_t4 3335
---------------------------------------------------------------------

freesurfer imgreg_4dfp.c
/opt/freesurfer/average/711-2C_as_mni_average_305.4dfp.img
       256       256       256         1
  1.000000  1.000000  1.000000
orientation T byte_order littleendian
Reading image: /opt/freesurfer/average/711-2C_as_mni_average_305.4dfp.img
dimensions:      256       256       256
mmppix:       1.0000   -1.0000   -1.0000
center:     128.0000 -129.0000 -129.0000
/opt/freesurfer/average/711-2B_as_mni_average_305_mask.4dfp.img
       256       256       256         1
  1.000000  1.000000  1.000000
orientation T byte_order littleendian
Reading mask: /opt/freesurfer/average/711-2B_as_mni_average_305_mask.4dfp.img (2306576 pixels)
talsrcimg_g11.4dfp.img
       256       256       256         1
  1.000000  1.000000  1.000000
orientation T byte_order littleendian
Reading image: talsrcimg_g11.4dfp.img
dimensions:      256       256       256
mmppix:       1.0000   -1.0000   -1.0000
center:     128.0000 -129.0000 -129.0000
fimgreg.f
image alignment mode   3335 decimal      D07 hex
parameters
   -1.0405  -20.7240   12.9999   -0.0664   -0.6842   -0.7426
    0.6839   -3.5783   -1.0959  -11.6263    3.4743   11.6578
eta,q 0.94042 11.49449
niter,ni,del,rscale     5    3    5.0000    1.2000
parameter  4  1.598444 ->  0.500000 qaram    1.1500
parameter  5 30.751902 ->  0.500000 qaram    1.1500
parameter  6  1.203720 ->  0.500000 qaram    1.1500
parameter 12  1.022217 ->  0.500000 qaram    1.1500
parameters
   -1.2250  -21.4217   14.0029   -4.2064   -4.8242   -4.8826
   -2.5668   -4.0013   -0.4523   -8.0891    2.0817    7.5178
eta,q 0.95312 11.16087
  0.0608  0.0598  0.0609  0.0552  0.0470  0.0475  0.0486  0.0513  0.0492  0.0514  0.0481  0.0468
  0.0601  0.0596  0.0603  0.0559  0.0504  0.0482  0.0483  0.0498  0.0486  0.0501  0.0477  0.0468
  0.0597  0.0596  0.0599  0.0573  0.0534  0.0492  0.0482  0.0485  0.0483  0.0491  0.0475  0.0471
  0.0596  0.0596  0.0596  0.0594  0.0562  0.0513  0.0484  0.0482  0.0482  0.0482  0.0475  0.0475
  0.0598  0.0597  0.0594  0.0617  0.0587  0.0540  0.0489  0.0489  0.0482  0.0476  0.0478  0.0480
  0.0604  0.0600  0.0595  0.0644  0.0619  0.0572  0.0497  0.0503  0.0484  0.0476  0.0482  0.0488
  0.0612  0.0606  0.0597  0.0673  0.0655  0.0605  0.0507  0.0520  0.0489  0.0484  0.0488  0.0496
niter,ni,del,rscale     7    3    5.0000    1.2000
parameter  2  2.466962 ->  0.500000 qaram    1.1500
parameter  4  0.505271 ->  0.500000 qaram    1.3225
parameter  5 19.742702 ->  0.500000 qaram    1.3225
parameter 11  0.542715 ->  0.500000 qaram    1.1500
parameter 12  0.723906 ->  0.500000 qaram    1.3225
parameters
   -1.1509  -22.8017   13.2230   -8.9674   -9.5852   -7.1236
   -1.2550   -4.9485    0.8596   -7.0288   -2.0583    2.7568
eta,q 0.96438 10.83902
  0.0494  0.0445  0.0457  0.0450  0.0324  0.0372  0.0387  0.0383  0.0383  0.0404  0.0364  0.0357
  0.0481  0.0450  0.0452  0.0448  0.0352  0.0368  0.0377  0.0370  0.0374  0.0383  0.0363  0.0356
  0.0472  0.0459  0.0451  0.0448  0.0399  0.0366  0.0369  0.0365  0.0368  0.0370  0.0363  0.0358
  0.0469  0.0469  0.0452  0.0451  0.0448  0.0364  0.0366  0.0365  0.0365  0.0364  0.0364  0.0363
  0.0471  0.0481  0.0457  0.0466  0.0490  0.0363  0.0365  0.0370  0.0364  0.0365  0.0365  0.0370
  0.0478  0.0493  0.0464  0.0492  0.0534  0.0384  0.0369  0.0379  0.0367  0.0372  0.0367  0.0381
  0.0491  0.0506  0.0474  0.0524  0.0574  0.0419  0.0376  0.0395  0.0373  0.0385  0.0368  0.0394
niter,ni,del,rscale     7    3    5.0000    1.2000
parameter  5  0.898964 ->  0.500000 qaram    1.5209
parameters
   -0.8588  -23.5864   12.5086   -8.6003  -15.0604   -6.0824
   -2.2506   -4.6025    2.9356   -8.9183    0.4545    4.7928
eta,q 0.96860 10.67834
  0.0382  0.0371  0.0356  0.0376  0.0312  0.0339  0.0328  0.0349  0.0334  0.0328  0.0326  0.0327
  0.0369  0.0357  0.0352  0.0363  0.0317  0.0329  0.0321  0.0333  0.0326  0.0317  0.0320  0.0319
  0.0360  0.0352  0.0351  0.0355  0.0325  0.0322  0.0317  0.0321  0.0320  0.0314  0.0316  0.0315
  0.0356  0.0356  0.0352  0.0351  0.0350  0.0318  0.0318  0.0317  0.0317  0.0316  0.0314  0.0314
  0.0357  0.0368  0.0355  0.0350  0.0405  0.0317  0.0321  0.0321  0.0316  0.0324  0.0314  0.0314
  0.0362  0.0384  0.0360  0.0358  0.0466  0.0319  0.0327  0.0330  0.0318  0.0335  0.0315  0.0316
  0.0372  0.0402  0.0366  0.0375  0.0517  0.0333  0.0335  0.0343  0.0322  0.0350  0.0316  0.0318
niter,ni,del,rscale     7    3    5.0000    1.2000
parameter  5  0.506492 ->  0.500000 qaram    1.7490
parameters
   -0.9087  -22.3518   12.5108   -5.8590  -21.3568   -7.4693
   -2.1419   -4.6426    3.0214   -7.2111    1.9559    7.2631
eta,q 0.97001 10.37966
  0.0332  0.0354  0.0315  0.0337  0.0305  0.0310  0.0313  0.0325  0.0306  0.0317  0.0307  0.0308
  0.0322  0.0335  0.0312  0.0325  0.0301  0.0304  0.0306  0.0312  0.0303  0.0309  0.0303  0.0304
  0.0316  0.0322  0.0310  0.0316  0.0301  0.0301  0.0302  0.0303  0.0301  0.0304  0.0301  0.0301
  0.0314  0.0314  0.0310  0.0310  0.0306  0.0301  0.0301  0.0301  0.0301  0.0301  0.0300  0.0300
  0.0316  0.0310  0.0311  0.0305  0.0337  0.0301  0.0302  0.0305  0.0301  0.0300  0.0300  0.0300
  0.0323  0.0311  0.0312  0.0307  0.0403  0.0307  0.0306  0.0312  0.0303  0.0302  0.0301  0.0301
  0.0334  0.0316  0.0314  0.0319  0.0466  0.0327  0.0312  0.0325  0.0305  0.0307  0.0303  0.0302
niter,ni,del,rscale     7    3    5.0000    1.2000
parameter 10 -0.569738 -> -0.500000 qaram    1.1500
parameters
   -1.0716  -21.0987   11.3327   -5.7173  -24.7290   -9.2568
   -1.8527   -4.9895    2.0665   -3.0711    3.1448    5.3121
eta,q 0.97080 10.12889
  0.0314  0.0320  0.0298  0.0318  0.0313  0.0305  0.0308  0.0316  0.0301  0.0318  0.0301  0.0296
  0.0306  0.0310  0.0297  0.0308  0.0303  0.0299  0.0302  0.0305  0.0298  0.0310  0.0296  0.0293
  0.0301  0.0304  0.0297  0.0302  0.0298  0.0297  0.0298  0.0298  0.0297  0.0302  0.0294  0.0292
  0.0300  0.0300  0.0298  0.0297  0.0297  0.0298  0.0297  0.0297  0.0297  0.0296  0.0292  0.0292
  0.0302  0.0298  0.0300  0.0296  0.0300  0.0298  0.0298  0.0300  0.0298  0.0293  0.0293  0.0294
  0.0308  0.0299  0.0303  0.0303  0.0329  0.0306  0.0301  0.0308  0.0301  0.0293  0.0294  0.0297
  0.0319  0.0300  0.0306  0.0321  0.0400  0.0323  0.0306  0.0320  0.0305  0.0296  0.0297  0.0299
niter,ni,del,rscale     7    3    5.0000    1.2000
parameters
   -1.1575  -20.2558   11.0834   -6.3351  -26.2821   -9.1625
   -1.7285   -5.1594    1.5194   -1.9070    3.1524    4.8450
eta,q 0.97089 10.02595
  0.0307  0.0313  0.0296  0.0307  0.0315  0.0306  0.0304  0.0312  0.0299  0.0314  0.0297  0.0296
  0.0298  0.0302  0.0293  0.0299  0.0302  0.0298  0.0297  0.0300  0.0295  0.0304  0.0294  0.0293
  0.0293  0.0296  0.0291  0.0294  0.0294  0.0293  0.0293  0.0293  0.0292  0.0296  0.0292  0.0291
  0.0292  0.0292  0.0291  0.0291  0.0292  0.0292  0.0292  0.0292  0.0292  0.0292  0.0291  0.0291
  0.0294  0.0291  0.0292  0.0291  0.0295  0.0293  0.0293  0.0295  0.0293  0.0292  0.0292  0.0292
  0.0300  0.0293  0.0295  0.0298  0.0304  0.0295  0.0297  0.0302  0.0296  0.0296  0.0294  0.0295
  0.0309  0.0296  0.0298  0.0317  0.0343  0.0307  0.0303  0.0314  0.0301  0.0306  0.0297  0.0297
niter,ni,del,rscale     6    3    5.0000    1.2000
parameters
   -1.1343  -20.0024   11.0886   -6.4584  -26.4443   -9.1547
   -1.7233   -5.1155    1.4172   -1.4808    3.0370    4.5745
eta,q 0.97088 10.01228
  0.0306  0.0305  0.0297  0.0308  0.0319  0.0305  0.0303  0.0313  0.0299  0.0312  0.0297  0.0297
  0.0298  0.0297  0.0294  0.0299  0.0305  0.0297  0.0296  0.0300  0.0295  0.0302  0.0293  0.0293
  0.0293  0.0293  0.0292  0.0294  0.0296  0.0292  0.0292  0.0293  0.0292  0.0295  0.0292  0.0292
  0.0291  0.0291  0.0291  0.0291  0.0291  0.0291  0.0291  0.0291  0.0291  0.0291  0.0291  0.0291
  0.0292  0.0292  0.0292  0.0291  0.0293  0.0292  0.0293  0.0294  0.0292  0.0292  0.0292  0.0292
  0.0297  0.0295  0.0294  0.0297  0.0300  0.0294  0.0297  0.0300  0.0295  0.0298  0.0294  0.0295
  0.0306  0.0300  0.0297  0.0312  0.0325  0.0306  0.0302  0.0312  0.0299  0.0309  0.0297  0.0297
niter,ni,del,rscale     5    3    5.0000    1.2000
parameters
   -1.1141  -19.8857   11.0639   -6.4917  -26.5307   -9.1916
   -1.7466   -5.0693    1.4045   -1.2686    2.9813    4.4414
eta,q 0.97088 10.00511
  0.0306  0.0304  0.0297  0.0308  0.0319  0.0305  0.0303  0.0313  0.0299  0.0311  0.0297  0.0297
  0.0298  0.0296  0.0294  0.0299  0.0305  0.0297  0.0296  0.0300  0.0295  0.0301  0.0293  0.0294
  0.0293  0.0292  0.0292  0.0294  0.0296  0.0292  0.0292  0.0293  0.0292  0.0295  0.0292  0.0292
  0.0291  0.0291  0.0291  0.0291  0.0291  0.0291  0.0291  0.0291  0.0291  0.0291  0.0291  0.0291
  0.0292  0.0293  0.0292  0.0291  0.0293  0.0292  0.0293  0.0294  0.0292  0.0293  0.0292  0.0292
  0.0297  0.0296  0.0294  0.0297  0.0300  0.0294  0.0297  0.0300  0.0295  0.0299  0.0294  0.0295
  0.0306  0.0301  0.0297  0.0312  0.0324  0.0306  0.0303  0.0312  0.0299  0.0310  0.0297  0.0297
niter,ni,del,rscale     4    3    5.0000    1.2000
parameters
   -1.0998  -19.8207   11.0384   -6.5019  -26.5704   -9.2364
   -1.7657   -5.0523    1.3991   -1.1609    2.9446    4.3674
eta,q 0.97088 10.00062
  0.0306  0.0303  0.0297  0.0309  0.0319  0.0305  0.0303  0.0313  0.0299  0.0311  0.0297  0.0297
  0.0298  0.0296  0.0294  0.0299  0.0305  0.0296  0.0296  0.0300  0.0295  0.0301  0.0293  0.0294
  0.0293  0.0292  0.0292  0.0294  0.0296  0.0292  0.0292  0.0293  0.0292  0.0294  0.0292  0.0292
  0.0291  0.0291  0.0291  0.0291  0.0291  0.0291  0.0291  0.0291  0.0291  0.0291  0.0291  0.0291
  0.0292  0.0293  0.0292  0.0291  0.0293  0.0292  0.0293  0.0294  0.0292  0.0293  0.0292  0.0292
  0.0297  0.0296  0.0294  0.0297  0.0300  0.0294  0.0297  0.0300  0.0295  0.0299  0.0294  0.0294
  0.0306  0.0301  0.0297  0.0311  0.0324  0.0306  0.0303  0.0312  0.0299  0.0311  0.0297  0.0297
niter,ni,del,rscale     3    3    5.0000    1.2000
parameters
   -1.0925  -19.7838   11.0195   -6.5128  -26.5909   -9.2515
   -1.7711   -5.0427    1.4088   -1.0867    2.8859    4.3600
eta,q 0.97088  9.99873
  0.0306  0.0303  0.0297  0.0309  0.0319  0.0305  0.0303  0.0313  0.0299  0.0310  0.0297  0.0297
  0.0298  0.0296  0.0294  0.0299  0.0305  0.0297  0.0296  0.0300  0.0295  0.0301  0.0293  0.0294
  0.0293  0.0292  0.0292  0.0294  0.0296  0.0292  0.0292  0.0293  0.0292  0.0294  0.0292  0.0292
  0.0291  0.0291  0.0291  0.0291  0.0291  0.0291  0.0291  0.0291  0.0291  0.0291  0.0291  0.0291
  0.0293  0.0293  0.0292  0.0291  0.0293  0.0292  0.0293  0.0294  0.0292  0.0293  0.0292  0.0292
  0.0297  0.0296  0.0294  0.0297  0.0300  0.0294  0.0297  0.0300  0.0295  0.0300  0.0294  0.0294
  0.0306  0.0301  0.0297  0.0311  0.0324  0.0306  0.0302  0.0312  0.0299  0.0311  0.0297  0.0297
niter,ni,del,rscale     2    3    5.0000    1.2000
parameters
   -1.0865  -19.7594   11.0147   -6.5137  -26.6145   -9.2668
   -1.7896   -5.0336    1.4211   -1.0520    2.8938    4.3443
eta,q 0.97088  9.99696
  0.0306  0.0303  0.0297  0.0309  0.0319  0.0305  0.0303  0.0313  0.0299  0.0310  0.0297  0.0297
  0.0298  0.0296  0.0294  0.0299  0.0305  0.0297  0.0296  0.0300  0.0295  0.0301  0.0294  0.0294
  0.0293  0.0292  0.0292  0.0294  0.0296  0.0292  0.0292  0.0293  0.0292  0.0294  0.0292  0.0292
  0.0291  0.0291  0.0291  0.0291  0.0291  0.0291  0.0291  0.0291  0.0291  0.0291  0.0291  0.0291
  0.0293  0.0293  0.0292  0.0291  0.0293  0.0292  0.0293  0.0294  0.0292  0.0293  0.0292  0.0292
  0.0297  0.0297  0.0294  0.0297  0.0300  0.0294  0.0297  0.0300  0.0295  0.0300  0.0294  0.0294
  0.0306  0.0301  0.0297  0.0311  0.0324  0.0306  0.0303  0.0312  0.0299  0.0311  0.0297  0.0297
registration optimization eta report
parameter search radius
    2.4000    2.7600    2.4000    9.5220   12.5928    8.2800
    7.2000    7.2000    7.2000    8.2800    8.2800    9.5220
100000*second partial in parameter space
       26.       14.       10.        2.        2.        2.
        2.        4.        1.        3.        1.        1.
  0.0306  0.0303  0.0297  0.0309  0.0319  0.0305  0.0303  0.0313  0.0299  0.0310  0.0297  0.0297
  0.0298  0.0296  0.0294  0.0299  0.0305  0.0297  0.0296  0.0300  0.0295  0.0301  0.0294  0.0294
  0.0293  0.0292  0.0292  0.0294  0.0296  0.0292  0.0292  0.0293  0.0292  0.0294  0.0292  0.0292
  0.0291  0.0291  0.0291  0.0291  0.0291  0.0291  0.0291  0.0291  0.0291  0.0291  0.0291  0.0291
  0.0293  0.0293  0.0292  0.0291  0.0293  0.0292  0.0293  0.0294  0.0292  0.0293  0.0292  0.0292
  0.0297  0.0297  0.0294  0.0297  0.0300  0.0294  0.0297  0.0300  0.0295  0.0300  0.0294  0.0294
  0.0306  0.0301  0.0297  0.0311  0.0324  0.0306  0.0303  0.0312  0.0299  0.0311  0.0297  0.0297
   -1.0865  -19.7594   11.0147   -6.5137  -26.6145   -9.2668
   -1.7896   -5.0336    1.4211   -1.0520    2.8938    4.3443
eta,q 0.97088  9.99696

---------------------------------------------------------------------
imgreg_4dfp /opt/freesurfer/average/711-2C_as_mni_average_305 /opt/freesurfer/average/711-2B_as_mni_average_305_mask talsrcimg_g11 none talsrcimg_to_711-2C_as_mni_average_305_t4 2311
---------------------------------------------------------------------

freesurfer imgreg_4dfp.c
/opt/freesurfer/average/711-2C_as_mni_average_305.4dfp.img
       256       256       256         1
  1.000000  1.000000  1.000000
orientation T byte_order littleendian
Reading image: /opt/freesurfer/average/711-2C_as_mni_average_305.4dfp.img
dimensions:      256       256       256
mmppix:       1.0000   -1.0000   -1.0000
center:     128.0000 -129.0000 -129.0000
/opt/freesurfer/average/711-2B_as_mni_average_305_mask.4dfp.img
       256       256       256         1
  1.000000  1.000000  1.000000
orientation T byte_order littleendian
Reading mask: /opt/freesurfer/average/711-2B_as_mni_average_305_mask.4dfp.img (2306576 pixels)
talsrcimg_g11.4dfp.img
       256       256       256         1
  1.000000  1.000000  1.000000
orientation T byte_order littleendian
Reading image: talsrcimg_g11.4dfp.img
dimensions:      256       256       256
mmppix:       1.0000   -1.0000   -1.0000
center:     128.0000 -129.0000 -129.0000
fimgreg.f
image alignment mode   2311 decimal      907 hex
parameters
   -1.0865  -19.7594   11.0147   -6.5137  -26.6145   -9.2668
   -1.7896   -5.0336    1.4211   -1.0520    2.8938    4.3443
eta,q 0.97088  9.99695
niter,ni,del,rscale     5    3    5.0000    0.8000
parameters
   -1.0489  -19.9117   11.0007   -5.2877  -25.6394   -8.6991
   -1.5728   -4.8882    1.6138   -1.1833    3.5186    4.1603
eta,q 0.97097 10.11381
  0.0298  0.0294  0.0294  0.0296  0.0296  0.0294  0.0296  0.0302  0.0294  0.0297  0.0293  0.0292
  0.0294  0.0292  0.0292  0.0294  0.0293  0.0292  0.0293  0.0295  0.0292  0.0293  0.0292  0.0291
  0.0292  0.0291  0.0291  0.0292  0.0291  0.0290  0.0291  0.0292  0.0291  0.0291  0.0291  0.0290
  0.0291  0.0291  0.0291  0.0291  0.0290  0.0290  0.0290  0.0290  0.0290  0.0290  0.0290  0.0290
  0.0292  0.0292  0.0291  0.0290  0.0290  0.0291  0.0291  0.0291  0.0291  0.0291  0.0290  0.0291
  0.0294  0.0293  0.0292  0.0291  0.0291  0.0291  0.0292  0.0295  0.0292  0.0294  0.0291  0.0291
  0.0297  0.0295  0.0294  0.0293  0.0293  0.0292  0.0295  0.0300  0.0294  0.0298  0.0292  0.0292
niter,ni,del,rscale     4    3    5.0000    0.7000
parameters
   -1.1465  -19.9693   10.9334   -5.0255  -25.4138   -8.7302
   -1.3021   -5.0286    1.6095   -1.2907    3.7930    4.2730
eta,q 0.97100 10.13400
  0.0295  0.0293  0.0292  0.0294  0.0293  0.0292  0.0294  0.0298  0.0293  0.0295  0.0292  0.0291
  0.0292  0.0291  0.0291  0.0293  0.0292  0.0291  0.0292  0.0293  0.0291  0.0292  0.0291  0.0291
  0.0291  0.0290  0.0290  0.0291  0.0290  0.0290  0.0291  0.0291  0.0290  0.0291  0.0290  0.0290
  0.0290  0.0290  0.0290  0.0290  0.0290  0.0290  0.0290  0.0290  0.0290  0.0290  0.0290  0.0290
  0.0291  0.0291  0.0291  0.0290  0.0290  0.0291  0.0290  0.0291  0.0290  0.0291  0.0290  0.0290
  0.0293  0.0292  0.0291  0.0291  0.0291  0.0291  0.0291  0.0294  0.0291  0.0293  0.0291  0.0291
  0.0297  0.0293  0.0292  0.0294  0.0293  0.0292  0.0293  0.0299  0.0293  0.0296  0.0292  0.0291
niter,ni,del,rscale     3    3    5.0000    0.6000
parameters
   -1.2235  -20.0026   10.9103   -4.7468  -25.3281   -8.7685
   -1.0854   -5.0859    1.5914   -1.3483    3.9753    4.3387
eta,q 0.97102 10.14811
  0.0294  0.0292  0.0292  0.0293  0.0292  0.0292  0.0293  0.0296  0.0292  0.0294  0.0291  0.0291
  0.0292  0.0291  0.0291  0.0292  0.0291  0.0290  0.0291  0.0293  0.0291  0.0292  0.0291  0.0290
  0.0290  0.0290  0.0290  0.0291  0.0290  0.0290  0.0290  0.0291  0.0290  0.0290  0.0290  0.0290
  0.0290  0.0290  0.0290  0.0290  0.0290  0.0290  0.0290  0.0290  0.0290  0.0290  0.0290  0.0290
  0.0291  0.0290  0.0290  0.0290  0.0290  0.0290  0.0290  0.0291  0.0290  0.0290  0.0290  0.0290
  0.0292  0.0291  0.0291  0.0291  0.0291  0.0291  0.0291  0.0293  0.0291  0.0292  0.0290  0.0290
  0.0295  0.0292  0.0292  0.0293  0.0292  0.0291  0.0292  0.0297  0.0292  0.0294  0.0291  0.0291
niter,ni,del,rscale     2    3    5.0000    0.5000
parameters
   -1.2772  -20.0319   10.9070   -4.5213  -25.3057   -8.8925
   -0.9185   -5.1286    1.5980   -1.4323    4.0928    4.3374
eta,q 0.97104 10.15276
  0.0293  0.0291  0.0291  0.0293  0.0291  0.0291  0.0292  0.0294  0.0291  0.0292  0.0291  0.0290
  0.0291  0.0290  0.0290  0.0292  0.0290  0.0290  0.0291  0.0292  0.0290  0.0291  0.0290  0.0290
  0.0290  0.0290  0.0290  0.0291  0.0290  0.0290  0.0290  0.0290  0.0290  0.0290  0.0290  0.0290
  0.0290  0.0290  0.0290  0.0290  0.0290  0.0290  0.0290  0.0290  0.0290  0.0290  0.0290  0.0290
  0.0290  0.0290  0.0290  0.0290  0.0290  0.0290  0.0290  0.0290  0.0290  0.0290  0.0290  0.0290
  0.0291  0.0291  0.0290  0.0291  0.0290  0.0290  0.0290  0.0292  0.0290  0.0291  0.0290  0.0290
  0.0293  0.0291  0.0291  0.0292  0.0291  0.0291  0.0291  0.0295  0.0291  0.0293  0.0291  0.0290
niter,ni,del,rscale     1    3    5.0000    0.4000
parameters
   -1.3234  -20.0589   10.8853   -4.3219  -25.2777   -9.1319
   -0.7551   -5.1500    1.5957   -1.5245    4.1663    4.3533
eta,q 0.97105 10.15152
  0.0291  0.0291  0.0290  0.0292  0.0291  0.0290  0.0291  0.0293  0.0290  0.0291  0.0290  0.0290
  0.0290  0.0290  0.0290  0.0291  0.0290  0.0290  0.0290  0.0291  0.0290  0.0290  0.0290  0.0290
  0.0290  0.0290  0.0290  0.0290  0.0290  0.0290  0.0290  0.0290  0.0290  0.0290  0.0290  0.0290
  0.0290  0.0290  0.0290  0.0290  0.0290  0.0290  0.0290  0.0290  0.0290  0.0290  0.0290  0.0290
  0.0290  0.0290  0.0290  0.0290  0.0290  0.0290  0.0290  0.0290  0.0290  0.0290  0.0290  0.0290
  0.0291  0.0290  0.0290  0.0290  0.0290  0.0290  0.0290  0.0291  0.0290  0.0290  0.0290  0.0290
  0.0292  0.0291  0.0290  0.0292  0.0290  0.0291  0.0291  0.0293  0.0290  0.0291  0.0290  0.0290
registration optimization eta report
parameter search radius
    0.8000    0.8000    0.8000    2.4000    2.4000    2.4000
    2.4000    2.4000    2.4000    2.4000    2.4000    2.4000
100000*second partial in parameter space
       32.       15.       12.        3.        2.        2.
        2.        6.        2.        3.        1.        1.
  0.0291  0.0291  0.0290  0.0292  0.0291  0.0290  0.0291  0.0293  0.0290  0.0291  0.0290  0.0290
  0.0290  0.0290  0.0290  0.0291  0.0290  0.0290  0.0290  0.0291  0.0290  0.0290  0.0290  0.0290
  0.0290  0.0290  0.0290  0.0290  0.0290  0.0290  0.0290  0.0290  0.0290  0.0290  0.0290  0.0290
  0.0290  0.0290  0.0290  0.0290  0.0290  0.0290  0.0290  0.0290  0.0290  0.0290  0.0290  0.0290
  0.0290  0.0290  0.0290  0.0290  0.0290  0.0290  0.0290  0.0290  0.0290  0.0290  0.0290  0.0290
  0.0291  0.0290  0.0290  0.0290  0.0290  0.0290  0.0290  0.0291  0.0290  0.0290  0.0290  0.0290
  0.0292  0.0291  0.0290  0.0292  0.0290  0.0291  0.0291  0.0293  0.0290  0.0291  0.0290  0.0290
   -1.3234  -20.0589   10.8853   -4.3219  -25.2777   -9.1319
   -0.7551   -5.1500    1.5957   -1.5245    4.1663    4.3533
eta,q 0.97105 10.15152

---------------------------------------------------------------------
imgreg_4dfp /opt/freesurfer/average/711-2C_as_mni_average_305 /opt/freesurfer/average/711-2B_as_mni_average_305_mask talsrcimg_g11 none talsrcimg_to_711-2C_as_mni_average_305_t4 2311
---------------------------------------------------------------------

freesurfer imgreg_4dfp.c
/opt/freesurfer/average/711-2C_as_mni_average_305.4dfp.img
       256       256       256         1
  1.000000  1.000000  1.000000
orientation T byte_order littleendian
Reading image: /opt/freesurfer/average/711-2C_as_mni_average_305.4dfp.img
dimensions:      256       256       256
mmppix:       1.0000   -1.0000   -1.0000
center:     128.0000 -129.0000 -129.0000
/opt/freesurfer/average/711-2B_as_mni_average_305_mask.4dfp.img
       256       256       256         1
  1.000000  1.000000  1.000000
orientation T byte_order littleendian
Reading mask: /opt/freesurfer/average/711-2B_as_mni_average_305_mask.4dfp.img (2306576 pixels)
talsrcimg_g11.4dfp.img
       256       256       256         1
  1.000000  1.000000  1.000000
orientation T byte_order littleendian
Reading image: talsrcimg_g11.4dfp.img
dimensions:      256       256       256
mmppix:       1.0000   -1.0000   -1.0000
center:     128.0000 -129.0000 -129.0000
fimgreg.f
image alignment mode   2311 decimal      907 hex
parameters
   -1.3234  -20.0589   10.8853   -4.3219  -25.2777   -9.1319
   -0.7551   -5.1500    1.5957   -1.5245    4.1663    4.3533
eta,q 0.97105 10.15152
niter,ni,del,rscale     5    3    5.0000    0.8000
parameters
   -1.3479  -19.9814   10.8675   -4.9173  -25.1784   -8.6738
   -0.9149   -5.3213    1.5779   -1.4173    4.0232    4.3794
eta,q 0.97101 10.15086
  0.0297  0.0294  0.0293  0.0294  0.0294  0.0295  0.0295  0.0301  0.0293  0.0297  0.0292  0.0292
  0.0293  0.0291  0.0291  0.0292  0.0291  0.0292  0.0292  0.0295  0.0291  0.0293  0.0291  0.0291
  0.0290  0.0290  0.0290  0.0291  0.0290  0.0290  0.0290  0.0291  0.0290  0.0291  0.0290  0.0290
  0.0290  0.0290  0.0290  0.0290  0.0290  0.0290  0.0290  0.0290  0.0290  0.0290  0.0290  0.0290
  0.0291  0.0290  0.0290  0.0290  0.0290  0.0290  0.0291  0.0291  0.0290  0.0291  0.0290  0.0290
  0.0293  0.0291  0.0291  0.0294  0.0291  0.0291  0.0292  0.0296  0.0292  0.0293  0.0291  0.0291
  0.0298  0.0293  0.0293  0.0298  0.0293  0.0293  0.0295  0.0303  0.0293  0.0296  0.0293  0.0292
niter,ni,del,rscale     4    3    5.0000    0.7000
parameters
   -1.3252  -20.0082   10.9219   -4.8860  -25.2232   -8.6110
   -0.9582   -5.2492    1.5479   -1.3921    4.0643    4.4399
eta,q 0.97101 10.15443
  0.0296  0.0293  0.0292  0.0294  0.0293  0.0293  0.0294  0.0299  0.0293  0.0295  0.0292  0.0291
  0.0293  0.0291  0.0291  0.0293  0.0291  0.0291  0.0292  0.0294  0.0291  0.0292  0.0291  0.0290
  0.0291  0.0290  0.0290  0.0291  0.0290  0.0290  0.0290  0.0291  0.0290  0.0291  0.0290  0.0290
  0.0290  0.0290  0.0290  0.0290  0.0290  0.0290  0.0290  0.0290  0.0290  0.0290  0.0290  0.0290
  0.0291  0.0290  0.0290  0.0290  0.0290  0.0290  0.0290  0.0291  0.0290  0.0290  0.0290  0.0290
  0.0292  0.0291  0.0291  0.0292  0.0291  0.0291  0.0292  0.0294  0.0291  0.0292  0.0291  0.0290
  0.0296  0.0293  0.0292  0.0295  0.0293  0.0292  0.0294  0.0299  0.0293  0.0295  0.0292  0.0291
niter,ni,del,rscale     3    3    5.0000    0.6000
parameters
   -1.3122  -20.0362   10.9276   -4.6922  -25.2249   -8.6682
   -0.9187   -5.2043    1.5487   -1.4227    4.1159    4.4032
eta,q 0.97102 10.15977
  0.0294  0.0292  0.0292  0.0294  0.0292  0.0292  0.0293  0.0297  0.0292  0.0294  0.0291  0.0291
  0.0292  0.0291  0.0291  0.0292  0.0291  0.0290  0.0291  0.0293  0.0291  0.0292  0.0290  0.0290
  0.0290  0.0290  0.0290  0.0291  0.0290  0.0290  0.0290  0.0291  0.0290  0.0290  0.0290  0.0290
  0.0290  0.0290  0.0290  0.0290  0.0290  0.0290  0.0290  0.0290  0.0290  0.0290  0.0290  0.0290
  0.0290  0.0290  0.0290  0.0290  0.0290  0.0290  0.0290  0.0290  0.0290  0.0290  0.0290  0.0290
  0.0292  0.0291  0.0291  0.0291  0.0291  0.0291  0.0291  0.0293  0.0291  0.0292  0.0290  0.0290
  0.0294  0.0292  0.0291  0.0294  0.0292  0.0291  0.0293  0.0297  0.0292  0.0294  0.0291  0.0291
niter,ni,del,rscale     2    3    5.0000    0.5000
parameters
   -1.3205  -20.0572   10.9148   -4.4957  -25.2444   -8.8531
   -0.8181   -5.1774    1.5576   -1.4889    4.1477    4.4020
eta,q 0.97104 10.15843
  0.0293  0.0291  0.0291  0.0293  0.0291  0.0291  0.0292  0.0295  0.0291  0.0292  0.0291  0.0290
  0.0291  0.0290  0.0290  0.0292  0.0290  0.0290  0.0291  0.0292  0.0290  0.0291  0.0290  0.0290
  0.0290  0.0290  0.0290  0.0291  0.0290  0.0290  0.0290  0.0290  0.0290  0.0290  0.0290  0.0290
  0.0290  0.0290  0.0290  0.0290  0.0290  0.0290  0.0290  0.0290  0.0290  0.0290  0.0290  0.0290
  0.0290  0.0290  0.0290  0.0290  0.0290  0.0290  0.0290  0.0290  0.0290  0.0290  0.0290  0.0290
  0.0291  0.0291  0.0290  0.0291  0.0290  0.0290  0.0290  0.0292  0.0290  0.0291  0.0290  0.0290
  0.0293  0.0291  0.0291  0.0293  0.0291  0.0291  0.0291  0.0295  0.0291  0.0293  0.0291  0.0290
niter,ni,del,rscale     1    3    5.0000    0.4000
parameters
   -1.3378  -20.0674   10.8958   -4.3074  -25.2333   -9.0811
   -0.7246   -5.1691    1.6037   -1.5386    4.2434    4.3204
eta,q 0.97105 10.15631
  0.0292  0.0291  0.0290  0.0292  0.0290  0.0290  0.0291  0.0293  0.0290  0.0291  0.0290  0.0290
  0.0290  0.0290  0.0290  0.0291  0.0290  0.0290  0.0290  0.0291  0.0290  0.0290  0.0290  0.0290
  0.0290  0.0290  0.0290  0.0290  0.0290  0.0290  0.0290  0.0290  0.0290  0.0290  0.0290  0.0290
  0.0290  0.0290  0.0290  0.0290  0.0290  0.0290  0.0290  0.0290  0.0290  0.0290  0.0290  0.0290
  0.0290  0.0290  0.0290  0.0290  0.0290  0.0290  0.0290  0.0290  0.0290  0.0290  0.0290  0.0290
  0.0291  0.0290  0.0290  0.0290  0.0290  0.0290  0.0290  0.0291  0.0290  0.0290  0.0290  0.0290
  0.0292  0.0291  0.0290  0.0292  0.0290  0.0291  0.0291  0.0293  0.0290  0.0291  0.0290  0.0290
registration optimization eta report
parameter search radius
    0.8000    0.8000    0.8000    2.4000    2.4000    2.4000
    2.4000    2.4000    2.4000    2.4000    2.4000    2.4000
100000*second partial in parameter space
       32.       15.       11.        4.        2.        2.
        2.        6.        2.        3.        1.        1.
  0.0292  0.0291  0.0290  0.0292  0.0290  0.0290  0.0291  0.0293  0.0290  0.0291  0.0290  0.0290
  0.0290  0.0290  0.0290  0.0291  0.0290  0.0290  0.0290  0.0291  0.0290  0.0290  0.0290  0.0290
  0.0290  0.0290  0.0290  0.0290  0.0290  0.0290  0.0290  0.0290  0.0290  0.0290  0.0290  0.0290
  0.0290  0.0290  0.0290  0.0290  0.0290  0.0290  0.0290  0.0290  0.0290  0.0290  0.0290  0.0290
  0.0290  0.0290  0.0290  0.0290  0.0290  0.0290  0.0290  0.0290  0.0290  0.0290  0.0290  0.0290
  0.0291  0.0290  0.0290  0.0290  0.0290  0.0290  0.0290  0.0291  0.0290  0.0290  0.0290  0.0290
  0.0292  0.0291  0.0290  0.0292  0.0290  0.0291  0.0291  0.0293  0.0290  0.0291  0.0290  0.0290
   -1.3378  -20.0674   10.8958   -4.3074  -25.2333   -9.0811
   -0.7246   -5.1691    1.6037   -1.5386    4.2434    4.3204
eta,q 0.97105 10.15631

---------------------------------------------------------------------
compute_vox2vox talsrcimg talsrcimg_to_711-2C_as_mni_average_305_t4 /opt/freesurfer/average/711-2C_as_mni_average_305
---------------------------------------------------------------------

freesurfer compute_vox2vox.c
Reading: talsrcimg.4dfp.ifh
Reading: talsrcimg_to_711-2C_as_mni_average_305_t4
Reading: /opt/freesurfer/average/711-2C_as_mni_average_305.4dfp.ifh
Writing: talsrcimg_to_711-2C_as_mni_average_305_t4_vox2vox.txt

start time Mon Mar 9 08:58:02 CET 2026
end		time Mon Mar 9 08:59:28 CET 2026

mpr2mni305 success

avi2talxfm orig_nu.mgz /opt/freesurfer/average/mni305.cor.mgz talsrcimg_to_711-2C_as_mni_average_305_t4_vox2vox.txt transforms/talairach.auto.xfm
avi2talxfm done
mv -f /out/sourcedata/freesurfer/sub-v1s21x0050383_ses-1/mri/talsrcimg_to_711-2C_as_mni_average_305_t4_vox2vox.txt /out/sourcedata/freesurfer/sub-v1s21x0050383_ses-1/mri/transforms/talsrcimg_to_711-2C_as_mni_average_305_t4_vox2vox.txt
lta_convert --src orig_nu.mgz --trg /opt/freesurfer/average/mni305.cor.mgz --inxfm transforms/talairach.auto.xfm --outlta transforms/talairach.auto.xfm.lta --subject fsaverage
7.3.2

--src: orig_nu.mgz src image (geometry).
--trg: /opt/freesurfer/average/mni305.cor.mgz trg image (geometry).
--inmni: transforms/talairach.auto.xfm input MNI/XFM transform.
--outlta: transforms/talairach.auto.xfm.lta output LTA.
--s: fsaverage subject name
 LTA read, type : 1
 1.04227   0.05937   0.00667   0.37725;
-0.04754   1.09610  -0.06380  -13.68489;
-0.02333   0.02128   1.33604   25.76839;
 0.00000   0.00000   0.00000   1.00000;
setting subject to fsaverage
Writing  LTA to file transforms/talairach.auto.xfm.lta...
lta_convert successful.
 
 
Started at Mon Mar 9 08:58:01 CET 2026
Ended   at Mon Mar  9 08:59:28 CET 2026
talairach_avi done
