status file for recon-all
Mon Mar  9 12:24:25 CET 2026
#@# Tessellate rh Mon Mar  9 12:24:25 CET 2026
#@# Smooth1 rh Mon Mar  9 12:24:28 CET 2026
#@# Inflation1 rh Mon Mar  9 12:24:31 CET 2026
#@# QSphere rh Mon Mar  9 12:24:42 CET 2026
#@# Fix Topology rh Mon Mar  9 12:25:44 CET 2026
#@# Smooth2 rh Mon Mar  9 12:33:00 CET 2026
#@# Inflation2 rh Mon Mar  9 12:33:03 CET 2026
#@# Curv .H and .K rh Mon Mar  9 12:33:14 CET 2026
#@# Sphere rh Mon Mar  9 12:33:55 CET 2026
#@# Surf Reg rh Mon Mar  9 12:36:40 CET 2026
#@# Jacobian white rh Mon Mar  9 12:39:59 CET 2026
#@# AvgCurv rh Mon Mar  9 12:39:59 CET 2026
#@# Cortical Parc rh Mon Mar  9 12:40:00 CET 2026
#@# white curv rh Mon Mar  9 12:45:31 CET 2026
#@# white area rh Mon Mar  9 12:45:32 CET 2026
#@# pial curv rh Mon Mar  9 12:45:33 CET 2026
#@# pial area rh Mon Mar  9 12:45:34 CET 2026
#@# thickness rh Mon Mar  9 12:45:35 CET 2026
#@# area and vertex vol rh Mon Mar  9 12:46:01 CET 2026
#@# Curvature Stats rh Mon Mar  9 12:46:02 CET 2026
#@# Cortical Parc 2 rh Mon Mar  9 12:46:04 CET 2026
#@# Cortical Parc 3 rh Mon Mar  9 12:46:15 CET 2026
#@# WM/GM Contrast rh Mon Mar  9 12:46:24 CET 2026
recon-all -s sub-v1s21x0050407_ses-1 finished without error at Mon Mar  9 12:46:26 CET 2026



#New# invocation of recon-all 



status file for recon-all
Mon Mar  9 12:53:17 CET 2026
#@# white curv rh Mon Mar  9 12:53:17 CET 2026
#@# white area rh Mon Mar  9 12:53:17 CET 2026
#@# pial curv rh Mon Mar  9 12:53:17 CET 2026
#@# pial area rh Mon Mar  9 12:53:17 CET 2026
#@# thickness rh Mon Mar  9 12:53:17 CET 2026
#@# area and vertex vol rh Mon Mar  9 12:53:17 CET 2026
#@# Parcellation Stats rh Mon Mar  9 12:53:17 CET 2026
#@# Parcellation Stats 2 rh Mon Mar  9 12:53:32 CET 2026
#@# Parcellation Stats 3 rh Mon Mar  9 12:53:40 CET 2026
#@# BA_exvivo Labels rh Mon Mar  9 12:53:47 CET 2026
recon-all -s sub-v1s21x0050407_ses-1 finished without error at Mon Mar  9 12:56:00 CET 2026
