status file for recon-all
Mon Mar  9 10:20:15 CET 2026
#@# MotionCor Mon Mar  9 10:20:16 CET 2026
#@# Talairach Mon Mar  9 10:20:23 CET 2026
#@# Talairach Failure Detection Mon Mar  9 10:24:49 CET 2026
#@# Nu Intensity Correction Mon Mar  9 10:24:49 CET 2026
#@# Intensity Normalization Mon Mar  9 10:28:05 CET 2026
recon-all -s sub-v1s21x0050407_ses-1 finished without error at Mon Mar  9 10:29:34 CET 2026



#New# invocation of recon-all 



status file for recon-all
Mon Mar  9 10:36:26 CET 2026
#@# EM Registration Mon Mar  9 10:36:26 CET 2026
recon-all -s sub-v1s21x0050407_ses-1 finished without error at Mon Mar  9 10:38:29 CET 2026



#New# invocation of recon-all 



status file for recon-all
Mon Mar  9 10:38:31 CET 2026
#@# CA Normalize Mon Mar  9 10:38:31 CET 2026
#@# CA Reg Mon Mar  9 10:39:53 CET 2026
#@# SubCort Seg Mon Mar  9 11:28:34 CET 2026
#@# CC Seg Mon Mar  9 11:56:06 CET 2026
#@# Merge ASeg Mon Mar  9 11:56:39 CET 2026
#@# Intensity Normalization2 Mon Mar  9 11:56:39 CET 2026
#@# Mask BFS Mon Mar  9 11:58:53 CET 2026
#@# WM Segmentation Mon Mar  9 11:58:54 CET 2026
#@# Fill Mon Mar  9 12:00:55 CET 2026
recon-all -s sub-v1s21x0050407_ses-1 finished without error at Mon Mar  9 12:01:56 CET 2026



#New# invocation of recon-all 



status file for recon-all
Mon Mar  9 12:46:31 CET 2026
#@# white curv lh Mon Mar  9 12:46:31 CET 2026
#@# white area lh Mon Mar  9 12:46:31 CET 2026
#@# pial curv lh Mon Mar  9 12:46:31 CET 2026
#@# pial area lh Mon Mar  9 12:46:31 CET 2026
#@# thickness lh Mon Mar  9 12:46:31 CET 2026
#@# area and vertex vol lh Mon Mar  9 12:46:31 CET 2026
#@# white curv rh Mon Mar  9 12:46:31 CET 2026
#@# white area rh Mon Mar  9 12:46:31 CET 2026
#@# pial curv rh Mon Mar  9 12:46:31 CET 2026
#@# pial area rh Mon Mar  9 12:46:31 CET 2026
#@# thickness rh Mon Mar  9 12:46:31 CET 2026
#@# area and vertex vol rh Mon Mar  9 12:46:31 CET 2026
#@# Cortical ribbon mask Mon Mar  9 12:46:31 CET 2026
recon-all -s sub-v1s21x0050407_ses-1 finished without error at Mon Mar  9 12:50:29 CET 2026



#New# invocation of recon-all 



status file for recon-all
Mon Mar  9 12:56:05 CET 2026
#@# white curv lh Mon Mar  9 12:56:05 CET 2026
#@# white area lh Mon Mar  9 12:56:05 CET 2026
#@# pial curv lh Mon Mar  9 12:56:05 CET 2026
#@# pial area lh Mon Mar  9 12:56:05 CET 2026
#@# thickness lh Mon Mar  9 12:56:05 CET 2026
#@# area and vertex vol lh Mon Mar  9 12:56:05 CET 2026
#@# white curv rh Mon Mar  9 12:56:05 CET 2026
#@# white area rh Mon Mar  9 12:56:05 CET 2026
#@# pial curv rh Mon Mar  9 12:56:05 CET 2026
#@# pial area rh Mon Mar  9 12:56:05 CET 2026
#@# thickness rh Mon Mar  9 12:56:05 CET 2026
#@# area and vertex vol rh Mon Mar  9 12:56:05 CET 2026
#@# Curvature Stats lh Mon Mar  9 12:56:05 CET 2026
#@# Curvature Stats rh Mon Mar  9 12:56:08 CET 2026
#@# Relabel Hypointensities Mon Mar  9 12:56:10 CET 2026
#@# APas-to-ASeg Mon Mar  9 12:56:23 CET 2026
#@# AParc-to-ASeg aparc Mon Mar  9 12:56:30 CET 2026
#@# AParc-to-ASeg aparc.a2009s Mon Mar  9 12:57:00 CET 2026
#@# AParc-to-ASeg aparc.DKTatlas Mon Mar  9 12:57:28 CET 2026
#@# WMParc Mon Mar  9 12:57:58 CET 2026
#@# ASeg Stats Mon Mar  9 13:02:40 CET 2026
recon-all -s sub-v1s21x0050407_ses-1 finished without error at Mon Mar  9 13:03:20 CET 2026
