status file for recon-all
Mon Mar  9 12:02:02 CET 2026
#@# Tessellate lh Mon Mar  9 12:02:02 CET 2026
#@# Smooth1 lh Mon Mar  9 12:02:06 CET 2026
#@# Inflation1 lh Mon Mar  9 12:02:08 CET 2026
#@# QSphere lh Mon Mar  9 12:02:20 CET 2026
#@# Fix Topology lh Mon Mar  9 12:03:20 CET 2026
#@# Smooth2 lh Mon Mar  9 12:09:58 CET 2026
#@# Inflation2 lh Mon Mar  9 12:10:00 CET 2026
#@# Curv .H and .K lh Mon Mar  9 12:10:11 CET 2026
#@# Sphere lh Mon Mar  9 12:10:51 CET 2026
#@# Surf Reg lh Mon Mar  9 12:14:39 CET 2026
#@# Jacobian white lh Mon Mar  9 12:18:03 CET 2026
#@# AvgCurv lh Mon Mar  9 12:18:04 CET 2026
#@# Cortical Parc lh Mon Mar  9 12:18:04 CET 2026
#@# white curv lh Mon Mar  9 12:23:27 CET 2026
#@# white area lh Mon Mar  9 12:23:28 CET 2026
#@# pial curv lh Mon Mar  9 12:23:29 CET 2026
#@# pial area lh Mon Mar  9 12:23:30 CET 2026
#@# thickness lh Mon Mar  9 12:23:31 CET 2026
#@# area and vertex vol lh Mon Mar  9 12:23:56 CET 2026
#@# Curvature Stats lh Mon Mar  9 12:23:57 CET 2026
#@# Cortical Parc 2 lh Mon Mar  9 12:23:59 CET 2026
#@# Cortical Parc 3 lh Mon Mar  9 12:24:10 CET 2026
#@# WM/GM Contrast lh Mon Mar  9 12:24:19 CET 2026
recon-all -s sub-v1s21x0050407_ses-1 finished without error at Mon Mar  9 12:24:21 CET 2026



#New# invocation of recon-all 



status file for recon-all
Mon Mar  9 12:50:33 CET 2026
#@# white curv lh Mon Mar  9 12:50:33 CET 2026
#@# white area lh Mon Mar  9 12:50:33 CET 2026
#@# pial curv lh Mon Mar  9 12:50:33 CET 2026
#@# pial area lh Mon Mar  9 12:50:33 CET 2026
#@# thickness lh Mon Mar  9 12:50:33 CET 2026
#@# area and vertex vol lh Mon Mar  9 12:50:33 CET 2026
#@# Parcellation Stats lh Mon Mar  9 12:50:33 CET 2026
#@# Parcellation Stats 2 lh Mon Mar  9 12:50:47 CET 2026
#@# Parcellation Stats 3 lh Mon Mar  9 12:50:54 CET 2026
#@# BA_exvivo Labels lh Mon Mar  9 12:51:01 CET 2026
recon-all -s sub-v1s21x0050407_ses-1 finished without error at Mon Mar  9 12:53:15 CET 2026
