/out/sourcedata/freesurfer/sub-v1s21x0050411_ses-1/mri
/opt/freesurfer/bin/talairach_avi
--i orig_nu.mgz --xfm transforms/talairach.auto.xfm
talairach_avi 7.3.2
Linux dna060 5.14.0-427.37.1.el9_4.x86_64 #1 SMP PREEMPT_DYNAMIC Fri Sep 13 12:41:50 EDT 2024 x86_64 x86_64 x86_64 GNU/Linux
Mon Mar  9 11:15:47 CET 2026
mri_convert orig_nu.mgz talsrcimg.img 
reading from orig_nu.mgz...
TR=0.00, TE=0.00, TI=0.00, flip angle=0.00
i_ras = (-1, 0, 0)
j_ras = (0, 0, -1)
k_ras = (0, 1, 0)
writing to talsrcimg.img...
Analyze Output Matrix
-1.00000   0.00000   0.00000   129.70000;
 0.00000   0.00000   1.00000  -128.50000;
 0.00000  -1.00000   0.00000   129.50000;
 0.00000   0.00000   0.00000   1.00000;
--------------------
INFO: set hdr.hist.orient to -1
mpr2mni305 talsrcimg
Mon Mar  9 11:15:48 CET 2026
/opt/freesurfer/bin/mpr2mni305 talsrcimg
mpr2mni305 7.3.2
target=711-2C_as_mni_average_305

---------------------------------------------------------------------
analyzeto4dfp talsrcimg -O0 -y
---------------------------------------------------------------------

freesurfer ifh2hdr.c
Mon Mar  9 11:15:48 2026
Writing: talsrcimg.4dfp.hdr
freesurfer analyzeto4dfp.c
Reading: talsrcimg.hdr
header size 348 bytes
hdr.dime.datatype	offset=70	value=2
hdr.dime.bitpix		offset=72	value=8
hdr.hist.orient		offset=252	value=-1
dimensionality     4
dimensions       256       256       256         1
Reading: talsrcimg.img
Writing: talsrcimg.4dfp.img
Writing: talsrcimg.4dfp.ifh
ifh2hdr talsrcimg -r0to232
ori=2

---------------------------------------------------------------------
gauss_4dfp talsrcimg 1.1
---------------------------------------------------------------------

freesurfer gauss_4dfp.c
Reading: talsrcimg.4dfp.img
Writing: talsrcimg_g11.4dfp.img
image dimensions 256 256 256 padded to 288 288 288
processing volume 1freesurfer ifh2hdr.c
Mon Mar  9 11:15:50 2026
Writing: talsrcimg_g11.4dfp.hdr

Writing: talsrcimg_g11.4dfp.ifh
including: talsrcimg.4dfp.img.rec in talsrcimg_g11.4dfp.img.rec

---------------------------------------------------------------------
imgreg_4dfp /opt/freesurfer/average/711-2C_as_mni_average_305 none talsrcimg_g11 none talsrcimg_to_711-2C_as_mni_average_305_t4 4355
---------------------------------------------------------------------

freesurfer imgreg_4dfp.c
/opt/freesurfer/average/711-2C_as_mni_average_305.4dfp.img
       256       256       256         1
  1.000000  1.000000  1.000000
orientation T byte_order littleendian
Reading image: /opt/freesurfer/average/711-2C_as_mni_average_305.4dfp.img
dimensions:      256       256       256
mmppix:       1.0000   -1.0000   -1.0000
center:     128.0000 -129.0000 -129.0000
talsrcimg_g11.4dfp.img
       256       256       256         1
  1.000000  1.000000  1.000000
orientation T byte_order littleendian
Reading image: talsrcimg_g11.4dfp.img
dimensions:      256       256       256
mmppix:       1.0000   -1.0000   -1.0000
center:     128.0000 -129.0000 -129.0000
t4_read: open error in t4_sub.f l:  41 t4_file(1:l)talsrcimg_to_711-2C_as_mni_average_305_t4 
t4_read: transform initialized to I4
rotation matrix determinant  1.000000
image alignment mode   4355 decimal     1103 hex
   -7.5000  -45.0000  -45.0000 7073.3784   19.4480
    0.0000  -45.0000  -45.0000 7385.1846   19.4378
    7.5000  -45.0000  -45.0000 7009.7500   19.4282
   -7.5000  -37.5000  -45.0000 7549.1553   18.8586
    0.0000  -37.5000  -45.0000 7889.1650   18.8398
    7.5000  -37.5000  -45.0000 7486.4048   18.8339
   -7.5000  -30.0000  -45.0000 8361.0693   18.4158
    0.0000  -30.0000  -45.0000 8734.2012   18.3972
    7.5000  -30.0000  -45.0000 8308.7959   18.4052
   -7.5000  -22.5000  -45.0000 9200.3164   18.1362
    0.0000  -22.5000  -45.0000 9602.3428   18.1251
    7.5000  -22.5000  -45.0000 9146.9521   18.1360
   -7.5000  -15.0000  -45.000010069.6133   18.0088
    0.0000  -15.0000  -45.000010491.2891   18.0057
    7.5000  -15.0000  -45.0000 9978.5010   18.0063
   -7.5000   -7.5000  -45.000011002.5625   18.0111
    0.0000   -7.5000  -45.000011472.1475   18.0090
    7.5000   -7.5000  -45.000010908.8008   17.9984
   -7.5000    0.0000  -45.000011871.5381   18.0032
    0.0000    0.0000  -45.000012355.4346   17.9946
    7.5000    0.0000  -45.000011751.4346   17.9812
   -7.5000    7.5000  -45.000011865.1807   17.9896
    0.0000    7.5000  -45.000012372.6279   17.9733
    7.5000    7.5000  -45.000011723.4297   17.9690
   -7.5000   15.0000  -45.000011717.2793   17.9804
    0.0000   15.0000  -45.000012224.7344   17.9625
    7.5000   15.0000  -45.000011615.4482   17.9710
   -7.5000   22.5000  -45.000011557.7568   17.9889
    0.0000   22.5000  -45.000012062.4678   17.9778
    7.5000   22.5000  -45.000011477.8311   17.9882
   -7.5000   30.0000  -45.000010935.7471   17.7685
    0.0000   30.0000  -45.000011427.8916   17.7655
    7.5000   30.0000  -45.000010858.7256   17.7660
   -7.5000   37.5000  -45.000010574.0752   17.7711
    0.0000   37.5000  -45.000011089.2969   17.7690
    7.5000   37.5000  -45.000010529.7568   17.7585
   -7.5000   45.0000  -45.0000 9840.8311   17.3123
    0.0000   45.0000  -45.000010303.7324   17.3039
    7.5000   45.0000  -45.0000 9771.6201   17.2910
   -7.5000  -45.0000  -37.5000 7473.9746   19.3699
    0.0000  -45.0000  -37.5000 7812.5625   19.3625
    7.5000  -45.0000  -37.5000 7434.4009   19.3634
   -7.5000  -37.5000  -37.5000 7974.6250   18.7775
    0.0000  -37.5000  -37.5000 8330.9668   18.7633
    7.5000  -37.5000  -37.5000 7939.9746   18.7690
   -7.5000  -30.0000  -37.5000 8831.8213   18.3477
    0.0000  -30.0000  -37.5000 9223.1523   18.3348
    7.5000  -30.0000  -37.5000 8796.4844   18.3502
   -7.5000  -22.5000  -37.5000 9772.0615   18.0823
    0.0000  -22.5000  -37.500010186.1982   18.0757
    7.5000  -22.5000  -37.5000 9692.5186   18.0894
   -7.5000  -15.0000  -37.500010715.3418   17.9588
    0.0000  -15.0000  -37.500011139.1611   17.9583
    7.5000  -15.0000  -37.500010606.2451   17.9613
   -7.5000   -7.5000  -37.500011679.1162   17.9538
    0.0000   -7.5000  -37.500012162.3984   17.9539
    7.5000   -7.5000  -37.500011590.6777   17.9499
   -7.5000    0.0000  -37.500012596.7363   17.9337
    0.0000    0.0000  -37.500013112.1191   17.9279
    7.5000    0.0000  -37.500012500.2891   17.9252
   -7.5000    7.5000  -37.500012569.1885   17.9147
    0.0000    7.5000  -37.500013105.9326   17.9027
    7.5000    7.5000  -37.500012464.1973   17.9093
   -7.5000   15.0000  -37.500012415.3789   17.9151
    0.0000   15.0000  -37.500012961.1094   17.9027
    7.5000   15.0000  -37.500012348.8711   17.9181
   -7.5000   22.5000  -37.500012234.3955   17.9362
    0.0000   22.5000  -37.500012765.5225   17.9296
    7.5000   22.5000  -37.500012171.0586   17.9425
   -7.5000   30.0000  -37.500011529.7314   17.7191
    0.0000   30.0000  -37.500012043.4746   17.7187
    7.5000   30.0000  -37.500011465.3477   17.7216
   -7.5000   37.5000  -37.500011151.4570   17.7146
    0.0000   37.5000  -37.500011668.3994   17.7146
    7.5000   37.5000  -37.500011100.5537   17.7107
   -7.5000   45.0000  -37.500010346.5898   17.2454
    0.0000   45.0000  -37.500010820.6641   17.2398
    7.5000   45.0000  -37.500010279.0195   17.2372
   -7.5000  -45.0000  -30.0000 8015.0557   20.1314
    0.0000  -45.0000  -30.0000 8373.7236   20.1308
    7.5000  -45.0000  -30.0000 7983.4854   20.1417
   -7.5000  -37.5000  -30.0000 8549.6221   19.5140
    0.0000  -37.5000  -30.0000 8958.5938   19.5108
    7.5000  -37.5000  -30.0000 8540.0225   19.5287
   -7.5000  -30.0000  -30.0000 9459.4326   19.0732
    0.0000  -30.0000  -30.0000 9906.9219   19.0741
    7.5000  -30.0000  -30.0000 9443.5049   19.0993
   -7.5000  -22.5000  -30.000010478.2109   18.8034
    0.0000  -22.5000  -30.000010957.6055   18.8089
    7.5000  -22.5000  -30.000010404.4473   18.8269
   -7.5000  -15.0000  -30.000011485.8359   18.6778
    0.0000  -15.0000  -30.000011989.5801   18.6855
    7.5000  -15.0000  -30.000011387.7471   18.6909
   -7.5000   -7.5000  -30.000012561.8350   18.6716
    0.0000   -7.5000  -30.000013117.4004   18.6765
    7.5000   -7.5000  -30.000012462.2197   18.6774
   -7.5000    0.0000  -30.000013538.2373   18.6458
    0.0000    0.0000  -30.000014125.7783   18.6454
    7.5000    0.0000  -30.000013455.3135   18.6517
   -7.5000    7.5000  -30.000013496.8232   18.6204
    0.0000    7.5000  -30.000014102.1162   18.6183
    7.5000    7.5000  -30.000013446.8203   18.6361
   -7.5000   15.0000  -30.000013315.7881   18.6230
    0.0000   15.0000  -30.000013937.0693   18.6241
    7.5000   15.0000  -30.000013292.6738   18.6483
   -7.5000   22.5000  -30.000013104.8555   18.6500
    0.0000   22.5000  -30.000013689.8828   18.6553
    7.5000   22.5000  -30.000013049.6416   18.6725
   -7.5000   30.0000  -30.000012333.5469   18.4303
    0.0000   30.0000  -30.000012904.8135   18.4379
    7.5000   30.0000  -30.000012273.0283   18.4433
   -7.5000   37.5000  -30.000011898.9150   18.4245
    0.0000   37.5000  -30.000012451.1436   18.4294
    7.5000   37.5000  -30.000011878.2285   18.4302
   -7.5000   45.0000  -30.000011018.0273   17.9434
    0.0000   45.0000  -30.000011525.0342   17.9429
    7.5000   45.0000  -30.000011008.5107   17.9490
   -7.5000  -45.0000  -22.5000 8577.9834   20.7846
    0.0000  -45.0000  -22.5000 8986.7949   20.7884
    7.5000  -45.0000  -22.5000 8576.6865   20.7994
   -7.5000  -37.5000  -22.5000 9171.2754   20.1530
    0.0000  -37.5000  -22.5000 9619.0469   20.1572
    7.5000  -37.5000  -22.5000 9191.9287   20.1759
   -7.5000  -30.0000  -22.500010167.1641   19.6920
    0.0000  -30.0000  -22.500010643.4570   19.7025
    7.5000  -30.0000  -22.500010163.1729   19.7302
   -7.5000  -22.5000  -22.500011218.5068   19.4058
    0.0000  -22.5000  -22.500011739.1240   19.4195
    7.5000  -22.5000  -22.500011172.6221   19.4400
   -7.5000  -15.0000  -22.500012256.5312   19.2766
    0.0000  -15.0000  -22.500012810.4258   19.2896
    7.5000  -15.0000  -22.500012208.5176   19.2964
   -7.5000   -7.5000  -22.500013435.8584   19.2775
    0.0000   -7.5000  -22.500014050.0674   19.2848
    7.5000   -7.5000  -22.500013371.0615   19.2853
   -7.5000    0.0000  -22.500014518.5410   19.2602
    0.0000    0.0000  -22.500015182.4775   19.2622
    7.5000    0.0000  -22.500014444.5693   19.2675
   -7.5000    7.5000  -22.500014505.6143   19.2334
    0.0000    7.5000  -22.500015191.8789   19.2378
    7.5000    7.5000  -22.500014477.5605   19.2562
   -7.5000   15.0000  -22.500014337.5723   19.2265
    0.0000   15.0000  -22.500015019.5537   19.2368
    7.5000   15.0000  -22.500014317.3926   19.2632
   -7.5000   22.5000  -22.500014082.8008   19.2460
    0.0000   22.5000  -22.500014733.4551   19.2597
    7.5000   22.5000  -22.500013990.4365   19.2794
   -7.5000   30.0000  -22.500013233.1045   19.0241
    0.0000   30.0000  -22.500013852.1660   19.0369
    7.5000   30.0000  -22.500013136.6514   19.0437
   -7.5000   37.5000  -22.500012721.3662   19.0254
    0.0000   37.5000  -22.500013325.5156   19.0325
    7.5000   37.5000  -22.500012726.3984   19.0330
   -7.5000   45.0000  -22.500011767.5850   18.5485
    0.0000   45.0000  -22.500012337.3955   18.5505
    7.5000   45.0000  -22.500011795.6592   18.5556
   -7.5000  -45.0000  -15.0000 9161.6816   21.2945
    0.0000  -45.0000  -15.0000 9586.8555   21.2949
    7.5000  -45.0000  -15.0000 9123.0957   21.2964
   -7.5000  -37.5000  -15.0000 9830.1191   20.6560
    0.0000  -37.5000  -15.000010293.7002   20.6560
    7.5000  -37.5000  -15.0000 9796.9053   20.6634
   -7.5000  -30.0000  -15.000010891.3662   20.1725
    0.0000  -30.0000  -15.000011399.1807   20.1790
    7.5000  -30.0000  -15.000010836.6865   20.1992
   -7.5000  -22.5000  -15.000011936.8447   19.8649
    0.0000  -22.5000  -15.000012494.0459   19.8757
    7.5000  -22.5000  -15.000011892.2061   19.8941
   -7.5000  -15.0000  -15.000013051.5059   19.7286
    0.0000  -15.0000  -15.000013657.0449   19.7399
    7.5000  -15.0000  -15.000012989.3135   19.7458
   -7.5000   -7.5000  -15.000014345.5049   19.7380
    0.0000   -7.5000  -15.000015019.8271   19.7431
    7.5000   -7.5000  -15.000014244.9688   19.7383
   -7.5000    0.0000  -15.000015542.7725   19.7350
    0.0000    0.0000  -15.000016262.3916   19.7338
    7.5000    0.0000  -15.000015424.8672   19.7292
   -7.5000    7.5000  -15.000015603.7217   19.7137
    0.0000    7.5000  -15.000016318.8506   19.7142
    7.5000    7.5000  -15.000015513.0488   19.7220
   -7.5000   15.0000  -15.000015488.8125   19.6954
    0.0000   15.0000  -15.000016216.9609   19.7017
    7.5000   15.0000  -15.000015409.5029   19.7213
   -7.5000   22.5000  -15.000015192.0830   19.7000
    0.0000   22.5000  -15.000015922.0820   19.7108
    7.5000   22.5000  -15.000014986.1748   19.7286
   -7.5000   30.0000  -15.000014160.1455   19.4730
    0.0000   30.0000  -15.000014826.0312   19.4841
    7.5000   30.0000  -15.000014053.5176   19.4899
   -7.5000   37.5000  -15.000013612.5000   19.4825
    0.0000   37.5000  -15.000014231.5508   19.4876
    7.5000   37.5000  -15.000013583.6113   19.4829
   -7.5000   45.0000  -15.000012606.5625   19.0173
    0.0000   45.0000  -15.000013172.6357   19.0161
    7.5000   45.0000  -15.000012610.8369   19.0117
   -7.5000  -45.0000   -7.5000 9708.0605   21.5997
    0.0000  -45.0000   -7.500010137.1309   21.5921
    7.5000  -45.0000   -7.5000 9616.1689   21.5823
   -7.5000  -37.5000   -7.500010491.3545   20.9539
    0.0000  -37.5000   -7.500010940.1582   20.9406
    7.5000  -37.5000   -7.500010354.8428   20.9352
   -7.5000  -30.0000   -7.500011623.6504   20.4582
    0.0000  -30.0000   -7.500012134.2393   20.4484
    7.5000  -30.0000   -7.500011485.3047   20.4590
   -7.5000  -22.5000   -7.500012739.4189   20.1402
    0.0000  -22.5000   -7.500013312.6582   20.1376
    7.5000  -22.5000   -7.500012638.8467   20.1515
   -7.5000  -15.0000   -7.500013931.6436   19.9985
    0.0000  -15.0000   -7.500014573.7959   20.0016
    7.5000  -15.0000   -7.500013800.0674   20.0038
   -7.5000   -7.5000   -7.500015320.1172   20.0087
    0.0000   -7.5000   -7.500016015.3604   20.0090
    7.5000   -7.5000   -7.500015094.8076   19.9977
   -7.5000    0.0000   -7.500016596.1309   20.0100
    0.0000    0.0000   -7.500017346.2500   20.0027
    7.5000    0.0000   -7.500016332.1504   19.9876
   -7.5000    7.5000   -7.500016768.2734   19.9949
    0.0000    7.5000   -7.500017497.8750   19.9835
    7.5000    7.5000   -7.500016464.5293   19.9794
   -7.5000   15.0000   -7.500016869.5684   19.9753
    0.0000   15.0000   -7.500017643.6152   19.9658
    7.5000   15.0000   -7.500016466.7520   19.9766
   -7.5000   22.5000   -7.500016678.9609   19.9707
    0.0000   22.5000   -7.500017470.1387   19.9680
    7.5000   22.5000   -7.500016130.1357   19.9814
   -7.5000   30.0000   -7.500015353.2822   19.7388
    0.0000   30.0000   -7.500016024.8730   19.7419
    7.5000   30.0000   -7.500015076.6221   19.7441
   -7.5000   37.5000   -7.500014623.4902   19.7492
    0.0000   37.5000   -7.500015212.0312   19.7495
    7.5000   37.5000   -7.500014492.2979   19.7383
   -7.5000   45.0000   -7.500013551.6758   19.2859
    0.0000   45.0000   -7.500014122.0391   19.2788
    7.5000   45.0000   -7.500013431.3574   19.2642
   -7.5000  -45.0000    0.000010138.7285   21.6896
    0.0000  -45.0000    0.000010578.3252   21.6777
    7.5000  -45.0000    0.000010024.9355   21.6672
   -7.5000  -37.5000    0.000010973.5010   21.0341
    0.0000  -37.5000    0.000011450.6602   21.0129
    7.5000  -37.5000    0.000010798.2539   21.0064
   -7.5000  -30.0000    0.000012192.9590   20.5415
    0.0000  -30.0000    0.000012703.7197   20.5205
    7.5000  -30.0000    0.000011979.0234   20.5295
   -7.5000  -22.5000    0.000013415.6826   20.2304
    0.0000  -22.5000    0.000013951.2402   20.2179
    7.5000  -22.5000    0.000013183.0967   20.2302
   -7.5000  -15.0000    0.000014708.7930   20.0889
    0.0000  -15.0000    0.000015290.4697   20.0853
    7.5000  -15.0000    0.000014422.1953   20.0862
   -7.5000   -7.5000    0.000016183.5254   20.0919
    0.0000   -7.5000    0.000016819.8555   20.0892
    7.5000   -7.5000    0.000015773.0137   20.0777
   -7.5000    0.0000    0.000017561.6660   20.0833
    0.0000    0.0000    0.000018244.9727   20.0732
    7.5000    0.0000    0.000017073.9746   20.0584
   -7.5000    7.5000    0.000017849.6777   20.0679
    0.0000    7.5000    0.000018572.4004   20.0495
    7.5000    7.5000    0.000017251.7676   20.0448
   -7.5000   15.0000    0.000018248.2695   20.0573
    0.0000   15.0000    0.000019226.0977   20.0372
    7.5000   15.0000    0.000017289.2910   20.0468
   -7.5000   22.5000    0.000018187.2656   20.0601
    0.0000   22.5000    0.000019132.2129   20.0475
    7.5000   22.5000    0.000017048.9746   20.0593
   -7.5000   30.0000    0.000016691.4805   19.8286
    0.0000   30.0000    0.000017482.7500   19.8251
    7.5000   30.0000    0.000016073.3730   19.8260
   -7.5000   37.5000    0.000015685.9287   19.8319
    0.0000   37.5000    0.000016337.3584   19.8292
    7.5000   37.5000    0.000015365.3350   19.8179
   -7.5000   45.0000    0.000014407.6611   19.3580
    0.0000   45.0000    0.000015031.5547   19.3483
    7.5000   45.0000    0.000014154.8682   19.3340
   -7.5000  -45.0000    7.5000 9752.3896   21.6743
    0.0000  -45.0000    7.500010180.1797   21.6659
    7.5000  -45.0000    7.5000 9657.3633   21.6670
   -7.5000  -37.5000    7.500010552.1787   21.0114
    0.0000  -37.5000    7.500011019.6035   20.9955
    7.5000  -37.5000    7.500010417.5449   21.0019
   -7.5000  -30.0000    7.500011757.4365   20.5306
    0.0000  -30.0000    7.500012258.4043   20.5160
    7.5000  -30.0000    7.500011600.1094   20.5334
   -7.5000  -22.5000    7.500012964.7578   20.2336
    0.0000  -22.5000    7.500013508.7920   20.2262
    7.5000  -22.5000    7.500012749.1289   20.2415
   -7.5000  -15.0000    7.500014208.0771   20.0954
    0.0000  -15.0000    7.500014807.0635   20.0948
    7.5000  -15.0000    7.500013915.1748   20.0982
   -7.5000   -7.5000    7.500015650.7803   20.0899
    0.0000   -7.5000    7.500016316.1465   20.0898
    7.5000   -7.5000    7.500015242.8672   20.0854
   -7.5000    0.0000    7.500017023.1113   20.0673
    0.0000    0.0000    7.500017760.7969   20.0607
    7.5000    0.0000    7.500016525.1074   20.0577
   -7.5000    7.5000    7.500017349.8809   20.0460
    0.0000    7.5000    7.500018260.0176   20.0325
    7.5000    7.5000    7.500016684.1406   20.0400
   -7.5000   15.0000    7.500017669.0312   20.0465
    0.0000   15.0000    7.500018778.9492   20.0326
    7.5000   15.0000    7.500016694.3887   20.0499
   -7.5000   22.5000    7.500017339.6562   20.0636
    0.0000   22.5000    7.500018357.5195   20.0562
    7.5000   22.5000    7.500016312.0371   20.0707
   -7.5000   30.0000    7.500016148.4062   19.8350
    0.0000   30.0000    7.500016987.8145   19.8344
    7.5000   30.0000    7.500015400.7871   19.8377
   -7.5000   37.5000    7.500015350.1074   19.8299
    0.0000   37.5000    7.500016084.4209   19.8298
    7.5000   37.5000    7.500014833.9961   19.8254
   -7.5000   45.0000    7.500013960.2988   19.3426
    0.0000   45.0000    7.500014619.1318   19.3362
    7.5000   45.0000    7.500013629.7197   19.3334
   -7.5000  -45.0000   15.0000 9203.9922   21.6229
    0.0000  -45.0000   15.0000 9638.1670   21.6224
    7.5000  -45.0000   15.0000 9175.3701   21.6343
   -7.5000  -37.5000   15.0000 9922.9268   20.9599
    0.0000  -37.5000   15.000010381.9014   20.9565
    7.5000  -37.5000   15.0000 9865.6660   20.9760
   -7.5000  -30.0000   15.000011046.6016   20.4865
    0.0000  -30.0000   15.000011538.3711   20.4876
    7.5000  -30.0000   15.000010999.8525   20.5149
   -7.5000  -22.5000   15.000012194.7373   20.1966
    0.0000  -22.5000   15.000012700.2402   20.2027
    7.5000  -22.5000   15.000012128.5020   20.2222
   -7.5000  -15.0000   15.000013366.6094   20.0616
    0.0000  -15.0000   15.000013921.0762   20.0700
    7.5000  -15.0000   15.000013314.3594   20.0758
   -7.5000   -7.5000   15.000014717.7197   20.0546
    0.0000   -7.5000   15.000015332.3652   20.0600
    7.5000   -7.5000   15.000014653.1738   20.0610
   -7.5000    0.0000   15.000015924.6924   20.0269
    0.0000    0.0000   15.000016692.3477   20.0265
    7.5000    0.0000   15.000015798.2285   20.0335
   -7.5000    7.5000   15.000016058.3711   19.9999
    0.0000    7.5000   15.000016939.2422   19.9977
    7.5000    7.5000   15.000015835.3311   20.0170
   -7.5000   15.0000   15.000016001.4443   20.0029
    0.0000   15.0000   15.000016919.5625   20.0042
    7.5000   15.0000   15.000015715.4150   20.0303
   -7.5000   22.5000   15.000015459.9766   20.0273
    0.0000   22.5000   15.000016321.8047   20.0333
    7.5000   22.5000   15.000015232.5439   20.0518
   -7.5000   30.0000   15.000014541.4717   19.8016
    0.0000   30.0000   15.000015323.2910   19.8099
    7.5000   30.0000   15.000014340.7861   19.8157
   -7.5000   37.5000   15.000014119.8428   19.7951
    0.0000   37.5000   15.000014851.6963   19.8004
    7.5000   37.5000   15.000013883.0176   19.8014
   -7.5000   45.0000   15.000013086.7656   19.3037
    0.0000   45.0000   15.000013748.5127   19.3033
    7.5000   45.0000   15.000012877.8477   19.3100
   -7.5000  -45.0000   22.5000 8570.9922   21.5988
    0.0000  -45.0000   22.5000 8993.5420   21.6033
    7.5000  -45.0000   22.5000 8587.9619   21.6153
   -7.5000  -37.5000   22.5000 9226.0322   20.9418
    0.0000  -37.5000   22.5000 9642.0684   20.9469
    7.5000  -37.5000   22.5000 9240.4668   20.9668
   -7.5000  -30.0000   22.500010252.7344   20.4623
    0.0000  -30.0000   22.500010671.7480   20.4740
    7.5000  -30.0000   22.500010258.3877   20.5031
   -7.5000  -22.5000   22.500011285.2393   20.1646
    0.0000  -22.5000   22.500011731.3174   20.1795
    7.5000  -22.5000   22.500011285.3018   20.2010
   -7.5000  -15.0000   22.500012344.0801   20.0304
    0.0000  -15.0000   22.500012850.6377   20.0443
    7.5000  -15.0000   22.500012372.6953   20.0516
   -7.5000   -7.5000   22.500013565.9766   20.0313
    0.0000   -7.5000   22.500014161.2383   20.0392
    7.5000   -7.5000   22.500013585.7588   20.0400
   -7.5000    0.0000   22.500014708.9385   20.0131
    0.0000    0.0000   22.500015390.3105   20.0157
    7.5000    0.0000   22.500014675.7861   20.0217
   -7.5000    7.5000   22.500014725.9121   19.9853
    0.0000    7.5000   22.500015440.5264   19.9905
    7.5000    7.5000   22.500014676.7725   20.0101
   -7.5000   15.0000   22.500014590.7031   19.9781
    0.0000   15.0000   22.500015253.9922   19.9896
    7.5000   15.0000   22.500014571.6016   20.0173
   -7.5000   22.5000   22.500014074.9531   19.9955
    0.0000   22.5000   22.500014703.3232   20.0102
    7.5000   22.5000   22.500014089.6953   20.0310
   -7.5000   30.0000   22.500013288.5195   19.7708
    0.0000   30.0000   22.500013929.0859   19.7845
    7.5000   30.0000   22.500013263.3594   19.7918
   -7.5000   37.5000   22.500012926.8262   19.7720
    0.0000   37.5000   22.500013561.1426   19.7798
    7.5000   37.5000   22.500012877.1396   19.7807
   -7.5000   45.0000   22.500012042.1758   19.2903
    0.0000   45.0000   22.500012636.9980   19.2928
    7.5000   45.0000   22.500011989.7490   19.2986
   -7.5000  -45.0000   30.0000 8018.5850   21.9584
    0.0000  -45.0000   30.0000 8407.8936   21.9603
    7.5000  -45.0000   30.0000 8033.1665   21.9624
   -7.5000  -37.5000   30.0000 8596.9434   21.2891
    0.0000  -37.5000   30.0000 8981.1523   21.2906
    7.5000  -37.5000   30.0000 8610.6924   21.2988
   -7.5000  -30.0000   30.0000 9531.0166   20.7836
    0.0000  -30.0000   30.0000 9922.1826   20.7916
    7.5000  -30.0000   30.0000 9515.0244   20.8130
   -7.5000  -22.5000   30.000010482.4658   20.4625
    0.0000  -22.5000   30.000010886.6807   20.4749
    7.5000  -22.5000   30.000010455.6074   20.4940
   -7.5000  -15.0000   30.000011451.0107   20.3202
    0.0000  -15.0000   30.000011898.6904   20.3329
    7.5000  -15.0000   30.000011442.1006   20.3388
   -7.5000   -7.5000   30.000012579.8896   20.3289
    0.0000   -7.5000   30.000013096.1982   20.3353
    7.5000   -7.5000   30.000012551.3213   20.3304
   -7.5000    0.0000   30.000013644.0645   20.3247
    0.0000    0.0000   30.000014217.2207   20.3247
    7.5000    0.0000   30.000013594.5137   20.3204
   -7.5000    7.5000   30.000013676.5889   20.3025
    0.0000    7.5000   30.000014217.3809   20.3043
    7.5000    7.5000   30.000013609.3184   20.3129
   -7.5000   15.0000   30.000013505.2822   20.2842
    0.0000   15.0000   30.000014000.5791   20.2920
    7.5000   15.0000   30.000013471.5430   20.3126
   -7.5000   22.5000   30.000012999.1846   20.2880
    0.0000   22.5000   30.000013471.6641   20.3002
    7.5000   22.5000   30.000012951.4844   20.3187
   -7.5000   30.0000   30.000012250.5283   20.0569
    0.0000   30.0000   30.000012764.8311   20.0695
    7.5000   30.0000   30.000012201.5020   20.0753
   -7.5000   37.5000   30.000011910.6318   20.0658
    0.0000   37.5000   30.000012421.3154   20.0721
    7.5000   37.5000   30.000011848.0518   20.0673
   -7.5000   45.0000   30.000011102.5791   19.5907
    0.0000   45.0000   30.000011584.1504   19.5906
    7.5000   45.0000   30.000011058.0010   19.5865
   -7.5000  -45.0000   37.5000 7922.9136   22.7698
    0.0000  -45.0000   37.5000 8311.7598   22.7639
    7.5000  -45.0000   37.5000 7924.9927   22.7548
   -7.5000  -37.5000   37.5000 8466.1250   22.0561
    0.0000  -37.5000   37.5000 8862.8936   22.0432
    7.5000  -37.5000   37.5000 8449.5742   22.0387
   -7.5000  -30.0000   37.5000 9343.9570   21.5044
    0.0000  -30.0000   37.5000 9750.4893   21.4944
    7.5000  -30.0000   37.5000 9322.9648   21.5072
   -7.5000  -22.5000   37.500010291.7178   21.1481
    0.0000  -22.5000   37.500010699.5137   21.1461
    7.5000  -22.5000   37.500010259.5615   21.1624
   -7.5000  -15.0000   37.500011213.4043   20.9916
    0.0000  -15.0000   37.500011654.1230   20.9964
    7.5000  -15.0000   37.500011179.3848   21.0000
   -7.5000   -7.5000   37.500012277.8281   21.0076
    0.0000   -7.5000   37.500012770.9570   21.0100
    7.5000   -7.5000   37.500012221.9395   20.9988
   -7.5000    0.0000   37.500013303.2168   21.0139
    0.0000    0.0000   37.500013841.4961   21.0080
    7.5000    0.0000   37.500013243.4521   20.9929
   -7.5000    7.5000   37.500013334.9326   20.9983
    0.0000    7.5000   37.500013810.5400   20.9873
    7.5000    7.5000   37.500013222.7256   20.9843
   -7.5000   15.0000   37.500013113.6934   20.9725
    0.0000   15.0000   37.500013582.7217   20.9629
    7.5000   15.0000   37.500013031.7676   20.9760
   -7.5000   22.5000   37.500012565.5127   20.9621
    0.0000   22.5000   37.500013030.1123   20.9601
    7.5000   22.5000   37.500012475.2051   20.9758
   -7.5000   30.0000   37.500011832.6787   20.7196
    0.0000   30.0000   37.500012312.8350   20.7244
    7.5000   30.0000   37.500011739.2100   20.7279
   -7.5000   37.5000   37.500011503.8789   20.7357
    0.0000   37.5000   37.500011957.0645   20.7381
    7.5000   37.5000   37.500011399.2207   20.7271
   -7.5000   45.0000   37.500010721.1357   20.2550
    0.0000   45.0000   37.500011147.0664   20.2493
    7.5000   45.0000   37.500010633.1934   20.2347
   -7.5000  -45.0000   45.0000 7486.2061   23.5530
    0.0000  -45.0000   45.0000 7853.7666   23.5416
    7.5000  -45.0000   45.0000 7466.9565   23.5321
   -7.5000  -37.5000   45.0000 7964.2715   22.7921
    0.0000  -37.5000   45.0000 8350.0410   22.7697
    7.5000  -37.5000   45.0000 7945.0513   22.7645
   -7.5000  -30.0000   45.0000 8755.4639   22.2061
    0.0000  -30.0000   45.0000 9162.7070   22.1838
    7.5000  -30.0000   45.0000 8739.3955   22.1966
   -7.5000  -22.5000   45.0000 9606.9746   21.8246
    0.0000  -22.5000   45.000010028.1943   21.8117
    7.5000  -22.5000   45.0000 9606.4062   21.8287
   -7.5000  -15.0000   45.000010472.1162   21.6505
    0.0000  -15.0000   45.000010900.6777   21.6479
    7.5000  -15.0000   45.000010448.6445   21.6515
   -7.5000   -7.5000   45.000011425.8213   21.6630
    0.0000   -7.5000   45.000011907.4854   21.6619
    7.5000   -7.5000   45.000011396.4541   21.6511
   -7.5000    0.0000   45.000012356.1016   21.6667
    0.0000    0.0000   45.000012841.3594   21.6574
    7.5000    0.0000   45.000012304.0488   21.6427
   -7.5000    7.5000   45.000012342.8604   21.6555
    0.0000    7.5000   45.000012798.9473   21.6364
    7.5000    7.5000   45.000012253.0469   21.6331
   -7.5000   15.0000   45.000012134.2695   21.6379
    0.0000   15.0000   45.000012569.4336   21.6166
    7.5000   15.0000   45.000012054.0938   21.6299
   -7.5000   22.5000   45.000011591.8320   21.6261
    0.0000   22.5000   45.000012022.2637   21.6132
    7.5000   22.5000   45.000011503.6963   21.6295
   -7.5000   30.0000   45.000010914.9180   21.3681
    0.0000   30.0000   45.000011317.4531   21.3655
    7.5000   30.0000   45.000010809.6426   21.3691
   -7.5000   37.5000   45.000010615.5752   21.3808
    0.0000   37.5000   45.000010999.4795   21.3797
    7.5000   37.5000   45.000010491.5303   21.3690
   -7.5000   45.0000   45.0000 9876.0469   20.8936
    0.0000   45.0000   45.000010260.1777   20.8847
    7.5000   45.0000   45.0000 9767.2617   20.8705

---------------------------------------------------------------------
imgreg_4dfp /opt/freesurfer/average/711-2C_as_mni_average_305 /opt/freesurfer/average/711-2B_as_mni_average_305_mask talsrcimg_g11 none talsrcimg_to_711-2C_as_mni_average_305_t4 4355
---------------------------------------------------------------------

freesurfer imgreg_4dfp.c
/opt/freesurfer/average/711-2C_as_mni_average_305.4dfp.img
       256       256       256         1
  1.000000  1.000000  1.000000
orientation T byte_order littleendian
Reading image: /opt/freesurfer/average/711-2C_as_mni_average_305.4dfp.img
dimensions:      256       256       256
mmppix:       1.0000   -1.0000   -1.0000
center:     128.0000 -129.0000 -129.0000
/opt/freesurfer/average/711-2B_as_mni_average_305_mask.4dfp.img
       256       256       256         1
  1.000000  1.000000  1.000000
orientation T byte_order littleendian
Reading mask: /opt/freesurfer/average/711-2B_as_mni_average_305_mask.4dfp.img (2306576 pixels)
talsrcimg_g11.4dfp.img
       256       256       256         1
  1.000000  1.000000  1.000000
orientation T byte_order littleendian
Reading image: talsrcimg_g11.4dfp.img
dimensions:      256       256       256
mmppix:       1.0000   -1.0000   -1.0000
center:     128.0000 -129.0000 -129.0000
rotation matrix determinant  1.000000
image alignment mode   4355 decimal     1103 hex
   -7.5000  -30.0000  -45.0000 2269.6616   24.5871
    0.0000  -30.0000  -45.0000 2271.5581   24.5415
    7.5000  -30.0000  -45.0000 2236.7129   24.8258
   -7.5000  -22.5000  -45.0000 2339.4993   23.1006
    0.0000  -22.5000  -45.0000 2340.3977   23.0304
    7.5000  -22.5000  -45.0000 2306.5571   23.2897
   -7.5000  -15.0000  -45.0000 2395.6074   21.9437
    0.0000  -15.0000  -45.0000 2395.9702   21.8826
    7.5000  -15.0000  -45.0000 2357.1082   22.1421
   -7.5000   -7.5000  -45.0000 2434.7388   20.9232
    0.0000   -7.5000  -45.0000 2435.9634   20.8978
    7.5000   -7.5000  -45.0000 2401.1577   21.1509
   -7.5000    0.0000  -45.0000 2458.4531   20.1538
    0.0000    0.0000  -45.0000 2456.0610   20.0850
    7.5000    0.0000  -45.0000 2422.8779   20.3757
   -7.5000    7.5000  -45.0000 2468.8479   19.7301
    0.0000    7.5000  -45.0000 2468.3999   19.6836
    7.5000    7.5000  -45.0000 2430.5334   19.9751
   -7.5000   15.0000  -45.0000 2465.3137   19.6432
    0.0000   15.0000  -45.0000 2468.7539   19.6105
    7.5000   15.0000  -45.0000 2429.6699   19.8917
   -7.5000   22.5000  -45.0000 2451.8420   19.8274
    0.0000   22.5000  -45.0000 2451.7070   19.7962
    7.5000   22.5000  -45.0000 2420.3667   20.0302
   -7.5000   30.0000  -45.0000 2421.8818   20.1331
    0.0000   30.0000  -45.0000 2429.0732   20.1184
    7.5000   30.0000  -45.0000 2399.1687   20.3312
   -7.5000   37.5000  -45.0000 2406.8350   20.7129
    0.0000   37.5000  -45.0000 2413.8635   20.7375
    7.5000   37.5000  -45.0000 2375.1396   20.9373
   -7.5000   45.0000  -45.0000 2370.7324   21.7618
    0.0000   45.0000  -45.0000 2376.0173   21.7806
    7.5000   45.0000  -45.0000 2341.6416   21.9625
   -7.5000   52.5000  -45.0000 2302.9248   23.0078
    0.0000   52.5000  -45.0000 2307.5994   23.0361
    7.5000   52.5000  -45.0000 2268.2568   23.1741
   -7.5000   60.0000  -45.0000 2168.3398   24.2778
    0.0000   60.0000  -45.0000 2175.1213   24.2565
    7.5000   60.0000  -45.0000 2146.9128   24.5417
   -7.5000  -30.0000  -37.5000 2338.9434   23.2591
    0.0000  -30.0000  -37.5000 2342.7231   23.1211
    7.5000  -30.0000  -37.5000 2306.2502   23.3726
   -7.5000  -22.5000  -37.5000 2419.9241   21.7713
    0.0000  -22.5000  -37.5000 2420.9255   21.6054
    7.5000  -22.5000  -37.5000 2380.1423   21.8729
   -7.5000  -15.0000  -37.5000 2478.1331   20.5991
    0.0000  -15.0000  -37.5000 2476.0005   20.4553
    7.5000  -15.0000  -37.5000 2441.4275   20.7599
   -7.5000   -7.5000  -37.5000 2520.5293   19.6228
    0.0000   -7.5000  -37.5000 2516.5940   19.4798
    7.5000   -7.5000  -37.5000 2485.2100   19.7658
   -7.5000    0.0000  -37.5000 2548.9219   18.8995
    0.0000    0.0000  -37.5000 2541.1863   18.7659
    7.5000    0.0000  -37.5000 2511.8201   19.0481
   -7.5000    7.5000  -37.5000 2552.8557   18.3612
    0.0000    7.5000  -37.5000 2552.3125   18.2568
    7.5000    7.5000  -37.5000 2519.7019   18.5830
   -7.5000   15.0000  -37.5000 2561.1030   18.1111
    0.0000   15.0000  -37.5000 2561.6846   18.0393
    7.5000   15.0000  -37.5000 2531.3350   18.3767
   -7.5000   22.5000  -37.5000 2557.5735   18.2989
    0.0000   22.5000  -37.5000 2559.0234   18.2538
    7.5000   22.5000  -37.5000 2531.5786   18.4950
   -7.5000   30.0000  -37.5000 2535.0852   18.6077
    0.0000   30.0000  -37.5000 2536.8506   18.5298
    7.5000   30.0000  -37.5000 2508.1384   18.8210
   -7.5000   37.5000  -37.5000 2517.0410   19.2074
    0.0000   37.5000  -37.5000 2518.3286   19.1446
    7.5000   37.5000  -37.5000 2484.5737   19.4470
   -7.5000   45.0000  -37.5000 2473.0410   20.2354
    0.0000   45.0000  -37.5000 2474.8508   20.1509
    7.5000   45.0000  -37.5000 2439.9375   20.4063
   -7.5000   52.5000  -37.5000 2391.9595   21.3390
    0.0000   52.5000  -37.5000 2396.6028   21.2985
    7.5000   52.5000  -37.5000 2353.7065   21.5485
   -7.5000   60.0000  -37.5000 2255.9480   22.4716
    0.0000   60.0000  -37.5000 2262.8848   22.4980
    7.5000   60.0000  -37.5000 2226.9622   22.7775
   -7.5000  -30.0000  -30.0000 2436.5862   22.7158
    0.0000  -30.0000  -30.0000 2443.1743   22.5196
    7.5000  -30.0000  -30.0000 2409.6226   22.8309
   -7.5000  -22.5000  -30.0000 2528.4636   21.1711
    0.0000  -22.5000  -30.0000 2537.3972   21.0250
    7.5000  -22.5000  -30.0000 2495.2542   21.2694
   -7.5000  -15.0000  -30.0000 2589.5676   19.9445
    0.0000  -15.0000  -30.0000 2593.8689   19.8309
    7.5000  -15.0000  -30.0000 2554.9753   20.1048
   -7.5000   -7.5000  -30.0000 2637.6267   18.9490
    0.0000   -7.5000  -30.0000 2636.7214   18.8340
    7.5000   -7.5000  -30.0000 2604.0967   19.1119
   -7.5000    0.0000  -30.0000 2664.4741   18.2255
    0.0000    0.0000  -30.0000 2659.2664   18.0662
    7.5000    0.0000  -30.0000 2634.8354   18.3687
   -7.5000    7.5000  -30.0000 2678.0068   17.7509
    0.0000    7.5000  -30.0000 2675.9722   17.6193
    7.5000    7.5000  -30.0000 2656.4146   17.9441
   -7.5000   15.0000  -30.0000 2687.5137   17.3853
    0.0000   15.0000  -30.0000 2690.6233   17.2524
    7.5000   15.0000  -30.0000 2666.9170   17.6360
   -7.5000   22.5000  -30.0000 2694.4343   17.4889
    0.0000   22.5000  -30.0000 2696.4336   17.3969
    7.5000   22.5000  -30.0000 2668.4397   17.6950
   -7.5000   30.0000  -30.0000 2676.9109   17.8111
    0.0000   30.0000  -30.0000 2677.1504   17.7059
    7.5000   30.0000  -30.0000 2659.8442   18.0544
   -7.5000   37.5000  -30.0000 2658.9624   18.4567
    0.0000   37.5000  -30.0000 2662.9319   18.3637
    7.5000   37.5000  -30.0000 2633.4280   18.6959
   -7.5000   45.0000  -30.0000 2616.7205   19.4767
    0.0000   45.0000  -30.0000 2617.2222   19.3217
    7.5000   45.0000  -30.0000 2583.7520   19.5987
   -7.5000   52.5000  -30.0000 2525.2773   20.5513
    0.0000   52.5000  -30.0000 2526.4863   20.4112
    7.5000   52.5000  -30.0000 2491.3965   20.7433
   -7.5000   60.0000  -30.0000 2377.0959   21.6862
    0.0000   60.0000  -30.0000 2382.3499   21.6315
    7.5000   60.0000  -30.0000 2351.7485   21.8875
   -7.5000  -30.0000  -22.5000 2510.4119   21.9221
    0.0000  -30.0000  -22.5000 2516.4341   21.7921
    7.5000  -30.0000  -22.5000 2488.5818   22.1368
   -7.5000  -22.5000  -22.5000 2605.1750   20.3679
    0.0000  -22.5000  -22.5000 2609.5491   20.2047
    7.5000  -22.5000  -22.5000 2577.3013   20.5511
   -7.5000  -15.0000  -22.5000 2664.1985   19.1239
    0.0000  -15.0000  -22.5000 2666.7361   19.0072
    7.5000  -15.0000  -22.5000 2639.9910   19.3320
   -7.5000   -7.5000  -22.5000 2719.9827   18.1392
    0.0000   -7.5000  -22.5000 2721.0864   18.0285
    7.5000   -7.5000  -22.5000 2693.3926   18.3630
   -7.5000    0.0000  -22.5000 2754.4426   17.4191
    0.0000    0.0000  -22.5000 2752.4470   17.2714
    7.5000    0.0000  -22.5000 2728.5005   17.6272
   -7.5000    7.5000  -22.5000 2774.3928   16.9612
    0.0000    7.5000  -22.5000 2777.1755   16.8072
    7.5000    7.5000  -22.5000 2753.5989   17.1728
   -7.5000   15.0000  -22.5000 2797.9795   16.6443
    0.0000   15.0000  -22.5000 2801.2520   16.4781
    7.5000   15.0000  -22.5000 2773.2939   16.8850
   -7.5000   22.5000  -22.5000 2797.8220   16.6450
    0.0000   22.5000  -22.5000 2802.2805   16.4952
    7.5000   22.5000  -22.5000 2776.8884   16.8848
   -7.5000   30.0000  -22.5000 2793.1929   16.9090
    0.0000   30.0000  -22.5000 2794.1438   16.8132
    7.5000   30.0000  -22.5000 2765.1506   17.1632
   -7.5000   37.5000  -22.5000 2771.4854   17.5810
    0.0000   37.5000  -22.5000 2775.0632   17.4484
    7.5000   37.5000  -22.5000 2747.1282   17.8112
   -7.5000   45.0000  -22.5000 2722.5588   18.5424
    0.0000   45.0000  -22.5000 2726.9155   18.3834
    7.5000   45.0000  -22.5000 2697.6440   18.7291
   -7.5000   52.5000  -22.5000 2629.3464   19.6387
    0.0000   52.5000  -22.5000 2628.7568   19.4992
    7.5000   52.5000  -22.5000 2601.1211   19.8249
   -7.5000   60.0000  -22.5000 2479.6025   20.8001
    0.0000   60.0000  -22.5000 2479.3464   20.6718
    7.5000   60.0000  -22.5000 2456.0710   21.0069
   -7.5000  -30.0000  -15.0000 2558.6113   21.3145
    0.0000  -30.0000  -15.0000 2562.5452   21.1484
    7.5000  -30.0000  -15.0000 2540.4402   21.4434
   -7.5000  -22.5000  -15.0000 2640.0488   19.6806
    0.0000  -22.5000  -15.0000 2644.3369   19.5545
    7.5000  -22.5000  -15.0000 2621.6758   19.8673
   -7.5000  -15.0000  -15.0000 2705.8044   18.4276
    0.0000  -15.0000  -15.0000 2710.3103   18.3244
    7.5000  -15.0000  -15.0000 2692.0142   18.6212
   -7.5000   -7.5000  -15.0000 2767.4607   17.4702
    0.0000   -7.5000  -15.0000 2771.0632   17.3377
    7.5000   -7.5000  -15.0000 2748.7905   17.6121
   -7.5000    0.0000  -15.0000 2808.0251   16.7456
    0.0000    0.0000  -15.0000 2812.1084   16.6201
    7.5000    0.0000  -15.0000 2791.7529   16.9160
   -7.5000    7.5000  -15.0000 2843.5210   16.2772
    0.0000    7.5000  -15.0000 2843.7312   16.1372
    7.5000    7.5000  -15.0000 2824.2366   16.4662
   -7.5000   15.0000  -15.0000 2864.4685   16.0147
    0.0000   15.0000  -15.0000 2870.4653   15.8581
    7.5000   15.0000  -15.0000 2847.4822   16.2654
   -7.5000   22.5000  -15.0000 2870.4639   16.0321
    0.0000   22.5000  -15.0000 2880.8171   15.8642
    7.5000   22.5000  -15.0000 2850.6699   16.3075
   -7.5000   30.0000  -15.0000 2862.7129   16.1570
    0.0000   30.0000  -15.0000 2870.1875   16.0625
    7.5000   30.0000  -15.0000 2833.8503   16.4913
   -7.5000   37.5000  -15.0000 2839.8091   16.8018
    0.0000   37.5000  -15.0000 2840.3804   16.6190
    7.5000   37.5000  -15.0000 2817.1521   17.0896
   -7.5000   45.0000  -15.0000 2794.6631   17.7725
    0.0000   45.0000  -15.0000 2793.8799   17.5960
    7.5000   45.0000  -15.0000 2768.5559   17.9957
   -7.5000   52.5000  -15.0000 2696.9590   18.8612
    0.0000   52.5000  -15.0000 2696.1033   18.7203
    7.5000   52.5000  -15.0000 2678.4343   19.1134
   -7.5000   60.0000  -15.0000 2537.9263   20.0470
    0.0000   60.0000  -15.0000 2542.1272   19.9013
    7.5000   60.0000  -15.0000 2519.9438   20.3421
   -7.5000  -30.0000   -7.5000 2604.1218   20.8622
    0.0000  -30.0000   -7.5000 2606.4448   20.6077
    7.5000  -30.0000   -7.5000 2580.1707   20.8439
   -7.5000  -22.5000   -7.5000 2679.6606   19.2765
    0.0000  -22.5000   -7.5000 2680.0171   19.0669
    7.5000  -22.5000   -7.5000 2665.0317   19.3357
   -7.5000  -15.0000   -7.5000 2741.5049   18.0137
    0.0000  -15.0000   -7.5000 2745.4788   17.8504
    7.5000  -15.0000   -7.5000 2727.8047   18.0529
   -7.5000   -7.5000   -7.5000 2798.3813   17.0346
    0.0000   -7.5000   -7.5000 2801.2856   16.8575
    7.5000   -7.5000   -7.5000 2780.3225   17.0504
   -7.5000    0.0000   -7.5000 2839.1060   16.3309
    0.0000    0.0000   -7.5000 2843.6362   16.1571
    7.5000    0.0000   -7.5000 2825.9675   16.3203
   -7.5000    7.5000   -7.5000 2881.1885   15.8828
    0.0000    7.5000   -7.5000 2881.8459   15.7206
    7.5000    7.5000   -7.5000 2857.7849   15.9031
   -7.5000   15.0000   -7.5000 2916.8171   15.6800
    0.0000   15.0000   -7.5000 2919.9680   15.5039
    7.5000   15.0000   -7.5000 2892.6292   15.7518
   -7.5000   22.5000   -7.5000 2940.6057   15.8008
    0.0000   22.5000   -7.5000 2948.8313   15.6385
    7.5000   22.5000   -7.5000 2908.8450   15.8787
   -7.5000   30.0000   -7.5000 2924.7698   15.8212
    0.0000   30.0000   -7.5000 2933.8940   15.6933
    7.5000   30.0000   -7.5000 2886.4839   16.1131
   -7.5000   37.5000   -7.5000 2883.9519   16.2489
    0.0000   37.5000   -7.5000 2879.4834   16.0083
    7.5000   37.5000   -7.5000 2856.3625   16.5622
   -7.5000   45.0000   -7.5000 2834.2825   17.2016
    0.0000   45.0000   -7.5000 2838.2410   16.9848
    7.5000   45.0000   -7.5000 2808.3350   17.4263
   -7.5000   52.5000   -7.5000 2743.6743   18.3593
    0.0000   52.5000   -7.5000 2748.4990   18.1557
    7.5000   52.5000   -7.5000 2717.4531   18.5554
   -7.5000   60.0000   -7.5000 2580.4939   19.5720
    0.0000   60.0000   -7.5000 2585.8979   19.3696
    7.5000   60.0000   -7.5000 2559.3660   19.7840
   -7.5000  -30.0000    0.0000 2628.1799   20.5863
    0.0000  -30.0000    0.0000 2629.8716   20.3293
    7.5000  -30.0000    0.0000 2602.2124   20.4572
   -7.5000  -22.5000    0.0000 2699.5264   19.0696
    0.0000  -22.5000    0.0000 2693.7803   18.8231
    7.5000  -22.5000    0.0000 2674.9980   18.9338
   -7.5000  -15.0000    0.0000 2757.4729   17.8578
    0.0000  -15.0000    0.0000 2752.8279   17.6353
    7.5000  -15.0000    0.0000 2742.7607   17.6967
   -7.5000   -7.5000    0.0000 2812.5803   16.9480
    0.0000   -7.5000    0.0000 2807.8708   16.7274
    7.5000   -7.5000    0.0000 2800.3713   16.7355
   -7.5000    0.0000    0.0000 2856.8228   16.3002
    0.0000    0.0000    0.0000 2860.4456   16.1095
    7.5000    0.0000    0.0000 2842.3291   16.0561
   -7.5000    7.5000    0.0000 2908.0005   15.9409
    0.0000    7.5000    0.0000 2911.5437   15.7540
    7.5000    7.5000    0.0000 2881.0618   15.7160
   -7.5000   15.0000    0.0000 2971.9443   15.8342
    0.0000   15.0000    0.0000 2976.9858   15.6470
    7.5000   15.0000    0.0000 2927.3201   15.5883
   -7.5000   22.5000    0.0000 3015.0928   16.0524
    0.0000   22.5000    0.0000 3027.7351   15.9126
    7.5000   22.5000    0.0000 2949.9038   15.6971
   -7.5000   30.0000    0.0000 3000.7883   16.1221
    0.0000   30.0000    0.0000 3007.0505   15.9745
    7.5000   30.0000    0.0000 2937.4678   16.0636
   -7.5000   37.5000    0.0000 2917.3916   16.1384
    0.0000   37.5000    0.0000 2917.0781   15.9199
    7.5000   37.5000    0.0000 2894.2856   16.4559
   -7.5000   45.0000    0.0000 2854.3777   16.9484
    0.0000   45.0000    0.0000 2857.4150   16.7058
    7.5000   45.0000    0.0000 2825.6992   17.1623
   -7.5000   52.5000    0.0000 2756.5500   18.0944
    0.0000   52.5000    0.0000 2761.1287   17.8411
    7.5000   52.5000    0.0000 2727.9263   18.2300
   -7.5000   60.0000    0.0000 2599.3584   19.3391
    0.0000   60.0000    0.0000 2596.7476   19.0746
    7.5000   60.0000    0.0000 2573.2449   19.4349
   -7.5000  -30.0000    7.5000 2652.5742   20.7256
    0.0000  -30.0000    7.5000 2652.3118   20.4453
    7.5000  -30.0000    7.5000 2625.4587   20.5813
   -7.5000  -22.5000    7.5000 2722.7917   19.1528
    0.0000  -22.5000    7.5000 2716.0857   18.9161
    7.5000  -22.5000    7.5000 2687.1548   18.9769
   -7.5000  -15.0000    7.5000 2778.3652   17.9225
    0.0000  -15.0000    7.5000 2773.5305   17.7207
    7.5000  -15.0000    7.5000 2750.8044   17.6851
   -7.5000   -7.5000    7.5000 2842.5029   16.9898
    0.0000   -7.5000    7.5000 2841.6877   16.8269
    7.5000   -7.5000    7.5000 2815.1909   16.6944
   -7.5000    0.0000    7.5000 2886.0977   16.3738
    0.0000    0.0000    7.5000 2890.8315   16.2399
    7.5000    0.0000    7.5000 2857.4846   16.0780
   -7.5000    7.5000    7.5000 2934.8101   16.0677
    0.0000    7.5000    7.5000 2944.5295   15.9506
    7.5000    7.5000    7.5000 2897.6001   15.7635
   -7.5000   15.0000    7.5000 3004.9143   16.0378
    0.0000   15.0000    7.5000 3022.2869   15.9892
    7.5000   15.0000    7.5000 2944.1023   15.6381
   -7.5000   22.5000    7.5000 3036.7307   16.1441
    0.0000   22.5000    7.5000 3062.6282   16.1049
    7.5000   22.5000    7.5000 2955.9382   15.7335
   -7.5000   30.0000    7.5000 3004.4880   16.2551
    0.0000   30.0000    7.5000 3010.2585   16.1313
    7.5000   30.0000    7.5000 2943.6848   16.1567
   -7.5000   37.5000    7.5000 2954.2383   16.6334
    0.0000   37.5000    7.5000 2947.2056   16.3899
    7.5000   37.5000    7.5000 2910.2000   16.6717
   -7.5000   45.0000    7.5000 2865.0232   17.1552
    0.0000   45.0000    7.5000 2864.3596   16.9542
    7.5000   45.0000    7.5000 2831.9426   17.3185
   -7.5000   52.5000    7.5000 2746.0696   18.0596
    0.0000   52.5000    7.5000 2745.8179   17.8532
    7.5000   52.5000    7.5000 2723.2461   18.2275
   -7.5000   60.0000    7.5000 2586.7327   19.2076
    0.0000   60.0000    7.5000 2585.3059   18.9919
    7.5000   60.0000    7.5000 2572.2253   19.3606
   -7.5000  -30.0000   15.0000 2638.9229   21.0366
    0.0000  -30.0000   15.0000 2640.7468   20.7039
    7.5000  -30.0000   15.0000 2610.0615   20.9483
   -7.5000  -22.5000   15.0000 2720.3455   19.4157
    0.0000  -22.5000   15.0000 2714.1294   19.1309
    7.5000  -22.5000   15.0000 2682.4287   19.3477
   -7.5000  -15.0000   15.0000 2783.3809   18.1753
    0.0000  -15.0000   15.0000 2777.5403   17.9326
    7.5000  -15.0000   15.0000 2755.7820   18.0613
   -7.5000   -7.5000   15.0000 2847.0916   17.2275
    0.0000   -7.5000   15.0000 2840.7007   17.0332
    7.5000   -7.5000   15.0000 2832.4854   17.0938
   -7.5000    0.0000   15.0000 2880.0215   16.5666
    0.0000    0.0000   15.0000 2880.6697   16.4146
    7.5000    0.0000   15.0000 2864.6108   16.4412
   -7.5000    7.5000   15.0000 2919.1538   16.1150
    0.0000    7.5000   15.0000 2925.1855   16.0267
    7.5000    7.5000   15.0000 2896.2783   15.9984
   -7.5000   15.0000   15.0000 2965.3696   15.9108
    0.0000   15.0000   15.0000 2977.3105   15.9085
    7.5000   15.0000   15.0000 2923.6084   15.7542
   -7.5000   22.5000   15.0000 2965.0325   15.8090
    0.0000   22.5000   15.0000 2982.9653   15.7219
    7.5000   22.5000   15.0000 2927.6152   15.8911
   -7.5000   30.0000   15.0000 2955.6726   16.1434
    0.0000   30.0000   15.0000 2960.8972   16.0473
    7.5000   30.0000   15.0000 2916.0044   16.3047
   -7.5000   37.5000   15.0000 2929.8325   16.8262
    0.0000   37.5000   15.0000 2931.4316   16.6480
    7.5000   37.5000   15.0000 2881.7153   16.8891
   -7.5000   45.0000   15.0000 2853.7703   17.7503
    0.0000   45.0000   15.0000 2858.6780   17.5375
    7.5000   45.0000   15.0000 2817.3848   17.7920
   -7.5000   52.5000   15.0000 2724.9399   18.6731
    0.0000   52.5000   15.0000 2727.4575   18.4495
    7.5000   52.5000   15.0000 2701.0796   18.7233
   -7.5000   60.0000   15.0000 2556.5488   19.6860
    0.0000   60.0000   15.0000 2558.9956   19.4733
    7.5000   60.0000   15.0000 2536.9604   19.8134
   -7.5000  -30.0000   22.5000 2613.3599   21.4220
    0.0000  -30.0000   22.5000 2610.9819   21.0391
    7.5000  -30.0000   22.5000 2594.1660   21.4655
   -7.5000  -22.5000   22.5000 2693.1987   19.7259
    0.0000  -22.5000   22.5000 2689.6035   19.4052
    7.5000  -22.5000   22.5000 2667.4763   19.7860
   -7.5000  -15.0000   22.5000 2758.0371   18.4209
    0.0000  -15.0000   22.5000 2759.5747   18.1733
    7.5000  -15.0000   22.5000 2744.9426   18.4391
   -7.5000   -7.5000   22.5000 2824.6179   17.4573
    0.0000   -7.5000   22.5000 2832.2659   17.2540
    7.5000   -7.5000   22.5000 2818.7769   17.4025
   -7.5000    0.0000   22.5000 2860.1609   16.7934
    0.0000    0.0000   22.5000 2867.2568   16.6322
    7.5000    0.0000   22.5000 2853.8740   16.7274
   -7.5000    7.5000   22.5000 2894.6812   16.3255
    0.0000    7.5000   22.5000 2905.5640   16.2244
    7.5000    7.5000   22.5000 2879.0774   16.2941
   -7.5000   15.0000   22.5000 2920.9138   16.0547
    0.0000   15.0000   22.5000 2934.2720   15.9419
    7.5000   15.0000   22.5000 2899.7693   16.1040
   -7.5000   22.5000   22.5000 2920.9917   16.0620
    0.0000   22.5000   22.5000 2933.8066   15.8524
    7.5000   22.5000   22.5000 2897.9167   16.2607
   -7.5000   30.0000   22.5000 2918.1631   16.4976
    0.0000   30.0000   22.5000 2928.4756   16.4311
    7.5000   30.0000   22.5000 2887.2258   16.6977
   -7.5000   37.5000   22.5000 2880.8833   17.2353
    0.0000   37.5000   22.5000 2894.5703   17.1046
    7.5000   37.5000   22.5000 2853.8345   17.3987
   -7.5000   45.0000   22.5000 2808.2036   18.3137
    0.0000   45.0000   22.5000 2821.5532   18.1160
    7.5000   45.0000   22.5000 2789.4600   18.3710
   -7.5000   52.5000   22.5000 2694.2058   19.4009
    0.0000   52.5000   22.5000 2699.2034   19.1794
    7.5000   52.5000   22.5000 2674.7781   19.4451
   -7.5000   60.0000   22.5000 2526.5161   20.4212
    0.0000   60.0000   22.5000 2531.3882   20.2338
    7.5000   60.0000   22.5000 2505.2954   20.4992
   -7.5000  -30.0000   30.0000 2566.8875   21.9131
    0.0000  -30.0000   30.0000 2571.0657   21.5112
    7.5000  -30.0000   30.0000 2555.0991   21.9683
   -7.5000  -22.5000   30.0000 2652.6782   20.2027
    0.0000  -22.5000   30.0000 2655.2380   19.8463
    7.5000  -22.5000   30.0000 2639.9434   20.2752
   -7.5000  -15.0000   30.0000 2727.3323   18.8614
    0.0000  -15.0000   30.0000 2732.8203   18.5734
    7.5000  -15.0000   30.0000 2715.9519   18.9072
   -7.5000   -7.5000   30.0000 2799.5088   17.9158
    0.0000   -7.5000   30.0000 2808.7886   17.6606
    7.5000   -7.5000   30.0000 2792.1753   17.9067
   -7.5000    0.0000   30.0000 2843.4895   17.2605
    0.0000    0.0000   30.0000 2847.5652   17.0556
    7.5000    0.0000   30.0000 2832.8352   17.2208
   -7.5000    7.5000   30.0000 2871.5349   16.8065
    0.0000    7.5000   30.0000 2875.6885   16.6107
    7.5000    7.5000   30.0000 2858.3806   16.7807
   -7.5000   15.0000   30.0000 2884.1226   16.5977
    0.0000   15.0000   30.0000 2886.0073   16.2561
    7.5000   15.0000   30.0000 2872.3628   16.6885
   -7.5000   22.5000   30.0000 2882.7524   16.7014
    0.0000   22.5000   30.0000 2886.3298   16.4629
    7.5000   22.5000   30.0000 2851.5200   16.8100
   -7.5000   30.0000   30.0000 2862.3608   17.2321
    0.0000   30.0000   30.0000 2868.7173   17.1234
    7.5000   30.0000   30.0000 2837.1370   17.3354
   -7.5000   37.5000   30.0000 2824.9153   18.0253
    0.0000   37.5000   30.0000 2831.9023   17.8870
    7.5000   37.5000   30.0000 2797.6279   18.1121
   -7.5000   45.0000   30.0000 2752.9189   19.0997
    0.0000   45.0000   30.0000 2757.2349   18.8806
    7.5000   45.0000   30.0000 2735.0425   19.1335
   -7.5000   52.5000   30.0000 2645.4768   20.3029
    0.0000   52.5000   30.0000 2652.1760   20.0981
    7.5000   52.5000   30.0000 2627.8889   20.3709
   -7.5000   60.0000   30.0000 2479.7356   21.3233
    0.0000   60.0000   30.0000 2483.7476   21.1483
    7.5000   60.0000   30.0000 2459.5090   21.4531
   -7.5000  -30.0000   37.5000 2522.9363   22.7750
    0.0000  -30.0000   37.5000 2530.7717   22.3358
    7.5000  -30.0000   37.5000 2509.3328   22.8240
   -7.5000  -22.5000   37.5000 2620.0371   21.0531
    0.0000  -22.5000   37.5000 2619.7708   20.6247
    7.5000  -22.5000   37.5000 2599.9448   21.0933
   -7.5000  -15.0000   37.5000 2688.0894   19.6787
    0.0000  -15.0000   37.5000 2687.3152   19.2821
    7.5000  -15.0000   37.5000 2674.1699   19.6741
   -7.5000   -7.5000   37.5000 2761.4019   18.6714
    0.0000   -7.5000   37.5000 2763.1597   18.3184
    7.5000   -7.5000   37.5000 2746.4165   18.5889
   -7.5000    0.0000   37.5000 2807.1084   17.9452
    0.0000    0.0000   37.5000 2809.2961   17.6700
    7.5000    0.0000   37.5000 2791.1555   17.8910
   -7.5000    7.5000   37.5000 2835.7463   17.4735
    0.0000    7.5000   37.5000 2837.4583   17.1124
    7.5000    7.5000   37.5000 2811.9519   17.4532
   -7.5000   15.0000   37.5000 2838.2100   17.3722
    0.0000   15.0000   37.5000 2835.3655   16.9574
    7.5000   15.0000   37.5000 2804.1909   17.4297
   -7.5000   22.5000   37.5000 2824.3240   17.5877
    0.0000   22.5000   37.5000 2825.7756   17.3560
    7.5000   22.5000   37.5000 2792.8484   17.6697
   -7.5000   30.0000   37.5000 2798.1377   18.2390
    0.0000   30.0000   37.5000 2806.9697   18.0355
    7.5000   30.0000   37.5000 2770.1819   18.2887
   -7.5000   37.5000   37.5000 2751.1763   19.0211
    0.0000   37.5000   37.5000 2760.4712   18.8692
    7.5000   37.5000   37.5000 2731.1816   19.0792
   -7.5000   45.0000   37.5000 2680.7783   20.0961
    0.0000   45.0000   37.5000 2684.9590   19.8804
    7.5000   45.0000   37.5000 2662.8921   20.1070
   -7.5000   52.5000   37.5000 2576.3528   21.3536
    0.0000   52.5000   37.5000 2579.2737   21.1314
    7.5000   52.5000   37.5000 2554.3064   21.3420
   -7.5000   60.0000   37.5000 2412.7009   22.4463
    0.0000   60.0000   37.5000 2415.4438   22.2656
    7.5000   60.0000   37.5000 2398.3040   22.5555
   -7.5000  -30.0000   45.0000 2477.7869   23.9397
    0.0000  -30.0000   45.0000 2486.3975   23.4404
    7.5000  -30.0000   45.0000 2454.7559   23.9156
   -7.5000  -22.5000   45.0000 2568.2136   22.1462
    0.0000  -22.5000   45.0000 2568.9695   21.6646
    7.5000  -22.5000   45.0000 2544.1782   22.1049
   -7.5000  -15.0000   45.0000 2640.0278   20.6885
    0.0000  -15.0000   45.0000 2633.0566   20.2564
    7.5000  -15.0000   45.0000 2614.2893   20.6464
   -7.5000   -7.5000   45.0000 2703.7576   19.5623
    0.0000   -7.5000   45.0000 2705.6853   19.1848
    7.5000   -7.5000   45.0000 2686.1658   19.4763
   -7.5000    0.0000   45.0000 2738.8359   18.8097
    0.0000    0.0000   45.0000 2741.7595   18.4893
    7.5000    0.0000   45.0000 2724.0669   18.7539
   -7.5000    7.5000   45.0000 2762.2805   18.3693
    0.0000    7.5000   45.0000 2762.1965   17.9401
    7.5000    7.5000   45.0000 2739.5977   18.3440
   -7.5000   15.0000   45.0000 2762.7585   18.3263
    0.0000   15.0000   45.0000 2759.2620   17.9006
    7.5000   15.0000   45.0000 2732.0317   18.3552
   -7.5000   22.5000   45.0000 2750.0740   18.6316
    0.0000   22.5000   45.0000 2751.4326   18.3631
    7.5000   22.5000   45.0000 2726.1577   18.7326
   -7.5000   30.0000   45.0000 2719.9856   19.3400
    0.0000   30.0000   45.0000 2724.9021   19.0358
    7.5000   30.0000   45.0000 2699.4507   19.3828
   -7.5000   37.5000   45.0000 2672.1978   20.2015
    0.0000   37.5000   45.0000 2673.5269   19.9384
    7.5000   37.5000   45.0000 2654.2192   20.2568
   -7.5000   45.0000   45.0000 2596.7891   21.2350
    0.0000   45.0000   45.0000 2600.6589   20.9641
    7.5000   45.0000   45.0000 2580.7810   21.2775
   -7.5000   52.5000   45.0000 2495.3381   22.5514
    0.0000   52.5000   45.0000 2497.0840   22.2625
    7.5000   52.5000   45.0000 2475.0654   22.5299
   -7.5000   60.0000   45.0000 2332.7212   23.7108
    0.0000   60.0000   45.0000 2337.3635   23.4803
    7.5000   60.0000   45.0000 2316.1521   23.8030

---------------------------------------------------------------------
imgreg_4dfp /opt/freesurfer/average/711-2C_as_mni_average_305 /opt/freesurfer/average/711-2B_as_mni_average_305_mask talsrcimg_g11 none talsrcimg_to_711-2C_as_mni_average_305_t4 1283
---------------------------------------------------------------------

freesurfer imgreg_4dfp.c
/opt/freesurfer/average/711-2C_as_mni_average_305.4dfp.img
       256       256       256         1
  1.000000  1.000000  1.000000
orientation T byte_order littleendian
Reading image: /opt/freesurfer/average/711-2C_as_mni_average_305.4dfp.img
dimensions:      256       256       256
mmppix:       1.0000   -1.0000   -1.0000
center:     128.0000 -129.0000 -129.0000
/opt/freesurfer/average/711-2B_as_mni_average_305_mask.4dfp.img
       256       256       256         1
  1.000000  1.000000  1.000000
orientation T byte_order littleendian
Reading mask: /opt/freesurfer/average/711-2B_as_mni_average_305_mask.4dfp.img (2306576 pixels)
talsrcimg_g11.4dfp.img
       256       256       256         1
  1.000000  1.000000  1.000000
orientation T byte_order littleendian
Reading image: talsrcimg_g11.4dfp.img
dimensions:      256       256       256
mmppix:       1.0000   -1.0000   -1.0000
center:     128.0000 -129.0000 -129.0000
rotation matrix determinant  1.000000
fimgreg.f
image alignment mode   1283 decimal      503 hex
parameters
    0.0000   22.5000    7.5000    0.0000    0.0000    0.0000
eta,q 0.96040 16.16299
niter,ni,del,rscale     5    3   12.0000    1.2000
parameter  1  0.501923 ->  0.500000 qaram    1.1500
parameter  3  0.583111 ->  0.500000 qaram    1.1500
parameter  4 -0.658515 -> -0.500000 qaram    1.1500
parameters
   -3.4500   23.4928    4.0500    3.4500   -0.9663   -2.8385
eta,q 0.96904 16.12210
  0.0439  0.0512  0.0386  0.0448  0.0390  0.0314
  0.0386  0.0467  0.0344  0.0412  0.0344  0.0308
  0.0377  0.0409  0.0346  0.0367  0.0318  0.0311
  0.0419  0.0377  0.0387  0.0342  0.0317  0.0315
  0.0509  0.0405  0.0461  0.0323  0.0345  0.0329
  0.0607  0.0419  0.0551  0.0319  0.0392  0.0363
  0.0694  0.0450  0.0617  0.0329  0.0451  0.0406
niter,ni,del,rscale     7    3   12.0000    1.2000
parameters
   -2.9770   22.0974    5.2274    6.1972   -1.2148   -2.5277
eta,q 0.97361 16.16097
  0.0595  0.0394  0.0591  0.0409  0.0373  0.0349
  0.0473  0.0315  0.0472  0.0369  0.0314  0.0304
  0.0362  0.0278  0.0349  0.0318  0.0273  0.0274
  0.0310  0.0309  0.0280  0.0280  0.0264  0.0263
  0.0334  0.0372  0.0296  0.0264  0.0284  0.0274
  0.0418  0.0417  0.0343  0.0273  0.0324  0.0298
  0.0535  0.0476  0.0450  0.0305  0.0392  0.0330
niter,ni,del,rscale     6    3   12.0000    1.2000
parameters
   -2.5568   21.1252    5.7161    6.5894   -1.5578   -2.5811
eta,q 0.97441 16.18957
  0.0597  0.0397  0.0535  0.0377  0.0360  0.0335
  0.0451  0.0317  0.0416  0.0315  0.0302  0.0288
  0.0318  0.0266  0.0305  0.0270  0.0265  0.0260
  0.0264  0.0264  0.0256  0.0256  0.0257  0.0256
  0.0296  0.0328  0.0278  0.0267  0.0275  0.0270
  0.0396  0.0410  0.0346  0.0301  0.0316  0.0295
  0.0529  0.0484  0.0482  0.0350  0.0388  0.0331
niter,ni,del,rscale     5    3   12.0000    1.2000
parameters
   -2.3956   20.9473    5.8267    6.6702   -1.6890   -2.6214
eta,q 0.97428 16.19074
  0.0576  0.0443  0.0515  0.0369  0.0365  0.0335
  0.0422  0.0350  0.0395  0.0307  0.0307  0.0288
  0.0295  0.0288  0.0292  0.0267  0.0269  0.0261
  0.0256  0.0257  0.0257  0.0257  0.0257  0.0257
  0.0299  0.0293  0.0286  0.0272  0.0271  0.0271
  0.0407  0.0378  0.0372  0.0310  0.0309  0.0295
  0.0541  0.0457  0.0507  0.0358  0.0379  0.0331
niter,ni,del,rscale     4    3   12.0000    1.2000
parameters
   -2.3474   20.8955    5.8553    6.6912   -1.7311   -2.6326
eta,q 0.97422 16.19032
  0.0567  0.0451  0.0511  0.0368  0.0368  0.0337
  0.0412  0.0357  0.0391  0.0306  0.0310  0.0289
  0.0290  0.0293  0.0290  0.0267  0.0270  0.0262
  0.0257  0.0258  0.0258  0.0258  0.0258  0.0258
  0.0304  0.0288  0.0289  0.0273  0.0270  0.0271
  0.0414  0.0372  0.0379  0.0312  0.0307  0.0294
  0.0548  0.0453  0.0513  0.0360  0.0375  0.0331
registration optimization eta report
parameter search radius
    6.9000    6.0000    6.9000    6.9000    6.0000    6.0000
100000*second partial in parameter space
       62.       52.       53.       22.       32.       21.
  0.0567  0.0451  0.0511  0.0368  0.0368  0.0337
  0.0412  0.0357  0.0391  0.0306  0.0310  0.0289
  0.0290  0.0293  0.0290  0.0267  0.0270  0.0262
  0.0257  0.0258  0.0258  0.0258  0.0258  0.0258
  0.0304  0.0288  0.0289  0.0273  0.0270  0.0271
  0.0414  0.0372  0.0379  0.0312  0.0307  0.0294
  0.0548  0.0453  0.0513  0.0360  0.0375  0.0331
   -2.3474   20.8955    5.8553    6.6912   -1.7311   -2.6326
eta,q 0.97422 16.19032

---------------------------------------------------------------------
imgreg_4dfp /opt/freesurfer/average/711-2C_as_mni_average_305 /opt/freesurfer/average/711-2B_as_mni_average_305_mask talsrcimg_g11 none talsrcimg_to_711-2C_as_mni_average_305_t4 3335
---------------------------------------------------------------------

freesurfer imgreg_4dfp.c
/opt/freesurfer/average/711-2C_as_mni_average_305.4dfp.img
       256       256       256         1
  1.000000  1.000000  1.000000
orientation T byte_order littleendian
Reading image: /opt/freesurfer/average/711-2C_as_mni_average_305.4dfp.img
dimensions:      256       256       256
mmppix:       1.0000   -1.0000   -1.0000
center:     128.0000 -129.0000 -129.0000
/opt/freesurfer/average/711-2B_as_mni_average_305_mask.4dfp.img
       256       256       256         1
  1.000000  1.000000  1.000000
orientation T byte_order littleendian
Reading mask: /opt/freesurfer/average/711-2B_as_mni_average_305_mask.4dfp.img (2306576 pixels)
talsrcimg_g11.4dfp.img
       256       256       256         1
  1.000000  1.000000  1.000000
orientation T byte_order littleendian
Reading image: talsrcimg_g11.4dfp.img
dimensions:      256       256       256
mmppix:       1.0000   -1.0000   -1.0000
center:     128.0000 -129.0000 -129.0000
fimgreg.f
image alignment mode   3335 decimal      D07 hex
parameters
   -2.3474   20.8955    5.8553   -0.1511   -0.8021   -0.7265
    4.9134    2.4619   -4.5910  -11.7774   -3.0209   11.6466
eta,q 0.97221 16.27428
niter,ni,del,rscale     5    3    5.0000    1.2000
parameter  5  0.661694 ->  0.500000 qaram    1.1500
parameters
   -2.4480   21.3609    6.1235   -2.6355   -4.9421   -2.8641
    4.2997    3.2119   -3.9920  -15.3274   -2.4640    9.4484
eta,q 0.97438 16.01476
  0.0315  0.0326  0.0313  0.0291  0.0262  0.0280  0.0286  0.0309  0.0286  0.0264  0.0269  0.0262
  0.0295  0.0303  0.0294  0.0281  0.0257  0.0271  0.0272  0.0283  0.0273  0.0259  0.0262  0.0258
  0.0282  0.0287  0.0282  0.0274  0.0259  0.0264  0.0265  0.0269  0.0266  0.0257  0.0259  0.0256
  0.0278  0.0278  0.0277  0.0276  0.0274  0.0257  0.0263  0.0263  0.0262  0.0262  0.0257  0.0257
  0.0283  0.0278  0.0278  0.0293  0.0307  0.0268  0.0268  0.0264  0.0264  0.0274  0.0258  0.0261
  0.0298  0.0285  0.0285  0.0326  0.0350  0.0319  0.0279  0.0273  0.0269  0.0290  0.0260  0.0269
  0.0323  0.0299  0.0300  0.0370  0.0391  0.0385  0.0295  0.0293  0.0279  0.0309  0.0265  0.0282
niter,ni,del,rscale     5    3    5.0000    1.2000
parameter  2 -0.517105 -> -0.500000 qaram    1.1500
parameters
   -2.0293   22.7409    6.3676   -1.9414   -6.1976   -3.0559
    4.0888    3.1864   -4.2237  -14.6009   -2.3040    8.1287
eta,q 0.97530 16.01659
  0.0291  0.0305  0.0263  0.0279  0.0290  0.0276  0.0279  0.0292  0.0271  0.0277  0.0261  0.0257
  0.0275  0.0284  0.0254  0.0269  0.0271  0.0264  0.0262  0.0265  0.0258  0.0262  0.0253  0.0251
  0.0263  0.0268  0.0248  0.0258  0.0254  0.0254  0.0251  0.0251  0.0250  0.0252  0.0249  0.0247
  0.0256  0.0255  0.0247  0.0247  0.0244  0.0247  0.0248  0.0248  0.0248  0.0248  0.0247  0.0248
  0.0256  0.0248  0.0248  0.0242  0.0256  0.0238  0.0252  0.0253  0.0251  0.0249  0.0249  0.0251
  0.0261  0.0247  0.0251  0.0252  0.0294  0.0249  0.0264  0.0267  0.0260  0.0256  0.0253  0.0258
  0.0274  0.0255  0.0257  0.0277  0.0338  0.0299  0.0283  0.0291  0.0274  0.0267  0.0259  0.0270
niter,ni,del,rscale     5    3    5.0000    1.2000
parameters
   -1.9863   22.5626    6.4854   -1.3184   -6.3143   -2.9197
    4.0179    3.2050   -4.3570  -14.5614   -2.0994    8.4293
eta,q 0.97552 16.04424
  0.0278  0.0278  0.0261  0.0278  0.0295  0.0276  0.0277  0.0291  0.0267  0.0269  0.0260  0.0261
  0.0262  0.0260  0.0253  0.0269  0.0275  0.0263  0.0259  0.0264  0.0255  0.0256  0.0251  0.0253
  0.0252  0.0249  0.0248  0.0258  0.0258  0.0252  0.0248  0.0249  0.0247  0.0247  0.0246  0.0247
  0.0247  0.0247  0.0247  0.0247  0.0245  0.0245  0.0245  0.0245  0.0245  0.0245  0.0245  0.0245
  0.0250  0.0253  0.0248  0.0243  0.0243  0.0236  0.0249  0.0250  0.0247  0.0248  0.0246  0.0246
  0.0260  0.0266  0.0252  0.0252  0.0267  0.0243  0.0260  0.0264  0.0256  0.0256  0.0251  0.0250
  0.0277  0.0287  0.0258  0.0277  0.0310  0.0290  0.0278  0.0289  0.0269  0.0269  0.0258  0.0259
niter,ni,del,rscale     4    3    5.0000    1.2000
parameters
   -1.9916   22.4830    6.5320   -1.3018   -6.3967   -2.9530
    4.0532    3.1504   -4.4240  -14.6028   -2.0633    8.6188
eta,q 0.97550 16.03877
  0.0276  0.0279  0.0259  0.0275  0.0295  0.0276  0.0277  0.0290  0.0268  0.0269  0.0259  0.0261
  0.0260  0.0260  0.0250  0.0266  0.0275  0.0263  0.0260  0.0263  0.0255  0.0256  0.0251  0.0253
  0.0249  0.0248  0.0246  0.0255  0.0258  0.0252  0.0249  0.0249  0.0248  0.0248  0.0246  0.0247
  0.0245  0.0245  0.0245  0.0245  0.0245  0.0245  0.0245  0.0245  0.0245  0.0245  0.0245  0.0245
  0.0248  0.0250  0.0246  0.0243  0.0243  0.0236  0.0248  0.0251  0.0248  0.0248  0.0247  0.0246
  0.0259  0.0262  0.0250  0.0257  0.0266  0.0245  0.0259  0.0265  0.0256  0.0256  0.0251  0.0251
  0.0278  0.0283  0.0257  0.0285  0.0309  0.0294  0.0277  0.0290  0.0269  0.0270  0.0259  0.0260
niter,ni,del,rscale     3    3    5.0000    1.2000
parameters
   -1.9945   22.4530    6.5794   -1.2794   -6.4679   -2.9595
    4.0666    3.1305   -4.4344  -14.6154   -2.0610    8.7351
eta,q 0.97548 16.03649
  0.0276  0.0280  0.0259  0.0276  0.0295  0.0276  0.0277  0.0290  0.0268  0.0269  0.0259  0.0260
  0.0260  0.0261  0.0251  0.0266  0.0275  0.0263  0.0260  0.0263  0.0256  0.0257  0.0251  0.0253
  0.0249  0.0249  0.0246  0.0255  0.0258  0.0252  0.0249  0.0249  0.0248  0.0248  0.0246  0.0247
  0.0245  0.0245  0.0245  0.0245  0.0245  0.0245  0.0245  0.0245  0.0245  0.0245  0.0245  0.0245
  0.0248  0.0250  0.0246  0.0244  0.0243  0.0236  0.0249  0.0251  0.0248  0.0248  0.0247  0.0247
  0.0259  0.0262  0.0250  0.0257  0.0266  0.0245  0.0260  0.0265  0.0256  0.0256  0.0252  0.0251
  0.0278  0.0282  0.0257  0.0285  0.0309  0.0293  0.0277  0.0290  0.0269  0.0270  0.0259  0.0260
niter,ni,del,rscale     2    3    5.0000    1.2000
parameters
   -1.9970   22.4350    6.6130   -1.2603   -6.5190   -2.9633
    4.0664    3.1208   -4.4371  -14.6208   -2.0667    8.8099
eta,q 0.97547 16.03511
  0.0276  0.0281  0.0259  0.0276  0.0295  0.0276  0.0277  0.0290  0.0269  0.0270  0.0259  0.0260
  0.0260  0.0262  0.0251  0.0266  0.0276  0.0263  0.0260  0.0263  0.0256  0.0257  0.0251  0.0253
  0.0250  0.0249  0.0246  0.0255  0.0258  0.0252  0.0249  0.0249  0.0248  0.0248  0.0247  0.0247
  0.0245  0.0245  0.0245  0.0245  0.0245  0.0245  0.0245  0.0245  0.0245  0.0245  0.0245  0.0245
  0.0248  0.0250  0.0247  0.0244  0.0243  0.0236  0.0249  0.0251  0.0248  0.0249  0.0247  0.0247
  0.0259  0.0262  0.0250  0.0257  0.0266  0.0245  0.0260  0.0265  0.0256  0.0257  0.0252  0.0252
  0.0278  0.0282  0.0258  0.0285  0.0309  0.0293  0.0278  0.0290  0.0269  0.0270  0.0259  0.0260
niter,ni,del,rscale     1    3    5.0000    1.2000
parameters
   -1.9974   22.4213    6.6328   -1.2500   -6.5508   -2.9674
    4.0673    3.1194   -4.4331  -14.6250   -2.0675    8.8607
eta,q 0.97546 16.03404
  0.0277  0.0281  0.0259  0.0276  0.0296  0.0276  0.0277  0.0290  0.0269  0.0270  0.0259  0.0260
  0.0260  0.0262  0.0251  0.0266  0.0276  0.0263  0.0260  0.0263  0.0256  0.0257  0.0251  0.0253
  0.0250  0.0249  0.0246  0.0255  0.0258  0.0252  0.0249  0.0249  0.0248  0.0248  0.0247  0.0247
  0.0245  0.0245  0.0245  0.0245  0.0245  0.0245  0.0245  0.0245  0.0245  0.0245  0.0245  0.0245
  0.0248  0.0250  0.0247  0.0244  0.0243  0.0236  0.0249  0.0251  0.0248  0.0249  0.0247  0.0247
  0.0259  0.0262  0.0251  0.0257  0.0266  0.0245  0.0260  0.0264  0.0256  0.0257  0.0252  0.0252
  0.0278  0.0282  0.0258  0.0285  0.0309  0.0293  0.0278  0.0289  0.0269  0.0270  0.0259  0.0261
registration optimization eta report
parameter search radius
    2.4000    2.7600    2.4000    7.2000    8.2800    7.2000
    7.2000    7.2000    7.2000    7.2000    7.2000    7.2000
100000*second partial in parameter space
       55.       47.       23.        7.        8.        8.
        6.        9.        5.        5.        3.        3.
  0.0277  0.0281  0.0259  0.0276  0.0296  0.0276  0.0277  0.0290  0.0269  0.0270  0.0259  0.0260
  0.0260  0.0262  0.0251  0.0266  0.0276  0.0263  0.0260  0.0263  0.0256  0.0257  0.0251  0.0253
  0.0250  0.0249  0.0246  0.0255  0.0258  0.0252  0.0249  0.0249  0.0248  0.0248  0.0247  0.0247
  0.0245  0.0245  0.0245  0.0245  0.0245  0.0245  0.0245  0.0245  0.0245  0.0245  0.0245  0.0245
  0.0248  0.0250  0.0247  0.0244  0.0243  0.0236  0.0249  0.0251  0.0248  0.0249  0.0247  0.0247
  0.0259  0.0262  0.0251  0.0257  0.0266  0.0245  0.0260  0.0264  0.0256  0.0257  0.0252  0.0252
  0.0278  0.0282  0.0258  0.0285  0.0309  0.0293  0.0278  0.0289  0.0269  0.0270  0.0259  0.0261
   -1.9974   22.4213    6.6328   -1.2500   -6.5508   -2.9674
    4.0673    3.1194   -4.4331  -14.6250   -2.0675    8.8607
eta,q 0.97546 16.03404

---------------------------------------------------------------------
imgreg_4dfp /opt/freesurfer/average/711-2C_as_mni_average_305 /opt/freesurfer/average/711-2B_as_mni_average_305_mask talsrcimg_g11 none talsrcimg_to_711-2C_as_mni_average_305_t4 2311
---------------------------------------------------------------------

freesurfer imgreg_4dfp.c
/opt/freesurfer/average/711-2C_as_mni_average_305.4dfp.img
       256       256       256         1
  1.000000  1.000000  1.000000
orientation T byte_order littleendian
Reading image: /opt/freesurfer/average/711-2C_as_mni_average_305.4dfp.img
dimensions:      256       256       256
mmppix:       1.0000   -1.0000   -1.0000
center:     128.0000 -129.0000 -129.0000
/opt/freesurfer/average/711-2B_as_mni_average_305_mask.4dfp.img
       256       256       256         1
  1.000000  1.000000  1.000000
orientation T byte_order littleendian
Reading mask: /opt/freesurfer/average/711-2B_as_mni_average_305_mask.4dfp.img (2306576 pixels)
talsrcimg_g11.4dfp.img
       256       256       256         1
  1.000000  1.000000  1.000000
orientation T byte_order littleendian
Reading image: talsrcimg_g11.4dfp.img
dimensions:      256       256       256
mmppix:       1.0000   -1.0000   -1.0000
center:     128.0000 -129.0000 -129.0000
fimgreg.f
image alignment mode   2311 decimal      907 hex
parameters
   -1.9974   22.4213    6.6328   -1.2500   -6.5508   -2.9674
    4.0673    3.1194   -4.4331  -14.6250   -2.0675    8.8607
eta,q 0.97546 16.03403
niter,ni,del,rscale     5    3    5.0000    0.8000
parameters
   -1.9564   22.4166    6.6201   -0.3015   -5.6922   -1.0335
    3.8592    3.1226   -4.4117  -14.5767   -2.1232    8.5530
eta,q 0.97653 16.18509
  0.0260  0.0258  0.0251  0.0267  0.0269  0.0259  0.0252  0.0265  0.0248  0.0247  0.0245  0.0242
  0.0253  0.0251  0.0248  0.0259  0.0259  0.0251  0.0242  0.0248  0.0241  0.0240  0.0239  0.0238
  0.0248  0.0247  0.0246  0.0252  0.0250  0.0246  0.0236  0.0237  0.0236  0.0236  0.0235  0.0235
  0.0245  0.0245  0.0245  0.0245  0.0243  0.0241  0.0235  0.0235  0.0235  0.0235  0.0235  0.0235
  0.0247  0.0247  0.0246  0.0243  0.0241  0.0236  0.0238  0.0239  0.0236  0.0236  0.0236  0.0236
  0.0251  0.0251  0.0248  0.0247  0.0245  0.0233  0.0244  0.0248  0.0241  0.0240  0.0240  0.0239
  0.0259  0.0258  0.0251  0.0257  0.0258  0.0245  0.0255  0.0264  0.0248  0.0247  0.0245  0.0245
niter,ni,del,rscale     4    3    5.0000    0.7000
parameters
   -2.0654   22.3831    6.6010   -0.6706   -5.4060   -1.4623
    3.9298    2.9737   -4.3521  -14.7282   -2.2416    8.5287
eta,q 0.97641 16.16824
  0.0246  0.0245  0.0241  0.0250  0.0253  0.0248  0.0251  0.0255  0.0246  0.0244  0.0243  0.0242
  0.0240  0.0239  0.0238  0.0243  0.0246  0.0244  0.0243  0.0244  0.0241  0.0239  0.0238  0.0239
  0.0236  0.0236  0.0235  0.0237  0.0239  0.0240  0.0238  0.0237  0.0237  0.0237  0.0236  0.0237
  0.0235  0.0235  0.0235  0.0235  0.0235  0.0234  0.0236  0.0236  0.0236  0.0236  0.0236  0.0236
  0.0237  0.0236  0.0235  0.0237  0.0234  0.0232  0.0238  0.0239  0.0237  0.0237  0.0237  0.0237
  0.0242  0.0240  0.0238  0.0245  0.0239  0.0242  0.0242  0.0246  0.0240  0.0240  0.0239  0.0239
  0.0251  0.0246  0.0242  0.0259  0.0252  0.0267  0.0250  0.0257  0.0246  0.0246  0.0243  0.0242
niter,ni,del,rscale     3    3    5.0000    0.6000
parameters
   -2.0485   22.4297    6.4663   -0.6110   -5.2130   -1.1275
    3.8492    3.0385   -4.2822  -14.6590   -2.2600    8.2216
eta,q 0.97659 16.18814
  0.0246  0.0245  0.0239  0.0249  0.0250  0.0247  0.0245  0.0252  0.0242  0.0241  0.0240  0.0238
  0.0241  0.0240  0.0237  0.0243  0.0244  0.0243  0.0239  0.0242  0.0238  0.0237  0.0237  0.0236
  0.0237  0.0237  0.0236  0.0238  0.0239  0.0240  0.0235  0.0236  0.0235  0.0235  0.0235  0.0234
  0.0236  0.0236  0.0236  0.0236  0.0236  0.0235  0.0234  0.0234  0.0234  0.0234  0.0234  0.0234
  0.0237  0.0237  0.0237  0.0236  0.0235  0.0232  0.0236  0.0236  0.0235  0.0235  0.0235  0.0235
  0.0240  0.0239  0.0238  0.0241  0.0240  0.0235  0.0239  0.0242  0.0237  0.0237  0.0237  0.0237
  0.0246  0.0244  0.0241  0.0250  0.0249  0.0248  0.0246  0.0250  0.0241  0.0241  0.0240  0.0240
niter,ni,del,rscale     2    3    5.0000    0.5000
parameters
   -2.0584   22.4651    6.4740   -0.6226   -5.0005   -0.7535
    3.8024    3.0437   -4.2470  -14.5895   -2.2831    8.0383
eta,q 0.97674 16.20653
  0.0241  0.0240  0.0238  0.0244  0.0245  0.0244  0.0240  0.0246  0.0238  0.0238  0.0237  0.0236
  0.0237  0.0237  0.0236  0.0239  0.0240  0.0241  0.0236  0.0238  0.0235  0.0235  0.0234  0.0234
  0.0235  0.0235  0.0234  0.0236  0.0237  0.0238  0.0233  0.0234  0.0233  0.0233  0.0233  0.0233
  0.0234  0.0234  0.0234  0.0234  0.0234  0.0234  0.0233  0.0233  0.0233  0.0233  0.0233  0.0233
  0.0235  0.0235  0.0234  0.0235  0.0234  0.0231  0.0234  0.0234  0.0233  0.0233  0.0233  0.0233
  0.0237  0.0236  0.0236  0.0238  0.0237  0.0234  0.0236  0.0239  0.0235  0.0235  0.0235  0.0235
  0.0242  0.0240  0.0237  0.0245  0.0243  0.0243  0.0241  0.0245  0.0238  0.0237  0.0237  0.0237
niter,ni,del,rscale     1    3    5.0000    0.4000
parameters
   -2.0772   22.4763    6.5168   -0.6777   -4.8339   -0.4227
    3.7719    3.0253   -4.2105  -14.5446   -2.3122    7.9253
eta,q 0.97684 16.21884
  0.0237  0.0237  0.0235  0.0239  0.0240  0.0241  0.0237  0.0240  0.0235  0.0235  0.0234  0.0234
  0.0235  0.0234  0.0234  0.0236  0.0237  0.0238  0.0234  0.0235  0.0233  0.0233  0.0233  0.0233
  0.0233  0.0233  0.0233  0.0234  0.0234  0.0235  0.0232  0.0232  0.0232  0.0232  0.0232  0.0232
  0.0233  0.0233  0.0233  0.0233  0.0233  0.0233  0.0232  0.0232  0.0232  0.0232  0.0232  0.0232
  0.0233  0.0233  0.0233  0.0233  0.0233  0.0231  0.0232  0.0233  0.0232  0.0232  0.0232  0.0232
  0.0235  0.0234  0.0233  0.0236  0.0235  0.0233  0.0234  0.0236  0.0233  0.0233  0.0233  0.0233
  0.0238  0.0236  0.0235  0.0240  0.0239  0.0240  0.0237  0.0240  0.0235  0.0235  0.0234  0.0234
registration optimization eta report
parameter search radius
    0.8000    0.8000    0.8000    2.4000    2.4000    2.4000
    2.4000    2.4000    2.4000    2.4000    2.4000    2.4000
100000*second partial in parameter space
       74.       61.       39.       12.       12.       14.
        9.       15.        6.        5.        5.        4.
  0.0237  0.0237  0.0235  0.0239  0.0240  0.0241  0.0237  0.0240  0.0235  0.0235  0.0234  0.0234
  0.0235  0.0234  0.0234  0.0236  0.0237  0.0238  0.0234  0.0235  0.0233  0.0233  0.0233  0.0233
  0.0233  0.0233  0.0233  0.0234  0.0234  0.0235  0.0232  0.0232  0.0232  0.0232  0.0232  0.0232
  0.0233  0.0233  0.0233  0.0233  0.0233  0.0233  0.0232  0.0232  0.0232  0.0232  0.0232  0.0232
  0.0233  0.0233  0.0233  0.0233  0.0233  0.0231  0.0232  0.0233  0.0232  0.0232  0.0232  0.0232
  0.0235  0.0234  0.0233  0.0236  0.0235  0.0233  0.0234  0.0236  0.0233  0.0233  0.0233  0.0233
  0.0238  0.0236  0.0235  0.0240  0.0239  0.0240  0.0237  0.0240  0.0235  0.0235  0.0234  0.0234
   -2.0772   22.4763    6.5168   -0.6777   -4.8339   -0.4227
    3.7719    3.0253   -4.2105  -14.5446   -2.3122    7.9253
eta,q 0.97684 16.21884

---------------------------------------------------------------------
imgreg_4dfp /opt/freesurfer/average/711-2C_as_mni_average_305 /opt/freesurfer/average/711-2B_as_mni_average_305_mask talsrcimg_g11 none talsrcimg_to_711-2C_as_mni_average_305_t4 2311
---------------------------------------------------------------------

freesurfer imgreg_4dfp.c
/opt/freesurfer/average/711-2C_as_mni_average_305.4dfp.img
       256       256       256         1
  1.000000  1.000000  1.000000
orientation T byte_order littleendian
Reading image: /opt/freesurfer/average/711-2C_as_mni_average_305.4dfp.img
dimensions:      256       256       256
mmppix:       1.0000   -1.0000   -1.0000
center:     128.0000 -129.0000 -129.0000
/opt/freesurfer/average/711-2B_as_mni_average_305_mask.4dfp.img
       256       256       256         1
  1.000000  1.000000  1.000000
orientation T byte_order littleendian
Reading mask: /opt/freesurfer/average/711-2B_as_mni_average_305_mask.4dfp.img (2306576 pixels)
talsrcimg_g11.4dfp.img
       256       256       256         1
  1.000000  1.000000  1.000000
orientation T byte_order littleendian
Reading image: talsrcimg_g11.4dfp.img
dimensions:      256       256       256
mmppix:       1.0000   -1.0000   -1.0000
center:     128.0000 -129.0000 -129.0000
fimgreg.f
image alignment mode   2311 decimal      907 hex
parameters
   -2.0772   22.4763    6.5168   -0.6777   -4.8339   -0.4227
    3.7719    3.0253   -4.2105  -14.5446   -2.3122    7.9253
eta,q 0.97684 16.21883
niter,ni,del,rscale     5    3    5.0000    0.8000
parameters
   -2.1327   22.4603    6.5329   -1.2311   -5.2602   -1.4312
    3.9241    3.0054   -4.1945  -14.8174   -2.4051    8.3430
eta,q 0.97637 16.15727
  0.0249  0.0247  0.0244  0.0250  0.0252  0.0249  0.0255  0.0262  0.0249  0.0247  0.0245  0.0246
  0.0239  0.0239  0.0237  0.0242  0.0243  0.0244  0.0245  0.0247  0.0242  0.0240  0.0240  0.0241
  0.0234  0.0233  0.0233  0.0235  0.0236  0.0239  0.0239  0.0239  0.0238  0.0237  0.0237  0.0238
  0.0232  0.0232  0.0232  0.0232  0.0232  0.0233  0.0236  0.0236  0.0236  0.0236  0.0236  0.0236
  0.0234  0.0233  0.0233  0.0235  0.0234  0.0235  0.0238  0.0240  0.0238  0.0238  0.0238  0.0237
  0.0241  0.0239  0.0237  0.0246  0.0245  0.0256  0.0244  0.0248  0.0242  0.0242  0.0241  0.0239
  0.0252  0.0248  0.0244  0.0265  0.0266  0.0293  0.0253  0.0262  0.0249  0.0249  0.0245  0.0243
niter,ni,del,rscale     4    3    5.0000    0.7000
parameters
   -2.0464   22.5001    6.4030   -0.8432   -5.2633   -1.5050
    3.8613    3.0983   -4.2265  -14.6810   -2.3240    8.1208
eta,q 0.97642 16.16666
  0.0251  0.0248  0.0241  0.0255  0.0254  0.0250  0.0250  0.0258  0.0246  0.0246  0.0243  0.0242
  0.0243  0.0242  0.0238  0.0247  0.0246  0.0245  0.0242  0.0246  0.0240  0.0240  0.0239  0.0238
  0.0238  0.0238  0.0236  0.0241  0.0239  0.0241  0.0237  0.0238  0.0237  0.0237  0.0236  0.0236
  0.0236  0.0236  0.0236  0.0236  0.0236  0.0236  0.0236  0.0236  0.0236  0.0236  0.0236  0.0236
  0.0237  0.0237  0.0237  0.0236  0.0236  0.0232  0.0238  0.0238  0.0237  0.0237  0.0237  0.0237
  0.0241  0.0241  0.0239  0.0241  0.0243  0.0238  0.0243  0.0245  0.0240  0.0239  0.0239  0.0239
  0.0248  0.0247  0.0243  0.0251  0.0257  0.0259  0.0251  0.0256  0.0246  0.0244  0.0242  0.0243
niter,ni,del,rscale     3    3    5.0000    0.6000
parameters
   -2.0338   22.5100    6.3549   -0.6658   -5.0627   -1.1083
    3.8187    3.1140   -4.2566  -14.6001   -2.2687    7.9253
eta,q 0.97661 16.19213
  0.0246  0.0244  0.0240  0.0250  0.0250  0.0247  0.0245  0.0252  0.0242  0.0241  0.0240  0.0238
  0.0241  0.0240  0.0237  0.0244  0.0244  0.0243  0.0239  0.0242  0.0237  0.0237  0.0236  0.0236
  0.0237  0.0237  0.0236  0.0239  0.0239  0.0240  0.0235  0.0236  0.0235  0.0235  0.0234  0.0234
  0.0236  0.0236  0.0236  0.0236  0.0236  0.0235  0.0234  0.0234  0.0234  0.0234  0.0234  0.0234
  0.0237  0.0237  0.0236  0.0236  0.0235  0.0232  0.0235  0.0236  0.0235  0.0234  0.0235  0.0235
  0.0240  0.0239  0.0238  0.0240  0.0240  0.0234  0.0239  0.0242  0.0238  0.0237  0.0236  0.0237
  0.0246  0.0244  0.0240  0.0249  0.0249  0.0247  0.0245  0.0251  0.0242  0.0241  0.0239  0.0240
niter,ni,del,rscale     2    3    5.0000    0.5000
parameters
   -2.0522   22.5097    6.4018   -0.6775   -4.8900   -0.7551
    3.8006    3.0718   -4.2575  -14.5717   -2.2646    7.8587
eta,q 0.97674 16.20813
  0.0241  0.0240  0.0238  0.0244  0.0244  0.0244  0.0240  0.0245  0.0238  0.0237  0.0237  0.0236
  0.0237  0.0237  0.0236  0.0239  0.0240  0.0241  0.0236  0.0238  0.0235  0.0235  0.0234  0.0234
  0.0235  0.0235  0.0234  0.0236  0.0236  0.0237  0.0233  0.0234  0.0233  0.0233  0.0233  0.0233
  0.0234  0.0234  0.0234  0.0234  0.0234  0.0234  0.0233  0.0233  0.0233  0.0233  0.0233  0.0233
  0.0235  0.0235  0.0234  0.0235  0.0234  0.0231  0.0234  0.0234  0.0233  0.0233  0.0233  0.0233
  0.0237  0.0237  0.0235  0.0238  0.0237  0.0234  0.0236  0.0239  0.0235  0.0235  0.0235  0.0234
  0.0241  0.0240  0.0237  0.0245  0.0244  0.0243  0.0241  0.0246  0.0238  0.0237  0.0237  0.0236
niter,ni,del,rscale     1    3    5.0000    0.4000
parameters
   -2.0738   22.5055    6.4673   -0.7201   -4.7639   -0.4261
    3.7689    3.0353   -4.2181  -14.5252   -2.2898    7.8020
eta,q 0.97684 16.21954
  0.0237  0.0236  0.0235  0.0239  0.0240  0.0241  0.0237  0.0240  0.0235  0.0235  0.0234  0.0234
  0.0235  0.0234  0.0234  0.0236  0.0236  0.0238  0.0234  0.0235  0.0233  0.0233  0.0233  0.0233
  0.0233  0.0233  0.0233  0.0234  0.0234  0.0235  0.0232  0.0232  0.0232  0.0232  0.0232  0.0232
  0.0233  0.0233  0.0233  0.0233  0.0233  0.0232  0.0232  0.0232  0.0232  0.0232  0.0232  0.0232
  0.0233  0.0233  0.0233  0.0233  0.0233  0.0231  0.0232  0.0233  0.0232  0.0232  0.0232  0.0232
  0.0235  0.0234  0.0233  0.0236  0.0235  0.0233  0.0234  0.0236  0.0233  0.0233  0.0233  0.0233
  0.0238  0.0237  0.0235  0.0240  0.0239  0.0239  0.0237  0.0240  0.0235  0.0235  0.0234  0.0234
registration optimization eta report
parameter search radius
    0.8000    0.8000    0.8000    2.4000    2.4000    2.4000
    2.4000    2.4000    2.4000    2.4000    2.4000    2.4000
100000*second partial in parameter space
       74.       61.       39.       12.       12.       14.
        9.       15.        6.        5.        5.        5.
  0.0237  0.0236  0.0235  0.0239  0.0240  0.0241  0.0237  0.0240  0.0235  0.0235  0.0234  0.0234
  0.0235  0.0234  0.0234  0.0236  0.0236  0.0238  0.0234  0.0235  0.0233  0.0233  0.0233  0.0233
  0.0233  0.0233  0.0233  0.0234  0.0234  0.0235  0.0232  0.0232  0.0232  0.0232  0.0232  0.0232
  0.0233  0.0233  0.0233  0.0233  0.0233  0.0232  0.0232  0.0232  0.0232  0.0232  0.0232  0.0232
  0.0233  0.0233  0.0233  0.0233  0.0233  0.0231  0.0232  0.0233  0.0232  0.0232  0.0232  0.0232
  0.0235  0.0234  0.0233  0.0236  0.0235  0.0233  0.0234  0.0236  0.0233  0.0233  0.0233  0.0233
  0.0238  0.0237  0.0235  0.0240  0.0239  0.0239  0.0237  0.0240  0.0235  0.0235  0.0234  0.0234
   -2.0738   22.5055    6.4673   -0.7201   -4.7639   -0.4261
    3.7689    3.0353   -4.2181  -14.5252   -2.2898    7.8020
eta,q 0.97684 16.21954

---------------------------------------------------------------------
compute_vox2vox talsrcimg talsrcimg_to_711-2C_as_mni_average_305_t4 /opt/freesurfer/average/711-2C_as_mni_average_305
---------------------------------------------------------------------

freesurfer compute_vox2vox.c
Reading: talsrcimg.4dfp.ifh
Reading: talsrcimg_to_711-2C_as_mni_average_305_t4
Reading: /opt/freesurfer/average/711-2C_as_mni_average_305.4dfp.ifh
Writing: talsrcimg_to_711-2C_as_mni_average_305_t4_vox2vox.txt

start time Mon Mar 9 11:15:48 CET 2026
end		time Mon Mar 9 11:17:13 CET 2026

mpr2mni305 success

avi2talxfm orig_nu.mgz /opt/freesurfer/average/mni305.cor.mgz talsrcimg_to_711-2C_as_mni_average_305_t4_vox2vox.txt transforms/talairach.auto.xfm
avi2talxfm done
mv -f /out/sourcedata/freesurfer/sub-v1s21x0050411_ses-1/mri/talsrcimg_to_711-2C_as_mni_average_305_t4_vox2vox.txt /out/sourcedata/freesurfer/sub-v1s21x0050411_ses-1/mri/transforms/talsrcimg_to_711-2C_as_mni_average_305_t4_vox2vox.txt
lta_convert --src orig_nu.mgz --trg /opt/freesurfer/average/mni305.cor.mgz --inxfm transforms/talairach.auto.xfm --outlta transforms/talairach.auto.xfm.lta --subject fsaverage
7.3.2

--src: orig_nu.mgz src image (geometry).
--trg: /opt/freesurfer/average/mni305.cor.mgz trg image (geometry).
--inmni: transforms/talairach.auto.xfm input MNI/XFM transform.
--outlta: transforms/talairach.auto.xfm.lta output LTA.
--s: fsaverage subject name
 LTA read, type : 1
 1.00486  -0.03600  -0.03682   2.44232;
 0.01939   0.99173  -0.08201  -5.00459;
 0.04746   0.14966   1.03588  -24.65894;
 0.00000   0.00000   0.00000   1.00000;
setting subject to fsaverage
Writing  LTA to file transforms/talairach.auto.xfm.lta...
lta_convert successful.
 
 
Started at Mon Mar 9 11:15:47 CET 2026
Ended   at Mon Mar  9 11:17:14 CET 2026
talairach_avi done
