/out/sourcedata/freesurfer/sub-v1s21x0050421_ses-1/mri
/opt/freesurfer/bin/talairach_avi
--i orig_nu.mgz --xfm transforms/talairach.auto.xfm
talairach_avi 7.3.2
Linux dna087 5.14.0-427.37.1.el9_4.x86_64 #1 SMP PREEMPT_DYNAMIC Fri Sep 13 12:41:50 EDT 2024 x86_64 x86_64 x86_64 GNU/Linux
Mon Mar  9 11:28:28 CET 2026
mri_convert orig_nu.mgz talsrcimg.img 
reading from orig_nu.mgz...
TR=0.00, TE=0.00, TI=0.00, flip angle=0.00
i_ras = (-1, 0, 0)
j_ras = (0, 0, -1)
k_ras = (0, 1, 0)
writing to talsrcimg.img...
Analyze Output Matrix
-1.00000   0.00000   0.00000   129.70000;
 0.00000   0.00000   1.00000  -128.50000;
 0.00000  -1.00000   0.00000   129.50000;
 0.00000   0.00000   0.00000   1.00000;
--------------------
INFO: set hdr.hist.orient to -1
mpr2mni305 talsrcimg
Mon Mar  9 11:28:29 CET 2026
/opt/freesurfer/bin/mpr2mni305 talsrcimg
mpr2mni305 7.3.2
target=711-2C_as_mni_average_305

---------------------------------------------------------------------
analyzeto4dfp talsrcimg -O0 -y
---------------------------------------------------------------------

freesurfer ifh2hdr.c
Mon Mar  9 11:28:29 2026
Writing: talsrcimg.4dfp.hdr
freesurfer analyzeto4dfp.c
Reading: talsrcimg.hdr
header size 348 bytes
hdr.dime.datatype	offset=70	value=2
hdr.dime.bitpix		offset=72	value=8
hdr.hist.orient		offset=252	value=-1
dimensionality     4
dimensions       256       256       256         1
Reading: talsrcimg.img
Writing: talsrcimg.4dfp.img
Writing: talsrcimg.4dfp.ifh
ifh2hdr talsrcimg -r0to236
ori=2

---------------------------------------------------------------------
gauss_4dfp talsrcimg 1.1
---------------------------------------------------------------------

freesurfer gauss_4dfp.c
Reading: talsrcimg.4dfp.img
Writing: talsrcimg_g11.4dfp.img
image dimensions 256 256 256 padded to 288 288 288
processing volume 1freesurfer ifh2hdr.c
Mon Mar  9 11:28:30 2026
Writing: talsrcimg_g11.4dfp.hdr

Writing: talsrcimg_g11.4dfp.ifh
including: talsrcimg.4dfp.img.rec in talsrcimg_g11.4dfp.img.rec

---------------------------------------------------------------------
imgreg_4dfp /opt/freesurfer/average/711-2C_as_mni_average_305 none talsrcimg_g11 none talsrcimg_to_711-2C_as_mni_average_305_t4 4355
---------------------------------------------------------------------

freesurfer imgreg_4dfp.c
/opt/freesurfer/average/711-2C_as_mni_average_305.4dfp.img
       256       256       256         1
  1.000000  1.000000  1.000000
orientation T byte_order littleendian
Reading image: /opt/freesurfer/average/711-2C_as_mni_average_305.4dfp.img
dimensions:      256       256       256
mmppix:       1.0000   -1.0000   -1.0000
center:     128.0000 -129.0000 -129.0000
talsrcimg_g11.4dfp.img
       256       256       256         1
  1.000000  1.000000  1.000000
orientation T byte_order littleendian
Reading image: talsrcimg_g11.4dfp.img
dimensions:      256       256       256
mmppix:       1.0000   -1.0000   -1.0000
center:     128.0000 -129.0000 -129.0000
t4_read: open error in t4_sub.f l:  41 t4_file(1:l)talsrcimg_to_711-2C_as_mni_average_305_t4 
t4_read: transform initialized to I4
rotation matrix determinant  1.000000
image alignment mode   4355 decimal     1103 hex
   -7.5000  -45.0000  -45.0000 7354.6494   21.1993
    0.0000  -45.0000  -45.0000 7707.8057   21.1679
    7.5000  -45.0000  -45.0000 7410.7876   21.1630
   -7.5000  -37.5000  -45.0000 7933.9263   20.9395
    0.0000  -37.5000  -45.0000 8322.5625   20.9102
    7.5000  -37.5000  -45.0000 7987.3984   20.8951
   -7.5000  -30.0000  -45.0000 8874.8145   20.8856
    0.0000  -30.0000  -45.0000 9297.0723   20.8530
    7.5000  -30.0000  -45.0000 8911.7881   20.8396
   -7.5000  -22.5000  -45.0000 9734.2988   20.8684
    0.0000  -22.5000  -45.000010182.5059   20.8317
    7.5000  -22.5000  -45.0000 9751.9297   20.8348
   -7.5000  -15.0000  -45.000010406.6475   20.8863
    0.0000  -15.0000  -45.000010888.2744   20.8470
    7.5000  -15.0000  -45.000010419.3574   20.8639
   -7.5000   -7.5000  -45.000011054.6611   20.9353
    0.0000   -7.5000  -45.000011583.5918   20.8991
    7.5000   -7.5000  -45.000011060.2109   20.9105
   -7.5000    0.0000  -45.000011709.7529   20.9631
    0.0000    0.0000  -45.000012283.2012   20.9329
    7.5000    0.0000  -45.000011701.6602   20.9287
   -7.5000    7.5000  -45.000011497.0459   20.9310
    0.0000    7.5000  -45.000012033.2666   20.9017
    7.5000    7.5000  -45.000011498.2695   20.8866
   -7.5000   15.0000  -45.000011267.1123   20.8856
    0.0000   15.0000  -45.000011770.7666   20.8530
    7.5000   15.0000  -45.000011269.9395   20.8396
   -7.5000   22.5000  -45.000010780.2715   20.8656
    0.0000   22.5000  -45.000011296.7188   20.8288
    7.5000   22.5000  -45.000010742.7598   20.8319
   -7.5000   30.0000  -45.000010124.4883   20.6079
    0.0000   30.0000  -45.000010575.1035   20.5691
    7.5000   30.0000  -45.000010080.0068   20.5858
   -7.5000   37.5000  -45.0000 9624.3281   20.6563
    0.0000   37.5000  -45.000010054.2549   20.6206
    7.5000   37.5000  -45.0000 9578.4863   20.6318
   -7.5000   45.0000  -45.0000 8811.0459   20.1585
    0.0000   45.0000  -45.0000 9184.9004   20.1295
    7.5000   45.0000  -45.0000 8752.2275   20.1254
   -7.5000  -45.0000  -37.5000 7829.1582   21.1402
    0.0000  -45.0000  -37.5000 8201.0938   21.1034
    7.5000  -45.0000  -37.5000 7872.6953   21.1031
   -7.5000  -37.5000  -37.5000 8449.9414   20.8806
    0.0000  -37.5000  -37.5000 8856.5635   20.8387
    7.5000  -37.5000  -37.5000 8492.3789   20.8263
   -7.5000  -30.0000  -37.5000 9455.7881   20.8351
    0.0000  -30.0000  -37.5000 9912.9209   20.7870
    7.5000  -30.0000  -37.5000 9482.0488   20.7674
   -7.5000  -22.5000  -37.500010369.3359   20.8268
    0.0000  -22.5000  -37.500010833.8330   20.7794
    7.5000  -22.5000  -37.500010387.9082   20.7697
   -7.5000  -15.0000  -37.500011065.0107   20.8479
    0.0000  -15.0000  -37.500011577.2734   20.8057
    7.5000  -15.0000  -37.500011084.9844   20.8106
   -7.5000   -7.5000  -37.500011778.2285   20.8891
    0.0000   -7.5000  -37.500012317.6875   20.8530
    7.5000   -7.5000  -37.500011784.0742   20.8608
   -7.5000    0.0000  -37.500012449.7646   20.9054
    0.0000    0.0000  -37.500013032.7783   20.8701
    7.5000    0.0000  -37.500012446.2588   20.8707
   -7.5000    7.5000  -37.500012193.2080   20.8721
    0.0000    7.5000  -37.500012759.9590   20.8302
    7.5000    7.5000  -37.500012186.3672   20.8179
   -7.5000   15.0000  -37.500011913.0811   20.8351
    0.0000   15.0000  -37.500012451.9971   20.7870
    7.5000   15.0000  -37.500011910.4443   20.7674
   -7.5000   22.5000  -37.500011348.7051   20.8240
    0.0000   22.5000  -37.500011862.7334   20.7765
    7.5000   22.5000  -37.500011307.9766   20.7669
   -7.5000   30.0000  -37.500010700.2031   20.5701
    0.0000   30.0000  -37.500011149.9199   20.5284
    7.5000   30.0000  -37.500010643.2344   20.5333
   -7.5000   37.5000  -37.500010162.6650   20.6107
    0.0000   37.5000  -37.500010602.7295   20.5751
    7.5000   37.5000  -37.500010110.3184   20.5828
   -7.5000   45.0000  -37.5000 9271.9023   20.1031
    0.0000   45.0000  -37.5000 9679.1865   20.0691
    7.5000   45.0000  -37.5000 9209.7061   20.0697
   -7.5000  -45.0000  -30.0000 8428.0420   21.9889
    0.0000  -45.0000  -30.0000 8837.6533   21.9406
    7.5000  -45.0000  -30.0000 8474.2588   21.9493
   -7.5000  -37.5000  -30.0000 9088.8223   21.7136
    0.0000  -37.5000  -30.0000 9532.7354   21.6593
    7.5000  -37.5000  -30.0000 9131.3848   21.6584
   -7.5000  -30.0000  -30.000010195.1113   21.6693
    0.0000  -30.0000  -30.000010671.9297   21.6128
    7.5000  -30.0000  -30.000010228.7900   21.6019
   -7.5000  -22.5000  -30.000011163.5420   21.6731
    0.0000  -22.5000  -30.000011653.3770   21.6233
    7.5000  -22.5000  -30.000011202.5488   21.6151
   -7.5000  -15.0000  -30.000011922.0391   21.7045
    0.0000  -15.0000  -30.000012445.5518   21.6619
    7.5000  -15.0000  -30.000011956.7744   21.6633
   -7.5000   -7.5000  -30.000012668.9492   21.7408
    0.0000   -7.5000  -30.000013252.8203   21.6992
    7.5000   -7.5000  -30.000012697.7588   21.7081
   -7.5000    0.0000  -30.000013356.8770   21.7450
    0.0000    0.0000  -30.000014027.7617   21.6985
    7.5000    0.0000  -30.000013402.9199   21.7079
   -7.5000    7.5000  -30.000013111.3086   21.7048
    0.0000    7.5000  -30.000013735.0244   21.6505
    7.5000    7.5000  -30.000013118.0234   21.6497
   -7.5000   15.0000  -30.000012800.3301   21.6693
    0.0000   15.0000  -30.000013374.5342   21.6128
    7.5000   15.0000  -30.000012808.4043   21.6019
   -7.5000   22.5000  -30.000012120.1016   21.6679
    0.0000   22.5000  -30.000012644.8750   21.6181
    7.5000   22.5000  -30.000012106.1299   21.6099
   -7.5000   30.0000  -30.000011420.1504   21.4173
    0.0000   30.0000  -30.000011885.6094   21.3753
    7.5000   30.0000  -30.000011390.4395   21.3766
   -7.5000   37.5000  -30.000010863.8164   21.4531
    0.0000   37.5000  -30.000011301.5723   21.4120
    7.5000   37.5000  -30.000010820.8711   21.4209
   -7.5000   45.0000  -30.0000 9921.7920   20.9258
    0.0000   45.0000  -30.000010299.2441   20.8810
    7.5000   45.0000  -30.0000 9861.8213   20.8901
   -7.5000  -45.0000  -22.5000 9050.3174   22.7243
    0.0000  -45.0000  -22.5000 9484.5518   22.6687
    7.5000  -45.0000  -22.5000 9098.8428   22.6807
   -7.5000  -37.5000  -22.5000 9732.7666   22.4336
    0.0000  -37.5000  -22.500010212.6650   22.3800
    7.5000  -37.5000  -22.5000 9780.3516   22.3883
   -7.5000  -30.0000  -22.500010878.1426   22.3781
    0.0000  -30.0000  -22.500011405.8584   22.3307
    7.5000  -30.0000  -22.500010933.6143   22.3365
   -7.5000  -22.5000  -22.500011938.5156   22.3835
    0.0000  -22.5000  -22.500012467.8232   22.3434
    7.5000  -22.5000  -22.500011988.0664   22.3507
   -7.5000  -15.0000  -22.500012788.0918   22.4243
    0.0000  -15.0000  -22.500013327.1797   22.3834
    7.5000  -15.0000  -22.500012830.5693   22.3932
   -7.5000   -7.5000  -22.500013572.0830   22.4665
    0.0000   -7.5000  -22.500014195.7715   22.4175
    7.5000   -7.5000  -22.500013658.2617   22.4300
   -7.5000    0.0000  -22.500014295.9580   22.4721
    0.0000    0.0000  -22.500015006.2871   22.4180
    7.5000    0.0000  -22.500014372.7842   22.4306
   -7.5000    7.5000  -22.500014012.7266   22.4245
    0.0000    7.5000  -22.500014697.9404   22.3710
    7.5000    7.5000  -22.500014057.1250   22.3794
   -7.5000   15.0000  -22.500013642.7637   22.3781
    0.0000   15.0000  -22.500014301.6533   22.3307
    7.5000   15.0000  -22.500013691.4561   22.3365
   -7.5000   22.5000  -22.500012884.3359   22.3765
    0.0000   22.5000  -22.500013469.8789   22.3365
    7.5000   22.5000  -22.500012899.2334   22.3439
   -7.5000   30.0000  -22.500012125.0664   22.1310
    0.0000   30.0000  -22.500012624.6055   22.0906
    7.5000   30.0000  -22.500012111.3936   22.1003
   -7.5000   37.5000  -22.500011538.0342   22.1726
    0.0000   37.5000  -22.500012002.0635   22.1243
    7.5000   37.5000  -22.500011536.0742   22.1366
   -7.5000   45.0000  -22.500010528.8506   21.6417
    0.0000   45.0000  -22.500010942.6396   21.5897
    7.5000   45.0000  -22.500010511.5791   21.6018
   -7.5000  -45.0000  -15.0000 9645.1025   23.2866
    0.0000  -45.0000  -15.000010116.1035   23.2335
    7.5000  -45.0000  -15.0000 9713.8389   23.2420
   -7.5000  -37.5000  -15.000010345.4287   22.9889
    0.0000  -37.5000  -15.000010859.7354   22.9461
    7.5000  -37.5000  -15.000010418.8086   22.9530
   -7.5000  -30.0000  -15.000011530.4941   22.9209
    0.0000  -30.0000  -15.000012098.3027   22.8876
    7.5000  -30.0000  -15.000011603.5479   22.9014
   -7.5000  -22.5000  -15.000012692.5664   22.9154
    0.0000  -22.5000  -15.000013279.4980   22.8848
    7.5000  -22.5000  -15.000012749.1846   22.9064
   -7.5000  -15.0000  -15.000013679.7969   22.9551
    0.0000  -15.0000  -15.000014253.5596   22.9152
    7.5000  -15.0000  -15.000013737.5127   22.9380
   -7.5000   -7.5000  -15.000014551.2441   23.0084
    0.0000   -7.5000  -15.000015222.9355   22.9566
    7.5000   -7.5000  -15.000014650.1836   22.9736
   -7.5000    0.0000  -15.000015276.7197   23.0277
    0.0000    0.0000  -15.000016036.9824   22.9758
    7.5000    0.0000  -15.000015359.0986   22.9848
   -7.5000    7.5000  -15.000014891.3848   22.9796
    0.0000    7.5000  -15.000015576.1631   22.9369
    7.5000    7.5000  -15.000014937.8633   22.9439
   -7.5000   15.0000  -15.000014454.9316   22.9209
    0.0000   15.0000  -15.000015156.9043   22.8876
    7.5000   15.0000  -15.000014540.7559   22.9014
   -7.5000   22.5000  -15.000013643.9209   22.9073
    0.0000   22.5000  -15.000014268.7471   22.8767
    7.5000   22.5000  -15.000013705.7617   22.8983
   -7.5000   30.0000  -15.000012836.0117   22.6580
    0.0000   30.0000  -15.000013372.3193   22.6186
    7.5000   30.0000  -15.000012851.4092   22.6411
   -7.5000   37.5000  -15.000012232.8027   22.7106
    0.0000   37.5000  -15.000012765.7607   22.6595
    7.5000   37.5000  -15.000012243.4170   22.6762
   -7.5000   45.0000  -15.000011177.7471   22.1902
    0.0000   45.0000  -15.000011670.8486   22.1402
    7.5000   45.0000  -15.000011196.8320   22.1488
   -7.5000  -45.0000   -7.500010293.9893   23.6033
    0.0000  -45.0000   -7.500010790.1172   23.5614
    7.5000  -45.0000   -7.500010342.8057   23.5619
   -7.5000  -37.5000   -7.500011032.6445   23.3065
    0.0000  -37.5000   -7.500011563.8926   23.2744
    7.5000  -37.5000   -7.500011083.0020   23.2689
   -7.5000  -30.0000   -7.500012280.4775   23.2370
    0.0000  -30.0000   -7.500012856.0400   23.2090
    7.5000  -30.0000   -7.500012331.1201   23.2121
   -7.5000  -22.5000   -7.500013511.6875   23.2213
    0.0000  -22.5000   -7.500014129.8906   23.1903
    7.5000  -22.5000   -7.500013557.1377   23.2097
   -7.5000  -15.0000   -7.500014635.2236   23.2521
    0.0000  -15.0000   -7.500015260.0625   23.2114
    7.5000  -15.0000   -7.500014682.4941   23.2388
   -7.5000   -7.5000   -7.500015698.6455   23.3111
    0.0000   -7.5000   -7.500016473.2285   23.2647
    7.5000   -7.5000   -7.500015742.8135   23.2821
   -7.5000    0.0000   -7.500016505.9414   23.3408
    0.0000    0.0000   -7.500017282.0508   23.3000
    7.5000    0.0000   -7.500016494.3711   23.3009
   -7.5000    7.5000   -7.500015939.1240   23.2971
    0.0000    7.5000   -7.500016545.5254   23.2650
    7.5000    7.5000   -7.500015902.1641   23.2596
   -7.5000   15.0000   -7.500015411.1328   23.2370
    0.0000   15.0000   -7.500016098.0264   23.2090
    7.5000   15.0000   -7.500015447.0723   23.2121
   -7.5000   22.5000   -7.500014539.8594   23.2106
    0.0000   22.5000   -7.500015213.0195   23.1796
    7.5000   22.5000   -7.500014565.9189   23.1990
   -7.5000   30.0000   -7.500013656.8994   22.9506
    0.0000   30.0000   -7.500014236.3691   22.9104
    7.5000   30.0000   -7.500013650.0010   22.9375
   -7.5000   37.5000   -7.500013024.7109   23.0088
    0.0000   37.5000   -7.500013615.6865   22.9630
    7.5000   37.5000   -7.500013032.6768   22.9802
   -7.5000   45.0000   -7.500011901.8623   22.4961
    0.0000   45.0000   -7.500012451.1885   22.4568
    7.5000   45.0000   -7.500011924.7480   22.4576
   -7.5000  -45.0000    0.000010812.6182   23.6785
    0.0000  -45.0000    0.000011337.1973   23.6432
    7.5000  -45.0000    0.000010842.0967   23.6378
   -7.5000  -37.5000    0.000011587.4111   23.3861
    0.0000  -37.5000    0.000012139.8301   23.3532
    7.5000  -37.5000    0.000011608.5654   23.3364
   -7.5000  -30.0000    0.000012867.0371   23.3243
    0.0000  -30.0000    0.000013475.7422   23.2877
    7.5000  -30.0000    0.000012893.0732   23.2727
   -7.5000  -22.5000    0.000014116.5781   23.3066
    0.0000  -22.5000    0.000014755.8877   23.2653
    7.5000  -22.5000    0.000014137.5303   23.2685
   -7.5000  -15.0000    0.000015321.5010   23.3293
    0.0000  -15.0000    0.000016066.6719   23.2851
    7.5000  -15.0000    0.000015350.7773   23.3037
   -7.5000   -7.5000    0.000016735.5488   23.3854
    0.0000   -7.5000    0.000017837.5117   23.3447
    7.5000   -7.5000    0.000016714.1094   23.3572
   -7.5000    0.0000    0.000017770.5664   23.4152
    0.0000    0.0000    0.000018679.5566   23.3812
    7.5000    0.0000    0.000017672.9453   23.3766
   -7.5000    7.5000    0.000017061.9141   23.3766
    0.0000    7.5000    0.000017780.7812   23.3437
    7.5000    7.5000    0.000016969.6934   23.3270
   -7.5000   15.0000    0.000016535.0215   23.3243
    0.0000   15.0000    0.000017276.4004   23.2877
    7.5000   15.0000    0.000016472.5547   23.2727
   -7.5000   22.5000    0.000015480.2734   23.2958
    0.0000   22.5000    0.000016232.1621   23.2546
    7.5000   22.5000    0.000015441.3418   23.2578
   -7.5000   30.0000    0.000014438.1436   23.0274
    0.0000   30.0000    0.000015146.1191   22.9838
    7.5000   30.0000    0.000014385.4824   23.0021
   -7.5000   37.5000    0.000013781.9521   23.0827
    0.0000   37.5000    0.000014442.5039   23.0426
    7.5000   37.5000    0.000013738.3574   23.0550
   -7.5000   45.0000    0.000012607.5801   22.5695
    0.0000   45.0000    0.000013207.9248   22.5368
    7.5000   45.0000    0.000012564.5811   22.5323
   -7.5000  -45.0000    7.500010497.2207   23.6564
    0.0000  -45.0000    7.500011014.0361   23.6153
    7.5000  -45.0000    7.500010503.9258   23.6150
   -7.5000  -37.5000    7.500011258.7090   23.3660
    0.0000  -37.5000    7.500011777.5332   23.3190
    7.5000  -37.5000    7.500011260.5879   23.3052
   -7.5000  -30.0000    7.500012463.1455   23.3150
    0.0000  -30.0000    7.500012987.6406   23.2612
    7.5000  -30.0000    7.500012472.7842   23.2393
   -7.5000  -22.5000    7.500013637.7207   23.3058
    0.0000  -22.5000    7.500014153.5830   23.2527
    7.5000  -22.5000    7.500013625.9932   23.2419
   -7.5000  -15.0000    7.500014836.8379   23.3293
    0.0000  -15.0000    7.500015618.9170   23.2821
    7.5000  -15.0000    7.500014835.2168   23.2876
   -7.5000   -7.5000    7.500016213.4111   23.3755
    0.0000   -7.5000    7.500017517.1562   23.3350
    7.5000   -7.5000    7.500016224.9814   23.3438
   -7.5000    0.0000    7.500017269.3926   23.3937
    0.0000    0.0000    7.500018486.5469   23.3542
    7.5000    0.0000    7.500017312.9590   23.3549
   -7.5000    7.5000    7.500016779.7539   23.3564
    0.0000    7.5000    7.500017832.8027   23.3095
    7.5000    7.5000    7.500016803.2891   23.2958
   -7.5000   15.0000    7.500016251.0869   23.3150
    0.0000   15.0000    7.500017225.2363   23.2612
    7.5000   15.0000    7.500016209.9443   23.2393
   -7.5000   22.5000    7.500015112.3359   23.2950
    0.0000   22.5000    7.500015893.2100   23.2419
    7.5000   22.5000    7.500015057.6846   23.2312
   -7.5000   30.0000    7.500014000.5615   23.0274
    0.0000   30.0000    7.500014657.5986   22.9808
    7.5000   30.0000    7.500013941.9707   22.9862
   -7.5000   37.5000    7.500013358.0234   23.0729
    0.0000   37.5000    7.500013946.1465   23.0330
    7.5000   37.5000    7.500013293.9062   23.0417
   -7.5000   45.0000    7.500012299.1328   22.5488
    0.0000   45.0000    7.500012833.2061   22.5108
    7.5000   45.0000    7.500012205.7500   22.5114
   -7.5000  -45.0000   15.000010036.6445   23.6125
    0.0000  -45.0000   15.000010512.0537   23.5606
    7.5000  -45.0000   15.000010051.4648   23.5699
   -7.5000  -37.5000   15.000010762.7627   23.3169
    0.0000  -37.5000   15.000011252.7393   23.2585
    7.5000  -37.5000   15.000010770.7891   23.2575
   -7.5000  -30.0000   15.000011905.0801   23.2693
    0.0000  -30.0000   15.000012477.0293   23.2086
    7.5000  -30.0000   15.000011937.7432   23.1969
   -7.5000  -22.5000   15.000013033.3320   23.2734
    0.0000  -22.5000   15.000013633.8408   23.2199
    7.5000  -22.5000   15.000013043.2461   23.2111
   -7.5000  -15.0000   15.000014142.3643   23.3071
    0.0000  -15.0000   15.000014922.3047   23.2613
    7.5000  -15.0000   15.000014129.1484   23.2628
   -7.5000   -7.5000   15.000015268.0518   23.3461
    0.0000   -7.5000   15.000016276.3457   23.3013
    7.5000   -7.5000   15.000015286.6602   23.3109
   -7.5000    0.0000   15.000016137.6260   23.3506
    0.0000    0.0000   15.000017103.2148   23.3006
    7.5000    0.0000   15.000016197.3682   23.3107
   -7.5000    7.5000   15.000015841.5342   23.3074
    0.0000    7.5000   15.000016734.2578   23.2491
    7.5000    7.5000   15.000015867.1084   23.2482
   -7.5000   15.0000   15.000015449.4326   23.2693
    0.0000   15.0000   15.000016333.0479   23.2086
    7.5000   15.0000   15.000015429.2119   23.1969
   -7.5000   22.5000   15.000014403.8535   23.2626
    0.0000   22.5000   15.000015134.7979   23.2092
    7.5000   22.5000   15.000014376.3789   23.2004
   -7.5000   30.0000   15.000013311.2734   23.0055
    0.0000   30.0000   15.000013912.8594   22.9603
    7.5000   30.0000   15.000013256.2461   22.9617
   -7.5000   37.5000   15.000012694.7783   23.0439
    0.0000   37.5000   15.000013261.1885   22.9998
    7.5000   37.5000   15.000012652.7871   23.0092
   -7.5000   45.0000   15.000011698.5938   22.5073
    0.0000   45.0000   15.000012199.4268   22.4591
    7.5000   45.0000   15.000011607.5059   22.4688
   -7.5000  -45.0000   22.5000 9423.4258   23.5915
    0.0000  -45.0000   22.5000 9912.2832   23.5339
    7.5000  -45.0000   22.5000 9465.6240   23.5464
   -7.5000  -37.5000   22.500010111.9756   23.2898
    0.0000  -37.5000   22.500010595.5264   23.2343
    7.5000  -37.5000   22.500010131.6494   23.2429
   -7.5000  -30.0000   22.500011195.0928   23.2323
    0.0000  -30.0000   22.500011715.6240   23.1832
    7.5000  -30.0000   22.500011228.2725   23.1895
   -7.5000  -22.5000   22.500012273.5566   23.2378
    0.0000  -22.5000   22.500012806.4111   23.1964
    7.5000  -22.5000   22.500012267.1865   23.2042
   -7.5000  -15.0000   22.500013246.4951   23.2801
    0.0000  -15.0000   22.500013851.6572   23.2378
    7.5000  -15.0000   22.500013221.8506   23.2481
   -7.5000   -7.5000   22.500014188.9062   23.3238
    0.0000   -7.5000   22.500014775.1846   23.2731
    7.5000   -7.5000   22.500014191.3408   23.2861
   -7.5000    0.0000   22.500014968.3916   23.3296
    0.0000    0.0000   22.500015482.4756   23.2737
    7.5000    0.0000   22.500014974.2783   23.2867
   -7.5000    7.5000   22.500014697.5195   23.2804
    0.0000    7.5000   22.500015269.0928   23.2249
    7.5000    7.5000   22.500014675.5244   23.2337
   -7.5000   15.0000   22.500014390.2969   23.2323
    0.0000   15.0000   22.500015036.2891   23.1832
    7.5000   15.0000   22.500014379.0957   23.1895
   -7.5000   22.5000   22.500013487.7832   23.2271
    0.0000   22.5000   22.500014063.9805   23.1858
    7.5000   22.5000   22.500013471.8047   23.1936
   -7.5000   30.0000   22.500012502.3105   22.9788
    0.0000   30.0000   22.500013015.1621   22.9370
    7.5000   30.0000   22.500012467.0215   22.9473
   -7.5000   37.5000   22.500011960.9648   23.0219
    0.0000   37.5000   22.500012467.0938   22.9719
    7.5000   37.5000   22.500011897.1465   22.9848
   -7.5000   45.0000   22.500010931.1143   22.4871
    0.0000   45.0000   22.500011428.0029   22.4331
    7.5000   45.0000   22.500010906.6689   22.4457
   -7.5000  -45.0000   30.0000 8778.4658   23.7581
    0.0000  -45.0000   30.0000 9192.6338   23.7038
    7.5000  -45.0000   30.0000 8802.6191   23.7129
   -7.5000  -37.5000   30.0000 9391.1787   23.4522
    0.0000  -37.5000   30.0000 9807.6396   23.4083
    7.5000  -37.5000   30.0000 9403.0176   23.4155
   -7.5000  -30.0000   30.000010386.3242   23.3824
    0.0000  -30.0000   30.000010841.2686   23.3484
    7.5000  -30.0000   30.000010400.3154   23.3624
   -7.5000  -22.5000   30.000011365.8701   23.3770
    0.0000  -22.5000   30.000011852.6289   23.3460
    7.5000  -22.5000   30.000011363.0752   23.3682
   -7.5000  -15.0000   30.000012256.4277   23.4180
    0.0000  -15.0000   30.000012760.6357   23.3776
    7.5000  -15.0000   30.000012244.7070   23.4012
   -7.5000   -7.5000   30.000013047.5801   23.4728
    0.0000   -7.5000   30.000013518.4004   23.4201
    7.5000   -7.5000   30.000013053.7656   23.4378
   -7.5000    0.0000   30.000013742.8594   23.4923
    0.0000    0.0000   30.000014232.1836   23.4393
    7.5000    0.0000   30.000013761.3223   23.4487
   -7.5000    7.5000   30.000013510.0908   23.4427
    0.0000    7.5000   30.000014008.0244   23.3989
    7.5000    7.5000   30.000013517.1338   23.4061
   -7.5000   15.0000   30.000013251.8086   23.3824
    0.0000   15.0000   30.000013807.5254   23.3484
    7.5000   15.0000   30.000013244.7334   23.3624
   -7.5000   22.5000   30.000012459.0840   23.3662
    0.0000   22.5000   30.000012984.7090   23.3353
    7.5000   22.5000   30.000012473.3135   23.3575
   -7.5000   30.0000   30.000011582.9736   23.1149
    0.0000   30.0000   30.000012042.0566   23.0750
    7.5000   30.0000   30.000011560.5410   23.0984
   -7.5000   37.5000   30.000011074.6006   23.1690
    0.0000   37.5000   30.000011525.0117   23.1170
    7.5000   37.5000   30.000011030.9521   23.1345
   -7.5000   45.0000   30.000010085.5322   22.6439
    0.0000   45.0000   30.000010499.0957   22.5928
    7.5000   45.0000   30.000010051.0635   22.6019
   -7.5000  -45.0000   37.5000 8476.5312   24.2375
    0.0000  -45.0000   37.5000 8848.7461   24.1948
    7.5000  -45.0000   37.5000 8503.5098   24.1954
   -7.5000  -37.5000   37.5000 9052.9746   23.9267
    0.0000  -37.5000   37.5000 9457.5830   23.8935
    7.5000  -37.5000   37.5000 9082.4199   23.8875
   -7.5000  -30.0000   37.500010013.5098   23.8546
    0.0000  -30.0000   37.500010450.9580   23.8254
    7.5000  -30.0000   37.500010043.8369   23.8279
   -7.5000  -22.5000   37.500010941.4463   23.8374
    0.0000  -22.5000   37.500011409.5566   23.8056
    7.5000  -22.5000   37.500010966.2686   23.8252
   -7.5000  -15.0000   37.500011780.3721   23.8680
    0.0000  -15.0000   37.500012255.7783   23.8266
    7.5000  -15.0000   37.500011771.8564   23.8553
   -7.5000   -7.5000   37.500012477.0791   23.9294
    0.0000   -7.5000   37.500012940.4258   23.8823
    7.5000   -7.5000   37.500012474.3369   23.9007
   -7.5000    0.0000   37.500013129.7773   23.9613
    0.0000    0.0000   37.500013650.7178   23.9197
    7.5000    0.0000   37.500013167.3125   23.9208
   -7.5000    7.5000   37.500012930.5205   23.9168
    0.0000    7.5000   37.500013424.8350   23.8836
    7.5000    7.5000   37.500012955.5645   23.8777
   -7.5000   15.0000   37.500012662.7148   23.8546
    0.0000   15.0000   37.500013173.6113   23.8254
    7.5000   15.0000   37.500012688.1279   23.8279
   -7.5000   22.5000   37.500011934.1230   23.8264
    0.0000   22.5000   37.500012430.5117   23.7946
    7.5000   22.5000   37.500011958.3818   23.8142
   -7.5000   30.0000   37.500011053.7568   23.5591
    0.0000   30.0000   37.500011511.4775   23.5183
    7.5000   30.0000   37.500011059.2451   23.5465
   -7.5000   37.5000   37.500010583.9912   23.6197
    0.0000   37.5000   37.500011010.2324   23.5732
    7.5000   37.5000   37.500010582.5664   23.5914
   -7.5000   45.0000   37.5000 9642.4688   23.0959
    0.0000   45.0000   37.500010053.6348   23.0559
    7.5000   45.0000   37.5000 9635.6484   23.0569
   -7.5000  -45.0000   45.0000 7851.7583   24.8692
    0.0000  -45.0000   45.0000 8230.6338   24.8349
    7.5000  -45.0000   45.0000 7880.3154   24.8314
   -7.5000  -37.5000   45.0000 8394.2695   24.5442
    0.0000  -37.5000   45.0000 8772.2832   24.5096
    7.5000  -37.5000   45.0000 8423.1943   24.4922
   -7.5000  -30.0000   45.0000 9271.2529   24.4782
    0.0000  -30.0000   45.0000 9680.5967   24.4382
    7.5000  -30.0000   45.0000 9300.2861   24.4219
   -7.5000  -22.5000   45.000010119.6143   24.4601
    0.0000  -22.5000   45.000010544.7441   24.4166
    7.5000  -22.5000   45.000010149.3311   24.4210
   -7.5000  -15.0000   45.000010847.0273   24.4846
    0.0000  -15.0000   45.000011275.1846   24.4406
    7.5000  -15.0000   45.000010851.7314   24.4634
   -7.5000   -7.5000   45.000011509.1025   24.5458
    0.0000   -7.5000   45.000011945.5908   24.5068
    7.5000   -7.5000   45.000011516.6797   24.5236
   -7.5000    0.0000   45.000012076.7578   24.5771
    0.0000    0.0000   45.000012568.1133   24.5441
    7.5000    0.0000   45.000012105.8311   24.5414
   -7.5000    7.5000   45.000011879.0947   24.5336
    0.0000    7.5000   45.000012345.9434   24.4990
    7.5000    7.5000   45.000011891.4521   24.4817
   -7.5000   15.0000   45.000011642.6611   24.4782
    0.0000   15.0000   45.000012113.4307   24.4382
    7.5000   15.0000   45.000011641.7344   24.4219
   -7.5000   22.5000   45.000010993.9248   24.4487
    0.0000   22.5000   45.000011459.5332   24.4053
    7.5000   22.5000   45.000010986.9707   24.4097
   -7.5000   30.0000   45.000010172.0088   24.1656
    0.0000   30.0000   45.000010595.4082   24.1222
    7.5000   30.0000   45.000010160.4131   24.1447
   -7.5000   37.5000   45.0000 9736.6484   24.2260
    0.0000   37.5000   45.000010137.2588   24.1875
    7.5000   37.5000   45.0000 9728.5098   24.2041
   -7.5000   45.0000   45.0000 8870.8164   23.7002
    0.0000   45.0000   45.0000 9251.5977   23.6684
    7.5000   45.0000   45.0000 8848.8047   23.6658

---------------------------------------------------------------------
imgreg_4dfp /opt/freesurfer/average/711-2C_as_mni_average_305 /opt/freesurfer/average/711-2B_as_mni_average_305_mask talsrcimg_g11 none talsrcimg_to_711-2C_as_mni_average_305_t4 4355
---------------------------------------------------------------------

freesurfer imgreg_4dfp.c
/opt/freesurfer/average/711-2C_as_mni_average_305.4dfp.img
       256       256       256         1
  1.000000  1.000000  1.000000
orientation T byte_order littleendian
Reading image: /opt/freesurfer/average/711-2C_as_mni_average_305.4dfp.img
dimensions:      256       256       256
mmppix:       1.0000   -1.0000   -1.0000
center:     128.0000 -129.0000 -129.0000
/opt/freesurfer/average/711-2B_as_mni_average_305_mask.4dfp.img
       256       256       256         1
  1.000000  1.000000  1.000000
orientation T byte_order littleendian
Reading mask: /opt/freesurfer/average/711-2B_as_mni_average_305_mask.4dfp.img (2306576 pixels)
talsrcimg_g11.4dfp.img
       256       256       256         1
  1.000000  1.000000  1.000000
orientation T byte_order littleendian
Reading image: talsrcimg_g11.4dfp.img
dimensions:      256       256       256
mmppix:       1.0000   -1.0000   -1.0000
center:     128.0000 -129.0000 -129.0000
rotation matrix determinant  1.000000
image alignment mode   4355 decimal     1103 hex
   -7.5000  -45.0000  -45.0000 2063.1370   27.0354
    0.0000  -45.0000  -45.0000 2079.6206   26.7768
    7.5000  -45.0000  -45.0000 2075.0337   26.9691
   -7.5000  -37.5000  -45.0000 2174.1663   24.3695
    0.0000  -37.5000  -45.0000 2194.7605   24.1729
    7.5000  -37.5000  -45.0000 2189.3132   24.3230
   -7.5000  -30.0000  -45.0000 2272.3975   22.3557
    0.0000  -30.0000  -45.0000 2290.6169   22.2039
    7.5000  -30.0000  -45.0000 2279.1943   22.3247
   -7.5000  -22.5000  -45.0000 2340.0391   21.0060
    0.0000  -22.5000  -45.0000 2355.6384   20.8535
    7.5000  -22.5000  -45.0000 2341.7153   21.0160
   -7.5000  -15.0000  -45.0000 2366.3062   20.1934
    0.0000  -15.0000  -45.0000 2389.5835   19.9967
    7.5000  -15.0000  -45.0000 2369.3066   20.1869
   -7.5000   -7.5000  -45.0000 2379.3989   19.7964
    0.0000   -7.5000  -45.0000 2400.8918   19.5916
    7.5000   -7.5000  -45.0000 2385.1479   19.7111
   -7.5000    0.0000  -45.0000 2380.9644   19.6874
    0.0000    0.0000  -45.0000 2401.9927   19.4656
    7.5000    0.0000  -45.0000 2388.1936   19.5824
   -7.5000    7.5000  -45.0000 2363.5435   19.9288
    0.0000    7.5000  -45.0000 2383.7471   19.6456
    7.5000    7.5000  -45.0000 2372.2051   19.7805
   -7.5000   15.0000  -45.0000 2339.3230   20.3589
    0.0000   15.0000  -45.0000 2353.1648   20.1422
    7.5000   15.0000  -45.0000 2346.8438   20.2858
   -7.5000   22.5000  -45.0000 2305.3469   21.2175
    0.0000   22.5000  -45.0000 2325.3867   20.9639
    7.5000   22.5000  -45.0000 2309.0337   21.1021
   -7.5000   30.0000  -45.0000 2244.2544   22.3777
    0.0000   30.0000  -45.0000 2249.5220   22.1697
    7.5000   30.0000  -45.0000 2243.9551   22.3042
   -7.5000   37.5000  -45.0000 2169.4133   24.0615
    0.0000   37.5000  -45.0000 2183.2588   23.7532
    7.5000   37.5000  -45.0000 2169.6025   23.9898
   -7.5000   45.0000  -45.0000 2069.8528   26.3123
    0.0000   45.0000  -45.0000 2081.4736   25.9850
    7.5000   45.0000  -45.0000 2063.8020   26.1984
   -7.5000  -45.0000  -37.5000 2145.3582   25.2872
    0.0000  -45.0000  -37.5000 2161.2227   25.1294
    7.5000  -45.0000  -37.5000 2149.5435   25.2477
   -7.5000  -37.5000  -37.5000 2264.8220   22.8382
    0.0000  -37.5000  -37.5000 2282.4229   22.6538
    7.5000  -37.5000  -37.5000 2271.2061   22.7967
   -7.5000  -30.0000  -37.5000 2367.4600   20.9390
    0.0000  -30.0000  -37.5000 2390.9841   20.7922
    7.5000  -30.0000  -37.5000 2369.6194   20.9116
   -7.5000  -22.5000  -37.5000 2432.9143   19.5703
    0.0000  -22.5000  -37.5000 2448.2764   19.3905
    7.5000  -22.5000  -37.5000 2435.0579   19.5305
   -7.5000  -15.0000  -37.5000 2465.5046   18.7088
    0.0000  -15.0000  -37.5000 2483.8091   18.5189
    7.5000  -15.0000  -37.5000 2466.5537   18.7056
   -7.5000   -7.5000  -37.5000 2480.9297   18.2700
    0.0000   -7.5000  -37.5000 2499.8254   18.1133
    7.5000   -7.5000  -37.5000 2483.0891   18.2416
   -7.5000    0.0000  -37.5000 2488.2583   18.1043
    0.0000    0.0000  -37.5000 2503.8301   17.9076
    7.5000    0.0000  -37.5000 2487.5752   18.0725
   -7.5000    7.5000  -37.5000 2475.8267   18.3230
    0.0000    7.5000  -37.5000 2495.1191   18.0835
    7.5000    7.5000  -37.5000 2474.2812   18.2718
   -7.5000   15.0000  -37.5000 2446.4604   18.7651
    0.0000   15.0000  -37.5000 2467.5054   18.5994
    7.5000   15.0000  -37.5000 2452.1970   18.7627
   -7.5000   22.5000  -37.5000 2407.0979   19.5602
    0.0000   22.5000  -37.5000 2429.9707   19.3788
    7.5000   22.5000  -37.5000 2410.9622   19.5237
   -7.5000   30.0000  -37.5000 2342.8750   20.6433
    0.0000   30.0000  -37.5000 2354.5093   20.4853
    7.5000   30.0000  -37.5000 2341.2463   20.6414
   -7.5000   37.5000  -37.5000 2262.5818   22.1666
    0.0000   37.5000  -37.5000 2280.4817   21.9806
    7.5000   37.5000  -37.5000 2260.9739   22.2023
   -7.5000   45.0000  -37.5000 2152.9556   24.2803
    0.0000   45.0000  -37.5000 2177.0796   24.0353
    7.5000   45.0000  -37.5000 2150.9988   24.2238
   -7.5000  -45.0000  -30.0000 2248.7087   24.6376
    0.0000  -45.0000  -30.0000 2268.9182   24.4415
    7.5000  -45.0000  -30.0000 2254.2217   24.5700
   -7.5000  -37.5000  -30.0000 2371.7998   22.1811
    0.0000  -37.5000  -30.0000 2397.7717   21.9606
    7.5000  -37.5000  -30.0000 2380.3354   22.1209
   -7.5000  -30.0000  -30.0000 2485.7480   20.2953
    0.0000  -30.0000  -30.0000 2509.7610   20.0729
    7.5000  -30.0000  -30.0000 2491.1863   20.2344
   -7.5000  -22.5000  -30.0000 2556.3796   18.9136
    0.0000  -22.5000  -30.0000 2575.3616   18.7049
    7.5000  -22.5000  -30.0000 2559.4150   18.8396
   -7.5000  -15.0000  -30.0000 2591.9873   17.9895
    0.0000  -15.0000  -30.0000 2606.5601   17.7819
    7.5000  -15.0000  -30.0000 2589.6672   17.9894
   -7.5000   -7.5000  -30.0000 2617.7979   17.4623
    0.0000   -7.5000  -30.0000 2635.7695   17.2684
    7.5000   -7.5000  -30.0000 2614.3608   17.4612
   -7.5000    0.0000  -30.0000 2630.6453   17.2512
    0.0000    0.0000  -30.0000 2653.8916   17.0780
    7.5000    0.0000  -30.0000 2632.7537   17.2789
   -7.5000    7.5000  -30.0000 2621.7566   17.4085
    0.0000    7.5000  -30.0000 2644.6931   17.1944
    7.5000    7.5000  -30.0000 2622.1724   17.3968
   -7.5000   15.0000  -30.0000 2595.9558   17.9185
    0.0000   15.0000  -30.0000 2622.2368   17.7226
    7.5000   15.0000  -30.0000 2596.1421   17.8880
   -7.5000   22.5000  -30.0000 2551.9019   18.7284
    0.0000   22.5000  -30.0000 2577.0676   18.5181
    7.5000   22.5000  -30.0000 2553.0867   18.6862
   -7.5000   30.0000  -30.0000 2483.0151   19.7973
    0.0000   30.0000  -30.0000 2496.7563   19.5720
    7.5000   30.0000  -30.0000 2485.2913   19.7633
   -7.5000   37.5000  -30.0000 2394.0249   21.2985
    0.0000   37.5000  -30.0000 2417.9314   21.0675
    7.5000   37.5000  -30.0000 2398.1765   21.2656
   -7.5000   45.0000  -30.0000 2277.5483   23.3443
    0.0000   45.0000  -30.0000 2300.1790   23.0805
    7.5000   45.0000  -30.0000 2278.9702   23.2480
   -7.5000  -45.0000  -22.5000 2325.9570   23.8498
    0.0000  -45.0000  -22.5000 2349.6746   23.5558
    7.5000  -45.0000  -22.5000 2333.2229   23.7365
   -7.5000  -37.5000  -22.5000 2449.8306   21.3794
    0.0000  -37.5000  -22.5000 2478.5095   21.0852
    7.5000  -37.5000  -22.5000 2459.5247   21.3123
   -7.5000  -30.0000  -22.5000 2563.2661   19.4822
    0.0000  -30.0000  -22.5000 2589.2334   19.2263
    7.5000  -30.0000  -22.5000 2574.3398   19.4474
   -7.5000  -22.5000  -22.5000 2644.4753   18.1040
    0.0000  -22.5000  -22.5000 2662.0190   17.8578
    7.5000  -22.5000  -22.5000 2649.1387   18.0522
   -7.5000  -15.0000  -22.5000 2689.5940   17.1746
    0.0000  -15.0000  -22.5000 2704.3088   16.9603
    7.5000  -15.0000  -22.5000 2690.8923   17.1386
   -7.5000   -7.5000  -22.5000 2724.6890   16.5752
    0.0000   -7.5000  -22.5000 2746.5310   16.3869
    7.5000   -7.5000  -22.5000 2728.2498   16.5705
   -7.5000    0.0000  -22.5000 2743.5549   16.2891
    0.0000    0.0000  -22.5000 2770.6443   16.1344
    7.5000    0.0000  -22.5000 2745.0078   16.3305
   -7.5000    7.5000  -22.5000 2739.3547   16.4299
    0.0000    7.5000  -22.5000 2763.5386   16.2059
    7.5000    7.5000  -22.5000 2738.9578   16.4346
   -7.5000   15.0000  -22.5000 2716.3647   16.9831
    0.0000   15.0000  -22.5000 2742.5798   16.7253
    7.5000   15.0000  -22.5000 2720.8860   16.9413
   -7.5000   22.5000  -22.5000 2674.3081   17.7877
    0.0000   22.5000  -22.5000 2699.3933   17.5354
    7.5000   22.5000  -22.5000 2677.1445   17.7466
   -7.5000   30.0000  -22.5000 2598.9849   18.8922
    0.0000   30.0000  -22.5000 2616.1533   18.6348
    7.5000   30.0000  -22.5000 2602.2830   18.8308
   -7.5000   37.5000  -22.5000 2499.7180   20.3804
    0.0000   37.5000  -22.5000 2522.9148   20.1109
    7.5000   37.5000  -22.5000 2509.8418   20.2935
   -7.5000   45.0000  -22.5000 2371.5164   22.4011
    0.0000   45.0000  -22.5000 2394.9692   22.1097
    7.5000   45.0000  -22.5000 2380.2849   22.2690
   -7.5000  -45.0000  -15.0000 2366.0769   23.0710
    0.0000  -45.0000  -15.0000 2389.0637   22.7634
    7.5000  -45.0000  -15.0000 2377.3274   22.9604
   -7.5000  -37.5000  -15.0000 2486.6306   20.6538
    0.0000  -37.5000  -15.0000 2516.9170   20.3750
    7.5000  -37.5000  -15.0000 2503.9651   20.5889
   -7.5000  -30.0000  -15.0000 2600.4739   18.7969
    0.0000  -30.0000  -15.0000 2628.3582   18.5186
    7.5000  -30.0000  -15.0000 2618.6895   18.7548
   -7.5000  -22.5000  -15.0000 2693.8040   17.4017
    0.0000  -22.5000  -15.0000 2717.4478   17.1539
    7.5000  -22.5000  -15.0000 2706.8389   17.3592
   -7.5000  -15.0000  -15.0000 2757.8149   16.4570
    0.0000  -15.0000  -15.0000 2777.1316   16.2077
    7.5000  -15.0000  -15.0000 2765.3411   16.3790
   -7.5000   -7.5000  -15.0000 2801.8303   15.8178
    0.0000   -7.5000  -15.0000 2832.3955   15.6039
    7.5000   -7.5000  -15.0000 2812.4026   15.7894
   -7.5000    0.0000  -15.0000 2826.3042   15.4804
    0.0000    0.0000  -15.0000 2852.7778   15.2541
    7.5000    0.0000  -15.0000 2827.0908   15.4764
   -7.5000    7.5000  -15.0000 2826.4324   15.5482
    0.0000    7.5000  -15.0000 2841.0710   15.2993
    7.5000    7.5000  -15.0000 2825.9067   15.5588
   -7.5000   15.0000  -15.0000 2795.1379   16.1073
    0.0000   15.0000  -15.0000 2822.9578   15.8307
    7.5000   15.0000  -15.0000 2804.2090   16.0306
   -7.5000   22.5000  -15.0000 2754.0549   16.8953
    0.0000   22.5000  -15.0000 2783.3079   16.6409
    7.5000   22.5000  -15.0000 2758.0928   16.8647
   -7.5000   30.0000  -15.0000 2677.6575   18.0679
    0.0000   30.0000  -15.0000 2697.1135   17.7986
    7.5000   30.0000  -15.0000 2682.9377   18.0030
   -7.5000   37.5000  -15.0000 2574.3638   19.6089
    0.0000   37.5000  -15.0000 2595.9099   19.3101
    7.5000   37.5000  -15.0000 2582.9094   19.5367
   -7.5000   45.0000  -15.0000 2439.7512   21.6339
    0.0000   45.0000  -15.0000 2463.7080   21.2767
    7.5000   45.0000  -15.0000 2449.7434   21.5077
   -7.5000  -45.0000   -7.5000 2387.9822   22.5707
    0.0000  -45.0000   -7.5000 2407.3674   22.2801
    7.5000  -45.0000   -7.5000 2397.1606   22.4327
   -7.5000  -37.5000   -7.5000 2510.0078   20.1875
    0.0000  -37.5000   -7.5000 2536.8899   19.8499
    7.5000  -37.5000   -7.5000 2523.1396   20.0538
   -7.5000  -30.0000   -7.5000 2629.5981   18.3043
    0.0000  -30.0000   -7.5000 2652.1353   17.9767
    7.5000  -30.0000   -7.5000 2640.7815   18.1826
   -7.5000  -22.5000   -7.5000 2729.1628   16.8943
    0.0000  -22.5000   -7.5000 2750.1860   16.5883
    7.5000  -22.5000   -7.5000 2740.0151   16.7932
   -7.5000  -15.0000   -7.5000 2806.7200   15.9016
    0.0000  -15.0000   -7.5000 2824.6399   15.6262
    7.5000  -15.0000   -7.5000 2812.4319   15.8149
   -7.5000   -7.5000   -7.5000 2864.6924   15.2729
    0.0000   -7.5000   -7.5000 2889.1477   14.9954
    7.5000   -7.5000   -7.5000 2871.8818   15.1990
   -7.5000    0.0000   -7.5000 2898.2832   14.9355
    0.0000    0.0000   -7.5000 2928.0071   14.6316
    7.5000    0.0000   -7.5000 2893.7366   14.8491
   -7.5000    7.5000   -7.5000 2900.1909   14.8685
    0.0000    7.5000   -7.5000 2908.1255   14.5228
    7.5000    7.5000   -7.5000 2890.1912   14.8191
   -7.5000   15.0000   -7.5000 2854.8413   15.3905
    0.0000   15.0000   -7.5000 2874.9790   15.0601
    7.5000   15.0000   -7.5000 2860.5271   15.2796
   -7.5000   22.5000   -7.5000 2812.6172   16.2538
    0.0000   22.5000   -7.5000 2837.4072   15.9090
    7.5000   22.5000   -7.5000 2815.6965   16.1724
   -7.5000   30.0000   -7.5000 2732.4565   17.4509
    0.0000   30.0000   -7.5000 2749.9607   17.0824
    7.5000   30.0000   -7.5000 2732.8511   17.3847
   -7.5000   37.5000   -7.5000 2621.2041   19.0346
    0.0000   37.5000   -7.5000 2643.5195   18.6258
    7.5000   37.5000   -7.5000 2626.1167   18.9470
   -7.5000   45.0000   -7.5000 2482.8662   21.0001
    0.0000   45.0000   -7.5000 2509.9146   20.6078
    7.5000   45.0000   -7.5000 2488.2437   20.8910
   -7.5000  -45.0000    0.0000 2386.9868   22.3083
    0.0000  -45.0000    0.0000 2408.4375   21.9927
    7.5000  -45.0000    0.0000 2395.5664   22.1320
   -7.5000  -37.5000    0.0000 2516.4329   19.8500
    0.0000  -37.5000    0.0000 2536.0623   19.5341
    7.5000  -37.5000    0.0000 2520.2415   19.7114
   -7.5000  -30.0000    0.0000 2640.0154   17.9393
    0.0000  -30.0000    0.0000 2658.0337   17.6723
    7.5000  -30.0000    0.0000 2642.0850   17.8220
   -7.5000  -22.5000    0.0000 2743.1650   16.4980
    0.0000  -22.5000    0.0000 2765.8008   16.2641
    7.5000  -22.5000    0.0000 2743.3271   16.3972
   -7.5000  -15.0000    0.0000 2824.7410   15.5069
    0.0000  -15.0000    0.0000 2842.1741   15.3103
    7.5000  -15.0000    0.0000 2824.2756   15.4375
   -7.5000   -7.5000    0.0000 2903.8005   14.9712
    0.0000   -7.5000    0.0000 2936.1218   14.7950
    7.5000   -7.5000    0.0000 2906.6194   14.8752
   -7.5000    0.0000    0.0000 2950.0508   14.7073
    0.0000    0.0000    0.0000 2999.9478   14.4906
    7.5000    0.0000    0.0000 2945.3557   14.5844
   -7.5000    7.5000    0.0000 2947.6143   14.5446
    0.0000    7.5000    0.0000 2971.4854   14.1754
    7.5000    7.5000    0.0000 2940.3438   14.4879
   -7.5000   15.0000    0.0000 2900.5745   14.9722
    0.0000   15.0000    0.0000 2918.0933   14.6697
    7.5000   15.0000    0.0000 2897.3357   14.8948
   -7.5000   22.5000    0.0000 2843.4133   15.8565
    0.0000   22.5000    0.0000 2868.3154   15.5391
    7.5000   22.5000    0.0000 2842.7705   15.7785
   -7.5000   30.0000    0.0000 2749.7002   17.0127
    0.0000   30.0000    0.0000 2773.9541   16.7199
    7.5000   30.0000    0.0000 2748.9045   16.9466
   -7.5000   37.5000    0.0000 2640.3123   18.6328
    0.0000   37.5000    0.0000 2663.7261   18.3321
    7.5000   37.5000    0.0000 2641.6372   18.5224
   -7.5000   45.0000    0.0000 2499.1846   20.6009
    0.0000   45.0000    0.0000 2525.2280   20.3302
    7.5000   45.0000    0.0000 2503.0994   20.4793
   -7.5000  -45.0000    7.5000 2383.0168   22.2476
    0.0000  -45.0000    7.5000 2410.9492   21.8819
    7.5000  -45.0000    7.5000 2386.7219   22.0841
   -7.5000  -37.5000    7.5000 2515.0530   19.7853
    0.0000  -37.5000    7.5000 2536.4006   19.3957
    7.5000  -37.5000    7.5000 2517.5691   19.6212
   -7.5000  -30.0000    7.5000 2635.6936   17.8340
    0.0000  -30.0000    7.5000 2643.3350   17.4860
    7.5000  -30.0000    7.5000 2634.1824   17.6999
   -7.5000  -22.5000    7.5000 2741.9189   16.4171
    0.0000  -22.5000    7.5000 2750.2070   16.1075
    7.5000  -22.5000    7.5000 2739.6038   16.2980
   -7.5000  -15.0000    7.5000 2834.2561   15.4462
    0.0000  -15.0000    7.5000 2844.8057   15.2161
    7.5000  -15.0000    7.5000 2835.1204   15.3757
   -7.5000   -7.5000    7.5000 2921.3052   14.9343
    0.0000   -7.5000    7.5000 2961.4180   14.8804
    7.5000   -7.5000    7.5000 2923.3464   14.8637
   -7.5000    0.0000    7.5000 2973.5293   14.6703
    0.0000    0.0000    7.5000 3037.9385   14.6531
    7.5000    0.0000    7.5000 2973.9861   14.6440
   -7.5000    7.5000    7.5000 2971.1697   14.5292
    0.0000    7.5000    7.5000 3021.8752   14.3562
    7.5000    7.5000    7.5000 2970.0361   14.5644
   -7.5000   15.0000    7.5000 2916.2305   14.9075
    0.0000   15.0000    7.5000 2955.3020   14.6997
    7.5000   15.0000    7.5000 2919.1018   14.8938
   -7.5000   22.5000    7.5000 2850.6802   15.7327
    0.0000   22.5000    7.5000 2872.6860   15.4634
    7.5000   22.5000    7.5000 2854.4036   15.6670
   -7.5000   30.0000    7.5000 2749.5295   16.8894
    0.0000   30.0000    7.5000 2769.2156   16.5526
    7.5000   30.0000    7.5000 2752.9216   16.7719
   -7.5000   37.5000    7.5000 2640.0732   18.4837
    0.0000   37.5000    7.5000 2658.5154   18.1434
    7.5000   37.5000    7.5000 2641.7417   18.3720
   -7.5000   45.0000    7.5000 2499.0320   20.5039
    0.0000   45.0000    7.5000 2519.6965   20.1586
    7.5000   45.0000    7.5000 2499.3936   20.4194
   -7.5000  -45.0000   15.0000 2369.6477   22.4022
    0.0000  -45.0000   15.0000 2394.5056   21.9487
    7.5000  -45.0000   15.0000 2377.1362   22.2667
   -7.5000  -37.5000   15.0000 2504.1357   19.9398
    0.0000  -37.5000   15.0000 2519.7207   19.5224
    7.5000  -37.5000   15.0000 2507.0232   19.7786
   -7.5000  -30.0000   15.0000 2620.9626   18.0633
    0.0000  -30.0000   15.0000 2634.6787   17.7361
    7.5000  -30.0000   15.0000 2620.9702   17.9603
   -7.5000  -22.5000   15.0000 2729.5032   16.6829
    0.0000  -22.5000   15.0000 2741.9146   16.4287
    7.5000  -22.5000   15.0000 2727.4280   16.6172
   -7.5000  -15.0000   15.0000 2825.5918   15.7305
    0.0000  -15.0000   15.0000 2841.1252   15.5395
    7.5000  -15.0000   15.0000 2822.8362   15.6875
   -7.5000   -7.5000   15.0000 2916.6670   15.1444
    0.0000   -7.5000   15.0000 2949.0149   15.0760
    7.5000   -7.5000   15.0000 2913.5730   15.0940
   -7.5000    0.0000   15.0000 2954.3965   14.7816
    0.0000    0.0000   15.0000 2992.3779   14.6171
    7.5000    0.0000   15.0000 2955.5149   14.8519
   -7.5000    7.5000   15.0000 2945.7139   14.8077
    0.0000    7.5000   15.0000 2981.1389   14.5945
    7.5000    7.5000   15.0000 2946.4238   14.8413
   -7.5000   15.0000   15.0000 2906.6604   15.2995
    0.0000   15.0000   15.0000 2944.6377   15.0817
    7.5000   15.0000   15.0000 2902.1304   15.2665
   -7.5000   22.5000   15.0000 2830.3291   16.1039
    0.0000   22.5000   15.0000 2859.2690   15.9112
    7.5000   22.5000   15.0000 2830.9209   16.0851
   -7.5000   30.0000   15.0000 2725.1843   17.1974
    0.0000   30.0000   15.0000 2743.4197   16.9494
    7.5000   30.0000   15.0000 2725.6611   17.1348
   -7.5000   37.5000   15.0000 2610.8096   18.6768
    0.0000   37.5000   15.0000 2631.2610   18.3654
    7.5000   37.5000   15.0000 2613.8003   18.5661
   -7.5000   45.0000   15.0000 2475.0391   20.5758
    0.0000   45.0000   15.0000 2495.4148   20.2432
    7.5000   45.0000   15.0000 2476.6987   20.4391
   -7.5000  -45.0000   22.5000 2346.4014   22.8689
    0.0000  -45.0000   22.5000 2369.7561   22.5408
    7.5000  -45.0000   22.5000 2349.2485   22.8176
   -7.5000  -37.5000   22.5000 2479.7864   20.3826
    0.0000  -37.5000   22.5000 2498.0740   20.0590
    7.5000  -37.5000   22.5000 2479.9053   20.3785
   -7.5000  -30.0000   22.5000 2597.7227   18.5262
    0.0000  -30.0000   22.5000 2617.3479   18.2227
    7.5000  -30.0000   22.5000 2599.9612   18.5080
   -7.5000  -22.5000   22.5000 2710.3130   17.1762
    0.0000  -22.5000   22.5000 2727.0178   16.8882
    7.5000  -22.5000   22.5000 2705.3174   17.1472
   -7.5000  -15.0000   22.5000 2803.4153   16.2587
    0.0000  -15.0000   22.5000 2819.0300   15.9917
    7.5000  -15.0000   22.5000 2797.0173   16.1551
   -7.5000   -7.5000   22.5000 2878.1794   15.5862
    0.0000   -7.5000   22.5000 2902.6423   15.3317
    7.5000   -7.5000   22.5000 2877.2417   15.5056
   -7.5000    0.0000   22.5000 2914.2378   15.1895
    0.0000    0.0000   22.5000 2933.9465   14.8125
    7.5000    0.0000   22.5000 2910.8225   15.1824
   -7.5000    7.5000   22.5000 2909.8789   15.2220
    0.0000    7.5000   22.5000 2937.1643   14.9067
    7.5000    7.5000   22.5000 2904.8848   15.1758
   -7.5000   15.0000   22.5000 2866.4939   15.8173
    0.0000   15.0000   22.5000 2901.4421   15.5705
    7.5000   15.0000   22.5000 2863.7881   15.7005
   -7.5000   22.5000   22.5000 2792.7324   16.6736
    0.0000   22.5000   22.5000 2817.3281   16.4630
    7.5000   22.5000   22.5000 2791.9875   16.6261
   -7.5000   30.0000   22.5000 2685.3049   17.7799
    0.0000   30.0000   22.5000 2703.0452   17.5179
    7.5000   30.0000   22.5000 2683.1365   17.7154
   -7.5000   37.5000   22.5000 2573.7202   19.2603
    0.0000   37.5000   22.5000 2592.2039   18.9983
    7.5000   37.5000   22.5000 2571.0337   19.2038
   -7.5000   45.0000   22.5000 2432.7773   21.0945
    0.0000   45.0000   22.5000 2458.2100   20.7743
    7.5000   45.0000   22.5000 2439.2190   20.9650
   -7.5000  -45.0000   30.0000 2311.7825   23.6534
    0.0000  -45.0000   30.0000 2331.9971   23.2756
    7.5000  -45.0000   30.0000 2315.7449   23.6466
   -7.5000  -37.5000   30.0000 2447.9863   21.1157
    0.0000  -37.5000   30.0000 2467.4492   20.7158
    7.5000  -37.5000   30.0000 2449.5400   21.0956
   -7.5000  -30.0000   30.0000 2566.5947   19.2360
    0.0000  -30.0000   30.0000 2591.8757   18.8425
    7.5000  -30.0000   30.0000 2568.3450   19.2117
   -7.5000  -22.5000   30.0000 2676.8806   17.8766
    0.0000  -22.5000   30.0000 2699.2285   17.5345
    7.5000  -22.5000   30.0000 2673.2571   17.8352
   -7.5000  -15.0000   30.0000 2767.6621   16.9159
    0.0000  -15.0000   30.0000 2787.6926   16.5768
    7.5000  -15.0000   30.0000 2759.8342   16.8132
   -7.5000   -7.5000   30.0000 2821.7122   16.2216
    0.0000   -7.5000   30.0000 2845.3318   15.7961
    7.5000   -7.5000   30.0000 2816.8074   16.1439
   -7.5000    0.0000   30.0000 2849.9597   15.7952
    0.0000    0.0000   30.0000 2868.8833   15.4516
    7.5000    0.0000   30.0000 2841.7605   15.7426
   -7.5000    7.5000   30.0000 2842.3767   15.8602
    0.0000    7.5000   30.0000 2869.3398   15.5473
    7.5000    7.5000   30.0000 2839.5625   15.8035
   -7.5000   15.0000   30.0000 2797.1599   16.4701
    0.0000   15.0000   30.0000 2828.7603   16.2277
    7.5000   15.0000   30.0000 2794.1853   16.3714
   -7.5000   22.5000   30.0000 2726.9404   17.3950
    0.0000   22.5000   30.0000 2752.0776   17.1370
    7.5000   22.5000   30.0000 2726.7856   17.3409
   -7.5000   30.0000   30.0000 2627.2683   18.5639
    0.0000   30.0000   30.0000 2643.5220   18.2261
    7.5000   30.0000   30.0000 2623.8972   18.4532
   -7.5000   37.5000   30.0000 2514.9863   19.9786
    0.0000   37.5000   30.0000 2535.6377   19.7363
    7.5000   37.5000   30.0000 2518.5967   19.9417
   -7.5000   45.0000   30.0000 2377.5776   21.9360
    0.0000   45.0000   30.0000 2402.4434   21.6201
    7.5000   45.0000   30.0000 2389.4451   21.7778
   -7.5000  -45.0000   37.5000 2277.0249   24.6943
    0.0000  -45.0000   37.5000 2298.0640   24.2284
    7.5000  -45.0000   37.5000 2282.0327   24.6426
   -7.5000  -37.5000   37.5000 2410.3613   22.0419
    0.0000  -37.5000   37.5000 2440.3379   21.6178
    7.5000  -37.5000   37.5000 2418.8328   21.9924
   -7.5000  -30.0000   37.5000 2532.7617   20.1541
    0.0000  -30.0000   37.5000 2559.3301   19.7389
    7.5000  -30.0000   37.5000 2535.2876   20.0946
   -7.5000  -22.5000   37.5000 2637.4500   18.7672
    0.0000  -22.5000   37.5000 2657.3838   18.4146
    7.5000  -22.5000   37.5000 2635.3384   18.7326
   -7.5000  -15.0000   37.5000 2715.3164   17.7996
    0.0000  -15.0000   37.5000 2737.9971   17.3950
    7.5000  -15.0000   37.5000 2706.7271   17.7131
   -7.5000   -7.5000   37.5000 2752.5024   17.0838
    0.0000   -7.5000   37.5000 2778.3621   16.6906
    7.5000   -7.5000   37.5000 2748.3298   17.0297
   -7.5000    0.0000   37.5000 2774.3613   16.6713
    0.0000    0.0000   37.5000 2796.1179   16.3575
    7.5000    0.0000   37.5000 2772.4636   16.6225
   -7.5000    7.5000   37.5000 2767.8367   16.7525
    0.0000    7.5000   37.5000 2791.7400   16.4277
    7.5000    7.5000   37.5000 2766.3765   16.6953
   -7.5000   15.0000   37.5000 2722.9197   17.3581
    0.0000   15.0000   37.5000 2745.5779   17.1205
    7.5000   15.0000   37.5000 2720.4556   17.3019
   -7.5000   22.5000   37.5000 2651.8081   18.2941
    0.0000   22.5000   37.5000 2675.2939   18.0451
    7.5000   22.5000   37.5000 2651.2131   18.2421
   -7.5000   30.0000   37.5000 2552.2966   19.4214
    0.0000   30.0000   37.5000 2567.4404   19.1435
    7.5000   30.0000   37.5000 2551.4917   19.3780
   -7.5000   37.5000   37.5000 2444.9797   20.8997
    0.0000   37.5000   37.5000 2460.6277   20.6132
    7.5000   37.5000   37.5000 2448.1116   20.8548
   -7.5000   45.0000   37.5000 2318.6570   22.8907
    0.0000   45.0000   37.5000 2340.8889   22.6507
    7.5000   45.0000   37.5000 2322.8853   22.9038
   -7.5000  -45.0000   45.0000 2234.0769   25.8432
    0.0000  -45.0000   45.0000 2261.2419   25.4555
    7.5000  -45.0000   45.0000 2238.5503   25.7576
   -7.5000  -37.5000   45.0000 2365.5979   23.1425
    0.0000  -37.5000   45.0000 2394.6880   22.7472
    7.5000  -37.5000   45.0000 2371.9985   23.0581
   -7.5000  -30.0000   45.0000 2478.4609   21.2119
    0.0000  -30.0000   45.0000 2503.1372   20.8430
    7.5000  -30.0000   45.0000 2483.3958   21.1734
   -7.5000  -22.5000   45.0000 2578.1238   19.8879
    0.0000  -22.5000   45.0000 2595.1926   19.5152
    7.5000  -22.5000   45.0000 2574.8489   19.8612
   -7.5000  -15.0000   45.0000 2640.9109   18.9033
    0.0000  -15.0000   45.0000 2660.1626   18.5180
    7.5000  -15.0000   45.0000 2637.7654   18.8632
   -7.5000   -7.5000   45.0000 2679.5505   18.1542
    0.0000   -7.5000   45.0000 2699.6021   17.8651
    7.5000   -7.5000   45.0000 2672.4448   18.1274
   -7.5000    0.0000   45.0000 2685.0681   17.7841
    0.0000    0.0000   45.0000 2700.3235   17.4837
    7.5000    0.0000   45.0000 2682.3464   17.7411
   -7.5000    7.5000   45.0000 2676.0061   17.8439
    0.0000    7.5000   45.0000 2695.3098   17.5573
    7.5000    7.5000   45.0000 2676.8806   17.7955
   -7.5000   15.0000   45.0000 2637.9387   18.4357
    0.0000   15.0000   45.0000 2661.5503   18.1752
    7.5000   15.0000   45.0000 2637.9094   18.3883
   -7.5000   22.5000   45.0000 2572.4565   19.2946
    0.0000   22.5000   45.0000 2597.2241   19.0351
    7.5000   22.5000   45.0000 2568.5054   19.2842
   -7.5000   30.0000   45.0000 2473.1929   20.5077
    0.0000   30.0000   45.0000 2488.1868   20.2181
    7.5000   30.0000   45.0000 2471.5505   20.4845
   -7.5000   37.5000   45.0000 2368.2112   22.0619
    0.0000   37.5000   45.0000 2380.7253   21.7280
    7.5000   37.5000   45.0000 2368.4480   21.9924
   -7.5000   45.0000   45.0000 2239.0266   24.1151
    0.0000   45.0000   45.0000 2260.1631   23.8940
    7.5000   45.0000   45.0000 2246.8069   24.1447

---------------------------------------------------------------------
imgreg_4dfp /opt/freesurfer/average/711-2C_as_mni_average_305 /opt/freesurfer/average/711-2B_as_mni_average_305_mask talsrcimg_g11 none talsrcimg_to_711-2C_as_mni_average_305_t4 1283
---------------------------------------------------------------------

freesurfer imgreg_4dfp.c
/opt/freesurfer/average/711-2C_as_mni_average_305.4dfp.img
       256       256       256         1
  1.000000  1.000000  1.000000
orientation T byte_order littleendian
Reading image: /opt/freesurfer/average/711-2C_as_mni_average_305.4dfp.img
dimensions:      256       256       256
mmppix:       1.0000   -1.0000   -1.0000
center:     128.0000 -129.0000 -129.0000
/opt/freesurfer/average/711-2B_as_mni_average_305_mask.4dfp.img
       256       256       256         1
  1.000000  1.000000  1.000000
orientation T byte_order littleendian
Reading mask: /opt/freesurfer/average/711-2B_as_mni_average_305_mask.4dfp.img (2306576 pixels)
talsrcimg_g11.4dfp.img
       256       256       256         1
  1.000000  1.000000  1.000000
orientation T byte_order littleendian
Reading image: talsrcimg_g11.4dfp.img
dimensions:      256       256       256
mmppix:       1.0000   -1.0000   -1.0000
center:     128.0000 -129.0000 -129.0000
rotation matrix determinant  1.000000
fimgreg.f
image alignment mode   1283 decimal      503 hex
parameters
    0.0000    0.0000    7.5000    0.0000    0.0000    0.0000
eta,q 0.95489 14.62466
niter,ni,del,rscale     5    3   12.0000    1.2000
parameters
   -0.0096    2.2992    6.9224   -0.4000    1.4844    1.2049
eta,q 0.95606 14.40404
  0.0638  0.0696  0.0538  0.0524  0.0559  0.0510
  0.0563  0.0630  0.0483  0.0471  0.0521  0.0482
  0.0503  0.0537  0.0452  0.0444  0.0484  0.0458
  0.0468  0.0467  0.0457  0.0455  0.0452  0.0441
  0.0484  0.0457  0.0481  0.0474  0.0443  0.0442
  0.0562  0.0489  0.0519  0.0496  0.0465  0.0454
  0.0647  0.0512  0.0560  0.0527  0.0496  0.0473
niter,ni,del,rscale     4    3   12.0000    1.2000
parameters
   -0.2516    2.9994    6.8878   -1.1545    1.8721    1.3406
eta,q 0.95565 14.39887
  0.0600  0.0618  0.0564  0.0505  0.0541  0.0500
  0.0545  0.0527  0.0496  0.0454  0.0507  0.0476
  0.0481  0.0455  0.0449  0.0437  0.0469  0.0454
  0.0439  0.0441  0.0449  0.0449  0.0444  0.0443
  0.0469  0.0468  0.0472  0.0463  0.0457  0.0454
  0.0555  0.0494  0.0507  0.0490  0.0482  0.0472
  0.0641  0.0539  0.0553  0.0529  0.0527  0.0495
niter,ni,del,rscale     3    3   12.0000    1.2000
parameters
   -0.4262    3.3878    6.8150   -1.6802    2.0651    1.4387
eta,q 0.95528 14.40111
  0.0604  0.0600  0.0568  0.0507  0.0541  0.0504
  0.0544  0.0516  0.0493  0.0463  0.0507  0.0477
  0.0483  0.0449  0.0450  0.0440  0.0467  0.0456
  0.0443  0.0445  0.0450  0.0450  0.0446  0.0447
  0.0469  0.0473  0.0471  0.0462  0.0462  0.0458
  0.0550  0.0499  0.0513  0.0484  0.0489  0.0475
  0.0634  0.0551  0.0557  0.0523  0.0537  0.0499
niter,ni,del,rscale     2    3   12.0000    1.2000
parameters
   -0.5387    3.6051    6.7193   -2.0183    2.1792    1.5121
eta,q 0.95506 14.40386
  0.0605  0.0593  0.0567  0.0509  0.0542  0.0505
  0.0543  0.0513  0.0492  0.0469  0.0507  0.0476
  0.0484  0.0446  0.0451  0.0442  0.0467  0.0456
  0.0447  0.0448  0.0451  0.0451  0.0449  0.0449
  0.0469  0.0476  0.0471  0.0463  0.0464  0.0459
  0.0546  0.0503  0.0515  0.0481  0.0493  0.0475
  0.0627  0.0560  0.0556  0.0517  0.0541  0.0500
niter,ni,del,rscale     1    3   12.0000    1.2000
parameters
   -0.6025    3.7540    6.6473   -2.2560    2.2475    1.5679
eta,q 0.95492 14.40559
  0.0607  0.0590  0.0568  0.0510  0.0542  0.0504
  0.0544  0.0513  0.0493  0.0473  0.0507  0.0475
  0.0485  0.0446  0.0453  0.0444  0.0466  0.0456
  0.0449  0.0450  0.0452  0.0452  0.0450  0.0451
  0.0469  0.0475  0.0471  0.0464  0.0466  0.0459
  0.0543  0.0504  0.0516  0.0480  0.0496  0.0475
  0.0624  0.0566  0.0555  0.0514  0.0543  0.0501
registration optimization eta report
parameter search radius
    6.0000    6.0000    6.0000    6.0000    6.0000    6.0000
100000*second partial in parameter space
       45.       36.       31.       18.       25.       14.
  0.0607  0.0590  0.0568  0.0510  0.0542  0.0504
  0.0544  0.0513  0.0493  0.0473  0.0507  0.0475
  0.0485  0.0446  0.0453  0.0444  0.0466  0.0456
  0.0449  0.0450  0.0452  0.0452  0.0450  0.0451
  0.0469  0.0475  0.0471  0.0464  0.0466  0.0459
  0.0543  0.0504  0.0516  0.0480  0.0496  0.0475
  0.0624  0.0566  0.0555  0.0514  0.0543  0.0501
   -0.6025    3.7540    6.6473   -2.2560    2.2475    1.5679
eta,q 0.95492 14.40559

---------------------------------------------------------------------
imgreg_4dfp /opt/freesurfer/average/711-2C_as_mni_average_305 /opt/freesurfer/average/711-2B_as_mni_average_305_mask talsrcimg_g11 none talsrcimg_to_711-2C_as_mni_average_305_t4 3335
---------------------------------------------------------------------

freesurfer imgreg_4dfp.c
/opt/freesurfer/average/711-2C_as_mni_average_305.4dfp.img
       256       256       256         1
  1.000000  1.000000  1.000000
orientation T byte_order littleendian
Reading image: /opt/freesurfer/average/711-2C_as_mni_average_305.4dfp.img
dimensions:      256       256       256
mmppix:       1.0000   -1.0000   -1.0000
center:     128.0000 -129.0000 -129.0000
/opt/freesurfer/average/711-2B_as_mni_average_305_mask.4dfp.img
       256       256       256         1
  1.000000  1.000000  1.000000
orientation T byte_order littleendian
Reading mask: /opt/freesurfer/average/711-2B_as_mni_average_305_mask.4dfp.img (2306576 pixels)
talsrcimg_g11.4dfp.img
       256       256       256         1
  1.000000  1.000000  1.000000
orientation T byte_order littleendian
Reading image: talsrcimg_g11.4dfp.img
dimensions:      256       256       256
mmppix:       1.0000   -1.0000   -1.0000
center:     128.0000 -129.0000 -129.0000
fimgreg.f
image alignment mode   3335 decimal      D07 hex
parameters
   -0.6025    3.7540    6.6473   -0.1143   -0.1107   -0.1544
   -2.5798   -4.0249    2.7341    3.8278    3.9217   -3.9335
eta,q 0.95684 14.49474
niter,ni,del,rscale     5    3    5.0000    1.2000
parameter  4  1.033232 ->  0.500000 qaram    1.1500
parameter  5  1.485029 ->  0.500000 qaram    1.1500
parameters
   -0.5664    3.0588    6.7340   -4.2543   -4.2507   -3.4251
   -1.3935   -4.1617    0.9682    0.5294    3.3134   -0.4851
eta,q 0.96961 14.34346
  0.0463  0.0439  0.0455  0.0382  0.0305  0.0335  0.0358  0.0363  0.0329  0.0320  0.0321  0.0339
  0.0446  0.0431  0.0442  0.0386  0.0320  0.0324  0.0340  0.0337  0.0320  0.0311  0.0313  0.0325
  0.0436  0.0429  0.0433  0.0401  0.0348  0.0318  0.0326  0.0322  0.0317  0.0309  0.0310  0.0315
  0.0432  0.0432  0.0429  0.0429  0.0388  0.0326  0.0319  0.0318  0.0318  0.0317  0.0308  0.0308
  0.0435  0.0438  0.0431  0.0469  0.0441  0.0356  0.0320  0.0325  0.0324  0.0329  0.0311  0.0304
  0.0445  0.0446  0.0439  0.0518  0.0504  0.0400  0.0327  0.0341  0.0334  0.0342  0.0317  0.0304
  0.0461  0.0457  0.0452  0.0571  0.0563  0.0445  0.0339  0.0366  0.0349  0.0363  0.0326  0.0309
niter,ni,del,rscale     6    3    5.0000    1.2000
parameter  2 -0.583054 -> -0.500000 qaram    1.1500
parameter  5  0.615327 ->  0.500000 qaram    1.3225
parameters
   -0.3069    4.4388    5.5407   -6.5672   -9.0117   -4.5543
    0.0270   -3.7950    0.7172    3.8521    3.0978   -0.6002
eta,q 0.97393 14.05756
  0.0341  0.0367  0.0295  0.0308  0.0272  0.0292  0.0299  0.0306  0.0287  0.0311  0.0270  0.0275
  0.0323  0.0341  0.0289  0.0298  0.0267  0.0284  0.0286  0.0284  0.0277  0.0293  0.0264  0.0267
  0.0310  0.0319  0.0289  0.0290  0.0271  0.0275  0.0276  0.0272  0.0271  0.0280  0.0261  0.0263
  0.0304  0.0303  0.0294  0.0289  0.0289  0.0267  0.0270  0.0269  0.0269  0.0269  0.0261  0.0261
  0.0305  0.0295  0.0304  0.0300  0.0329  0.0270  0.0269  0.0272  0.0271  0.0262  0.0262  0.0262
  0.0313  0.0294  0.0316  0.0328  0.0393  0.0292  0.0274  0.0281  0.0278  0.0262  0.0265  0.0267
  0.0328  0.0300  0.0332  0.0375  0.0462  0.0333  0.0284  0.0298  0.0290  0.0272  0.0271  0.0276
niter,ni,del,rscale     7    3    5.0000    1.2000
parameter  2 -0.657264 -> -0.500000 qaram    1.3225
parameters
   -0.2867    6.0258    5.6395   -5.4905  -11.9234   -4.2746
   -0.0208   -3.6054    0.6336    5.6358    2.7971   -1.6823
eta,q 0.97597 14.06991
  0.0284  0.0336  0.0264  0.0276  0.0271  0.0281  0.0265  0.0287  0.0263  0.0287  0.0251  0.0252
  0.0271  0.0307  0.0254  0.0265  0.0257  0.0269  0.0255  0.0262  0.0252  0.0269  0.0245  0.0245
  0.0263  0.0282  0.0247  0.0254  0.0246  0.0258  0.0247  0.0248  0.0246  0.0254  0.0241  0.0241
  0.0261  0.0261  0.0245  0.0245  0.0242  0.0245  0.0244  0.0244  0.0244  0.0244  0.0240  0.0240
  0.0263  0.0248  0.0247  0.0240  0.0263  0.0240  0.0247  0.0249  0.0246  0.0240  0.0242  0.0244
  0.0271  0.0245  0.0252  0.0246  0.0316  0.0254  0.0254  0.0260  0.0253  0.0245  0.0246  0.0251
  0.0283  0.0252  0.0261  0.0270  0.0389  0.0288  0.0266  0.0281  0.0264  0.0261  0.0253  0.0263
niter,ni,del,rscale     7    3    5.0000    1.2000
parameters
   -0.2803    6.3363    5.8273   -4.9255  -12.8746   -4.0550
   -0.0271   -3.5753    0.6550    5.9176    2.5851   -1.6362
eta,q 0.97605 14.07873
  0.0266  0.0293  0.0261  0.0270  0.0283  0.0281  0.0261  0.0284  0.0259  0.0271  0.0251  0.0255
  0.0252  0.0264  0.0250  0.0259  0.0264  0.0268  0.0251  0.0258  0.0248  0.0257  0.0244  0.0247
  0.0243  0.0247  0.0243  0.0249  0.0249  0.0255  0.0243  0.0244  0.0242  0.0247  0.0241  0.0242
  0.0240  0.0240  0.0240  0.0240  0.0239  0.0241  0.0240  0.0240  0.0240  0.0240  0.0240  0.0240
  0.0243  0.0243  0.0241  0.0236  0.0239  0.0237  0.0242  0.0246  0.0242  0.0240  0.0241  0.0241
  0.0252  0.0254  0.0246  0.0244  0.0268  0.0252  0.0250  0.0260  0.0248  0.0251  0.0245  0.0246
  0.0266  0.0275  0.0255  0.0271  0.0327  0.0289  0.0262  0.0282  0.0259  0.0270  0.0252  0.0256
niter,ni,del,rscale     6    3    5.0000    1.2000
parameters
   -0.3087    6.3124    5.9265   -4.9007  -13.0392   -4.0154
   -0.0081   -3.5621    0.7250    5.9297    2.5561   -1.4795
eta,q 0.97603 14.07189
  0.0265  0.0280  0.0260  0.0268  0.0288  0.0280  0.0261  0.0284  0.0259  0.0269  0.0252  0.0256
  0.0251  0.0256  0.0249  0.0257  0.0268  0.0267  0.0250  0.0258  0.0249  0.0255  0.0245  0.0248
  0.0242  0.0243  0.0242  0.0248  0.0252  0.0254  0.0243  0.0244  0.0242  0.0246  0.0241  0.0242
  0.0239  0.0239  0.0239  0.0239  0.0239  0.0240  0.0240  0.0240  0.0240  0.0240  0.0240  0.0240
  0.0243  0.0244  0.0241  0.0237  0.0235  0.0237  0.0242  0.0245  0.0241  0.0241  0.0241  0.0241
  0.0252  0.0258  0.0247  0.0248  0.0256  0.0254  0.0249  0.0260  0.0247  0.0252  0.0245  0.0246
  0.0266  0.0280  0.0256  0.0277  0.0308  0.0293  0.0261  0.0282  0.0259  0.0273  0.0252  0.0255
niter,ni,del,rscale     5    3    5.0000    1.2000
parameters
   -0.3082    6.2878    5.9628   -4.9071  -13.0873   -4.0204
   -0.0229   -3.5563    0.7312    5.9170    2.5478   -1.3955
eta,q 0.97602 14.06786
  0.0266  0.0280  0.0259  0.0268  0.0289  0.0280  0.0261  0.0284  0.0259  0.0269  0.0252  0.0256
  0.0252  0.0256  0.0248  0.0257  0.0269  0.0267  0.0250  0.0258  0.0248  0.0255  0.0245  0.0248
  0.0243  0.0243  0.0242  0.0248  0.0252  0.0253  0.0243  0.0244  0.0242  0.0246  0.0241  0.0242
  0.0240  0.0240  0.0240  0.0240  0.0240  0.0240  0.0240  0.0240  0.0240  0.0240  0.0240  0.0240
  0.0243  0.0245  0.0242  0.0237  0.0235  0.0237  0.0242  0.0246  0.0241  0.0241  0.0241  0.0241
  0.0252  0.0258  0.0248  0.0248  0.0254  0.0255  0.0250  0.0260  0.0248  0.0253  0.0245  0.0246
  0.0266  0.0280  0.0257  0.0278  0.0305  0.0294  0.0262  0.0282  0.0259  0.0273  0.0252  0.0256
niter,ni,del,rscale     4    3    5.0000    1.2000
parameters
   -0.3080    6.2769    5.9773   -4.9071  -13.1019   -4.0259
   -0.0282   -3.5542    0.7366    5.9096    2.5496   -1.3552
eta,q 0.97601 14.06656
  0.0266  0.0281  0.0259  0.0268  0.0289  0.0280  0.0261  0.0284  0.0259  0.0269  0.0252  0.0256
  0.0252  0.0257  0.0248  0.0257  0.0269  0.0267  0.0250  0.0258  0.0248  0.0256  0.0245  0.0248
  0.0243  0.0244  0.0242  0.0249  0.0252  0.0253  0.0243  0.0244  0.0242  0.0246  0.0241  0.0242
  0.0240  0.0240  0.0240  0.0240  0.0240  0.0240  0.0240  0.0240  0.0240  0.0240  0.0240  0.0240
  0.0243  0.0245  0.0242  0.0237  0.0235  0.0237  0.0242  0.0246  0.0241  0.0241  0.0241  0.0241
  0.0252  0.0258  0.0248  0.0248  0.0254  0.0255  0.0250  0.0260  0.0248  0.0253  0.0245  0.0247
  0.0266  0.0280  0.0258  0.0277  0.0305  0.0294  0.0262  0.0282  0.0259  0.0273  0.0252  0.0256
registration optimization eta report
parameter search radius
    2.4000    3.1740    2.4000    8.2800    9.5220    7.2000
    7.2000    7.2000    7.2000    7.2000    7.2000    7.2000
100000*second partial in parameter space
       45.       40.       32.        5.        6.        9.
        4.        8.        4.        6.        2.        3.
  0.0266  0.0281  0.0259  0.0268  0.0289  0.0280  0.0261  0.0284  0.0259  0.0269  0.0252  0.0256
  0.0252  0.0257  0.0248  0.0257  0.0269  0.0267  0.0250  0.0258  0.0248  0.0256  0.0245  0.0248
  0.0243  0.0244  0.0242  0.0249  0.0252  0.0253  0.0243  0.0244  0.0242  0.0246  0.0241  0.0242
  0.0240  0.0240  0.0240  0.0240  0.0240  0.0240  0.0240  0.0240  0.0240  0.0240  0.0240  0.0240
  0.0243  0.0245  0.0242  0.0237  0.0235  0.0237  0.0242  0.0246  0.0241  0.0241  0.0241  0.0241
  0.0252  0.0258  0.0248  0.0248  0.0254  0.0255  0.0250  0.0260  0.0248  0.0253  0.0245  0.0247
  0.0266  0.0280  0.0258  0.0277  0.0305  0.0294  0.0262  0.0282  0.0259  0.0273  0.0252  0.0256
   -0.3080    6.2769    5.9773   -4.9071  -13.1019   -4.0259
   -0.0282   -3.5542    0.7366    5.9096    2.5496   -1.3552
eta,q 0.97601 14.06656

---------------------------------------------------------------------
imgreg_4dfp /opt/freesurfer/average/711-2C_as_mni_average_305 /opt/freesurfer/average/711-2B_as_mni_average_305_mask talsrcimg_g11 none talsrcimg_to_711-2C_as_mni_average_305_t4 2311
---------------------------------------------------------------------

freesurfer imgreg_4dfp.c
/opt/freesurfer/average/711-2C_as_mni_average_305.4dfp.img
       256       256       256         1
  1.000000  1.000000  1.000000
orientation T byte_order littleendian
Reading image: /opt/freesurfer/average/711-2C_as_mni_average_305.4dfp.img
dimensions:      256       256       256
mmppix:       1.0000   -1.0000   -1.0000
center:     128.0000 -129.0000 -129.0000
/opt/freesurfer/average/711-2B_as_mni_average_305_mask.4dfp.img
       256       256       256         1
  1.000000  1.000000  1.000000
orientation T byte_order littleendian
Reading mask: /opt/freesurfer/average/711-2B_as_mni_average_305_mask.4dfp.img (2306576 pixels)
talsrcimg_g11.4dfp.img
       256       256       256         1
  1.000000  1.000000  1.000000
orientation T byte_order littleendian
Reading image: talsrcimg_g11.4dfp.img
dimensions:      256       256       256
mmppix:       1.0000   -1.0000   -1.0000
center:     128.0000 -129.0000 -129.0000
fimgreg.f
image alignment mode   2311 decimal      907 hex
parameters
   -0.3080    6.2769    5.9773   -4.9071  -13.1019   -4.0259
   -0.0282   -3.5542    0.7366    5.9096    2.5496   -1.3552
eta,q 0.97601 14.06656
niter,ni,del,rscale     5    3    5.0000    0.8000
parameters
   -0.3028    6.2214    5.9499   -3.1602  -11.3798   -3.6061
   -0.4390   -3.5086    0.2539    5.7185    2.8736   -2.0943
eta,q 0.97677 14.23211
  0.0252  0.0249  0.0248  0.0255  0.0257  0.0263  0.0245  0.0259  0.0242  0.0249  0.0242  0.0239
  0.0245  0.0244  0.0243  0.0250  0.0249  0.0252  0.0237  0.0244  0.0236  0.0241  0.0237  0.0235
  0.0241  0.0241  0.0241  0.0245  0.0242  0.0242  0.0233  0.0235  0.0233  0.0235  0.0234  0.0233
  0.0240  0.0240  0.0240  0.0240  0.0237  0.0234  0.0232  0.0232  0.0232  0.0232  0.0232  0.0232
  0.0241  0.0241  0.0241  0.0237  0.0234  0.0232  0.0235  0.0236  0.0235  0.0234  0.0233  0.0234
  0.0245  0.0245  0.0244  0.0238  0.0234  0.0241  0.0241  0.0244  0.0240  0.0241  0.0236  0.0238
  0.0252  0.0251  0.0249  0.0244  0.0242  0.0259  0.0250  0.0258  0.0247  0.0254  0.0240  0.0245
niter,ni,del,rscale     4    3    5.0000    0.7000
parameters
   -0.3634    6.2527    5.7760   -3.6385  -11.1971   -3.2756
   -0.2321   -3.6823    0.1333    5.7587    3.0787   -2.5728
eta,q 0.97690 14.22722
  0.0243  0.0242  0.0238  0.0242  0.0246  0.0256  0.0244  0.0250  0.0240  0.0246  0.0238  0.0236
  0.0237  0.0237  0.0234  0.0238  0.0240  0.0247  0.0237  0.0239  0.0235  0.0238  0.0235  0.0233
  0.0233  0.0233  0.0232  0.0234  0.0235  0.0239  0.0233  0.0233  0.0232  0.0234  0.0232  0.0232
  0.0232  0.0232  0.0232  0.0232  0.0232  0.0232  0.0231  0.0231  0.0231  0.0231  0.0231  0.0231
  0.0234  0.0233  0.0234  0.0234  0.0232  0.0231  0.0232  0.0234  0.0232  0.0232  0.0232  0.0232
  0.0238  0.0236  0.0237  0.0240  0.0236  0.0239  0.0236  0.0242  0.0236  0.0237  0.0234  0.0235
  0.0245  0.0241  0.0242  0.0251  0.0246  0.0253  0.0242  0.0253  0.0241  0.0246  0.0237  0.0240
niter,ni,del,rscale     3    3    5.0000    0.6000
parameters
   -0.3835    6.3247    5.7824   -3.7024  -10.9985   -3.0341
   -0.1876   -3.7754    0.0305    5.8405    3.2012   -2.8386
eta,q 0.97696 14.23774
  0.0239  0.0239  0.0237  0.0240  0.0242  0.0251  0.0239  0.0245  0.0237  0.0242  0.0236  0.0235
  0.0235  0.0235  0.0234  0.0236  0.0237  0.0243  0.0234  0.0237  0.0233  0.0236  0.0233  0.0232
  0.0232  0.0232  0.0232  0.0233  0.0233  0.0236  0.0232  0.0232  0.0231  0.0232  0.0231  0.0231
  0.0231  0.0231  0.0231  0.0231  0.0231  0.0231  0.0230  0.0230  0.0230  0.0230  0.0230  0.0230
  0.0232  0.0232  0.0232  0.0232  0.0231  0.0231  0.0231  0.0233  0.0231  0.0231  0.0231  0.0231
  0.0235  0.0234  0.0234  0.0235  0.0234  0.0237  0.0234  0.0238  0.0234  0.0234  0.0232  0.0233
  0.0240  0.0237  0.0237  0.0242  0.0241  0.0248  0.0239  0.0247  0.0238  0.0242  0.0235  0.0237
niter,ni,del,rscale     2    3    5.0000    0.5000
parameters
   -0.4029    6.3500    5.8008   -3.7286  -10.8496   -2.8679
   -0.1548   -3.8355   -0.0399    5.8930    3.2810   -2.9874
eta,q 0.97700 14.24474
  0.0236  0.0236  0.0235  0.0237  0.0238  0.0245  0.0236  0.0241  0.0235  0.0238  0.0234  0.0233
  0.0233  0.0233  0.0232  0.0234  0.0235  0.0239  0.0233  0.0235  0.0232  0.0234  0.0232  0.0231
  0.0231  0.0231  0.0231  0.0232  0.0232  0.0233  0.0231  0.0231  0.0230  0.0231  0.0230  0.0230
  0.0230  0.0230  0.0230  0.0230  0.0230  0.0230  0.0230  0.0230  0.0230  0.0230  0.0230  0.0230
  0.0231  0.0231  0.0231  0.0231  0.0230  0.0231  0.0231  0.0232  0.0231  0.0230  0.0230  0.0230
  0.0233  0.0232  0.0232  0.0233  0.0232  0.0235  0.0233  0.0235  0.0232  0.0233  0.0231  0.0232
  0.0237  0.0235  0.0234  0.0238  0.0238  0.0244  0.0236  0.0241  0.0235  0.0238  0.0233  0.0234
niter,ni,del,rscale     1    3    5.0000    0.4000
parameters
   -0.4145    6.3620    5.8178   -3.7278  -10.7396   -2.7551
   -0.1312   -3.8781   -0.0959    5.9428    3.3589   -3.0772
eta,q 0.97702 14.25033
  0.0234  0.0233  0.0233  0.0235  0.0235  0.0240  0.0234  0.0237  0.0233  0.0235  0.0232  0.0232
  0.0232  0.0231  0.0231  0.0232  0.0233  0.0235  0.0232  0.0233  0.0231  0.0233  0.0231  0.0231
  0.0230  0.0230  0.0230  0.0231  0.0231  0.0232  0.0230  0.0231  0.0230  0.0231  0.0230  0.0230
  0.0230  0.0230  0.0230  0.0230  0.0230  0.0230  0.0230  0.0230  0.0230  0.0230  0.0230  0.0230
  0.0231  0.0230  0.0230  0.0230  0.0230  0.0230  0.0230  0.0231  0.0230  0.0230  0.0230  0.0230
  0.0232  0.0231  0.0231  0.0232  0.0231  0.0233  0.0232  0.0233  0.0231  0.0232  0.0231  0.0231
  0.0234  0.0233  0.0233  0.0235  0.0235  0.0239  0.0234  0.0237  0.0233  0.0235  0.0232  0.0232
registration optimization eta report
parameter search radius
    0.8000    0.8000    0.8000    2.4000    2.4000    2.4000
    2.4000    2.4000    2.4000    2.4000    2.4000    2.4000
100000*second partial in parameter space
       61.       53.       45.        8.        9.       17.
        7.       12.        6.        9.        4.        4.
  0.0234  0.0233  0.0233  0.0235  0.0235  0.0240  0.0234  0.0237  0.0233  0.0235  0.0232  0.0232
  0.0232  0.0231  0.0231  0.0232  0.0233  0.0235  0.0232  0.0233  0.0231  0.0233  0.0231  0.0231
  0.0230  0.0230  0.0230  0.0231  0.0231  0.0232  0.0230  0.0231  0.0230  0.0231  0.0230  0.0230
  0.0230  0.0230  0.0230  0.0230  0.0230  0.0230  0.0230  0.0230  0.0230  0.0230  0.0230  0.0230
  0.0231  0.0230  0.0230  0.0230  0.0230  0.0230  0.0230  0.0231  0.0230  0.0230  0.0230  0.0230
  0.0232  0.0231  0.0231  0.0232  0.0231  0.0233  0.0232  0.0233  0.0231  0.0232  0.0231  0.0231
  0.0234  0.0233  0.0233  0.0235  0.0235  0.0239  0.0234  0.0237  0.0233  0.0235  0.0232  0.0232
   -0.4145    6.3620    5.8178   -3.7278  -10.7396   -2.7551
   -0.1312   -3.8781   -0.0959    5.9428    3.3589   -3.0772
eta,q 0.97702 14.25033

---------------------------------------------------------------------
imgreg_4dfp /opt/freesurfer/average/711-2C_as_mni_average_305 /opt/freesurfer/average/711-2B_as_mni_average_305_mask talsrcimg_g11 none talsrcimg_to_711-2C_as_mni_average_305_t4 2311
---------------------------------------------------------------------

freesurfer imgreg_4dfp.c
/opt/freesurfer/average/711-2C_as_mni_average_305.4dfp.img
       256       256       256         1
  1.000000  1.000000  1.000000
orientation T byte_order littleendian
Reading image: /opt/freesurfer/average/711-2C_as_mni_average_305.4dfp.img
dimensions:      256       256       256
mmppix:       1.0000   -1.0000   -1.0000
center:     128.0000 -129.0000 -129.0000
/opt/freesurfer/average/711-2B_as_mni_average_305_mask.4dfp.img
       256       256       256         1
  1.000000  1.000000  1.000000
orientation T byte_order littleendian
Reading mask: /opt/freesurfer/average/711-2B_as_mni_average_305_mask.4dfp.img (2306576 pixels)
talsrcimg_g11.4dfp.img
       256       256       256         1
  1.000000  1.000000  1.000000
orientation T byte_order littleendian
Reading image: talsrcimg_g11.4dfp.img
dimensions:      256       256       256
mmppix:       1.0000   -1.0000   -1.0000
center:     128.0000 -129.0000 -129.0000
fimgreg.f
image alignment mode   2311 decimal      907 hex
parameters
   -0.4145    6.3620    5.8178   -3.7278  -10.7396   -2.7551
   -0.1312   -3.8781   -0.0959    5.9428    3.3589   -3.0772
eta,q 0.97702 14.25033
niter,ni,del,rscale     5    3    5.0000    0.8000
parameters
   -0.4199    6.3933    5.8860   -4.3208  -11.2657   -3.0124
    0.0002   -3.8985    0.0607    5.9081    3.1959   -2.7803
eta,q 0.97687 14.20178
  0.0245  0.0244  0.0242  0.0243  0.0245  0.0257  0.0246  0.0256  0.0244  0.0249  0.0238  0.0240
  0.0237  0.0236  0.0235  0.0237  0.0239  0.0247  0.0238  0.0242  0.0237  0.0240  0.0234  0.0236
  0.0231  0.0231  0.0231  0.0232  0.0233  0.0237  0.0233  0.0234  0.0233  0.0234  0.0232  0.0233
  0.0230  0.0230  0.0230  0.0230  0.0230  0.0231  0.0231  0.0231  0.0231  0.0231  0.0231  0.0231
  0.0232  0.0231  0.0231  0.0232  0.0232  0.0234  0.0233  0.0235  0.0232  0.0232  0.0232  0.0232
  0.0237  0.0236  0.0235  0.0240  0.0241  0.0246  0.0237  0.0243  0.0236  0.0239  0.0235  0.0234
  0.0245  0.0243  0.0240  0.0255  0.0260  0.0269  0.0244  0.0256  0.0242  0.0251  0.0240  0.0239
niter,ni,del,rscale     4    3    5.0000    0.7000
parameters
   -0.4029    6.3668    5.8588   -3.9550  -11.1992   -3.0176
   -0.0930   -3.8397    0.0565    5.8910    3.1968   -2.7892
eta,q 0.97693 14.22046
  0.0243  0.0240  0.0239  0.0244  0.0244  0.0254  0.0241  0.0252  0.0240  0.0245  0.0237  0.0237
  0.0236  0.0235  0.0234  0.0239  0.0239  0.0245  0.0235  0.0240  0.0235  0.0238  0.0233  0.0234
  0.0233  0.0232  0.0232  0.0234  0.0234  0.0236  0.0232  0.0233  0.0232  0.0233  0.0232  0.0232
  0.0231  0.0231  0.0231  0.0231  0.0231  0.0231  0.0231  0.0231  0.0231  0.0231  0.0231  0.0231
  0.0232  0.0232  0.0232  0.0231  0.0230  0.0232  0.0232  0.0233  0.0232  0.0231  0.0231  0.0231
  0.0236  0.0236  0.0235  0.0234  0.0235  0.0241  0.0236  0.0240  0.0235  0.0237  0.0234  0.0234
  0.0242  0.0241  0.0239  0.0242  0.0246  0.0258  0.0242  0.0250  0.0240  0.0247  0.0237  0.0238
niter,ni,del,rscale     3    3    5.0000    0.6000
parameters
   -0.4043    6.3539    5.8355   -3.8128  -11.0295   -2.9362
   -0.1353   -3.8417    0.0050    5.8907    3.2537   -2.8847
eta,q 0.97698 14.23392
  0.0239  0.0238  0.0237  0.0240  0.0241  0.0249  0.0239  0.0246  0.0237  0.0241  0.0235  0.0235
  0.0234  0.0234  0.0233  0.0236  0.0237  0.0242  0.0234  0.0237  0.0233  0.0236  0.0233  0.0233
  0.0232  0.0231  0.0231  0.0233  0.0233  0.0235  0.0231  0.0232  0.0231  0.0232  0.0231  0.0231
  0.0231  0.0231  0.0231  0.0231  0.0231  0.0230  0.0230  0.0230  0.0230  0.0230  0.0230  0.0230
  0.0232  0.0232  0.0232  0.0231  0.0230  0.0231  0.0231  0.0232  0.0231  0.0231  0.0231  0.0231
  0.0235  0.0234  0.0234  0.0234  0.0233  0.0238  0.0234  0.0237  0.0234  0.0235  0.0232  0.0233
  0.0239  0.0238  0.0237  0.0240  0.0241  0.0250  0.0239  0.0246  0.0238  0.0242  0.0235  0.0236
niter,ni,del,rscale     2    3    5.0000    0.5000
parameters
   -0.4116    6.3546    5.8305   -3.7612  -10.8703   -2.8349
   -0.1363   -3.8650   -0.0523    5.9082    3.3124   -2.9830
eta,q 0.97700 14.24306
  0.0236  0.0235  0.0235  0.0237  0.0238  0.0245  0.0236  0.0241  0.0235  0.0238  0.0234  0.0233
  0.0233  0.0232  0.0232  0.0234  0.0235  0.0238  0.0233  0.0235  0.0232  0.0234  0.0232  0.0232
  0.0231  0.0231  0.0231  0.0232  0.0232  0.0233  0.0231  0.0231  0.0230  0.0231  0.0230  0.0230
  0.0230  0.0230  0.0230  0.0230  0.0230  0.0230  0.0230  0.0230  0.0230  0.0230  0.0230  0.0230
  0.0231  0.0231  0.0231  0.0231  0.0230  0.0231  0.0231  0.0231  0.0231  0.0230  0.0230  0.0230
  0.0233  0.0232  0.0232  0.0233  0.0232  0.0236  0.0233  0.0235  0.0232  0.0233  0.0231  0.0232
  0.0236  0.0235  0.0235  0.0238  0.0238  0.0244  0.0236  0.0241  0.0235  0.0238  0.0233  0.0234
niter,ni,del,rscale     1    3    5.0000    0.4000
parameters
   -0.4213    6.3624    5.8327   -3.7394  -10.7500   -2.7430
   -0.1189   -3.8963   -0.1044    5.9435    3.3706   -3.0575
eta,q 0.97703 14.24954
  0.0234  0.0233  0.0233  0.0235  0.0235  0.0240  0.0234  0.0237  0.0233  0.0235  0.0232  0.0232
  0.0232  0.0231  0.0231  0.0232  0.0233  0.0235  0.0232  0.0233  0.0231  0.0232  0.0231  0.0231
  0.0230  0.0230  0.0230  0.0231  0.0231  0.0232  0.0230  0.0231  0.0230  0.0231  0.0230  0.0230
  0.0230  0.0230  0.0230  0.0230  0.0230  0.0230  0.0230  0.0230  0.0230  0.0230  0.0230  0.0230
  0.0230  0.0230  0.0230  0.0230  0.0230  0.0230  0.0230  0.0231  0.0230  0.0230  0.0230  0.0230
  0.0232  0.0231  0.0231  0.0232  0.0231  0.0234  0.0232  0.0233  0.0231  0.0232  0.0231  0.0231
  0.0234  0.0233  0.0233  0.0235  0.0235  0.0239  0.0234  0.0237  0.0233  0.0235  0.0232  0.0232
registration optimization eta report
parameter search radius
    0.8000    0.8000    0.8000    2.4000    2.4000    2.4000
    2.4000    2.4000    2.4000    2.4000    2.4000    2.4000
100000*second partial in parameter space
       61.       52.       44.        8.        9.       17.
        7.       12.        6.        9.        4.        4.
  0.0234  0.0233  0.0233  0.0235  0.0235  0.0240  0.0234  0.0237  0.0233  0.0235  0.0232  0.0232
  0.0232  0.0231  0.0231  0.0232  0.0233  0.0235  0.0232  0.0233  0.0231  0.0232  0.0231  0.0231
  0.0230  0.0230  0.0230  0.0231  0.0231  0.0232  0.0230  0.0231  0.0230  0.0231  0.0230  0.0230
  0.0230  0.0230  0.0230  0.0230  0.0230  0.0230  0.0230  0.0230  0.0230  0.0230  0.0230  0.0230
  0.0230  0.0230  0.0230  0.0230  0.0230  0.0230  0.0230  0.0231  0.0230  0.0230  0.0230  0.0230
  0.0232  0.0231  0.0231  0.0232  0.0231  0.0234  0.0232  0.0233  0.0231  0.0232  0.0231  0.0231
  0.0234  0.0233  0.0233  0.0235  0.0235  0.0239  0.0234  0.0237  0.0233  0.0235  0.0232  0.0232
   -0.4213    6.3624    5.8327   -3.7394  -10.7500   -2.7430
   -0.1189   -3.8963   -0.1044    5.9435    3.3706   -3.0575
eta,q 0.97703 14.24954

---------------------------------------------------------------------
compute_vox2vox talsrcimg talsrcimg_to_711-2C_as_mni_average_305_t4 /opt/freesurfer/average/711-2C_as_mni_average_305
---------------------------------------------------------------------

freesurfer compute_vox2vox.c
Reading: talsrcimg.4dfp.ifh
Reading: talsrcimg_to_711-2C_as_mni_average_305_t4
Reading: /opt/freesurfer/average/711-2C_as_mni_average_305.4dfp.ifh
Writing: talsrcimg_to_711-2C_as_mni_average_305_t4_vox2vox.txt

start time Mon Mar 9 11:28:29 CET 2026
end		time Mon Mar 9 11:28:42 CET 2026

mpr2mni305 success

avi2talxfm orig_nu.mgz /opt/freesurfer/average/mni305.cor.mgz talsrcimg_to_711-2C_as_mni_average_305_t4_vox2vox.txt transforms/talairach.auto.xfm
avi2talxfm done
mv -f /out/sourcedata/freesurfer/sub-v1s21x0050421_ses-1/mri/talsrcimg_to_711-2C_as_mni_average_305_t4_vox2vox.txt /out/sourcedata/freesurfer/sub-v1s21x0050421_ses-1/mri/transforms/talsrcimg_to_711-2C_as_mni_average_305_t4_vox2vox.txt
lta_convert --src orig_nu.mgz --trg /opt/freesurfer/average/mni305.cor.mgz --inxfm transforms/talairach.auto.xfm --outlta transforms/talairach.auto.xfm.lta --subject fsaverage
7.3.2

--src: orig_nu.mgz src image (geometry).
--trg: /opt/freesurfer/average/mni305.cor.mgz trg image (geometry).
--inmni: transforms/talairach.auto.xfm input MNI/XFM transform.
--outlta: transforms/talairach.auto.xfm.lta output LTA.
--s: fsaverage subject name
 LTA read, type : 1
 1.03740   0.04139   0.00280  -0.52907;
-0.03584   1.02463   0.03505  -6.69461;
 0.00360  -0.06819   1.11812  -7.31033;
 0.00000   0.00000   0.00000   1.00000;
setting subject to fsaverage
Writing  LTA to file transforms/talairach.auto.xfm.lta...
lta_convert successful.
 
 
Started at Mon Mar 9 11:28:28 CET 2026
Ended   at Mon Mar  9 11:28:42 CET 2026
talairach_avi done
