/out/sourcedata/freesurfer/sub-v1s21x0050418_ses-1/mri
/opt/freesurfer/bin/talairach_avi
--i orig_nu.mgz --xfm transforms/talairach.auto.xfm
talairach_avi 7.3.2
Linux dna061 5.14.0-427.37.1.el9_4.x86_64 #1 SMP PREEMPT_DYNAMIC Fri Sep 13 12:41:50 EDT 2024 x86_64 x86_64 x86_64 GNU/Linux
Mon Mar  9 11:25:43 CET 2026
mri_convert orig_nu.mgz talsrcimg.img 
reading from orig_nu.mgz...
TR=0.00, TE=0.00, TI=0.00, flip angle=0.00
i_ras = (-1, 0, 0)
j_ras = (0, 0, -1)
k_ras = (0, 1, 0)
writing to talsrcimg.img...
Analyze Output Matrix
-1.00000   0.00000   0.00000   129.70000;
 0.00000   0.00000   1.00000  -128.50000;
 0.00000  -1.00000   0.00000   129.50000;
 0.00000   0.00000   0.00000   1.00000;
--------------------
INFO: set hdr.hist.orient to -1
mpr2mni305 talsrcimg
Mon Mar  9 11:25:44 CET 2026
/opt/freesurfer/bin/mpr2mni305 talsrcimg
mpr2mni305 7.3.2
target=711-2C_as_mni_average_305

---------------------------------------------------------------------
analyzeto4dfp talsrcimg -O0 -y
---------------------------------------------------------------------

freesurfer ifh2hdr.c
Mon Mar  9 11:25:44 2026
Writing: talsrcimg.4dfp.hdr
freesurfer analyzeto4dfp.c
Reading: talsrcimg.hdr
header size 348 bytes
hdr.dime.datatype	offset=70	value=2
hdr.dime.bitpix		offset=72	value=8
hdr.hist.orient		offset=252	value=-1
dimensionality     4
dimensions       256       256       256         1
Reading: talsrcimg.img
Writing: talsrcimg.4dfp.img
Writing: talsrcimg.4dfp.ifh
ifh2hdr talsrcimg -r0to231
ori=2

---------------------------------------------------------------------
gauss_4dfp talsrcimg 1.1
---------------------------------------------------------------------

freesurfer gauss_4dfp.c
Reading: talsrcimg.4dfp.img
Writing: talsrcimg_g11.4dfp.img
image dimensions 256 256 256 padded to 288 288 288
processing volume 1freesurfer ifh2hdr.c
Mon Mar  9 11:25:46 2026
Writing: talsrcimg_g11.4dfp.hdr

Writing: talsrcimg_g11.4dfp.ifh
including: talsrcimg.4dfp.img.rec in talsrcimg_g11.4dfp.img.rec

---------------------------------------------------------------------
imgreg_4dfp /opt/freesurfer/average/711-2C_as_mni_average_305 none talsrcimg_g11 none talsrcimg_to_711-2C_as_mni_average_305_t4 4355
---------------------------------------------------------------------

freesurfer imgreg_4dfp.c
/opt/freesurfer/average/711-2C_as_mni_average_305.4dfp.img
       256       256       256         1
  1.000000  1.000000  1.000000
orientation T byte_order littleendian
Reading image: /opt/freesurfer/average/711-2C_as_mni_average_305.4dfp.img
dimensions:      256       256       256
mmppix:       1.0000   -1.0000   -1.0000
center:     128.0000 -129.0000 -129.0000
talsrcimg_g11.4dfp.img
       256       256       256         1
  1.000000  1.000000  1.000000
orientation T byte_order littleendian
Reading image: talsrcimg_g11.4dfp.img
dimensions:      256       256       256
mmppix:       1.0000   -1.0000   -1.0000
center:     128.0000 -129.0000 -129.0000
t4_read: open error in t4_sub.f l:  41 t4_file(1:l)talsrcimg_to_711-2C_as_mni_average_305_t4 
t4_read: transform initialized to I4
rotation matrix determinant  1.000000
image alignment mode   4355 decimal     1103 hex
   -7.5000  -45.0000  -45.0000 7692.2900   21.9307
    0.0000  -45.0000  -45.0000 8062.2900   21.8406
    7.5000  -45.0000  -45.0000 7775.5322   21.8105
   -7.5000  -37.5000  -45.0000 8298.3730   21.8413
    0.0000  -37.5000  -45.0000 8694.2158   21.7613
    7.5000  -37.5000  -45.0000 8372.8896   21.7369
   -7.5000  -30.0000  -45.0000 9174.8838   21.7658
    0.0000  -30.0000  -45.0000 9641.6504   21.6965
    7.5000  -30.0000  -45.0000 9305.2305   21.6920
   -7.5000  -22.5000  -45.000010038.7793   21.7357
    0.0000  -22.5000  -45.000010570.6240   21.6665
    7.5000  -22.5000  -45.000010203.7646   21.6767
   -7.5000  -15.0000  -45.000010829.6787   21.7671
    0.0000  -15.0000  -45.000011394.1924   21.6870
    7.5000  -15.0000  -45.000010971.7939   21.6950
   -7.5000   -7.5000  -45.000011541.8564   21.8407
    0.0000   -7.5000  -45.000012170.5537   21.7511
    7.5000   -7.5000  -45.000011717.7715   21.7393
   -7.5000    0.0000  -45.000012174.2197   21.8848
    0.0000    0.0000  -45.000012830.4111   21.7952
    7.5000    0.0000  -45.000012363.3125   21.7656
   -7.5000    7.5000  -45.000011892.8701   21.8410
    0.0000    7.5000  -45.000012526.8242   21.7609
    7.5000    7.5000  -45.000012044.9473   21.7364
   -7.5000   15.0000  -45.000011425.4639   21.7657
    0.0000   15.0000  -45.000012010.9170   21.6964
    7.5000   15.0000  -45.000011520.3604   21.6919
   -7.5000   22.5000  -45.000010942.8467   21.7327
    0.0000   22.5000  -45.000011507.9717   21.6635
    7.5000   22.5000  -45.000011019.3789   21.6737
   -7.5000   30.0000  -45.000010262.2480   21.4770
    0.0000   30.0000  -45.000010775.0400   21.3980
    7.5000   30.0000  -45.000010340.6924   21.4059
   -7.5000   37.5000  -45.0000 9741.7090   21.5497
    0.0000   37.5000  -45.000010217.8457   21.4613
    7.5000   37.5000  -45.0000 9812.5332   21.4496
   -7.5000   45.0000  -45.0000 8909.4102   21.0449
    0.0000   45.0000  -45.0000 9285.0127   20.9587
    7.5000   45.0000  -45.0000 8924.2725   20.9302
   -7.5000  -45.0000  -37.5000 8170.2373   21.9175
    0.0000  -45.0000  -37.5000 8567.6748   21.8290
    7.5000  -45.0000  -37.5000 8253.5361   21.7915
   -7.5000  -37.5000  -37.5000 8799.3359   21.8144
    0.0000  -37.5000  -37.5000 9243.5137   21.7381
    7.5000  -37.5000  -37.5000 8905.9932   21.7093
   -7.5000  -30.0000  -37.5000 9738.4795   21.7369
    0.0000  -30.0000  -37.500010243.5527   21.6677
    7.5000  -30.0000  -37.5000 9868.9961   21.6612
   -7.5000  -22.5000  -37.500010680.6201   21.7173
    0.0000  -22.5000  -37.500011236.0166   21.6439
    7.5000  -22.5000  -37.500010814.9072   21.6511
   -7.5000  -15.0000  -37.500011507.2207   21.7616
    0.0000  -15.0000  -37.500012106.6846   21.6760
    7.5000  -15.0000  -37.500011635.9893   21.6788
   -7.5000   -7.5000  -37.500012225.4883   21.8387
    0.0000   -7.5000  -37.500012886.6328   21.7455
    7.5000   -7.5000  -37.500012396.9854   21.7264
   -7.5000    0.0000  -37.500012875.6963   21.8717
    0.0000    0.0000  -37.500013592.4297   21.7836
    7.5000    0.0000  -37.500013075.1602   21.7466
   -7.5000    7.5000  -37.500012564.1738   21.8141
    0.0000    7.5000  -37.500013251.0234   21.7377
    7.5000    7.5000  -37.500012747.2285   21.7088
   -7.5000   15.0000  -37.500012037.6328   21.7368
    0.0000   15.0000  -37.500012681.1855   21.6675
    7.5000   15.0000  -37.500012170.9521   21.6611
   -7.5000   22.5000  -37.500011509.1260   21.7143
    0.0000   22.5000  -37.500012106.5449   21.6409
    7.5000   22.5000  -37.500011607.2334   21.6481
   -7.5000   30.0000  -37.500010790.9346   21.4716
    0.0000   30.0000  -37.500011320.6719   21.3871
    7.5000   30.0000  -37.500010887.0996   21.3899
   -7.5000   37.5000  -37.500010240.2041   21.5477
    0.0000   37.5000  -37.500010770.1211   21.4558
    7.5000   37.5000  -37.500010339.4072   21.4368
   -7.5000   45.0000  -37.5000 9356.3984   21.0323
    0.0000   45.0000  -37.5000 9778.8301   20.9476
    7.5000   45.0000  -37.5000 9394.9199   20.9120
   -7.5000  -45.0000  -30.0000 8773.7520   22.8200
    0.0000  -45.0000  -30.0000 9208.6719   22.7240
    7.5000  -45.0000  -30.0000 8861.7314   22.6856
   -7.5000  -37.5000  -30.0000 9434.8916   22.7076
    0.0000  -37.5000  -30.0000 9912.7158   22.6206
    7.5000  -37.5000  -30.0000 9564.9873   22.5906
   -7.5000  -30.0000  -30.000010428.5117   22.6144
    0.0000  -30.0000  -30.000010965.1543   22.5305
    7.5000  -30.0000  -30.000010576.9590   22.5259
   -7.5000  -22.5000  -30.000011416.3975   22.5849
    0.0000  -22.5000  -30.000012028.3262   22.4987
    7.5000  -22.5000  -30.000011590.3467   22.5122
   -7.5000  -15.0000  -30.000012295.1279   22.6349
    0.0000  -15.0000  -30.000012959.5693   22.5405
    7.5000  -15.0000  -30.000012474.1924   22.5513
   -7.5000   -7.5000  -30.000013056.8516   22.7292
    0.0000   -7.5000  -30.000013782.4277   22.6288
    7.5000   -7.5000  -30.000013256.4170   22.6135
   -7.5000    0.0000  -30.000013775.8691   22.7725
    0.0000    0.0000  -30.000014551.2803   22.6769
    7.5000    0.0000  -30.000013986.9316   22.6388
   -7.5000    7.5000  -30.000013457.6572   22.7073
    0.0000    7.5000  -30.000014226.0908   22.6201
    7.5000    7.5000  -30.000013678.9092   22.5901
   -7.5000   15.0000  -30.000012911.4141   22.6143
    0.0000   15.0000  -30.000013614.0586   22.5303
    7.5000   15.0000  -30.000013067.1553   22.5257
   -7.5000   22.5000  -30.000012269.7695   22.5795
    0.0000   22.5000  -30.000012914.6436   22.4932
    7.5000   22.5000  -30.000012399.5830   22.5067
   -7.5000   30.0000  -30.000011449.2559   22.3354
    0.0000   30.0000  -30.000012015.9219   22.2422
    7.5000   30.0000  -30.000011569.6816   22.2529
   -7.5000   37.5000  -30.000010890.3037   22.4285
    0.0000   37.5000  -30.000011422.8955   22.3293
    7.5000   37.5000  -30.000010976.9863   22.3143
   -7.5000   45.0000  -30.0000 9949.0869   21.9146
    0.0000   45.0000  -30.000010406.0146   21.8226
    7.5000   45.0000  -30.0000 9970.2490   21.7859
   -7.5000  -45.0000  -22.5000 9320.1484   23.5985
    0.0000  -45.0000  -22.5000 9768.4531   23.4924
    7.5000  -45.0000  -22.5000 9410.3711   23.4625
   -7.5000  -37.5000  -22.500010030.3301   23.4934
    0.0000  -37.5000  -22.500010513.7783   23.3896
    7.5000  -37.5000  -22.500010132.0420   23.3632
   -7.5000  -30.0000  -22.500011062.3096   23.3871
    0.0000  -30.0000  -22.500011625.5635   23.2859
    7.5000  -30.0000  -22.500011224.9453   23.2847
   -7.5000  -22.5000  -22.500012114.1143   23.3355
    0.0000  -22.5000  -22.500012767.1689   23.2391
    7.5000  -22.5000  -22.500012313.8721   23.2618
   -7.5000  -15.0000  -22.500013038.0605   23.3756
    0.0000  -15.0000  -22.500013757.4980   23.2777
    7.5000  -15.0000  -22.500013253.5420   23.3028
   -7.5000   -7.5000  -22.500013833.6455   23.4833
    0.0000   -7.5000  -22.500014598.0605   23.3790
    7.5000   -7.5000  -22.500014056.7148   23.3771
   -7.5000    0.0000  -22.500014635.7334   23.5495
    0.0000    0.0000  -22.500015414.7969   23.4438
    7.5000    0.0000  -22.500014819.1533   23.4142
   -7.5000    7.5000  -22.500014348.3643   23.4931
    0.0000    7.5000  -22.500015124.7783   23.3891
    7.5000    7.5000  -22.500014538.9785   23.3627
   -7.5000   15.0000  -22.500013709.3477   23.3870
    0.0000   15.0000  -22.500014472.8350   23.2858
    7.5000   15.0000  -22.500013906.9912   23.2845
   -7.5000   22.5000  -22.500012973.2197   23.3283
    0.0000   22.5000  -22.500013643.9863   23.2319
    7.5000   22.5000  -22.500013125.7324   23.2545
   -7.5000   30.0000  -22.500012118.7715   23.0699
    0.0000   30.0000  -22.500012728.7119   22.9732
    7.5000   30.0000  -22.500012231.4199   22.9980
   -7.5000   37.5000  -22.500011514.4111   23.1761
    0.0000   37.5000  -22.500012087.6748   23.0732
    7.5000   37.5000  -22.500011615.2920   23.0713
   -7.5000   45.0000  -22.500010527.6396   22.6793
    0.0000   45.0000  -22.500011025.6436   22.5775
    7.5000   45.0000  -22.500010586.1719   22.5491
   -7.5000  -45.0000  -15.0000 9831.2354   24.1780
    0.0000  -45.0000  -15.000010314.4219   24.0673
    7.5000  -45.0000  -15.0000 9940.9570   24.0445
   -7.5000  -37.5000  -15.000010574.1494   24.0859
    0.0000  -37.5000  -15.000011098.4941   23.9739
    7.5000  -37.5000  -15.000010700.2510   23.9514
   -7.5000  -30.0000  -15.000011685.4346   23.9764
    0.0000  -30.0000  -15.000012284.2246   23.8710
    7.5000  -30.0000  -15.000011835.7412   23.8716
   -7.5000  -22.5000  -15.000012804.3682   23.9080
    0.0000  -22.5000  -15.000013507.3672   23.8136
    7.5000  -22.5000  -15.000012998.7363   23.8404
   -7.5000  -15.0000  -15.000013798.4463   23.9339
    0.0000  -15.0000  -15.000014620.3477   23.8405
    7.5000  -15.0000  -15.000014084.7021   23.8730
   -7.5000   -7.5000  -15.000014617.8018   24.0441
    0.0000   -7.5000  -15.000015485.2148   23.9417
    7.5000   -7.5000  -15.000014923.2822   23.9483
   -7.5000    0.0000  -15.000015455.8848   24.1277
    0.0000    0.0000  -15.000016296.2412   24.0175
    7.5000    0.0000  -15.000015759.7656   23.9951
   -7.5000    7.5000  -15.000015109.6943   24.0857
    0.0000    7.5000  -15.000015981.6455   23.9735
    7.5000    7.5000  -15.000015457.4434   23.9509
   -7.5000   15.0000  -15.000014430.1240   23.9764
    0.0000   15.0000  -15.000015254.8203   23.8709
    7.5000   15.0000  -15.000014771.1836   23.8714
   -7.5000   22.5000  -15.000013602.2510   23.8995
    0.0000   22.5000  -15.000014362.7295   23.8052
    7.5000   22.5000  -15.000013857.0693   23.8320
   -7.5000   30.0000  -15.000012705.5508   23.6241
    0.0000   30.0000  -15.000013378.9160   23.5320
    7.5000   30.0000  -15.000012902.6963   23.5641
   -7.5000   37.5000  -15.000012122.6611   23.7329
    0.0000   37.5000  -15.000012728.1816   23.6319
    7.5000   37.5000  -15.000012279.9775   23.6383
   -7.5000   45.0000  -15.000011097.4062   23.2502
    0.0000   45.0000  -15.000011645.9824   23.1440
    7.5000   45.0000  -15.000011214.5361   23.1224
   -7.5000  -45.0000   -7.500010340.8193   24.4829
    0.0000  -45.0000   -7.500010864.6748   24.3762
    7.5000  -45.0000   -7.500010479.0723   24.3513
   -7.5000  -37.5000   -7.500011121.5098   24.3934
    0.0000  -37.5000   -7.500011683.3174   24.2904
    7.5000  -37.5000   -7.500011271.7930   24.2675
   -7.5000  -30.0000   -7.500012285.7480   24.2950
    0.0000  -30.0000   -7.500012902.5498   24.2032
    7.5000  -30.0000   -7.500012460.7646   24.2025
   -7.5000  -22.5000   -7.500013470.6777   24.2361
    0.0000  -22.5000   -7.500014180.4336   24.1528
    7.5000  -22.5000   -7.500013689.5781   24.1742
   -7.5000  -15.0000   -7.500014588.4932   24.2597
    0.0000  -15.0000   -7.500015523.0586   24.1718
    7.5000  -15.0000   -7.500014963.2568   24.1962
   -7.5000   -7.5000   -7.500015560.1484   24.3569
    0.0000   -7.5000   -7.500016647.1543   24.2579
    7.5000   -7.5000   -7.500016170.4014   24.2584
   -7.5000    0.0000   -7.500016398.6992   24.4318
    0.0000    0.0000   -7.500017405.1367   24.3256
    7.5000    0.0000   -7.500017015.9258   24.3012
   -7.5000    7.5000   -7.500015988.8135   24.3931
    0.0000    7.5000   -7.500016848.0703   24.2900
    7.5000    7.5000   -7.500016414.8145   24.2671
   -7.5000   15.0000   -7.500015219.3652   24.2949
    0.0000   15.0000   -7.500016037.3535   24.2031
    7.5000   15.0000   -7.500015618.2354   24.2023
   -7.5000   22.5000   -7.500014329.3262   24.2249
    0.0000   22.5000   -7.500015133.2988   24.1416
    7.5000   22.5000   -7.500014707.5518   24.1630
   -7.5000   30.0000   -7.500013403.8525   23.9451
    0.0000   30.0000   -7.500014108.6562   23.8584
    7.5000   30.0000   -7.500013659.0781   23.8824
   -7.5000   37.5000   -7.500012782.0264   24.0411
    0.0000   37.5000   -7.500013423.4502   23.9433
    7.5000   37.5000   -7.500012951.4160   23.9438
   -7.5000   45.0000   -7.500011679.2471   23.5477
    0.0000   45.0000   -7.500012286.9883   23.4453
    7.5000   45.0000   -7.500011821.0020   23.4217
   -7.5000  -45.0000    0.000010742.5654   24.5410
    0.0000  -45.0000    0.000011303.5068   24.4403
    7.5000  -45.0000    0.000010882.1279   24.4066
   -7.5000  -37.5000    0.000011527.9609   24.4410
    0.0000  -37.5000    0.000012167.3184   24.3515
    7.5000  -37.5000    0.000011709.6621   24.3241
   -7.5000  -30.0000    0.000012744.3574   24.3565
    0.0000  -30.0000    0.000013428.5107   24.2790
    7.5000  -30.0000    0.000012946.6523   24.2740
   -7.5000  -22.5000    0.000013999.8203   24.3228
    0.0000  -22.5000    0.000014718.1123   24.2454
    7.5000  -22.5000    0.000014190.7832   24.2568
   -7.5000  -15.0000    0.000015159.5957   24.3580
    0.0000  -15.0000    0.000016138.9697   24.2684
    7.5000  -15.0000    0.000015634.3057   24.2773
   -7.5000   -7.5000    0.000016282.8926   24.4404
    0.0000   -7.5000    0.000017564.2383   24.3401
    7.5000   -7.5000    0.000017175.1523   24.3269
   -7.5000    0.0000    0.000017244.3145   24.4897
    0.0000    0.0000    0.000018344.6465   24.3895
    7.5000    0.0000    0.000017865.8516   24.3562
   -7.5000    7.5000    0.000016758.9805   24.4407
    0.0000    7.5000    0.000017615.9531   24.3510
    7.5000    7.5000    0.000017021.8379   24.3236
   -7.5000   15.0000    0.000015958.0605   24.3564
    0.0000   15.0000    0.000016863.6094   24.2788
    7.5000   15.0000    0.000016247.3213   24.2738
   -7.5000   22.5000    0.000015009.4775   24.3116
    0.0000   22.5000    0.000015935.5703   24.2342
    7.5000   22.5000    0.000015325.6406   24.2456
   -7.5000   30.0000    0.000013984.5332   24.0428
    0.0000   30.0000    0.000014796.0684   23.9543
    7.5000   30.0000    0.000014168.9043   23.9631
   -7.5000   37.5000    0.000013288.4570   24.1241
    0.0000   37.5000    0.000014033.1602   24.0251
    7.5000   37.5000    0.000013428.4795   24.0120
   -7.5000   45.0000    0.000012105.2861   23.6052
    0.0000   45.0000    0.000012795.3984   23.5086
    7.5000   45.0000    0.000012256.4971   23.4766
   -7.5000  -45.0000    7.500010369.4473   24.5263
    0.0000  -45.0000    7.500010944.6543   24.4272
    7.5000  -45.0000    7.500010558.7119   24.3853
   -7.5000  -37.5000    7.500011143.1826   24.4109
    0.0000  -37.5000    7.500011728.2100   24.3256
    7.5000  -37.5000    7.500011354.0791   24.2933
   -7.5000  -30.0000    7.500012316.8623   24.3242
    0.0000  -30.0000    7.500012893.6738   24.2467
    7.5000  -30.0000    7.500012495.4697   24.2395
   -7.5000  -22.5000    7.500013512.4512   24.3023
    0.0000  -22.5000    7.500014086.4102   24.2201
    7.5000  -22.5000    7.500013625.0322   24.2282
   -7.5000  -15.0000    7.500014639.7461   24.3518
    0.0000  -15.0000    7.500015488.8525   24.2560
    7.5000  -15.0000    7.500015004.2900   24.2592
   -7.5000   -7.5000    7.500015749.9102   24.4381
    0.0000   -7.5000    7.500016985.4727   24.3338
    7.5000   -7.5000    7.500016395.6484   24.3124
   -7.5000    0.0000    7.500016805.4160   24.4750
    0.0000    0.0000    7.500017984.8574   24.3765
    7.5000    0.0000    7.500017086.8203   24.3350
   -7.5000    7.5000    7.500016357.6758   24.4106
    0.0000    7.5000    7.500017455.1719   24.3251
    7.5000    7.5000    7.500016475.6289   24.2928
   -7.5000   15.0000    7.500015503.3047   24.3241
    0.0000   15.0000    7.500016585.3281   24.2465
    7.5000   15.0000    7.500015786.4473   24.2393
   -7.5000   22.5000    7.500014509.8926   24.2910
    0.0000   22.5000    7.500015458.1348   24.2089
    7.5000   22.5000    7.500014804.5898   24.2170
   -7.5000   30.0000    7.500013478.3145   24.0367
    0.0000   30.0000    7.500014251.2178   23.9421
    7.5000   30.0000    7.500013676.4424   23.9452
   -7.5000   37.5000    7.500012800.5439   24.1218
    0.0000   37.5000    7.500013494.3535   24.0189
    7.5000   37.5000    7.500012981.1191   23.9977
   -7.5000   45.0000    7.500011654.3213   23.5911
    0.0000   45.0000    7.500012297.9043   23.4961
    7.5000   45.0000    7.500011844.1611   23.4562
   -7.5000  -45.0000   15.0000 9849.5771   24.5050
    0.0000  -45.0000   15.000010431.4961   24.4019
    7.5000  -45.0000   15.000010068.4404   24.3606
   -7.5000  -37.5000   15.000010577.9619   24.3843
    0.0000  -37.5000   15.000011170.3232   24.2908
    7.5000  -37.5000   15.000010776.3037   24.2586
   -7.5000  -30.0000   15.000011693.0918   24.2842
    0.0000  -30.0000   15.000012293.2939   24.1941
    7.5000  -30.0000   15.000011831.4404   24.1892
   -7.5000  -22.5000   15.000012851.9131   24.2526
    0.0000  -22.5000   15.000013470.2363   24.1599
    7.5000  -22.5000   15.000012936.0547   24.1744
   -7.5000  -15.0000   15.000013915.3203   24.3062
    0.0000  -15.0000   15.000014757.5195   24.2048
    7.5000  -15.0000   15.000014210.1650   24.2164
   -7.5000   -7.5000   15.000014896.6191   24.4075
    0.0000   -7.5000   15.000015907.4902   24.2996
    7.5000   -7.5000   15.000015254.1533   24.2832
   -7.5000    0.0000   15.000015780.3242   24.4540
    0.0000    0.0000   15.000016667.2734   24.3513
    7.5000    0.0000   15.000015900.9004   24.3104
   -7.5000    7.5000   15.000015431.0225   24.3840
    0.0000    7.5000   15.000016302.1348   24.2904
    7.5000    7.5000   15.000015577.0107   24.2581
   -7.5000   15.0000   15.000014738.0156   24.2841
    0.0000   15.0000   15.000015631.9814   24.1939
    7.5000   15.0000   15.000015013.1982   24.1890
   -7.5000   22.5000   15.000013792.5488   24.2414
    0.0000   22.5000   15.000014619.5107   24.1487
    7.5000   22.5000   15.000014051.4717   24.1632
   -7.5000   30.0000   15.000012771.1504   23.9916
    0.0000   30.0000   15.000013525.1768   23.8916
    7.5000   30.0000   15.000012975.3789   23.9030
   -7.5000   37.5000   15.000012138.4199   24.0916
    0.0000   37.5000   15.000012811.1816   23.9851
    7.5000   37.5000   15.000012305.5186   23.9690
   -7.5000   45.0000   15.000011066.3760   23.5708
    0.0000   45.0000   15.000011656.3135   23.4719
    7.5000   45.0000   15.000011214.0400   23.4325
   -7.5000  -45.0000   22.5000 9233.5449   24.4987
    0.0000  -45.0000   22.5000 9774.8057   24.3890
    7.5000  -45.0000   22.5000 9420.0615   24.3581
   -7.5000  -37.5000   22.5000 9921.8564   24.3896
    0.0000  -37.5000   22.500010467.0020   24.2823
    7.5000  -37.5000   22.500010089.6875   24.2552
   -7.5000  -30.0000   22.500010936.8906   24.2793
    0.0000  -30.0000   22.500011491.8857   24.1748
    7.5000  -30.0000   22.500011092.3193   24.1737
   -7.5000  -22.5000   22.500012003.4316   24.2257
    0.0000  -22.5000   22.500012562.8330   24.1260
    7.5000  -22.5000   22.500012129.3398   24.1498
   -7.5000  -15.0000   22.500012954.1865   24.2673
    0.0000  -15.0000   22.500013645.5977   24.1660
    7.5000  -15.0000   22.500013198.7598   24.1923
   -7.5000   -7.5000   22.500013831.3447   24.3791
    0.0000   -7.5000   22.500014572.3965   24.2712
    7.5000   -7.5000   22.500014029.0879   24.2694
   -7.5000    0.0000   22.500014648.9131   24.4478
    0.0000    0.0000   22.500015247.9717   24.3385
    7.5000    0.0000   22.500014673.6035   24.3080
   -7.5000    7.5000   22.500014347.3789   24.3894
    0.0000    7.5000   22.500014930.9551   24.2819
    7.5000    7.5000   22.500014406.6719   24.2547
   -7.5000   15.0000   22.500013758.2061   24.2792
    0.0000   15.0000   22.500014363.9609   24.1746
    7.5000   15.0000   22.500013869.9805   24.1735
   -7.5000   22.5000   22.500012930.9326   24.2145
    0.0000   22.5000   22.500013542.1113   24.1148
    7.5000   22.5000   22.500013059.5410   24.1386
   -7.5000   30.0000   22.500011998.0996   23.9533
    0.0000   30.0000   22.500012569.9482   23.8532
    7.5000   30.0000   22.500012083.1992   23.8792
   -7.5000   37.5000   22.500011417.2139   24.0636
    0.0000   37.5000   22.500011985.7451   23.9571
    7.5000   37.5000   22.500011517.3838   23.9553
   -7.5000   45.0000   22.500010400.0459   23.5648
    0.0000   45.0000   22.500010942.5625   23.4595
    7.5000   45.0000   22.500010513.6328   23.4301
   -7.5000  -45.0000   30.0000 8507.4707   24.6751
    0.0000  -45.0000   30.0000 8959.1543   24.5620
    7.5000  -45.0000   30.0000 8665.2881   24.5391
   -7.5000  -37.5000   30.0000 9125.7168   24.5804
    0.0000  -37.5000   30.0000 9599.5127   24.4660
    7.5000  -37.5000   30.0000 9267.8232   24.4433
   -7.5000  -30.0000   30.000010069.9883   24.4680
    0.0000  -30.0000   30.000010585.7402   24.3602
    7.5000  -30.0000   30.000010223.2178   24.3612
   -7.5000  -22.5000   30.000011046.9434   24.3977
    0.0000  -22.5000   30.000011585.7295   24.3013
    7.5000  -22.5000   30.000011179.3057   24.3291
   -7.5000  -15.0000   30.000011924.2109   24.4243
    0.0000  -15.0000   30.000012531.3516   24.3289
    7.5000  -15.0000   30.000012112.8057   24.3626
   -7.5000   -7.5000   30.000012712.2461   24.5376
    0.0000   -7.5000   30.000013327.6016   24.4330
    7.5000   -7.5000   30.000012811.3389   24.4401
   -7.5000    0.0000   30.000013419.5732   24.6234
    0.0000    0.0000   30.000013951.7168   24.5108
    7.5000    0.0000   30.000013411.7256   24.4883
   -7.5000    7.5000   30.000013147.7451   24.5801
    0.0000    7.5000   30.000013686.2627   24.4656
    7.5000    7.5000   30.000013176.6963   24.4429
   -7.5000   15.0000   30.000012633.0625   24.4679
    0.0000   15.0000   30.000013166.5928   24.3601
    7.5000   15.0000   30.000012688.6094   24.3610
   -7.5000   22.5000   30.000011890.6426   24.3865
    0.0000   22.5000   30.000012422.5723   24.2900
    7.5000   22.5000   30.000011958.0742   24.3178
   -7.5000   30.0000   30.000011027.8916   24.1082
    0.0000   30.0000   30.000011531.6729   24.0140
    7.5000   30.0000   30.000011077.0967   24.0473
   -7.5000   37.5000   30.000010524.1309   24.2200
    0.0000   37.5000   30.000011017.4678   24.1167
    7.5000   37.5000   30.000010584.5381   24.1238
   -7.5000   45.0000   30.0000 9609.9814   23.7341
    0.0000   45.0000   30.000010067.8643   23.6256
    7.5000   45.0000   30.0000 9680.1758   23.6039
   -7.5000  -45.0000   37.5000 8100.2061   25.1301
    0.0000  -45.0000   37.5000 8509.3213   25.0168
    7.5000  -45.0000   37.5000 8241.5400   24.9891
   -7.5000  -37.5000   37.5000 8699.3682   25.0363
    0.0000  -37.5000   37.5000 9161.2383   24.9266
    7.5000  -37.5000   37.5000 8844.3008   24.9011
   -7.5000  -30.0000   37.5000 9611.5059   24.9331
    0.0000  -30.0000   37.500010084.2744   24.8350
    7.5000  -30.0000   37.5000 9776.7969   24.8326
   -7.5000  -22.5000   37.500010567.2520   24.8714
    0.0000  -22.5000   37.500011056.5137   24.7823
    7.5000  -22.5000   37.500010708.9561   24.8028
   -7.5000  -15.0000   37.500011397.8525   24.8962
    0.0000  -15.0000   37.500011952.7197   24.8027
    7.5000  -15.0000   37.500011551.1289   24.8260
   -7.5000   -7.5000   37.500012136.1963   24.9981
    0.0000   -7.5000   37.500012679.5635   24.8929
    7.5000   -7.5000   37.500012191.6514   24.8914
   -7.5000    0.0000   37.500012768.5166   25.0765
    0.0000    0.0000   37.500013279.5469   24.9637
    7.5000    0.0000   37.500012776.1836   24.9364
   -7.5000    7.5000   37.500012480.4473   25.0361
    0.0000    7.5000   37.500013021.1797   24.9261
    7.5000    7.5000   37.500012524.1279   24.9006
   -7.5000   15.0000   37.500012027.6562   24.9330
    0.0000   15.0000   37.500012553.9775   24.8348
    7.5000   15.0000   37.500012064.8232   24.8324
   -7.5000   22.5000   37.500011363.6006   24.8600
    0.0000   22.5000   37.500011849.1475   24.7708
    7.5000   22.5000   37.500011426.0010   24.7913
   -7.5000   30.0000   37.500010494.9629   24.5740
    0.0000   30.0000   37.500010994.6387   24.4817
    7.5000   30.0000   37.500010597.0020   24.5047
   -7.5000   37.5000   37.500010037.3418   24.6746
    0.0000   37.5000   37.500010521.2061   24.5707
    7.5000   37.5000   37.500010117.7529   24.5692
   -7.5000   45.0000   37.5000 9187.3867   24.1708
    0.0000   45.0000   37.5000 9606.4199   24.0621
    7.5000   45.0000   37.5000 9240.7090   24.0358
   -7.5000  -45.0000   45.0000 7403.0063   25.7863
    0.0000  -45.0000   45.0000 7779.2739   25.6624
    7.5000  -45.0000   45.0000 7533.9688   25.6176
   -7.5000  -37.5000   45.0000 7953.7983   25.6720
    0.0000  -37.5000   45.0000 8362.4150   25.5612
    7.5000  -37.5000   45.0000 8097.8984   25.5233
   -7.5000  -30.0000   45.0000 8795.5957   25.5696
    0.0000  -30.0000   45.0000 9237.4287   25.4736
    7.5000  -30.0000   45.0000 8954.8105   25.4614
   -7.5000  -22.5000   45.0000 9656.4014   25.5278
    0.0000  -22.5000   45.000010141.1152   25.4331
    7.5000  -22.5000   45.0000 9823.6045   25.4398
   -7.5000  -15.0000   45.000010429.3584   25.5703
    0.0000  -15.0000   45.000010934.3760   25.4620
    7.5000  -15.0000   45.000010567.2627   25.4662
   -7.5000   -7.5000   45.000011091.1777   25.6695
    0.0000   -7.5000   45.000011577.6621   25.5475
    7.5000   -7.5000   45.000011154.2930   25.5264
   -7.5000    0.0000   45.000011636.8994   25.7293
    0.0000    0.0000   45.000012144.5850   25.6060
    7.5000    0.0000   45.000011683.7402   25.5618
   -7.5000    7.5000   45.000011362.5029   25.6717
    0.0000    7.5000   45.000011884.8975   25.5606
    7.5000    7.5000   45.000011424.1201   25.5228
   -7.5000   15.0000   45.000010982.2920   25.5695
    0.0000   15.0000   45.000011479.7031   25.4734
    7.5000   15.0000   45.000011028.5752   25.4612
   -7.5000   22.5000   45.000010393.9824   25.5159
    0.0000   22.5000   45.000010861.5244   25.4213
    7.5000   22.5000   45.000010456.6416   25.4280
   -7.5000   30.0000   45.0000 9619.1748   25.2372
    0.0000   30.0000   45.000010085.3350   25.1303
    7.5000   30.0000   45.0000 9717.5947   25.1344
   -7.5000   37.5000   45.0000 9190.7295   25.3351
    0.0000   37.5000   45.0000 9627.5781   25.2147
    7.5000   37.5000   45.0000 9274.7988   25.1939
   -7.5000   45.0000   45.0000 8405.2646   24.8113
    0.0000   45.0000   45.0000 8786.0439   24.6924
    7.5000   45.0000   45.0000 8475.9062   24.6498

---------------------------------------------------------------------
imgreg_4dfp /opt/freesurfer/average/711-2C_as_mni_average_305 /opt/freesurfer/average/711-2B_as_mni_average_305_mask talsrcimg_g11 none talsrcimg_to_711-2C_as_mni_average_305_t4 4355
---------------------------------------------------------------------

freesurfer imgreg_4dfp.c
/opt/freesurfer/average/711-2C_as_mni_average_305.4dfp.img
       256       256       256         1
  1.000000  1.000000  1.000000
orientation T byte_order littleendian
Reading image: /opt/freesurfer/average/711-2C_as_mni_average_305.4dfp.img
dimensions:      256       256       256
mmppix:       1.0000   -1.0000   -1.0000
center:     128.0000 -129.0000 -129.0000
/opt/freesurfer/average/711-2B_as_mni_average_305_mask.4dfp.img
       256       256       256         1
  1.000000  1.000000  1.000000
orientation T byte_order littleendian
Reading mask: /opt/freesurfer/average/711-2B_as_mni_average_305_mask.4dfp.img (2306576 pixels)
talsrcimg_g11.4dfp.img
       256       256       256         1
  1.000000  1.000000  1.000000
orientation T byte_order littleendian
Reading image: talsrcimg_g11.4dfp.img
dimensions:      256       256       256
mmppix:       1.0000   -1.0000   -1.0000
center:     128.0000 -129.0000 -129.0000
rotation matrix determinant  1.000000
image alignment mode   4355 decimal     1103 hex
   -7.5000  -45.0000  -45.0000 2112.5381   26.0824
    0.0000  -45.0000  -45.0000 2135.1565   25.8973
    7.5000  -45.0000  -45.0000 2133.5166   25.9254
   -7.5000  -37.5000  -45.0000 2217.5129   23.7801
    0.0000  -37.5000  -45.0000 2239.7207   23.6017
    7.5000  -37.5000  -45.0000 2235.7585   23.5630
   -7.5000  -30.0000  -45.0000 2299.6431   21.9622
    0.0000  -30.0000  -45.0000 2320.4600   21.7123
    7.5000  -30.0000  -45.0000 2320.1770   21.7530
   -7.5000  -22.5000  -45.0000 2349.7747   20.7067
    0.0000  -22.5000  -45.0000 2375.1692   20.5043
    7.5000  -22.5000  -45.0000 2370.4089   20.5502
   -7.5000  -15.0000  -45.0000 2374.9285   20.0144
    0.0000  -15.0000  -45.0000 2396.8779   19.7393
    7.5000  -15.0000  -45.0000 2396.4856   19.7711
   -7.5000   -7.5000  -45.0000 2387.0789   19.6463
    0.0000   -7.5000  -45.0000 2411.6462   19.3297
    7.5000   -7.5000  -45.0000 2410.7148   19.3415
   -7.5000    0.0000  -45.0000 2378.8462   19.7491
    0.0000    0.0000  -45.0000 2404.1150   19.3528
    7.5000    0.0000  -45.0000 2408.9502   19.2999
   -7.5000    7.5000  -45.0000 2375.6062   20.0320
    0.0000    7.5000  -45.0000 2397.0859   19.6055
    7.5000    7.5000  -45.0000 2401.8535   19.5648
   -7.5000   15.0000  -45.0000 2346.5266   20.6704
    0.0000   15.0000  -45.0000 2372.3574   20.1581
    7.5000   15.0000  -45.0000 2374.5364   20.1151
   -7.5000   22.5000  -45.0000 2309.0613   21.6851
    0.0000   22.5000  -45.0000 2336.5413   21.0834
    7.5000   22.5000  -45.0000 2340.3694   21.0748
   -7.5000   30.0000  -45.0000 2240.6633   23.0151
    0.0000   30.0000  -45.0000 2270.4651   22.4472
    7.5000   30.0000  -45.0000 2273.9751   22.4256
   -7.5000   37.5000  -45.0000 2157.5210   24.8579
    0.0000   37.5000  -45.0000 2185.2007   24.2884
    7.5000   37.5000  -45.0000 2189.6133   24.2797
   -7.5000   45.0000  -45.0000 2046.2341   27.2307
    0.0000   45.0000  -45.0000 2075.2437   26.6216
    7.5000   45.0000  -45.0000 2082.3450   26.6011
   -7.5000  -45.0000  -37.5000 2190.9504   24.5072
    0.0000  -45.0000  -37.5000 2209.1667   24.3572
    7.5000  -45.0000  -37.5000 2211.1123   24.3337
   -7.5000  -37.5000  -37.5000 2298.9409   22.2741
    0.0000  -37.5000  -37.5000 2319.9973   22.1273
    7.5000  -37.5000  -37.5000 2324.1921   22.1093
   -7.5000  -30.0000  -37.5000 2383.7454   20.4911
    0.0000  -30.0000  -37.5000 2409.4026   20.3166
    7.5000  -30.0000  -37.5000 2409.2271   20.2988
   -7.5000  -22.5000  -37.5000 2441.9370   19.2663
    0.0000  -22.5000  -37.5000 2466.5530   19.0019
    7.5000  -22.5000  -37.5000 2463.2083   18.9762
   -7.5000  -15.0000  -37.5000 2478.8616   18.4925
    0.0000  -15.0000  -37.5000 2500.6531   18.1986
    7.5000  -15.0000  -37.5000 2494.5381   18.1880
   -7.5000   -7.5000  -37.5000 2490.7993   18.0837
    0.0000   -7.5000  -37.5000 2512.9700   17.8057
    7.5000   -7.5000  -37.5000 2510.9978   17.7787
   -7.5000    0.0000  -37.5000 2488.4148   18.1564
    0.0000    0.0000  -37.5000 2514.6687   17.8269
    7.5000    0.0000  -37.5000 2512.1177   17.8001
   -7.5000    7.5000  -37.5000 2476.7666   18.5017
    0.0000    7.5000  -37.5000 2504.8386   18.1248
    7.5000    7.5000  -37.5000 2508.1545   18.0470
   -7.5000   15.0000  -37.5000 2446.9165   19.0801
    0.0000   15.0000  -37.5000 2475.9060   18.6235
    7.5000   15.0000  -37.5000 2479.7827   18.5448
   -7.5000   22.5000  -37.5000 2404.9680   19.9913
    0.0000   22.5000  -37.5000 2440.1008   19.4899
    7.5000   22.5000  -37.5000 2440.8149   19.4383
   -7.5000   30.0000  -37.5000 2337.3083   21.2314
    0.0000   30.0000  -37.5000 2371.0752   20.7110
    7.5000   30.0000  -37.5000 2373.2695   20.6880
   -7.5000   37.5000  -37.5000 2244.8186   22.9293
    0.0000   37.5000  -37.5000 2282.0320   22.3690
    7.5000   37.5000  -37.5000 2284.9995   22.3923
   -7.5000   45.0000  -37.5000 2131.6111   25.1328
    0.0000   45.0000  -37.5000 2162.8796   24.5525
    7.5000   45.0000  -37.5000 2170.9724   24.5073
   -7.5000  -45.0000  -30.0000 2296.1055   23.9230
    0.0000  -45.0000  -30.0000 2314.7871   23.7123
    7.5000  -45.0000  -30.0000 2311.0425   23.6760
   -7.5000  -37.5000  -30.0000 2405.0107   21.6352
    0.0000  -37.5000  -30.0000 2427.7136   21.4534
    7.5000  -37.5000  -30.0000 2433.8303   21.4351
   -7.5000  -30.0000  -30.0000 2493.7080   19.8758
    0.0000  -30.0000  -30.0000 2522.0220   19.6320
    7.5000  -30.0000  -30.0000 2523.3430   19.6079
   -7.5000  -22.5000  -30.0000 2562.1624   18.5784
    0.0000  -22.5000  -30.0000 2591.5181   18.2918
    7.5000  -22.5000  -30.0000 2589.0471   18.2859
   -7.5000  -15.0000  -30.0000 2609.5964   17.7223
    0.0000  -15.0000  -30.0000 2631.5405   17.4158
    7.5000  -15.0000  -30.0000 2629.8591   17.4518
   -7.5000   -7.5000  -30.0000 2630.8677   17.2597
    0.0000   -7.5000  -30.0000 2661.6421   16.9328
    7.5000   -7.5000  -30.0000 2656.6516   16.9890
   -7.5000    0.0000  -30.0000 2635.9399   17.2612
    0.0000    0.0000  -30.0000 2665.1021   16.9246
    7.5000    0.0000  -30.0000 2656.8364   16.9201
   -7.5000    7.5000  -30.0000 2624.3308   17.6283
    0.0000    7.5000  -30.0000 2660.7932   17.2723
    7.5000    7.5000  -30.0000 2658.0432   17.2111
   -7.5000   15.0000  -30.0000 2599.1204   18.2326
    0.0000   15.0000  -30.0000 2634.6809   17.7582
    7.5000   15.0000  -30.0000 2635.2053   17.7035
   -7.5000   22.5000  -30.0000 2551.8723   19.1011
    0.0000   22.5000  -30.0000 2589.3223   18.6085
    7.5000   22.5000  -30.0000 2592.3635   18.5395
   -7.5000   30.0000  -30.0000 2474.0801   20.3180
    0.0000   30.0000  -30.0000 2510.2029   19.8019
    7.5000   30.0000  -30.0000 2512.5498   19.7764
   -7.5000   37.5000  -30.0000 2378.6099   22.0006
    0.0000   37.5000  -30.0000 2413.8345   21.4158
    7.5000   37.5000  -30.0000 2415.7507   21.4071
   -7.5000   45.0000  -30.0000 2260.9448   24.1316
    0.0000   45.0000  -30.0000 2291.0310   23.5285
    7.5000   45.0000  -30.0000 2298.2292   23.4023
   -7.5000  -45.0000  -22.5000 2360.2471   23.3010
    0.0000  -45.0000  -22.5000 2378.7136   22.9580
    7.5000  -45.0000  -22.5000 2375.6157   22.9460
   -7.5000  -37.5000  -22.5000 2475.8044   21.0391
    0.0000  -37.5000  -22.5000 2494.1628   20.7055
    7.5000  -37.5000  -22.5000 2497.5571   20.7258
   -7.5000  -30.0000  -22.5000 2570.5896   19.2058
    0.0000  -30.0000  -22.5000 2596.4817   18.9183
    7.5000  -30.0000  -22.5000 2599.4597   18.9275
   -7.5000  -22.5000  -22.5000 2648.0823   17.8553
    0.0000  -22.5000  -22.5000 2676.9753   17.5932
    7.5000  -22.5000  -22.5000 2677.4651   17.6208
   -7.5000  -15.0000  -22.5000 2701.9619   16.9334
    0.0000  -15.0000  -22.5000 2728.6460   16.6601
    7.5000  -15.0000  -22.5000 2727.7185   16.6918
   -7.5000   -7.5000  -22.5000 2731.6536   16.3811
    0.0000   -7.5000  -22.5000 2764.7344   16.0572
    7.5000   -7.5000  -22.5000 2765.6675   16.1354
   -7.5000    0.0000  -22.5000 2749.0259   16.2981
    0.0000    0.0000  -22.5000 2781.2886   15.9461
    7.5000    0.0000  -22.5000 2772.0024   15.9977
   -7.5000    7.5000  -22.5000 2749.1072   16.6970
    0.0000    7.5000  -22.5000 2781.1548   16.2657
    7.5000    7.5000  -22.5000 2782.2202   16.2475
   -7.5000   15.0000  -22.5000 2716.0430   17.2655
    0.0000   15.0000  -22.5000 2757.0015   16.8365
    7.5000   15.0000  -22.5000 2762.4280   16.7971
   -7.5000   22.5000  -22.5000 2669.9502   18.1078
    0.0000   22.5000  -22.5000 2704.0630   17.6337
    7.5000   22.5000  -22.5000 2711.0122   17.6025
   -7.5000   30.0000  -22.5000 2586.6667   19.3643
    0.0000   30.0000  -22.5000 2623.9138   18.7989
    7.5000   30.0000  -22.5000 2624.2317   18.7555
   -7.5000   37.5000  -22.5000 2477.2495   20.9755
    0.0000   37.5000  -22.5000 2514.5054   20.4036
    7.5000   37.5000  -22.5000 2517.0981   20.3379
   -7.5000   45.0000  -22.5000 2349.7913   23.1295
    0.0000   45.0000  -22.5000 2384.8533   22.5144
    7.5000   45.0000  -22.5000 2394.7783   22.3934
   -7.5000  -45.0000  -15.0000 2388.0483   22.7495
    0.0000  -45.0000  -15.0000 2404.2048   22.3791
    7.5000  -45.0000  -15.0000 2404.7517   22.4029
   -7.5000  -37.5000  -15.0000 2502.2053   20.5327
    0.0000  -37.5000  -15.0000 2525.3853   20.1837
    7.5000  -37.5000  -15.0000 2526.3433   20.2126
   -7.5000  -30.0000  -15.0000 2604.8879   18.7274
    0.0000  -30.0000  -15.0000 2635.6565   18.3958
    7.5000  -30.0000  -15.0000 2635.8481   18.3973
   -7.5000  -22.5000  -15.0000 2695.8252   17.3214
    0.0000  -22.5000  -15.0000 2727.2246   17.0289
    7.5000  -22.5000  -15.0000 2727.6357   17.0346
   -7.5000  -15.0000  -15.0000 2761.1133   16.3084
    0.0000  -15.0000  -15.0000 2793.5955   16.0598
    7.5000  -15.0000  -15.0000 2800.3022   16.0632
   -7.5000   -7.5000  -15.0000 2806.4329   15.7075
    0.0000   -7.5000  -15.0000 2846.5627   15.4019
    7.5000   -7.5000  -15.0000 2849.5833   15.4806
   -7.5000    0.0000  -15.0000 2831.4321   15.5601
    0.0000    0.0000  -15.0000 2865.1707   15.1343
    7.5000    0.0000  -15.0000 2867.8552   15.2263
   -7.5000    7.5000  -15.0000 2832.7551   15.8948
    0.0000    7.5000  -15.0000 2871.2043   15.4572
    7.5000    7.5000  -15.0000 2876.4180   15.4759
   -7.5000   15.0000  -15.0000 2795.1670   16.4341
    0.0000   15.0000  -15.0000 2839.2605   15.9982
    7.5000   15.0000  -15.0000 2851.0693   16.0038
   -7.5000   22.5000  -15.0000 2747.9692   17.2910
    0.0000   22.5000  -15.0000 2786.6350   16.7487
    7.5000   22.5000  -15.0000 2795.7441   16.7692
   -7.5000   30.0000  -15.0000 2656.8975   18.5643
    0.0000   30.0000  -15.0000 2694.2710   17.9439
    7.5000   30.0000  -15.0000 2698.2744   17.9203
   -7.5000   37.5000  -15.0000 2544.3274   20.1635
    0.0000   37.5000  -15.0000 2579.4902   19.5799
    7.5000   37.5000  -15.0000 2587.7002   19.5426
   -7.5000   45.0000  -15.0000 2411.0886   22.3093
    0.0000   45.0000  -15.0000 2446.7874   21.6932
    7.5000   45.0000  -15.0000 2459.6450   21.6043
   -7.5000  -45.0000   -7.5000 2393.2463   22.4009
    0.0000  -45.0000   -7.5000 2412.2976   22.0215
    7.5000  -45.0000   -7.5000 2406.1997   22.0108
   -7.5000  -37.5000   -7.5000 2511.3264   20.1988
    0.0000  -37.5000   -7.5000 2537.9790   19.7919
    7.5000  -37.5000   -7.5000 2535.5217   19.8235
   -7.5000  -30.0000   -7.5000 2618.5244   18.3638
    0.0000  -30.0000   -7.5000 2646.6492   17.9824
    7.5000  -30.0000   -7.5000 2649.3188   17.9704
   -7.5000  -22.5000   -7.5000 2716.2974   16.9034
    0.0000  -22.5000   -7.5000 2744.3455   16.5438
    7.5000  -22.5000   -7.5000 2750.3477   16.5990
   -7.5000  -15.0000   -7.5000 2798.1125   15.8888
    0.0000  -15.0000   -7.5000 2829.7207   15.5581
    7.5000  -15.0000   -7.5000 2838.2993   15.5948
   -7.5000   -7.5000   -7.5000 2854.6533   15.3051
    0.0000   -7.5000   -7.5000 2899.0962   14.9801
    7.5000   -7.5000   -7.5000 2908.8113   15.0667
   -7.5000    0.0000   -7.5000 2890.6143   15.0473
    0.0000    0.0000   -7.5000 2932.8870   14.6197
    7.5000    0.0000   -7.5000 2944.2629   14.7853
   -7.5000    7.5000   -7.5000 2891.6143   15.3143
    0.0000    7.5000   -7.5000 2929.7371   14.7972
    7.5000    7.5000   -7.5000 2940.1316   14.9662
   -7.5000   15.0000   -7.5000 2846.4287   15.8223
    0.0000   15.0000   -7.5000 2887.0908   15.2753
    7.5000   15.0000   -7.5000 2907.9844   15.3586
   -7.5000   22.5000   -7.5000 2794.5969   16.7312
    0.0000   22.5000   -7.5000 2838.7100   16.1057
    7.5000   22.5000   -7.5000 2852.3608   16.1355
   -7.5000   30.0000   -7.5000 2703.5715   17.9710
    0.0000   30.0000   -7.5000 2743.5701   17.3465
    7.5000   30.0000   -7.5000 2754.5137   17.3778
   -7.5000   37.5000   -7.5000 2587.5747   19.5913
    0.0000   37.5000   -7.5000 2624.9563   18.9958
    7.5000   37.5000   -7.5000 2636.2083   18.9845
   -7.5000   45.0000   -7.5000 2450.4863   21.7023
    0.0000   45.0000   -7.5000 2490.1309   21.0159
    7.5000   45.0000   -7.5000 2499.8345   21.0012
   -7.5000  -45.0000    0.0000 2374.2168   22.3125
    0.0000  -45.0000    0.0000 2397.8440   21.8061
    7.5000  -45.0000    0.0000 2393.2510   21.7646
   -7.5000  -37.5000    0.0000 2494.9629   20.1049
    0.0000  -37.5000    0.0000 2521.6948   19.5985
    7.5000  -37.5000    0.0000 2521.1768   19.5750
   -7.5000  -30.0000    0.0000 2604.3416   18.1946
    0.0000  -30.0000    0.0000 2635.8884   17.8026
    7.5000  -30.0000    0.0000 2637.1919   17.7623
   -7.5000  -22.5000    0.0000 2710.7009   16.7350
    0.0000  -22.5000    0.0000 2741.0730   16.3418
    7.5000  -22.5000    0.0000 2742.4287   16.3464
   -7.5000  -15.0000    0.0000 2800.0474   15.7259
    0.0000  -15.0000    0.0000 2833.2688   15.3554
    7.5000  -15.0000    0.0000 2832.8145   15.3844
   -7.5000   -7.5000    0.0000 2875.4336   15.1586
    0.0000   -7.5000    0.0000 2923.5862   14.8852
    7.5000   -7.5000    0.0000 2932.9551   14.9477
   -7.5000    0.0000    0.0000 2917.5876   14.8991
    0.0000    0.0000    0.0000 2975.8647   14.4988
    7.5000    0.0000    0.0000 2990.5369   14.6684
   -7.5000    7.5000    0.0000 2910.5833   15.0193
    0.0000    7.5000    0.0000 2959.1570   14.4310
    7.5000    7.5000    0.0000 2967.8115   14.5406
   -7.5000   15.0000    0.0000 2864.5889   15.4786
    0.0000   15.0000    0.0000 2918.5500   14.9015
    7.5000   15.0000    0.0000 2923.9402   14.8817
   -7.5000   22.5000    0.0000 2813.7922   16.4070
    0.0000   22.5000    0.0000 2865.4827   15.8477
    7.5000   22.5000    0.0000 2868.8701   15.8167
   -7.5000   30.0000    0.0000 2719.4358   17.6774
    0.0000   30.0000    0.0000 2764.6001   17.1663
    7.5000   30.0000    0.0000 2768.9060   17.1061
   -7.5000   37.5000    0.0000 2602.2915   19.3197
    0.0000   37.5000    0.0000 2649.1277   18.8312
    7.5000   37.5000    0.0000 2650.6917   18.7214
   -7.5000   45.0000    0.0000 2461.7588   21.3882
    0.0000   45.0000    0.0000 2506.5295   20.8534
    7.5000   45.0000    0.0000 2511.4260   20.6663
   -7.5000  -45.0000    7.5000 2352.2290   22.5406
    0.0000  -45.0000    7.5000 2383.4116   21.8703
    7.5000  -45.0000    7.5000 2378.8542   21.9366
   -7.5000  -37.5000    7.5000 2471.1948   20.2950
    0.0000  -37.5000    7.5000 2496.7815   19.6606
    7.5000  -37.5000    7.5000 2503.3198   19.6997
   -7.5000  -30.0000    7.5000 2584.8433   18.4236
    0.0000  -30.0000    7.5000 2607.5291   17.8163
    7.5000  -30.0000    7.5000 2618.8982   17.8814
   -7.5000  -22.5000    7.5000 2687.0178   16.9545
    0.0000  -22.5000    7.5000 2713.1035   16.4214
    7.5000  -22.5000    7.5000 2724.5422   16.4424
   -7.5000  -15.0000    7.5000 2781.9795   15.9809
    0.0000  -15.0000    7.5000 2817.7185   15.5161
    7.5000  -15.0000    7.5000 2820.9016   15.5027
   -7.5000   -7.5000    7.5000 2864.6277   15.3745
    0.0000   -7.5000    7.5000 2917.5312   15.0961
    7.5000   -7.5000    7.5000 2921.0144   15.1109
   -7.5000    0.0000    7.5000 2914.8777   15.1099
    0.0000    0.0000    7.5000 2980.8669   14.7645
    7.5000    0.0000    7.5000 2980.7605   14.7242
   -7.5000    7.5000    7.5000 2909.9490   15.1663
    0.0000    7.5000    7.5000 2972.0007   14.7031
    7.5000    7.5000    7.5000 2964.0034   14.5222
   -7.5000   15.0000    7.5000 2860.1985   15.5015
    0.0000   15.0000    7.5000 2926.3989   15.0483
    7.5000   15.0000    7.5000 2938.9985   14.9721
   -7.5000   22.5000    7.5000 2805.3557   16.3660
    0.0000   22.5000    7.5000 2858.7588   15.8695
    7.5000   22.5000    7.5000 2870.5740   15.8619
   -7.5000   30.0000    7.5000 2715.2791   17.6941
    0.0000   30.0000    7.5000 2753.2727   17.1738
    7.5000   30.0000    7.5000 2762.6267   17.1875
   -7.5000   37.5000    7.5000 2594.3025   19.3995
    0.0000   37.5000    7.5000 2633.9177   18.8250
    7.5000   37.5000    7.5000 2641.8711   18.8421
   -7.5000   45.0000    7.5000 2449.2925   21.4200
    0.0000   45.0000    7.5000 2493.2646   20.7938
    7.5000   45.0000    7.5000 2502.8420   20.7419
   -7.5000  -45.0000   15.0000 2324.6802   23.1220
    0.0000  -45.0000   15.0000 2358.1338   22.4201
    7.5000  -45.0000   15.0000 2359.7251   22.4435
   -7.5000  -37.5000   15.0000 2438.3704   20.8574
    0.0000  -37.5000   15.0000 2465.1860   20.1866
    7.5000  -37.5000   15.0000 2470.0637   20.1665
   -7.5000  -30.0000   15.0000 2545.9485   18.9790
    0.0000  -30.0000   15.0000 2570.9644   18.3620
    7.5000  -30.0000   15.0000 2578.0825   18.3683
   -7.5000  -22.5000   15.0000 2650.1394   17.5556
    0.0000  -22.5000   15.0000 2676.7119   17.0011
    7.5000  -22.5000   15.0000 2684.5356   16.9587
   -7.5000  -15.0000   15.0000 2745.9443   16.5589
    0.0000  -15.0000   15.0000 2782.9802   16.1079
    7.5000  -15.0000   15.0000 2782.9707   16.0473
   -7.5000   -7.5000   15.0000 2823.7698   15.8744
    0.0000   -7.5000   15.0000 2872.3103   15.5639
    7.5000   -7.5000   15.0000 2873.0818   15.5391
   -7.5000    0.0000   15.0000 2872.5522   15.5705
    0.0000    0.0000   15.0000 2923.4453   15.1306
    7.5000    0.0000   15.0000 2922.9460   15.0315
   -7.5000    7.5000   15.0000 2865.8015   15.6336
    0.0000    7.5000   15.0000 2921.2676   15.1412
    7.5000    7.5000   15.0000 2926.3079   15.0630
   -7.5000   15.0000   15.0000 2820.0806   16.0228
    0.0000   15.0000   15.0000 2886.3218   15.5389
    7.5000   15.0000   15.0000 2899.8323   15.5269
   -7.5000   22.5000   15.0000 2760.9080   16.7848
    0.0000   22.5000   15.0000 2815.0786   16.3325
    7.5000   22.5000   15.0000 2824.6265   16.3330
   -7.5000   30.0000   15.0000 2669.8608   18.0281
    0.0000   30.0000   15.0000 2714.5664   17.5514
    7.5000   30.0000   15.0000 2721.3655   17.5413
   -7.5000   37.5000   15.0000 2554.0225   19.6938
    0.0000   37.5000   15.0000 2591.6023   19.1247
    7.5000   37.5000   15.0000 2601.3235   19.0893
   -7.5000   45.0000   15.0000 2417.7031   21.7052
    0.0000   45.0000   15.0000 2459.0432   21.0793
    7.5000   45.0000   15.0000 2471.2322   21.0116
   -7.5000  -45.0000   22.5000 2291.0513   24.1010
    0.0000  -45.0000   22.5000 2320.6880   23.4467
    7.5000  -45.0000   22.5000 2320.6479   23.3970
   -7.5000  -37.5000   22.5000 2406.9399   21.7449
    0.0000  -37.5000   22.5000 2432.3640   21.0993
    7.5000  -37.5000   22.5000 2435.6807   21.0481
   -7.5000  -30.0000   22.5000 2503.4592   19.8233
    0.0000  -30.0000   22.5000 2537.8638   19.1924
    7.5000  -30.0000   22.5000 2545.8472   19.1641
   -7.5000  -22.5000   22.5000 2614.5090   18.3593
    0.0000  -22.5000   22.5000 2646.7046   17.7403
    7.5000  -22.5000   22.5000 2652.5381   17.7064
   -7.5000  -15.0000   22.5000 2698.3821   17.2935
    0.0000  -15.0000   22.5000 2739.8098   16.7424
    7.5000  -15.0000   22.5000 2743.8208   16.7203
   -7.5000   -7.5000   22.5000 2762.8745   16.5767
    0.0000   -7.5000   22.5000 2812.2573   16.0925
    7.5000   -7.5000   22.5000 2815.0510   16.0240
   -7.5000    0.0000   22.5000 2799.4653   16.2893
    0.0000    0.0000   22.5000 2851.0129   15.7096
    7.5000    0.0000   22.5000 2853.6418   15.6434
   -7.5000    7.5000   22.5000 2804.3169   16.3390
    0.0000    7.5000   22.5000 2851.0283   15.7821
    7.5000    7.5000   22.5000 2862.3889   15.6839
   -7.5000   15.0000   22.5000 2758.8811   16.6672
    0.0000   15.0000   22.5000 2813.2014   16.1632
    7.5000   15.0000   22.5000 2826.1685   16.1339
   -7.5000   22.5000   22.5000 2697.6575   17.5018
    0.0000   22.5000   22.5000 2749.9695   16.9805
    7.5000   22.5000   22.5000 2760.5808   16.9824
   -7.5000   30.0000   22.5000 2612.7048   18.6869
    0.0000   30.0000   22.5000 2653.6663   18.1817
    7.5000   30.0000   22.5000 2662.1516   18.1591
   -7.5000   37.5000   22.5000 2500.7573   20.3528
    0.0000   37.5000   22.5000 2542.3162   19.7807
    7.5000   37.5000   22.5000 2552.1506   19.6874
   -7.5000   45.0000   22.5000 2372.8562   22.3029
    0.0000   45.0000   22.5000 2412.9807   21.6608
    7.5000   45.0000   22.5000 2426.9028   21.5899
   -7.5000  -45.0000   30.0000 2243.6807   25.3942
    0.0000  -45.0000   30.0000 2266.4563   24.5971
    7.5000  -45.0000   30.0000 2275.1284   24.5383
   -7.5000  -37.5000   30.0000 2350.4954   22.8854
    0.0000  -37.5000   30.0000 2383.7627   22.1368
    7.5000  -37.5000   30.0000 2390.5591   22.0479
   -7.5000  -30.0000   30.0000 2454.3828   20.8750
    0.0000  -30.0000   30.0000 2495.5493   20.1919
    7.5000  -30.0000   30.0000 2503.8357   20.1332
   -7.5000  -22.5000   30.0000 2560.5820   19.3293
    0.0000  -22.5000   30.0000 2598.1689   18.6747
    7.5000  -22.5000   30.0000 2600.8262   18.6518
   -7.5000  -15.0000   30.0000 2638.4712   18.2376
    0.0000  -15.0000   30.0000 2681.0979   17.6283
    7.5000  -15.0000   30.0000 2684.3999   17.5713
   -7.5000   -7.5000   30.0000 2688.2341   17.5206
    0.0000   -7.5000   30.0000 2735.2605   16.9424
    7.5000   -7.5000   30.0000 2741.8428   16.8418
   -7.5000    0.0000   30.0000 2709.0767   17.2310
    0.0000    0.0000   30.0000 2761.9019   16.6044
    7.5000    0.0000   30.0000 2766.5073   16.5439
   -7.5000    7.5000   30.0000 2713.5398   17.2651
    0.0000    7.5000   30.0000 2760.6545   16.6757
    7.5000    7.5000   30.0000 2775.3223   16.5766
   -7.5000   15.0000   30.0000 2673.8159   17.5678
    0.0000   15.0000   30.0000 2721.4919   17.0453
    7.5000   15.0000   30.0000 2738.5889   16.9826
   -7.5000   22.5000   30.0000 2619.2375   18.3602
    0.0000   22.5000   30.0000 2663.6777   17.8289
    7.5000   22.5000   30.0000 2676.1748   17.7586
   -7.5000   30.0000   30.0000 2535.5376   19.5458
    0.0000   30.0000   30.0000 2576.1794   18.9991
    7.5000   30.0000   30.0000 2584.0134   18.9807
   -7.5000   37.5000   30.0000 2434.9419   21.2212
    0.0000   37.5000   30.0000 2478.1060   20.6274
    7.5000   37.5000   30.0000 2482.8767   20.5377
   -7.5000   45.0000   30.0000 2309.8496   23.1395
    0.0000   45.0000   30.0000 2350.9736   22.5124
    7.5000   45.0000   30.0000 2363.4153   22.3995
   -7.5000  -45.0000   37.5000 2183.0876   26.8024
    0.0000  -45.0000   37.5000 2211.0139   25.9088
    7.5000  -45.0000   37.5000 2220.5015   25.9130
   -7.5000  -37.5000   37.5000 2292.7793   24.2340
    0.0000  -37.5000   37.5000 2336.8577   23.4042
    7.5000  -37.5000   37.5000 2342.2588   23.3474
   -7.5000  -30.0000   37.5000 2394.8508   22.1831
    0.0000  -30.0000   37.5000 2436.1780   21.4263
    7.5000  -30.0000   37.5000 2449.0049   21.3870
   -7.5000  -22.5000   37.5000 2500.6270   20.6467
    0.0000  -22.5000   37.5000 2532.8276   19.8894
    7.5000  -22.5000   37.5000 2542.0049   19.8681
   -7.5000  -15.0000   37.5000 2566.6768   19.4341
    0.0000  -15.0000   37.5000 2606.1389   18.7723
    7.5000  -15.0000   37.5000 2611.8464   18.6951
   -7.5000   -7.5000   37.5000 2613.1980   18.7291
    0.0000   -7.5000   37.5000 2654.8118   18.0777
    7.5000   -7.5000   37.5000 2661.5332   17.9703
   -7.5000    0.0000   37.5000 2624.0090   18.4101
    0.0000    0.0000   37.5000 2671.0764   17.7466
    7.5000    0.0000   37.5000 2677.7041   17.6787
   -7.5000    7.5000   37.5000 2619.1536   18.4064
    0.0000    7.5000   37.5000 2667.1069   17.8177
    7.5000    7.5000   37.5000 2675.6626   17.7059
   -7.5000   15.0000   37.5000 2582.6248   18.7360
    0.0000   15.0000   37.5000 2627.5027   18.2047
    7.5000   15.0000   37.5000 2635.6143   18.1246
   -7.5000   22.5000   37.5000 2537.2866   19.5325
    0.0000   22.5000   37.5000 2574.9136   18.9266
    7.5000   22.5000   37.5000 2590.9944   18.8488
   -7.5000   30.0000   37.5000 2454.0066   20.6729
    0.0000   30.0000   37.5000 2495.2627   20.0432
    7.5000   30.0000   37.5000 2511.5579   19.9886
   -7.5000   37.5000   37.5000 2361.6279   22.3351
    0.0000   37.5000   37.5000 2397.0476   21.7269
    7.5000   37.5000   37.5000 2409.2175   21.6215
   -7.5000   45.0000   37.5000 2239.9519   24.3596
    0.0000   45.0000   37.5000 2272.4609   23.6436
    7.5000   45.0000   37.5000 2283.5764   23.5625
   -7.5000  -45.0000   45.0000 2112.4001   28.5445
    0.0000  -45.0000   45.0000 2144.9397   27.6455
    7.5000  -45.0000   45.0000 2149.6494   27.5509
   -7.5000  -37.5000   45.0000 2220.0093   25.8202
    0.0000  -37.5000   45.0000 2260.1475   25.0379
    7.5000  -37.5000   45.0000 2269.2866   24.9348
   -7.5000  -30.0000   45.0000 2320.0747   23.7756
    0.0000  -30.0000   45.0000 2359.8291   22.9670
    7.5000  -30.0000   45.0000 2373.4556   22.8811
   -7.5000  -22.5000   45.0000 2416.2354   22.1501
    0.0000  -22.5000   45.0000 2454.8545   21.3577
    7.5000  -22.5000   45.0000 2467.1965   21.2714
   -7.5000  -15.0000   45.0000 2485.2983   20.9069
    0.0000  -15.0000   45.0000 2520.0249   20.1962
    7.5000  -15.0000   45.0000 2533.3098   20.0460
   -7.5000   -7.5000   45.0000 2522.7266   20.1358
    0.0000   -7.5000   45.0000 2553.7471   19.4349
    7.5000   -7.5000   45.0000 2565.4197   19.3646
   -7.5000    0.0000   45.0000 2531.2505   19.7665
    0.0000    0.0000   45.0000 2571.0615   19.0981
    7.5000    0.0000   45.0000 2573.3188   19.0162
   -7.5000    7.5000   45.0000 2519.3450   19.7578
    0.0000    7.5000   45.0000 2561.6455   19.1755
    7.5000    7.5000   45.0000 2565.5725   19.0784
   -7.5000   15.0000   45.0000 2484.0464   20.1447
    0.0000   15.0000   45.0000 2524.8591   19.6174
    7.5000   15.0000   45.0000 2527.8181   19.5628
   -7.5000   22.5000   45.0000 2442.3118   20.9185
    0.0000   22.5000   45.0000 2476.6990   20.3144
    7.5000   22.5000   45.0000 2491.3567   20.2476
   -7.5000   30.0000   45.0000 2369.9353   22.0690
    0.0000   30.0000   45.0000 2409.9912   21.4776
    7.5000   30.0000   45.0000 2424.5569   21.3562
   -7.5000   37.5000   45.0000 2278.5896   23.7678
    0.0000   37.5000   45.0000 2312.7878   23.0699
    7.5000   37.5000   45.0000 2323.9482   22.9614
   -7.5000   45.0000   45.0000 2163.7930   25.8357
    0.0000   45.0000   45.0000 2189.6509   25.0961
    7.5000   45.0000   45.0000 2201.3230   24.9817

---------------------------------------------------------------------
imgreg_4dfp /opt/freesurfer/average/711-2C_as_mni_average_305 /opt/freesurfer/average/711-2B_as_mni_average_305_mask talsrcimg_g11 none talsrcimg_to_711-2C_as_mni_average_305_t4 1283
---------------------------------------------------------------------

freesurfer imgreg_4dfp.c
/opt/freesurfer/average/711-2C_as_mni_average_305.4dfp.img
       256       256       256         1
  1.000000  1.000000  1.000000
orientation T byte_order littleendian
Reading image: /opt/freesurfer/average/711-2C_as_mni_average_305.4dfp.img
dimensions:      256       256       256
mmppix:       1.0000   -1.0000   -1.0000
center:     128.0000 -129.0000 -129.0000
/opt/freesurfer/average/711-2B_as_mni_average_305_mask.4dfp.img
       256       256       256         1
  1.000000  1.000000  1.000000
orientation T byte_order littleendian
Reading mask: /opt/freesurfer/average/711-2B_as_mni_average_305_mask.4dfp.img (2306576 pixels)
talsrcimg_g11.4dfp.img
       256       256       256         1
  1.000000  1.000000  1.000000
orientation T byte_order littleendian
Reading image: talsrcimg_g11.4dfp.img
dimensions:      256       256       256
mmppix:       1.0000   -1.0000   -1.0000
center:     128.0000 -129.0000 -129.0000
rotation matrix determinant  1.000000
fimgreg.f
image alignment mode   1283 decimal      503 hex
parameters
    7.5000    0.0000    0.0000    0.0000    0.0000    0.0000
eta,q 0.93915 14.69508
niter,ni,del,rscale     5    3   12.0000    1.2000
parameter  4  2.228828 ->  0.500000 qaram    1.1500
parameter  6  1.296405 ->  0.500000 qaram    1.1500
parameters
    5.1407    0.6796    1.2798   -3.4500    0.9413   -3.4500
eta,q 0.94229 14.52953
  0.0668  0.0695  0.0748  0.0584  0.0661  0.0570
  0.0656  0.0640  0.0691  0.0597  0.0646  0.0574
  0.0635  0.0632  0.0657  0.0617  0.0623  0.0586
  0.0638  0.0641  0.0636  0.0628  0.0601  0.0594
  0.0693  0.0639  0.0635  0.0645  0.0596  0.0605
  0.0748  0.0652  0.0658  0.0675  0.0619  0.0625
  0.0806  0.0656  0.0677  0.0699  0.0641  0.0647
niter,ni,del,rscale     6    3   12.0000    1.2000
parameters
    3.0812    2.0339    2.0756   -5.9194    1.7582   -4.1591
eta,q 0.94611 14.51547
  0.0613  0.0745  0.0656  0.0586  0.0606  0.0599
  0.0566  0.0666  0.0612  0.0534  0.0573  0.0565
  0.0557  0.0595  0.0576  0.0542  0.0551  0.0545
  0.0577  0.0557  0.0558  0.0559  0.0541  0.0540
  0.0613  0.0566  0.0568  0.0585  0.0544  0.0556
  0.0666  0.0601  0.0590  0.0619  0.0557  0.0585
  0.0720  0.0626  0.0613  0.0658  0.0577  0.0629
niter,ni,del,rscale     5    3   12.0000    1.2000
parameters
    3.4281    3.1541    1.2434   -6.5755    1.7106   -4.1067
eta,q 0.94742 14.46288
  0.0649  0.0742  0.0595  0.0611  0.0581  0.0610
  0.0579  0.0655  0.0564  0.0561  0.0548  0.0565
  0.0552  0.0575  0.0537  0.0523  0.0528  0.0534
  0.0539  0.0537  0.0535  0.0532  0.0526  0.0526
  0.0540  0.0543  0.0561  0.0568  0.0533  0.0535
  0.0573  0.0588  0.0595  0.0592  0.0549  0.0566
  0.0621  0.0629  0.0631  0.0625  0.0581  0.0605
niter,ni,del,rscale     4    3   12.0000    1.2000
parameters
    3.8225    3.9358    1.0317   -7.5246    1.2698   -3.7228
eta,q 0.94715 14.42261
  0.0636  0.0711  0.0623  0.0599  0.0581  0.0606
  0.0577  0.0619  0.0583  0.0565  0.0549  0.0563
  0.0545  0.0542  0.0548  0.0537  0.0532  0.0534
  0.0526  0.0523  0.0531  0.0530  0.0529  0.0528
  0.0524  0.0554  0.0554  0.0568  0.0539  0.0536
  0.0556  0.0598  0.0596  0.0605  0.0562  0.0555
  0.0615  0.0613  0.0632  0.0626  0.0597  0.0587
niter,ni,del,rscale     3    3   12.0000    1.2000
parameters
    4.1034    4.7477    0.6922   -8.7089    0.4795   -3.0002
eta,q 0.94585 14.37249
  0.0633  0.0703  0.0636  0.0591  0.0591  0.0588
  0.0579  0.0595  0.0598  0.0558  0.0560  0.0551
  0.0547  0.0521  0.0558  0.0548  0.0544  0.0539
  0.0529  0.0527  0.0541  0.0541  0.0544  0.0543
  0.0527  0.0560  0.0572  0.0558  0.0559  0.0539
  0.0560  0.0583  0.0618  0.0604  0.0585  0.0542
  0.0623  0.0595  0.0651  0.0627  0.0619  0.0568
niter,ni,del,rscale     2    3   12.0000    1.2000
parameters
    4.6770    5.6106    0.1765   -9.7018   -0.1338   -2.8590
eta,q 0.94673 14.37545
  0.0651  0.0688  0.0633  0.0593  0.0597  0.0567
  0.0604  0.0572  0.0598  0.0550  0.0567  0.0549
  0.0568  0.0523  0.0556  0.0533  0.0539  0.0542
  0.0541  0.0535  0.0538  0.0538  0.0535  0.0533
  0.0528  0.0540  0.0575  0.0554  0.0553  0.0525
  0.0560  0.0559  0.0629  0.0590  0.0587  0.0538
  0.0632  0.0589  0.0659  0.0625  0.0627  0.0575
niter,ni,del,rscale     1    3   12.0000    1.2000
parameters
    4.9876    6.0696   -0.1524  -10.1559   -0.3785   -2.8460
eta,q 0.94721 14.38873
  0.0661  0.0656  0.0629  0.0603  0.0592  0.0571
  0.0609  0.0559  0.0599  0.0560  0.0572  0.0552
  0.0565  0.0531  0.0554  0.0532  0.0541  0.0539
  0.0533  0.0530  0.0528  0.0529  0.0528  0.0528
  0.0531  0.0530  0.0557  0.0546  0.0540  0.0524
  0.0580  0.0563  0.0616  0.0582  0.0570  0.0543
  0.0652  0.0603  0.0652  0.0616  0.0612  0.0581
registration optimization eta report
parameter search radius
    6.0000    6.0000    6.0000    6.9000    6.0000    6.9000
100000*second partial in parameter space
       34.       30.       29.       17.       20.       10.
  0.0661  0.0656  0.0629  0.0603  0.0592  0.0571
  0.0609  0.0559  0.0599  0.0560  0.0572  0.0552
  0.0565  0.0531  0.0554  0.0532  0.0541  0.0539
  0.0533  0.0530  0.0528  0.0529  0.0528  0.0528
  0.0531  0.0530  0.0557  0.0546  0.0540  0.0524
  0.0580  0.0563  0.0616  0.0582  0.0570  0.0543
  0.0652  0.0603  0.0652  0.0616  0.0612  0.0581
    4.9876    6.0696   -0.1524  -10.1559   -0.3785   -2.8460
eta,q 0.94721 14.38873

---------------------------------------------------------------------
imgreg_4dfp /opt/freesurfer/average/711-2C_as_mni_average_305 /opt/freesurfer/average/711-2B_as_mni_average_305_mask talsrcimg_g11 none talsrcimg_to_711-2C_as_mni_average_305_t4 3335
---------------------------------------------------------------------

freesurfer imgreg_4dfp.c
/opt/freesurfer/average/711-2C_as_mni_average_305.4dfp.img
       256       256       256         1
  1.000000  1.000000  1.000000
orientation T byte_order littleendian
Reading image: /opt/freesurfer/average/711-2C_as_mni_average_305.4dfp.img
dimensions:      256       256       256
mmppix:       1.0000   -1.0000   -1.0000
center:     128.0000 -129.0000 -129.0000
/opt/freesurfer/average/711-2B_as_mni_average_305_mask.4dfp.img
       256       256       256         1
  1.000000  1.000000  1.000000
orientation T byte_order littleendian
Reading mask: /opt/freesurfer/average/711-2B_as_mni_average_305_mask.4dfp.img (2306576 pixels)
talsrcimg_g11.4dfp.img
       256       256       256         1
  1.000000  1.000000  1.000000
orientation T byte_order littleendian
Reading image: talsrcimg_g11.4dfp.img
dimensions:      256       256       256
mmppix:       1.0000   -1.0000   -1.0000
center:     128.0000 -129.0000 -129.0000
fimgreg.f
image alignment mode   3335 decimal      D07 hex
parameters
    4.9876    6.0696   -0.1524   -0.1255   -1.6825   -1.5690
    4.7711    1.5250   -4.9651   17.5787   -0.6607  -17.6323
eta,q 0.94896 14.50926
niter,ni,del,rscale     5    3    5.0000    1.2000
parameter  4  1.645056 ->  0.500000 qaram    1.1500
parameter  5  3.794451 ->  0.500000 qaram    1.1500
parameter  6  1.378915 ->  0.500000 qaram    1.1500
parameter  8 -0.525901 -> -0.500000 qaram    1.1500
parameter 12 -0.501487 -> -0.500000 qaram    1.1500
parameters
    4.8442    6.0539   -0.5379   -4.2655   -5.8225   -5.7090
    3.7030    5.6650   -4.7491   16.2088   -0.3763  -13.4923
eta,q 0.96987 14.34453
  0.0533  0.0523  0.0521  0.0443  0.0353  0.0311  0.0351  0.0411  0.0338  0.0336  0.0336  0.0356
  0.0522  0.0518  0.0514  0.0456  0.0379  0.0322  0.0335  0.0381  0.0323  0.0321  0.0322  0.0335
  0.0513  0.0514  0.0510  0.0478  0.0415  0.0345  0.0327  0.0351  0.0312  0.0310  0.0312  0.0319
  0.0510  0.0511  0.0511  0.0510  0.0461  0.0388  0.0327  0.0326  0.0308  0.0308  0.0308  0.0308
  0.0514  0.0510  0.0514  0.0549  0.0513  0.0435  0.0334  0.0310  0.0311  0.0319  0.0310  0.0302
  0.0525  0.0515  0.0521  0.0592  0.0561  0.0491  0.0349  0.0310  0.0320  0.0342  0.0319  0.0302
  0.0541  0.0526  0.0530  0.0637  0.0605  0.0550  0.0369  0.0329  0.0335  0.0373  0.0333  0.0308
niter,ni,del,rscale     7    3    5.0000    1.2000
parameter  5  0.640599 ->  0.500000 qaram    1.3225
parameters
    4.8413    6.7557   -0.1793   -7.6713  -10.5835   -9.0836
    4.7618    4.5972   -6.0623   16.6920    0.7495  -13.1791
eta,q 0.97374 13.97060
  0.0340  0.0347  0.0339  0.0309  0.0276  0.0277  0.0300  0.0300  0.0280  0.0297  0.0275  0.0283
  0.0319  0.0325  0.0319  0.0298  0.0266  0.0271  0.0284  0.0276  0.0269  0.0281  0.0268  0.0272
  0.0306  0.0310  0.0306  0.0292  0.0270  0.0264  0.0272  0.0265  0.0263  0.0269  0.0264  0.0265
  0.0301  0.0301  0.0299  0.0298  0.0292  0.0265  0.0266  0.0265  0.0264  0.0263  0.0263  0.0263
  0.0306  0.0299  0.0300  0.0323  0.0326  0.0291  0.0265  0.0272  0.0270  0.0264  0.0263  0.0264
  0.0319  0.0303  0.0307  0.0366  0.0375  0.0342  0.0272  0.0292  0.0282  0.0273  0.0265  0.0270
  0.0341  0.0313  0.0321  0.0418  0.0432  0.0399  0.0286  0.0327  0.0297  0.0291  0.0269  0.0280
niter,ni,del,rscale     7    3    5.0000    1.2000
parameters
    5.0094    7.1253   -0.6334   -5.9883  -11.8917  -10.2829
    5.0643    4.6106   -6.3208   17.0270    1.0422  -14.3709
eta,q 0.97384 13.97798
  0.0292  0.0300  0.0272  0.0294  0.0303  0.0288  0.0292  0.0310  0.0286  0.0292  0.0272  0.0274
  0.0276  0.0282  0.0264  0.0283  0.0284  0.0274  0.0277  0.0283  0.0273  0.0276  0.0266  0.0266
  0.0266  0.0269  0.0261  0.0272  0.0265  0.0267  0.0267  0.0267  0.0265  0.0266  0.0263  0.0262
  0.0263  0.0263  0.0262  0.0261  0.0256  0.0257  0.0262  0.0262  0.0262  0.0262  0.0262  0.0262
  0.0264  0.0263  0.0266  0.0254  0.0269  0.0258  0.0264  0.0265  0.0266  0.0264  0.0263  0.0266
  0.0272  0.0270  0.0273  0.0259  0.0302  0.0283  0.0273  0.0281  0.0276  0.0271  0.0265  0.0273
  0.0285  0.0283  0.0283  0.0281  0.0347  0.0333  0.0289  0.0312  0.0290  0.0287  0.0270  0.0284
niter,ni,del,rscale     6    3    5.0000    1.2000
parameters
    4.9225    7.2135   -0.6741   -5.8099  -12.1763  -10.2358
    5.1534    4.5239   -6.3388   17.2481    0.8324  -14.5972
eta,q 0.97385 13.98724
  0.0286  0.0290  0.0274  0.0291  0.0314  0.0295  0.0291  0.0309  0.0287  0.0289  0.0271  0.0278
  0.0272  0.0274  0.0267  0.0281  0.0295  0.0280  0.0276  0.0282  0.0274  0.0274  0.0265  0.0268
  0.0264  0.0265  0.0262  0.0270  0.0275  0.0270  0.0266  0.0266  0.0265  0.0265  0.0262  0.0263
  0.0262  0.0261  0.0261  0.0261  0.0261  0.0262  0.0262  0.0261  0.0262  0.0262  0.0262  0.0262
  0.0265  0.0264  0.0263  0.0259  0.0265  0.0254  0.0264  0.0265  0.0264  0.0264  0.0263  0.0264
  0.0275  0.0273  0.0268  0.0269  0.0291  0.0266  0.0274  0.0281  0.0274  0.0271  0.0266  0.0270
  0.0290  0.0285  0.0275  0.0298  0.0330  0.0308  0.0291  0.0313  0.0287  0.0287  0.0272  0.0280
niter,ni,del,rscale     5    3    5.0000    1.2000
parameters
    4.9099    7.2445   -0.6962   -5.7458  -12.2248  -10.2341
    5.1182    4.5482   -6.3318   17.2855    0.7991  -14.6693
eta,q 0.97385 13.99080
  0.0288  0.0288  0.0275  0.0291  0.0315  0.0295  0.0290  0.0310  0.0287  0.0288  0.0271  0.0279
  0.0273  0.0273  0.0267  0.0281  0.0296  0.0280  0.0275  0.0283  0.0274  0.0273  0.0265  0.0269
  0.0264  0.0264  0.0263  0.0270  0.0277  0.0270  0.0266  0.0266  0.0265  0.0264  0.0262  0.0263
  0.0262  0.0262  0.0262  0.0262  0.0261  0.0262  0.0262  0.0262  0.0262  0.0262  0.0262  0.0262
  0.0265  0.0265  0.0263  0.0259  0.0263  0.0254  0.0264  0.0265  0.0264  0.0264  0.0263  0.0264
  0.0274  0.0273  0.0268  0.0270  0.0288  0.0267  0.0275  0.0280  0.0273  0.0272  0.0266  0.0270
  0.0288  0.0286  0.0275  0.0300  0.0327  0.0309  0.0292  0.0312  0.0287  0.0288  0.0271  0.0279
niter,ni,del,rscale     4    3    5.0000    1.2000
parameters
    4.9057    7.2480   -0.7058   -5.7358  -12.2342  -10.2260
    5.1142    4.5507   -6.3233   17.2960    0.7995  -14.6877
eta,q 0.97385 13.99185
  0.0288  0.0287  0.0275  0.0291  0.0315  0.0295  0.0290  0.0310  0.0287  0.0288  0.0272  0.0279
  0.0273  0.0272  0.0267  0.0281  0.0296  0.0280  0.0276  0.0283  0.0273  0.0273  0.0265  0.0269
  0.0264  0.0264  0.0263  0.0270  0.0277  0.0270  0.0266  0.0266  0.0265  0.0264  0.0262  0.0263
  0.0262  0.0262  0.0261  0.0262  0.0262  0.0262  0.0262  0.0262  0.0262  0.0262  0.0262  0.0262
  0.0265  0.0265  0.0263  0.0259  0.0263  0.0254  0.0264  0.0265  0.0264  0.0264  0.0263  0.0263
  0.0274  0.0274  0.0268  0.0271  0.0288  0.0267  0.0274  0.0281  0.0273  0.0272  0.0266  0.0270
  0.0288  0.0286  0.0275  0.0301  0.0326  0.0309  0.0291  0.0312  0.0287  0.0288  0.0271  0.0279
registration optimization eta report
parameter search radius
    2.4000    2.4000    2.4000    8.2800    9.5220    8.2800
    7.2000    8.2800    7.2000    7.2000    7.2000    8.2800
100000*second partial in parameter space
       46.       43.       24.        5.        6.        6.
        6.        7.        5.        5.        2.        3.
  0.0288  0.0287  0.0275  0.0291  0.0315  0.0295  0.0290  0.0310  0.0287  0.0288  0.0272  0.0279
  0.0273  0.0272  0.0267  0.0281  0.0296  0.0280  0.0276  0.0283  0.0273  0.0273  0.0265  0.0269
  0.0264  0.0264  0.0263  0.0270  0.0277  0.0270  0.0266  0.0266  0.0265  0.0264  0.0262  0.0263
  0.0262  0.0262  0.0261  0.0262  0.0262  0.0262  0.0262  0.0262  0.0262  0.0262  0.0262  0.0262
  0.0265  0.0265  0.0263  0.0259  0.0263  0.0254  0.0264  0.0265  0.0264  0.0264  0.0263  0.0263
  0.0274  0.0274  0.0268  0.0271  0.0288  0.0267  0.0274  0.0281  0.0273  0.0272  0.0266  0.0270
  0.0288  0.0286  0.0275  0.0301  0.0326  0.0309  0.0291  0.0312  0.0287  0.0288  0.0271  0.0279
    4.9057    7.2480   -0.7058   -5.7358  -12.2342  -10.2260
    5.1142    4.5507   -6.3233   17.2960    0.7995  -14.6877
eta,q 0.97385 13.99185

---------------------------------------------------------------------
imgreg_4dfp /opt/freesurfer/average/711-2C_as_mni_average_305 /opt/freesurfer/average/711-2B_as_mni_average_305_mask talsrcimg_g11 none talsrcimg_to_711-2C_as_mni_average_305_t4 2311
---------------------------------------------------------------------

freesurfer imgreg_4dfp.c
/opt/freesurfer/average/711-2C_as_mni_average_305.4dfp.img
       256       256       256         1
  1.000000  1.000000  1.000000
orientation T byte_order littleendian
Reading image: /opt/freesurfer/average/711-2C_as_mni_average_305.4dfp.img
dimensions:      256       256       256
mmppix:       1.0000   -1.0000   -1.0000
center:     128.0000 -129.0000 -129.0000
/opt/freesurfer/average/711-2B_as_mni_average_305_mask.4dfp.img
       256       256       256         1
  1.000000  1.000000  1.000000
orientation T byte_order littleendian
Reading mask: /opt/freesurfer/average/711-2B_as_mni_average_305_mask.4dfp.img (2306576 pixels)
talsrcimg_g11.4dfp.img
       256       256       256         1
  1.000000  1.000000  1.000000
orientation T byte_order littleendian
Reading image: talsrcimg_g11.4dfp.img
dimensions:      256       256       256
mmppix:       1.0000   -1.0000   -1.0000
center:     128.0000 -129.0000 -129.0000
fimgreg.f
image alignment mode   2311 decimal      907 hex
parameters
    4.9057    7.2480   -0.7058   -5.7358  -12.2342  -10.2260
    5.1142    4.5507   -6.3233   17.2960    0.7995  -14.6877
eta,q 0.97385 13.99185
niter,ni,del,rscale     5    3    5.0000    0.8000
parameters
    4.8924    7.1942   -0.7831   -4.1335  -11.4680   -8.3803
    5.1331    4.6883   -6.2356   17.1910    0.8476  -14.9675
eta,q 0.97486 14.18630
  0.0273  0.0272  0.0267  0.0278  0.0284  0.0276  0.0269  0.0280  0.0267  0.0267  0.0261  0.0258
  0.0267  0.0266  0.0263  0.0272  0.0274  0.0270  0.0260  0.0266  0.0259  0.0258  0.0256  0.0254
  0.0263  0.0262  0.0262  0.0266  0.0265  0.0265  0.0254  0.0256  0.0253  0.0253  0.0252  0.0252
  0.0262  0.0261  0.0261  0.0261  0.0259  0.0258  0.0252  0.0251  0.0251  0.0251  0.0251  0.0251
  0.0263  0.0263  0.0262  0.0259  0.0258  0.0252  0.0253  0.0254  0.0253  0.0253  0.0253  0.0253
  0.0267  0.0267  0.0265  0.0260  0.0263  0.0253  0.0259  0.0263  0.0258  0.0259  0.0256  0.0255
  0.0274  0.0273  0.0268  0.0266  0.0274  0.0263  0.0269  0.0278  0.0266  0.0269  0.0260  0.0260
niter,ni,del,rscale     4    3    5.0000    0.7000
parameters
    4.8234    7.1601   -0.7566   -4.7986  -11.3617   -8.4755
    5.1710    4.7081   -6.2048   17.2880    0.7429  -14.9077
eta,q 0.97484 14.15631
  0.0263  0.0262  0.0260  0.0261  0.0270  0.0267  0.0265  0.0271  0.0263  0.0264  0.0258  0.0257
  0.0256  0.0256  0.0255  0.0256  0.0261  0.0262  0.0258  0.0261  0.0257  0.0257  0.0254  0.0254
  0.0252  0.0252  0.0252  0.0252  0.0255  0.0256  0.0253  0.0254  0.0253  0.0253  0.0252  0.0252
  0.0251  0.0251  0.0251  0.0251  0.0251  0.0251  0.0252  0.0252  0.0252  0.0252  0.0252  0.0252
  0.0253  0.0253  0.0252  0.0254  0.0252  0.0252  0.0253  0.0254  0.0253  0.0253  0.0252  0.0252
  0.0258  0.0257  0.0255  0.0261  0.0258  0.0259  0.0257  0.0260  0.0256  0.0256  0.0255  0.0254
  0.0265  0.0262  0.0259  0.0274  0.0269  0.0273  0.0264  0.0271  0.0262  0.0263  0.0258  0.0257
niter,ni,del,rscale     3    3    5.0000    0.6000
parameters
    4.8447    7.1648   -0.8092   -4.7406  -11.2744   -8.2951
    5.1828    4.7762   -6.2104   17.1947    0.7034  -15.0778
eta,q 0.97489 14.16794
  0.0261  0.0259  0.0257  0.0262  0.0265  0.0265  0.0261  0.0267  0.0259  0.0260  0.0256  0.0255
  0.0256  0.0255  0.0254  0.0257  0.0259  0.0261  0.0256  0.0259  0.0255  0.0255  0.0253  0.0253
  0.0253  0.0252  0.0252  0.0253  0.0254  0.0256  0.0252  0.0253  0.0252  0.0252  0.0252  0.0251
  0.0252  0.0252  0.0252  0.0252  0.0252  0.0252  0.0251  0.0251  0.0251  0.0251  0.0251  0.0251
  0.0252  0.0252  0.0252  0.0252  0.0252  0.0252  0.0252  0.0253  0.0252  0.0252  0.0252  0.0252
  0.0255  0.0255  0.0255  0.0255  0.0257  0.0256  0.0255  0.0258  0.0255  0.0256  0.0253  0.0253
  0.0260  0.0259  0.0258  0.0262  0.0265  0.0266  0.0261  0.0266  0.0259  0.0261  0.0256  0.0256
niter,ni,del,rscale     2    3    5.0000    0.5000
parameters
    4.8479    7.1682   -0.7973   -4.7154  -11.2465   -8.0824
    5.1945    4.8188   -6.1906   17.1317    0.6327  -15.1889
eta,q 0.97491 14.17624
  0.0257  0.0257  0.0255  0.0258  0.0261  0.0263  0.0258  0.0262  0.0257  0.0257  0.0254  0.0254
  0.0254  0.0254  0.0253  0.0255  0.0256  0.0258  0.0254  0.0256  0.0254  0.0254  0.0252  0.0252
  0.0252  0.0252  0.0252  0.0252  0.0253  0.0254  0.0252  0.0252  0.0251  0.0251  0.0251  0.0251
  0.0251  0.0251  0.0251  0.0251  0.0251  0.0251  0.0251  0.0251  0.0251  0.0251  0.0251  0.0251
  0.0252  0.0252  0.0252  0.0252  0.0252  0.0251  0.0252  0.0252  0.0251  0.0252  0.0251  0.0251
  0.0254  0.0254  0.0253  0.0254  0.0255  0.0255  0.0254  0.0256  0.0253  0.0254  0.0253  0.0252
  0.0257  0.0257  0.0255  0.0259  0.0261  0.0261  0.0258  0.0262  0.0257  0.0258  0.0255  0.0254
niter,ni,del,rscale     1    3    5.0000    0.4000
parameters
    4.8488    7.1743   -0.7603   -4.7067  -11.2307   -7.9270
    5.1936    4.8665   -6.1810   17.0764    0.5460  -15.2239
eta,q 0.97493 14.18105
  0.0255  0.0255  0.0254  0.0256  0.0257  0.0259  0.0255  0.0258  0.0255  0.0255  0.0253  0.0253
  0.0253  0.0252  0.0252  0.0253  0.0254  0.0256  0.0253  0.0254  0.0252  0.0252  0.0252  0.0252
  0.0251  0.0251  0.0251  0.0252  0.0252  0.0253  0.0251  0.0252  0.0251  0.0251  0.0251  0.0251
  0.0251  0.0251  0.0251  0.0251  0.0251  0.0251  0.0251  0.0251  0.0251  0.0251  0.0251  0.0251
  0.0251  0.0251  0.0251  0.0251  0.0251  0.0251  0.0251  0.0251  0.0251  0.0251  0.0251  0.0251
  0.0253  0.0252  0.0252  0.0253  0.0254  0.0254  0.0253  0.0254  0.0252  0.0253  0.0252  0.0252
  0.0255  0.0254  0.0253  0.0256  0.0257  0.0258  0.0255  0.0258  0.0255  0.0255  0.0253  0.0253
registration optimization eta report
parameter search radius
    0.8000    0.8000    0.8000    2.4000    2.4000    2.4000
    2.4000    2.4000    2.4000    2.4000    2.4000    2.4000
100000*second partial in parameter space
       63.       57.       43.        8.       11.       14.
        8.       13.        7.        7.        4.        3.
  0.0255  0.0255  0.0254  0.0256  0.0257  0.0259  0.0255  0.0258  0.0255  0.0255  0.0253  0.0253
  0.0253  0.0252  0.0252  0.0253  0.0254  0.0256  0.0253  0.0254  0.0252  0.0252  0.0252  0.0252
  0.0251  0.0251  0.0251  0.0252  0.0252  0.0253  0.0251  0.0252  0.0251  0.0251  0.0251  0.0251
  0.0251  0.0251  0.0251  0.0251  0.0251  0.0251  0.0251  0.0251  0.0251  0.0251  0.0251  0.0251
  0.0251  0.0251  0.0251  0.0251  0.0251  0.0251  0.0251  0.0251  0.0251  0.0251  0.0251  0.0251
  0.0253  0.0252  0.0252  0.0253  0.0254  0.0254  0.0253  0.0254  0.0252  0.0253  0.0252  0.0252
  0.0255  0.0254  0.0253  0.0256  0.0257  0.0258  0.0255  0.0258  0.0255  0.0255  0.0253  0.0253
    4.8488    7.1743   -0.7603   -4.7067  -11.2307   -7.9270
    5.1936    4.8665   -6.1810   17.0764    0.5460  -15.2239
eta,q 0.97493 14.18105

---------------------------------------------------------------------
imgreg_4dfp /opt/freesurfer/average/711-2C_as_mni_average_305 /opt/freesurfer/average/711-2B_as_mni_average_305_mask talsrcimg_g11 none talsrcimg_to_711-2C_as_mni_average_305_t4 2311
---------------------------------------------------------------------

freesurfer imgreg_4dfp.c
/opt/freesurfer/average/711-2C_as_mni_average_305.4dfp.img
       256       256       256         1
  1.000000  1.000000  1.000000
orientation T byte_order littleendian
Reading image: /opt/freesurfer/average/711-2C_as_mni_average_305.4dfp.img
dimensions:      256       256       256
mmppix:       1.0000   -1.0000   -1.0000
center:     128.0000 -129.0000 -129.0000
/opt/freesurfer/average/711-2B_as_mni_average_305_mask.4dfp.img
       256       256       256         1
  1.000000  1.000000  1.000000
orientation T byte_order littleendian
Reading mask: /opt/freesurfer/average/711-2B_as_mni_average_305_mask.4dfp.img (2306576 pixels)
talsrcimg_g11.4dfp.img
       256       256       256         1
  1.000000  1.000000  1.000000
orientation T byte_order littleendian
Reading image: talsrcimg_g11.4dfp.img
dimensions:      256       256       256
mmppix:       1.0000   -1.0000   -1.0000
center:     128.0000 -129.0000 -129.0000
fimgreg.f
image alignment mode   2311 decimal      907 hex
parameters
    4.8488    7.1743   -0.7603   -4.7067  -11.2307   -7.9270
    5.1936    4.8665   -6.1810   17.0764    0.5460  -15.2239
eta,q 0.97493 14.18105
niter,ni,del,rscale     5    3    5.0000    0.8000
parameters
    4.8491    7.1841   -0.7319   -5.1852  -11.4004   -8.5538
    5.1736    4.7765   -6.1641   17.3386    0.7137  -14.9055
eta,q 0.97479 14.13349
  0.0267  0.0265  0.0262  0.0266  0.0272  0.0267  0.0268  0.0274  0.0266  0.0269  0.0260  0.0260
  0.0258  0.0257  0.0256  0.0258  0.0262  0.0263  0.0260  0.0262  0.0259  0.0260  0.0256  0.0256
  0.0253  0.0252  0.0252  0.0253  0.0254  0.0256  0.0254  0.0255  0.0254  0.0254  0.0253  0.0253
  0.0251  0.0251  0.0251  0.0251  0.0251  0.0251  0.0252  0.0252  0.0252  0.0252  0.0252  0.0252
  0.0252  0.0252  0.0252  0.0253  0.0253  0.0254  0.0254  0.0255  0.0254  0.0253  0.0253  0.0253
  0.0258  0.0257  0.0255  0.0261  0.0262  0.0265  0.0259  0.0263  0.0258  0.0258  0.0255  0.0255
  0.0267  0.0265  0.0261  0.0277  0.0277  0.0287  0.0269  0.0277  0.0266  0.0266  0.0259  0.0258
niter,ni,del,rscale     4    3    5.0000    0.7000
parameters
    4.8623    7.1747   -0.8307   -4.8306  -11.3200   -8.5199
    5.1667    4.7675   -6.2026   17.2754    0.7527  -15.0215
eta,q 0.97484 14.15564
  0.0264  0.0262  0.0259  0.0266  0.0270  0.0268  0.0264  0.0271  0.0262  0.0263  0.0258  0.0257
  0.0257  0.0257  0.0255  0.0260  0.0261  0.0263  0.0258  0.0261  0.0256  0.0257  0.0254  0.0254
  0.0253  0.0253  0.0253  0.0255  0.0255  0.0257  0.0253  0.0254  0.0253  0.0253  0.0252  0.0252
  0.0252  0.0252  0.0252  0.0252  0.0252  0.0252  0.0252  0.0252  0.0252  0.0252  0.0252  0.0252
  0.0253  0.0253  0.0253  0.0252  0.0253  0.0252  0.0253  0.0254  0.0253  0.0253  0.0252  0.0252
  0.0257  0.0257  0.0256  0.0255  0.0259  0.0258  0.0257  0.0260  0.0257  0.0257  0.0254  0.0254
  0.0263  0.0263  0.0261  0.0264  0.0270  0.0272  0.0265  0.0272  0.0263  0.0264  0.0258  0.0257
niter,ni,del,rscale     3    3    5.0000    0.6000
parameters
    4.8521    7.1693   -0.8390   -4.7501  -11.2750   -8.2873
    5.1876    4.7857   -6.2081   17.2054    0.7072  -15.1460
eta,q 0.97489 14.16843
  0.0260  0.0259  0.0257  0.0262  0.0265  0.0266  0.0261  0.0267  0.0259  0.0260  0.0256  0.0255
  0.0255  0.0255  0.0254  0.0257  0.0259  0.0261  0.0256  0.0258  0.0255  0.0255  0.0253  0.0253
  0.0253  0.0252  0.0252  0.0253  0.0254  0.0256  0.0252  0.0253  0.0252  0.0252  0.0252  0.0251
  0.0252  0.0252  0.0252  0.0252  0.0252  0.0252  0.0251  0.0251  0.0251  0.0251  0.0251  0.0251
  0.0253  0.0253  0.0252  0.0252  0.0253  0.0252  0.0252  0.0253  0.0252  0.0252  0.0252  0.0252
  0.0256  0.0255  0.0254  0.0255  0.0257  0.0256  0.0255  0.0258  0.0255  0.0255  0.0253  0.0253
  0.0260  0.0259  0.0257  0.0262  0.0265  0.0265  0.0261  0.0267  0.0259  0.0261  0.0256  0.0256
niter,ni,del,rscale     2    3    5.0000    0.5000
parameters
    4.8478    7.1726   -0.8056   -4.7290  -11.2451   -8.0784
    5.1942    4.8227   -6.1880   17.1409    0.6212  -15.2037
eta,q 0.97492 14.17605
  0.0257  0.0257  0.0256  0.0258  0.0261  0.0263  0.0258  0.0262  0.0257  0.0257  0.0254  0.0254
  0.0254  0.0254  0.0253  0.0255  0.0256  0.0259  0.0254  0.0256  0.0254  0.0253  0.0252  0.0252
  0.0252  0.0252  0.0252  0.0252  0.0253  0.0254  0.0252  0.0252  0.0252  0.0251  0.0251  0.0251
  0.0251  0.0251  0.0251  0.0251  0.0251  0.0251  0.0251  0.0251  0.0251  0.0251  0.0251  0.0251
  0.0252  0.0252  0.0251  0.0252  0.0252  0.0251  0.0252  0.0252  0.0251  0.0252  0.0251  0.0251
  0.0254  0.0254  0.0253  0.0254  0.0255  0.0255  0.0254  0.0256  0.0253  0.0254  0.0253  0.0252
  0.0257  0.0257  0.0255  0.0259  0.0261  0.0261  0.0258  0.0262  0.0257  0.0258  0.0255  0.0254
niter,ni,del,rscale     1    3    5.0000    0.4000
parameters
    4.8481    7.1760   -0.7588   -4.7157  -11.2283   -7.9208
    5.1879    4.8687   -6.1757   17.0824    0.5483  -15.2299
eta,q 0.97493 14.18096
  0.0255  0.0255  0.0254  0.0256  0.0257  0.0259  0.0255  0.0258  0.0255  0.0255  0.0253  0.0253
  0.0253  0.0252  0.0252  0.0253  0.0254  0.0256  0.0253  0.0254  0.0252  0.0252  0.0252  0.0252
  0.0251  0.0251  0.0251  0.0252  0.0252  0.0253  0.0251  0.0252  0.0251  0.0251  0.0251  0.0251
  0.0251  0.0251  0.0251  0.0251  0.0251  0.0251  0.0251  0.0251  0.0251  0.0251  0.0251  0.0251
  0.0251  0.0251  0.0251  0.0251  0.0251  0.0251  0.0251  0.0251  0.0251  0.0251  0.0251  0.0251
  0.0253  0.0252  0.0252  0.0253  0.0254  0.0254  0.0253  0.0254  0.0252  0.0253  0.0252  0.0252
  0.0255  0.0254  0.0253  0.0256  0.0257  0.0258  0.0255  0.0258  0.0255  0.0255  0.0253  0.0253
registration optimization eta report
parameter search radius
    0.8000    0.8000    0.8000    2.4000    2.4000    2.4000
    2.4000    2.4000    2.4000    2.4000    2.4000    2.4000
100000*second partial in parameter space
       64.       57.       43.        8.       11.       14.
        8.       13.        7.        7.        4.        3.
  0.0255  0.0255  0.0254  0.0256  0.0257  0.0259  0.0255  0.0258  0.0255  0.0255  0.0253  0.0253
  0.0253  0.0252  0.0252  0.0253  0.0254  0.0256  0.0253  0.0254  0.0252  0.0252  0.0252  0.0252
  0.0251  0.0251  0.0251  0.0252  0.0252  0.0253  0.0251  0.0252  0.0251  0.0251  0.0251  0.0251
  0.0251  0.0251  0.0251  0.0251  0.0251  0.0251  0.0251  0.0251  0.0251  0.0251  0.0251  0.0251
  0.0251  0.0251  0.0251  0.0251  0.0251  0.0251  0.0251  0.0251  0.0251  0.0251  0.0251  0.0251
  0.0253  0.0252  0.0252  0.0253  0.0254  0.0254  0.0253  0.0254  0.0252  0.0253  0.0252  0.0252
  0.0255  0.0254  0.0253  0.0256  0.0257  0.0258  0.0255  0.0258  0.0255  0.0255  0.0253  0.0253
    4.8481    7.1760   -0.7588   -4.7157  -11.2283   -7.9208
    5.1879    4.8687   -6.1757   17.0824    0.5483  -15.2299
eta,q 0.97493 14.18096

---------------------------------------------------------------------
compute_vox2vox talsrcimg talsrcimg_to_711-2C_as_mni_average_305_t4 /opt/freesurfer/average/711-2C_as_mni_average_305
---------------------------------------------------------------------

freesurfer compute_vox2vox.c
Reading: talsrcimg.4dfp.ifh
Reading: talsrcimg_to_711-2C_as_mni_average_305_t4
Reading: /opt/freesurfer/average/711-2C_as_mni_average_305.4dfp.ifh
Writing: talsrcimg_to_711-2C_as_mni_average_305_t4_vox2vox.txt

start time Mon Mar 9 11:25:44 CET 2026
end		time Mon Mar 9 11:27:21 CET 2026

mpr2mni305 success

avi2talxfm orig_nu.mgz /opt/freesurfer/average/mni305.cor.mgz talsrcimg_to_711-2C_as_mni_average_305_t4_vox2vox.txt transforms/talairach.auto.xfm
avi2talxfm done
mv -f /out/sourcedata/freesurfer/sub-v1s21x0050418_ses-1/mri/talsrcimg_to_711-2C_as_mni_average_305_t4_vox2vox.txt /out/sourcedata/freesurfer/sub-v1s21x0050418_ses-1/mri/transforms/talsrcimg_to_711-2C_as_mni_average_305_t4_vox2vox.txt
lta_convert --src orig_nu.mgz --trg /opt/freesurfer/average/mni305.cor.mgz --inxfm transforms/talairach.auto.xfm --outlta transforms/talairach.auto.xfm.lta --subject fsaverage
7.3.2

--src: orig_nu.mgz src image (geometry).
--trg: /opt/freesurfer/average/mni305.cor.mgz trg image (geometry).
--inmni: transforms/talairach.auto.xfm input MNI/XFM transform.
--outlta: transforms/talairach.auto.xfm.lta output LTA.
--s: fsaverage subject name
 LTA read, type : 1
 1.04530  -0.04258  -0.06839  -5.32809;
 0.00562   1.05229   0.18021  -1.08988;
 0.07164  -0.20546   1.08705  -9.00023;
 0.00000   0.00000   0.00000   1.00000;
setting subject to fsaverage
Writing  LTA to file transforms/talairach.auto.xfm.lta...
lta_convert successful.
 
 
Started at Mon Mar 9 11:25:43 CET 2026
Ended   at Mon Mar  9 11:27:21 CET 2026
talairach_avi done
