/out/sourcedata/freesurfer/sub-v1s21x0050386_ses-1/mri
/opt/freesurfer/bin/talairach_avi
--i orig_nu.mgz --xfm transforms/talairach.auto.xfm
talairach_avi 7.3.2
Linux dna075 5.14.0-427.37.1.el9_4.x86_64 #1 SMP PREEMPT_DYNAMIC Fri Sep 13 12:41:50 EDT 2024 x86_64 x86_64 x86_64 GNU/Linux
Mon Mar  9 09:15:33 CET 2026
mri_convert orig_nu.mgz talsrcimg.img 
reading from orig_nu.mgz...
TR=0.00, TE=0.00, TI=0.00, flip angle=0.00
i_ras = (-1, 0, 0)
j_ras = (0, 0, -1)
k_ras = (0, 1, 0)
writing to talsrcimg.img...
Analyze Output Matrix
-1.00000   0.00000   0.00000   129.50781;
 0.00000   0.00000   1.00000  -128.49219;
 0.00000  -1.00000   0.00000   129.60004;
 0.00000   0.00000   0.00000   1.00000;
--------------------
INFO: set hdr.hist.orient to -1
mpr2mni305 talsrcimg
Mon Mar  9 09:15:33 CET 2026
/opt/freesurfer/bin/mpr2mni305 talsrcimg
mpr2mni305 7.3.2
target=711-2C_as_mni_average_305

---------------------------------------------------------------------
analyzeto4dfp talsrcimg -O0 -y
---------------------------------------------------------------------

freesurfer ifh2hdr.c
Mon Mar  9 09:15:34 2026
Writing: talsrcimg.4dfp.hdr
freesurfer analyzeto4dfp.c
Reading: talsrcimg.hdr
header size 348 bytes
hdr.dime.datatype	offset=70	value=2
hdr.dime.bitpix		offset=72	value=8
hdr.hist.orient		offset=252	value=-1
dimensionality     4
dimensions       256       256       256         1
Reading: talsrcimg.img
Writing: talsrcimg.4dfp.img
Writing: talsrcimg.4dfp.ifh
ifh2hdr talsrcimg -r0to241
ori=2

---------------------------------------------------------------------
gauss_4dfp talsrcimg 1.1
---------------------------------------------------------------------

freesurfer gauss_4dfp.c
Reading: talsrcimg.4dfp.img
Writing: talsrcimg_g11.4dfp.img
image dimensions 256 256 256 padded to 288 288 288
processing volume 1freesurfer ifh2hdr.c
Mon Mar  9 09:15:35 2026
Writing: talsrcimg_g11.4dfp.hdr

Writing: talsrcimg_g11.4dfp.ifh
including: talsrcimg.4dfp.img.rec in talsrcimg_g11.4dfp.img.rec

---------------------------------------------------------------------
imgreg_4dfp /opt/freesurfer/average/711-2C_as_mni_average_305 none talsrcimg_g11 none talsrcimg_to_711-2C_as_mni_average_305_t4 4355
---------------------------------------------------------------------

freesurfer imgreg_4dfp.c
/opt/freesurfer/average/711-2C_as_mni_average_305.4dfp.img
       256       256       256         1
  1.000000  1.000000  1.000000
orientation T byte_order littleendian
Reading image: /opt/freesurfer/average/711-2C_as_mni_average_305.4dfp.img
dimensions:      256       256       256
mmppix:       1.0000   -1.0000   -1.0000
center:     128.0000 -129.0000 -129.0000
talsrcimg_g11.4dfp.img
       256       256       256         1
  1.000000  1.000000  1.000000
orientation T byte_order littleendian
Reading image: talsrcimg_g11.4dfp.img
dimensions:      256       256       256
mmppix:       1.0000   -1.0000   -1.0000
center:     128.0000 -129.0000 -129.0000
t4_read: open error in t4_sub.f l:  41 t4_file(1:l)talsrcimg_to_711-2C_as_mni_average_305_t4 
t4_read: transform initialized to I4
rotation matrix determinant  1.000000
image alignment mode   4355 decimal     1103 hex
   -7.5000  -45.0000  -45.0000 7093.1191   15.8362
    0.0000  -45.0000  -45.0000 7417.5879   15.8661
    7.5000  -45.0000  -45.0000 7083.3569   15.8812
   -7.5000  -37.5000  -45.0000 7594.4731   15.8357
    0.0000  -37.5000  -45.0000 7947.1475   15.8644
    7.5000  -37.5000  -45.0000 7598.3071   15.8811
   -7.5000  -30.0000  -45.0000 8342.2920   15.8620
    0.0000  -30.0000  -45.0000 8735.8145   15.8898
    7.5000  -30.0000  -45.0000 8350.8535   15.9068
   -7.5000  -22.5000  -45.0000 9035.1768   15.8931
    0.0000  -22.5000  -45.0000 9458.3916   15.9231
    7.5000  -22.5000  -45.0000 9023.7012   15.9392
   -7.5000  -15.0000  -45.0000 9655.1553   15.9003
    0.0000  -15.0000  -45.000010106.9561   15.9326
    7.5000  -15.0000  -45.0000 9645.7090   15.9475
   -7.5000   -7.5000  -45.000010262.2188   15.8696
    0.0000   -7.5000  -45.000010740.1484   15.9011
    7.5000   -7.5000  -45.000010247.4805   15.9151
   -7.5000    0.0000  -45.000010813.7480   15.8362
    0.0000    0.0000  -45.000011294.9668   15.8661
    7.5000    0.0000  -45.000010816.3369   15.8812
   -7.5000    7.5000  -45.000010550.7949   15.8357
    0.0000    7.5000  -45.000011016.1426   15.8644
    7.5000    7.5000  -45.000010555.6299   15.8811
   -7.5000   15.0000  -45.000010204.6152   15.8620
    0.0000   15.0000  -45.000010662.2129   15.8898
    7.5000   15.0000  -45.000010215.7373   15.9068
   -7.5000   22.5000  -45.0000 9551.2861   15.8910
    0.0000   22.5000  -45.0000 9988.6621   15.9209
    7.5000   22.5000  -45.0000 9553.6797   15.9370
   -7.5000   30.0000  -45.0000 8770.7070   15.6884
    0.0000   30.0000  -45.0000 9195.0967   15.7203
    7.5000   30.0000  -45.0000 8769.8467   15.7350
   -7.5000   37.5000  -45.0000 8369.2656   15.6582
    0.0000   37.5000  -45.0000 8762.8154   15.6892
    7.5000   37.5000  -45.0000 8347.2754   15.7030
   -7.5000   45.0000  -45.0000 7712.2417   15.2284
    0.0000   45.0000  -45.0000 8075.2051   15.2572
    7.5000   45.0000  -45.0000 7684.8091   15.2717
   -7.5000  -45.0000  -37.5000 7672.1406   15.6407
    0.0000  -45.0000  -37.5000 8007.0664   15.6669
    7.5000  -45.0000  -37.5000 7665.5806   15.6823
   -7.5000  -37.5000  -37.5000 8236.9971   15.6382
    0.0000  -37.5000  -37.5000 8601.7988   15.6623
    7.5000  -37.5000  -37.5000 8223.7314   15.6816
   -7.5000  -30.0000  -37.5000 9052.5908   15.6592
    0.0000  -30.0000  -37.5000 9447.4287   15.6825
    7.5000  -30.0000  -37.5000 9028.2236   15.7027
   -7.5000  -22.5000  -37.5000 9777.1104   15.6861
    0.0000  -22.5000  -37.500010189.1328   15.7124
    7.5000  -22.5000  -37.5000 9722.0547   15.7300
   -7.5000  -15.0000  -37.500010416.6934   15.6945
    0.0000  -15.0000  -37.500010837.7725   15.7244
    7.5000  -15.0000  -37.500010354.9375   15.7387
   -7.5000   -7.5000  -37.500011016.5859   15.6699
    0.0000   -7.5000  -37.500011498.3389   15.6991
    7.5000   -7.5000  -37.500011006.2402   15.7120
   -7.5000    0.0000  -37.500011608.2754   15.6407
    0.0000    0.0000  -37.500012111.7627   15.6669
    7.5000    0.0000  -37.500011611.1787   15.6823
   -7.5000    7.5000  -37.500011337.3018   15.6382
    0.0000    7.5000  -37.500011831.1592   15.6623
    7.5000    7.5000  -37.500011330.6953   15.6816
   -7.5000   15.0000  -37.500010972.3291   15.6592
    0.0000   15.0000  -37.500011473.0234   15.6825
    7.5000   15.0000  -37.500010962.9756   15.7027
   -7.5000   22.5000  -37.500010244.5186   15.6840
    0.0000   22.5000  -37.500010694.0576   15.7102
    7.5000   22.5000  -37.500010233.3789   15.7279
   -7.5000   30.0000  -37.5000 9365.9062   15.4853
    0.0000   30.0000  -37.5000 9805.0146   15.5149
    7.5000   30.0000  -37.5000 9383.6152   15.5290
   -7.5000   37.5000  -37.5000 8912.3984   15.4611
    0.0000   37.5000  -37.5000 9317.2227   15.4899
    7.5000   37.5000  -37.5000 8899.4990   15.5026
   -7.5000   45.0000  -37.5000 8175.7515   15.0404
    0.0000   45.0000  -37.5000 8541.7471   15.0656
    7.5000   45.0000  -37.5000 8162.8076   15.0804
   -7.5000  -45.0000  -30.0000 8434.5479   16.1564
    0.0000  -45.0000  -30.0000 8798.7432   16.1838
    7.5000  -45.0000  -30.0000 8419.9570   16.2003
   -7.5000  -37.5000  -30.0000 9059.6455   16.1578
    0.0000  -37.5000  -30.0000 9450.8076   16.1817
    7.5000  -37.5000  -30.0000 9029.8105   16.2032
   -7.5000  -30.0000  -30.0000 9947.5645   16.1678
    0.0000  -30.0000  -30.000010383.7373   16.1910
    7.5000  -30.0000  -30.0000 9912.9014   16.2155
   -7.5000  -22.5000  -30.000010717.8857   16.1786
    0.0000  -22.5000  -30.000011163.7549   16.2059
    7.5000  -22.5000  -30.000010637.9150   16.2291
   -7.5000  -15.0000  -30.000011377.6396   16.1820
    0.0000  -15.0000  -30.000011851.8447   16.2141
    7.5000  -15.0000  -30.000011302.8936   16.2334
   -7.5000   -7.5000  -30.000012025.5654   16.1698
    0.0000   -7.5000  -30.000012537.2119   16.2013
    7.5000   -7.5000  -30.000011990.8398   16.2169
   -7.5000    0.0000  -30.000012655.3906   16.1564
    0.0000    0.0000  -30.000013189.3750   16.1838
    7.5000    0.0000  -30.000012610.8896   16.2003
   -7.5000    7.5000  -30.000012351.4170   16.1578
    0.0000    7.5000  -30.000012869.5176   16.1817
    7.5000    7.5000  -30.000012311.5342   16.2032
   -7.5000   15.0000  -30.000011937.4121   16.1678
    0.0000   15.0000  -30.000012443.5908   16.1910
    7.5000   15.0000  -30.000011914.2314   16.2155
   -7.5000   22.5000  -30.000011105.7871   16.1748
    0.0000   22.5000  -30.000011565.5723   16.2020
    7.5000   22.5000  -30.000011107.1162   16.2252
   -7.5000   30.0000  -30.000010145.2100   15.9679
    0.0000   30.0000  -30.000010556.3438   15.9996
    7.5000   30.0000  -30.000010134.1680   16.0186
   -7.5000   37.5000  -30.0000 9626.6182   15.9558
    0.0000   37.5000  -30.000010030.8984   15.9869
    7.5000   37.5000  -30.0000 9600.1396   16.0023
   -7.5000   45.0000  -30.0000 8789.2178   15.5477
    0.0000   45.0000  -30.0000 9165.9541   15.5741
    7.5000   45.0000  -30.0000 8779.1357   15.5899
   -7.5000  -45.0000  -22.5000 9220.3457   16.6739
    0.0000  -45.0000  -22.5000 9617.4365   16.7048
    7.5000  -45.0000  -22.5000 9199.6943   16.7210
   -7.5000  -37.5000  -22.5000 9895.6064   16.6858
    0.0000  -37.5000  -22.500010320.8750   16.7136
    7.5000  -37.5000  -22.5000 9857.7344   16.7335
   -7.5000  -30.0000  -22.500010861.6836   16.6930
    0.0000  -30.0000  -22.500011324.2998   16.7208
    7.5000  -30.0000  -22.500010815.1953   16.7455
   -7.5000  -22.5000  -22.500011682.5996   16.6895
    0.0000  -22.5000  -22.500012160.5029   16.7213
    7.5000  -22.5000  -22.500011598.4629   16.7477
   -7.5000  -15.0000  -22.500012393.2705   16.6813
    0.0000  -15.0000  -22.500012912.9922   16.7173
    7.5000  -15.0000  -22.500012318.7207   16.7415
   -7.5000   -7.5000  -22.500013099.3926   16.6730
    0.0000   -7.5000  -22.500013634.5156   16.7079
    7.5000   -7.5000  -22.500013049.9590   16.7268
   -7.5000    0.0000  -22.500013748.1484   16.6739
    0.0000    0.0000  -22.500014317.7422   16.7048
    7.5000    0.0000  -22.500013695.0840   16.7210
   -7.5000    7.5000  -22.500013411.9219   16.6858
    0.0000    7.5000  -22.500013962.1318   16.7136
    7.5000    7.5000  -22.500013359.2422   16.7335
   -7.5000   15.0000  -22.500012948.5654   16.6930
    0.0000   15.0000  -22.500013459.5137   16.7208
    7.5000   15.0000  -22.500012905.9658   16.7455
   -7.5000   22.5000  -22.500012026.1143   16.6844
    0.0000   22.5000  -22.500012496.0801   16.7161
    7.5000   22.5000  -22.500012020.0693   16.7425
   -7.5000   30.0000  -22.500010954.4697   16.4631
    0.0000   30.0000  -22.500011383.5078   16.4986
    7.5000   30.0000  -22.500010957.3066   16.5226
   -7.5000   37.5000  -22.500010374.6973   16.4549
    0.0000   37.5000  -22.500010791.9551   16.4894
    7.5000   37.5000  -22.500010360.6621   16.5080
   -7.5000   45.0000  -22.5000 9454.6172   16.0578
    0.0000   45.0000  -22.5000 9837.8008   16.0875
    7.5000   45.0000  -22.5000 9422.6699   16.1032
   -7.5000  -45.0000  -15.000010064.4727   17.0695
    0.0000  -45.0000  -15.000010482.8779   17.1032
    7.5000  -45.0000  -15.000010016.4434   17.1177
   -7.5000  -37.5000  -15.000010781.8301   17.0849
    0.0000  -37.5000  -15.000011219.3027   17.1170
    7.5000  -37.5000  -15.000010731.3350   17.1328
   -7.5000  -30.0000  -15.000011806.9932   17.0989
    0.0000  -30.0000  -15.000012317.0391   17.1315
    7.5000  -30.0000  -15.000011777.2559   17.1520
   -7.5000  -22.5000  -15.000012684.2432   17.0993
    0.0000  -22.5000  -15.000013202.5771   17.1350
    7.5000  -22.5000  -15.000012630.5977   17.1594
   -7.5000  -15.0000  -15.000013475.8223   17.0882
    0.0000  -15.0000  -15.000014010.7305   17.1263
    7.5000  -15.0000  -15.000013386.4609   17.1510
   -7.5000   -7.5000  -15.000014254.2549   17.0723
    0.0000   -7.5000  -15.000014814.1016   17.1090
    7.5000   -7.5000  -15.000014163.5459   17.1283
   -7.5000    0.0000  -15.000014928.2861   17.0695
    0.0000    0.0000  -15.000015525.8994   17.1032
    7.5000    0.0000  -15.000014862.1221   17.1177
   -7.5000    7.5000  -15.000014524.0352   17.0849
    0.0000    7.5000  -15.000015100.8975   17.1170
    7.5000    7.5000  -15.000014476.7422   17.1328
   -7.5000   15.0000  -15.000013972.6328   17.0989
    0.0000   15.0000  -15.000014476.0049   17.1315
    7.5000   15.0000  -15.000013929.8613   17.1520
   -7.5000   22.5000  -15.000012950.3691   17.0933
    0.0000   22.5000  -15.000013411.5674   17.1289
    7.5000   22.5000  -15.000012954.9824   17.1534
   -7.5000   30.0000  -15.000011785.0986   16.8670
    0.0000   30.0000  -15.000012207.2812   16.9047
    7.5000   30.0000  -15.000011826.6045   16.9290
   -7.5000   37.5000  -15.000011155.8936   16.8514
    0.0000   37.5000  -15.000011564.8877   16.8875
    7.5000   37.5000  -15.000011165.8066   16.9067
   -7.5000   45.0000  -15.000010121.5000   16.4487
    0.0000   45.0000  -15.000010504.6562   16.4812
    7.5000   45.0000  -15.000010088.7510   16.4952
   -7.5000  -45.0000   -7.500010931.1475   17.2789
    0.0000  -45.0000   -7.500011404.2979   17.3133
    7.5000  -45.0000   -7.500010887.2471   17.3269
   -7.5000  -37.5000   -7.500011689.7861   17.2878
    0.0000  -37.5000   -7.500012210.5928   17.3213
    7.5000  -37.5000   -7.500011649.0527   17.3350
   -7.5000  -30.0000   -7.500012827.8799   17.3133
    0.0000  -30.0000   -7.500013411.2002   17.3468
    7.5000  -30.0000   -7.500012804.1895   17.3627
   -7.5000  -22.5000   -7.500013806.6113   17.3337
    0.0000  -22.5000   -7.500014398.9785   17.3692
    7.5000  -22.5000   -7.500013752.9326   17.3877
   -7.5000  -15.0000   -7.500014663.8018   17.3309
    0.0000  -15.0000   -7.500015270.9014   17.3681
    7.5000  -15.0000   -7.500014551.0254   17.3876
   -7.5000   -7.5000   -7.500015487.0215   17.3018
    0.0000   -7.5000   -7.500016128.1553   17.3377
    7.5000   -7.5000   -7.500015360.7461   17.3543
   -7.5000    0.0000   -7.500016214.6084   17.2789
    0.0000    0.0000   -7.500016891.5859   17.3133
    7.5000    0.0000   -7.500016138.5635   17.3269
   -7.5000    7.5000   -7.500015725.2070   17.2878
    0.0000    7.5000   -7.500016386.5332   17.3213
    7.5000    7.5000   -7.500015674.3574   17.3350
   -7.5000   15.0000   -7.500015020.8301   17.3133
    0.0000   15.0000   -7.500015606.5928   17.3468
    7.5000   15.0000   -7.500014997.5400   17.3627
   -7.5000   22.5000   -7.500013933.9883   17.3257
    0.0000   22.5000   -7.500014442.3193   17.3612
    7.5000   22.5000   -7.500013954.2568   17.3797
   -7.5000   30.0000   -7.500012669.0859   17.1061
    0.0000   30.0000   -7.500013111.9492   17.1429
    7.5000   30.0000   -7.500012723.7422   17.1621
   -7.5000   37.5000   -7.500011964.7275   17.0774
    0.0000   37.5000   -7.500012401.0762   17.1129
    7.5000   37.5000   -7.500012013.9092   17.1293
   -7.5000   45.0000   -7.500010860.7305   16.6536
    0.0000   45.0000   -7.500011261.0840   16.6868
    7.5000   45.0000   -7.500010850.2178   16.6999
   -7.5000  -45.0000    0.000011737.9844   17.3253
    0.0000  -45.0000    0.000012259.9180   17.3576
    7.5000  -45.0000    0.000011698.5977   17.3723
   -7.5000  -37.5000    0.000012531.8203   17.3251
    0.0000  -37.5000    0.000013123.7217   17.3563
    7.5000  -37.5000    0.000012492.0576   17.3724
   -7.5000  -30.0000    0.000013787.4893   17.3555
    0.0000  -30.0000    0.000014449.3555   17.3859
    7.5000  -30.0000    0.000013750.3281   17.4015
   -7.5000  -22.5000    0.000014892.1777   17.3907
    0.0000  -22.5000    0.000015581.7168   17.4231
    7.5000  -22.5000    0.000014819.0146   17.4377
   -7.5000  -15.0000    0.000015828.0791   17.3981
    0.0000  -15.0000    0.000016576.2129   17.4328
    7.5000  -15.0000    0.000015673.0293   17.4466
   -7.5000   -7.5000    0.000016692.5566   17.3631
    0.0000   -7.5000    0.000017469.8711   17.3968
    7.5000   -7.5000    0.000016494.5020   17.4103
   -7.5000    0.0000    0.000017439.7363   17.3253
    0.0000    0.0000    0.000018195.9883   17.3576
    7.5000    0.0000    0.000017295.9395   17.3723
   -7.5000    7.5000    0.000016861.4102   17.3251
    0.0000    7.5000    0.000017582.9297   17.3563
    7.5000    7.5000    0.000016768.9043   17.3724
   -7.5000   15.0000    0.000016029.2549   17.3555
    0.0000   15.0000    0.000016685.7344   17.3859
    7.5000   15.0000    0.000015994.8359   17.4015
   -7.5000   22.5000    0.000014866.8945   17.3826
    0.0000   22.5000    0.000015443.4326   17.4151
    7.5000   22.5000    0.000014875.3408   17.4297
   -7.5000   30.0000    0.000013557.5879   17.1729
    0.0000   30.0000    0.000014057.3818   17.2072
    7.5000   30.0000    0.000013603.8193   17.2208
   -7.5000   37.5000    0.000012805.7461   17.1384
    0.0000   37.5000    0.000013298.3438   17.1717
    7.5000   37.5000    0.000012866.8682   17.1850
   -7.5000   45.0000    0.000011569.5664   16.6996
    0.0000   45.0000    0.000012044.4131   16.7307
    7.5000   45.0000    0.000011596.9277   16.7449
   -7.5000  -45.0000    7.500011650.1113   17.3294
    0.0000  -45.0000    7.500012210.4512   17.3589
    7.5000  -45.0000    7.500011619.3232   17.3759
   -7.5000  -37.5000    7.500012405.6680   17.3265
    0.0000  -37.5000    7.500013039.8047   17.3535
    7.5000  -37.5000    7.500012357.6045   17.3743
   -7.5000  -30.0000    7.500013633.8994   17.3493
    0.0000  -30.0000    7.500014348.3057   17.3752
    7.5000  -30.0000    7.500013591.6211   17.3965
   -7.5000  -22.5000    7.500014791.1387   17.3791
    0.0000  -22.5000    7.500015575.2920   17.4081
    7.5000  -22.5000    7.500014734.0439   17.4265
   -7.5000  -15.0000    7.500015801.7266   17.3886
    0.0000  -15.0000    7.500016736.9941   17.4217
    7.5000  -15.0000    7.500015640.9365   17.4367
   -7.5000   -7.5000    7.500016654.4062   17.3617
    0.0000   -7.5000    7.500017596.5859   17.3942
    7.5000   -7.5000    7.500016419.5840   17.4082
   -7.5000    0.0000    7.500017299.9297   17.3294
    0.0000    0.0000    7.500018180.3379   17.3589
    7.5000    0.0000    7.500017134.2148   17.3759
   -7.5000    7.5000    7.500016664.5547   17.3265
    0.0000    7.5000    7.500017479.5352   17.3535
    7.5000    7.5000    7.500016576.4121   17.3743
   -7.5000   15.0000    7.500015831.8662   17.3493
    0.0000   15.0000    7.500016542.9375   17.3752
    7.5000   15.0000    7.500015751.2559   17.3965
   -7.5000   22.5000    7.500014693.0957   17.3711
    0.0000   22.5000    7.500015330.9990   17.4001
    7.5000   22.5000    7.500014660.7139   17.4184
   -7.5000   30.0000    7.500013443.1465   17.1636
    0.0000   30.0000    7.500014025.1709   17.1962
    7.5000   30.0000    7.500013451.5547   17.2111
   -7.5000   37.5000    7.500012732.2041   17.1370
    0.0000   37.5000    7.500013280.1289   17.1691
    7.5000   37.5000    7.500012757.5859   17.1829
   -7.5000   45.0000    7.500011468.4502   16.7036
    0.0000   45.0000    7.500011948.7471   16.7320
    7.5000   45.0000    7.500011486.0742   16.7483
   -7.5000  -45.0000   15.000011407.4521   17.3228
    0.0000  -45.0000   15.000012030.9736   17.3525
    7.5000  -45.0000   15.000011373.6836   17.3703
   -7.5000  -37.5000   15.000012105.3770   17.3257
    0.0000  -37.5000   15.000012795.5156   17.3515
    7.5000  -37.5000   15.000012066.8018   17.3746
   -7.5000  -30.0000   15.000013275.3789   17.3372
    0.0000  -30.0000   15.000014018.6865   17.3621
    7.5000  -30.0000   15.000013257.2148   17.3883
   -7.5000  -22.5000   15.000014501.5381   17.3480
    0.0000  -22.5000   15.000015404.4795   17.3772
    7.5000  -22.5000   15.000014449.2842   17.4020
   -7.5000  -15.0000   15.000015688.3105   17.3502
    0.0000  -15.0000   15.000016917.8574   17.3846
    7.5000  -15.0000   15.000015502.2490   17.4054
   -7.5000   -7.5000   15.000016542.1484   17.3365
    0.0000   -7.5000   15.000017821.9590   17.3704
    7.5000   -7.5000   15.000016289.1445   17.3874
   -7.5000    0.0000   15.000017066.4395   17.3228
    0.0000    0.0000   15.000018222.6445   17.3525
    7.5000    0.0000   15.000016913.0938   17.3703
   -7.5000    7.5000   15.000016407.5293   17.3257
    0.0000    7.5000   15.000017381.6855   17.3515
    7.5000    7.5000   15.000016315.5059   17.3746
   -7.5000   15.0000   15.000015495.3555   17.3372
    0.0000   15.0000   15.000016350.8203   17.3621
    7.5000   15.0000   15.000015401.1201   17.3883
   -7.5000   22.5000   15.000014346.9990   17.3400
    0.0000   22.5000   15.000015090.3682   17.3692
    7.5000   22.5000   15.000014285.8105   17.3940
   -7.5000   30.0000   15.000013163.2080   17.1256
    0.0000   30.0000   15.000013814.5889   17.1596
    7.5000   30.0000   15.000013133.8770   17.1801
   -7.5000   37.5000   15.000012438.0684   17.1121
    0.0000   37.5000   15.000013027.6943   17.1456
    7.5000   37.5000   15.000012439.7588   17.1624
   -7.5000   45.0000   15.000011188.0342   16.6972
    0.0000   45.0000   15.000011704.6318   16.7258
    7.5000   45.0000   15.000011199.4854   16.7430
   -7.5000  -45.0000   22.500011066.6475   17.3087
    0.0000  -45.0000   22.500011715.1836   17.3408
    7.5000  -45.0000   22.500011053.0078   17.3576
   -7.5000  -37.5000   22.500011717.1348   17.3211
    0.0000  -37.5000   22.500012422.5713   17.3500
    7.5000  -37.5000   22.500011713.8838   17.3706
   -7.5000  -30.0000   22.500012814.5371   17.3286
    0.0000  -30.0000   22.500013594.5039   17.3575
    7.5000  -30.0000   22.500012837.8730   17.3831
   -7.5000  -22.5000   22.500013986.8037   17.3250
    0.0000  -22.5000   22.500015023.1875   17.3580
    7.5000  -22.5000   22.500013963.6729   17.3854
   -7.5000  -15.0000   22.500015111.4512   17.3165
    0.0000  -15.0000   22.500016511.7910   17.3538
    7.5000  -15.0000   22.500014979.3154   17.3790
   -7.5000   -7.5000   22.500015978.6855   17.3078
    0.0000   -7.5000   22.500017436.1074   17.3441
    7.5000   -7.5000   22.500015841.4150   17.3637
   -7.5000    0.0000   22.500016594.3145   17.3087
    0.0000    0.0000   22.500018003.0938   17.3408
    7.5000    0.0000   22.500016559.8516   17.3576
   -7.5000    7.5000   22.500015957.8193   17.3211
    0.0000    7.5000   22.500017141.2012   17.3500
    7.5000    7.5000   22.500015960.0537   17.3706
   -7.5000   15.0000   22.500014947.8906   17.3286
    0.0000   15.0000   22.500015914.1670   17.3575
    7.5000   15.0000   22.500014934.5859   17.3831
   -7.5000   22.5000   22.500013778.4785   17.3170
    0.0000   22.5000   22.500014563.2051   17.3500
    7.5000   22.5000   22.500013743.9707   17.3774
   -7.5000   30.0000   22.500012678.9277   17.0924
    0.0000   30.0000   22.500013346.8535   17.1292
    7.5000   30.0000   22.500012637.1670   17.1540
   -7.5000   37.5000   22.500012010.8320   17.0838
    0.0000   37.5000   22.500012616.6338   17.1196
    7.5000   37.5000   22.500011987.6807   17.1390
   -7.5000   45.0000   22.500010807.6611   16.6836
    0.0000   45.0000   22.500011327.1416   16.7145
    7.5000   45.0000   22.500010801.8965   16.7308
   -7.5000  -45.0000   30.000010563.6641   17.3046
    0.0000  -45.0000   30.000011166.4316   17.3387
    7.5000  -45.0000   30.000010553.2754   17.3534
   -7.5000  -37.5000   30.000011177.2803   17.3202
    0.0000  -37.5000   30.000011827.1514   17.3527
    7.5000  -37.5000   30.000011199.6104   17.3687
   -7.5000  -30.0000   30.000012238.6543   17.3343
    0.0000  -30.0000   30.000012984.7627   17.3674
    7.5000  -30.0000   30.000012283.8164   17.3881
   -7.5000  -22.5000   30.000013335.0908   17.3348
    0.0000  -22.5000   30.000014255.9707   17.3709
    7.5000  -22.5000   30.000013299.3584   17.3957
   -7.5000  -15.0000   30.000014261.1787   17.3235
    0.0000  -15.0000   30.000015320.8438   17.3622
    7.5000  -15.0000   30.000014155.0986   17.3871
   -7.5000   -7.5000   30.000015074.4932   17.3074
    0.0000   -7.5000   30.000016081.0479   17.3446
    7.5000   -7.5000   30.000014965.3809   17.3642
   -7.5000    0.0000   30.000015840.7959   17.3046
    0.0000    0.0000   30.000016885.9922   17.3387
    7.5000    0.0000   30.000015787.5635   17.3534
   -7.5000    7.5000   30.000015266.4873   17.3202
    0.0000    7.5000   30.000016275.8516   17.3527
    7.5000    7.5000   30.000015283.0684   17.3687
   -7.5000   15.0000   30.000014266.9814   17.3343
    0.0000   15.0000   30.000015163.1279   17.3674
    7.5000   15.0000   30.000014308.9023   17.3881
   -7.5000   22.5000   30.000013135.1924   17.3268
    0.0000   22.5000   30.000013899.5352   17.3629
    7.5000   22.5000   30.000013135.3223   17.3877
   -7.5000   30.0000   30.000012040.7793   17.0993
    0.0000   30.0000   30.000012715.4648   17.1375
    7.5000   30.0000   30.000012016.2402   17.1621
   -7.5000   37.5000   30.000011403.3574   17.0834
    0.0000   37.5000   30.000012041.7373   17.1201
    7.5000   37.5000   30.000011398.9629   17.1395
   -7.5000   45.0000   30.000010255.3760   16.6796
    0.0000   45.0000   30.000010797.4121   16.7126
    7.5000   45.0000   30.000010260.1055   16.7267
   -7.5000  -45.0000   37.500010362.9395   17.3315
    0.0000  -45.0000   37.500010893.7354   17.3660
    7.5000  -45.0000   37.500010346.7939   17.3794
   -7.5000  -37.5000   37.500010987.5205   17.3404
    0.0000  -37.5000   37.500011538.7324   17.3740
    7.5000  -37.5000   37.500010982.1738   17.3875
   -7.5000  -30.0000   37.500012066.4707   17.3659
    0.0000  -30.0000   37.500012693.0000   17.3995
    7.5000  -30.0000   37.500012065.6387   17.4152
   -7.5000  -22.5000   37.500013056.3428   17.3864
    0.0000  -22.5000   37.500013806.0674   17.4219
    7.5000  -22.5000   37.500013020.6152   17.4403
   -7.5000  -15.0000   37.500013862.1553   17.3836
    0.0000  -15.0000   37.500014642.7695   17.4209
    7.5000  -15.0000   37.500013808.7002   17.4402
   -7.5000   -7.5000   37.500014615.8369   17.3545
    0.0000   -7.5000   37.500015353.5781   17.3905
    7.5000   -7.5000   37.500014560.6748   17.4069
   -7.5000    0.0000   37.500015384.3428   17.3315
    0.0000    0.0000   37.500016177.5439   17.3660
    7.5000    0.0000   37.500015319.6250   17.3794
   -7.5000    7.5000   37.500014915.0088   17.3404
    0.0000    7.5000   37.500015700.0830   17.3740
    7.5000    7.5000   37.500014880.6025   17.3875
   -7.5000   15.0000   37.500013981.9150   17.3659
    0.0000   15.0000   37.500014711.4180   17.3995
    7.5000   15.0000   37.500013967.0547   17.4152
   -7.5000   22.5000   37.500012868.9160   17.3783
    0.0000   22.5000   37.500013542.3252   17.4139
    7.5000   22.5000   37.500012861.8535   17.4323
   -7.5000   30.0000   37.500011788.5283   17.1586
    0.0000   30.0000   37.500012404.4199   17.1955
    7.5000   30.0000   37.500011784.7080   17.2145
   -7.5000   37.5000   37.500011144.9932   17.1299
    0.0000   37.5000   37.500011716.7725   17.1654
    7.5000   37.5000   37.500011166.4209   17.1816
   -7.5000   45.0000   37.5000 9967.4326   16.7056
    0.0000   45.0000   37.500010478.8262   16.7388
    7.5000   45.0000   37.5000 9977.2119   16.7517
   -7.5000  -45.0000   45.0000 9644.6924   17.3283
    0.0000  -45.0000   45.000010051.4658   17.3605
    7.5000  -45.0000   45.0000 9624.1289   17.3749
   -7.5000  -37.5000   45.000010227.9238   17.3278
    0.0000  -37.5000   45.000010676.3184   17.3590
    7.5000  -37.5000   45.000010223.7598   17.3747
   -7.5000  -30.0000   45.000011204.7207   17.3578
    0.0000  -30.0000   45.000011740.0137   17.3882
    7.5000  -30.0000   45.000011205.4414   17.4034
   -7.5000  -22.5000   45.000012077.9766   17.3930
    0.0000  -22.5000   45.000012686.5400   17.4255
    7.5000  -22.5000   45.000012064.0508   17.4394
   -7.5000  -15.0000   45.000012785.5596   17.4008
    0.0000  -15.0000   45.000013397.3467   17.4355
    7.5000  -15.0000   45.000012772.9307   17.4486
   -7.5000   -7.5000   45.000013480.0645   17.3661
    0.0000   -7.5000   45.000014111.3896   17.3998
    7.5000   -7.5000   45.000013468.7412   17.4127
   -7.5000    0.0000   45.000014189.6865   17.3283
    0.0000    0.0000   45.000014865.1445   17.3605
    7.5000    0.0000   45.000014149.5664   17.3749
   -7.5000    7.5000   45.000013786.5488   17.3278
    0.0000    7.5000   45.000014475.2539   17.3590
    7.5000    7.5000   45.000013757.4404   17.3747
   -7.5000   15.0000   45.000012958.7383   17.3578
    0.0000   15.0000   45.000013593.9814   17.3882
    7.5000   15.0000   45.000012944.2578   17.4034
   -7.5000   22.5000   45.000011931.8457   17.3849
    0.0000   22.5000   45.000012532.4541   17.4174
    7.5000   22.5000   45.000011913.5898   17.4313
   -7.5000   30.0000   45.000010923.8965   17.1741
    0.0000   30.0000   45.000011483.3369   17.2083
    7.5000   30.0000   45.000010920.1338   17.2212
   -7.5000   37.5000   45.000010292.2295   17.1398
    0.0000   37.5000   45.000010839.7305   17.1731
    7.5000   37.5000   45.000010332.6191   17.1858
   -7.5000   45.0000   45.0000 9179.5186   16.7100
    0.0000   45.0000   45.0000 9621.2979   16.7411
    7.5000   45.0000   45.0000 9207.4912   16.7550

---------------------------------------------------------------------
imgreg_4dfp /opt/freesurfer/average/711-2C_as_mni_average_305 /opt/freesurfer/average/711-2B_as_mni_average_305_mask talsrcimg_g11 none talsrcimg_to_711-2C_as_mni_average_305_t4 4355
---------------------------------------------------------------------

freesurfer imgreg_4dfp.c
/opt/freesurfer/average/711-2C_as_mni_average_305.4dfp.img
       256       256       256         1
  1.000000  1.000000  1.000000
orientation T byte_order littleendian
Reading image: /opt/freesurfer/average/711-2C_as_mni_average_305.4dfp.img
dimensions:      256       256       256
mmppix:       1.0000   -1.0000   -1.0000
center:     128.0000 -129.0000 -129.0000
/opt/freesurfer/average/711-2B_as_mni_average_305_mask.4dfp.img
       256       256       256         1
  1.000000  1.000000  1.000000
orientation T byte_order littleendian
Reading mask: /opt/freesurfer/average/711-2B_as_mni_average_305_mask.4dfp.img (2306576 pixels)
talsrcimg_g11.4dfp.img
       256       256       256         1
  1.000000  1.000000  1.000000
orientation T byte_order littleendian
Reading image: talsrcimg_g11.4dfp.img
dimensions:      256       256       256
mmppix:       1.0000   -1.0000   -1.0000
center:     128.0000 -129.0000 -129.0000
rotation matrix determinant  1.000000
image alignment mode   4355 decimal     1103 hex
   -7.5000  -45.0000  -30.0000 2249.2405   19.7030
    0.0000  -45.0000  -30.0000 2259.9375   19.6277
    7.5000  -45.0000  -30.0000 2250.5811   19.7496
   -7.5000  -37.5000  -30.0000 2344.2842   18.2285
    0.0000  -37.5000  -30.0000 2359.8254   18.1233
    7.5000  -37.5000  -30.0000 2343.3979   18.2322
   -7.5000  -30.0000  -30.0000 2399.1433   17.1004
    0.0000  -30.0000  -30.0000 2419.2361   16.9697
    7.5000  -30.0000  -30.0000 2401.6711   17.0967
   -7.5000  -22.5000  -30.0000 2437.0984   16.2932
    0.0000  -22.5000  -30.0000 2452.4180   16.1734
    7.5000  -22.5000  -30.0000 2432.6143   16.2991
   -7.5000  -15.0000  -30.0000 2459.1848   15.8409
    0.0000  -15.0000  -30.0000 2475.6138   15.7108
    7.5000  -15.0000  -30.0000 2457.2283   15.8323
   -7.5000   -7.5000  -30.0000 2469.4966   15.7293
    0.0000   -7.5000  -30.0000 2483.0979   15.6119
    7.5000   -7.5000  -30.0000 2472.4553   15.7369
   -7.5000    0.0000  -30.0000 2463.2922   15.9672
    0.0000    0.0000  -30.0000 2476.7595   15.8135
    7.5000    0.0000  -30.0000 2462.8828   16.0064
   -7.5000    7.5000  -30.0000 2432.7864   16.5002
    0.0000    7.5000  -30.0000 2447.2310   16.3750
    7.5000    7.5000  -30.0000 2434.0076   16.5442
   -7.5000   15.0000  -30.0000 2384.6233   17.3398
    0.0000   15.0000  -30.0000 2399.3879   17.2137
    7.5000   15.0000  -30.0000 2382.8406   17.3730
   -7.5000   22.5000  -30.0000 2311.2534   18.5530
    0.0000   22.5000  -30.0000 2324.1636   18.4167
    7.5000   22.5000  -30.0000 2309.4136   18.5609
   -7.5000   30.0000  -30.0000 2219.6731   20.0837
    0.0000   30.0000  -30.0000 2231.7834   19.9667
    7.5000   30.0000  -30.0000 2214.3301   20.1457
   -7.5000   37.5000  -30.0000 2114.1931   22.0595
    0.0000   37.5000  -30.0000 2125.4863   21.9614
    7.5000   37.5000  -30.0000 2103.0830   22.1141
   -7.5000   45.0000  -30.0000 1991.9786   24.6891
    0.0000   45.0000  -30.0000 2003.8108   24.5480
    7.5000   45.0000  -30.0000 1993.3037   24.7109
   -7.5000  -45.0000  -22.5000 2364.5112   18.5860
    0.0000  -45.0000  -22.5000 2378.9187   18.4865
    7.5000  -45.0000  -22.5000 2364.6250   18.6094
   -7.5000  -37.5000  -22.5000 2459.7451   17.1561
    0.0000  -37.5000  -22.5000 2477.4231   17.0196
    7.5000  -37.5000  -22.5000 2458.6604   17.1148
   -7.5000  -30.0000  -22.5000 2519.5842   16.0678
    0.0000  -30.0000  -22.5000 2536.3435   15.9399
    7.5000  -30.0000  -22.5000 2521.8831   16.0265
   -7.5000  -22.5000  -22.5000 2565.4634   15.2561
    0.0000  -22.5000  -22.5000 2580.6262   15.1255
    7.5000  -22.5000  -22.5000 2560.3252   15.2643
   -7.5000  -15.0000  -22.5000 2593.6880   14.8295
    0.0000  -15.0000  -22.5000 2610.1055   14.6844
    7.5000  -15.0000  -22.5000 2587.4219   14.8284
   -7.5000   -7.5000  -22.5000 2606.7241   14.7493
    0.0000   -7.5000  -22.5000 2622.3643   14.6139
    7.5000   -7.5000  -22.5000 2606.5171   14.7710
   -7.5000    0.0000  -22.5000 2598.4290   14.9509
    0.0000    0.0000  -22.5000 2611.3972   14.8086
    7.5000    0.0000  -22.5000 2596.2734   14.9742
   -7.5000    7.5000  -22.5000 2567.6902   15.4402
    0.0000    7.5000  -22.5000 2585.1328   15.3080
    7.5000    7.5000  -22.5000 2566.4927   15.4747
   -7.5000   15.0000  -22.5000 2514.8777   16.2316
    0.0000   15.0000  -22.5000 2527.9890   16.1005
    7.5000   15.0000  -22.5000 2511.6384   16.2948
   -7.5000   22.5000  -22.5000 2432.6689   17.3606
    0.0000   22.5000  -22.5000 2449.5486   17.2091
    7.5000   22.5000  -22.5000 2431.1257   17.3886
   -7.5000   30.0000  -22.5000 2334.7454   18.7793
    0.0000   30.0000  -22.5000 2353.3423   18.6358
    7.5000   30.0000  -22.5000 2333.6838   18.8539
   -7.5000   37.5000  -22.5000 2226.9602   20.6091
    0.0000   37.5000  -22.5000 2241.1584   20.4867
    7.5000   37.5000  -22.5000 2222.5020   20.6532
   -7.5000   45.0000  -22.5000 2096.9211   23.0390
    0.0000   45.0000  -22.5000 2111.2104   22.8722
    7.5000   45.0000  -22.5000 2091.7490   23.0082
   -7.5000  -45.0000  -15.0000 2446.7485   17.5526
    0.0000  -45.0000  -15.0000 2462.7769   17.4498
    7.5000  -45.0000  -15.0000 2443.9973   17.5848
   -7.5000  -37.5000  -15.0000 2543.5310   16.1660
    0.0000  -37.5000  -15.0000 2557.1855   16.0120
    7.5000  -37.5000  -15.0000 2541.6509   16.1401
   -7.5000  -30.0000  -15.0000 2604.9062   15.0943
    0.0000  -30.0000  -15.0000 2624.3274   14.9466
    7.5000  -30.0000  -15.0000 2613.4148   15.0610
   -7.5000  -22.5000  -15.0000 2656.0781   14.3368
    0.0000  -22.5000  -15.0000 2669.5632   14.1983
    7.5000  -22.5000  -15.0000 2657.6250   14.3093
   -7.5000  -15.0000  -15.0000 2702.6313   13.8503
    0.0000  -15.0000  -15.0000 2712.9519   13.7251
    7.5000  -15.0000  -15.0000 2694.9775   13.8562
   -7.5000   -7.5000  -15.0000 2720.5034   13.7538
    0.0000   -7.5000  -15.0000 2734.1802   13.6220
    7.5000   -7.5000  -15.0000 2716.0190   13.7655
   -7.5000    0.0000  -15.0000 2712.9243   13.9266
    0.0000    0.0000  -15.0000 2729.3826   13.8120
    7.5000    0.0000  -15.0000 2706.9658   13.9580
   -7.5000    7.5000  -15.0000 2683.1992   14.4301
    0.0000    7.5000  -15.0000 2702.9241   14.2785
    7.5000    7.5000  -15.0000 2675.8982   14.4447
   -7.5000   15.0000  -15.0000 2624.3257   15.2021
    0.0000   15.0000  -15.0000 2639.5408   15.0237
    7.5000   15.0000  -15.0000 2619.3425   15.2184
   -7.5000   22.5000  -15.0000 2533.0457   16.2372
    0.0000   22.5000  -15.0000 2549.6487   16.0615
    7.5000   22.5000  -15.0000 2531.2620   16.2566
   -7.5000   30.0000  -15.0000 2429.1653   17.5702
    0.0000   30.0000  -15.0000 2446.0608   17.4200
    7.5000   30.0000  -15.0000 2425.7390   17.6427
   -7.5000   37.5000  -15.0000 2316.4492   19.2495
    0.0000   37.5000  -15.0000 2332.6680   19.0776
    7.5000   37.5000  -15.0000 2315.3806   19.2832
   -7.5000   45.0000  -15.0000 2175.0925   21.4794
    0.0000   45.0000  -15.0000 2190.3823   21.3105
    7.5000   45.0000  -15.0000 2169.5986   21.4698
   -7.5000  -45.0000   -7.5000 2499.5906   16.6115
    0.0000  -45.0000   -7.5000 2512.1399   16.5197
    7.5000  -45.0000   -7.5000 2495.5945   16.6194
   -7.5000  -37.5000   -7.5000 2598.5571   15.2077
    0.0000  -37.5000   -7.5000 2612.9226   15.1025
    7.5000  -37.5000   -7.5000 2597.6421   15.1976
   -7.5000  -30.0000   -7.5000 2672.5713   14.1798
    0.0000  -30.0000   -7.5000 2691.6357   14.0741
    7.5000  -30.0000   -7.5000 2677.4731   14.1604
   -7.5000  -22.5000   -7.5000 2734.3733   13.4570
    0.0000  -22.5000   -7.5000 2747.9214   13.3452
    7.5000  -22.5000   -7.5000 2737.9722   13.4518
   -7.5000  -15.0000   -7.5000 2783.0339   13.0055
    0.0000  -15.0000   -7.5000 2802.2676   12.8730
    7.5000  -15.0000   -7.5000 2783.0498   12.9799
   -7.5000   -7.5000   -7.5000 2808.6819   12.8448
    0.0000   -7.5000   -7.5000 2831.7402   12.7038
    7.5000   -7.5000   -7.5000 2805.7493   12.8407
   -7.5000    0.0000   -7.5000 2810.5735   12.9875
    0.0000    0.0000   -7.5000 2830.9592   12.8548
    7.5000    0.0000   -7.5000 2806.6726   13.0153
   -7.5000    7.5000   -7.5000 2781.2874   13.4711
    0.0000    7.5000   -7.5000 2804.8296   13.3126
    7.5000    7.5000   -7.5000 2776.9351   13.4669
   -7.5000   15.0000   -7.5000 2713.7502   14.2155
    0.0000   15.0000   -7.5000 2736.2712   14.0441
    7.5000   15.0000   -7.5000 2710.8992   14.1939
   -7.5000   22.5000   -7.5000 2621.3596   15.2160
    0.0000   22.5000   -7.5000 2639.1770   15.0439
    7.5000   22.5000   -7.5000 2619.4648   15.2214
   -7.5000   30.0000   -7.5000 2507.1448   16.4960
    0.0000   30.0000   -7.5000 2521.5168   16.3291
    7.5000   30.0000   -7.5000 2506.2078   16.5143
   -7.5000   37.5000   -7.5000 2384.7471   18.0924
    0.0000   37.5000   -7.5000 2403.2073   17.8969
    7.5000   37.5000   -7.5000 2384.1736   18.1179
   -7.5000   45.0000   -7.5000 2239.9163   20.1735
    0.0000   45.0000   -7.5000 2257.4185   19.9646
    7.5000   45.0000   -7.5000 2231.4727   20.2038
   -7.5000  -45.0000    0.0000 2529.4041   15.8096
    0.0000  -45.0000    0.0000 2536.6755   15.7388
    7.5000  -45.0000    0.0000 2523.8047   15.8070
   -7.5000  -37.5000    0.0000 2636.7102   14.4441
    0.0000  -37.5000    0.0000 2650.2751   14.3730
    7.5000  -37.5000    0.0000 2637.3816   14.4381
   -7.5000  -30.0000    0.0000 2726.1096   13.4460
    0.0000  -30.0000    0.0000 2743.0122   13.3652
    7.5000  -30.0000    0.0000 2728.1472   13.4197
   -7.5000  -22.5000    0.0000 2797.8650   12.7399
    0.0000  -22.5000    0.0000 2812.7173   12.6534
    7.5000  -22.5000    0.0000 2799.5862   12.7015
   -7.5000  -15.0000    0.0000 2854.9653   12.3027
    0.0000  -15.0000    0.0000 2874.5410   12.2024
    7.5000  -15.0000    0.0000 2853.8010   12.2586
   -7.5000   -7.5000    0.0000 2890.6909   12.1023
    0.0000   -7.5000    0.0000 2918.3284   11.9628
    7.5000   -7.5000    0.0000 2885.0601   12.0841
   -7.5000    0.0000    0.0000 2893.9707   12.2079
    0.0000    0.0000    0.0000 2916.9092   12.0577
    7.5000    0.0000    0.0000 2890.8367   12.2285
   -7.5000    7.5000    0.0000 2855.0176   12.6782
    0.0000    7.5000    0.0000 2881.9141   12.5016
    7.5000    7.5000    0.0000 2854.7766   12.6448
   -7.5000   15.0000    0.0000 2783.4990   13.3847
    0.0000   15.0000    0.0000 2808.3633   13.2204
    7.5000   15.0000    0.0000 2786.0696   13.3483
   -7.5000   22.5000    0.0000 2685.3984   14.3727
    0.0000   22.5000    0.0000 2707.9102   14.1987
    7.5000   22.5000    0.0000 2688.0374   14.3755
   -7.5000   30.0000    0.0000 2569.6707   15.6692
    0.0000   30.0000    0.0000 2588.4187   15.4755
    7.5000   30.0000    0.0000 2571.1541   15.6766
   -7.5000   37.5000    0.0000 2443.5337   17.2387
    0.0000   37.5000    0.0000 2463.5811   16.9939
    7.5000   37.5000    0.0000 2442.7085   17.2531
   -7.5000   45.0000    0.0000 2288.2207   19.1928
    0.0000   45.0000    0.0000 2311.1016   18.9925
    7.5000   45.0000    0.0000 2285.7715   19.2237
   -7.5000  -45.0000    7.5000 2547.3899   15.2030
    0.0000  -45.0000    7.5000 2560.1562   15.1674
    7.5000  -45.0000    7.5000 2547.2993   15.2414
   -7.5000  -37.5000    7.5000 2661.4993   13.8902
    0.0000  -37.5000    7.5000 2677.0305   13.8403
    7.5000  -37.5000    7.5000 2663.4189   13.8845
   -7.5000  -30.0000    7.5000 2762.7910   12.8933
    0.0000  -30.0000    7.5000 2781.8679   12.8402
    7.5000  -30.0000    7.5000 2767.7212   12.8445
   -7.5000  -22.5000    7.5000 2851.2656   12.2068
    0.0000  -22.5000    7.5000 2868.5833   12.1605
    7.5000  -22.5000    7.5000 2856.4873   12.1641
   -7.5000  -15.0000    7.5000 2923.2654   11.7863
    0.0000  -15.0000    7.5000 2946.5945   11.7349
    7.5000  -15.0000    7.5000 2920.9475   11.7183
   -7.5000   -7.5000    7.5000 2961.7942   11.5607
    0.0000   -7.5000    7.5000 2999.9214   11.4884
    7.5000   -7.5000    7.5000 2955.6787   11.5511
   -7.5000    0.0000    7.5000 2955.0415   11.6351
    0.0000    0.0000    7.5000 2990.5693   11.4894
    7.5000    0.0000    7.5000 2951.3157   11.6597
   -7.5000    7.5000    7.5000 2911.8003   12.0430
    0.0000    7.5000    7.5000 2939.7239   11.8829
    7.5000    7.5000    7.5000 2911.0618   12.0503
   -7.5000   15.0000    7.5000 2835.5703   12.7518
    0.0000   15.0000    7.5000 2862.4863   12.5870
    7.5000   15.0000    7.5000 2840.1328   12.7492
   -7.5000   22.5000    7.5000 2733.2014   13.7740
    0.0000   22.5000    7.5000 2758.5623   13.5833
    7.5000   22.5000    7.5000 2739.1033   13.7764
   -7.5000   30.0000    7.5000 2612.7571   15.0677
    0.0000   30.0000    7.5000 2638.3181   14.8596
    7.5000   30.0000    7.5000 2615.6804   15.0844
   -7.5000   37.5000    7.5000 2484.2983   16.6085
    0.0000   37.5000    7.5000 2505.4841   16.3560
    7.5000   37.5000    7.5000 2480.0903   16.6122
   -7.5000   45.0000    7.5000 2327.8145   18.5074
    0.0000   45.0000    7.5000 2346.4343   18.2725
    7.5000   45.0000    7.5000 2325.7683   18.5102
   -7.5000  -45.0000   15.0000 2557.0127   14.8040
    0.0000  -45.0000   15.0000 2573.7087   14.8314
    7.5000  -45.0000   15.0000 2554.4138   14.8748
   -7.5000  -37.5000   15.0000 2672.1145   13.4845
    0.0000  -37.5000   15.0000 2691.9092   13.5162
    7.5000  -37.5000   15.0000 2671.9163   13.5236
   -7.5000  -30.0000   15.0000 2782.6853   12.4789
    0.0000  -30.0000   15.0000 2802.5249   12.4978
    7.5000  -30.0000   15.0000 2787.3616   12.4857
   -7.5000  -22.5000   15.0000 2887.8838   11.8319
    0.0000  -22.5000   15.0000 2908.2766   11.8316
    7.5000  -22.5000   15.0000 2891.3513   11.8108
   -7.5000  -15.0000   15.0000 2976.7014   11.4787
    0.0000  -15.0000   15.0000 3006.9995   11.4991
    7.5000  -15.0000   15.0000 2971.3811   11.4101
   -7.5000   -7.5000   15.0000 3019.1038   11.3098
    0.0000   -7.5000   15.0000 3064.1724   11.3414
    7.5000   -7.5000   15.0000 3003.6313   11.2609
   -7.5000    0.0000   15.0000 2998.1611   11.3185
    0.0000    0.0000   15.0000 3037.2490   11.2883
    7.5000    0.0000   15.0000 2991.5417   11.3352
   -7.5000    7.5000   15.0000 2943.4563   11.6452
    0.0000    7.5000   15.0000 2972.1636   11.5515
    7.5000    7.5000   15.0000 2939.0674   11.7164
   -7.5000   15.0000   15.0000 2859.2957   12.3563
    0.0000   15.0000   15.0000 2888.0378   12.2266
    7.5000   15.0000   15.0000 2862.8484   12.4036
   -7.5000   22.5000   15.0000 2755.8813   13.3769
    0.0000   22.5000   15.0000 2782.7617   13.2272
    7.5000   22.5000   15.0000 2760.0200   13.3993
   -7.5000   30.0000   15.0000 2633.8179   14.6627
    0.0000   30.0000   15.0000 2656.1729   14.4999
    7.5000   30.0000   15.0000 2635.5195   14.6943
   -7.5000   37.5000   15.0000 2500.9668   16.1819
    0.0000   37.5000   15.0000 2519.5474   16.0067
    7.5000   37.5000   15.0000 2501.2007   16.2137
   -7.5000   45.0000   15.0000 2347.3665   18.1168
    0.0000   45.0000   15.0000 2360.9143   17.9261
    7.5000   45.0000   15.0000 2343.9243   18.1151
   -7.5000  -45.0000   22.5000 2554.2148   14.6613
    0.0000  -45.0000   22.5000 2574.5344   14.7247
    7.5000  -45.0000   22.5000 2550.3289   14.7919
   -7.5000  -37.5000   22.5000 2672.8645   13.3322
    0.0000  -37.5000   22.5000 2691.7737   13.3943
    7.5000  -37.5000   22.5000 2668.6440   13.4189
   -7.5000  -30.0000   22.5000 2785.7668   12.3040
    0.0000  -30.0000   22.5000 2804.5820   12.3769
    7.5000  -30.0000   22.5000 2784.0208   12.3678
   -7.5000  -22.5000   22.5000 2895.5437   11.6551
    0.0000  -22.5000   22.5000 2919.4346   11.7285
    7.5000  -22.5000   22.5000 2896.5925   11.6719
   -7.5000  -15.0000   22.5000 2992.5393   11.3353
    0.0000  -15.0000   22.5000 3031.6611   11.4458
    7.5000  -15.0000   22.5000 2982.3440   11.2908
   -7.5000   -7.5000   22.5000 3038.6643   11.1949
    0.0000   -7.5000   22.5000 3087.3943   11.2886
    7.5000   -7.5000   22.5000 3018.0244   11.1842
   -7.5000    0.0000   22.5000 3012.6394   11.2445
    0.0000    0.0000   22.5000 3057.6958   11.2583
    7.5000    0.0000   22.5000 3003.1526   11.2873
   -7.5000    7.5000   22.5000 2953.5710   11.6001
    0.0000    7.5000   22.5000 2981.1514   11.5281
    7.5000    7.5000   22.5000 2946.1841   11.6767
   -7.5000   15.0000   22.5000 2863.3713   12.2587
    0.0000   15.0000   22.5000 2886.8960   12.1367
    7.5000   15.0000   22.5000 2861.5376   12.3262
   -7.5000   22.5000   22.5000 2753.8745   13.2600
    0.0000   22.5000   22.5000 2773.4878   13.0933
    7.5000   22.5000   22.5000 2756.2878   13.2878
   -7.5000   30.0000   22.5000 2631.5027   14.5392
    0.0000   30.0000   22.5000 2646.2002   14.3432
    7.5000   30.0000   22.5000 2631.7471   14.5376
   -7.5000   37.5000   22.5000 2498.4404   16.0879
    0.0000   37.5000   22.5000 2514.4702   15.8691
    7.5000   37.5000   22.5000 2497.7734   16.0792
   -7.5000   45.0000   22.5000 2341.9297   18.0144
    0.0000   45.0000   22.5000 2358.3811   17.7788
    7.5000   45.0000   22.5000 2342.3723   18.0175
   -7.5000  -45.0000   30.0000 2541.3215   14.7471
    0.0000  -45.0000   30.0000 2555.5229   14.8045
    7.5000  -45.0000   30.0000 2537.8833   14.8818
   -7.5000  -37.5000   30.0000 2656.6418   13.4641
    0.0000  -37.5000   30.0000 2672.6804   13.5186
    7.5000  -37.5000   30.0000 2655.7021   13.5535
   -7.5000  -30.0000   30.0000 2768.7554   12.4505
    0.0000  -30.0000   30.0000 2786.0293   12.5236
    7.5000  -30.0000   30.0000 2770.3323   12.5426
   -7.5000  -22.5000   30.0000 2883.2717   11.7881
    0.0000  -22.5000   30.0000 2904.2112   11.8813
    7.5000  -22.5000   30.0000 2877.7715   11.8166
   -7.5000  -15.0000   30.0000 2969.0999   11.4086
    0.0000  -15.0000   30.0000 3003.4209   11.4934
    7.5000  -15.0000   30.0000 2957.3933   11.3876
   -7.5000   -7.5000   30.0000 3003.5212   11.2535
    0.0000   -7.5000   30.0000 3037.4272   11.2285
    7.5000   -7.5000   30.0000 2985.9299   11.2459
   -7.5000    0.0000   30.0000 2993.9246   11.4267
    0.0000    0.0000   30.0000 3023.1660   11.3131
    7.5000    0.0000   30.0000 2982.6353   11.4476
   -7.5000    7.5000   30.0000 2929.7695   11.8637
    0.0000    7.5000   30.0000 2955.2949   11.7730
    7.5000    7.5000   30.0000 2921.3135   11.9132
   -7.5000   15.0000   30.0000 2837.1299   12.5424
    0.0000   15.0000   30.0000 2857.2810   12.4518
    7.5000   15.0000   30.0000 2833.6548   12.6083
   -7.5000   22.5000   30.0000 2725.1829   13.4880
    0.0000   22.5000   30.0000 2742.1228   13.3530
    7.5000   22.5000   30.0000 2724.5679   13.5405
   -7.5000   30.0000   30.0000 2603.9949   14.6828
    0.0000   30.0000   30.0000 2615.0645   14.5154
    7.5000   30.0000   30.0000 2602.0032   14.7125
   -7.5000   37.5000   30.0000 2473.3647   16.1734
    0.0000   37.5000   30.0000 2488.5493   15.9842
    7.5000   37.5000   30.0000 2470.3955   16.1782
   -7.5000   45.0000   30.0000 2317.7856   18.0734
    0.0000   45.0000   30.0000 2332.5161   17.8343
    7.5000   45.0000   30.0000 2320.4949   18.0624
   -7.5000  -45.0000   37.5000 2521.3796   15.1119
    0.0000  -45.0000   37.5000 2529.6726   15.1136
    7.5000  -45.0000   37.5000 2515.3301   15.2292
   -7.5000  -37.5000   37.5000 2637.0066   13.8261
    0.0000  -37.5000   37.5000 2644.2585   13.8148
    7.5000  -37.5000   37.5000 2632.8555   13.9049
   -7.5000  -30.0000   37.5000 2750.6016   12.8635
    0.0000  -30.0000   37.5000 2760.9182   12.8445
    7.5000  -30.0000   37.5000 2750.4695   12.9137
   -7.5000  -22.5000   37.5000 2852.1702   12.1640
    0.0000  -22.5000   37.5000 2870.2461   12.1887
    7.5000  -22.5000   37.5000 2848.9023   12.1708
   -7.5000  -15.0000   37.5000 2920.1021   11.6937
    0.0000  -15.0000   37.5000 2949.2356   11.6994
    7.5000  -15.0000   37.5000 2912.2788   11.6872
   -7.5000   -7.5000   37.5000 2944.3503   11.5203
    0.0000   -7.5000   37.5000 2970.1079   11.4526
    7.5000   -7.5000   37.5000 2933.0847   11.5585
   -7.5000    0.0000   37.5000 2938.4260   11.7252
    0.0000    0.0000   37.5000 2961.2537   11.6202
    7.5000    0.0000   37.5000 2925.1162   11.7300
   -7.5000    7.5000   37.5000 2880.0256   12.2520
    0.0000    7.5000   37.5000 2903.1987   12.1183
    7.5000    7.5000   37.5000 2872.0737   12.2348
   -7.5000   15.0000   37.5000 2788.2617   12.9935
    0.0000   15.0000   37.5000 2804.8350   12.8646
    7.5000   15.0000   37.5000 2783.0432   12.9978
   -7.5000   22.5000   37.5000 2678.9587   13.9598
    0.0000   22.5000   37.5000 2694.1558   13.8228
    7.5000   22.5000   37.5000 2676.3672   13.9851
   -7.5000   30.0000   37.5000 2561.7488   15.1567
    0.0000   30.0000   37.5000 2571.0603   15.0133
    7.5000   30.0000   37.5000 2554.9048   15.2116
   -7.5000   37.5000   37.5000 2429.0186   16.5911
    0.0000   37.5000   37.5000 2440.8154   16.4075
    7.5000   37.5000   37.5000 2424.9954   16.6008
   -7.5000   45.0000   37.5000 2270.2439   18.3864
    0.0000   45.0000   37.5000 2282.9670   18.1782
    7.5000   45.0000   37.5000 2272.3440   18.4051
   -7.5000  -45.0000   45.0000 2485.4866   15.7176
    0.0000  -45.0000   45.0000 2483.6145   15.5915
    7.5000  -45.0000   45.0000 2481.7917   15.8089
   -7.5000  -37.5000   45.0000 2601.9924   14.4173
    0.0000  -37.5000   45.0000 2603.2820   14.2921
    7.5000  -37.5000   45.0000 2601.3799   14.4678
   -7.5000  -30.0000   45.0000 2710.5347   13.4169
    0.0000  -30.0000   45.0000 2717.4238   13.3419
    7.5000  -30.0000   45.0000 2710.4041   13.4491
   -7.5000  -22.5000   45.0000 2798.0542   12.6825
    0.0000  -22.5000   45.0000 2815.1528   12.6225
    7.5000  -22.5000   45.0000 2796.7236   12.7024
   -7.5000  -15.0000   45.0000 2854.2854   12.1709
    0.0000  -15.0000   45.0000 2873.5073   12.0868
    7.5000  -15.0000   45.0000 2847.2175   12.2161
   -7.5000   -7.5000   45.0000 2873.9524   12.0134
    0.0000   -7.5000   45.0000 2891.3923   11.9276
    7.5000   -7.5000   45.0000 2861.3916   12.0638
   -7.5000    0.0000   45.0000 2861.3286   12.2114
    0.0000    0.0000   45.0000 2880.8423   12.1240
    7.5000    0.0000   45.0000 2851.7996   12.2359
   -7.5000    7.5000   45.0000 2805.7183   12.7302
    0.0000    7.5000   45.0000 2828.3662   12.6264
    7.5000    7.5000   45.0000 2802.0510   12.7202
   -7.5000   15.0000   45.0000 2719.9504   13.5188
    0.0000   15.0000   45.0000 2735.7812   13.3903
    7.5000   15.0000   45.0000 2716.4128   13.5196
   -7.5000   22.5000   45.0000 2618.2954   14.5239
    0.0000   22.5000   45.0000 2632.2756   14.3641
    7.5000   22.5000   45.0000 2614.4563   14.5142
   -7.5000   30.0000   45.0000 2503.2571   15.7654
    0.0000   30.0000   45.0000 2513.3892   15.6205
    7.5000   30.0000   45.0000 2497.6711   15.7776
   -7.5000   37.5000   45.0000 2368.1677   17.2241
    0.0000   37.5000   45.0000 2379.7822   17.0549
    7.5000   37.5000   45.0000 2366.5596   17.2347
   -7.5000   45.0000   45.0000 2211.7761   19.0338
    0.0000   45.0000   45.0000 2221.8804   18.8317
    7.5000   45.0000   45.0000 2211.9648   19.0785
   -7.5000  -45.0000   52.5000 2441.7458   16.4516
    0.0000  -45.0000   52.5000 2437.5806   16.1989
    7.5000  -45.0000   52.5000 2441.7688   16.5506
   -7.5000  -37.5000   52.5000 2554.3931   15.1109
    0.0000  -37.5000   52.5000 2547.7336   14.9107
    7.5000  -37.5000   52.5000 2551.1248   15.1898
   -7.5000  -30.0000   52.5000 2655.7595   14.0867
    0.0000  -30.0000   52.5000 2655.1011   13.9442
    7.5000  -30.0000   52.5000 2651.7285   14.1275
   -7.5000  -22.5000   52.5000 2732.6162   13.3332
    0.0000  -22.5000   52.5000 2745.4958   13.1869
    7.5000  -22.5000   52.5000 2728.5942   13.3595
   -7.5000  -15.0000   52.5000 2776.6301   12.8332
    0.0000  -15.0000   52.5000 2793.7527   12.6863
    7.5000  -15.0000   52.5000 2769.9526   12.8870
   -7.5000   -7.5000   52.5000 2795.6069   12.6677
    0.0000   -7.5000   52.5000 2808.5276   12.5494
    7.5000   -7.5000   52.5000 2785.0063   12.7236
   -7.5000    0.0000   52.5000 2776.2732   12.8641
    0.0000    0.0000   52.5000 2790.4905   12.7421
    7.5000    0.0000   52.5000 2764.4014   12.8815
   -7.5000    7.5000   52.5000 2723.8145   13.3637
    0.0000    7.5000   52.5000 2746.0376   13.2436
    7.5000    7.5000   52.5000 2721.8892   13.3619
   -7.5000   15.0000   52.5000 2645.0149   14.1391
    0.0000   15.0000   52.5000 2656.4260   14.0165
    7.5000   15.0000   52.5000 2637.4648   14.1660
   -7.5000   22.5000   52.5000 2552.3586   15.1720
    0.0000   22.5000   52.5000 2560.3018   15.0164
    7.5000   22.5000   52.5000 2541.4395   15.2108
   -7.5000   30.0000   52.5000 2433.4851   16.4491
    0.0000   30.0000   52.5000 2444.5293   16.3166
    7.5000   30.0000   52.5000 2428.7256   16.4741
   -7.5000   37.5000   52.5000 2299.1851   17.9571
    0.0000   37.5000   52.5000 2313.7808   17.8135
    7.5000   37.5000   52.5000 2297.1672   17.9979
   -7.5000   45.0000   52.5000 2148.9290   19.8559
    0.0000   45.0000   52.5000 2161.6858   19.7022
    7.5000   45.0000   52.5000 2147.5857   19.9012
   -7.5000  -45.0000   60.0000 2371.0417   17.2541
    0.0000  -45.0000   60.0000 2368.1062   16.9755
    7.5000  -45.0000   60.0000 2368.4827   17.3878
   -7.5000  -37.5000   60.0000 2473.6387   15.9006
    0.0000  -37.5000   60.0000 2468.6707   15.6613
    7.5000  -37.5000   60.0000 2472.3459   15.9816
   -7.5000  -30.0000   60.0000 2563.6152   14.8365
    0.0000  -30.0000   60.0000 2565.5974   14.6321
    7.5000  -30.0000   60.0000 2561.5757   14.9087
   -7.5000  -22.5000   60.0000 2634.4634   14.0571
    0.0000  -22.5000   60.0000 2644.4573   13.8608
    7.5000  -22.5000   60.0000 2632.1479   14.1253
   -7.5000  -15.0000   60.0000 2669.8811   13.5601
    0.0000  -15.0000   60.0000 2683.0706   13.3878
    7.5000  -15.0000   60.0000 2664.9028   13.6546
   -7.5000   -7.5000   60.0000 2682.9412   13.4325
    0.0000   -7.5000   60.0000 2692.6895   13.2692
    7.5000   -7.5000   60.0000 2673.8093   13.4883
   -7.5000    0.0000   60.0000 2660.8640   13.6193
    0.0000    0.0000   60.0000 2675.9165   13.4467
    7.5000    0.0000   60.0000 2656.6743   13.6288
   -7.5000    7.5000   60.0000 2618.6584   14.0933
    0.0000    7.5000   60.0000 2639.0066   13.9204
    7.5000    7.5000   60.0000 2621.9329   14.0913
   -7.5000   15.0000   60.0000 2547.1665   14.8399
    0.0000   15.0000   60.0000 2560.7378   14.7019
    7.5000   15.0000   60.0000 2542.5742   14.9016
   -7.5000   22.5000   60.0000 2453.3088   15.8951
    0.0000   22.5000   60.0000 2463.4863   15.7331
    7.5000   22.5000   60.0000 2446.2791   15.9433
   -7.5000   30.0000   60.0000 2331.2371   17.2262
    0.0000   30.0000   60.0000 2346.9575   17.0823
    7.5000   30.0000   60.0000 2332.8325   17.2403
   -7.5000   37.5000   60.0000 2203.5613   18.8526
    0.0000   37.5000   60.0000 2214.5505   18.7141
    7.5000   37.5000   60.0000 2203.9307   18.8678
   -7.5000   45.0000   60.0000 2066.8684   20.8016
    0.0000   45.0000   60.0000 2075.9768   20.6390
    7.5000   45.0000   60.0000 2062.0317   20.8199

---------------------------------------------------------------------
imgreg_4dfp /opt/freesurfer/average/711-2C_as_mni_average_305 /opt/freesurfer/average/711-2B_as_mni_average_305_mask talsrcimg_g11 none talsrcimg_to_711-2C_as_mni_average_305_t4 1283
---------------------------------------------------------------------

freesurfer imgreg_4dfp.c
/opt/freesurfer/average/711-2C_as_mni_average_305.4dfp.img
       256       256       256         1
  1.000000  1.000000  1.000000
orientation T byte_order littleendian
Reading image: /opt/freesurfer/average/711-2C_as_mni_average_305.4dfp.img
dimensions:      256       256       256
mmppix:       1.0000   -1.0000   -1.0000
center:     128.0000 -129.0000 -129.0000
/opt/freesurfer/average/711-2B_as_mni_average_305_mask.4dfp.img
       256       256       256         1
  1.000000  1.000000  1.000000
orientation T byte_order littleendian
Reading mask: /opt/freesurfer/average/711-2B_as_mni_average_305_mask.4dfp.img (2306576 pixels)
talsrcimg_g11.4dfp.img
       256       256       256         1
  1.000000  1.000000  1.000000
orientation T byte_order littleendian
Reading image: talsrcimg_g11.4dfp.img
dimensions:      256       256       256
mmppix:       1.0000   -1.0000   -1.0000
center:     128.0000 -129.0000 -129.0000
rotation matrix determinant  1.000000
fimgreg.f
image alignment mode   1283 decimal      503 hex
parameters
    0.0000   -7.5000   22.5000    0.0000    0.0000    0.0000
eta,q 0.96862 11.29401
niter,ni,del,rscale     5    3   12.0000    1.2000
parameter  4  0.925335 ->  0.500000 qaram    1.1500
parameters
   -0.8531   -6.4927   21.5919   -3.4500   -1.6732    0.7913
eta,q 0.97313 11.29467
  0.0403  0.0414  0.0364  0.0282  0.0312  0.0339
  0.0333  0.0351  0.0334  0.0275  0.0281  0.0309
  0.0301  0.0311  0.0310  0.0286  0.0270  0.0283
  0.0308  0.0300  0.0301  0.0302  0.0277  0.0270
  0.0339  0.0304  0.0319  0.0328  0.0301  0.0272
  0.0391  0.0319  0.0364  0.0351  0.0340  0.0287
  0.0465  0.0351  0.0429  0.0383  0.0390  0.0312
niter,ni,del,rscale     5    3   12.0000    1.2000
parameters
   -0.4424   -5.3578   20.8177   -4.3647   -1.9697    0.6861
eta,q 0.97384 11.31005
  0.0452  0.0422  0.0345  0.0328  0.0337  0.0322
  0.0365  0.0349  0.0300  0.0275  0.0297  0.0289
  0.0298  0.0294  0.0274  0.0257  0.0270  0.0268
  0.0269  0.0268  0.0268  0.0268  0.0262  0.0262
  0.0284  0.0272  0.0283  0.0287  0.0272  0.0271
  0.0334  0.0296  0.0332  0.0318  0.0306  0.0294
  0.0410  0.0336  0.0409  0.0351  0.0357  0.0323
niter,ni,del,rscale     4    3   12.0000    1.2000
parameters
   -0.3611   -5.1171   20.6561   -4.3954   -2.0451    0.6133
eta,q 0.97373 11.31246
  0.0437  0.0393  0.0363  0.0355  0.0342  0.0323
  0.0345  0.0325  0.0311  0.0292  0.0302  0.0289
  0.0282  0.0273  0.0277  0.0260  0.0274  0.0268
  0.0262  0.0262  0.0263  0.0263  0.0263  0.0263
  0.0285  0.0278  0.0272  0.0279  0.0271  0.0272
  0.0344  0.0314  0.0311  0.0305  0.0301  0.0294
  0.0423  0.0369  0.0383  0.0342  0.0350  0.0322
niter,ni,del,rscale     3    3   12.0000    1.2000
parameters
   -0.3425   -5.0865   20.6509   -4.3978   -2.0569    0.5960
eta,q 0.97371 11.31235
  0.0434  0.0386  0.0368  0.0357  0.0344  0.0324
  0.0343  0.0318  0.0314  0.0292  0.0303  0.0290
  0.0281  0.0270  0.0279  0.0260  0.0275  0.0269
  0.0263  0.0263  0.0263  0.0263  0.0263  0.0263
  0.0288  0.0282  0.0270  0.0279  0.0270  0.0272
  0.0347  0.0319  0.0307  0.0305  0.0300  0.0293
  0.0426  0.0377  0.0376  0.0342  0.0349  0.0321
registration optimization eta report
parameter search radius
    6.0000    6.0000    6.0000    6.9000    6.0000    6.0000
100000*second partial in parameter space
       46.       33.       30.       19.       23.       16.
  0.0434  0.0386  0.0368  0.0357  0.0344  0.0324
  0.0343  0.0318  0.0314  0.0292  0.0303  0.0290
  0.0281  0.0270  0.0279  0.0260  0.0275  0.0269
  0.0263  0.0263  0.0263  0.0263  0.0263  0.0263
  0.0288  0.0282  0.0270  0.0279  0.0270  0.0272
  0.0347  0.0319  0.0307  0.0305  0.0300  0.0293
  0.0426  0.0377  0.0376  0.0342  0.0349  0.0321
   -0.3425   -5.0865   20.6509   -4.3978   -2.0569    0.5960
eta,q 0.97371 11.31235

---------------------------------------------------------------------
imgreg_4dfp /opt/freesurfer/average/711-2C_as_mni_average_305 /opt/freesurfer/average/711-2B_as_mni_average_305_mask talsrcimg_g11 none talsrcimg_to_711-2C_as_mni_average_305_t4 3335
---------------------------------------------------------------------

freesurfer imgreg_4dfp.c
/opt/freesurfer/average/711-2C_as_mni_average_305.4dfp.img
       256       256       256         1
  1.000000  1.000000  1.000000
orientation T byte_order littleendian
Reading image: /opt/freesurfer/average/711-2C_as_mni_average_305.4dfp.img
dimensions:      256       256       256
mmppix:       1.0000   -1.0000   -1.0000
center:     128.0000 -129.0000 -129.0000
/opt/freesurfer/average/711-2B_as_mni_average_305_mask.4dfp.img
       256       256       256         1
  1.000000  1.000000  1.000000
orientation T byte_order littleendian
Reading mask: /opt/freesurfer/average/711-2B_as_mni_average_305_mask.4dfp.img (2306576 pixels)
talsrcimg_g11.4dfp.img
       256       256       256         1
  1.000000  1.000000  1.000000
orientation T byte_order littleendian
Reading image: talsrcimg_g11.4dfp.img
dimensions:      256       256       256
mmppix:       1.0000   -1.0000   -1.0000
center:     128.0000 -129.0000 -129.0000
fimgreg.f
image alignment mode   3335 decimal      D07 hex
parameters
   -0.3425   -5.0865   20.6509   -0.0698   -0.3027   -0.3587
   -1.3124    3.4987    1.0396    7.7049   -3.5893   -7.6632
eta,q 0.97298 11.37314
niter,ni,del,rscale     5    3    5.0000    1.2000
parameter  5  1.622262 ->  0.500000 qaram    1.1500
parameters
   -0.3678   -5.1944   20.5777   -0.8197   -4.4427   -3.6048
   -0.4930    2.9082    1.3191    5.5499   -7.0134   -8.6029
eta,q 0.97822 11.06628
  0.0299  0.0291  0.0289  0.0290  0.0213  0.0235  0.0249  0.0253  0.0244  0.0235  0.0221  0.0226
  0.0283  0.0279  0.0279  0.0281  0.0225  0.0226  0.0236  0.0236  0.0233  0.0225  0.0218  0.0222
  0.0273  0.0272  0.0272  0.0274  0.0244  0.0223  0.0227  0.0225  0.0225  0.0220  0.0218  0.0218
  0.0270  0.0270  0.0270  0.0270  0.0271  0.0230  0.0223  0.0222  0.0222  0.0222  0.0220  0.0218
  0.0274  0.0274  0.0273  0.0273  0.0303  0.0251  0.0223  0.0228  0.0224  0.0233  0.0224  0.0220
  0.0284  0.0282  0.0280  0.0285  0.0340  0.0281  0.0229  0.0243  0.0230  0.0251  0.0231  0.0225
  0.0300  0.0295  0.0292  0.0306  0.0380  0.0319  0.0240  0.0267  0.0241  0.0277  0.0239  0.0233
niter,ni,del,rscale     5    3    5.0000    1.2000
parameter  5  0.652719 ->  0.500000 qaram    1.3225
parameters
   -0.5810   -5.2238   20.4350    0.7693   -9.2037   -4.1529
   -0.6376    3.0296    1.7834    6.0449   -6.9356   -9.2967
eta,q 0.98029 10.91262
  0.0240  0.0241  0.0231  0.0244  0.0203  0.0219  0.0221  0.0232  0.0221  0.0231  0.0207  0.0208
  0.0226  0.0228  0.0224  0.0234  0.0197  0.0211  0.0208  0.0215  0.0209  0.0214  0.0202  0.0201
  0.0219  0.0220  0.0219  0.0225  0.0201  0.0203  0.0200  0.0203  0.0201  0.0202  0.0199  0.0198
  0.0218  0.0217  0.0217  0.0217  0.0215  0.0197  0.0197  0.0197  0.0197  0.0197  0.0197  0.0197
  0.0223  0.0220  0.0219  0.0214  0.0237  0.0197  0.0201  0.0200  0.0199  0.0199  0.0198  0.0200
  0.0233  0.0229  0.0226  0.0218  0.0269  0.0210  0.0209  0.0211  0.0205  0.0208  0.0201  0.0205
  0.0249  0.0242  0.0236  0.0231  0.0308  0.0235  0.0222  0.0231  0.0215  0.0223  0.0207  0.0212
niter,ni,del,rscale     5    3    5.0000    1.2000
parameters
   -0.5444   -5.3199   20.7118    1.4078  -10.1695   -3.6990
   -0.7152    3.0324    1.8071    6.1690   -6.7786   -9.2369
eta,q 0.98057 10.91223
  0.0227  0.0222  0.0216  0.0222  0.0237  0.0223  0.0219  0.0229  0.0216  0.0226  0.0205  0.0208
  0.0211  0.0207  0.0207  0.0212  0.0215  0.0213  0.0205  0.0211  0.0204  0.0209  0.0200  0.0200
  0.0201  0.0199  0.0201  0.0203  0.0199  0.0204  0.0197  0.0199  0.0197  0.0198  0.0196  0.0196
  0.0197  0.0197  0.0197  0.0196  0.0196  0.0195  0.0194  0.0194  0.0194  0.0194  0.0194  0.0194
  0.0200  0.0201  0.0197  0.0195  0.0206  0.0193  0.0197  0.0198  0.0197  0.0197  0.0195  0.0196
  0.0210  0.0211  0.0201  0.0202  0.0227  0.0202  0.0206  0.0210  0.0204  0.0207  0.0199  0.0200
  0.0225  0.0225  0.0210  0.0218  0.0260  0.0224  0.0220  0.0230  0.0215  0.0224  0.0205  0.0207
niter,ni,del,rscale     4    3    5.0000    1.2000
parameters
   -0.4780   -5.3612   20.8286    1.5973  -10.3240   -3.5978
   -0.7167    3.0455    1.7718    6.1433   -6.7674   -9.1276
eta,q 0.98062 10.91450
  0.0226  0.0221  0.0212  0.0219  0.0243  0.0222  0.0219  0.0229  0.0215  0.0224  0.0205  0.0207
  0.0209  0.0206  0.0204  0.0209  0.0219  0.0212  0.0205  0.0211  0.0203  0.0208  0.0199  0.0200
  0.0198  0.0197  0.0197  0.0200  0.0201  0.0202  0.0197  0.0199  0.0196  0.0197  0.0195  0.0195
  0.0194  0.0194  0.0194  0.0194  0.0194  0.0194  0.0194  0.0194  0.0194  0.0194  0.0194  0.0194
  0.0197  0.0198  0.0195  0.0194  0.0200  0.0193  0.0197  0.0197  0.0196  0.0197  0.0195  0.0195
  0.0207  0.0208  0.0201  0.0204  0.0219  0.0204  0.0205  0.0210  0.0204  0.0208  0.0199  0.0200
  0.0223  0.0222  0.0210  0.0221  0.0249  0.0228  0.0219  0.0230  0.0215  0.0225  0.0205  0.0206
niter,ni,del,rscale     3    3    5.0000    1.2000
parameters
   -0.4577   -5.3780   20.8563    1.6345  -10.3538   -3.5869
   -0.7052    3.0563    1.7624    6.1193   -6.7720   -9.0833
eta,q 0.98063 10.91422
  0.0225  0.0221  0.0211  0.0218  0.0244  0.0222  0.0219  0.0230  0.0215  0.0224  0.0205  0.0207
  0.0208  0.0206  0.0202  0.0208  0.0220  0.0212  0.0205  0.0211  0.0203  0.0208  0.0199  0.0200
  0.0198  0.0196  0.0196  0.0199  0.0202  0.0202  0.0197  0.0199  0.0196  0.0197  0.0195  0.0195
  0.0194  0.0194  0.0194  0.0194  0.0194  0.0194  0.0194  0.0194  0.0194  0.0194  0.0194  0.0194
  0.0197  0.0197  0.0195  0.0195  0.0200  0.0193  0.0196  0.0197  0.0196  0.0197  0.0195  0.0195
  0.0207  0.0207  0.0201  0.0204  0.0218  0.0205  0.0205  0.0210  0.0204  0.0208  0.0199  0.0200
  0.0224  0.0221  0.0211  0.0222  0.0247  0.0229  0.0219  0.0230  0.0215  0.0225  0.0205  0.0206
niter,ni,del,rscale     2    3    5.0000    1.2000
parameters
   -0.4539   -5.3830   20.8625    1.6393  -10.3609   -3.5901
   -0.6976    3.0588    1.7636    6.1118   -6.7737   -9.0775
eta,q 0.98063 10.91371
  0.0224  0.0221  0.0211  0.0218  0.0244  0.0222  0.0219  0.0229  0.0215  0.0225  0.0205  0.0207
  0.0208  0.0206  0.0202  0.0208  0.0220  0.0212  0.0205  0.0211  0.0203  0.0208  0.0199  0.0200
  0.0197  0.0196  0.0196  0.0199  0.0202  0.0202  0.0197  0.0198  0.0196  0.0197  0.0195  0.0195
  0.0194  0.0194  0.0194  0.0194  0.0194  0.0194  0.0194  0.0194  0.0194  0.0194  0.0194  0.0194
  0.0197  0.0197  0.0195  0.0195  0.0199  0.0193  0.0197  0.0197  0.0196  0.0197  0.0195  0.0195
  0.0207  0.0206  0.0201  0.0205  0.0217  0.0205  0.0205  0.0210  0.0204  0.0207  0.0199  0.0200
  0.0224  0.0221  0.0211  0.0222  0.0247  0.0229  0.0219  0.0231  0.0215  0.0225  0.0205  0.0207
registration optimization eta report
parameter search radius
    2.4000    2.4000    2.4000    7.2000    9.5220    7.2000
    7.2000    7.2000    7.2000    7.2000    7.2000    7.2000
100000*second partial in parameter space
       53.       47.       30.        5.        6.        6.
        5.        7.        4.        6.        2.        2.
  0.0224  0.0221  0.0211  0.0218  0.0244  0.0222  0.0219  0.0229  0.0215  0.0225  0.0205  0.0207
  0.0208  0.0206  0.0202  0.0208  0.0220  0.0212  0.0205  0.0211  0.0203  0.0208  0.0199  0.0200
  0.0197  0.0196  0.0196  0.0199  0.0202  0.0202  0.0197  0.0198  0.0196  0.0197  0.0195  0.0195
  0.0194  0.0194  0.0194  0.0194  0.0194  0.0194  0.0194  0.0194  0.0194  0.0194  0.0194  0.0194
  0.0197  0.0197  0.0195  0.0195  0.0199  0.0193  0.0197  0.0197  0.0196  0.0197  0.0195  0.0195
  0.0207  0.0206  0.0201  0.0205  0.0217  0.0205  0.0205  0.0210  0.0204  0.0207  0.0199  0.0200
  0.0224  0.0221  0.0211  0.0222  0.0247  0.0229  0.0219  0.0231  0.0215  0.0225  0.0205  0.0207
   -0.4539   -5.3830   20.8625    1.6393  -10.3609   -3.5901
   -0.6976    3.0588    1.7636    6.1118   -6.7737   -9.0775
eta,q 0.98063 10.91371

---------------------------------------------------------------------
imgreg_4dfp /opt/freesurfer/average/711-2C_as_mni_average_305 /opt/freesurfer/average/711-2B_as_mni_average_305_mask talsrcimg_g11 none talsrcimg_to_711-2C_as_mni_average_305_t4 2311
---------------------------------------------------------------------

freesurfer imgreg_4dfp.c
/opt/freesurfer/average/711-2C_as_mni_average_305.4dfp.img
       256       256       256         1
  1.000000  1.000000  1.000000
orientation T byte_order littleendian
Reading image: /opt/freesurfer/average/711-2C_as_mni_average_305.4dfp.img
dimensions:      256       256       256
mmppix:       1.0000   -1.0000   -1.0000
center:     128.0000 -129.0000 -129.0000
/opt/freesurfer/average/711-2B_as_mni_average_305_mask.4dfp.img
       256       256       256         1
  1.000000  1.000000  1.000000
orientation T byte_order littleendian
Reading mask: /opt/freesurfer/average/711-2B_as_mni_average_305_mask.4dfp.img (2306576 pixels)
talsrcimg_g11.4dfp.img
       256       256       256         1
  1.000000  1.000000  1.000000
orientation T byte_order littleendian
Reading image: talsrcimg_g11.4dfp.img
dimensions:      256       256       256
mmppix:       1.0000   -1.0000   -1.0000
center:     128.0000 -129.0000 -129.0000
fimgreg.f
image alignment mode   2311 decimal      907 hex
parameters
   -0.4539   -5.3830   20.8625    1.6393  -10.3609   -3.5901
   -0.6976    3.0588    1.7636    6.1118   -6.7737   -9.0775
eta,q 0.98063 10.91371
niter,ni,del,rscale     5    3    5.0000    0.8000
parameters
   -0.4436   -5.4151   20.9157    2.1287  -10.1898   -2.7918
   -0.7036    3.1127    1.7044    6.2247   -6.6596   -9.1896
eta,q 0.98077 10.97098
  0.0208  0.0206  0.0202  0.0208  0.0209  0.0212  0.0204  0.0211  0.0202  0.0207  0.0198  0.0198
  0.0200  0.0199  0.0198  0.0202  0.0201  0.0205  0.0198  0.0201  0.0197  0.0199  0.0195  0.0195
  0.0195  0.0195  0.0195  0.0197  0.0195  0.0198  0.0194  0.0195  0.0193  0.0194  0.0193  0.0193
  0.0194  0.0194  0.0194  0.0194  0.0193  0.0193  0.0192  0.0192  0.0192  0.0192  0.0192  0.0192
  0.0195  0.0195  0.0194  0.0193  0.0195  0.0192  0.0194  0.0194  0.0194  0.0194  0.0193  0.0193
  0.0200  0.0200  0.0197  0.0197  0.0199  0.0195  0.0198  0.0200  0.0197  0.0198  0.0195  0.0195
  0.0207  0.0206  0.0201  0.0205  0.0207  0.0205  0.0204  0.0210  0.0203  0.0206  0.0198  0.0199
niter,ni,del,rscale     4    3    5.0000    0.7000
parameters
   -0.3835   -5.4487   20.9190    2.1807  -10.2318   -2.6592
   -0.6843    3.1229    1.6674    6.2527   -6.6567   -9.1847
eta,q 0.98079 10.97684
  0.0204  0.0202  0.0198  0.0203  0.0204  0.0206  0.0201  0.0206  0.0200  0.0203  0.0197  0.0197
  0.0198  0.0196  0.0195  0.0198  0.0198  0.0200  0.0196  0.0199  0.0196  0.0197  0.0194  0.0195
  0.0194  0.0193  0.0193  0.0194  0.0194  0.0194  0.0193  0.0194  0.0193  0.0193  0.0193  0.0193
  0.0192  0.0192  0.0192  0.0192  0.0192  0.0192  0.0192  0.0192  0.0192  0.0192  0.0192  0.0192
  0.0193  0.0194  0.0193  0.0193  0.0194  0.0192  0.0193  0.0194  0.0193  0.0193  0.0193  0.0193
  0.0197  0.0197  0.0195  0.0197  0.0198  0.0196  0.0196  0.0198  0.0196  0.0197  0.0194  0.0194
  0.0203  0.0202  0.0199  0.0204  0.0204  0.0206  0.0201  0.0206  0.0200  0.0203  0.0197  0.0197
niter,ni,del,rscale     3    3    5.0000    0.6000
parameters
   -0.3724   -5.4599   20.9263    2.2729  -10.2567   -2.5410
   -0.6711    3.1189    1.6546    6.2713   -6.6367   -9.1749
eta,q 0.98079 10.98332
  0.0201  0.0199  0.0197  0.0201  0.0201  0.0203  0.0199  0.0203  0.0198  0.0200  0.0195  0.0196
  0.0196  0.0195  0.0194  0.0197  0.0196  0.0197  0.0195  0.0197  0.0195  0.0196  0.0194  0.0194
  0.0193  0.0193  0.0193  0.0194  0.0193  0.0194  0.0193  0.0193  0.0193  0.0193  0.0192  0.0193
  0.0192  0.0192  0.0192  0.0192  0.0192  0.0192  0.0192  0.0192  0.0192  0.0192  0.0192  0.0192
  0.0193  0.0193  0.0193  0.0192  0.0193  0.0192  0.0193  0.0193  0.0193  0.0193  0.0192  0.0192
  0.0196  0.0196  0.0194  0.0195  0.0196  0.0195  0.0195  0.0197  0.0195  0.0196  0.0194  0.0194
  0.0200  0.0200  0.0197  0.0201  0.0201  0.0202  0.0199  0.0203  0.0198  0.0200  0.0195  0.0196
niter,ni,del,rscale     2    3    5.0000    0.5000
parameters
   -0.3618   -5.4712   20.9245    2.3684  -10.2670   -2.4516
   -0.6583    3.1147    1.6329    6.2895   -6.6195   -9.1933
eta,q 0.98080 10.98928
  0.0198  0.0197  0.0195  0.0198  0.0198  0.0199  0.0197  0.0200  0.0196  0.0198  0.0194  0.0195
  0.0195  0.0194  0.0193  0.0195  0.0195  0.0195  0.0194  0.0195  0.0194  0.0195  0.0193  0.0193
  0.0193  0.0193  0.0192  0.0193  0.0193  0.0193  0.0193  0.0193  0.0192  0.0193  0.0192  0.0192
  0.0192  0.0192  0.0192  0.0192  0.0192  0.0192  0.0192  0.0192  0.0192  0.0192  0.0192  0.0192
  0.0193  0.0193  0.0192  0.0192  0.0193  0.0192  0.0193  0.0193  0.0192  0.0193  0.0192  0.0192
  0.0195  0.0194  0.0194  0.0194  0.0195  0.0194  0.0194  0.0195  0.0194  0.0194  0.0193  0.0193
  0.0198  0.0197  0.0195  0.0198  0.0198  0.0199  0.0197  0.0200  0.0196  0.0198  0.0194  0.0195
niter,ni,del,rscale     1    3    5.0000    0.4000
parameters
   -0.3499   -5.4787   20.9215    2.4392  -10.2804   -2.3812
   -0.6476    3.1042    1.6216    6.3026   -6.6103   -9.1796
eta,q 0.98081 10.99358
  0.0196  0.0195  0.0194  0.0196  0.0196  0.0196  0.0195  0.0197  0.0194  0.0196  0.0193  0.0194
  0.0194  0.0193  0.0193  0.0194  0.0194  0.0194  0.0193  0.0194  0.0193  0.0194  0.0193  0.0193
  0.0192  0.0192  0.0192  0.0193  0.0192  0.0192  0.0192  0.0192  0.0192  0.0192  0.0192  0.0192
  0.0192  0.0192  0.0192  0.0192  0.0192  0.0192  0.0192  0.0192  0.0192  0.0192  0.0192  0.0192
  0.0192  0.0192  0.0192  0.0192  0.0192  0.0192  0.0192  0.0192  0.0192  0.0192  0.0192  0.0192
  0.0194  0.0193  0.0193  0.0193  0.0194  0.0193  0.0193  0.0194  0.0193  0.0194  0.0193  0.0193
  0.0196  0.0195  0.0194  0.0196  0.0196  0.0196  0.0195  0.0197  0.0194  0.0195  0.0193  0.0194
registration optimization eta report
parameter search radius
    0.8000    0.8000    0.8000    2.4000    2.4000    2.4000
    2.4000    2.4000    2.4000    2.4000    2.4000    2.4000
100000*second partial in parameter space
       58.       51.       32.        7.        7.        8.
        5.        8.        4.        6.        3.        3.
  0.0196  0.0195  0.0194  0.0196  0.0196  0.0196  0.0195  0.0197  0.0194  0.0196  0.0193  0.0194
  0.0194  0.0193  0.0193  0.0194  0.0194  0.0194  0.0193  0.0194  0.0193  0.0194  0.0193  0.0193
  0.0192  0.0192  0.0192  0.0193  0.0192  0.0192  0.0192  0.0192  0.0192  0.0192  0.0192  0.0192
  0.0192  0.0192  0.0192  0.0192  0.0192  0.0192  0.0192  0.0192  0.0192  0.0192  0.0192  0.0192
  0.0192  0.0192  0.0192  0.0192  0.0192  0.0192  0.0192  0.0192  0.0192  0.0192  0.0192  0.0192
  0.0194  0.0193  0.0193  0.0193  0.0194  0.0193  0.0193  0.0194  0.0193  0.0194  0.0193  0.0193
  0.0196  0.0195  0.0194  0.0196  0.0196  0.0196  0.0195  0.0197  0.0194  0.0195  0.0193  0.0194
   -0.3499   -5.4787   20.9215    2.4392  -10.2804   -2.3812
   -0.6476    3.1042    1.6216    6.3026   -6.6103   -9.1796
eta,q 0.98081 10.99358

---------------------------------------------------------------------
imgreg_4dfp /opt/freesurfer/average/711-2C_as_mni_average_305 /opt/freesurfer/average/711-2B_as_mni_average_305_mask talsrcimg_g11 none talsrcimg_to_711-2C_as_mni_average_305_t4 2311
---------------------------------------------------------------------

freesurfer imgreg_4dfp.c
/opt/freesurfer/average/711-2C_as_mni_average_305.4dfp.img
       256       256       256         1
  1.000000  1.000000  1.000000
orientation T byte_order littleendian
Reading image: /opt/freesurfer/average/711-2C_as_mni_average_305.4dfp.img
dimensions:      256       256       256
mmppix:       1.0000   -1.0000   -1.0000
center:     128.0000 -129.0000 -129.0000
/opt/freesurfer/average/711-2B_as_mni_average_305_mask.4dfp.img
       256       256       256         1
  1.000000  1.000000  1.000000
orientation T byte_order littleendian
Reading mask: /opt/freesurfer/average/711-2B_as_mni_average_305_mask.4dfp.img (2306576 pixels)
talsrcimg_g11.4dfp.img
       256       256       256         1
  1.000000  1.000000  1.000000
orientation T byte_order littleendian
Reading image: talsrcimg_g11.4dfp.img
dimensions:      256       256       256
mmppix:       1.0000   -1.0000   -1.0000
center:     128.0000 -129.0000 -129.0000
fimgreg.f
image alignment mode   2311 decimal      907 hex
parameters
   -0.3499   -5.4787   20.9215    2.4392  -10.2804   -2.3812
   -0.6476    3.1042    1.6216    6.3026   -6.6103   -9.1796
eta,q 0.98081 10.99358
niter,ni,del,rscale     5    3    5.0000    0.8000
parameters
   -0.3572   -5.4662   20.9151    2.0945  -10.2596   -2.7584
   -0.6701    3.1206    1.6623    6.2227   -6.7003   -9.1561
eta,q 0.98077 10.96895
  0.0207  0.0205  0.0200  0.0204  0.0208  0.0207  0.0204  0.0211  0.0203  0.0206  0.0198  0.0199
  0.0199  0.0198  0.0196  0.0198  0.0199  0.0200  0.0198  0.0201  0.0197  0.0198  0.0195  0.0195
  0.0194  0.0193  0.0193  0.0194  0.0194  0.0194  0.0194  0.0194  0.0193  0.0194  0.0193  0.0193
  0.0192  0.0192  0.0192  0.0192  0.0192  0.0192  0.0192  0.0192  0.0192  0.0192  0.0192  0.0192
  0.0193  0.0193  0.0193  0.0194  0.0194  0.0194  0.0194  0.0194  0.0193  0.0194  0.0193  0.0193
  0.0199  0.0198  0.0196  0.0200  0.0199  0.0201  0.0198  0.0200  0.0197  0.0199  0.0195  0.0195
  0.0207  0.0204  0.0200  0.0210  0.0207  0.0216  0.0204  0.0211  0.0202  0.0207  0.0198  0.0199
niter,ni,del,rscale     4    3    5.0000    0.7000
parameters
   -0.3803   -5.4509   20.9297    2.1857  -10.2363   -2.6591
   -0.6746    3.1293    1.6634    6.2460   -6.6644   -9.1741
eta,q 0.98079 10.97656
  0.0203  0.0202  0.0199  0.0203  0.0204  0.0206  0.0201  0.0206  0.0200  0.0203  0.0197  0.0197
  0.0197  0.0197  0.0195  0.0198  0.0198  0.0199  0.0196  0.0199  0.0196  0.0197  0.0194  0.0194
  0.0193  0.0193  0.0193  0.0194  0.0194  0.0194  0.0193  0.0194  0.0193  0.0193  0.0193  0.0193
  0.0192  0.0192  0.0192  0.0192  0.0192  0.0192  0.0192  0.0192  0.0192  0.0192  0.0192  0.0192
  0.0194  0.0193  0.0193  0.0193  0.0194  0.0192  0.0193  0.0194  0.0193  0.0193  0.0193  0.0193
  0.0197  0.0197  0.0195  0.0196  0.0198  0.0197  0.0196  0.0198  0.0196  0.0197  0.0194  0.0194
  0.0204  0.0202  0.0198  0.0204  0.0204  0.0206  0.0201  0.0206  0.0200  0.0203  0.0197  0.0197
niter,ni,del,rscale     3    3    5.0000    0.6000
parameters
   -0.3701   -5.4610   20.9300    2.2766  -10.2528   -2.5423
   -0.6629    3.1269    1.6468    6.2730   -6.6452   -9.1839
eta,q 0.98080 10.98350
  0.0201  0.0199  0.0197  0.0201  0.0201  0.0203  0.0199  0.0203  0.0198  0.0200  0.0195  0.0196
  0.0196  0.0195  0.0194  0.0197  0.0196  0.0197  0.0195  0.0197  0.0195  0.0196  0.0194  0.0194
  0.0193  0.0193  0.0193  0.0194  0.0193  0.0194  0.0193  0.0193  0.0193  0.0193  0.0192  0.0193
  0.0192  0.0192  0.0192  0.0192  0.0192  0.0192  0.0192  0.0192  0.0192  0.0192  0.0192  0.0192
  0.0193  0.0193  0.0193  0.0192  0.0193  0.0192  0.0193  0.0193  0.0193  0.0193  0.0192  0.0192
  0.0196  0.0196  0.0194  0.0195  0.0196  0.0195  0.0195  0.0197  0.0195  0.0196  0.0194  0.0194
  0.0200  0.0199  0.0197  0.0201  0.0201  0.0202  0.0199  0.0203  0.0198  0.0200  0.0195  0.0196
niter,ni,del,rscale     2    3    5.0000    0.5000
parameters
   -0.3604   -5.4705   20.9237    2.3643  -10.2637   -2.4516
   -0.6518    3.1148    1.6275    6.2865   -6.6092   -9.1833
eta,q 0.98080 10.98927
  0.0198  0.0197  0.0195  0.0198  0.0198  0.0199  0.0197  0.0200  0.0196  0.0198  0.0194  0.0195
  0.0195  0.0194  0.0193  0.0195  0.0195  0.0195  0.0194  0.0195  0.0194  0.0195  0.0193  0.0193
  0.0193  0.0192  0.0192  0.0193  0.0193  0.0193  0.0193  0.0193  0.0192  0.0193  0.0192  0.0192
  0.0192  0.0192  0.0192  0.0192  0.0192  0.0192  0.0192  0.0192  0.0192  0.0192  0.0192  0.0192
  0.0193  0.0193  0.0192  0.0192  0.0193  0.0192  0.0193  0.0193  0.0192  0.0193  0.0192  0.0192
  0.0195  0.0194  0.0193  0.0194  0.0195  0.0194  0.0194  0.0195  0.0194  0.0194  0.0193  0.0193
  0.0198  0.0197  0.0195  0.0198  0.0198  0.0199  0.0197  0.0200  0.0196  0.0198  0.0194  0.0195
niter,ni,del,rscale     1    3    5.0000    0.4000
parameters
   -0.3503   -5.4832   20.9202    2.4368  -10.2781   -2.3834
   -0.6482    3.1084    1.6124    6.3025   -6.6123   -9.1776
eta,q 0.98081 10.99358
  0.0196  0.0195  0.0194  0.0196  0.0196  0.0196  0.0195  0.0197  0.0194  0.0196  0.0193  0.0194
  0.0194  0.0193  0.0193  0.0194  0.0194  0.0194  0.0193  0.0194  0.0193  0.0194  0.0193  0.0193
  0.0192  0.0192  0.0192  0.0193  0.0192  0.0192  0.0192  0.0192  0.0192  0.0192  0.0192  0.0192
  0.0192  0.0192  0.0192  0.0192  0.0192  0.0192  0.0192  0.0192  0.0192  0.0192  0.0192  0.0192
  0.0192  0.0192  0.0192  0.0192  0.0192  0.0192  0.0192  0.0193  0.0192  0.0192  0.0192  0.0192
  0.0194  0.0193  0.0193  0.0194  0.0194  0.0193  0.0193  0.0194  0.0193  0.0193  0.0193  0.0193
  0.0196  0.0195  0.0194  0.0196  0.0196  0.0196  0.0195  0.0197  0.0195  0.0195  0.0193  0.0194
registration optimization eta report
parameter search radius
    0.8000    0.8000    0.8000    2.4000    2.4000    2.4000
    2.4000    2.4000    2.4000    2.4000    2.4000    2.4000
100000*second partial in parameter space
       58.       51.       33.        7.        7.        8.
        5.        8.        4.        6.        3.        3.
  0.0196  0.0195  0.0194  0.0196  0.0196  0.0196  0.0195  0.0197  0.0194  0.0196  0.0193  0.0194
  0.0194  0.0193  0.0193  0.0194  0.0194  0.0194  0.0193  0.0194  0.0193  0.0194  0.0193  0.0193
  0.0192  0.0192  0.0192  0.0193  0.0192  0.0192  0.0192  0.0192  0.0192  0.0192  0.0192  0.0192
  0.0192  0.0192  0.0192  0.0192  0.0192  0.0192  0.0192  0.0192  0.0192  0.0192  0.0192  0.0192
  0.0192  0.0192  0.0192  0.0192  0.0192  0.0192  0.0192  0.0193  0.0192  0.0192  0.0192  0.0192
  0.0194  0.0193  0.0193  0.0194  0.0194  0.0193  0.0193  0.0194  0.0193  0.0193  0.0193  0.0193
  0.0196  0.0195  0.0194  0.0196  0.0196  0.0196  0.0195  0.0197  0.0195  0.0195  0.0193  0.0194
   -0.3503   -5.4832   20.9202    2.4368  -10.2781   -2.3834
   -0.6482    3.1084    1.6124    6.3025   -6.6123   -9.1776
eta,q 0.98081 10.99358

---------------------------------------------------------------------
compute_vox2vox talsrcimg talsrcimg_to_711-2C_as_mni_average_305_t4 /opt/freesurfer/average/711-2C_as_mni_average_305
---------------------------------------------------------------------

freesurfer compute_vox2vox.c
Reading: talsrcimg.4dfp.ifh
Reading: talsrcimg_to_711-2C_as_mni_average_305_t4
Reading: /opt/freesurfer/average/711-2C_as_mni_average_305.4dfp.ifh
Writing: talsrcimg_to_711-2C_as_mni_average_305_t4_vox2vox.txt

start time Mon Mar 9 09:15:33 CET 2026
end		time Mon Mar 9 09:15:47 CET 2026

mpr2mni305 success

avi2talxfm orig_nu.mgz /opt/freesurfer/average/mni305.cor.mgz talsrcimg_to_711-2C_as_mni_average_305_t4_vox2vox.txt transforms/talairach.auto.xfm
avi2talxfm done
mv -f /out/sourcedata/freesurfer/sub-v1s21x0050386_ses-1/mri/talsrcimg_to_711-2C_as_mni_average_305_t4_vox2vox.txt /out/sourcedata/freesurfer/sub-v1s21x0050386_ses-1/mri/transforms/talsrcimg_to_711-2C_as_mni_average_305_t4_vox2vox.txt
lta_convert --src orig_nu.mgz --trg /opt/freesurfer/average/mni305.cor.mgz --inxfm transforms/talairach.auto.xfm --outlta transforms/talairach.auto.xfm.lta --subject fsaverage
7.3.2

--src: orig_nu.mgz src image (geometry).
--trg: /opt/freesurfer/average/mni305.cor.mgz trg image (geometry).
--inmni: transforms/talairach.auto.xfm input MNI/XFM transform.
--outlta: transforms/talairach.auto.xfm.lta output LTA.
--s: fsaverage subject name
 LTA read, type : 1
 0.97413  -0.03127   0.00384   0.50407;
 0.06392   1.01564   0.10435  -21.24802;
-0.02200  -0.07078   1.10716   6.85583;
 0.00000   0.00000   0.00000   1.00000;
setting subject to fsaverage
Writing  LTA to file transforms/talairach.auto.xfm.lta...
lta_convert successful.
 
 
Started at Mon Mar 9 09:15:33 CET 2026
Ended   at Mon Mar  9 09:15:47 CET 2026
talairach_avi done
