status file for recon-all
Mon Mar  9 11:05:53 CET 2026
#@# Tessellate rh Mon Mar  9 11:05:53 CET 2026
#@# Smooth1 rh Mon Mar  9 11:05:57 CET 2026
#@# Inflation1 rh Mon Mar  9 11:05:59 CET 2026
#@# QSphere rh Mon Mar  9 11:06:09 CET 2026
#@# Fix Topology rh Mon Mar  9 11:07:12 CET 2026
#@# Smooth2 rh Mon Mar  9 11:13:09 CET 2026
#@# Inflation2 rh Mon Mar  9 11:13:11 CET 2026
#@# Curv .H and .K rh Mon Mar  9 11:13:21 CET 2026
#@# Sphere rh Mon Mar  9 11:14:11 CET 2026
#@# Surf Reg rh Mon Mar  9 11:17:06 CET 2026
#@# Jacobian white rh Mon Mar  9 11:20:18 CET 2026
#@# AvgCurv rh Mon Mar  9 11:20:19 CET 2026
#@# Cortical Parc rh Mon Mar  9 11:20:20 CET 2026
#@# white curv rh Mon Mar  9 11:25:43 CET 2026
#@# white area rh Mon Mar  9 11:25:45 CET 2026
#@# pial curv rh Mon Mar  9 11:25:45 CET 2026
#@# pial area rh Mon Mar  9 11:25:47 CET 2026
#@# thickness rh Mon Mar  9 11:25:48 CET 2026
#@# area and vertex vol rh Mon Mar  9 11:26:17 CET 2026
#@# Curvature Stats rh Mon Mar  9 11:26:19 CET 2026
#@# Cortical Parc 2 rh Mon Mar  9 11:26:21 CET 2026
#@# Cortical Parc 3 rh Mon Mar  9 11:26:34 CET 2026
#@# WM/GM Contrast rh Mon Mar  9 11:26:44 CET 2026
recon-all -s sub-v1s21x0050385_ses-1 finished without error at Mon Mar  9 11:26:47 CET 2026



#New# invocation of recon-all 



status file for recon-all
Mon Mar  9 11:36:43 CET 2026
#@# white curv rh Mon Mar  9 11:36:43 CET 2026
#@# white area rh Mon Mar  9 11:36:43 CET 2026
#@# pial curv rh Mon Mar  9 11:36:43 CET 2026
#@# pial area rh Mon Mar  9 11:36:44 CET 2026
#@# thickness rh Mon Mar  9 11:36:44 CET 2026
#@# area and vertex vol rh Mon Mar  9 11:36:44 CET 2026
#@# Parcellation Stats rh Mon Mar  9 11:36:44 CET 2026
#@# Parcellation Stats 2 rh Mon Mar  9 11:37:01 CET 2026
#@# Parcellation Stats 3 rh Mon Mar  9 11:37:11 CET 2026
#@# BA_exvivo Labels rh Mon Mar  9 11:37:20 CET 2026
recon-all -s sub-v1s21x0050385_ses-1 finished without error at Mon Mar  9 11:39:41 CET 2026
