status file for recon-all
Mon Mar  9 10:45:53 CET 2026
#@# Tessellate lh Mon Mar  9 10:45:53 CET 2026
#@# Smooth1 lh Mon Mar  9 10:45:56 CET 2026
#@# Inflation1 lh Mon Mar  9 10:45:59 CET 2026
#@# QSphere lh Mon Mar  9 10:46:08 CET 2026
#@# Fix Topology lh Mon Mar  9 10:47:06 CET 2026
#@# Smooth2 lh Mon Mar  9 10:52:39 CET 2026
#@# Inflation2 lh Mon Mar  9 10:52:41 CET 2026
#@# Curv .H and .K lh Mon Mar  9 10:52:51 CET 2026
#@# Sphere lh Mon Mar  9 10:53:39 CET 2026
#@# Surf Reg lh Mon Mar  9 10:56:22 CET 2026
#@# Jacobian white lh Mon Mar  9 10:59:24 CET 2026
#@# AvgCurv lh Mon Mar  9 10:59:25 CET 2026
#@# Cortical Parc lh Mon Mar  9 10:59:26 CET 2026
#@# white curv lh Mon Mar  9 11:04:48 CET 2026
#@# white area lh Mon Mar  9 11:04:49 CET 2026
#@# pial curv lh Mon Mar  9 11:04:50 CET 2026
#@# pial area lh Mon Mar  9 11:04:51 CET 2026
#@# thickness lh Mon Mar  9 11:04:52 CET 2026
#@# area and vertex vol lh Mon Mar  9 11:05:22 CET 2026
#@# Curvature Stats lh Mon Mar  9 11:05:23 CET 2026
#@# Cortical Parc 2 lh Mon Mar  9 11:05:25 CET 2026
#@# Cortical Parc 3 lh Mon Mar  9 11:05:37 CET 2026
#@# WM/GM Contrast lh Mon Mar  9 11:05:47 CET 2026
recon-all -s sub-v1s21x0050385_ses-1 finished without error at Mon Mar  9 11:05:50 CET 2026



#New# invocation of recon-all 



status file for recon-all
Mon Mar  9 11:33:43 CET 2026
#@# white curv lh Mon Mar  9 11:33:43 CET 2026
#@# white area lh Mon Mar  9 11:33:43 CET 2026
#@# pial curv lh Mon Mar  9 11:33:43 CET 2026
#@# pial area lh Mon Mar  9 11:33:43 CET 2026
#@# thickness lh Mon Mar  9 11:33:44 CET 2026
#@# area and vertex vol lh Mon Mar  9 11:33:44 CET 2026
#@# Parcellation Stats lh Mon Mar  9 11:33:44 CET 2026
#@# Parcellation Stats 2 lh Mon Mar  9 11:34:02 CET 2026
#@# Parcellation Stats 3 lh Mon Mar  9 11:34:11 CET 2026
#@# BA_exvivo Labels lh Mon Mar  9 11:34:20 CET 2026
recon-all -s sub-v1s21x0050385_ses-1 finished without error at Mon Mar  9 11:36:41 CET 2026
