/out/sourcedata/freesurfer/sub-v1s21x0050403_ses-1/mri
/opt/freesurfer/bin/talairach_avi
--i orig_nu.mgz --xfm transforms/talairach.auto.xfm
talairach_avi 7.3.2
Linux dna079 5.14.0-427.37.1.el9_4.x86_64 #1 SMP PREEMPT_DYNAMIC Fri Sep 13 12:41:50 EDT 2024 x86_64 x86_64 x86_64 GNU/Linux
Mon Mar  9 10:06:29 CET 2026
mri_convert orig_nu.mgz talsrcimg.img 
reading from orig_nu.mgz...
TR=0.00, TE=0.00, TI=0.00, flip angle=0.00
i_ras = (-1, 0, 0)
j_ras = (0, 0, -1)
k_ras = (0, 1, 0)
writing to talsrcimg.img...
Analyze Output Matrix
-1.00000   0.00000   0.00000   129.70000;
 0.00000   0.00000   1.00000  -128.50000;
 0.00000  -1.00000   0.00000   129.50000;
 0.00000   0.00000   0.00000   1.00000;
--------------------
INFO: set hdr.hist.orient to -1
mpr2mni305 talsrcimg
Mon Mar  9 10:06:29 CET 2026
/opt/freesurfer/bin/mpr2mni305 talsrcimg
mpr2mni305 7.3.2
target=711-2C_as_mni_average_305

---------------------------------------------------------------------
analyzeto4dfp talsrcimg -O0 -y
---------------------------------------------------------------------

freesurfer ifh2hdr.c
Mon Mar  9 10:06:30 2026
Writing: talsrcimg.4dfp.hdr
freesurfer analyzeto4dfp.c
Reading: talsrcimg.hdr
header size 348 bytes
hdr.dime.datatype	offset=70	value=2
hdr.dime.bitpix		offset=72	value=8
hdr.hist.orient		offset=252	value=-1
dimensionality     4
dimensions       256       256       256         1
Reading: talsrcimg.img
Writing: talsrcimg.4dfp.img
Writing: talsrcimg.4dfp.ifh
ifh2hdr talsrcimg -r0to230
ori=2

---------------------------------------------------------------------
gauss_4dfp talsrcimg 1.1
---------------------------------------------------------------------

freesurfer gauss_4dfp.c
Reading: talsrcimg.4dfp.img
Writing: talsrcimg_g11.4dfp.img
image dimensions 256 256 256 padded to 288 288 288
processing volume 1freesurfer ifh2hdr.c
Mon Mar  9 10:06:31 2026
Writing: talsrcimg_g11.4dfp.hdr

Writing: talsrcimg_g11.4dfp.ifh
including: talsrcimg.4dfp.img.rec in talsrcimg_g11.4dfp.img.rec

---------------------------------------------------------------------
imgreg_4dfp /opt/freesurfer/average/711-2C_as_mni_average_305 none talsrcimg_g11 none talsrcimg_to_711-2C_as_mni_average_305_t4 4355
---------------------------------------------------------------------

freesurfer imgreg_4dfp.c
/opt/freesurfer/average/711-2C_as_mni_average_305.4dfp.img
       256       256       256         1
  1.000000  1.000000  1.000000
orientation T byte_order littleendian
Reading image: /opt/freesurfer/average/711-2C_as_mni_average_305.4dfp.img
dimensions:      256       256       256
mmppix:       1.0000   -1.0000   -1.0000
center:     128.0000 -129.0000 -129.0000
talsrcimg_g11.4dfp.img
       256       256       256         1
  1.000000  1.000000  1.000000
orientation T byte_order littleendian
Reading image: talsrcimg_g11.4dfp.img
dimensions:      256       256       256
mmppix:       1.0000   -1.0000   -1.0000
center:     128.0000 -129.0000 -129.0000
t4_read: open error in t4_sub.f l:  41 t4_file(1:l)talsrcimg_to_711-2C_as_mni_average_305_t4 
t4_read: transform initialized to I4
rotation matrix determinant  1.000000
image alignment mode   4355 decimal     1103 hex
   -7.5000  -45.0000  -45.0000 6399.4810   22.2721
    0.0000  -45.0000  -45.0000 6648.5283   22.2583
    7.5000  -45.0000  -45.0000 6340.7534   22.2710
   -7.5000  -37.5000  -45.0000 6869.7529   21.9457
    0.0000  -37.5000  -45.0000 7144.4932   21.9297
    7.5000  -37.5000  -45.0000 6797.8984   21.9289
   -7.5000  -30.0000  -45.0000 7652.3413   21.7123
    0.0000  -30.0000  -45.0000 7954.3838   21.6969
    7.5000  -30.0000  -45.0000 7572.9736   21.6916
   -7.5000  -22.5000  -45.0000 8578.4414   21.5911
    0.0000  -22.5000  -45.0000 8924.7695   21.5824
    7.5000  -22.5000  -45.0000 8507.4307   21.5843
   -7.5000  -15.0000  -45.0000 9405.5771   21.5256
    0.0000  -15.0000  -45.0000 9788.9375   21.5206
    7.5000  -15.0000  -45.0000 9338.8096   21.5339
   -7.5000   -7.5000  -45.000010153.2012   21.5846
    0.0000   -7.5000  -45.000010559.2051   21.5761
    7.5000   -7.5000  -45.000010060.5586   21.5955
   -7.5000    0.0000  -45.000010777.5820   21.7040
    0.0000    0.0000  -45.000011190.4600   21.6909
    7.5000    0.0000  -45.000010655.3711   21.7031
   -7.5000    7.5000  -45.000010631.4629   21.7633
    0.0000    7.5000  -45.000011037.8262   21.7470
    7.5000    7.5000  -45.000010496.8789   21.7458
   -7.5000   15.0000  -45.000010380.2412   21.7093
    0.0000   15.0000  -45.000010782.5820   21.6939
    7.5000   15.0000  -45.000010281.7109   21.6886
   -7.5000   22.5000  -45.000010127.9844   21.5881
    0.0000   22.5000  -45.000010553.5059   21.5795
    7.5000   22.5000  -45.000010076.8965   21.5814
   -7.5000   30.0000  -45.0000 9813.2568   21.2388
    0.0000   30.0000  -45.000010207.1006   21.2339
    7.5000   30.0000  -45.0000 9766.7461   21.2470
   -7.5000   37.5000  -45.0000 9601.9668   21.2969
    0.0000   37.5000  -45.0000 9961.0176   21.2886
    7.5000   37.5000  -45.0000 9516.4062   21.3078
   -7.5000   45.0000  -45.0000 8874.7754   20.8709
    0.0000   45.0000  -45.0000 9208.3311   20.8584
    7.5000   45.0000  -45.0000 8786.0029   20.8701
   -7.5000  -45.0000  -37.5000 6821.9678   22.1045
    0.0000  -45.0000  -37.5000 7105.2764   22.0932
    7.5000  -45.0000  -37.5000 6774.9814   22.1006
   -7.5000  -37.5000  -37.5000 7338.5029   21.7752
    0.0000  -37.5000  -37.5000 7642.7007   21.7588
    7.5000  -37.5000  -37.5000 7282.4248   21.7542
   -7.5000  -30.0000  -37.5000 8212.5869   21.5451
    0.0000  -30.0000  -37.5000 8541.0938   21.5246
    7.5000  -30.0000  -37.5000 8146.2617   21.5153
   -7.5000  -22.5000  -37.5000 9225.9668   21.4390
    0.0000  -22.5000  -37.5000 9591.6484   21.4216
    7.5000  -22.5000  -37.5000 9146.1270   21.4172
   -7.5000  -15.0000  -37.500010103.4814   21.3838
    0.0000  -15.0000  -37.500010522.1045   21.3711
    7.5000  -15.0000  -37.500010030.6631   21.3766
   -7.5000   -7.5000  -37.500010891.7490   21.4376
    0.0000   -7.5000  -37.500011342.7090   21.4275
    7.5000   -7.5000  -37.500010775.5273   21.4402
   -7.5000    0.0000  -37.500011575.5742   21.5460
    0.0000    0.0000  -37.500012010.8252   21.5349
    7.5000    0.0000  -37.500011400.4814   21.5423
   -7.5000    7.5000  -37.500011363.8652   21.5955
    0.0000    7.5000  -37.500011815.5352   21.5786
    7.5000    7.5000  -37.500011219.1338   21.5740
   -7.5000   15.0000  -37.500011051.4922   21.5422
    0.0000   15.0000  -37.500011496.0322   21.5217
    7.5000   15.0000  -37.500010943.9424   21.5124
   -7.5000   22.5000  -37.500010794.0137   21.4360
    0.0000   22.5000  -37.500011248.8848   21.4187
    7.5000   22.5000  -37.500010741.8857   21.4143
   -7.5000   30.0000  -37.500010448.8916   21.0988
    0.0000   30.0000  -37.500010864.5283   21.0863
    7.5000   30.0000  -37.500010348.3555   21.0917
   -7.5000   37.5000  -37.500010196.9395   21.1519
    0.0000   37.5000  -37.500010591.8008   21.1420
    7.5000   37.5000  -37.500010094.4395   21.1545
   -7.5000   45.0000  -37.5000 9405.8467   20.7191
    0.0000   45.0000  -37.5000 9768.5664   20.7084
    7.5000   45.0000  -37.5000 9300.2568   20.7155
   -7.5000  -45.0000  -30.0000 7382.6440   22.9058
    0.0000  -45.0000  -30.0000 7692.5156   22.9001
    7.5000  -45.0000  -30.0000 7349.8203   22.9161
   -7.5000  -37.5000  -30.0000 7969.9995   22.5557
    0.0000  -37.5000  -30.0000 8291.5205   22.5412
    7.5000  -37.5000  -30.0000 7913.6616   22.5450
   -7.5000  -30.0000  -30.0000 8946.6523   22.3152
    0.0000  -30.0000  -30.0000 9307.1855   22.2908
    7.5000  -30.0000  -30.0000 8867.4834   22.2845
   -7.5000  -22.5000  -30.000010040.0068   22.2153
    0.0000  -22.5000  -30.000010441.7559   22.1903
    7.5000  -22.5000  -30.0000 9950.5625   22.1838
   -7.5000  -15.0000  -30.000010997.8691   22.1692
    0.0000  -15.0000  -30.000011440.9238   22.1514
    7.5000  -15.0000  -30.000010905.6699   22.1541
   -7.5000   -7.5000  -30.000011840.1182   22.2260
    0.0000   -7.5000  -30.000012301.0576   22.2172
    7.5000   -7.5000  -30.000011687.4824   22.2322
   -7.5000    0.0000  -30.000012565.5020   22.3295
    0.0000    0.0000  -30.000013039.4443   22.3233
    7.5000    0.0000  -30.000012378.9229   22.3392
   -7.5000    7.5000  -30.000012343.9629   22.3699
    0.0000    7.5000  -30.000012842.2852   22.3551
    7.5000    7.5000  -30.000012182.0332   22.3592
   -7.5000   15.0000  -30.000011974.0215   22.3122
    0.0000   15.0000  -30.000012472.7324   22.2878
    7.5000   15.0000  -30.000011865.1885   22.2817
   -7.5000   22.5000  -30.000011703.7656   22.2099
    0.0000   22.5000  -30.000012200.6963   22.1850
    7.5000   22.5000  -30.000011612.9902   22.1785
   -7.5000   30.0000  -30.000011269.5293   21.8759
    0.0000   30.0000  -30.000011725.6416   21.8583
    7.5000   30.0000  -30.000011154.0752   21.8610
   -7.5000   37.5000  -30.000010994.8379   21.9319
    0.0000   37.5000  -30.000011437.4883   21.9232
    7.5000   37.5000  -30.000010872.9482   21.9381
   -7.5000   45.0000  -30.000010132.2676   21.4883
    0.0000   45.0000  -30.000010519.4746   21.4822
    7.5000   45.0000  -30.000010024.9199   21.4976
   -7.5000  -45.0000  -22.5000 8003.4131   23.6721
    0.0000  -45.0000  -22.5000 8315.7998   23.6710
    7.5000  -45.0000  -22.5000 7965.4746   23.6998
   -7.5000  -37.5000  -22.5000 8650.0225   23.3103
    0.0000  -37.5000  -22.5000 8976.3037   23.3002
    7.5000  -37.5000  -22.5000 8575.5947   23.3153
   -7.5000  -30.0000  -22.5000 9731.2256   23.0670
    0.0000  -30.0000  -22.500010071.3350   23.0459
    7.5000  -30.0000  -22.5000 9600.2100   23.0452
   -7.5000  -22.5000  -22.500010922.9863   22.9649
    0.0000  -22.5000  -22.500011303.6045   22.9438
    7.5000  -22.5000  -22.500010778.7148   22.9396
   -7.5000  -15.0000  -22.500011962.2207   22.9157
    0.0000  -15.0000  -22.500012405.1729   22.9034
    7.5000  -15.0000  -22.500011821.2803   22.9095
   -7.5000   -7.5000  -22.500012860.5381   22.9715
    0.0000   -7.5000  -22.500013330.2490   22.9679
    7.5000   -7.5000  -22.500012672.8779   22.9907
   -7.5000    0.0000  -22.500013619.2930   23.0747
    0.0000    0.0000  -22.500014127.8125   23.0732
    7.5000    0.0000  -22.500013452.0918   23.1014
   -7.5000    7.5000  -22.500013418.7070   23.1181
    0.0000    7.5000  -22.500013920.7354   23.1077
    7.5000    7.5000  -22.500013242.9971   23.1229
   -7.5000   15.0000  -22.500013021.3027   23.0640
    0.0000   15.0000  -22.500013522.9082   23.0429
    7.5000   15.0000  -22.500012873.1143   23.0422
   -7.5000   22.5000  -22.500012681.2490   22.9578
    0.0000   22.5000  -22.500013189.4336   22.9368
    7.5000   22.5000  -22.500012573.1514   22.9325
   -7.5000   30.0000  -22.500012166.0518   22.6160
    0.0000   30.0000  -22.500012622.0430   22.6038
    7.5000   30.0000  -22.500012007.5508   22.6098
   -7.5000   37.5000  -22.500011832.9531   22.6711
    0.0000   37.5000  -22.500012290.6807   22.6675
    7.5000   37.5000  -22.500011694.9648   22.6900
   -7.5000   45.0000  -22.500010890.3301   22.2221
    0.0000   45.0000  -22.500011305.5078   22.2207
    7.5000   45.0000  -22.500010793.0771   22.2478
   -7.5000  -45.0000  -15.0000 8639.7236   24.2466
    0.0000  -45.0000  -15.0000 8977.4443   24.2433
    7.5000  -45.0000  -15.0000 8595.9854   24.2754
   -7.5000  -37.5000  -15.0000 9340.1699   23.8823
    0.0000  -37.5000  -15.0000 9701.7285   23.8733
    7.5000  -37.5000  -15.0000 9246.9355   23.8910
   -7.5000  -30.0000  -15.000010494.7129   23.6374
    0.0000  -30.0000  -15.000010883.8652   23.6228
    7.5000  -30.0000  -15.000010346.6797   23.6247
   -7.5000  -22.5000  -15.000011763.7109   23.5246
    0.0000  -22.5000  -15.000012211.2285   23.5142
    7.5000  -22.5000  -15.000011614.1738   23.5141
   -7.5000  -15.0000  -15.000012918.9336   23.4656
    0.0000  -15.0000  -15.000013423.8252   23.4627
    7.5000  -15.0000  -15.000012750.4746   23.4741
   -7.5000   -7.5000  -15.000013895.0400   23.5228
    0.0000   -7.5000  -15.000014402.3965   23.5218
    7.5000   -7.5000  -15.000013712.0117   23.5490
   -7.5000    0.0000  -15.000014681.5908   23.6329
    0.0000    0.0000  -15.000015239.6523   23.6299
    7.5000    0.0000  -15.000014503.8516   23.6609
   -7.5000    7.5000  -15.000014441.3789   23.6854
    0.0000    7.5000  -15.000014975.1211   23.6764
    7.5000    7.5000  -15.000014251.9404   23.6938
   -7.5000   15.0000  -15.000014040.0879   23.6343
    0.0000   15.0000  -15.000014558.3779   23.6197
    7.5000   15.0000  -15.000013884.4121   23.6216
   -7.5000   22.5000  -15.000013698.2568   23.5163
    0.0000   22.5000  -15.000014189.9609   23.5058
    7.5000   22.5000  -15.000013552.8193   23.5057
   -7.5000   30.0000  -15.000013048.5498   23.1619
    0.0000   30.0000  -15.000013527.4502   23.1591
    7.5000   30.0000  -15.000012890.0459   23.1703
   -7.5000   37.5000  -15.000012663.1250   23.2183
    0.0000   37.5000  -15.000013126.3506   23.2174
    7.5000   37.5000  -15.000012539.3652   23.2442
   -7.5000   45.0000  -15.000011672.2148   22.7734
    0.0000   45.0000  -15.000012104.6592   22.7705
    7.5000   45.0000  -15.000011588.2695   22.8004
   -7.5000  -45.0000   -7.5000 9291.5479   24.5576
    0.0000  -45.0000   -7.5000 9656.0010   24.5468
    7.5000  -45.0000   -7.5000 9242.2188   24.5704
   -7.5000  -37.5000   -7.500010069.8838   24.1961
    0.0000  -37.5000   -7.500010453.0303   24.1827
    7.5000  -37.5000   -7.5000 9966.0205   24.1908
   -7.5000  -30.0000   -7.500011290.8906   23.9471
    0.0000  -30.0000   -7.500011708.5215   23.9340
    7.5000  -30.0000   -7.500011135.0371   23.9316
   -7.5000  -22.5000   -7.500012647.2373   23.8230
    0.0000  -22.5000   -7.500013101.6738   23.8176
    7.5000  -22.5000   -7.500012464.9316   23.8194
   -7.5000  -15.0000   -7.500013899.1514   23.7560
    0.0000  -15.0000   -7.500014411.3047   23.7558
    7.5000  -15.0000   -7.500013709.1123   23.7707
   -7.5000   -7.5000   -7.500015031.1475   23.8163
    0.0000   -7.5000   -7.500015571.2344   23.8118
    7.5000   -7.5000   -7.500014822.3867   23.8376
   -7.5000    0.0000   -7.500015894.6963   23.9363
    0.0000    0.0000   -7.500016482.7461   23.9263
    7.5000    0.0000   -7.500015654.4277   23.9490
   -7.5000    7.5000   -7.500015549.6914   23.9970
    0.0000    7.5000   -7.500016123.6523   23.9835
    7.5000    7.5000   -7.500015368.1699   23.9911
   -7.5000   15.0000   -7.500015098.4512   23.9439
    0.0000   15.0000   -7.500015659.3262   23.9307
    7.5000   15.0000   -7.500014948.4668   23.9283
   -7.5000   22.5000   -7.500014718.9453   23.8120
    0.0000   22.5000   -7.500015263.0283   23.8066
    7.5000   22.5000   -7.500014584.6953   23.8084
   -7.5000   30.0000   -7.500013973.7266   23.4480
    0.0000   30.0000   -7.500014472.2617   23.4477
    7.5000   30.0000   -7.500013804.2676   23.4624
   -7.5000   37.5000   -7.500013555.1943   23.5074
    0.0000   37.5000   -7.500014023.2842   23.5030
    7.5000   37.5000   -7.500013405.7539   23.5284
   -7.5000   45.0000   -7.500012516.8867   23.0701
    0.0000   45.0000   -7.500012967.0127   23.0605
    7.5000   45.0000   -7.500012411.2598   23.0823
   -7.5000  -45.0000    0.0000 9898.7881   24.6261
    0.0000  -45.0000    0.000010276.4648   24.6106
    7.5000  -45.0000    0.0000 9841.8213   24.6228
   -7.5000  -37.5000    0.000010734.9824   24.2649
    0.0000  -37.5000    0.000011141.5918   24.2472
    7.5000  -37.5000    0.000010616.5166   24.2440
   -7.5000  -30.0000    0.000012026.1914   24.0112
    0.0000  -30.0000    0.000012480.9023   23.9945
    7.5000  -30.0000    0.000011870.3838   23.9863
   -7.5000  -22.5000    0.000013443.7930   23.8853
    0.0000  -22.5000    0.000013957.8125   23.8764
    7.5000  -22.5000    0.000013262.1631   23.8767
   -7.5000  -15.0000    0.000014767.2021   23.8187
    0.0000  -15.0000    0.000015329.5332   23.8138
    7.5000  -15.0000    0.000014572.9541   23.8273
   -7.5000   -7.5000    0.000016040.6172   23.8808
    0.0000   -7.5000    0.000016605.0254   23.8716
    7.5000   -7.5000    0.000015785.6104   23.8918
   -7.5000    0.0000    0.000017089.5762   24.0051
    0.0000    0.0000    0.000017693.9883   23.9904
    7.5000    0.0000    0.000016775.3652   24.0020
   -7.5000    7.5000    0.000016643.2715   24.0657
    0.0000    7.5000    0.000017311.1387   24.0475
    7.5000    7.5000    0.000016420.6348   24.0440
   -7.5000   15.0000    0.000016058.6182   24.0079
    0.0000   15.0000    0.000016662.7695   23.9912
    7.5000   15.0000    0.000015909.7480   23.9830
   -7.5000   22.5000    0.000015613.9180   23.8742
    0.0000   22.5000    0.000016201.3779   23.8654
    7.5000   22.5000    0.000015473.2920   23.8657
   -7.5000   30.0000    0.000014799.0459   23.5104
    0.0000   30.0000    0.000015307.5254   23.5056
    7.5000   30.0000    0.000014586.9951   23.5189
   -7.5000   37.5000    0.000014351.4619   23.5718
    0.0000   37.5000    0.000014842.2598   23.5626
    7.5000   37.5000    0.000014143.5840   23.5826
   -7.5000   45.0000    0.000013289.4717   23.1381
    0.0000   45.0000    0.000013782.4805   23.1240
    7.5000   45.0000    0.000013129.3291   23.1352
   -7.5000  -45.0000    7.5000 9799.5010   24.6195
    0.0000  -45.0000    7.500010168.4316   24.6060
    7.5000  -45.0000    7.5000 9690.9521   24.6142
   -7.5000  -37.5000    7.500010579.5176   24.2512
    0.0000  -37.5000    7.500010991.5439   24.2323
    7.5000  -37.5000    7.500010453.9932   24.2271
   -7.5000  -30.0000    7.500011813.9873   23.9934
    0.0000  -30.0000    7.500012282.9473   23.9706
    7.5000  -30.0000    7.500011696.6816   23.9605
   -7.5000  -22.5000    7.500013159.3271   23.8763
    0.0000  -22.5000    7.500013691.2744   23.8573
    7.5000  -22.5000    7.500013042.0420   23.8530
   -7.5000  -15.0000    7.500014428.1357   23.8184
    0.0000  -15.0000    7.500014974.5801   23.8044
    7.5000  -15.0000    7.500014306.9434   23.8111
   -7.5000   -7.5000    7.500015642.6514   23.8806
    0.0000   -7.5000    7.500016179.6885   23.8689
    7.5000   -7.5000    7.500015468.7236   23.8832
   -7.5000    0.0000    7.500016893.9590   24.0002
    0.0000    0.0000    7.500017555.2637   23.9869
    7.5000    0.0000    7.500016538.9629   23.9951
   -7.5000    7.5000    7.500016590.9043   24.0520
    0.0000    7.5000    7.500017317.3066   24.0325
    7.5000    7.5000    7.500016277.6416   24.0274
   -7.5000   15.0000    7.500015860.2920   23.9901
    0.0000   15.0000    7.500016521.5098   23.9674
    7.5000   15.0000    7.500015727.6279   23.9574
   -7.5000   22.5000    7.500015354.7559   23.8653
    0.0000   22.5000    7.500015948.1309   23.8463
    7.5000   22.5000    7.500015212.9482   23.8420
   -7.5000   30.0000    7.500014489.8398   23.5102
    0.0000   30.0000    7.500015001.1465   23.4963
    7.5000   30.0000    7.500014266.5693   23.5029
   -7.5000   37.5000    7.500014063.6396   23.5716
    0.0000   37.5000    7.500014558.4150   23.5600
    7.5000   37.5000    7.500013827.5303   23.5741
   -7.5000   45.0000    7.500013060.0928   23.1334
    0.0000   45.0000    7.500013551.9414   23.1206
    7.5000   45.0000    7.500012856.1396   23.1285
   -7.5000  -45.0000   15.0000 9507.1396   24.5947
    0.0000  -45.0000   15.0000 9883.9619   24.5881
    7.5000  -45.0000   15.0000 9397.0498   24.6053
   -7.5000  -37.5000   15.000010255.1719   24.2191
    0.0000  -37.5000   15.000010678.0176   24.2033
    7.5000  -37.5000   15.000010137.1143   24.2072
   -7.5000  -30.0000   15.000011444.8242   23.9613
    0.0000  -30.0000   15.000011939.1504   23.9350
    7.5000  -30.0000   15.000011351.3037   23.9281
   -7.5000  -22.5000   15.000012734.6191   23.8542
    0.0000  -22.5000   15.000013266.8428   23.8273
    7.5000  -22.5000   15.000012649.7852   23.8202
   -7.5000  -15.0000   15.000013930.6611   23.8045
    0.0000  -15.0000   15.000014460.0830   23.7852
    7.5000  -15.0000   15.000013877.1650   23.7880
   -7.5000   -7.5000   15.000015071.5127   23.8649
    0.0000   -7.5000   15.000015620.9941   23.8552
    7.5000   -7.5000   15.000014994.8145   23.8713
   -7.5000    0.0000   15.000016390.5781   23.9760
    0.0000    0.0000   15.000017153.2754   23.9688
    7.5000    0.0000   15.000016029.0645   23.9859
   -7.5000    7.5000   15.000016310.4082   24.0197
    0.0000    7.5000   15.000017116.8184   24.0034
    7.5000    7.5000   15.000015918.8994   24.0077
   -7.5000   15.0000   15.000015752.5732   23.9581
    0.0000   15.0000   15.000016434.7715   23.9318
    7.5000   15.0000   15.000015442.1943   23.9251
   -7.5000   22.5000   15.000015218.3789   23.8431
    0.0000   22.5000   15.000015753.7861   23.8163
    7.5000   22.5000   15.000014887.5654   23.8092
   -7.5000   30.0000   15.000014199.3926   23.4964
    0.0000   30.0000   15.000014679.7598   23.4773
    7.5000   30.0000   15.000013890.3926   23.4801
   -7.5000   37.5000   15.000013669.0449   23.5561
    0.0000   37.5000   15.000014137.6650   23.5464
    7.5000   37.5000   15.000013406.3613   23.5624
   -7.5000   45.0000   15.000012684.4385   23.1101
    0.0000   45.0000   15.000013153.4355   23.1032
    7.5000   45.0000   15.000012464.1396   23.1197
   -7.5000  -45.0000   22.5000 9073.4961   24.5773
    0.0000  -45.0000   22.5000 9476.3379   24.5766
    7.5000  -45.0000   22.5000 9007.6416   24.6066
   -7.5000  -37.5000   22.5000 9807.1699   24.2015
    0.0000  -37.5000   22.500010252.7021   24.1912
    7.5000  -37.5000   22.5000 9736.2764   24.2069
   -7.5000  -30.0000   22.500010965.7275   23.9487
    0.0000  -30.0000   22.500011438.8076   23.9269
    7.5000  -30.0000   22.500010896.0312   23.9262
   -7.5000  -22.5000   22.500012185.7725   23.8427
    0.0000  -22.5000   22.500012673.4141   23.8210
    7.5000  -22.5000   22.500012135.5576   23.8166
   -7.5000  -15.0000   22.500013301.9473   23.7918
    0.0000  -15.0000   22.500013812.8906   23.7792
    7.5000  -15.0000   22.500013307.6553   23.7856
   -7.5000   -7.5000   22.500014430.7021   23.8498
    0.0000   -7.5000   22.500015019.6250   23.8464
    7.5000   -7.5000   22.500014384.5381   23.8702
   -7.5000    0.0000   22.500015572.6631   23.9570
    0.0000    0.0000   22.500016195.8936   23.9558
    7.5000    0.0000   22.500015354.2090   23.9852
   -7.5000    7.5000   22.500015395.3740   24.0018
    0.0000    7.5000   22.500015966.0225   23.9913
    7.5000    7.5000   22.500015128.4131   24.0072
   -7.5000   15.0000   22.500015043.0664   23.9455
    0.0000   15.0000   22.500015568.5850   23.9238
    7.5000   15.0000   22.500014758.6260   23.9231
   -7.5000   22.5000   22.500014649.6230   23.8317
    0.0000   22.5000   22.500015157.5391   23.8100
    7.5000   22.5000   22.500014360.3623   23.8056
   -7.5000   30.0000   22.500013635.3916   23.4839
    0.0000   30.0000   22.500014099.2852   23.4715
    7.5000   30.0000   22.500013366.0439   23.4777
   -7.5000   37.5000   22.500013102.3633   23.5412
    0.0000   37.5000   22.500013530.7842   23.5378
    7.5000   37.5000   22.500012860.1270   23.5613
   -7.5000   45.0000   22.500012141.8389   23.0918
    0.0000   45.0000   22.500012572.7744   23.0906
    7.5000   45.0000   22.500011943.5420   23.1189
   -7.5000  -45.0000   30.0000 8533.3037   24.5894
    0.0000  -45.0000   30.0000 8921.4492   24.5869
    7.5000  -45.0000   30.0000 8482.3105   24.6198
   -7.5000  -37.5000   30.0000 9244.0459   24.2194
    0.0000  -37.5000   30.0000 9644.5625   24.2108
    7.5000  -37.5000   30.0000 9184.3164   24.2289
   -7.5000  -30.0000   30.000010355.4150   23.9706
    0.0000  -30.0000   30.000010772.1914   23.9561
    7.5000  -30.0000   30.000010279.6904   23.9581
   -7.5000  -22.5000   30.000011491.4141   23.8563
    0.0000  -22.5000   30.000011955.8721   23.8461
    7.5000  -22.5000   30.000011444.3486   23.8460
   -7.5000  -15.0000   30.000012584.1055   23.7969
    0.0000  -15.0000   30.000013075.9756   23.7946
    7.5000  -15.0000   30.000012559.9160   23.8062
   -7.5000   -7.5000   30.000013651.5566   23.8551
    0.0000   -7.5000   30.000014202.9932   23.8549
    7.5000   -7.5000   30.000013581.9854   23.8828
   -7.5000    0.0000   30.000014548.4912   23.9668
    0.0000    0.0000   30.000015070.2031   23.9645
    7.5000    0.0000   30.000014438.4844   23.9963
   -7.5000    7.5000   30.000014257.4688   24.0196
    0.0000    7.5000   30.000014736.6660   24.0110
    7.5000    7.5000   30.000014178.6484   24.0288
   -7.5000   15.0000   30.000013976.0078   23.9674
    0.0000   15.0000   30.000014449.6006   23.9529
    7.5000   15.0000   30.000013869.4219   23.9549
   -7.5000   22.5000   30.000013706.9385   23.8453
    0.0000   22.5000   30.000014202.9639   23.8351
    7.5000   22.5000   30.000013591.5225   23.8350
   -7.5000   30.0000   30.000012828.8535   23.4889
    0.0000   30.0000   30.000013275.9795   23.4866
    7.5000   30.0000   30.000012687.9346   23.4981
   -7.5000   37.5000   30.000012351.5332   23.5464
    0.0000   37.5000   30.000012753.6602   23.5462
    7.5000   37.5000   30.000012167.1025   23.5737
   -7.5000   45.0000   30.000011462.8525   23.1012
    0.0000   45.0000   30.000011834.8096   23.0990
    7.5000   45.0000   30.000011260.2090   23.1297
   -7.5000  -45.0000   37.5000 8304.0967   24.6928
    0.0000  -45.0000   37.5000 8679.4062   24.6824
    7.5000  -45.0000   37.5000 8254.3125   24.7066
   -7.5000  -37.5000   37.5000 8987.0078   24.3273
    0.0000  -37.5000   37.5000 9369.7021   24.3144
    7.5000  -37.5000   37.5000 8930.3936   24.3228
   -7.5000  -30.0000   37.500010055.3672   24.0760
    0.0000  -30.0000   37.500010462.2686   24.0633
    7.5000  -30.0000   37.5000 9986.1182   24.0612
   -7.5000  -22.5000   37.500011175.6660   23.9514
    0.0000  -22.5000   37.500011604.5732   23.9465
    7.5000  -22.5000   37.500011108.0635   23.9488
   -7.5000  -15.0000   37.500012230.6123   23.8846
    0.0000  -15.0000   37.500012730.4580   23.8848
    7.5000  -15.0000   37.500012186.0703   23.9004
   -7.5000   -7.5000   37.500013211.3262   23.9455
    0.0000   -7.5000   37.500013745.6943   23.9414
    7.5000   -7.5000   37.500013134.3086   23.9679
   -7.5000    0.0000   37.500014016.6758   24.0660
    0.0000    0.0000   37.500014510.4590   24.0565
    7.5000    0.0000   37.500013928.5889   24.0797
   -7.5000    7.5000   37.500013736.6445   24.1265
    0.0000    7.5000   37.500014222.8018   24.1134
    7.5000    7.5000   37.500013691.0420   24.1213
   -7.5000   15.0000   37.500013469.0752   24.0727
    0.0000   15.0000   37.500013946.2129   24.0600
    7.5000   15.0000   37.500013406.6924   24.0579
   -7.5000   22.5000   37.500013235.2520   23.9404
    0.0000   22.5000   37.500013706.1016   23.9354
    7.5000   22.5000   37.500013139.9072   23.9378
   -7.5000   30.0000   37.500012394.1250   23.5755
    0.0000   30.0000   37.500012797.9717   23.5757
    7.5000   30.0000   37.500012273.2041   23.5910
   -7.5000   37.5000   37.500011952.7891   23.6356
    0.0000   37.5000   37.500012326.7773   23.6316
    7.5000   37.5000   37.500011806.0303   23.6577
   -7.5000   45.0000   37.500011051.5156   23.1969
    0.0000   45.0000   37.500011417.6836   23.1877
    7.5000   45.0000   37.500010888.9736   23.2100
   -7.5000  -45.0000   45.0000 7683.9219   24.8209
    0.0000  -45.0000   45.0000 8026.5830   24.8062
    7.5000  -45.0000   45.0000 7632.6729   24.8194
   -7.5000  -37.5000   45.0000 8305.3164   24.4496
    0.0000  -37.5000   45.0000 8662.6523   24.4322
    7.5000  -37.5000   45.0000 8268.5020   24.4291
   -7.5000  -30.0000   45.0000 9297.2168   24.1913
    0.0000  -30.0000   45.0000 9678.6943   24.1743
    7.5000  -30.0000   45.0000 9240.4297   24.1653
   -7.5000  -22.5000   45.000010341.3799   24.0656
    0.0000  -22.5000   45.000010743.9014   24.0565
    7.5000  -22.5000   45.000010269.3652   24.0563
   -7.5000  -15.0000   45.000011300.0742   23.9997
    0.0000  -15.0000   45.000011755.7451   23.9949
    7.5000  -15.0000   45.000011252.6426   24.0087
   -7.5000   -7.5000   45.000012165.5566   24.0623
    0.0000   -7.5000   45.000012655.8564   24.0535
    7.5000   -7.5000   45.000012107.1426   24.0748
   -7.5000    0.0000   45.000012850.2100   24.1861
    0.0000    0.0000   45.000013327.9355   24.1722
    7.5000    0.0000   45.000012806.1074   24.1849
   -7.5000    7.5000   45.000012600.7891   24.2460
    0.0000    7.5000   45.000013073.4590   24.2282
    7.5000    7.5000   45.000012596.1309   24.2247
   -7.5000   15.0000   45.000012357.9189   24.1879
    0.0000   15.0000   45.000012814.3857   24.1710
    7.5000   15.0000   45.000012322.5518   24.1620
   -7.5000   22.5000   45.000012144.4541   24.0544
    0.0000   22.5000   45.000012597.7021   24.0453
    7.5000   22.5000   45.000012085.1846   24.0451
   -7.5000   30.0000   45.000011366.9248   23.6871
    0.0000   30.0000   45.000011759.6357   23.6823
    7.5000   30.0000   45.000011291.8408   23.6959
   -7.5000   37.5000   45.000010934.6289   23.7488
    0.0000   37.5000   45.000011319.9189   23.7401
    7.5000   37.5000   45.000010855.7559   23.7611
   -7.5000   45.0000   45.000010125.1729   23.3232
    0.0000   45.0000   45.000010473.4580   23.3098
    7.5000   45.0000   45.000010017.9492   23.3220

---------------------------------------------------------------------
imgreg_4dfp /opt/freesurfer/average/711-2C_as_mni_average_305 /opt/freesurfer/average/711-2B_as_mni_average_305_mask talsrcimg_g11 none talsrcimg_to_711-2C_as_mni_average_305_t4 4355
---------------------------------------------------------------------

freesurfer imgreg_4dfp.c
/opt/freesurfer/average/711-2C_as_mni_average_305.4dfp.img
       256       256       256         1
  1.000000  1.000000  1.000000
orientation T byte_order littleendian
Reading image: /opt/freesurfer/average/711-2C_as_mni_average_305.4dfp.img
dimensions:      256       256       256
mmppix:       1.0000   -1.0000   -1.0000
center:     128.0000 -129.0000 -129.0000
/opt/freesurfer/average/711-2B_as_mni_average_305_mask.4dfp.img
       256       256       256         1
  1.000000  1.000000  1.000000
orientation T byte_order littleendian
Reading mask: /opt/freesurfer/average/711-2B_as_mni_average_305_mask.4dfp.img (2306576 pixels)
talsrcimg_g11.4dfp.img
       256       256       256         1
  1.000000  1.000000  1.000000
orientation T byte_order littleendian
Reading image: talsrcimg_g11.4dfp.img
dimensions:      256       256       256
mmppix:       1.0000   -1.0000   -1.0000
center:     128.0000 -129.0000 -129.0000
rotation matrix determinant  1.000000
image alignment mode   4355 decimal     1103 hex
   -7.5000  -45.0000  -45.0000 1872.3043   33.9983
    0.0000  -45.0000  -45.0000 1868.3247   33.7268
    7.5000  -45.0000  -45.0000 1849.5961   33.9586
   -7.5000  -37.5000  -45.0000 1970.9674   30.3644
    0.0000  -37.5000  -45.0000 1970.6351   30.2573
    7.5000  -37.5000  -45.0000 1943.6632   30.5352
   -7.5000  -30.0000  -45.0000 2057.2808   27.4633
    0.0000  -30.0000  -45.0000 2056.0886   27.3945
    7.5000  -30.0000  -45.0000 2029.8318   27.7235
   -7.5000  -22.5000  -45.0000 2153.0337   25.3982
    0.0000  -22.5000  -45.0000 2155.6772   25.2780
    7.5000  -22.5000  -45.0000 2135.3096   25.6530
   -7.5000  -15.0000  -45.0000 2218.5115   24.0048
    0.0000  -15.0000  -45.0000 2219.5208   23.8657
    7.5000  -15.0000  -45.0000 2199.6641   24.2015
   -7.5000   -7.5000  -45.0000 2257.8154   22.9869
    0.0000   -7.5000  -45.0000 2258.3293   22.9145
    7.5000   -7.5000  -45.0000 2233.1665   23.2771
   -7.5000    0.0000  -45.0000 2272.2087   22.4144
    0.0000    0.0000  -45.0000 2272.3411   22.3491
    7.5000    0.0000  -45.0000 2243.5737   22.7103
   -7.5000    7.5000  -45.0000 2275.0835   22.2614
    0.0000    7.5000  -45.0000 2279.1233   22.2208
    7.5000    7.5000  -45.0000 2253.0576   22.6634
   -7.5000   15.0000  -45.0000 2263.5173   22.5178
    0.0000   15.0000  -45.0000 2272.7300   22.4424
    7.5000   15.0000  -45.0000 2243.7969   22.8891
   -7.5000   22.5000  -45.0000 2237.4604   23.0708
    0.0000   22.5000  -45.0000 2249.6055   22.9987
    7.5000   22.5000  -45.0000 2224.7810   23.4433
   -7.5000   30.0000  -45.0000 2204.5559   24.0673
    0.0000   30.0000  -45.0000 2215.8823   23.9368
    7.5000   30.0000  -45.0000 2191.0437   24.3753
   -7.5000   37.5000  -45.0000 2155.4158   25.3740
    0.0000   37.5000  -45.0000 2165.8040   25.2826
    7.5000   37.5000  -45.0000 2141.3755   25.6865
   -7.5000   45.0000  -45.0000 2087.7205   27.1142
    0.0000   45.0000  -45.0000 2093.2881   26.9770
    7.5000   45.0000  -45.0000 2068.6882   27.4236
   -7.5000  -45.0000  -37.5000 1942.2188   31.1289
    0.0000  -45.0000  -37.5000 1946.4014   31.1082
    7.5000  -45.0000  -37.5000 1924.7012   31.3942
   -7.5000  -37.5000  -37.5000 2054.0000   27.9312
    0.0000  -37.5000  -37.5000 2057.4717   27.9161
    7.5000  -37.5000  -37.5000 2031.4221   28.2494
   -7.5000  -30.0000  -37.5000 2155.2036   25.3196
    0.0000  -30.0000  -37.5000 2154.5098   25.2690
    7.5000  -30.0000  -37.5000 2129.9978   25.5480
   -7.5000  -22.5000  -37.5000 2261.4802   23.3271
    0.0000  -22.5000  -37.5000 2260.2693   23.2325
    7.5000  -22.5000  -37.5000 2234.2146   23.5169
   -7.5000  -15.0000  -37.5000 2325.9392   22.0034
    0.0000  -15.0000  -37.5000 2322.0342   21.8874
    7.5000  -15.0000  -37.5000 2298.0962   22.1835
   -7.5000   -7.5000  -37.5000 2362.6516   21.1085
    0.0000   -7.5000  -37.5000 2367.0947   21.0018
    7.5000   -7.5000  -37.5000 2332.6270   21.3244
   -7.5000    0.0000  -37.5000 2379.6716   20.6467
    0.0000    0.0000  -37.5000 2381.0535   20.5284
    7.5000    0.0000  -37.5000 2345.9919   20.8116
   -7.5000    7.5000  -37.5000 2377.7007   20.4755
    0.0000    7.5000  -37.5000 2384.0557   20.3849
    7.5000    7.5000  -37.5000 2353.0811   20.7200
   -7.5000   15.0000  -37.5000 2362.9329   20.6841
    0.0000   15.0000  -37.5000 2373.1809   20.5022
    7.5000   15.0000  -37.5000 2342.6240   20.8967
   -7.5000   22.5000  -37.5000 2342.1392   21.0894
    0.0000   22.5000  -37.5000 2354.8364   21.0447
    7.5000   22.5000  -37.5000 2330.1467   21.4212
   -7.5000   30.0000  -37.5000 2310.1038   22.0151
    0.0000   30.0000  -37.5000 2322.6155   21.8685
    7.5000   30.0000  -37.5000 2299.0613   22.3254
   -7.5000   37.5000  -37.5000 2259.7720   23.2029
    0.0000   37.5000  -37.5000 2271.7510   23.0932
    7.5000   37.5000  -37.5000 2249.4045   23.4867
   -7.5000   45.0000  -37.5000 2190.6418   24.8358
    0.0000   45.0000  -37.5000 2198.0591   24.6784
    7.5000   45.0000  -37.5000 2169.5544   25.1038
   -7.5000  -45.0000  -30.0000 2049.6658   29.7390
    0.0000  -45.0000  -30.0000 2056.9885   29.7216
    7.5000  -45.0000  -30.0000 2035.9735   30.0458
   -7.5000  -37.5000  -30.0000 2177.2932   26.7905
    0.0000  -37.5000  -30.0000 2181.1025   26.7301
    7.5000  -37.5000  -30.0000 2154.6104   27.0464
   -7.5000  -30.0000  -30.0000 2291.8242   24.2796
    0.0000  -30.0000  -30.0000 2292.6709   24.1942
    7.5000  -30.0000  -30.0000 2261.0994   24.4966
   -7.5000  -22.5000  -30.0000 2400.5266   22.2986
    0.0000  -22.5000  -30.0000 2400.0947   22.1918
    7.5000  -22.5000  -30.0000 2364.4111   22.4605
   -7.5000  -15.0000  -30.0000 2464.6958   20.8743
    0.0000  -15.0000  -30.0000 2466.6414   20.7737
    7.5000  -15.0000  -30.0000 2434.9612   21.0047
   -7.5000   -7.5000  -30.0000 2511.0981   20.0068
    0.0000   -7.5000  -30.0000 2509.6768   19.8752
    7.5000   -7.5000  -30.0000 2471.3413   20.1722
   -7.5000    0.0000  -30.0000 2529.1663   19.6000
    0.0000    0.0000  -30.0000 2532.4763   19.4501
    7.5000    0.0000  -30.0000 2496.0254   19.7521
   -7.5000    7.5000  -30.0000 2529.6660   19.4006
    0.0000    7.5000  -30.0000 2539.9978   19.2836
    7.5000    7.5000  -30.0000 2507.4709   19.6134
   -7.5000   15.0000  -30.0000 2518.0986   19.5722
    0.0000   15.0000  -30.0000 2530.5164   19.4139
    7.5000   15.0000  -30.0000 2502.7500   19.7790
   -7.5000   22.5000  -30.0000 2501.6436   19.9853
    0.0000   22.5000  -30.0000 2513.4451   19.8774
    7.5000   22.5000  -30.0000 2483.9460   20.2169
   -7.5000   30.0000  -30.0000 2465.9934   20.8560
    0.0000   30.0000  -30.0000 2477.6609   20.7039
    7.5000   30.0000  -30.0000 2447.3843   21.0855
   -7.5000   37.5000  -30.0000 2411.3677   22.0329
    0.0000   37.5000  -30.0000 2418.7480   21.8821
    7.5000   37.5000  -30.0000 2392.9385   22.2429
   -7.5000   45.0000  -30.0000 2337.0645   23.5803
    0.0000   45.0000  -30.0000 2342.8279   23.4425
    7.5000   45.0000  -30.0000 2312.0054   23.8548
   -7.5000  -45.0000  -22.5000 2134.8210   28.3867
    0.0000  -45.0000  -22.5000 2138.5068   28.2767
    7.5000  -45.0000  -22.5000 2121.8018   28.7445
   -7.5000  -37.5000  -22.5000 2268.3718   25.5806
    0.0000  -37.5000  -22.5000 2271.5244   25.4523
    7.5000  -37.5000  -22.5000 2245.9109   25.8210
   -7.5000  -30.0000  -22.5000 2393.0571   23.0977
    0.0000  -30.0000  -22.5000 2387.5400   22.9696
    7.5000  -30.0000  -22.5000 2355.2905   23.2992
   -7.5000  -22.5000  -22.5000 2510.2861   21.1220
    0.0000  -22.5000  -22.5000 2502.5344   21.0192
    7.5000  -22.5000  -22.5000 2468.0315   21.2623
   -7.5000  -15.0000  -22.5000 2579.1394   19.7462
    0.0000  -15.0000  -22.5000 2577.4382   19.6557
    7.5000  -15.0000  -22.5000 2546.3501   19.8465
   -7.5000   -7.5000  -22.5000 2628.7190   18.8662
    0.0000   -7.5000  -22.5000 2626.0918   18.7805
    7.5000   -7.5000  -22.5000 2590.2517   19.0218
   -7.5000    0.0000  -22.5000 2656.5923   18.3826
    0.0000    0.0000  -22.5000 2656.9951   18.2701
    7.5000    0.0000  -22.5000 2621.2993   18.5765
   -7.5000    7.5000  -22.5000 2666.4399   18.1163
    0.0000    7.5000  -22.5000 2674.4368   18.0323
    7.5000    7.5000  -22.5000 2641.5767   18.3482
   -7.5000   15.0000  -22.5000 2657.8164   18.2701
    0.0000   15.0000  -22.5000 2668.7021   18.1210
    7.5000   15.0000  -22.5000 2637.1570   18.4505
   -7.5000   22.5000  -22.5000 2641.3979   18.7356
    0.0000   22.5000  -22.5000 2654.7312   18.6151
    7.5000   22.5000  -22.5000 2617.2405   18.9514
   -7.5000   30.0000  -22.5000 2605.1733   19.5865
    0.0000   30.0000  -22.5000 2616.9570   19.4180
    7.5000   30.0000  -22.5000 2580.5527   19.7972
   -7.5000   37.5000  -22.5000 2542.3677   20.7080
    0.0000   37.5000  -22.5000 2550.4282   20.5453
    7.5000   37.5000  -22.5000 2520.4392   20.8967
   -7.5000   45.0000  -22.5000 2454.8240   22.1614
    0.0000   45.0000  -22.5000 2462.0876   22.0447
    7.5000   45.0000  -22.5000 2430.4622   22.4189
   -7.5000  -45.0000  -15.0000 2189.8857   27.2676
    0.0000  -45.0000  -15.0000 2190.9922   27.1080
    7.5000  -45.0000  -15.0000 2173.7820   27.5923
   -7.5000  -37.5000  -15.0000 2326.2183   24.4360
    0.0000  -37.5000  -15.0000 2326.4082   24.3423
    7.5000  -37.5000  -15.0000 2298.9988   24.6861
   -7.5000  -30.0000  -15.0000 2447.4854   21.9211
    0.0000  -30.0000  -15.0000 2446.3599   21.8654
    7.5000  -30.0000  -15.0000 2410.4678   22.1781
   -7.5000  -22.5000  -15.0000 2568.8232   20.0077
    0.0000  -22.5000  -15.0000 2568.2275   19.9413
    7.5000  -22.5000  -15.0000 2535.1782   20.2043
   -7.5000  -15.0000  -15.0000 2654.9019   18.6432
    0.0000  -15.0000  -15.0000 2657.9893   18.5553
    7.5000  -15.0000  -15.0000 2618.6533   18.8048
   -7.5000   -7.5000  -15.0000 2709.2649   17.7683
    0.0000   -7.5000  -15.0000 2712.8452   17.6905
    7.5000   -7.5000  -15.0000 2678.9697   17.9335
   -7.5000    0.0000  -15.0000 2742.3984   17.1958
    0.0000    0.0000  -15.0000 2744.4143   17.1251
    7.5000    0.0000  -15.0000 2713.4070   17.4417
   -7.5000    7.5000  -15.0000 2763.5000   16.9139
    0.0000    7.5000  -15.0000 2772.1897   16.8260
    7.5000    7.5000  -15.0000 2738.9429   17.1608
   -7.5000   15.0000  -15.0000 2765.9976   16.9979
    0.0000   15.0000  -15.0000 2773.2388   16.8694
    7.5000   15.0000  -15.0000 2739.2114   17.2250
   -7.5000   22.5000  -15.0000 2755.7554   17.4747
    0.0000   22.5000  -15.0000 2767.9309   17.3846
    7.5000   22.5000  -15.0000 2726.3584   17.7643
   -7.5000   30.0000  -15.0000 2714.1189   18.3459
    0.0000   30.0000  -15.0000 2727.6523   18.1987
    7.5000   30.0000  -15.0000 2686.2239   18.5475
   -7.5000   37.5000  -15.0000 2644.3381   19.4299
    0.0000   37.5000  -15.0000 2652.4155   19.2986
    7.5000   37.5000  -15.0000 2620.9707   19.6215
   -7.5000   45.0000  -15.0000 2548.9243   20.8657
    0.0000   45.0000  -15.0000 2553.2080   20.7369
    7.5000   45.0000  -15.0000 2524.3909   21.1048
   -7.5000  -45.0000   -7.5000 2227.8884   26.2160
    0.0000  -45.0000   -7.5000 2229.1440   26.1009
    7.5000  -45.0000   -7.5000 2208.2439   26.5817
   -7.5000  -37.5000   -7.5000 2363.1443   23.4472
    0.0000  -37.5000   -7.5000 2367.0757   23.3011
    7.5000  -37.5000   -7.5000 2337.1013   23.7051
   -7.5000  -30.0000   -7.5000 2482.8530   21.0161
    0.0000  -30.0000   -7.5000 2481.2954   20.8905
    7.5000  -30.0000   -7.5000 2448.9365   21.2594
   -7.5000  -22.5000   -7.5000 2617.0684   19.0693
    0.0000  -22.5000   -7.5000 2610.2622   18.9762
    7.5000  -22.5000   -7.5000 2579.7903   19.2611
   -7.5000  -15.0000   -7.5000 2712.3000   17.6852
    0.0000  -15.0000   -7.5000 2711.8069   17.5804
    7.5000  -15.0000   -7.5000 2677.1428   17.8445
   -7.5000   -7.5000   -7.5000 2778.3206   16.7601
    0.0000   -7.5000   -7.5000 2783.7654   16.6755
    7.5000   -7.5000   -7.5000 2751.0364   16.9562
   -7.5000    0.0000   -7.5000 2817.5276   16.2135
    0.0000    0.0000   -7.5000 2827.7615   16.1128
    7.5000    0.0000   -7.5000 2789.2717   16.4090
   -7.5000    7.5000   -7.5000 2843.9177   15.8172
    0.0000    7.5000   -7.5000 2857.8367   15.7046
    7.5000    7.5000   -7.5000 2817.5530   16.0797
   -7.5000   15.0000   -7.5000 2855.5449   15.8251
    0.0000   15.0000   -7.5000 2862.1785   15.7395
    7.5000   15.0000   -7.5000 2825.4417   16.1861
   -7.5000   22.5000   -7.5000 2843.4927   16.3680
    0.0000   22.5000   -7.5000 2858.1890   16.2409
    7.5000   22.5000   -7.5000 2817.1924   16.6591
   -7.5000   30.0000   -7.5000 2798.7537   17.2122
    0.0000   30.0000   -7.5000 2812.4009   17.0551
    7.5000   30.0000   -7.5000 2773.4746   17.4216
   -7.5000   37.5000   -7.5000 2722.7136   18.2794
    0.0000   37.5000   -7.5000 2735.2705   18.1526
    7.5000   37.5000   -7.5000 2698.7842   18.5121
   -7.5000   45.0000   -7.5000 2622.0369   19.7338
    0.0000   45.0000   -7.5000 2628.5071   19.6077
    7.5000   45.0000   -7.5000 2591.9512   19.9768
   -7.5000  -45.0000    0.0000 2258.0969   25.4364
    0.0000  -45.0000    0.0000 2260.2297   25.3720
    7.5000  -45.0000    0.0000 2240.5203   25.8748
   -7.5000  -37.5000    0.0000 2394.9902   22.7480
    0.0000  -37.5000    0.0000 2395.3977   22.5902
    7.5000  -37.5000    0.0000 2367.8054   23.0463
   -7.5000  -30.0000    0.0000 2510.2236   20.3841
    0.0000  -30.0000    0.0000 2515.5466   20.2253
    7.5000  -30.0000    0.0000 2478.4421   20.6322
   -7.5000  -22.5000    0.0000 2640.4404   18.4045
    0.0000  -22.5000    0.0000 2648.7219   18.2799
    7.5000  -22.5000    0.0000 2608.6548   18.6446
   -7.5000  -15.0000    0.0000 2741.4082   16.9502
    0.0000  -15.0000    0.0000 2752.7424   16.8304
    7.5000  -15.0000    0.0000 2716.2959   17.1628
   -7.5000   -7.5000    0.0000 2825.5938   16.0112
    0.0000   -7.5000    0.0000 2835.2385   15.9194
    7.5000   -7.5000    0.0000 2801.2139   16.2043
   -7.5000    0.0000    0.0000 2882.7893   15.4544
    0.0000    0.0000    0.0000 2899.3271   15.3682
    7.5000    0.0000    0.0000 2854.8262   15.6394
   -7.5000    7.5000    0.0000 2921.3779   15.0164
    0.0000    7.5000    0.0000 2942.1016   14.9191
    7.5000    7.5000    0.0000 2889.9893   15.3164
   -7.5000   15.0000    0.0000 2930.6375   14.9380
    0.0000   15.0000    0.0000 2947.1670   14.8622
    7.5000   15.0000    0.0000 2896.8857   15.4045
   -7.5000   22.5000    0.0000 2909.3123   15.5040
    0.0000   22.5000    0.0000 2927.1060   15.3608
    7.5000   22.5000    0.0000 2877.4409   15.8171
   -7.5000   30.0000    0.0000 2856.3196   16.3217
    0.0000   30.0000    0.0000 2872.7175   16.1754
    7.5000   30.0000    0.0000 2827.6719   16.5796
   -7.5000   37.5000    0.0000 2781.6335   17.4519
    0.0000   37.5000    0.0000 2792.7043   17.3136
    7.5000   37.5000    0.0000 2756.5898   17.6769
   -7.5000   45.0000    0.0000 2671.5549   18.9310
    0.0000   45.0000    0.0000 2682.3782   18.7859
    7.5000   45.0000    0.0000 2644.9167   19.1792
   -7.5000  -45.0000    7.5000 2287.2324   25.0946
    0.0000  -45.0000    7.5000 2288.1167   24.9757
    7.5000  -45.0000    7.5000 2265.2698   25.5495
   -7.5000  -37.5000    7.5000 2415.3210   22.3687
    0.0000  -37.5000    7.5000 2418.6389   22.2360
    7.5000  -37.5000    7.5000 2388.9016   22.6967
   -7.5000  -30.0000    7.5000 2530.7732   19.9343
    0.0000  -30.0000    7.5000 2539.3342   19.8088
    7.5000  -30.0000    7.5000 2504.2268   20.2409
   -7.5000  -22.5000    7.5000 2657.6677   17.9255
    0.0000  -22.5000    7.5000 2669.5198   17.7978
    7.5000  -22.5000    7.5000 2631.8384   18.2063
   -7.5000  -15.0000    7.5000 2766.0149   16.4490
    0.0000  -15.0000    7.5000 2780.2449   16.3114
    7.5000  -15.0000    7.5000 2745.0935   16.6979
   -7.5000   -7.5000    7.5000 2850.6997   15.4877
    0.0000   -7.5000    7.5000 2863.0591   15.3618
    7.5000   -7.5000    7.5000 2832.2764   15.6945
   -7.5000    0.0000    7.5000 2926.6145   14.9359
    0.0000    0.0000    7.5000 2943.4417   14.8312
    7.5000    0.0000    7.5000 2896.2280   15.1380
   -7.5000    7.5000    7.5000 2988.1350   14.5685
    0.0000    7.5000    7.5000 3013.4158   14.4978
    7.5000    7.5000    7.5000 2941.3564   14.8371
   -7.5000   15.0000    7.5000 2997.1143   14.3739
    0.0000   15.0000    7.5000 3016.6953   14.3292
    7.5000   15.0000    7.5000 2952.7998   14.8733
   -7.5000   22.5000    7.5000 2958.1218   14.8761
    0.0000   22.5000    7.5000 2974.0105   14.7680
    7.5000   22.5000    7.5000 2921.2764   15.2824
   -7.5000   30.0000    7.5000 2896.6116   15.7375
    0.0000   30.0000    7.5000 2913.6873   15.5948
    7.5000   30.0000    7.5000 2870.4287   16.0319
   -7.5000   37.5000    7.5000 2812.9285   16.9274
    0.0000   37.5000    7.5000 2830.3767   16.7371
    7.5000   37.5000    7.5000 2790.7161   17.1485
   -7.5000   45.0000    7.5000 2698.6729   18.4779
    0.0000   45.0000    7.5000 2713.1631   18.2995
    7.5000   45.0000    7.5000 2676.1230   18.7038
   -7.5000  -45.0000   15.0000 2296.4680   24.9621
    0.0000  -45.0000   15.0000 2303.6873   24.8974
    7.5000  -45.0000   15.0000 2272.8975   25.4041
   -7.5000  -37.5000   15.0000 2420.1365   22.2399
    0.0000  -37.5000   15.0000 2427.9841   22.1271
    7.5000  -37.5000   15.0000 2390.8682   22.6074
   -7.5000  -30.0000   15.0000 2532.4292   19.7518
    0.0000  -30.0000   15.0000 2547.2048   19.6382
    7.5000  -30.0000   15.0000 2505.6238   20.1378
   -7.5000  -22.5000   15.0000 2658.2878   17.7055
    0.0000  -22.5000   15.0000 2669.1414   17.5758
    7.5000  -22.5000   15.0000 2631.5259   18.0477
   -7.5000  -15.0000   15.0000 2773.0081   16.1703
    0.0000  -15.0000   15.0000 2781.2053   16.0407
    7.5000  -15.0000   15.0000 2746.7019   16.5030
   -7.5000   -7.5000   15.0000 2858.9634   15.1932
    0.0000   -7.5000   15.0000 2871.5396   15.0630
    7.5000   -7.5000   15.0000 2844.0198   15.4694
   -7.5000    0.0000   15.0000 2937.6704   14.7102
    0.0000    0.0000   15.0000 2954.5271   14.6116
    7.5000    0.0000   15.0000 2912.9863   14.9564
   -7.5000    7.5000   15.0000 3016.5693   14.4871
    0.0000    7.5000   15.0000 3044.8491   14.4735
    7.5000    7.5000   15.0000 2964.3467   14.6840
   -7.5000   15.0000   15.0000 3036.3977   14.3431
    0.0000   15.0000   15.0000 3058.1355   14.3407
    7.5000   15.0000   15.0000 2975.5618   14.7038
   -7.5000   22.5000   15.0000 2987.8564   14.6916
    0.0000   22.5000   15.0000 2996.1895   14.5757
    7.5000   22.5000   15.0000 2941.6438   15.0710
   -7.5000   30.0000   15.0000 2913.1035   15.5070
    0.0000   30.0000   15.0000 2931.7537   15.3499
    7.5000   30.0000   15.0000 2885.4558   15.8080
   -7.5000   37.5000   15.0000 2817.4087   16.7062
    0.0000   37.5000   15.0000 2835.6169   16.5175
    7.5000   37.5000   15.0000 2802.2849   16.9312
   -7.5000   45.0000   15.0000 2705.2144   18.2593
    0.0000   45.0000   15.0000 2720.7666   18.0857
    7.5000   45.0000   15.0000 2686.8713   18.4967
   -7.5000  -45.0000   22.5000 2284.2710   25.1158
    0.0000  -45.0000   22.5000 2293.2183   25.0029
    7.5000  -45.0000   22.5000 2253.7500   25.5988
   -7.5000  -37.5000   22.5000 2412.3547   22.2830
    0.0000  -37.5000   22.5000 2427.6174   22.1883
    7.5000  -37.5000   22.5000 2381.2874   22.7723
   -7.5000  -30.0000   22.5000 2528.8110   19.7894
    0.0000  -30.0000   22.5000 2542.9487   19.6692
    7.5000  -30.0000   22.5000 2501.5315   20.2411
   -7.5000  -22.5000   22.5000 2650.1301   17.7728
    0.0000  -22.5000   22.5000 2659.8977   17.6512
    7.5000  -22.5000   22.5000 2624.1782   18.1980
   -7.5000  -15.0000   22.5000 2757.9321   16.3034
    0.0000  -15.0000   22.5000 2767.1660   16.1634
    7.5000  -15.0000   22.5000 2735.3652   16.6821
   -7.5000   -7.5000   22.5000 2849.6770   15.3522
    0.0000   -7.5000   22.5000 2859.2302   15.2067
    7.5000   -7.5000   22.5000 2835.9907   15.6549
   -7.5000    0.0000   22.5000 2927.7786   14.8549
    0.0000    0.0000   22.5000 2943.1165   14.7123
    7.5000    0.0000   22.5000 2903.5994   15.0566
   -7.5000    7.5000   22.5000 2985.3108   14.5000
    0.0000    7.5000   22.5000 3018.0186   14.4209
    7.5000    7.5000   22.5000 2948.1572   14.7405
   -7.5000   15.0000   22.5000 3009.4683   14.4788
    0.0000   15.0000   22.5000 3023.4111   14.3568
    7.5000   15.0000   22.5000 2957.8088   14.7918
   -7.5000   22.5000   22.5000 2972.5662   14.9801
    0.0000   22.5000   22.5000 2984.2517   14.8407
    7.5000   22.5000   22.5000 2935.0698   15.2488
   -7.5000   30.0000   22.5000 2896.7483   15.7395
    0.0000   30.0000   22.5000 2911.5779   15.6334
    7.5000   30.0000   22.5000 2876.0505   16.0093
   -7.5000   37.5000   22.5000 2800.2800   16.8865
    0.0000   37.5000   22.5000 2815.0242   16.7477
    7.5000   37.5000   22.5000 2787.1855   17.1302
   -7.5000   45.0000   22.5000 2689.1963   18.3662
    0.0000   45.0000   22.5000 2702.8672   18.2050
    7.5000   45.0000   22.5000 2672.1775   18.6149
   -7.5000  -45.0000   30.0000 2252.4131   25.5088
    0.0000  -45.0000   30.0000 2261.9138   25.3742
    7.5000  -45.0000   30.0000 2226.1731   26.0334
   -7.5000  -37.5000   30.0000 2384.3267   22.6366
    0.0000  -37.5000   30.0000 2397.7329   22.4999
    7.5000  -37.5000   30.0000 2359.5881   23.0897
   -7.5000  -30.0000   30.0000 2507.1096   20.1779
    0.0000  -30.0000   30.0000 2515.2390   20.0264
    7.5000  -30.0000   30.0000 2479.4744   20.6018
   -7.5000  -22.5000   30.0000 2625.8225   18.2334
    0.0000  -22.5000   30.0000 2634.4492   18.0828
    7.5000  -22.5000   30.0000 2601.5339   18.6200
   -7.5000  -15.0000   30.0000 2731.2637   16.7915
    0.0000  -15.0000   30.0000 2737.2085   16.6506
    7.5000  -15.0000   30.0000 2710.3843   17.1389
   -7.5000   -7.5000   30.0000 2821.3621   15.8639
    0.0000   -7.5000   30.0000 2833.0720   15.6852
    7.5000   -7.5000   30.0000 2809.9539   16.1180
   -7.5000    0.0000   30.0000 2887.4475   15.2606
    0.0000    0.0000   30.0000 2905.3049   15.1026
    7.5000    0.0000   30.0000 2873.9731   15.4524
   -7.5000    7.5000   30.0000 2928.7144   14.8760
    0.0000    7.5000   30.0000 2954.4468   14.6762
    7.5000    7.5000   30.0000 2904.5054   15.1228
   -7.5000   15.0000   30.0000 2946.3179   14.9067
    0.0000   15.0000   30.0000 2961.9614   14.7763
    7.5000   15.0000   30.0000 2912.9397   15.1954
   -7.5000   22.5000   30.0000 2921.3892   15.4648
    0.0000   22.5000   30.0000 2934.6602   15.3836
    7.5000   22.5000   30.0000 2892.0383   15.7143
   -7.5000   30.0000   30.0000 2851.0586   16.3105
    0.0000   30.0000   30.0000 2867.4763   16.1953
    7.5000   30.0000   30.0000 2838.1550   16.5345
   -7.5000   37.5000   30.0000 2759.8855   17.4323
    0.0000   37.5000   30.0000 2774.3315   17.3021
    7.5000   37.5000   30.0000 2749.7461   17.6436
   -7.5000   45.0000   30.0000 2651.5049   18.8590
    0.0000   45.0000   30.0000 2662.9475   18.7140
    7.5000   45.0000   30.0000 2634.4680   19.0841
   -7.5000  -45.0000   37.5000 2214.1113   26.2690
    0.0000  -45.0000   37.5000 2227.5818   26.2401
    7.5000  -45.0000   37.5000 2195.8503   26.8454
   -7.5000  -37.5000   37.5000 2349.8120   23.3711
    0.0000  -37.5000   37.5000 2359.8699   23.2442
    7.5000  -37.5000   37.5000 2330.9417   23.8174
   -7.5000  -30.0000   37.5000 2471.5681   20.8782
    0.0000  -30.0000   37.5000 2479.6548   20.7351
    7.5000  -30.0000   37.5000 2450.4324   21.2707
   -7.5000  -22.5000   37.5000 2591.1802   18.9170
    0.0000  -22.5000   37.5000 2596.5505   18.8006
    7.5000  -22.5000   37.5000 2569.7434   19.2913
   -7.5000  -15.0000   37.5000 2696.3887   17.4919
    0.0000  -15.0000   37.5000 2706.3513   17.3481
    7.5000  -15.0000   37.5000 2680.3105   17.8240
   -7.5000   -7.5000   37.5000 2785.4358   16.5691
    0.0000   -7.5000   37.5000 2798.3940   16.4148
    7.5000   -7.5000   37.5000 2769.4778   16.8030
   -7.5000    0.0000   37.5000 2839.6650   15.9276
    0.0000    0.0000   37.5000 2853.4746   15.7116
    7.5000    0.0000   37.5000 2824.8560   16.1501
   -7.5000    7.5000   37.5000 2871.2737   15.5228
    0.0000    7.5000   37.5000 2894.0625   15.3047
    7.5000    7.5000   37.5000 2852.0210   15.7645
   -7.5000   15.0000   37.5000 2876.0535   15.5979
    0.0000   15.0000   37.5000 2891.8235   15.4675
    7.5000   15.0000   37.5000 2855.9678   15.8571
   -7.5000   22.5000   37.5000 2850.6746   16.1669
    0.0000   22.5000   37.5000 2864.3440   16.0751
    7.5000   22.5000   37.5000 2823.7927   16.4004
   -7.5000   30.0000   37.5000 2786.9727   17.0178
    0.0000   30.0000   37.5000 2798.4004   16.9191
    7.5000   30.0000   37.5000 2770.3284   17.2498
   -7.5000   37.5000   37.5000 2705.2632   18.1463
    0.0000   37.5000   37.5000 2713.9517   18.0552
    7.5000   37.5000   37.5000 2691.1670   18.3691
   -7.5000   45.0000   37.5000 2597.2109   19.5870
    0.0000   45.0000   37.5000 2608.2605   19.4894
    7.5000   45.0000   37.5000 2580.6365   19.8321
   -7.5000  -45.0000   45.0000 2169.8354   27.4197
    0.0000  -45.0000   45.0000 2184.6357   27.2775
    7.5000  -45.0000   45.0000 2154.6543   27.9194
   -7.5000  -37.5000   45.0000 2304.6245   24.3841
    0.0000  -37.5000   45.0000 2317.1492   24.2267
    7.5000  -37.5000   45.0000 2294.9983   24.7626
   -7.5000  -30.0000   45.0000 2428.0964   21.8018
    0.0000  -30.0000   45.0000 2439.5740   21.6659
    7.5000  -30.0000   45.0000 2410.3269   22.1492
   -7.5000  -22.5000   45.0000 2547.7371   19.8362
    0.0000  -22.5000   45.0000 2552.6855   19.6895
    7.5000  -22.5000   45.0000 2523.7322   20.1668
   -7.5000  -15.0000   45.0000 2648.8137   18.3675
    0.0000  -15.0000   45.0000 2660.5161   18.2458
    7.5000  -15.0000   45.0000 2631.0134   18.6852
   -7.5000   -7.5000   45.0000 2729.9636   17.4260
    0.0000   -7.5000   45.0000 2748.6213   17.2601
    7.5000   -7.5000   45.0000 2716.6575   17.6548
   -7.5000    0.0000   45.0000 2774.1826   16.8004
    0.0000    0.0000   45.0000 2792.5669   16.5494
    7.5000    0.0000   45.0000 2761.1233   17.0126
   -7.5000    7.5000   45.0000 2806.7595   16.4202
    0.0000    7.5000   45.0000 2825.8049   16.2413
    7.5000    7.5000   45.0000 2792.4646   16.6482
   -7.5000   15.0000   45.0000 2804.3391   16.4720
    0.0000   15.0000   45.0000 2819.8145   16.3031
    7.5000   15.0000   45.0000 2785.3262   16.6900
   -7.5000   22.5000   45.0000 2767.1343   17.0348
    0.0000   22.5000   45.0000 2785.1619   16.9248
    7.5000   22.5000   45.0000 2752.5637   17.2659
   -7.5000   30.0000   45.0000 2703.4641   17.9050
    0.0000   30.0000   45.0000 2716.2368   17.7782
    7.5000   30.0000   45.0000 2694.4680   18.1193
   -7.5000   37.5000   45.0000 2624.0596   19.0317
    0.0000   37.5000   45.0000 2638.6497   18.9273
    7.5000   37.5000   45.0000 2615.1191   19.2359
   -7.5000   45.0000   45.0000 2526.0098   20.4887
    0.0000   45.0000   45.0000 2534.4912   20.3615
    7.5000   45.0000   45.0000 2508.6147   20.7142

---------------------------------------------------------------------
imgreg_4dfp /opt/freesurfer/average/711-2C_as_mni_average_305 /opt/freesurfer/average/711-2B_as_mni_average_305_mask talsrcimg_g11 none talsrcimg_to_711-2C_as_mni_average_305_t4 1283
---------------------------------------------------------------------

freesurfer imgreg_4dfp.c
/opt/freesurfer/average/711-2C_as_mni_average_305.4dfp.img
       256       256       256         1
  1.000000  1.000000  1.000000
orientation T byte_order littleendian
Reading image: /opt/freesurfer/average/711-2C_as_mni_average_305.4dfp.img
dimensions:      256       256       256
mmppix:       1.0000   -1.0000   -1.0000
center:     128.0000 -129.0000 -129.0000
/opt/freesurfer/average/711-2B_as_mni_average_305_mask.4dfp.img
       256       256       256         1
  1.000000  1.000000  1.000000
orientation T byte_order littleendian
Reading mask: /opt/freesurfer/average/711-2B_as_mni_average_305_mask.4dfp.img (2306576 pixels)
talsrcimg_g11.4dfp.img
       256       256       256         1
  1.000000  1.000000  1.000000
orientation T byte_order littleendian
Reading image: talsrcimg_g11.4dfp.img
dimensions:      256       256       256
mmppix:       1.0000   -1.0000   -1.0000
center:     128.0000 -129.0000 -129.0000
rotation matrix determinant  1.000000
fimgreg.f
image alignment mode   1283 decimal      503 hex
parameters
    0.0000   15.0000   15.0000    0.0000    0.0000    0.0000
eta,q 0.96017 14.34591
niter,ni,del,rscale     5    3   12.0000    1.2000
parameter  2  0.622129 ->  0.500000 qaram    1.1500
parameter  6  0.917839 ->  0.500000 qaram    1.1500
parameters
   -2.7200   11.5500   14.9584   -0.5786   -1.4920   -3.4500
eta,q 0.96422 14.37349
  0.0458  0.0421  0.0479  0.0435  0.0425  0.0353
  0.0424  0.0391  0.0437  0.0397  0.0401  0.0357
  0.0424  0.0389  0.0397  0.0386  0.0384  0.0363
  0.0444  0.0419  0.0384  0.0384  0.0383  0.0382
  0.0488  0.0476  0.0404  0.0401  0.0408  0.0406
  0.0538  0.0514  0.0435  0.0423  0.0455  0.0436
  0.0612  0.0549  0.0482  0.0445  0.0502  0.0477
niter,ni,del,rscale     6    3   12.0000    1.2000
parameters
   -2.0420   12.6977   14.9382   -1.8111   -2.1236   -4.4739
eta,q 0.96552 14.38181
  0.0530  0.0576  0.0456  0.0393  0.0411  0.0393
  0.0446  0.0469  0.0409  0.0354  0.0375  0.0365
  0.0386  0.0387  0.0373  0.0346  0.0348  0.0350
  0.0358  0.0358  0.0353  0.0353  0.0347  0.0345
  0.0371  0.0359  0.0370  0.0373  0.0366  0.0362
  0.0411  0.0405  0.0410  0.0401  0.0400  0.0395
  0.0463  0.0461  0.0458  0.0422  0.0438  0.0429
niter,ni,del,rscale     5    3   12.0000    1.2000
parameters
   -1.7337   13.1098   14.8275   -2.0604   -2.2762   -4.5650
eta,q 0.96550 14.37370
  0.0505  0.0545  0.0447  0.0414  0.0422  0.0411
  0.0421  0.0436  0.0402  0.0365  0.0384  0.0378
  0.0367  0.0365  0.0361  0.0344  0.0352  0.0358
  0.0345  0.0345  0.0346  0.0346  0.0345  0.0345
  0.0361  0.0373  0.0366  0.0362  0.0360  0.0352
  0.0407  0.0430  0.0404  0.0385  0.0390  0.0380
  0.0471  0.0484  0.0456  0.0412  0.0428  0.0417
niter,ni,del,rscale     4    3   12.0000    1.2000
parameters
   -1.6471   13.2236   14.7773   -2.1631   -2.3406   -4.5756
eta,q 0.96550 14.37151
  0.0495  0.0531  0.0449  0.0418  0.0425  0.0413
  0.0416  0.0423  0.0403  0.0368  0.0387  0.0380
  0.0365  0.0357  0.0361  0.0344  0.0353  0.0359
  0.0345  0.0345  0.0346  0.0346  0.0345  0.0345
  0.0364  0.0381  0.0364  0.0360  0.0359  0.0352
  0.0414  0.0443  0.0402  0.0383  0.0389  0.0379
  0.0484  0.0493  0.0454  0.0410  0.0426  0.0417
niter,ni,del,rscale     3    3   12.0000    1.2000
parameters
   -1.6234   13.2583   14.7541   -2.2042   -2.3658   -4.5786
eta,q 0.96550 14.37101
  0.0493  0.0527  0.0450  0.0420  0.0425  0.0414
  0.0415  0.0421  0.0404  0.0369  0.0387  0.0380
  0.0364  0.0355  0.0361  0.0344  0.0354  0.0359
  0.0345  0.0345  0.0345  0.0345  0.0345  0.0345
  0.0365  0.0384  0.0364  0.0360  0.0358  0.0352
  0.0417  0.0447  0.0401  0.0382  0.0388  0.0379
  0.0488  0.0495  0.0453  0.0409  0.0426  0.0417
registration optimization eta report
parameter search radius
    6.0000    6.9000    6.0000    6.0000    6.0000    6.9000
100000*second partial in parameter space
       40.       34.       29.       19.       22.       14.
  0.0493  0.0527  0.0450  0.0420  0.0425  0.0414
  0.0415  0.0421  0.0404  0.0369  0.0387  0.0380
  0.0364  0.0355  0.0361  0.0344  0.0354  0.0359
  0.0345  0.0345  0.0345  0.0345  0.0345  0.0345
  0.0365  0.0384  0.0364  0.0360  0.0358  0.0352
  0.0417  0.0447  0.0401  0.0382  0.0388  0.0379
  0.0488  0.0495  0.0453  0.0409  0.0426  0.0417
   -1.6234   13.2583   14.7541   -2.2042   -2.3658   -4.5786
eta,q 0.96550 14.37101

---------------------------------------------------------------------
imgreg_4dfp /opt/freesurfer/average/711-2C_as_mni_average_305 /opt/freesurfer/average/711-2B_as_mni_average_305_mask talsrcimg_g11 none talsrcimg_to_711-2C_as_mni_average_305_t4 3335
---------------------------------------------------------------------

freesurfer imgreg_4dfp.c
/opt/freesurfer/average/711-2C_as_mni_average_305.4dfp.img
       256       256       256         1
  1.000000  1.000000  1.000000
orientation T byte_order littleendian
Reading image: /opt/freesurfer/average/711-2C_as_mni_average_305.4dfp.img
dimensions:      256       256       256
mmppix:       1.0000   -1.0000   -1.0000
center:     128.0000 -129.0000 -129.0000
/opt/freesurfer/average/711-2B_as_mni_average_305_mask.4dfp.img
       256       256       256         1
  1.000000  1.000000  1.000000
orientation T byte_order littleendian
Reading mask: /opt/freesurfer/average/711-2B_as_mni_average_305_mask.4dfp.img (2306576 pixels)
talsrcimg_g11.4dfp.img
       256       256       256         1
  1.000000  1.000000  1.000000
orientation T byte_order littleendian
Reading image: talsrcimg_g11.4dfp.img
dimensions:      256       256       256
mmppix:       1.0000   -1.0000   -1.0000
center:     128.0000 -129.0000 -129.0000
fimgreg.f
image alignment mode   3335 decimal      D07 hex
parameters
   -1.6234   13.2583   14.7541   -0.4041   -0.3802   -0.1592
    7.8186    4.4187   -7.9759    3.5045   -4.1279   -3.8428
eta,q 0.96909 14.38300
niter,ni,del,rscale     5    3    5.0000    1.2000
parameter  4  0.554397 ->  0.500000 qaram    1.1500
parameter  5  1.250028 ->  0.500000 qaram    1.1500
parameters
   -1.6123   13.3329   14.6149   -4.5441   -4.5202   -0.9148
    7.1293    3.9191   -5.1792    2.3462   -6.2693   -3.0383
eta,q 0.97423 14.00775
  0.0342  0.0338  0.0327  0.0304  0.0256  0.0291  0.0288  0.0290  0.0305  0.0288  0.0262  0.0282
  0.0324  0.0324  0.0317  0.0299  0.0259  0.0281  0.0273  0.0275  0.0288  0.0269  0.0259  0.0269
  0.0313  0.0314  0.0311  0.0301  0.0274  0.0270  0.0265  0.0267  0.0274  0.0259  0.0258  0.0261
  0.0309  0.0309  0.0309  0.0309  0.0299  0.0262  0.0264  0.0264  0.0264  0.0260  0.0258  0.0258
  0.0313  0.0311  0.0312  0.0326  0.0334  0.0267  0.0270  0.0267  0.0260  0.0270  0.0261  0.0259
  0.0324  0.0321  0.0320  0.0354  0.0371  0.0285  0.0281  0.0279  0.0262  0.0288  0.0265  0.0264
  0.0340  0.0335  0.0332  0.0392  0.0407  0.0315  0.0298  0.0301  0.0270  0.0312  0.0272  0.0273
niter,ni,del,rscale     6    3    5.0000    1.2000
parameters
   -1.9033   13.4918   14.4542   -3.7053   -7.1845   -0.5245
    6.4963    3.8587   -4.6692    2.2368   -6.3587   -3.3483
eta,q 0.97505 13.99673
  0.0278  0.0293  0.0271  0.0295  0.0278  0.0283  0.0275  0.0281  0.0274  0.0286  0.0256  0.0267
  0.0266  0.0274  0.0263  0.0278  0.0261  0.0272  0.0260  0.0263  0.0262  0.0264  0.0252  0.0256
  0.0259  0.0262  0.0258  0.0265  0.0252  0.0262  0.0251  0.0253  0.0253  0.0253  0.0250  0.0251
  0.0258  0.0257  0.0257  0.0257  0.0256  0.0251  0.0250  0.0250  0.0250  0.0250  0.0250  0.0250
  0.0263  0.0260  0.0259  0.0257  0.0277  0.0248  0.0256  0.0252  0.0251  0.0254  0.0250  0.0252
  0.0275  0.0269  0.0266  0.0265  0.0310  0.0260  0.0267  0.0263  0.0257  0.0268  0.0252  0.0259
  0.0292  0.0284  0.0275  0.0286  0.0353  0.0285  0.0284  0.0283  0.0268  0.0287  0.0257  0.0269
niter,ni,del,rscale     5    3    5.0000    1.2000
parameters
   -1.9242   13.5300   14.6673   -2.7636   -7.6707   -0.2462
    6.3352    3.8437   -4.6651    2.3039   -6.4970   -3.3497
eta,q 0.97523 14.05822
  0.0276  0.0281  0.0268  0.0287  0.0295  0.0282  0.0277  0.0282  0.0270  0.0286  0.0256  0.0267
  0.0262  0.0263  0.0259  0.0270  0.0274  0.0271  0.0261  0.0263  0.0258  0.0263  0.0250  0.0256
  0.0253  0.0252  0.0252  0.0257  0.0257  0.0261  0.0251  0.0252  0.0250  0.0252  0.0248  0.0249
  0.0250  0.0249  0.0250  0.0249  0.0248  0.0249  0.0248  0.0248  0.0248  0.0248  0.0248  0.0248
  0.0253  0.0253  0.0250  0.0248  0.0255  0.0245  0.0252  0.0251  0.0250  0.0251  0.0249  0.0250
  0.0262  0.0263  0.0255  0.0255  0.0279  0.0259  0.0263  0.0262  0.0257  0.0264  0.0251  0.0257
  0.0278  0.0278  0.0263  0.0277  0.0313  0.0287  0.0280  0.0283  0.0270  0.0283  0.0256  0.0266
niter,ni,del,rscale     4    3    5.0000    1.2000
parameters
   -1.9369   13.5177   14.7992   -2.7004   -7.8028   -0.1460
    6.3434    3.8366   -4.6269    2.2889   -6.5816   -3.2129
eta,q 0.97526 14.06242
  0.0276  0.0277  0.0267  0.0281  0.0297  0.0281  0.0278  0.0282  0.0269  0.0284  0.0256  0.0267
  0.0260  0.0260  0.0257  0.0266  0.0276  0.0271  0.0262  0.0263  0.0257  0.0262  0.0250  0.0256
  0.0251  0.0250  0.0250  0.0254  0.0258  0.0259  0.0251  0.0251  0.0250  0.0251  0.0248  0.0250
  0.0248  0.0248  0.0248  0.0248  0.0247  0.0248  0.0247  0.0247  0.0247  0.0247  0.0247  0.0247
  0.0251  0.0252  0.0249  0.0248  0.0251  0.0245  0.0251  0.0250  0.0250  0.0251  0.0248  0.0250
  0.0261  0.0261  0.0254  0.0259  0.0273  0.0260  0.0262  0.0262  0.0257  0.0264  0.0251  0.0256
  0.0277  0.0277  0.0263  0.0286  0.0306  0.0289  0.0278  0.0283  0.0269  0.0283  0.0256  0.0265
niter,ni,del,rscale     3    3    5.0000    1.2000
parameters
   -1.9387   13.5051   14.8611   -2.6834   -7.8484   -0.1171
    6.3444    3.8416   -4.6090    2.2486   -6.5783   -3.1139
eta,q 0.97527 14.06294
  0.0276  0.0277  0.0266  0.0281  0.0298  0.0281  0.0278  0.0282  0.0269  0.0283  0.0256  0.0267
  0.0260  0.0260  0.0256  0.0265  0.0276  0.0270  0.0262  0.0263  0.0257  0.0262  0.0251  0.0256
  0.0251  0.0250  0.0250  0.0254  0.0258  0.0259  0.0251  0.0251  0.0250  0.0251  0.0248  0.0249
  0.0247  0.0247  0.0247  0.0247  0.0247  0.0247  0.0247  0.0247  0.0247  0.0247  0.0247  0.0247
  0.0251  0.0251  0.0249  0.0248  0.0250  0.0245  0.0251  0.0250  0.0250  0.0251  0.0248  0.0250
  0.0260  0.0261  0.0255  0.0260  0.0272  0.0261  0.0262  0.0262  0.0257  0.0264  0.0251  0.0256
  0.0276  0.0276  0.0264  0.0286  0.0305  0.0290  0.0278  0.0283  0.0269  0.0283  0.0256  0.0265
niter,ni,del,rscale     2    3    5.0000    1.2000
parameters
   -1.9396   13.4928   14.8872   -2.6758   -7.8619   -0.1089
    6.3429    3.8385   -4.6122    2.2158   -6.5616   -3.0558
eta,q 0.97527 14.06306
  0.0276  0.0277  0.0265  0.0281  0.0298  0.0281  0.0278  0.0282  0.0269  0.0283  0.0256  0.0267
  0.0260  0.0260  0.0256  0.0265  0.0276  0.0270  0.0262  0.0263  0.0257  0.0262  0.0251  0.0256
  0.0251  0.0250  0.0250  0.0254  0.0258  0.0259  0.0251  0.0251  0.0250  0.0251  0.0248  0.0249
  0.0247  0.0247  0.0247  0.0247  0.0247  0.0247  0.0247  0.0247  0.0247  0.0247  0.0247  0.0247
  0.0251  0.0251  0.0249  0.0248  0.0250  0.0245  0.0251  0.0250  0.0250  0.0251  0.0248  0.0250
  0.0260  0.0261  0.0255  0.0260  0.0272  0.0262  0.0262  0.0262  0.0257  0.0264  0.0251  0.0256
  0.0276  0.0276  0.0265  0.0287  0.0304  0.0291  0.0278  0.0283  0.0269  0.0283  0.0256  0.0265
niter,ni,del,rscale     1    3    5.0000    1.2000
parameters
   -1.9404   13.4863   14.9001   -2.6777   -7.8656   -0.1063
    6.3445    3.8364   -4.6138    2.1995   -6.5597   -3.0279
eta,q 0.97527 14.06282
  0.0276  0.0277  0.0265  0.0281  0.0298  0.0281  0.0278  0.0282  0.0269  0.0283  0.0256  0.0267
  0.0260  0.0260  0.0256  0.0265  0.0276  0.0270  0.0262  0.0263  0.0257  0.0262  0.0251  0.0256
  0.0251  0.0250  0.0249  0.0254  0.0258  0.0259  0.0251  0.0251  0.0250  0.0251  0.0248  0.0249
  0.0247  0.0247  0.0247  0.0247  0.0247  0.0247  0.0247  0.0247  0.0247  0.0247  0.0247  0.0247
  0.0251  0.0251  0.0249  0.0248  0.0250  0.0245  0.0251  0.0250  0.0250  0.0251  0.0248  0.0250
  0.0260  0.0261  0.0255  0.0260  0.0271  0.0261  0.0261  0.0262  0.0257  0.0264  0.0251  0.0256
  0.0276  0.0276  0.0265  0.0287  0.0304  0.0291  0.0278  0.0283  0.0269  0.0283  0.0256  0.0266
registration optimization eta report
parameter search radius
    2.4000    2.4000    2.4000    8.2800    8.2800    7.2000
    7.2000    7.2000    7.2000    7.2000    7.2000    7.2000
100000*second partial in parameter space
       50.       50.       31.        5.        8.        7.
        6.        7.        4.        7.        2.        4.
  0.0276  0.0277  0.0265  0.0281  0.0298  0.0281  0.0278  0.0282  0.0269  0.0283  0.0256  0.0267
  0.0260  0.0260  0.0256  0.0265  0.0276  0.0270  0.0262  0.0263  0.0257  0.0262  0.0251  0.0256
  0.0251  0.0250  0.0249  0.0254  0.0258  0.0259  0.0251  0.0251  0.0250  0.0251  0.0248  0.0249
  0.0247  0.0247  0.0247  0.0247  0.0247  0.0247  0.0247  0.0247  0.0247  0.0247  0.0247  0.0247
  0.0251  0.0251  0.0249  0.0248  0.0250  0.0245  0.0251  0.0250  0.0250  0.0251  0.0248  0.0250
  0.0260  0.0261  0.0255  0.0260  0.0271  0.0261  0.0261  0.0262  0.0257  0.0264  0.0251  0.0256
  0.0276  0.0276  0.0265  0.0287  0.0304  0.0291  0.0278  0.0283  0.0269  0.0283  0.0256  0.0266
   -1.9404   13.4863   14.9001   -2.6777   -7.8656   -0.1063
    6.3445    3.8364   -4.6138    2.1995   -6.5597   -3.0279
eta,q 0.97527 14.06282

---------------------------------------------------------------------
imgreg_4dfp /opt/freesurfer/average/711-2C_as_mni_average_305 /opt/freesurfer/average/711-2B_as_mni_average_305_mask talsrcimg_g11 none talsrcimg_to_711-2C_as_mni_average_305_t4 2311
---------------------------------------------------------------------

freesurfer imgreg_4dfp.c
/opt/freesurfer/average/711-2C_as_mni_average_305.4dfp.img
       256       256       256         1
  1.000000  1.000000  1.000000
orientation T byte_order littleendian
Reading image: /opt/freesurfer/average/711-2C_as_mni_average_305.4dfp.img
dimensions:      256       256       256
mmppix:       1.0000   -1.0000   -1.0000
center:     128.0000 -129.0000 -129.0000
/opt/freesurfer/average/711-2B_as_mni_average_305_mask.4dfp.img
       256       256       256         1
  1.000000  1.000000  1.000000
orientation T byte_order littleendian
Reading mask: /opt/freesurfer/average/711-2B_as_mni_average_305_mask.4dfp.img (2306576 pixels)
talsrcimg_g11.4dfp.img
       256       256       256         1
  1.000000  1.000000  1.000000
orientation T byte_order littleendian
Reading image: talsrcimg_g11.4dfp.img
dimensions:      256       256       256
mmppix:       1.0000   -1.0000   -1.0000
center:     128.0000 -129.0000 -129.0000
fimgreg.f
image alignment mode   2311 decimal      907 hex
parameters
   -1.9404   13.4863   14.9001   -2.6777   -7.8656   -0.1063
    6.3445    3.8364   -4.6138    2.1995   -6.5597   -3.0279
eta,q 0.97527 14.06283
niter,ni,del,rscale     5    3    5.0000    0.8000
parameters
   -1.9372   13.4348   14.9324   -1.8450   -7.4542    0.6801
    6.2821    4.0056   -4.5652    1.9346   -6.4108   -3.4836
eta,q 0.97565 14.16074
  0.0260  0.0260  0.0255  0.0262  0.0270  0.0270  0.0259  0.0263  0.0255  0.0260  0.0249  0.0252
  0.0253  0.0252  0.0251  0.0255  0.0260  0.0262  0.0251  0.0253  0.0249  0.0250  0.0246  0.0247
  0.0249  0.0248  0.0248  0.0250  0.0252  0.0254  0.0245  0.0247  0.0245  0.0245  0.0244  0.0244
  0.0247  0.0247  0.0247  0.0247  0.0246  0.0246  0.0244  0.0244  0.0244  0.0244  0.0244  0.0244
  0.0249  0.0249  0.0248  0.0246  0.0246  0.0243  0.0246  0.0245  0.0245  0.0246  0.0244  0.0245
  0.0253  0.0254  0.0251  0.0249  0.0253  0.0249  0.0251  0.0251  0.0248  0.0253  0.0246  0.0250
  0.0260  0.0261  0.0255  0.0255  0.0265  0.0262  0.0260  0.0261  0.0255  0.0264  0.0248  0.0255
niter,ni,del,rscale     4    3    5.0000    0.7000
parameters
   -1.9542   13.4009   15.0413   -1.8411   -7.4691    0.9880
    6.2258    4.0182   -4.6364    1.9669   -6.4274   -3.5206
eta,q 0.97573 14.17266
  0.0254  0.0254  0.0252  0.0253  0.0261  0.0264  0.0255  0.0258  0.0251  0.0257  0.0247  0.0251
  0.0248  0.0248  0.0248  0.0248  0.0253  0.0256  0.0248  0.0250  0.0246  0.0249  0.0245  0.0246
  0.0245  0.0244  0.0245  0.0245  0.0247  0.0249  0.0244  0.0245  0.0244  0.0245  0.0243  0.0244
  0.0243  0.0243  0.0243  0.0243  0.0243  0.0243  0.0243  0.0243  0.0243  0.0243  0.0243  0.0243
  0.0245  0.0245  0.0244  0.0244  0.0245  0.0243  0.0244  0.0244  0.0244  0.0244  0.0243  0.0244
  0.0249  0.0249  0.0246  0.0247  0.0251  0.0249  0.0249  0.0249  0.0247  0.0249  0.0245  0.0246
  0.0255  0.0255  0.0250  0.0254  0.0263  0.0262  0.0255  0.0258  0.0252  0.0257  0.0247  0.0251
niter,ni,del,rscale     3    3    5.0000    0.6000
parameters
   -1.9581   13.3962   15.1179   -1.7504   -7.4688    1.1745
    6.2303    4.0573   -4.6320    1.9342   -6.4226   -3.5247
eta,q 0.97577 14.18532
  0.0251  0.0251  0.0249  0.0251  0.0256  0.0260  0.0252  0.0254  0.0249  0.0253  0.0246  0.0249
  0.0246  0.0246  0.0246  0.0247  0.0250  0.0253  0.0247  0.0248  0.0245  0.0247  0.0244  0.0245
  0.0244  0.0244  0.0244  0.0244  0.0245  0.0246  0.0243  0.0244  0.0243  0.0244  0.0243  0.0243
  0.0243  0.0243  0.0243  0.0243  0.0243  0.0243  0.0242  0.0242  0.0242  0.0242  0.0242  0.0242
  0.0244  0.0244  0.0243  0.0243  0.0244  0.0243  0.0243  0.0243  0.0243  0.0243  0.0243  0.0243
  0.0247  0.0247  0.0245  0.0245  0.0248  0.0248  0.0247  0.0247  0.0245  0.0247  0.0244  0.0245
  0.0251  0.0251  0.0248  0.0250  0.0257  0.0259  0.0252  0.0254  0.0249  0.0253  0.0246  0.0249
niter,ni,del,rscale     2    3    5.0000    0.5000
parameters
   -1.9574   13.3783   15.1661   -1.6741   -7.4381    1.3157
    6.2019    4.1038   -4.6232    1.8979   -6.4073   -3.5383
eta,q 0.97579 14.19611
  0.0248  0.0248  0.0247  0.0248  0.0252  0.0255  0.0249  0.0250  0.0247  0.0249  0.0245  0.0246
  0.0245  0.0245  0.0245  0.0245  0.0247  0.0250  0.0245  0.0246  0.0244  0.0245  0.0243  0.0244
  0.0243  0.0243  0.0243  0.0243  0.0244  0.0245  0.0243  0.0243  0.0243  0.0243  0.0242  0.0243
  0.0242  0.0242  0.0242  0.0242  0.0242  0.0242  0.0242  0.0242  0.0242  0.0242  0.0242  0.0242
  0.0243  0.0243  0.0243  0.0243  0.0243  0.0243  0.0243  0.0243  0.0243  0.0243  0.0242  0.0243
  0.0245  0.0245  0.0244  0.0244  0.0246  0.0247  0.0245  0.0246  0.0244  0.0245  0.0243  0.0244
  0.0248  0.0248  0.0246  0.0248  0.0253  0.0254  0.0249  0.0250  0.0247  0.0250  0.0245  0.0247
niter,ni,del,rscale     1    3    5.0000    0.4000
parameters
   -1.9547   13.3606   15.2005   -1.6068   -7.4049    1.4340
    6.1851    4.1438   -4.6305    1.8711   -6.3949   -3.5376
eta,q 0.97581 14.20532
  0.0246  0.0246  0.0245  0.0246  0.0249  0.0251  0.0246  0.0248  0.0245  0.0247  0.0244  0.0245
  0.0244  0.0244  0.0244  0.0244  0.0245  0.0247  0.0244  0.0245  0.0243  0.0244  0.0243  0.0243
  0.0243  0.0242  0.0243  0.0243  0.0243  0.0244  0.0242  0.0243  0.0242  0.0242  0.0242  0.0242
  0.0242  0.0242  0.0242  0.0242  0.0242  0.0242  0.0242  0.0242  0.0242  0.0242  0.0242  0.0242
  0.0243  0.0243  0.0242  0.0242  0.0243  0.0242  0.0242  0.0242  0.0242  0.0242  0.0242  0.0242
  0.0244  0.0244  0.0243  0.0243  0.0245  0.0245  0.0244  0.0244  0.0243  0.0244  0.0243  0.0243
  0.0246  0.0246  0.0245  0.0246  0.0249  0.0250  0.0246  0.0247  0.0245  0.0247  0.0244  0.0245
registration optimization eta report
parameter search radius
    0.8000    0.8000    0.8000    2.4000    2.4000    2.4000
    2.4000    2.4000    2.4000    2.4000    2.4000    2.4000
100000*second partial in parameter space
       60.       59.       44.        6.       11.       15.
        8.       10.        5.        9.        3.        5.
  0.0246  0.0246  0.0245  0.0246  0.0249  0.0251  0.0246  0.0248  0.0245  0.0247  0.0244  0.0245
  0.0244  0.0244  0.0244  0.0244  0.0245  0.0247  0.0244  0.0245  0.0243  0.0244  0.0243  0.0243
  0.0243  0.0242  0.0243  0.0243  0.0243  0.0244  0.0242  0.0243  0.0242  0.0242  0.0242  0.0242
  0.0242  0.0242  0.0242  0.0242  0.0242  0.0242  0.0242  0.0242  0.0242  0.0242  0.0242  0.0242
  0.0243  0.0243  0.0242  0.0242  0.0243  0.0242  0.0242  0.0242  0.0242  0.0242  0.0242  0.0242
  0.0244  0.0244  0.0243  0.0243  0.0245  0.0245  0.0244  0.0244  0.0243  0.0244  0.0243  0.0243
  0.0246  0.0246  0.0245  0.0246  0.0249  0.0250  0.0246  0.0247  0.0245  0.0247  0.0244  0.0245
   -1.9547   13.3606   15.2005   -1.6068   -7.4049    1.4340
    6.1851    4.1438   -4.6305    1.8711   -6.3949   -3.5376
eta,q 0.97581 14.20532

---------------------------------------------------------------------
imgreg_4dfp /opt/freesurfer/average/711-2C_as_mni_average_305 /opt/freesurfer/average/711-2B_as_mni_average_305_mask talsrcimg_g11 none talsrcimg_to_711-2C_as_mni_average_305_t4 2311
---------------------------------------------------------------------

freesurfer imgreg_4dfp.c
/opt/freesurfer/average/711-2C_as_mni_average_305.4dfp.img
       256       256       256         1
  1.000000  1.000000  1.000000
orientation T byte_order littleendian
Reading image: /opt/freesurfer/average/711-2C_as_mni_average_305.4dfp.img
dimensions:      256       256       256
mmppix:       1.0000   -1.0000   -1.0000
center:     128.0000 -129.0000 -129.0000
/opt/freesurfer/average/711-2B_as_mni_average_305_mask.4dfp.img
       256       256       256         1
  1.000000  1.000000  1.000000
orientation T byte_order littleendian
Reading mask: /opt/freesurfer/average/711-2B_as_mni_average_305_mask.4dfp.img (2306576 pixels)
talsrcimg_g11.4dfp.img
       256       256       256         1
  1.000000  1.000000  1.000000
orientation T byte_order littleendian
Reading image: talsrcimg_g11.4dfp.img
dimensions:      256       256       256
mmppix:       1.0000   -1.0000   -1.0000
center:     128.0000 -129.0000 -129.0000
fimgreg.f
image alignment mode   2311 decimal      907 hex
parameters
   -1.9547   13.3606   15.2005   -1.6068   -7.4049    1.4340
    6.1851    4.1438   -4.6305    1.8711   -6.3949   -3.5376
eta,q 0.97581 14.20533
niter,ni,del,rscale     5    3    5.0000    0.8000
parameters
   -1.9439   13.3928   15.2143   -2.0018   -7.6926    1.0647
    6.2935    3.9721   -4.6629    1.9894   -6.4340   -3.2855
eta,q 0.97571 14.15925
  0.0258  0.0258  0.0253  0.0254  0.0262  0.0264  0.0259  0.0260  0.0254  0.0262  0.0248  0.0254
  0.0249  0.0249  0.0247  0.0248  0.0253  0.0256  0.0251  0.0251  0.0248  0.0251  0.0245  0.0248
  0.0244  0.0244  0.0243  0.0244  0.0245  0.0247  0.0245  0.0245  0.0244  0.0245  0.0243  0.0245
  0.0242  0.0242  0.0242  0.0242  0.0242  0.0242  0.0243  0.0243  0.0243  0.0243  0.0243  0.0243
  0.0244  0.0244  0.0243  0.0244  0.0245  0.0245  0.0245  0.0245  0.0244  0.0244  0.0244  0.0244
  0.0249  0.0249  0.0247  0.0250  0.0254  0.0258  0.0250  0.0252  0.0248  0.0250  0.0246  0.0247
  0.0257  0.0256  0.0253  0.0261  0.0270  0.0277  0.0258  0.0264  0.0254  0.0260  0.0248  0.0252
niter,ni,del,rscale     4    3    5.0000    0.7000
parameters
   -1.9519   13.3968   15.1817   -1.8277   -7.5923    1.0679
    6.2804    4.0156   -4.6308    1.9008   -6.4191   -3.3287
eta,q 0.97574 14.17294
  0.0254  0.0254  0.0250  0.0254  0.0261  0.0263  0.0255  0.0258  0.0251  0.0256  0.0247  0.0251
  0.0248  0.0248  0.0246  0.0248  0.0252  0.0255  0.0248  0.0250  0.0247  0.0248  0.0245  0.0246
  0.0244  0.0244  0.0244  0.0245  0.0246  0.0247  0.0244  0.0245  0.0244  0.0244  0.0243  0.0244
  0.0243  0.0243  0.0243  0.0243  0.0243  0.0243  0.0243  0.0243  0.0243  0.0243  0.0243  0.0243
  0.0244  0.0244  0.0244  0.0243  0.0244  0.0244  0.0244  0.0244  0.0244  0.0244  0.0243  0.0244
  0.0248  0.0248  0.0247  0.0246  0.0250  0.0252  0.0248  0.0249  0.0246  0.0249  0.0245  0.0247
  0.0254  0.0254  0.0251  0.0253  0.0261  0.0266  0.0255  0.0258  0.0251  0.0257  0.0247  0.0251
niter,ni,del,rscale     3    3    5.0000    0.6000
parameters
   -1.9536   13.3744   15.1765   -1.7355   -7.5018    1.1918
    6.2395    4.0611   -4.6348    1.8649   -6.4022   -3.4136
eta,q 0.97577 14.18571
  0.0251  0.0251  0.0248  0.0251  0.0256  0.0259  0.0252  0.0254  0.0249  0.0253  0.0246  0.0248
  0.0246  0.0246  0.0245  0.0247  0.0250  0.0252  0.0246  0.0248  0.0245  0.0247  0.0244  0.0245
  0.0244  0.0243  0.0243  0.0244  0.0245  0.0246  0.0243  0.0244  0.0243  0.0244  0.0243  0.0243
  0.0243  0.0243  0.0243  0.0243  0.0243  0.0243  0.0242  0.0242  0.0242  0.0242  0.0242  0.0242
  0.0244  0.0244  0.0243  0.0243  0.0243  0.0243  0.0244  0.0243  0.0243  0.0243  0.0243  0.0243
  0.0246  0.0247  0.0245  0.0245  0.0248  0.0249  0.0247  0.0247  0.0245  0.0247  0.0244  0.0245
  0.0251  0.0251  0.0249  0.0250  0.0256  0.0259  0.0252  0.0254  0.0249  0.0253  0.0246  0.0249
niter,ni,del,rscale     2    3    5.0000    0.5000
parameters
   -1.9536   13.3632   15.1910   -1.6705   -7.4481    1.3254
    6.2056    4.1074   -4.6294    1.8538   -6.4105   -3.4777
eta,q 0.97579 14.19611
  0.0248  0.0248  0.0247  0.0248  0.0252  0.0255  0.0249  0.0251  0.0247  0.0249  0.0245  0.0246
  0.0245  0.0245  0.0244  0.0245  0.0247  0.0250  0.0245  0.0246  0.0244  0.0245  0.0243  0.0244
  0.0243  0.0243  0.0243  0.0243  0.0244  0.0245  0.0243  0.0243  0.0243  0.0243  0.0242  0.0243
  0.0242  0.0242  0.0242  0.0242  0.0242  0.0242  0.0242  0.0242  0.0242  0.0242  0.0242  0.0242
  0.0243  0.0243  0.0243  0.0243  0.0243  0.0242  0.0243  0.0243  0.0243  0.0243  0.0242  0.0243
  0.0245  0.0245  0.0244  0.0244  0.0246  0.0247  0.0245  0.0246  0.0244  0.0245  0.0243  0.0244
  0.0248  0.0248  0.0246  0.0248  0.0252  0.0254  0.0249  0.0250  0.0247  0.0250  0.0245  0.0247
niter,ni,del,rscale     1    3    5.0000    0.4000
parameters
   -1.9521   13.3534   15.2199   -1.6173   -7.4101    1.4438
    6.1831    4.1430   -4.6388    1.8497   -6.4039   -3.5112
eta,q 0.97581 14.20478
  0.0246  0.0246  0.0245  0.0246  0.0249  0.0251  0.0246  0.0248  0.0245  0.0247  0.0244  0.0245
  0.0244  0.0244  0.0244  0.0244  0.0245  0.0247  0.0244  0.0245  0.0243  0.0244  0.0243  0.0243
  0.0243  0.0242  0.0242  0.0243  0.0243  0.0244  0.0242  0.0243  0.0242  0.0243  0.0242  0.0242
  0.0242  0.0242  0.0242  0.0242  0.0242  0.0242  0.0242  0.0242  0.0242  0.0242  0.0242  0.0242
  0.0242  0.0243  0.0242  0.0242  0.0242  0.0242  0.0242  0.0242  0.0242  0.0242  0.0242  0.0242
  0.0244  0.0244  0.0243  0.0243  0.0245  0.0245  0.0244  0.0244  0.0243  0.0244  0.0243  0.0243
  0.0246  0.0246  0.0245  0.0246  0.0249  0.0250  0.0246  0.0247  0.0245  0.0247  0.0244  0.0245
registration optimization eta report
parameter search radius
    0.8000    0.8000    0.8000    2.4000    2.4000    2.4000
    2.4000    2.4000    2.4000    2.4000    2.4000    2.4000
100000*second partial in parameter space
       60.       59.       44.        6.       11.       15.
        8.       10.        5.        9.        3.        5.
  0.0246  0.0246  0.0245  0.0246  0.0249  0.0251  0.0246  0.0248  0.0245  0.0247  0.0244  0.0245
  0.0244  0.0244  0.0244  0.0244  0.0245  0.0247  0.0244  0.0245  0.0243  0.0244  0.0243  0.0243
  0.0243  0.0242  0.0242  0.0243  0.0243  0.0244  0.0242  0.0243  0.0242  0.0243  0.0242  0.0242
  0.0242  0.0242  0.0242  0.0242  0.0242  0.0242  0.0242  0.0242  0.0242  0.0242  0.0242  0.0242
  0.0242  0.0243  0.0242  0.0242  0.0242  0.0242  0.0242  0.0242  0.0242  0.0242  0.0242  0.0242
  0.0244  0.0244  0.0243  0.0243  0.0245  0.0245  0.0244  0.0244  0.0243  0.0244  0.0243  0.0243
  0.0246  0.0246  0.0245  0.0246  0.0249  0.0250  0.0246  0.0247  0.0245  0.0247  0.0244  0.0245
   -1.9521   13.3534   15.2199   -1.6173   -7.4101    1.4438
    6.1831    4.1430   -4.6388    1.8497   -6.4039   -3.5112
eta,q 0.97581 14.20478

---------------------------------------------------------------------
compute_vox2vox talsrcimg talsrcimg_to_711-2C_as_mni_average_305_t4 /opt/freesurfer/average/711-2C_as_mni_average_305
---------------------------------------------------------------------

freesurfer compute_vox2vox.c
Reading: talsrcimg.4dfp.ifh
Reading: talsrcimg_to_711-2C_as_mni_average_305_t4
Reading: /opt/freesurfer/average/711-2C_as_mni_average_305.4dfp.ifh
Writing: talsrcimg_to_711-2C_as_mni_average_305_t4_vox2vox.txt

start time Mon Mar 9 10:06:29 CET 2026
end		time Mon Mar 9 10:06:43 CET 2026

mpr2mni305 success

avi2talxfm orig_nu.mgz /opt/freesurfer/average/mni305.cor.mgz talsrcimg_to_711-2C_as_mni_average_305_t4_vox2vox.txt transforms/talairach.auto.xfm
avi2talxfm done
mv -f /out/sourcedata/freesurfer/sub-v1s21x0050403_ses-1/mri/talsrcimg_to_711-2C_as_mni_average_305_t4_vox2vox.txt /out/sourcedata/freesurfer/sub-v1s21x0050403_ses-1/mri/transforms/talsrcimg_to_711-2C_as_mni_average_305_t4_vox2vox.txt
lta_convert --src orig_nu.mgz --trg /opt/freesurfer/average/mni305.cor.mgz --inxfm transforms/talairach.auto.xfm --outlta transforms/talairach.auto.xfm.lta --subject fsaverage
7.3.2

--src: orig_nu.mgz src image (geometry).
--trg: /opt/freesurfer/average/mni305.cor.mgz trg image (geometry).
--inmni: transforms/talairach.auto.xfm input MNI/XFM transform.
--outlta: transforms/talairach.auto.xfm.lta output LTA.
--s: fsaverage subject name
 LTA read, type : 1
 1.01058  -0.04001  -0.06900   2.81029;
 0.06550   0.98249   0.03288  -15.83568;
 0.04932  -0.02163   1.07592  -14.52495;
 0.00000   0.00000   0.00000   1.00000;
setting subject to fsaverage
Writing  LTA to file transforms/talairach.auto.xfm.lta...
lta_convert successful.
 
 
Started at Mon Mar 9 10:06:29 CET 2026
Ended   at Mon Mar  9 10:06:43 CET 2026
talairach_avi done
