status file for recon-all
Mon Mar  9 11:11:01 CET 2026
#@# MotionCor Mon Mar  9 11:11:02 CET 2026
#@# Talairach Mon Mar  9 11:11:09 CET 2026
#@# Talairach Failure Detection Mon Mar  9 11:15:32 CET 2026
#@# Nu Intensity Correction Mon Mar  9 11:15:32 CET 2026
#@# Intensity Normalization Mon Mar  9 11:18:47 CET 2026
recon-all -s sub-v1s21x0050410_ses-1 finished without error at Mon Mar  9 11:20:17 CET 2026



#New# invocation of recon-all 



status file for recon-all
Mon Mar  9 11:27:33 CET 2026
#@# EM Registration Mon Mar  9 11:27:33 CET 2026
recon-all -s sub-v1s21x0050410_ses-1 finished without error at Mon Mar  9 11:29:42 CET 2026



#New# invocation of recon-all 



status file for recon-all
Mon Mar  9 11:29:43 CET 2026
#@# CA Normalize Mon Mar  9 11:29:43 CET 2026
#@# CA Reg Mon Mar  9 11:31:04 CET 2026
#@# SubCort Seg Mon Mar  9 12:28:29 CET 2026
#@# CC Seg Mon Mar  9 13:01:25 CET 2026
#@# Merge ASeg Mon Mar  9 13:02:05 CET 2026
#@# Intensity Normalization2 Mon Mar  9 13:02:05 CET 2026
#@# Mask BFS Mon Mar  9 13:04:22 CET 2026
#@# WM Segmentation Mon Mar  9 13:04:22 CET 2026
#@# Fill Mon Mar  9 13:06:34 CET 2026
recon-all -s sub-v1s21x0050410_ses-1 finished without error at Mon Mar  9 13:07:35 CET 2026



#New# invocation of recon-all 



status file for recon-all
Mon Mar  9 14:07:34 CET 2026
#@# white curv lh Mon Mar  9 14:07:34 CET 2026
#@# white area lh Mon Mar  9 14:07:34 CET 2026
#@# pial curv lh Mon Mar  9 14:07:34 CET 2026
#@# pial area lh Mon Mar  9 14:07:34 CET 2026
#@# thickness lh Mon Mar  9 14:07:34 CET 2026
#@# area and vertex vol lh Mon Mar  9 14:07:34 CET 2026
#@# white curv rh Mon Mar  9 14:07:34 CET 2026
#@# white area rh Mon Mar  9 14:07:34 CET 2026
#@# pial curv rh Mon Mar  9 14:07:34 CET 2026
#@# pial area rh Mon Mar  9 14:07:34 CET 2026
#@# thickness rh Mon Mar  9 14:07:34 CET 2026
#@# area and vertex vol rh Mon Mar  9 14:07:34 CET 2026
#@# Cortical ribbon mask Mon Mar  9 14:07:34 CET 2026
recon-all -s sub-v1s21x0050410_ses-1 finished without error at Mon Mar  9 14:13:33 CET 2026



#New# invocation of recon-all 



status file for recon-all
Mon Mar  9 14:20:48 CET 2026
#@# white curv lh Mon Mar  9 14:20:48 CET 2026
#@# white area lh Mon Mar  9 14:20:48 CET 2026
#@# pial curv lh Mon Mar  9 14:20:48 CET 2026
#@# pial area lh Mon Mar  9 14:20:48 CET 2026
#@# thickness lh Mon Mar  9 14:20:48 CET 2026
#@# area and vertex vol lh Mon Mar  9 14:20:48 CET 2026
#@# white curv rh Mon Mar  9 14:20:48 CET 2026
#@# white area rh Mon Mar  9 14:20:48 CET 2026
#@# pial curv rh Mon Mar  9 14:20:49 CET 2026
#@# pial area rh Mon Mar  9 14:20:49 CET 2026
#@# thickness rh Mon Mar  9 14:20:49 CET 2026
#@# area and vertex vol rh Mon Mar  9 14:20:49 CET 2026
#@# Curvature Stats lh Mon Mar  9 14:20:49 CET 2026
#@# Curvature Stats rh Mon Mar  9 14:20:51 CET 2026
#@# Relabel Hypointensities Mon Mar  9 14:20:54 CET 2026
#@# APas-to-ASeg Mon Mar  9 14:21:11 CET 2026
#@# AParc-to-ASeg aparc Mon Mar  9 14:21:19 CET 2026
#@# AParc-to-ASeg aparc.a2009s Mon Mar  9 14:22:03 CET 2026
#@# AParc-to-ASeg aparc.DKTatlas Mon Mar  9 14:22:42 CET 2026
#@# WMParc Mon Mar  9 14:23:26 CET 2026
#@# ASeg Stats Mon Mar  9 14:26:59 CET 2026
recon-all -s sub-v1s21x0050410_ses-1 finished without error at Mon Mar  9 14:27:41 CET 2026
