status file for recon-all
Mon Mar  9 13:34:26 CET 2026
#@# Tessellate rh Mon Mar  9 13:34:26 CET 2026
#@# Smooth1 rh Mon Mar  9 13:34:30 CET 2026
#@# Inflation1 rh Mon Mar  9 13:34:33 CET 2026
#@# QSphere rh Mon Mar  9 13:34:48 CET 2026
#@# Fix Topology rh Mon Mar  9 13:36:00 CET 2026
#@# Smooth2 rh Mon Mar  9 13:43:37 CET 2026
#@# Inflation2 rh Mon Mar  9 13:43:40 CET 2026
#@# Curv .H and .K rh Mon Mar  9 13:43:55 CET 2026
#@# Sphere rh Mon Mar  9 13:44:44 CET 2026
#@# Surf Reg rh Mon Mar  9 13:52:11 CET 2026
#@# Jacobian white rh Mon Mar  9 13:59:08 CET 2026
#@# AvgCurv rh Mon Mar  9 13:59:09 CET 2026
#@# Cortical Parc rh Mon Mar  9 13:59:10 CET 2026
#@# white curv rh Mon Mar  9 14:06:19 CET 2026
#@# white area rh Mon Mar  9 14:06:21 CET 2026
#@# pial curv rh Mon Mar  9 14:06:22 CET 2026
#@# pial area rh Mon Mar  9 14:06:24 CET 2026
#@# thickness rh Mon Mar  9 14:06:25 CET 2026
#@# area and vertex vol rh Mon Mar  9 14:06:56 CET 2026
#@# Curvature Stats rh Mon Mar  9 14:06:58 CET 2026
#@# Cortical Parc 2 rh Mon Mar  9 14:07:01 CET 2026
#@# Cortical Parc 3 rh Mon Mar  9 14:07:15 CET 2026
#@# WM/GM Contrast rh Mon Mar  9 14:07:26 CET 2026
recon-all -s sub-v1s21x0050410_ses-1 finished without error at Mon Mar  9 14:07:29 CET 2026



#New# invocation of recon-all 



status file for recon-all
Mon Mar  9 14:17:08 CET 2026
#@# white curv rh Mon Mar  9 14:17:08 CET 2026
#@# white area rh Mon Mar  9 14:17:08 CET 2026
#@# pial curv rh Mon Mar  9 14:17:08 CET 2026
#@# pial area rh Mon Mar  9 14:17:08 CET 2026
#@# thickness rh Mon Mar  9 14:17:08 CET 2026
#@# area and vertex vol rh Mon Mar  9 14:17:08 CET 2026
#@# Parcellation Stats rh Mon Mar  9 14:17:08 CET 2026
#@# Parcellation Stats 2 rh Mon Mar  9 14:17:29 CET 2026
#@# Parcellation Stats 3 rh Mon Mar  9 14:17:39 CET 2026
#@# BA_exvivo Labels rh Mon Mar  9 14:17:50 CET 2026
recon-all -s sub-v1s21x0050410_ses-1 finished without error at Mon Mar  9 14:20:45 CET 2026
