status file for recon-all
Mon Mar  9 13:07:40 CET 2026
#@# Tessellate lh Mon Mar  9 13:07:40 CET 2026
#@# Smooth1 lh Mon Mar  9 13:07:44 CET 2026
#@# Inflation1 lh Mon Mar  9 13:07:47 CET 2026
#@# QSphere lh Mon Mar  9 13:08:01 CET 2026
#@# Fix Topology lh Mon Mar  9 13:09:09 CET 2026
#@# Smooth2 lh Mon Mar  9 13:16:58 CET 2026
#@# Inflation2 lh Mon Mar  9 13:17:01 CET 2026
#@# Curv .H and .K lh Mon Mar  9 13:17:16 CET 2026
#@# Sphere lh Mon Mar  9 13:18:04 CET 2026
#@# Surf Reg lh Mon Mar  9 13:22:01 CET 2026
#@# Jacobian white lh Mon Mar  9 13:26:16 CET 2026
#@# AvgCurv lh Mon Mar  9 13:26:17 CET 2026
#@# Cortical Parc lh Mon Mar  9 13:26:17 CET 2026
#@# white curv lh Mon Mar  9 13:33:16 CET 2026
#@# white area lh Mon Mar  9 13:33:17 CET 2026
#@# pial curv lh Mon Mar  9 13:33:18 CET 2026
#@# pial area lh Mon Mar  9 13:33:20 CET 2026
#@# thickness lh Mon Mar  9 13:33:21 CET 2026
#@# area and vertex vol lh Mon Mar  9 13:33:52 CET 2026
#@# Curvature Stats lh Mon Mar  9 13:33:54 CET 2026
#@# Cortical Parc 2 lh Mon Mar  9 13:33:57 CET 2026
#@# Cortical Parc 3 lh Mon Mar  9 13:34:10 CET 2026
#@# WM/GM Contrast lh Mon Mar  9 13:34:21 CET 2026
recon-all -s sub-v1s21x0050410_ses-1 finished without error at Mon Mar  9 13:34:24 CET 2026



#New# invocation of recon-all 



status file for recon-all
Mon Mar  9 14:13:36 CET 2026
#@# white curv lh Mon Mar  9 14:13:36 CET 2026
#@# white area lh Mon Mar  9 14:13:36 CET 2026
#@# pial curv lh Mon Mar  9 14:13:36 CET 2026
#@# pial area lh Mon Mar  9 14:13:36 CET 2026
#@# thickness lh Mon Mar  9 14:13:36 CET 2026
#@# area and vertex vol lh Mon Mar  9 14:13:36 CET 2026
#@# Parcellation Stats lh Mon Mar  9 14:13:36 CET 2026
#@# Parcellation Stats 2 lh Mon Mar  9 14:13:56 CET 2026
#@# Parcellation Stats 3 lh Mon Mar  9 14:14:06 CET 2026
#@# BA_exvivo Labels lh Mon Mar  9 14:14:15 CET 2026
recon-all -s sub-v1s21x0050410_ses-1 finished without error at Mon Mar  9 14:17:04 CET 2026
