status file for recon-all
Mon Mar  9 13:30:47 CET 2026
#@# Tessellate rh Mon Mar  9 13:30:47 CET 2026
#@# Smooth1 rh Mon Mar  9 13:30:51 CET 2026
#@# Inflation1 rh Mon Mar  9 13:30:54 CET 2026
#@# QSphere rh Mon Mar  9 13:31:07 CET 2026
#@# Fix Topology rh Mon Mar  9 13:32:03 CET 2026
#@# Smooth2 rh Mon Mar  9 13:44:45 CET 2026
#@# Inflation2 rh Mon Mar  9 13:44:48 CET 2026
#@# Curv .H and .K rh Mon Mar  9 13:45:02 CET 2026
#@# Sphere rh Mon Mar  9 13:45:48 CET 2026
#@# Surf Reg rh Mon Mar  9 13:49:55 CET 2026
#@# Jacobian white rh Mon Mar  9 13:54:05 CET 2026
#@# AvgCurv rh Mon Mar  9 13:54:06 CET 2026
#@# Cortical Parc rh Mon Mar  9 13:54:07 CET 2026
#@# white curv rh Mon Mar  9 14:00:31 CET 2026
#@# white area rh Mon Mar  9 14:00:33 CET 2026
#@# pial curv rh Mon Mar  9 14:00:33 CET 2026
#@# pial area rh Mon Mar  9 14:00:35 CET 2026
#@# thickness rh Mon Mar  9 14:00:36 CET 2026
#@# area and vertex vol rh Mon Mar  9 14:01:04 CET 2026
#@# Curvature Stats rh Mon Mar  9 14:01:06 CET 2026
#@# Cortical Parc 2 rh Mon Mar  9 14:01:08 CET 2026
#@# Cortical Parc 3 rh Mon Mar  9 14:01:21 CET 2026
#@# WM/GM Contrast rh Mon Mar  9 14:01:31 CET 2026
recon-all -s sub-v1s21x0050414_ses-1 finished without error at Mon Mar  9 14:01:33 CET 2026



#New# invocation of recon-all 



status file for recon-all
Mon Mar  9 14:09:19 CET 2026
#@# white curv rh Mon Mar  9 14:09:19 CET 2026
#@# white area rh Mon Mar  9 14:09:19 CET 2026
#@# pial curv rh Mon Mar  9 14:09:19 CET 2026
#@# pial area rh Mon Mar  9 14:09:19 CET 2026
#@# thickness rh Mon Mar  9 14:09:19 CET 2026
#@# area and vertex vol rh Mon Mar  9 14:09:19 CET 2026
#@# Parcellation Stats rh Mon Mar  9 14:09:19 CET 2026
#@# Parcellation Stats 2 rh Mon Mar  9 14:09:36 CET 2026
#@# Parcellation Stats 3 rh Mon Mar  9 14:09:45 CET 2026
#@# BA_exvivo Labels rh Mon Mar  9 14:09:54 CET 2026
recon-all -s sub-v1s21x0050414_ses-1 finished without error at Mon Mar  9 14:12:31 CET 2026
