status file for recon-all
Mon Mar  9 11:19:32 CET 2026
#@# MotionCor Mon Mar  9 11:19:33 CET 2026
#@# Talairach Mon Mar  9 11:19:40 CET 2026
#@# Talairach Failure Detection Mon Mar  9 11:24:04 CET 2026
#@# Nu Intensity Correction Mon Mar  9 11:24:04 CET 2026
#@# Intensity Normalization Mon Mar  9 11:27:19 CET 2026
recon-all -s sub-v1s21x0050414_ses-1 finished without error at Mon Mar  9 11:28:50 CET 2026



#New# invocation of recon-all 



status file for recon-all
Mon Mar  9 11:35:48 CET 2026
#@# EM Registration Mon Mar  9 11:35:49 CET 2026
recon-all -s sub-v1s21x0050414_ses-1 finished without error at Mon Mar  9 11:38:00 CET 2026



#New# invocation of recon-all 



status file for recon-all
Mon Mar  9 11:38:02 CET 2026
#@# CA Normalize Mon Mar  9 11:38:02 CET 2026
#@# CA Reg Mon Mar  9 11:39:25 CET 2026
#@# SubCort Seg Mon Mar  9 12:28:49 CET 2026
#@# CC Seg Mon Mar  9 12:59:36 CET 2026
#@# Merge ASeg Mon Mar  9 13:00:11 CET 2026
#@# Intensity Normalization2 Mon Mar  9 13:00:11 CET 2026
#@# Mask BFS Mon Mar  9 13:02:30 CET 2026
#@# WM Segmentation Mon Mar  9 13:02:31 CET 2026
#@# Fill Mon Mar  9 13:04:41 CET 2026
recon-all -s sub-v1s21x0050414_ses-1 finished without error at Mon Mar  9 13:05:42 CET 2026



#New# invocation of recon-all 



status file for recon-all
Mon Mar  9 14:01:38 CET 2026
#@# white curv lh Mon Mar  9 14:01:38 CET 2026
#@# white area lh Mon Mar  9 14:01:38 CET 2026
#@# pial curv lh Mon Mar  9 14:01:39 CET 2026
#@# pial area lh Mon Mar  9 14:01:39 CET 2026
#@# thickness lh Mon Mar  9 14:01:39 CET 2026
#@# area and vertex vol lh Mon Mar  9 14:01:39 CET 2026
#@# white curv rh Mon Mar  9 14:01:39 CET 2026
#@# white area rh Mon Mar  9 14:01:39 CET 2026
#@# pial curv rh Mon Mar  9 14:01:39 CET 2026
#@# pial area rh Mon Mar  9 14:01:39 CET 2026
#@# thickness rh Mon Mar  9 14:01:39 CET 2026
#@# area and vertex vol rh Mon Mar  9 14:01:39 CET 2026
#@# Cortical ribbon mask Mon Mar  9 14:01:39 CET 2026
recon-all -s sub-v1s21x0050414_ses-1 finished without error at Mon Mar  9 14:05:54 CET 2026



#New# invocation of recon-all 



status file for recon-all
Mon Mar  9 14:12:35 CET 2026
#@# white curv lh Mon Mar  9 14:12:35 CET 2026
#@# white area lh Mon Mar  9 14:12:35 CET 2026
#@# pial curv lh Mon Mar  9 14:12:35 CET 2026
#@# pial area lh Mon Mar  9 14:12:35 CET 2026
#@# thickness lh Mon Mar  9 14:12:35 CET 2026
#@# area and vertex vol lh Mon Mar  9 14:12:35 CET 2026
#@# white curv rh Mon Mar  9 14:12:35 CET 2026
#@# white area rh Mon Mar  9 14:12:35 CET 2026
#@# pial curv rh Mon Mar  9 14:12:35 CET 2026
#@# pial area rh Mon Mar  9 14:12:35 CET 2026
#@# thickness rh Mon Mar  9 14:12:35 CET 2026
#@# area and vertex vol rh Mon Mar  9 14:12:35 CET 2026
#@# Curvature Stats lh Mon Mar  9 14:12:35 CET 2026
#@# Curvature Stats rh Mon Mar  9 14:12:38 CET 2026
#@# Relabel Hypointensities Mon Mar  9 14:12:40 CET 2026
#@# APas-to-ASeg Mon Mar  9 14:12:55 CET 2026
#@# AParc-to-ASeg aparc Mon Mar  9 14:13:03 CET 2026
#@# AParc-to-ASeg aparc.a2009s Mon Mar  9 14:13:40 CET 2026
#@# AParc-to-ASeg aparc.DKTatlas Mon Mar  9 14:14:13 CET 2026
#@# WMParc Mon Mar  9 14:14:47 CET 2026
#@# ASeg Stats Mon Mar  9 14:18:49 CET 2026
recon-all -s sub-v1s21x0050414_ses-1 finished without error at Mon Mar  9 14:19:31 CET 2026
