status file for recon-all
Mon Mar  9 13:05:47 CET 2026
#@# Tessellate lh Mon Mar  9 13:05:47 CET 2026
#@# Smooth1 lh Mon Mar  9 13:05:51 CET 2026
#@# Inflation1 lh Mon Mar  9 13:05:53 CET 2026
#@# QSphere lh Mon Mar  9 13:06:06 CET 2026
#@# Fix Topology lh Mon Mar  9 13:07:06 CET 2026
#@# Smooth2 lh Mon Mar  9 13:14:13 CET 2026
#@# Inflation2 lh Mon Mar  9 13:14:16 CET 2026
#@# Curv .H and .K lh Mon Mar  9 13:14:31 CET 2026
#@# Sphere lh Mon Mar  9 13:15:16 CET 2026
#@# Surf Reg lh Mon Mar  9 13:19:08 CET 2026
#@# Jacobian white lh Mon Mar  9 13:23:19 CET 2026
#@# AvgCurv lh Mon Mar  9 13:23:20 CET 2026
#@# Cortical Parc lh Mon Mar  9 13:23:21 CET 2026
#@# white curv lh Mon Mar  9 13:29:43 CET 2026
#@# white area lh Mon Mar  9 13:29:45 CET 2026
#@# pial curv lh Mon Mar  9 13:29:46 CET 2026
#@# pial area lh Mon Mar  9 13:29:47 CET 2026
#@# thickness lh Mon Mar  9 13:29:48 CET 2026
#@# area and vertex vol lh Mon Mar  9 13:30:16 CET 2026
#@# Curvature Stats lh Mon Mar  9 13:30:17 CET 2026
#@# Cortical Parc 2 lh Mon Mar  9 13:30:20 CET 2026
#@# Cortical Parc 3 lh Mon Mar  9 13:30:33 CET 2026
#@# WM/GM Contrast lh Mon Mar  9 13:30:43 CET 2026
recon-all -s sub-v1s21x0050414_ses-1 finished without error at Mon Mar  9 13:30:46 CET 2026



#New# invocation of recon-all 



status file for recon-all
Mon Mar  9 14:05:59 CET 2026
#@# white curv lh Mon Mar  9 14:05:59 CET 2026
#@# white area lh Mon Mar  9 14:05:59 CET 2026
#@# pial curv lh Mon Mar  9 14:05:59 CET 2026
#@# pial area lh Mon Mar  9 14:05:59 CET 2026
#@# thickness lh Mon Mar  9 14:05:59 CET 2026
#@# area and vertex vol lh Mon Mar  9 14:05:59 CET 2026
#@# Parcellation Stats lh Mon Mar  9 14:05:59 CET 2026
#@# Parcellation Stats 2 lh Mon Mar  9 14:06:17 CET 2026
#@# Parcellation Stats 3 lh Mon Mar  9 14:06:27 CET 2026
#@# BA_exvivo Labels lh Mon Mar  9 14:06:37 CET 2026
recon-all -s sub-v1s21x0050414_ses-1 finished without error at Mon Mar  9 14:09:17 CET 2026
