status file for recon-all
Mon Mar  9 13:38:27 CET 2026
#@# Tessellate rh Mon Mar  9 13:38:27 CET 2026
#@# Smooth1 rh Mon Mar  9 13:38:31 CET 2026
#@# Inflation1 rh Mon Mar  9 13:38:35 CET 2026
#@# QSphere rh Mon Mar  9 13:38:49 CET 2026
#@# Fix Topology rh Mon Mar  9 13:40:06 CET 2026
#@# Smooth2 rh Mon Mar  9 13:51:26 CET 2026
#@# Inflation2 rh Mon Mar  9 13:51:29 CET 2026
#@# Curv .H and .K rh Mon Mar  9 13:51:45 CET 2026
#@# Sphere rh Mon Mar  9 13:52:31 CET 2026
#@# Surf Reg rh Mon Mar  9 14:00:39 CET 2026
#@# Jacobian white rh Mon Mar  9 14:07:21 CET 2026
#@# AvgCurv rh Mon Mar  9 14:07:22 CET 2026
#@# Cortical Parc rh Mon Mar  9 14:07:23 CET 2026
#@# white curv rh Mon Mar  9 14:17:06 CET 2026
#@# white area rh Mon Mar  9 14:17:08 CET 2026
#@# pial curv rh Mon Mar  9 14:17:09 CET 2026
#@# pial area rh Mon Mar  9 14:17:11 CET 2026
#@# thickness rh Mon Mar  9 14:17:12 CET 2026
#@# area and vertex vol rh Mon Mar  9 14:17:44 CET 2026
#@# Curvature Stats rh Mon Mar  9 14:17:46 CET 2026
#@# Cortical Parc 2 rh Mon Mar  9 14:17:49 CET 2026
#@# Cortical Parc 3 rh Mon Mar  9 14:18:04 CET 2026
#@# WM/GM Contrast rh Mon Mar  9 14:18:15 CET 2026
recon-all -s sub-v1s21x0050415_ses-1 finished without error at Mon Mar  9 14:18:18 CET 2026



#New# invocation of recon-all 



status file for recon-all
Mon Mar  9 14:26:16 CET 2026
#@# white curv rh Mon Mar  9 14:26:16 CET 2026
#@# white area rh Mon Mar  9 14:26:16 CET 2026
#@# pial curv rh Mon Mar  9 14:26:16 CET 2026
#@# pial area rh Mon Mar  9 14:26:16 CET 2026
#@# thickness rh Mon Mar  9 14:26:16 CET 2026
#@# area and vertex vol rh Mon Mar  9 14:26:16 CET 2026
#@# Parcellation Stats rh Mon Mar  9 14:26:16 CET 2026
#@# Parcellation Stats 2 rh Mon Mar  9 14:26:35 CET 2026
#@# Parcellation Stats 3 rh Mon Mar  9 14:26:45 CET 2026
#@# BA_exvivo Labels rh Mon Mar  9 14:26:54 CET 2026
recon-all -s sub-v1s21x0050415_ses-1 finished without error at Mon Mar  9 14:29:51 CET 2026
