status file for recon-all
Mon Mar  9 11:21:23 CET 2026
#@# MotionCor Mon Mar  9 11:21:24 CET 2026
#@# Talairach Mon Mar  9 11:21:31 CET 2026
#@# Talairach Failure Detection Mon Mar  9 11:26:00 CET 2026
#@# Nu Intensity Correction Mon Mar  9 11:26:00 CET 2026
#@# Intensity Normalization Mon Mar  9 11:29:15 CET 2026
recon-all -s sub-v1s21x0050415_ses-1 finished without error at Mon Mar  9 11:30:49 CET 2026



#New# invocation of recon-all 



status file for recon-all
Mon Mar  9 11:37:55 CET 2026
#@# EM Registration Mon Mar  9 11:37:55 CET 2026
recon-all -s sub-v1s21x0050415_ses-1 finished without error at Mon Mar  9 11:40:45 CET 2026



#New# invocation of recon-all 



status file for recon-all
Mon Mar  9 11:40:47 CET 2026
#@# CA Normalize Mon Mar  9 11:40:47 CET 2026
#@# CA Reg Mon Mar  9 11:42:09 CET 2026
#@# SubCort Seg Mon Mar  9 12:32:19 CET 2026
#@# CC Seg Mon Mar  9 13:02:29 CET 2026
#@# Merge ASeg Mon Mar  9 13:03:12 CET 2026
#@# Intensity Normalization2 Mon Mar  9 13:03:12 CET 2026
#@# Mask BFS Mon Mar  9 13:05:36 CET 2026
#@# WM Segmentation Mon Mar  9 13:05:37 CET 2026
#@# Fill Mon Mar  9 13:07:46 CET 2026
recon-all -s sub-v1s21x0050415_ses-1 finished without error at Mon Mar  9 13:08:55 CET 2026



#New# invocation of recon-all 



status file for recon-all
Mon Mar  9 14:18:22 CET 2026
#@# white curv lh Mon Mar  9 14:18:22 CET 2026
#@# white area lh Mon Mar  9 14:18:22 CET 2026
#@# pial curv lh Mon Mar  9 14:18:22 CET 2026
#@# pial area lh Mon Mar  9 14:18:22 CET 2026
#@# thickness lh Mon Mar  9 14:18:22 CET 2026
#@# area and vertex vol lh Mon Mar  9 14:18:22 CET 2026
#@# white curv rh Mon Mar  9 14:18:22 CET 2026
#@# white area rh Mon Mar  9 14:18:22 CET 2026
#@# pial curv rh Mon Mar  9 14:18:22 CET 2026
#@# pial area rh Mon Mar  9 14:18:22 CET 2026
#@# thickness rh Mon Mar  9 14:18:22 CET 2026
#@# area and vertex vol rh Mon Mar  9 14:18:22 CET 2026
#@# Cortical ribbon mask Mon Mar  9 14:18:22 CET 2026
recon-all -s sub-v1s21x0050415_ses-1 finished without error at Mon Mar  9 14:22:33 CET 2026



#New# invocation of recon-all 



status file for recon-all
Mon Mar  9 14:29:56 CET 2026
#@# white curv lh Mon Mar  9 14:29:56 CET 2026
#@# white area lh Mon Mar  9 14:29:56 CET 2026
#@# pial curv lh Mon Mar  9 14:29:56 CET 2026
#@# pial area lh Mon Mar  9 14:29:56 CET 2026
#@# thickness lh Mon Mar  9 14:29:56 CET 2026
#@# area and vertex vol lh Mon Mar  9 14:29:56 CET 2026
#@# white curv rh Mon Mar  9 14:29:56 CET 2026
#@# white area rh Mon Mar  9 14:29:56 CET 2026
#@# pial curv rh Mon Mar  9 14:29:56 CET 2026
#@# pial area rh Mon Mar  9 14:29:56 CET 2026
#@# thickness rh Mon Mar  9 14:29:56 CET 2026
#@# area and vertex vol rh Mon Mar  9 14:29:56 CET 2026
#@# Curvature Stats lh Mon Mar  9 14:29:56 CET 2026
#@# Curvature Stats rh Mon Mar  9 14:29:59 CET 2026
#@# Relabel Hypointensities Mon Mar  9 14:30:01 CET 2026
#@# APas-to-ASeg Mon Mar  9 14:30:18 CET 2026
#@# AParc-to-ASeg aparc Mon Mar  9 14:30:27 CET 2026
#@# AParc-to-ASeg aparc.a2009s Mon Mar  9 14:31:02 CET 2026
#@# AParc-to-ASeg aparc.DKTatlas Mon Mar  9 14:31:38 CET 2026
#@# WMParc Mon Mar  9 14:32:19 CET 2026
#@# ASeg Stats Mon Mar  9 14:36:58 CET 2026
recon-all -s sub-v1s21x0050415_ses-1 finished without error at Mon Mar  9 14:37:39 CET 2026
