status file for recon-all
Mon Mar  9 13:08:59 CET 2026
#@# Tessellate lh Mon Mar  9 13:08:59 CET 2026
#@# Smooth1 lh Mon Mar  9 13:09:03 CET 2026
#@# Inflation1 lh Mon Mar  9 13:09:06 CET 2026
#@# QSphere lh Mon Mar  9 13:09:20 CET 2026
#@# Fix Topology lh Mon Mar  9 13:10:29 CET 2026
#@# Smooth2 lh Mon Mar  9 13:20:21 CET 2026
#@# Inflation2 lh Mon Mar  9 13:20:24 CET 2026
#@# Curv .H and .K lh Mon Mar  9 13:20:39 CET 2026
#@# Sphere lh Mon Mar  9 13:21:25 CET 2026
#@# Surf Reg lh Mon Mar  9 13:25:19 CET 2026
#@# Jacobian white lh Mon Mar  9 13:29:31 CET 2026
#@# AvgCurv lh Mon Mar  9 13:29:31 CET 2026
#@# Cortical Parc lh Mon Mar  9 13:29:32 CET 2026
#@# white curv lh Mon Mar  9 13:37:13 CET 2026
#@# white area lh Mon Mar  9 13:37:15 CET 2026
#@# pial curv lh Mon Mar  9 13:37:16 CET 2026
#@# pial area lh Mon Mar  9 13:37:18 CET 2026
#@# thickness lh Mon Mar  9 13:37:19 CET 2026
#@# area and vertex vol lh Mon Mar  9 13:37:50 CET 2026
#@# Curvature Stats lh Mon Mar  9 13:37:52 CET 2026
#@# Cortical Parc 2 lh Mon Mar  9 13:37:55 CET 2026
#@# Cortical Parc 3 lh Mon Mar  9 13:38:10 CET 2026
#@# WM/GM Contrast lh Mon Mar  9 13:38:21 CET 2026
recon-all -s sub-v1s21x0050415_ses-1 finished without error at Mon Mar  9 13:38:24 CET 2026



#New# invocation of recon-all 



status file for recon-all
Mon Mar  9 14:22:38 CET 2026
#@# white curv lh Mon Mar  9 14:22:38 CET 2026
#@# white area lh Mon Mar  9 14:22:38 CET 2026
#@# pial curv lh Mon Mar  9 14:22:38 CET 2026
#@# pial area lh Mon Mar  9 14:22:38 CET 2026
#@# thickness lh Mon Mar  9 14:22:38 CET 2026
#@# area and vertex vol lh Mon Mar  9 14:22:38 CET 2026
#@# Parcellation Stats lh Mon Mar  9 14:22:38 CET 2026
#@# Parcellation Stats 2 lh Mon Mar  9 14:22:58 CET 2026
#@# Parcellation Stats 3 lh Mon Mar  9 14:23:08 CET 2026
#@# BA_exvivo Labels lh Mon Mar  9 14:23:17 CET 2026
recon-all -s sub-v1s21x0050415_ses-1 finished without error at Mon Mar  9 14:26:13 CET 2026
