/out/sourcedata/freesurfer/sub-v1s21x0050410_ses-1/mri
/opt/freesurfer/bin/talairach_avi
--i orig_nu.mgz --xfm transforms/talairach.auto.xfm
talairach_avi 7.3.2
Linux dna029 5.14.0-427.37.1.el9_4.x86_64 #1 SMP PREEMPT_DYNAMIC Fri Sep 13 12:41:50 EDT 2024 x86_64 x86_64 x86_64 GNU/Linux
Mon Mar  9 11:14:04 CET 2026
mri_convert orig_nu.mgz talsrcimg.img 
reading from orig_nu.mgz...
TR=0.00, TE=0.00, TI=0.00, flip angle=0.00
i_ras = (-1, 0, 0)
j_ras = (0, 0, -1)
k_ras = (0, 1, 0)
writing to talsrcimg.img...
Analyze Output Matrix
-1.00000   0.00000   0.00000   129.70000;
 0.00000   0.00000   1.00000  -128.50000;
 0.00000  -1.00000   0.00000   129.50000;
 0.00000   0.00000   0.00000   1.00000;
--------------------
INFO: set hdr.hist.orient to -1
mpr2mni305 talsrcimg
Mon Mar  9 11:14:04 CET 2026
/opt/freesurfer/bin/mpr2mni305 talsrcimg
mpr2mni305 7.3.2
target=711-2C_as_mni_average_305

---------------------------------------------------------------------
analyzeto4dfp talsrcimg -O0 -y
---------------------------------------------------------------------

freesurfer ifh2hdr.c
Mon Mar  9 11:14:04 2026
Writing: talsrcimg.4dfp.hdr
freesurfer analyzeto4dfp.c
Reading: talsrcimg.hdr
header size 348 bytes
hdr.dime.datatype	offset=70	value=2
hdr.dime.bitpix		offset=72	value=8
hdr.hist.orient		offset=252	value=-1
dimensionality     4
dimensions       256       256       256         1
Reading: talsrcimg.img
Writing: talsrcimg.4dfp.img
Writing: talsrcimg.4dfp.ifh
ifh2hdr talsrcimg -r0to229
ori=2

---------------------------------------------------------------------
gauss_4dfp talsrcimg 1.1
---------------------------------------------------------------------

freesurfer gauss_4dfp.c
Reading: talsrcimg.4dfp.img
Writing: talsrcimg_g11.4dfp.img
image dimensions 256 256 256 padded to 288 288 288
processing volume 1freesurfer ifh2hdr.c
Mon Mar  9 11:14:06 2026
Writing: talsrcimg_g11.4dfp.hdr

Writing: talsrcimg_g11.4dfp.ifh
including: talsrcimg.4dfp.img.rec in talsrcimg_g11.4dfp.img.rec

---------------------------------------------------------------------
imgreg_4dfp /opt/freesurfer/average/711-2C_as_mni_average_305 none talsrcimg_g11 none talsrcimg_to_711-2C_as_mni_average_305_t4 4355
---------------------------------------------------------------------

freesurfer imgreg_4dfp.c
/opt/freesurfer/average/711-2C_as_mni_average_305.4dfp.img
       256       256       256         1
  1.000000  1.000000  1.000000
orientation T byte_order littleendian
Reading image: /opt/freesurfer/average/711-2C_as_mni_average_305.4dfp.img
dimensions:      256       256       256
mmppix:       1.0000   -1.0000   -1.0000
center:     128.0000 -129.0000 -129.0000
talsrcimg_g11.4dfp.img
       256       256       256         1
  1.000000  1.000000  1.000000
orientation T byte_order littleendian
Reading image: talsrcimg_g11.4dfp.img
dimensions:      256       256       256
mmppix:       1.0000   -1.0000   -1.0000
center:     128.0000 -129.0000 -129.0000
t4_read: open error in t4_sub.f l:  41 t4_file(1:l)talsrcimg_to_711-2C_as_mni_average_305_t4 
t4_read: transform initialized to I4
rotation matrix determinant  1.000000
image alignment mode   4355 decimal     1103 hex
   -7.5000  -45.0000  -45.0000 8079.1743   19.6259
    0.0000  -45.0000  -45.0000 8438.3174   19.5516
    7.5000  -45.0000  -45.0000 8050.4600   19.5672
   -7.5000  -37.5000  -45.0000 8594.2002   19.5929
    0.0000  -37.5000  -45.0000 8974.3633   19.5153
    7.5000  -37.5000  -45.0000 8575.1846   19.5320
   -7.5000  -30.0000  -45.0000 9292.0801   19.5925
    0.0000  -30.0000  -45.0000 9703.5146   19.5202
    7.5000  -30.0000  -45.0000 9260.3418   19.5248
   -7.5000  -22.5000  -45.0000 9969.4229   19.6240
    0.0000  -22.5000  -45.000010417.5039   19.5596
    7.5000  -22.5000  -45.0000 9940.3105   19.5510
   -7.5000  -15.0000  -45.000010590.7969   19.6553
    0.0000  -15.0000  -45.000011079.6689   19.5955
    7.5000  -15.0000  -45.000010581.3652   19.5859
   -7.5000   -7.5000  -45.000011207.7129   19.6565
    0.0000   -7.5000  -45.000011687.9932   19.5917
    7.5000   -7.5000  -45.000011198.8525   19.5945
   -7.5000    0.0000  -45.000011770.0635   19.6254
    0.0000    0.0000  -45.000012261.7119   19.5509
    7.5000    0.0000  -45.000011744.3730   19.5666
   -7.5000    7.5000  -45.000011324.4141   19.5928
    0.0000    7.5000  -45.000011762.1299   19.5153
    7.5000    7.5000  -45.000011252.8301   19.5319
   -7.5000   15.0000  -45.000010846.3438   19.5925
    0.0000   15.0000  -45.000011302.0859   19.5202
    7.5000   15.0000  -45.000010772.7773   19.5248
   -7.5000   22.5000  -45.000010010.3457   19.6213
    0.0000   22.5000  -45.000010411.0195   19.5569
    7.5000   22.5000  -45.0000 9919.5879   19.5484
   -7.5000   30.0000  -45.0000 9102.9912   19.3934
    0.0000   30.0000  -45.0000 9485.9775   19.3344
    7.5000   30.0000  -45.0000 9057.2383   19.3249
   -7.5000   37.5000  -45.0000 8645.8320   19.3946
    0.0000   37.5000  -45.0000 8995.4033   19.3306
    7.5000   37.5000  -45.0000 8593.2129   19.3333
   -7.5000   45.0000  -45.0000 7838.4438   18.8722
    0.0000   45.0000  -45.0000 8164.6045   18.8005
    7.5000   45.0000  -45.0000 7824.1328   18.8156
   -7.5000  -45.0000  -37.5000 8589.3535   19.4767
    0.0000  -45.0000  -37.5000 8968.0518   19.4059
    7.5000  -45.0000  -37.5000 8582.8506   19.4146
   -7.5000  -37.5000  -37.5000 9130.9854   19.4473
    0.0000  -37.5000  -37.5000 9531.1738   19.3762
    7.5000  -37.5000  -37.5000 9118.6016   19.3850
   -7.5000  -30.0000  -37.5000 9882.2588   19.4559
    0.0000  -30.0000  -37.500010334.1318   19.3885
    7.5000  -30.0000  -37.5000 9878.1328   19.3841
   -7.5000  -22.5000  -37.500010621.4414   19.4909
    0.0000  -22.5000  -37.500011093.9326   19.4260
    7.5000  -22.5000  -37.500010612.8350   19.4091
   -7.5000  -15.0000  -37.500011266.2598   19.5202
    0.0000  -15.0000  -37.500011760.6240   19.4559
    7.5000  -15.0000  -37.500011268.7305   19.4388
   -7.5000   -7.5000  -37.500011899.8555   19.5142
    0.0000   -7.5000  -37.500012415.5381   19.4475
    7.5000   -7.5000  -37.500011878.0527   19.4429
   -7.5000    0.0000  -37.500012465.0264   19.4762
    0.0000    0.0000  -37.500012976.7070   19.4053
    7.5000    0.0000  -37.500012409.0049   19.4140
   -7.5000    7.5000  -37.500011946.5371   19.4473
    0.0000    7.5000  -37.500012404.1738   19.3762
    7.5000    7.5000  -37.500011874.8047   19.3849
   -7.5000   15.0000  -37.500011456.1172   19.4559
    0.0000   15.0000  -37.500011925.2871   19.3885
    7.5000   15.0000  -37.500011361.7646   19.3841
   -7.5000   22.5000  -37.500010576.6982   19.4882
    0.0000   22.5000  -37.500011003.0205   19.4234
    7.5000   22.5000  -37.500010491.0830   19.4064
   -7.5000   30.0000  -37.5000 9616.2520   19.2600
    0.0000   30.0000  -37.500010001.6865   19.1966
    7.5000   30.0000  -37.5000 9548.8506   19.1797
   -7.5000   37.5000  -37.5000 9097.8467   19.2541
    0.0000   37.5000  -37.5000 9460.1699   19.1884
    7.5000   37.5000  -37.5000 9025.3936   19.1838
   -7.5000   45.0000  -37.5000 8218.4844   18.7287
    0.0000   45.0000  -37.5000 8543.5371   18.6605
    7.5000   45.0000  -37.5000 8185.3750   18.6689
   -7.5000  -45.0000  -30.0000 9266.4707   20.2810
    0.0000  -45.0000  -30.0000 9667.0342   20.2108
    7.5000  -45.0000  -30.0000 9263.8545   20.2167
   -7.5000  -37.5000  -30.0000 9841.4346   20.2496
    0.0000  -37.5000  -30.000010271.9004   20.1793
    7.5000  -37.5000  -30.0000 9840.2783   20.1847
   -7.5000  -30.0000  -30.000010682.0557   20.2546
    0.0000  -30.0000  -30.000011161.3877   20.1844
    7.5000  -30.0000  -30.000010690.3262   20.1752
   -7.5000  -22.5000  -30.000011491.3691   20.2888
    0.0000  -22.5000  -30.000011983.9014   20.2169
    7.5000  -22.5000  -30.000011458.3809   20.1937
   -7.5000  -15.0000  -30.000012186.2783   20.3202
    0.0000  -15.0000  -30.000012698.3301   20.2480
    7.5000  -15.0000  -30.000012161.2744   20.2247
   -7.5000   -7.5000  -30.000012837.7246   20.3170
    0.0000   -7.5000  -30.000013405.8740   20.2463
    7.5000   -7.5000  -30.000012813.7900   20.2376
   -7.5000    0.0000  -30.000013438.9404   20.2804
    0.0000    0.0000  -30.000014004.5342   20.2102
    7.5000    0.0000  -30.000013397.8242   20.2161
   -7.5000    7.5000  -30.000012850.6816   20.2495
    0.0000    7.5000  -30.000013391.3496   20.1793
    7.5000    7.5000  -30.000012818.5840   20.1847
   -7.5000   15.0000  -30.000012291.5547   20.2546
    0.0000   15.0000  -30.000012793.8799   20.1844
    7.5000   15.0000  -30.000012238.0137   20.1752
   -7.5000   22.5000  -30.000011372.1787   20.2839
    0.0000   22.5000  -30.000011840.6035   20.2121
    7.5000   22.5000  -30.000011308.4355   20.1889
   -7.5000   30.0000  -30.000010322.1982   20.0513
    0.0000   30.0000  -30.000010733.1094   19.9801
    7.5000   30.0000  -30.000010274.2686   19.9570
   -7.5000   37.5000  -30.0000 9756.9131   20.0481
    0.0000   37.5000  -30.000010132.7139   19.9784
    7.5000   37.5000  -30.0000 9694.3301   19.9698
   -7.5000   45.0000  -30.0000 8793.0117   19.5164
    0.0000   45.0000  -30.0000 9122.7051   19.4488
    7.5000   45.0000  -30.0000 8748.0029   19.4545
   -7.5000  -45.0000  -22.5000 9956.3984   21.0113
    0.0000  -45.0000  -22.500010421.2656   20.9382
    7.5000  -45.0000  -22.5000 9964.5645   20.9507
   -7.5000  -37.5000  -22.500010571.6543   20.9702
    0.0000  -37.5000  -22.500011071.7842   20.8958
    7.5000  -37.5000  -22.500010579.4355   20.9085
   -7.5000  -30.0000  -22.500011496.1270   20.9618
    0.0000  -30.0000  -22.500012026.2803   20.8869
    7.5000  -30.0000  -22.500011504.6904   20.8842
   -7.5000  -22.5000  -22.500012340.6357   20.9956
    0.0000  -22.5000  -22.500012905.8730   20.9200
    7.5000  -22.5000  -22.500012345.1943   20.9002
   -7.5000  -15.0000  -22.500013077.9521   21.0360
    0.0000  -15.0000  -22.500013714.2314   20.9614
    7.5000  -15.0000  -22.500013120.4229   20.9403
   -7.5000   -7.5000  -22.500013787.4834   21.0429
    0.0000   -7.5000  -22.500014446.0342   20.9701
    7.5000   -7.5000  -22.500013821.3584   20.9659
   -7.5000    0.0000  -22.500014427.2744   21.0108
    0.0000    0.0000  -22.500015108.6475   20.9375
    7.5000    0.0000  -22.500014466.8213   20.9501
   -7.5000    7.5000  -22.500013767.5752   20.9702
    0.0000    7.5000  -22.500014405.3037   20.8957
    7.5000    7.5000  -22.500013808.6865   20.9084
   -7.5000   15.0000  -22.500013116.8975   20.9618
    0.0000   15.0000  -22.500013666.0361   20.8869
    7.5000   15.0000  -22.500013101.8223   20.8842
   -7.5000   22.5000  -22.500012151.1172   20.9891
    0.0000   22.5000  -22.500012634.8076   20.9135
    7.5000   22.5000  -22.500012112.0840   20.8938
   -7.5000   30.0000  -22.500011024.3447   20.7608
    0.0000   30.0000  -22.500011459.8740   20.6872
    7.5000   30.0000  -22.500010998.1748   20.6664
   -7.5000   37.5000  -22.500010440.6162   20.7676
    0.0000   37.5000  -22.500010840.7061   20.6958
    7.5000   37.5000  -22.500010401.0430   20.6916
   -7.5000   45.0000  -22.5000 9381.9629   20.2344
    0.0000   45.0000  -22.5000 9726.0752   20.1639
    7.5000   45.0000  -22.5000 9337.0498   20.1759
   -7.5000  -45.0000  -15.000010611.4941   21.5361
    0.0000  -45.0000  -15.000011114.7959   21.4579
    7.5000  -45.0000  -15.000010625.0498   21.4793
   -7.5000  -37.5000  -15.000011274.4922   21.4885
    0.0000  -37.5000  -15.000011794.8135   21.4069
    7.5000  -37.5000  -15.000011265.2676   21.4297
   -7.5000  -30.0000  -15.000012286.3965   21.4718
    0.0000  -30.0000  -15.000012847.9980   21.3919
    7.5000  -30.0000  -15.000012288.1855   21.3991
   -7.5000  -22.5000  -15.000013219.0186   21.5062
    0.0000  -22.5000  -15.000013850.4717   21.4307
    7.5000  -22.5000  -15.000013235.0322   21.4185
   -7.5000  -15.0000  -15.000014014.2207   21.5526
    0.0000  -15.0000  -15.000014692.8477   21.4811
    7.5000  -15.0000  -15.000014039.1943   21.4662
   -7.5000   -7.5000  -15.000014740.7090   21.5653
    0.0000   -7.5000  -15.000015436.6182   21.4926
    7.5000   -7.5000  -15.000014788.7676   21.4958
   -7.5000    0.0000  -15.000015390.9492   21.5356
    0.0000    0.0000  -15.000016124.9902   21.4572
    7.5000    0.0000  -15.000015479.7891   21.4786
   -7.5000    7.5000  -15.000014686.8008   21.4884
    0.0000    7.5000  -15.000015383.4902   21.4069
    7.5000    7.5000  -15.000014782.8887   21.4297
   -7.5000   15.0000  -15.000013917.8438   21.4718
    0.0000   15.0000  -15.000014541.4639   21.3919
    7.5000   15.0000  -15.000013954.4404   21.3991
   -7.5000   22.5000  -15.000012938.3467   21.4986
    0.0000   22.5000  -15.000013469.4424   21.4231
    7.5000   22.5000  -15.000012939.6904   21.4109
   -7.5000   30.0000  -15.000011782.6699   21.2737
    0.0000   30.0000  -15.000012256.3125   21.2031
    7.5000   30.0000  -15.000011773.5381   21.1884
   -7.5000   37.5000  -15.000011121.9912   21.2862
    0.0000   37.5000  -15.000011574.9023   21.2145
    7.5000   37.5000  -15.000011112.1455   21.2176
   -7.5000   45.0000  -15.0000 9977.2002   20.7524
    0.0000   45.0000  -15.000010371.3916   20.6769
    7.5000   45.0000  -15.0000 9968.1133   20.6975
   -7.5000  -45.0000   -7.500011267.3887   21.7707
    0.0000  -45.0000   -7.500011752.8613   21.6893
    7.5000  -45.0000   -7.500011290.3711   21.7136
   -7.5000  -37.5000   -7.500011956.9053   21.7252
    0.0000  -37.5000   -7.500012462.9893   21.6391
    7.5000  -37.5000   -7.500011965.6357   21.6647
   -7.5000  -30.0000   -7.500013070.8252   21.7146
    0.0000  -30.0000   -7.500013602.1885   21.6329
    7.5000  -30.0000   -7.500013068.1172   21.6435
   -7.5000  -22.5000   -7.500014159.0967   21.7516
    0.0000  -22.5000   -7.500014805.6709   21.6792
    7.5000  -22.5000   -7.500014155.2939   21.6718
   -7.5000  -15.0000   -7.500015064.5156   21.7953
    0.0000  -15.0000   -7.500015718.0684   21.7292
    7.5000  -15.0000   -7.500015043.9453   21.7201
   -7.5000   -7.5000   -7.500015742.4365   21.8033
    0.0000   -7.5000   -7.500016441.2422   21.7325
    7.5000   -7.5000   -7.500015835.3740   21.7400
   -7.5000    0.0000   -7.500016414.0820   21.7701
    0.0000    0.0000   -7.500017149.9180   21.6886
    7.5000    0.0000   -7.500016566.4043   21.7129
   -7.5000    7.5000   -7.500015634.5293   21.7252
    0.0000    7.5000   -7.500016397.4023   21.6391
    7.5000    7.5000   -7.500015799.4443   21.6647
   -7.5000   15.0000   -7.500014772.9053   21.7146
    0.0000   15.0000   -7.500015451.5137   21.6329
    7.5000   15.0000   -7.500014872.1445   21.6435
   -7.5000   22.5000   -7.500013742.8379   21.7415
    0.0000   22.5000   -7.500014330.2285   21.6692
    7.5000   22.5000   -7.500013795.4883   21.6618
   -7.5000   30.0000   -7.500012584.3223   21.5126
    0.0000   30.0000   -7.500013117.0000   21.4474
    7.5000   30.0000   -7.500012596.0654   21.4384
   -7.5000   37.5000   -7.500011897.4531   21.5205
    0.0000   37.5000   -7.500012426.4951   21.4507
    7.5000   37.5000   -7.500011899.1660   21.4581
   -7.5000   45.0000   -7.500010681.4678   20.9823
    0.0000   45.0000   -7.500011134.2012   20.9037
    7.5000   45.0000   -7.500010666.1592   20.9272
   -7.5000  -45.0000    0.000011833.8672   21.7817
    0.0000  -45.0000    0.000012358.5410   21.6998
    7.5000  -45.0000    0.000011844.2139   21.7190
   -7.5000  -37.5000    0.000012542.4941   21.7437
    0.0000  -37.5000    0.000013067.3242   21.6587
    7.5000  -37.5000    0.000012536.3994   21.6785
   -7.5000  -30.0000    0.000013687.6406   21.7460
    0.0000  -30.0000    0.000014210.2549   21.6671
    7.5000  -30.0000    0.000013678.6816   21.6724
   -7.5000  -22.5000    0.000015000.7695   21.7851
    0.0000  -22.5000    0.000015603.4004   21.7149
    7.5000  -22.5000    0.000014905.1270   21.7051
   -7.5000  -15.0000    0.000016200.5654   21.8217
    0.0000  -15.0000    0.000016874.6152   21.7562
    7.5000  -15.0000    0.000016040.8174   21.7459
   -7.5000   -7.5000    0.000016895.0801   21.8201
    0.0000   -7.5000    0.000017650.1621   21.7489
    7.5000   -7.5000    0.000016927.5781   21.7532
   -7.5000    0.0000    0.000017461.6875   21.7811
    0.0000    0.0000    0.000018252.0215   21.6991
    7.5000    0.0000    0.000017575.2285   21.7183
   -7.5000    7.5000    0.000016566.8730   21.7436
    0.0000    7.5000    0.000017346.4160   21.6587
    7.5000    7.5000    0.000016628.6328   21.6785
   -7.5000   15.0000    0.000015591.3164   21.7460
    0.0000   15.0000    0.000016352.6133   21.6671
    7.5000   15.0000    0.000015588.6191   21.6724
   -7.5000   22.5000    0.000014573.6006   21.7750
    0.0000   22.5000    0.000015231.2148   21.7049
    7.5000   22.5000    0.000014495.3320   21.6951
   -7.5000   30.0000    0.000013371.9727   21.5392
    0.0000   30.0000    0.000013966.9619   21.4746
    7.5000   30.0000    0.000013299.2451   21.4645
   -7.5000   37.5000    0.000012664.2578   21.5377
    0.0000   37.5000    0.000013225.9512   21.4674
    7.5000   37.5000    0.000012566.6104   21.4716
   -7.5000   45.0000    0.000011389.1006   20.9945
    0.0000   45.0000    0.000011862.0693   20.9154
    7.5000   45.0000    0.000011311.4150   20.9339
   -7.5000  -45.0000    7.500011534.4150   21.7657
    0.0000  -45.0000    7.500012006.9980   21.6868
    7.5000  -45.0000    7.500011498.8242   21.6965
   -7.5000  -37.5000    7.500012203.6592   21.7340
    0.0000  -37.5000    7.500012679.8242   21.6544
    7.5000  -37.5000    7.500012190.0244   21.6641
   -7.5000  -30.0000    7.500013302.8809   21.7440
    0.0000  -30.0000    7.500013763.3623   21.6684
    7.5000  -30.0000    7.500013331.9736   21.6634
   -7.5000  -22.5000    7.500014708.5654   21.7827
    0.0000  -22.5000    7.500015339.9727   21.7099
    7.5000  -22.5000    7.500014530.2783   21.6907
   -7.5000  -15.0000    7.500016236.6504   21.8143
    0.0000  -15.0000    7.500017086.5000   21.7425
    7.5000  -15.0000    7.500015754.9561   21.7231
   -7.5000   -7.5000    7.500017074.3574   21.8070
    0.0000   -7.5000    7.500017940.4316   21.7327
    7.5000   -7.5000    7.500016745.2168   21.7276
   -7.5000    0.0000    7.500017474.1934   21.7651
    0.0000    0.0000    7.500018323.0996   21.6860
    7.5000    0.0000    7.500017294.4395   21.6958
   -7.5000    7.5000    7.500016467.7148   21.7340
    0.0000    7.5000    7.500017253.1133   21.6544
    7.5000    7.5000    7.500016268.1211   21.6641
   -7.5000   15.0000    7.500015359.2373   21.7440
    0.0000   15.0000    7.500016087.4873   21.6684
    7.5000   15.0000    7.500015167.0762   21.6634
   -7.5000   22.5000    7.500014268.8389   21.7726
    0.0000   22.5000    7.500014876.5703   21.6999
    7.5000   22.5000    7.500014071.2744   21.6807
   -7.5000   30.0000    7.500013033.3271   21.5320
    0.0000   30.0000    7.500013571.9658   21.4611
    7.5000   30.0000    7.500012892.0488   21.4420
   -7.5000   37.5000    7.500012352.0381   21.5248
    0.0000   37.5000    7.500012849.5352   21.4515
    7.5000   37.5000    7.500012204.2324   21.4464
   -7.5000   45.0000    7.500011100.8057   20.9791
    0.0000   45.0000    7.500011559.7295   20.9028
    7.5000   45.0000    7.500011009.6367   20.9122
   -7.5000  -45.0000   15.000011109.7178   21.7785
    0.0000  -45.0000   15.000011560.0537   21.7033
    7.5000  -45.0000   15.000011060.3398   21.7096
   -7.5000  -37.5000   15.000011775.9453   21.7448
    0.0000  -37.5000   15.000012248.8555   21.6694
    7.5000  -37.5000   15.000011752.8193   21.6752
   -7.5000  -30.0000   15.000012802.5273   21.7502
    0.0000  -30.0000   15.000013335.7891   21.6748
    7.5000  -30.0000   15.000012835.0830   21.6649
   -7.5000  -22.5000   15.000014057.1006   21.7869
    0.0000  -22.5000   15.000014834.0869   21.7098
    7.5000  -22.5000   15.000013912.7373   21.6849
   -7.5000  -15.0000   15.000015381.4844   21.8207
    0.0000  -15.0000   15.000016241.7900   21.7431
    7.5000  -15.0000   15.000015023.2500   21.7181
   -7.5000   -7.5000   15.000016244.6025   21.8172
    0.0000   -7.5000   15.000017042.3125   21.7414
    7.5000   -7.5000   15.000015972.0312   21.7319
   -7.5000    0.0000   15.000016904.6562   21.7780
    0.0000    0.0000   15.000017700.3633   21.7025
    7.5000    0.0000   15.000016648.7754   21.7089
   -7.5000    7.5000   15.000016054.7920   21.7448
    0.0000    7.5000   15.000016828.4258   21.6694
    7.5000    7.5000   15.000015763.0078   21.6752
   -7.5000   15.0000   15.000014823.6416   21.7502
    0.0000   15.0000   15.000015481.2012   21.6748
    7.5000   15.0000   15.000014570.3252   21.6649
   -7.5000   22.5000   15.000013669.3730   21.7768
    0.0000   22.5000   15.000014221.3125   21.6998
    7.5000   22.5000   15.000013443.2256   21.6749
   -7.5000   30.0000   15.000012484.2734   21.5383
    0.0000   30.0000   15.000012973.1992   21.4617
    7.5000   30.0000   15.000012331.4346   21.4370
   -7.5000   37.5000   15.000011871.4814   21.5348
    0.0000   37.5000   15.000012347.9795   21.4600
    7.5000   37.5000   15.000011732.4727   21.4507
   -7.5000   45.0000   15.000010667.0459   20.9915
    0.0000   45.0000   15.000011121.2773   20.9187
    7.5000   45.0000   15.000010595.9375   20.9249
   -7.5000  -45.0000   22.500010561.1377   21.8147
    0.0000  -45.0000   22.500011060.0625   21.7388
    7.5000  -45.0000   22.500010566.3643   21.7517
   -7.5000  -37.5000   22.500011179.8115   21.7721
    0.0000  -37.5000   22.500011666.2139   21.6949
    7.5000  -37.5000   22.500011178.4512   21.7080
   -7.5000  -30.0000   22.500012149.2363   21.7634
    0.0000  -30.0000   22.500012676.0547   21.6857
    7.5000  -30.0000   22.500012144.8232   21.6828
   -7.5000  -22.5000   22.500013201.5332   21.7985
    0.0000  -22.5000   22.500013904.3350   21.7201
    7.5000  -22.5000   22.500013141.9443   21.6995
   -7.5000  -15.0000   22.500014159.2100   21.8404
    0.0000  -15.0000   22.500014839.5342   21.7630
    7.5000  -15.0000   22.500014120.7793   21.7411
   -7.5000   -7.5000   22.500014859.8682   21.8475
    0.0000   -7.5000   22.500015523.1113   21.7720
    7.5000   -7.5000   22.500014947.2559   21.7676
   -7.5000    0.0000   22.500015625.7217   21.8142
    0.0000    0.0000   22.500016336.7100   21.7381
    7.5000    0.0000   22.500015659.3018   21.7511
   -7.5000    7.5000   22.500015033.1953   21.7720
    0.0000    7.5000   22.500015754.7246   21.6948
    7.5000    7.5000   22.500014975.4219   21.7079
   -7.5000   15.0000   22.500013970.4580   21.7634
    0.0000   15.0000   22.500014625.0391   21.6857
    7.5000   15.0000   22.500013852.7402   21.6828
   -7.5000   22.5000   22.500012942.1436   21.7885
    0.0000   22.5000   22.500013493.7139   21.7101
    7.5000   22.5000   22.500012788.5625   21.6895
   -7.5000   30.0000   22.500011848.8555   21.5577
    0.0000   30.0000   22.500012351.4238   21.4814
    7.5000   30.0000   22.500011740.4346   21.4597
   -7.5000   37.5000   22.500011222.2334   21.5647
    0.0000   37.5000   22.500011693.0820   21.4902
    7.5000   37.5000   22.500011138.2900   21.4859
   -7.5000   45.0000   22.500010077.4541   21.0263
    0.0000   45.0000   22.500010505.9336   20.9531
    7.5000   45.0000   22.500010039.8359   20.9655
   -7.5000  -45.0000   30.0000 9798.7822   21.9020
    0.0000  -45.0000   30.000010268.1934   21.8229
    7.5000  -45.0000   30.0000 9818.0508   21.8436
   -7.5000  -37.5000   30.000010384.4834   21.8538
    0.0000  -37.5000   30.000010811.8027   21.7713
    7.5000  -37.5000   30.000010391.2246   21.7932
   -7.5000  -30.0000   30.000011302.1689   21.8355
    0.0000  -30.0000   30.000011787.7754   21.7550
    7.5000  -30.0000   30.000011293.7598   21.7612
   -7.5000  -22.5000   30.000012241.5205   21.8692
    0.0000  -22.5000   30.000012810.9941   21.7931
    7.5000  -22.5000   30.000012227.4785   21.7799
   -7.5000  -15.0000   30.000013014.1426   21.9157
    0.0000  -15.0000   30.000013516.2930   21.8439
    7.5000  -15.0000   30.000013042.9033   21.8281
   -7.5000   -7.5000   30.000013699.1660   21.9299
    0.0000   -7.5000   30.000014212.0449   21.8567
    7.5000   -7.5000   30.000013800.1035   21.8592
   -7.5000    0.0000   30.000014442.6055   21.9015
    0.0000    0.0000   30.000014990.5039   21.8222
    7.5000    0.0000   30.000014489.7158   21.8429
   -7.5000    7.5000   30.000013877.3359   21.8537
    0.0000    7.5000   30.000014417.1748   21.7712
    7.5000    7.5000   30.000013890.9854   21.7932
   -7.5000   15.0000   30.000012932.1416   21.8355
    0.0000   15.0000   30.000013445.6836   21.7550
    7.5000   15.0000   30.000012886.9561   21.7612
   -7.5000   22.5000   30.000012006.0713   21.8591
    0.0000   22.5000   30.000012466.6738   21.7830
    7.5000   22.5000   30.000011923.4482   21.7698
   -7.5000   30.0000   30.000011043.5967   21.6321
    0.0000   30.0000   30.000011488.1045   21.5612
    7.5000   30.0000   30.000010976.9326   21.5456
   -7.5000   37.5000   30.000010433.3145   21.6461
    0.0000   37.5000   30.000010862.2568   21.5738
    7.5000   37.5000   30.000010372.9385   21.5763
   -7.5000   45.0000   30.0000 9367.7070   21.1105
    0.0000   45.0000   30.0000 9725.3691   21.0341
    7.5000   45.0000   30.0000 9325.9561   21.0541
   -7.5000  -45.0000   37.5000 9423.7178   22.2204
    0.0000  -45.0000   37.5000 9835.6787   22.1368
    7.5000  -45.0000   37.5000 9442.3848   22.1609
   -7.5000  -37.5000   37.5000 9992.7061   22.1725
    0.0000  -37.5000   37.500010386.4609   22.0840
    7.5000  -37.5000   37.5000 9977.9443   22.1095
   -7.5000  -30.0000   37.500010911.0996   22.1596
    0.0000  -30.0000   37.500011339.3975   22.0761
    7.5000  -30.0000   37.500010882.8418   22.0865
   -7.5000  -22.5000   37.500011782.3994   22.1970
    0.0000  -22.5000   37.500012262.8877   22.1236
    7.5000  -22.5000   37.500011766.7217   22.1157
   -7.5000  -15.0000   37.500012457.4229   22.2430
    0.0000  -15.0000   37.500012881.9160   22.1763
    7.5000  -15.0000   37.500012476.4775   22.1666
   -7.5000   -7.5000   37.500013107.8633   22.2530
    0.0000   -7.5000   37.500013537.0957   22.1811
    7.5000   -7.5000   37.500013151.9736   22.1881
   -7.5000    0.0000   37.500013864.5771   22.2198
    0.0000    0.0000   37.500014337.1738   22.1361
    7.5000    0.0000   37.500013854.5518   22.1602
   -7.5000    7.5000   37.500013342.7197   22.1724
    0.0000    7.5000   37.500013783.1719   22.0840
    7.5000    7.5000   37.500013301.5273   22.1095
   -7.5000   15.0000   37.500012410.5049   22.1596
    0.0000   15.0000   37.500012834.6973   22.0761
    7.5000   15.0000   37.500012354.1973   22.0865
   -7.5000   22.5000   37.500011523.6875   22.1868
    0.0000   22.5000   37.500011938.9316   22.1134
    7.5000   22.5000   37.500011448.3369   22.1055
   -7.5000   30.0000   37.500010626.9355   21.9552
    0.0000   30.0000   37.500011027.0469   21.8893
    7.5000   30.0000   37.500010560.6699   21.8797
   -7.5000   37.5000   37.500010020.7920   21.9650
    0.0000   37.5000   37.500010383.0400   21.8940
    7.5000   37.5000   37.5000 9951.4980   21.9010
   -7.5000   45.0000   37.5000 8971.8174   21.4173
    0.0000   45.0000   37.5000 9287.9404   21.3366
    7.5000   45.0000   37.5000 8899.5400   21.3599
   -7.5000  -45.0000   45.0000 8667.2422   22.5955
    0.0000  -45.0000   45.0000 9050.0967   22.5109
    7.5000  -45.0000   45.0000 8688.8408   22.5317
   -7.5000  -37.5000   45.0000 9187.9590   22.5537
    0.0000  -37.5000   45.0000 9564.9287   22.4659
    7.5000  -37.5000   45.0000 9181.6377   22.4881
   -7.5000  -30.0000   45.000010031.2822   22.5590
    0.0000  -30.0000   45.000010423.9580   22.4782
    7.5000  -30.0000   45.000010007.0127   22.4851
   -7.5000  -22.5000   45.000010823.2188   22.6054
    0.0000  -22.5000   45.000011236.3945   22.5343
    7.5000  -22.5000   45.000010784.2949   22.5243
   -7.5000  -15.0000   45.000011430.6738   22.6465
    0.0000  -15.0000   45.000011815.9219   22.5809
    7.5000  -15.0000   45.000011409.4414   22.5694
   -7.5000   -7.5000   45.000012001.7656   22.6413
    0.0000   -7.5000   45.000012401.6494   22.5691
    7.5000   -7.5000   45.000011989.1348   22.5733
   -7.5000    0.0000   45.000012665.7090   22.5949
    0.0000    0.0000   45.000013117.4512   22.5101
    7.5000    0.0000   45.000012634.5312   22.5310
   -7.5000    7.5000   45.000012227.0654   22.5537
    0.0000    7.5000   45.000012629.3203   22.4658
    7.5000    7.5000   45.000012181.6611   22.4881
   -7.5000   15.0000   45.000011387.7061   22.5590
    0.0000   15.0000   45.000011772.8955   22.4782
    7.5000   15.0000   45.000011330.7305   22.4851
   -7.5000   22.5000   45.000010557.0713   22.5949
    0.0000   22.5000   45.000010934.6602   22.5239
    7.5000   22.5000   45.000010499.3447   22.5138
   -7.5000   30.0000   45.0000 9745.7324   22.3515
    0.0000   30.0000   45.000010085.3594   22.2868
    7.5000   30.0000   45.0000 9678.6250   22.2754
   -7.5000   37.5000   45.0000 9189.2822   22.3464
    0.0000   37.5000   45.0000 9513.8896   22.2751
    7.5000   37.5000   45.0000 9105.3730   22.2792
   -7.5000   45.0000   45.0000 8224.8662   21.7887
    0.0000   45.0000   45.0000 8520.4912   21.7070
    7.5000   45.0000   45.0000 8137.1060   21.7271

---------------------------------------------------------------------
imgreg_4dfp /opt/freesurfer/average/711-2C_as_mni_average_305 /opt/freesurfer/average/711-2B_as_mni_average_305_mask talsrcimg_g11 none talsrcimg_to_711-2C_as_mni_average_305_t4 4355
---------------------------------------------------------------------

freesurfer imgreg_4dfp.c
/opt/freesurfer/average/711-2C_as_mni_average_305.4dfp.img
       256       256       256         1
  1.000000  1.000000  1.000000
orientation T byte_order littleendian
Reading image: /opt/freesurfer/average/711-2C_as_mni_average_305.4dfp.img
dimensions:      256       256       256
mmppix:       1.0000   -1.0000   -1.0000
center:     128.0000 -129.0000 -129.0000
/opt/freesurfer/average/711-2B_as_mni_average_305_mask.4dfp.img
       256       256       256         1
  1.000000  1.000000  1.000000
orientation T byte_order littleendian
Reading mask: /opt/freesurfer/average/711-2B_as_mni_average_305_mask.4dfp.img (2306576 pixels)
talsrcimg_g11.4dfp.img
       256       256       256         1
  1.000000  1.000000  1.000000
orientation T byte_order littleendian
Reading image: talsrcimg_g11.4dfp.img
dimensions:      256       256       256
mmppix:       1.0000   -1.0000   -1.0000
center:     128.0000 -129.0000 -129.0000
rotation matrix determinant  1.000000
image alignment mode   4355 decimal     1103 hex
   -7.5000  -45.0000  -37.5000 2311.4573   20.7557
    0.0000  -45.0000  -37.5000 2317.8188   20.6553
    7.5000  -45.0000  -37.5000 2299.6038   20.8997
   -7.5000  -37.5000  -37.5000 2394.5461   19.2639
    0.0000  -37.5000  -37.5000 2403.9309   19.2070
    7.5000  -37.5000  -37.5000 2383.3455   19.4470
   -7.5000  -30.0000  -37.5000 2434.3430   18.3444
    0.0000  -30.0000  -37.5000 2447.1079   18.3080
    7.5000  -30.0000  -37.5000 2421.6541   18.5419
   -7.5000  -22.5000  -37.5000 2460.2603   17.8013
    0.0000  -22.5000  -37.5000 2468.6973   17.6866
    7.5000  -22.5000  -37.5000 2444.4456   17.9745
   -7.5000  -15.0000  -37.5000 2474.0352   17.4894
    0.0000  -15.0000  -37.5000 2481.1570   17.3480
    7.5000  -15.0000  -37.5000 2451.1807   17.5882
   -7.5000   -7.5000  -37.5000 2468.0864   17.4912
    0.0000   -7.5000  -37.5000 2473.1792   17.3175
    7.5000   -7.5000  -37.5000 2449.1812   17.6067
   -7.5000    0.0000  -37.5000 2449.3767   17.8167
    0.0000    0.0000  -37.5000 2456.4685   17.6547
    7.5000    0.0000  -37.5000 2423.3071   17.9142
   -7.5000    7.5000  -37.5000 2411.6045   18.4464
    0.0000    7.5000  -37.5000 2409.7024   18.2435
    7.5000    7.5000  -37.5000 2387.9038   18.5384
   -7.5000   15.0000  -37.5000 2359.2661   19.3950
    0.0000   15.0000  -37.5000 2361.6174   19.2124
    7.5000   15.0000  -37.5000 2332.1992   19.4911
   -7.5000   22.5000  -37.5000 2288.8516   20.7307
    0.0000   22.5000  -37.5000 2293.6084   20.5481
    7.5000   22.5000  -37.5000 2266.6809   20.8396
   -7.5000   30.0000  -37.5000 2195.1355   22.4290
    0.0000   30.0000  -37.5000 2201.1892   22.2672
    7.5000   30.0000  -37.5000 2170.6106   22.5919
   -7.5000   37.5000  -37.5000 2083.8137   24.6948
    0.0000   37.5000  -37.5000 2087.5928   24.4703
    7.5000   37.5000  -37.5000 2055.2727   24.8041
   -7.5000   45.0000  -37.5000 1945.5925   27.6528
    0.0000   45.0000  -37.5000 1949.8489   27.3123
    7.5000   45.0000  -37.5000 1927.3353   27.6310
   -7.5000  -45.0000  -30.0000 2435.9202   20.0901
    0.0000  -45.0000  -30.0000 2448.5347   19.9973
    7.5000  -45.0000  -30.0000 2419.3035   20.2841
   -7.5000  -37.5000  -30.0000 2518.8540   18.6352
    0.0000  -37.5000  -30.0000 2533.0950   18.5290
    7.5000  -37.5000  -30.0000 2507.1177   18.7777
   -7.5000  -30.0000  -30.0000 2565.8926   17.6817
    0.0000  -30.0000  -30.0000 2577.7039   17.5652
    7.5000  -30.0000  -30.0000 2551.5872   17.7857
   -7.5000  -22.5000  -30.0000 2603.9995   17.0745
    0.0000  -22.5000  -30.0000 2610.7178   16.9090
    7.5000  -22.5000  -30.0000 2585.8496   17.1547
   -7.5000  -15.0000  -30.0000 2626.0273   16.7306
    0.0000  -15.0000  -30.0000 2634.0264   16.5770
    7.5000  -15.0000  -30.0000 2598.6038   16.8118
   -7.5000   -7.5000  -30.0000 2615.5815   16.7310
    0.0000   -7.5000  -30.0000 2623.9155   16.5970
    7.5000   -7.5000  -30.0000 2593.8311   16.8669
   -7.5000    0.0000  -30.0000 2596.5286   17.0517
    0.0000    0.0000  -30.0000 2604.2583   16.8811
    7.5000    0.0000  -30.0000 2572.2891   17.1940
   -7.5000    7.5000  -30.0000 2554.0725   17.6541
    0.0000    7.5000  -30.0000 2562.8081   17.4407
    7.5000    7.5000  -30.0000 2536.4907   17.7468
   -7.5000   15.0000  -30.0000 2503.3916   18.5247
    0.0000   15.0000  -30.0000 2507.9368   18.3446
    7.5000   15.0000  -30.0000 2475.8293   18.6077
   -7.5000   22.5000  -30.0000 2428.2268   19.8179
    0.0000   22.5000  -30.0000 2438.1189   19.5956
    7.5000   22.5000  -30.0000 2405.2935   19.8926
   -7.5000   30.0000  -30.0000 2326.6130   21.4817
    0.0000   30.0000  -30.0000 2336.6877   21.2966
    7.5000   30.0000  -30.0000 2304.0854   21.6253
   -7.5000   37.5000  -30.0000 2208.0986   23.6402
    0.0000   37.5000  -30.0000 2218.6260   23.3871
    7.5000   37.5000  -30.0000 2186.9248   23.7501
   -7.5000   45.0000  -30.0000 2059.8987   26.3849
    0.0000   45.0000  -30.0000 2065.8267   26.0780
    7.5000   45.0000  -30.0000 2044.5836   26.4347
   -7.5000  -45.0000  -22.5000 2523.4055   19.4368
    0.0000  -45.0000  -22.5000 2540.3147   19.3019
    7.5000  -45.0000  -22.5000 2509.3071   19.5798
   -7.5000  -37.5000  -22.5000 2612.7112   17.9410
    0.0000  -37.5000  -22.5000 2632.0896   17.8081
    7.5000  -37.5000  -22.5000 2601.3687   18.0480
   -7.5000  -30.0000  -22.5000 2665.0742   16.9178
    0.0000  -30.0000  -22.5000 2681.3057   16.7722
    7.5000  -30.0000  -22.5000 2650.7180   16.9774
   -7.5000  -22.5000  -22.5000 2708.9412   16.2656
    0.0000  -22.5000  -22.5000 2719.2048   16.1035
    7.5000  -22.5000  -22.5000 2688.2810   16.3238
   -7.5000  -15.0000  -22.5000 2741.2429   15.8581
    0.0000  -15.0000  -22.5000 2751.4202   15.7238
    7.5000  -15.0000  -22.5000 2714.4146   15.9652
   -7.5000   -7.5000  -22.5000 2737.4331   15.7791
    0.0000   -7.5000  -22.5000 2748.0095   15.7049
    7.5000   -7.5000  -22.5000 2713.6409   15.9793
   -7.5000    0.0000  -22.5000 2716.1682   16.1281
    0.0000    0.0000  -22.5000 2730.0852   15.9778
    7.5000    0.0000  -22.5000 2698.4238   16.2998
   -7.5000    7.5000  -22.5000 2678.0857   16.7629
    0.0000    7.5000  -22.5000 2690.1758   16.5385
    7.5000    7.5000  -22.5000 2661.5288   16.8932
   -7.5000   15.0000  -22.5000 2623.4143   17.6040
    0.0000   15.0000  -22.5000 2631.0359   17.4105
    7.5000   15.0000  -22.5000 2600.8484   17.7055
   -7.5000   22.5000  -22.5000 2541.8628   18.8209
    0.0000   22.5000  -22.5000 2550.9512   18.6086
    7.5000   22.5000  -22.5000 2524.1138   18.9218
   -7.5000   30.0000  -22.5000 2428.1370   20.4551
    0.0000   30.0000  -22.5000 2441.1814   20.2561
    7.5000   30.0000  -22.5000 2409.7771   20.5748
   -7.5000   37.5000  -22.5000 2307.3054   22.5286
    0.0000   37.5000  -22.5000 2323.0742   22.2718
    7.5000   37.5000  -22.5000 2292.6589   22.6084
   -7.5000   45.0000  -22.5000 2151.5547   25.1495
    0.0000   45.0000  -22.5000 2159.2834   24.8978
    7.5000   45.0000  -22.5000 2132.2278   25.2535
   -7.5000  -45.0000  -15.0000 2561.9280   18.8239
    0.0000  -45.0000  -15.0000 2583.0359   18.6258
    7.5000  -45.0000  -15.0000 2555.6562   18.8591
   -7.5000  -37.5000  -15.0000 2663.4189   17.3021
    0.0000  -37.5000  -15.0000 2680.5198   17.0998
    7.5000  -37.5000  -15.0000 2651.8696   17.3299
   -7.5000  -30.0000  -15.0000 2727.0427   16.1765
    0.0000  -30.0000  -15.0000 2746.0056   16.0141
    7.5000  -30.0000  -15.0000 2712.0818   16.2327
   -7.5000  -22.5000  -15.0000 2776.0442   15.4886
    0.0000  -22.5000  -15.0000 2792.4753   15.3406
    7.5000  -22.5000  -15.0000 2758.9473   15.5550
   -7.5000  -15.0000  -15.0000 2819.7793   15.0510
    0.0000  -15.0000  -15.0000 2833.1108   14.9180
    7.5000  -15.0000  -15.0000 2787.8523   15.1801
   -7.5000   -7.5000  -15.0000 2820.5339   14.8861
    0.0000   -7.5000  -15.0000 2832.4546   14.7776
    7.5000   -7.5000  -15.0000 2789.8591   15.0844
   -7.5000    0.0000  -15.0000 2804.7844   15.2496
    0.0000    0.0000  -15.0000 2815.6309   15.0724
    7.5000    0.0000  -15.0000 2782.0757   15.4056
   -7.5000    7.5000  -15.0000 2766.1848   15.8796
    0.0000    7.5000  -15.0000 2778.4897   15.6776
    7.5000    7.5000  -15.0000 2748.1897   16.0066
   -7.5000   15.0000  -15.0000 2703.7786   16.7041
    0.0000   15.0000  -15.0000 2714.2454   16.5376
    7.5000   15.0000  -15.0000 2687.8740   16.8522
   -7.5000   22.5000  -15.0000 2620.8647   17.9128
    0.0000   22.5000  -15.0000 2629.6201   17.7168
    7.5000   22.5000  -15.0000 2601.7656   18.0531
   -7.5000   30.0000  -15.0000 2504.7917   19.5268
    0.0000   30.0000  -15.0000 2514.8357   19.2939
    7.5000   30.0000  -15.0000 2484.5796   19.6298
   -7.5000   37.5000  -15.0000 2374.1650   21.5471
    0.0000   37.5000  -15.0000 2387.7100   21.2871
    7.5000   37.5000  -15.0000 2357.6396   21.6265
   -7.5000   45.0000  -15.0000 2213.1765   24.0915
    0.0000   45.0000  -15.0000 2222.1692   23.8697
    7.5000   45.0000  -15.0000 2194.4443   24.2104
   -7.5000  -45.0000   -7.5000 2569.5398   18.2254
    0.0000  -45.0000   -7.5000 2589.6047   17.9448
    7.5000  -45.0000   -7.5000 2573.8762   18.2158
   -7.5000  -37.5000   -7.5000 2679.5020   16.6818
    0.0000  -37.5000   -7.5000 2690.9404   16.4281
    7.5000  -37.5000   -7.5000 2678.5657   16.7068
   -7.5000  -30.0000   -7.5000 2760.6492   15.5298
    0.0000  -30.0000   -7.5000 2770.7876   15.3071
    7.5000  -30.0000   -7.5000 2754.3054   15.5638
   -7.5000  -22.5000   -7.5000 2825.4316   14.7941
    0.0000  -22.5000   -7.5000 2840.2512   14.6082
    7.5000  -22.5000   -7.5000 2818.4448   14.8501
   -7.5000  -15.0000   -7.5000 2877.2302   14.3781
    0.0000  -15.0000   -7.5000 2890.5459   14.2537
    7.5000  -15.0000   -7.5000 2850.6094   14.4740
   -7.5000   -7.5000   -7.5000 2883.5481   14.1218
    0.0000   -7.5000   -7.5000 2895.8149   13.9871
    7.5000   -7.5000   -7.5000 2857.0071   14.3561
   -7.5000    0.0000   -7.5000 2865.7771   14.4341
    0.0000    0.0000   -7.5000 2871.8154   14.2444
    7.5000    0.0000   -7.5000 2847.1272   14.6499
   -7.5000    7.5000   -7.5000 2825.2578   15.0530
    0.0000    7.5000   -7.5000 2837.9072   14.8633
    7.5000    7.5000   -7.5000 2809.5269   15.2302
   -7.5000   15.0000   -7.5000 2759.9006   15.8900
    0.0000   15.0000   -7.5000 2771.1724   15.7188
    7.5000   15.0000   -7.5000 2747.7495   16.1023
   -7.5000   22.5000   -7.5000 2673.1414   17.0793
    0.0000   22.5000   -7.5000 2680.8608   16.8864
    7.5000   22.5000   -7.5000 2662.0854   17.2695
   -7.5000   30.0000   -7.5000 2553.7483   18.7092
    0.0000   30.0000   -7.5000 2561.2393   18.4801
    7.5000   30.0000   -7.5000 2535.5781   18.8840
   -7.5000   37.5000   -7.5000 2423.5752   20.6926
    0.0000   37.5000   -7.5000 2437.6055   20.4550
    7.5000   37.5000   -7.5000 2406.7847   20.8768
   -7.5000   45.0000   -7.5000 2260.6501   23.1581
    0.0000   45.0000   -7.5000 2268.8159   22.9269
    7.5000   45.0000   -7.5000 2243.4138   23.3721
   -7.5000  -45.0000    0.0000 2569.6094   17.8958
    0.0000  -45.0000    0.0000 2586.9014   17.5821
    7.5000  -45.0000    0.0000 2570.0085   17.8136
   -7.5000  -37.5000    0.0000 2683.0598   16.3497
    0.0000  -37.5000    0.0000 2695.8940   16.0377
    7.5000  -37.5000    0.0000 2675.6831   16.2494
   -7.5000  -30.0000    0.0000 2772.7500   15.1872
    0.0000  -30.0000    0.0000 2782.9004   14.8640
    7.5000  -30.0000    0.0000 2764.7908   15.0754
   -7.5000  -22.5000    0.0000 2859.2915   14.4299
    0.0000  -22.5000    0.0000 2867.9150   14.1347
    7.5000  -22.5000    0.0000 2846.0896   14.3568
   -7.5000  -15.0000    0.0000 2917.2834   14.1161
    0.0000  -15.0000    0.0000 2932.0415   13.8929
    7.5000  -15.0000    0.0000 2901.6543   14.0359
   -7.5000   -7.5000    0.0000 2936.2720   13.8407
    0.0000   -7.5000    0.0000 2958.3789   13.6594
    7.5000   -7.5000    0.0000 2914.4644   13.9582
   -7.5000    0.0000    0.0000 2908.3696   13.9849
    0.0000    0.0000    0.0000 2919.8904   13.8060
    7.5000    0.0000    0.0000 2892.6743   14.1873
   -7.5000    7.5000    0.0000 2864.8794   14.5027
    0.0000    7.5000    0.0000 2877.2278   14.3355
    7.5000    7.5000    0.0000 2847.5503   14.6572
   -7.5000   15.0000    0.0000 2797.1282   15.3644
    0.0000   15.0000    0.0000 2809.8496   15.1455
    7.5000   15.0000    0.0000 2783.2297   15.4823
   -7.5000   22.5000    0.0000 2710.5940   16.6631
    0.0000   22.5000    0.0000 2717.8406   16.4070
    7.5000   22.5000    0.0000 2689.6902   16.7164
   -7.5000   30.0000    0.0000 2588.4509   18.3239
    0.0000   30.0000    0.0000 2595.2424   18.0455
    7.5000   30.0000    0.0000 2566.9934   18.3621
   -7.5000   37.5000    0.0000 2453.3542   20.2894
    0.0000   37.5000    0.0000 2469.3894   20.0165
    7.5000   37.5000    0.0000 2439.1331   20.3397
   -7.5000   45.0000    0.0000 2290.4668   22.6666
    0.0000   45.0000    0.0000 2296.4988   22.4128
    7.5000   45.0000    0.0000 2280.1655   22.7532
   -7.5000  -45.0000    7.5000 2571.1584   17.8334
    0.0000  -45.0000    7.5000 2579.7024   17.4486
    7.5000  -45.0000    7.5000 2560.3711   17.6679
   -7.5000  -37.5000    7.5000 2685.4131   16.2419
    0.0000  -37.5000    7.5000 2694.0701   15.8785
    7.5000  -37.5000    7.5000 2674.2041   16.0808
   -7.5000  -30.0000    7.5000 2774.2524   15.0554
    0.0000  -30.0000    7.5000 2783.4443   14.7193
    7.5000  -30.0000    7.5000 2772.5378   14.9185
   -7.5000  -22.5000    7.5000 2868.0942   14.3678
    0.0000  -22.5000    7.5000 2875.4517   14.0492
    7.5000  -22.5000    7.5000 2857.6604   14.2231
   -7.5000  -15.0000    7.5000 2943.3755   14.2088
    0.0000  -15.0000    7.5000 2966.5066   13.9440
    7.5000  -15.0000    7.5000 2930.6023   13.8988
   -7.5000   -7.5000    7.5000 2983.9446   14.0045
    0.0000   -7.5000    7.5000 3026.6123   13.8244
    7.5000   -7.5000    7.5000 2961.2612   13.8096
   -7.5000    0.0000    7.5000 2939.1497   13.9358
    0.0000    0.0000    7.5000 2972.8970   13.7669
    7.5000    0.0000    7.5000 2929.0920   13.9758
   -7.5000    7.5000    7.5000 2887.4038   14.2824
    0.0000    7.5000    7.5000 2903.3606   14.0644
    7.5000    7.5000    7.5000 2868.1394   14.3669
   -7.5000   15.0000    7.5000 2811.3257   15.1629
    0.0000   15.0000    7.5000 2826.4446   14.9262
    7.5000   15.0000    7.5000 2799.7554   15.1939
   -7.5000   22.5000    7.5000 2726.8394   16.4408
    0.0000   22.5000    7.5000 2733.3406   16.1876
    7.5000   22.5000    7.5000 2703.9138   16.4542
   -7.5000   30.0000    7.5000 2601.7847   18.0765
    0.0000   30.0000    7.5000 2607.6252   17.8315
    7.5000   30.0000    7.5000 2576.0708   18.1076
   -7.5000   37.5000    7.5000 2468.2720   20.0761
    0.0000   37.5000    7.5000 2473.9248   19.8274
    7.5000   37.5000    7.5000 2446.2400   20.0883
   -7.5000   45.0000    7.5000 2303.9939   22.5057
    0.0000   45.0000    7.5000 2307.6626   22.1857
    7.5000   45.0000    7.5000 2288.2053   22.4459
   -7.5000  -45.0000   15.0000 2552.2341   17.9948
    0.0000  -45.0000   15.0000 2561.5310   17.5824
    7.5000  -45.0000   15.0000 2546.2122   17.8121
   -7.5000  -37.5000   15.0000 2669.4641   16.4490
    0.0000  -37.5000   15.0000 2677.8459   16.1006
    7.5000  -37.5000   15.0000 2661.5435   16.2916
   -7.5000  -30.0000   15.0000 2763.8945   15.2296
    0.0000  -30.0000   15.0000 2774.4111   14.9683
    7.5000  -30.0000   15.0000 2758.6687   15.1418
   -7.5000  -22.5000   15.0000 2860.1501   14.5296
    0.0000  -22.5000   15.0000 2872.5293   14.3214
    7.5000  -22.5000   15.0000 2849.2642   14.3836
   -7.5000  -15.0000   15.0000 2940.4656   14.2738
    0.0000  -15.0000   15.0000 2970.1274   14.1102
    7.5000  -15.0000   15.0000 2922.4062   13.9722
   -7.5000   -7.5000   15.0000 2974.0923   14.0162
    0.0000   -7.5000   15.0000 3019.3557   13.9027
    7.5000   -7.5000   15.0000 2955.7051   13.9033
   -7.5000    0.0000   15.0000 2937.0442   14.1597
    0.0000    0.0000   15.0000 2972.0198   13.8995
    7.5000    0.0000   15.0000 2919.5991   14.1233
   -7.5000    7.5000   15.0000 2893.5820   14.5868
    0.0000    7.5000   15.0000 2917.1560   14.3415
    7.5000    7.5000   15.0000 2863.6099   14.5469
   -7.5000   15.0000   15.0000 2805.5957   15.3798
    0.0000   15.0000   15.0000 2819.8999   15.1599
    7.5000   15.0000   15.0000 2791.7798   15.3439
   -7.5000   22.5000   15.0000 2712.9934   16.5356
    0.0000   22.5000   15.0000 2716.5549   16.2713
    7.5000   22.5000   15.0000 2694.2141   16.5179
   -7.5000   30.0000   15.0000 2588.0713   18.1084
    0.0000   30.0000   15.0000 2593.2815   17.8374
    7.5000   30.0000   15.0000 2569.8948   18.1314
   -7.5000   37.5000   15.0000 2456.1772   20.0728
    0.0000   37.5000   15.0000 2466.6946   19.8062
    7.5000   37.5000   15.0000 2435.8342   20.1261
   -7.5000   45.0000   15.0000 2287.7959   22.4798
    0.0000   45.0000   15.0000 2296.2012   22.2411
    7.5000   45.0000   15.0000 2282.6245   22.5180
   -7.5000  -45.0000   22.5000 2525.5955   18.4818
    0.0000  -45.0000   22.5000 2544.8738   18.1020
    7.5000  -45.0000   22.5000 2528.9258   18.3478
   -7.5000  -37.5000   22.5000 2647.4392   16.8603
    0.0000  -37.5000   22.5000 2663.1448   16.5428
    7.5000  -37.5000   22.5000 2642.4250   16.7616
   -7.5000  -30.0000   22.5000 2747.6685   15.5993
    0.0000  -30.0000   22.5000 2762.3289   15.3338
    7.5000  -30.0000   22.5000 2734.1509   15.5271
   -7.5000  -22.5000   22.5000 2837.7974   14.8386
    0.0000  -22.5000   22.5000 2851.8813   14.5964
    7.5000  -22.5000   22.5000 2826.2874   14.7332
   -7.5000  -15.0000   22.5000 2915.0237   14.4150
    0.0000  -15.0000   22.5000 2942.1292   14.1954
    7.5000  -15.0000   22.5000 2900.3250   14.3006
   -7.5000   -7.5000   22.5000 2943.6958   14.0783
    0.0000   -7.5000   22.5000 2961.5930   13.8363
    7.5000   -7.5000   22.5000 2933.6389   14.1745
   -7.5000    0.0000   22.5000 2911.6997   14.3925
    0.0000    0.0000   22.5000 2933.5942   14.1422
    7.5000    0.0000   22.5000 2893.9253   14.4289
   -7.5000    7.5000   22.5000 2864.4395   15.0006
    0.0000    7.5000   22.5000 2886.1858   14.7947
    7.5000    7.5000   22.5000 2842.6387   14.9797
   -7.5000   15.0000   22.5000 2771.4761   15.9185
    0.0000   15.0000   22.5000 2790.6392   15.6918
    7.5000   15.0000   22.5000 2755.0762   15.8578
   -7.5000   22.5000   22.5000 2678.0198   17.0668
    0.0000   22.5000   22.5000 2686.4890   16.8502
    7.5000   22.5000   22.5000 2659.4890   17.0399
   -7.5000   30.0000   22.5000 2555.7063   18.5469
    0.0000   30.0000   22.5000 2564.2957   18.3136
    7.5000   30.0000   22.5000 2538.4189   18.5629
   -7.5000   37.5000   22.5000 2424.4294   20.4249
    0.0000   37.5000   22.5000 2436.4033   20.1567
    7.5000   37.5000   22.5000 2410.8596   20.4518
   -7.5000   45.0000   22.5000 2256.6167   22.7820
    0.0000   45.0000   22.5000 2269.7434   22.5158
    7.5000   45.0000   22.5000 2260.8086   22.8150
   -7.5000  -45.0000   30.0000 2486.5847   19.0749
    0.0000  -45.0000   30.0000 2516.0647   18.7274
    7.5000  -45.0000   30.0000 2491.3501   19.0421
   -7.5000  -37.5000   30.0000 2612.0247   17.4462
    0.0000  -37.5000   30.0000 2634.3479   17.0611
    7.5000  -37.5000   30.0000 2607.2856   17.4071
   -7.5000  -30.0000   30.0000 2714.7258   16.2127
    0.0000  -30.0000   30.0000 2733.4724   15.8444
    7.5000  -30.0000   30.0000 2699.2373   16.1518
   -7.5000  -22.5000   30.0000 2794.2380   15.4330
    0.0000  -22.5000   30.0000 2812.8335   15.1294
    7.5000  -22.5000   30.0000 2783.9192   15.3319
   -7.5000  -15.0000   30.0000 2857.6938   14.9032
    0.0000  -15.0000   30.0000 2879.7888   14.5710
    7.5000  -15.0000   30.0000 2846.0874   14.8588
   -7.5000   -7.5000   30.0000 2884.5432   14.5600
    0.0000   -7.5000   30.0000 2898.2312   14.2643
    7.5000   -7.5000   30.0000 2877.7473   14.6467
   -7.5000    0.0000   30.0000 2858.8799   14.9154
    0.0000    0.0000   30.0000 2875.7671   14.6475
    7.5000    0.0000   30.0000 2846.3127   14.9634
   -7.5000    7.5000   30.0000 2803.0947   15.5174
    0.0000    7.5000   30.0000 2819.7793   15.2862
    7.5000    7.5000   30.0000 2792.3745   15.5355
   -7.5000   15.0000   30.0000 2720.2197   16.4116
    0.0000   15.0000   30.0000 2737.3110   16.2049
    7.5000   15.0000   30.0000 2709.5444   16.4228
   -7.5000   22.5000   30.0000 2629.9963   17.6401
    0.0000   22.5000   30.0000 2637.3962   17.4171
    7.5000   22.5000   30.0000 2613.5510   17.6655
   -7.5000   30.0000   30.0000 2507.1006   19.2343
    0.0000   30.0000   30.0000 2519.9297   19.0318
    7.5000   30.0000   30.0000 2495.7070   19.2652
   -7.5000   37.5000   30.0000 2375.1575   21.1628
    0.0000   37.5000   30.0000 2390.5730   20.8979
    7.5000   37.5000   30.0000 2366.8181   21.1387
   -7.5000   45.0000   30.0000 2205.5168   23.4324
    0.0000   45.0000   30.0000 2217.8438   23.1552
    7.5000   45.0000   30.0000 2217.0652   23.4465
   -7.5000  -45.0000   37.5000 2447.0430   19.8929
    0.0000  -45.0000   37.5000 2469.5374   19.4812
    7.5000  -45.0000   37.5000 2450.5071   19.8721
   -7.5000  -37.5000   37.5000 2568.8638   18.2695
    0.0000  -37.5000   37.5000 2587.0195   17.8688
    7.5000  -37.5000   37.5000 2563.8557   18.2427
   -7.5000  -30.0000   37.5000 2664.6072   17.0424
    0.0000  -30.0000   37.5000 2682.3875   16.6556
    7.5000  -30.0000   37.5000 2655.2666   16.9425
   -7.5000  -22.5000   37.5000 2738.3777   16.2133
    0.0000  -22.5000   37.5000 2759.6021   15.8335
    7.5000  -22.5000   37.5000 2735.7686   16.1131
   -7.5000  -15.0000   37.5000 2785.7100   15.5986
    0.0000  -15.0000   37.5000 2807.7375   15.1996
    7.5000  -15.0000   37.5000 2778.9058   15.5686
   -7.5000   -7.5000   37.5000 2810.0549   15.2951
    0.0000   -7.5000   37.5000 2818.5874   15.0111
    7.5000   -7.5000   37.5000 2803.9626   15.3376
   -7.5000    0.0000   37.5000 2786.0049   15.6856
    0.0000    0.0000   37.5000 2803.4155   15.3692
    7.5000    0.0000   37.5000 2778.0566   15.6816
   -7.5000    7.5000   37.5000 2728.2275   16.2810
    0.0000    7.5000   37.5000 2744.7446   16.0073
    7.5000    7.5000   37.5000 2718.9172   16.2810
   -7.5000   15.0000   37.5000 2644.5913   17.2081
    0.0000   15.0000   37.5000 2658.3926   16.9330
    7.5000   15.0000   37.5000 2637.9194   17.1782
   -7.5000   22.5000   37.5000 2566.6682   18.3852
    0.0000   22.5000   37.5000 2573.4763   18.1284
    7.5000   22.5000   37.5000 2548.9910   18.3692
   -7.5000   30.0000   37.5000 2448.8408   19.9763
    0.0000   30.0000   37.5000 2466.6633   19.7659
    7.5000   30.0000   37.5000 2444.6003   19.9936
   -7.5000   37.5000   37.5000 2316.1023   21.9941
    0.0000   37.5000   37.5000 2330.8884   21.7185
    7.5000   37.5000   37.5000 2314.9924   21.9790
   -7.5000   45.0000   37.5000 2151.5171   24.2870
    0.0000   45.0000   37.5000 2163.4053   24.0255
    7.5000   45.0000   37.5000 2154.8110   24.3499
   -7.5000  -45.0000   45.0000 2393.4727   20.9056
    0.0000  -45.0000   45.0000 2420.3594   20.5061
    7.5000  -45.0000   45.0000 2401.8130   20.8793
   -7.5000  -37.5000   45.0000 2506.1406   19.2365
    0.0000  -37.5000   45.0000 2530.5239   18.8524
    7.5000  -37.5000   45.0000 2511.3887   19.1840
   -7.5000  -30.0000   45.0000 2598.9321   18.0165
    0.0000  -30.0000   45.0000 2615.5715   17.6254
    7.5000  -30.0000   45.0000 2596.8430   17.9104
   -7.5000  -22.5000   45.0000 2664.9917   17.1153
    0.0000  -22.5000   45.0000 2688.2444   16.7220
    7.5000  -22.5000   45.0000 2663.4780   17.0231
   -7.5000  -15.0000   45.0000 2706.9983   16.5083
    0.0000  -15.0000   45.0000 2725.6138   16.1309
    7.5000  -15.0000   45.0000 2697.6143   16.4691
   -7.5000   -7.5000   45.0000 2714.9990   16.2896
    0.0000   -7.5000   45.0000 2728.4727   15.9886
    7.5000   -7.5000   45.0000 2709.6455   16.2945
   -7.5000    0.0000   45.0000 2693.9839   16.6099
    0.0000    0.0000   45.0000 2717.8706   16.3198
    7.5000    0.0000   45.0000 2689.7166   16.6037
   -7.5000    7.5000   45.0000 2647.7271   17.2239
    0.0000    7.5000   45.0000 2656.6775   16.9088
    7.5000    7.5000   45.0000 2638.4834   17.2159
   -7.5000   15.0000   45.0000 2568.5413   18.1540
    0.0000   15.0000   45.0000 2578.3240   17.8309
    7.5000   15.0000   45.0000 2556.8098   18.1246
   -7.5000   22.5000   45.0000 2489.5474   19.3120
    0.0000   22.5000   45.0000 2498.5249   19.0394
    7.5000   22.5000   45.0000 2474.2371   19.3054
   -7.5000   30.0000   45.0000 2376.2253   20.8900
    0.0000   30.0000   45.0000 2392.7266   20.6701
    7.5000   30.0000   45.0000 2373.0693   20.9031
   -7.5000   37.5000   45.0000 2249.0945   22.9859
    0.0000   37.5000   45.0000 2265.9053   22.7470
    7.5000   37.5000   45.0000 2242.6431   22.9938
   -7.5000   45.0000   45.0000 2091.3940   25.3919
    0.0000   45.0000   45.0000 2105.1733   25.0926
    7.5000   45.0000   45.0000 2087.4702   25.4080
   -7.5000  -45.0000   52.5000 2340.9053   22.1123
    0.0000  -45.0000   52.5000 2372.2866   21.7407
    7.5000  -45.0000   52.5000 2347.3379   22.0498
   -7.5000  -37.5000   52.5000 2443.1223   20.4255
    0.0000  -37.5000   52.5000 2475.2112   20.0345
    7.5000  -37.5000   52.5000 2451.4216   20.3387
   -7.5000  -30.0000   52.5000 2524.9370   19.1555
    0.0000  -30.0000   52.5000 2551.2847   18.7892
    7.5000  -30.0000   52.5000 2528.1438   19.0727
   -7.5000  -22.5000   52.5000 2592.9075   18.2218
    0.0000  -22.5000   52.5000 2613.8938   17.8090
    7.5000  -22.5000   52.5000 2587.1855   18.1666
   -7.5000  -15.0000   52.5000 2623.0266   17.5802
    0.0000  -15.0000   52.5000 2637.9180   17.2754
    7.5000  -15.0000   52.5000 2609.5474   17.5333
   -7.5000   -7.5000   52.5000 2626.5110   17.4577
    0.0000   -7.5000   52.5000 2640.3555   17.1574
    7.5000   -7.5000   52.5000 2619.9358   17.4224
   -7.5000    0.0000   52.5000 2598.2749   17.7139
    0.0000    0.0000   52.5000 2619.9492   17.4336
    7.5000    0.0000   52.5000 2600.4263   17.7019
   -7.5000    7.5000   52.5000 2563.2715   18.3136
    0.0000    7.5000   52.5000 2576.1858   18.0222
    7.5000    7.5000   52.5000 2556.8223   18.3660
   -7.5000   15.0000   52.5000 2495.9363   19.1745
    0.0000   15.0000   52.5000 2509.2212   18.9056
    7.5000   15.0000   52.5000 2476.9014   19.2428
   -7.5000   22.5000   52.5000 2413.8015   20.4614
    0.0000   22.5000   52.5000 2429.5645   20.1531
    7.5000   22.5000   52.5000 2400.4749   20.4070
   -7.5000   30.0000   52.5000 2303.2412   22.1038
    0.0000   30.0000   52.5000 2314.1133   21.8128
    7.5000   30.0000   52.5000 2293.3623   22.0149
   -7.5000   37.5000   52.5000 2172.0984   24.2070
    0.0000   37.5000   52.5000 2184.0361   23.9680
    7.5000   37.5000   52.5000 2165.8206   24.1696
   -7.5000   45.0000   52.5000 2031.7924   26.7475
    0.0000   45.0000   52.5000 2038.0898   26.3918
    7.5000   45.0000   52.5000 2023.3099   26.7210

---------------------------------------------------------------------
imgreg_4dfp /opt/freesurfer/average/711-2C_as_mni_average_305 /opt/freesurfer/average/711-2B_as_mni_average_305_mask talsrcimg_g11 none talsrcimg_to_711-2C_as_mni_average_305_t4 1283
---------------------------------------------------------------------

freesurfer imgreg_4dfp.c
/opt/freesurfer/average/711-2C_as_mni_average_305.4dfp.img
       256       256       256         1
  1.000000  1.000000  1.000000
orientation T byte_order littleendian
Reading image: /opt/freesurfer/average/711-2C_as_mni_average_305.4dfp.img
dimensions:      256       256       256
mmppix:       1.0000   -1.0000   -1.0000
center:     128.0000 -129.0000 -129.0000
/opt/freesurfer/average/711-2B_as_mni_average_305_mask.4dfp.img
       256       256       256         1
  1.000000  1.000000  1.000000
orientation T byte_order littleendian
Reading mask: /opt/freesurfer/average/711-2B_as_mni_average_305_mask.4dfp.img (2306576 pixels)
talsrcimg_g11.4dfp.img
       256       256       256         1
  1.000000  1.000000  1.000000
orientation T byte_order littleendian
Reading image: talsrcimg_g11.4dfp.img
dimensions:      256       256       256
mmppix:       1.0000   -1.0000   -1.0000
center:     128.0000 -129.0000 -129.0000
rotation matrix determinant  1.000000
fimgreg.f
image alignment mode   1283 decimal      503 hex
parameters
    0.0000   -7.5000    7.5000    0.0000    0.0000    0.0000
eta,q 0.94865 13.91825
niter,ni,del,rscale     5    3   12.0000    1.2000
parameter  3 -0.714534 -> -0.500000 qaram    1.1500
parameter  6 -2.990543 -> -0.500000 qaram    1.1500
parameters
   -1.3842   -8.5416   10.9500   -1.9656    1.1859    3.4500
eta,q 0.95643 14.04561
  0.0605  0.0586  0.0638  0.0482  0.0556  0.0559
  0.0543  0.0548  0.0590  0.0482  0.0519  0.0538
  0.0516  0.0520  0.0550  0.0480  0.0487  0.0516
  0.0530  0.0512  0.0512  0.0469  0.0479  0.0485
  0.0583  0.0553  0.0476  0.0483  0.0488  0.0452
  0.0632  0.0596  0.0469  0.0505  0.0490  0.0432
  0.0676  0.0647  0.0492  0.0540  0.0510  0.0432
niter,ni,del,rscale     6    3   12.0000    1.2000
parameters
   -1.8144   -7.8219   10.2382   -3.6817    2.3613    4.2914
eta,q 0.95714 14.01961
  0.0590  0.0607  0.0544  0.0454  0.0505  0.0526
  0.0517  0.0541  0.0486  0.0430  0.0476  0.0488
  0.0457  0.0471  0.0449  0.0433  0.0448  0.0454
  0.0436  0.0436  0.0434  0.0435  0.0434  0.0433
  0.0470  0.0447  0.0453  0.0443  0.0431  0.0429
  0.0549  0.0505  0.0517  0.0470  0.0437  0.0454
  0.0643  0.0540  0.0615  0.0509  0.0471  0.0497
niter,ni,del,rscale     5    3   12.0000    1.2000
parameters
   -2.4370   -7.0018    9.7784   -4.6717    2.4881    3.8309
eta,q 0.95809 14.01064
  0.0564  0.0643  0.0557  0.0467  0.0493  0.0490
  0.0486  0.0548  0.0484  0.0430  0.0451  0.0459
  0.0436  0.0461  0.0437  0.0417  0.0424  0.0429
  0.0429  0.0426  0.0425  0.0423  0.0419  0.0419
  0.0461  0.0440  0.0455  0.0435  0.0422  0.0436
  0.0536  0.0505  0.0513  0.0463  0.0444  0.0471
  0.0631  0.0541  0.0592  0.0509  0.0489  0.0514
niter,ni,del,rscale     4    3   12.0000    1.2000
parameters
   -2.4773   -6.3630    9.4168   -5.5536    2.3274    3.6030
eta,q 0.95869 13.99559
  0.0585  0.0631  0.0565  0.0470  0.0488  0.0487
  0.0504  0.0528  0.0488  0.0431  0.0441  0.0460
  0.0443  0.0450  0.0435  0.0412  0.0414  0.0431
  0.0419  0.0419  0.0419  0.0418  0.0413  0.0412
  0.0438  0.0444  0.0459  0.0437  0.0422  0.0423
  0.0502  0.0514  0.0516  0.0464  0.0448  0.0460
  0.0595  0.0537  0.0588  0.0505  0.0494  0.0505
niter,ni,del,rscale     3    3   12.0000    1.2000
parameters
   -2.3553   -5.7781    9.1288   -6.5075    2.0697    3.6757
eta,q 0.95905 13.98745
  0.0593  0.0620  0.0571  0.0468  0.0488  0.0484
  0.0513  0.0519  0.0487  0.0434  0.0440  0.0459
  0.0447  0.0441  0.0431  0.0413  0.0411  0.0431
  0.0413  0.0412  0.0416  0.0414  0.0411  0.0410
  0.0425  0.0449  0.0458  0.0438  0.0426  0.0411
  0.0494  0.0512  0.0516  0.0472  0.0453  0.0447
  0.0591  0.0529  0.0583  0.0503  0.0497  0.0493
niter,ni,del,rscale     2    3   12.0000    1.2000
parameters
   -2.2329   -5.2359    8.8306   -7.5392    1.7344    3.6822
eta,q 0.95890 14.00317
  0.0597  0.0618  0.0573  0.0464  0.0492  0.0476
  0.0515  0.0514  0.0487  0.0438  0.0444  0.0454
  0.0446  0.0429  0.0428  0.0416  0.0414  0.0429
  0.0410  0.0409  0.0415  0.0413  0.0413  0.0411
  0.0423  0.0453  0.0460  0.0434  0.0433  0.0411
  0.0496  0.0503  0.0519  0.0476  0.0461  0.0443
  0.0594  0.0530  0.0583  0.0508  0.0504  0.0489
niter,ni,del,rscale     1    3   12.0000    1.2000
parameters
   -2.0611   -4.8138    8.5179   -8.4380    1.3673    3.3535
eta,q 0.95864 14.02240
  0.0606  0.0619  0.0572  0.0462  0.0496  0.0467
  0.0521  0.0504  0.0490  0.0443  0.0453  0.0446
  0.0448  0.0418  0.0431  0.0418  0.0421  0.0424
  0.0411  0.0410  0.0416  0.0413  0.0414  0.0412
  0.0426  0.0450  0.0463  0.0427  0.0435  0.0415
  0.0497  0.0497  0.0520  0.0465  0.0470  0.0447
  0.0596  0.0540  0.0585  0.0512  0.0513  0.0490
registration optimization eta report
parameter search radius
    6.0000    6.0000    6.9000    6.0000    6.0000    6.9000
100000*second partial in parameter space
       52.       46.       32.       20.       24.       14.
  0.0606  0.0619  0.0572  0.0462  0.0496  0.0467
  0.0521  0.0504  0.0490  0.0443  0.0453  0.0446
  0.0448  0.0418  0.0431  0.0418  0.0421  0.0424
  0.0411  0.0410  0.0416  0.0413  0.0414  0.0412
  0.0426  0.0450  0.0463  0.0427  0.0435  0.0415
  0.0497  0.0497  0.0520  0.0465  0.0470  0.0447
  0.0596  0.0540  0.0585  0.0512  0.0513  0.0490
   -2.0611   -4.8138    8.5179   -8.4380    1.3673    3.3535
eta,q 0.95864 14.02240

---------------------------------------------------------------------
imgreg_4dfp /opt/freesurfer/average/711-2C_as_mni_average_305 /opt/freesurfer/average/711-2B_as_mni_average_305_mask talsrcimg_g11 none talsrcimg_to_711-2C_as_mni_average_305_t4 3335
---------------------------------------------------------------------

freesurfer imgreg_4dfp.c
/opt/freesurfer/average/711-2C_as_mni_average_305.4dfp.img
       256       256       256         1
  1.000000  1.000000  1.000000
orientation T byte_order littleendian
Reading image: /opt/freesurfer/average/711-2C_as_mni_average_305.4dfp.img
dimensions:      256       256       256
mmppix:       1.0000   -1.0000   -1.0000
center:     128.0000 -129.0000 -129.0000
/opt/freesurfer/average/711-2B_as_mni_average_305_mask.4dfp.img
       256       256       256         1
  1.000000  1.000000  1.000000
orientation T byte_order littleendian
Reading mask: /opt/freesurfer/average/711-2B_as_mni_average_305_mask.4dfp.img (2306576 pixels)
talsrcimg_g11.4dfp.img
       256       256       256         1
  1.000000  1.000000  1.000000
orientation T byte_order littleendian
Reading image: talsrcimg_g11.4dfp.img
dimensions:      256       256       256
mmppix:       1.0000   -1.0000   -1.0000
center:     128.0000 -129.0000 -129.0000
fimgreg.f
image alignment mode   3335 decimal      D07 hex
parameters
   -2.0611   -4.8138    8.5179   -0.1997   -1.2314   -1.1106
   -5.4367   -3.2146    5.8479   14.5107    2.3861  -14.6697
eta,q 0.95945 14.08454
niter,ni,del,rscale     5    3    5.0000    1.2000
parameter  4  1.410948 ->  0.500000 qaram    1.1500
parameter  5  1.278337 ->  0.500000 qaram    1.1500
parameter 12 -0.658365 -> -0.500000 qaram    1.1500
parameters
   -1.9519   -4.4912    8.5353   -4.3397   -5.3714   -3.3268
   -5.3444   -1.4534    6.6639   12.4460    5.5873  -10.5297
eta,q 0.97241 13.82965
  0.0440  0.0444  0.0429  0.0342  0.0274  0.0310  0.0330  0.0363  0.0323  0.0303  0.0312  0.0313
  0.0421  0.0425  0.0416  0.0349  0.0285  0.0302  0.0309  0.0332  0.0306  0.0289  0.0300  0.0299
  0.0410  0.0412  0.0408  0.0371  0.0310  0.0291  0.0295  0.0305  0.0295  0.0284  0.0290  0.0289
  0.0406  0.0406  0.0405  0.0405  0.0354  0.0290  0.0290  0.0290  0.0289  0.0288  0.0284  0.0281
  0.0409  0.0406  0.0407  0.0446  0.0412  0.0307  0.0295  0.0289  0.0289  0.0299  0.0282  0.0277
  0.0419  0.0414  0.0415  0.0491  0.0479  0.0344  0.0308  0.0298  0.0297  0.0316  0.0282  0.0276
  0.0434  0.0428  0.0428  0.0540  0.0544  0.0388  0.0328  0.0317  0.0311  0.0339  0.0286  0.0277
niter,ni,del,rscale     7    3    5.0000    1.2000
parameter  5  0.531785 ->  0.500000 qaram    1.3225
parameters
   -1.4699   -3.4295    7.9634   -6.8101  -10.1324   -3.8256
   -5.9905   -1.3807    6.9404   13.6299    7.1154  -10.6617
eta,q 0.97512 13.48424
  0.0325  0.0338  0.0278  0.0290  0.0260  0.0274  0.0272  0.0291  0.0273  0.0289  0.0262  0.0266
  0.0302  0.0310  0.0270  0.0276  0.0251  0.0265  0.0259  0.0267  0.0262  0.0272  0.0256  0.0257
  0.0285  0.0288  0.0267  0.0266  0.0250  0.0258  0.0252  0.0254  0.0254  0.0259  0.0252  0.0251
  0.0276  0.0274  0.0268  0.0266  0.0266  0.0250  0.0251  0.0251  0.0251  0.0251  0.0249  0.0249
  0.0275  0.0268  0.0274  0.0284  0.0300  0.0247  0.0255  0.0254  0.0252  0.0249  0.0249  0.0251
  0.0282  0.0270  0.0283  0.0322  0.0357  0.0261  0.0265  0.0266  0.0259  0.0256  0.0250  0.0257
  0.0297  0.0279  0.0296  0.0371  0.0426  0.0295  0.0280  0.0289  0.0271  0.0272  0.0255  0.0268
niter,ni,del,rscale     7    3    5.0000    1.2000
parameters
   -1.3453   -2.9337    8.5608   -6.0043  -11.7616   -3.4143
   -6.0510   -1.5485    6.5524   14.0206    6.9391  -10.6763
eta,q 0.97550 13.47431
  0.0281  0.0289  0.0271  0.0289  0.0288  0.0278  0.0271  0.0286  0.0264  0.0279  0.0255  0.0264
  0.0264  0.0270  0.0260  0.0272  0.0268  0.0265  0.0257  0.0262  0.0253  0.0264  0.0250  0.0254
  0.0253  0.0256  0.0252  0.0257  0.0252  0.0256  0.0248  0.0249  0.0247  0.0252  0.0246  0.0247
  0.0249  0.0249  0.0247  0.0246  0.0244  0.0247  0.0245  0.0245  0.0245  0.0245  0.0245  0.0245
  0.0251  0.0248  0.0246  0.0242  0.0254  0.0243  0.0248  0.0249  0.0248  0.0246  0.0246  0.0247
  0.0260  0.0254  0.0249  0.0253  0.0291  0.0251  0.0257  0.0264  0.0256  0.0256  0.0250  0.0254
  0.0275  0.0266  0.0256  0.0283  0.0354  0.0281  0.0272  0.0290  0.0269  0.0275  0.0257  0.0264
niter,ni,del,rscale     6    3    5.0000    1.2000
parameters
   -1.3806   -2.9927    8.6723   -5.7665  -12.0194   -3.3634
   -5.9639   -1.5496    6.5192   14.0115    6.9112  -10.5374
eta,q 0.97552 13.47118
  0.0275  0.0271  0.0264  0.0284  0.0299  0.0277  0.0272  0.0288  0.0265  0.0276  0.0256  0.0265
  0.0258  0.0256  0.0254  0.0268  0.0276  0.0264  0.0257  0.0263  0.0254  0.0261  0.0250  0.0255
  0.0248  0.0247  0.0248  0.0255  0.0257  0.0254  0.0248  0.0249  0.0247  0.0251  0.0246  0.0248
  0.0245  0.0245  0.0245  0.0245  0.0244  0.0245  0.0245  0.0245  0.0245  0.0245  0.0245  0.0245
  0.0249  0.0249  0.0246  0.0243  0.0244  0.0242  0.0248  0.0249  0.0247  0.0247  0.0246  0.0247
  0.0259  0.0259  0.0252  0.0256  0.0268  0.0253  0.0256  0.0262  0.0254  0.0259  0.0249  0.0253
  0.0276  0.0274  0.0261  0.0289  0.0319  0.0287  0.0271  0.0288  0.0266  0.0279  0.0256  0.0264
niter,ni,del,rscale     5    3    5.0000    1.2000
parameters
   -1.3780   -3.0174    8.7036   -5.7411  -12.0350   -3.3651
   -5.9517   -1.5479    6.5086   13.9844    6.9130  -10.4622
eta,q 0.97552 13.46957
  0.0276  0.0272  0.0263  0.0283  0.0300  0.0277  0.0271  0.0288  0.0266  0.0276  0.0256  0.0265
  0.0259  0.0257  0.0253  0.0267  0.0277  0.0264  0.0257  0.0263  0.0254  0.0261  0.0250  0.0255
  0.0248  0.0248  0.0247  0.0254  0.0258  0.0254  0.0248  0.0249  0.0247  0.0250  0.0246  0.0247
  0.0245  0.0245  0.0245  0.0245  0.0245  0.0245  0.0245  0.0245  0.0245  0.0245  0.0245  0.0245
  0.0248  0.0248  0.0247  0.0244  0.0243  0.0242  0.0248  0.0249  0.0247  0.0247  0.0246  0.0247
  0.0259  0.0258  0.0253  0.0259  0.0265  0.0254  0.0257  0.0262  0.0254  0.0259  0.0249  0.0254
  0.0276  0.0273  0.0262  0.0292  0.0314  0.0288  0.0271  0.0288  0.0266  0.0279  0.0256  0.0264
niter,ni,del,rscale     4    3    5.0000    1.2000
parameters
   -1.3780   -3.0245    8.7128   -5.7415  -12.0384   -3.3687
   -5.9495   -1.5489    6.5108   13.9717    6.9250  -10.4323
eta,q 0.97552 13.46834
  0.0276  0.0272  0.0263  0.0283  0.0300  0.0277  0.0271  0.0288  0.0266  0.0276  0.0256  0.0264
  0.0259  0.0257  0.0253  0.0267  0.0277  0.0264  0.0257  0.0263  0.0254  0.0262  0.0250  0.0254
  0.0248  0.0248  0.0247  0.0254  0.0258  0.0254  0.0248  0.0249  0.0247  0.0251  0.0246  0.0247
  0.0245  0.0245  0.0245  0.0245  0.0245  0.0245  0.0245  0.0245  0.0245  0.0245  0.0245  0.0245
  0.0248  0.0248  0.0247  0.0244  0.0243  0.0242  0.0248  0.0249  0.0247  0.0247  0.0246  0.0247
  0.0259  0.0258  0.0253  0.0259  0.0265  0.0254  0.0257  0.0262  0.0254  0.0259  0.0249  0.0254
  0.0276  0.0272  0.0263  0.0292  0.0314  0.0288  0.0271  0.0288  0.0266  0.0279  0.0256  0.0264
registration optimization eta report
parameter search radius
    2.4000    2.4000    2.4000    8.2800    9.5220    7.2000
    7.2000    7.2000    7.2000    7.2000    7.2000    8.2800
100000*second partial in parameter space
       54.       47.       31.        6.        7.        7.
        5.        8.        4.        6.        2.        3.
  0.0276  0.0272  0.0263  0.0283  0.0300  0.0277  0.0271  0.0288  0.0266  0.0276  0.0256  0.0264
  0.0259  0.0257  0.0253  0.0267  0.0277  0.0264  0.0257  0.0263  0.0254  0.0262  0.0250  0.0254
  0.0248  0.0248  0.0247  0.0254  0.0258  0.0254  0.0248  0.0249  0.0247  0.0251  0.0246  0.0247
  0.0245  0.0245  0.0245  0.0245  0.0245  0.0245  0.0245  0.0245  0.0245  0.0245  0.0245  0.0245
  0.0248  0.0248  0.0247  0.0244  0.0243  0.0242  0.0248  0.0249  0.0247  0.0247  0.0246  0.0247
  0.0259  0.0258  0.0253  0.0259  0.0265  0.0254  0.0257  0.0262  0.0254  0.0259  0.0249  0.0254
  0.0276  0.0272  0.0263  0.0292  0.0314  0.0288  0.0271  0.0288  0.0266  0.0279  0.0256  0.0264
   -1.3780   -3.0245    8.7128   -5.7415  -12.0384   -3.3687
   -5.9495   -1.5489    6.5108   13.9717    6.9250  -10.4323
eta,q 0.97552 13.46834

---------------------------------------------------------------------
imgreg_4dfp /opt/freesurfer/average/711-2C_as_mni_average_305 /opt/freesurfer/average/711-2B_as_mni_average_305_mask talsrcimg_g11 none talsrcimg_to_711-2C_as_mni_average_305_t4 2311
---------------------------------------------------------------------

freesurfer imgreg_4dfp.c
/opt/freesurfer/average/711-2C_as_mni_average_305.4dfp.img
       256       256       256         1
  1.000000  1.000000  1.000000
orientation T byte_order littleendian
Reading image: /opt/freesurfer/average/711-2C_as_mni_average_305.4dfp.img
dimensions:      256       256       256
mmppix:       1.0000   -1.0000   -1.0000
center:     128.0000 -129.0000 -129.0000
/opt/freesurfer/average/711-2B_as_mni_average_305_mask.4dfp.img
       256       256       256         1
  1.000000  1.000000  1.000000
orientation T byte_order littleendian
Reading mask: /opt/freesurfer/average/711-2B_as_mni_average_305_mask.4dfp.img (2306576 pixels)
talsrcimg_g11.4dfp.img
       256       256       256         1
  1.000000  1.000000  1.000000
orientation T byte_order littleendian
Reading image: talsrcimg_g11.4dfp.img
dimensions:      256       256       256
mmppix:       1.0000   -1.0000   -1.0000
center:     128.0000 -129.0000 -129.0000
fimgreg.f
image alignment mode   2311 decimal      907 hex
parameters
   -1.3780   -3.0245    8.7128   -5.7415  -12.0384   -3.3687
   -5.9495   -1.5489    6.5108   13.9717    6.9250  -10.4323
eta,q 0.97552 13.46834
niter,ni,del,rscale     5    3    5.0000    0.8000
parameters
   -1.3758   -3.0379    8.7256   -4.5945  -10.7521   -2.5192
   -6.2173   -1.7555    6.2221   13.7489    6.3794  -10.9376
eta,q 0.97617 13.65834
  0.0259  0.0257  0.0253  0.0264  0.0265  0.0260  0.0252  0.0260  0.0249  0.0254  0.0244  0.0244
  0.0251  0.0250  0.0249  0.0256  0.0256  0.0253  0.0244  0.0247  0.0243  0.0246  0.0240  0.0241
  0.0246  0.0246  0.0246  0.0250  0.0248  0.0247  0.0240  0.0240  0.0239  0.0241  0.0239  0.0239
  0.0245  0.0245  0.0245  0.0245  0.0243  0.0241  0.0239  0.0239  0.0238  0.0238  0.0238  0.0238
  0.0246  0.0246  0.0246  0.0243  0.0240  0.0238  0.0241  0.0242  0.0240  0.0240  0.0240  0.0240
  0.0251  0.0251  0.0248  0.0245  0.0243  0.0241  0.0246  0.0250  0.0245  0.0247  0.0242  0.0242
  0.0259  0.0257  0.0253  0.0253  0.0251  0.0253  0.0255  0.0264  0.0252  0.0258  0.0247  0.0247
niter,ni,del,rscale     4    3    5.0000    0.7000
parameters
   -1.4191   -2.8953    8.5689   -4.6956  -10.5803   -2.2647
   -6.0751   -1.7083    6.2985   13.8263    6.1332  -11.5709
eta,q 0.97626 13.68354
  0.0250  0.0251  0.0244  0.0252  0.0253  0.0254  0.0250  0.0257  0.0247  0.0251  0.0242  0.0241
  0.0243  0.0245  0.0240  0.0246  0.0246  0.0248  0.0243  0.0246  0.0242  0.0244  0.0239  0.0239
  0.0240  0.0240  0.0238  0.0241  0.0241  0.0242  0.0239  0.0239  0.0239  0.0240  0.0238  0.0238
  0.0238  0.0238  0.0238  0.0238  0.0238  0.0238  0.0238  0.0238  0.0238  0.0238  0.0238  0.0238
  0.0240  0.0239  0.0240  0.0239  0.0238  0.0237  0.0239  0.0240  0.0238  0.0238  0.0238  0.0239
  0.0244  0.0242  0.0242  0.0245  0.0243  0.0242  0.0242  0.0246  0.0241  0.0243  0.0240  0.0241
  0.0252  0.0247  0.0247  0.0256  0.0253  0.0254  0.0248  0.0255  0.0246  0.0251  0.0243  0.0245
niter,ni,del,rscale     3    3    5.0000    0.6000
parameters
   -1.4089   -2.8336    8.4851   -4.6002  -10.4146   -2.0043
   -6.1052   -1.7379    6.3296   13.8692    5.9975  -11.9569
eta,q 0.97634 13.71267
  0.0247  0.0246  0.0242  0.0249  0.0249  0.0251  0.0245  0.0252  0.0244  0.0247  0.0241  0.0240
  0.0242  0.0242  0.0239  0.0244  0.0243  0.0246  0.0240  0.0243  0.0240  0.0242  0.0238  0.0238
  0.0239  0.0239  0.0238  0.0240  0.0240  0.0240  0.0238  0.0238  0.0238  0.0238  0.0237  0.0237
  0.0237  0.0237  0.0237  0.0237  0.0237  0.0237  0.0237  0.0237  0.0237  0.0237  0.0237  0.0237
  0.0238  0.0238  0.0238  0.0238  0.0237  0.0237  0.0238  0.0239  0.0237  0.0237  0.0237  0.0237
  0.0241  0.0240  0.0240  0.0241  0.0241  0.0240  0.0241  0.0244  0.0240  0.0241  0.0239  0.0239
  0.0247  0.0245  0.0243  0.0250  0.0248  0.0250  0.0246  0.0251  0.0244  0.0247  0.0241  0.0242
niter,ni,del,rscale     2    3    5.0000    0.5000
parameters
   -1.4251   -2.7860    8.4493   -4.5345  -10.2707   -1.8021
   -6.1539   -1.7851    6.3433   13.8902    5.9456  -12.1817
eta,q 0.97638 13.73409
  0.0243  0.0243  0.0240  0.0246  0.0245  0.0247  0.0242  0.0247  0.0241  0.0243  0.0240  0.0239
  0.0240  0.0240  0.0238  0.0241  0.0241  0.0243  0.0239  0.0240  0.0238  0.0240  0.0238  0.0237
  0.0237  0.0237  0.0237  0.0238  0.0238  0.0239  0.0237  0.0237  0.0237  0.0237  0.0237  0.0236
  0.0237  0.0237  0.0237  0.0237  0.0237  0.0236  0.0236  0.0236  0.0236  0.0236  0.0236  0.0236
  0.0237  0.0237  0.0237  0.0237  0.0237  0.0236  0.0237  0.0238  0.0237  0.0237  0.0237  0.0237
  0.0240  0.0239  0.0239  0.0240  0.0239  0.0239  0.0239  0.0242  0.0238  0.0239  0.0238  0.0238
  0.0244  0.0242  0.0241  0.0246  0.0244  0.0246  0.0243  0.0247  0.0241  0.0243  0.0240  0.0240
niter,ni,del,rscale     1    3    5.0000    0.4000
parameters
   -1.4452   -2.7539    8.4427   -4.4847  -10.1560   -1.6666
   -6.2011   -1.8439    6.3384   13.8993    5.9159  -12.2907
eta,q 0.97640 13.74882
  0.0241  0.0240  0.0239  0.0242  0.0242  0.0244  0.0240  0.0243  0.0239  0.0241  0.0238  0.0238
  0.0238  0.0238  0.0237  0.0239  0.0239  0.0240  0.0238  0.0239  0.0237  0.0238  0.0237  0.0237
  0.0237  0.0237  0.0236  0.0237  0.0237  0.0237  0.0236  0.0237  0.0236  0.0237  0.0236  0.0236
  0.0236  0.0236  0.0236  0.0236  0.0236  0.0236  0.0236  0.0236  0.0236  0.0236  0.0236  0.0236
  0.0237  0.0236  0.0236  0.0237  0.0236  0.0236  0.0237  0.0237  0.0236  0.0236  0.0236  0.0236
  0.0238  0.0238  0.0237  0.0239  0.0238  0.0238  0.0238  0.0240  0.0237  0.0238  0.0237  0.0237
  0.0241  0.0240  0.0239  0.0242  0.0241  0.0243  0.0240  0.0243  0.0239  0.0241  0.0238  0.0238
registration optimization eta report
parameter search radius
    0.8000    0.8000    0.8000    2.4000    2.4000    2.4000
    2.4000    2.4000    2.4000    2.4000    2.4000    2.4000
100000*second partial in parameter space
       71.       60.       40.       11.       10.       12.
        7.       12.        6.        8.        4.        3.
  0.0241  0.0240  0.0239  0.0242  0.0242  0.0244  0.0240  0.0243  0.0239  0.0241  0.0238  0.0238
  0.0238  0.0238  0.0237  0.0239  0.0239  0.0240  0.0238  0.0239  0.0237  0.0238  0.0237  0.0237
  0.0237  0.0237  0.0236  0.0237  0.0237  0.0237  0.0236  0.0237  0.0236  0.0237  0.0236  0.0236
  0.0236  0.0236  0.0236  0.0236  0.0236  0.0236  0.0236  0.0236  0.0236  0.0236  0.0236  0.0236
  0.0237  0.0236  0.0236  0.0237  0.0236  0.0236  0.0237  0.0237  0.0236  0.0236  0.0236  0.0236
  0.0238  0.0238  0.0237  0.0239  0.0238  0.0238  0.0238  0.0240  0.0237  0.0238  0.0237  0.0237
  0.0241  0.0240  0.0239  0.0242  0.0241  0.0243  0.0240  0.0243  0.0239  0.0241  0.0238  0.0238
   -1.4452   -2.7539    8.4427   -4.4847  -10.1560   -1.6666
   -6.2011   -1.8439    6.3384   13.8993    5.9159  -12.2907
eta,q 0.97640 13.74882

---------------------------------------------------------------------
imgreg_4dfp /opt/freesurfer/average/711-2C_as_mni_average_305 /opt/freesurfer/average/711-2B_as_mni_average_305_mask talsrcimg_g11 none talsrcimg_to_711-2C_as_mni_average_305_t4 2311
---------------------------------------------------------------------

freesurfer imgreg_4dfp.c
/opt/freesurfer/average/711-2C_as_mni_average_305.4dfp.img
       256       256       256         1
  1.000000  1.000000  1.000000
orientation T byte_order littleendian
Reading image: /opt/freesurfer/average/711-2C_as_mni_average_305.4dfp.img
dimensions:      256       256       256
mmppix:       1.0000   -1.0000   -1.0000
center:     128.0000 -129.0000 -129.0000
/opt/freesurfer/average/711-2B_as_mni_average_305_mask.4dfp.img
       256       256       256         1
  1.000000  1.000000  1.000000
orientation T byte_order littleendian
Reading mask: /opt/freesurfer/average/711-2B_as_mni_average_305_mask.4dfp.img (2306576 pixels)
talsrcimg_g11.4dfp.img
       256       256       256         1
  1.000000  1.000000  1.000000
orientation T byte_order littleendian
Reading image: talsrcimg_g11.4dfp.img
dimensions:      256       256       256
mmppix:       1.0000   -1.0000   -1.0000
center:     128.0000 -129.0000 -129.0000
fimgreg.f
image alignment mode   2311 decimal      907 hex
parameters
   -1.4452   -2.7539    8.4427   -4.4847  -10.1560   -1.6666
   -6.2011   -1.8439    6.3384   13.8993    5.9159  -12.2907
eta,q 0.97640 13.74883
niter,ni,del,rscale     5    3    5.0000    0.8000
parameters
   -1.4693   -2.7527    8.4585   -4.9741  -10.5720   -2.2379
   -6.0075   -1.6328    6.4534   13.9710    6.0367  -11.9480
eta,q 0.97624 13.67855
  0.0254  0.0251  0.0247  0.0253  0.0253  0.0255  0.0254  0.0264  0.0250  0.0254  0.0245  0.0246
  0.0244  0.0243  0.0241  0.0245  0.0245  0.0248  0.0245  0.0249  0.0243  0.0246  0.0241  0.0241
  0.0238  0.0238  0.0237  0.0239  0.0239  0.0241  0.0240  0.0240  0.0239  0.0240  0.0238  0.0239
  0.0236  0.0236  0.0236  0.0236  0.0236  0.0237  0.0238  0.0238  0.0238  0.0238  0.0238  0.0238
  0.0238  0.0238  0.0237  0.0239  0.0238  0.0239  0.0239  0.0240  0.0239  0.0239  0.0238  0.0238
  0.0245  0.0243  0.0241  0.0249  0.0247  0.0251  0.0244  0.0247  0.0242  0.0244  0.0241  0.0240
  0.0255  0.0251  0.0246  0.0266  0.0265  0.0274  0.0251  0.0259  0.0249  0.0254  0.0244  0.0244
niter,ni,del,rscale     4    3    5.0000    0.7000
parameters
   -1.3942   -2.8057    8.4336   -4.7553  -10.5209   -2.2038
   -6.0983   -1.6587    6.3998   13.9508    6.0351  -11.9673
eta,q 0.97629 13.69293
  0.0252  0.0248  0.0245  0.0253  0.0252  0.0253  0.0248  0.0256  0.0246  0.0250  0.0243  0.0243
  0.0244  0.0242  0.0241  0.0247  0.0245  0.0248  0.0242  0.0245  0.0241  0.0243  0.0240  0.0240
  0.0240  0.0239  0.0238  0.0241  0.0240  0.0241  0.0238  0.0238  0.0238  0.0239  0.0238  0.0238
  0.0238  0.0238  0.0238  0.0238  0.0237  0.0237  0.0237  0.0237  0.0237  0.0237  0.0237  0.0237
  0.0239  0.0239  0.0238  0.0238  0.0238  0.0237  0.0239  0.0240  0.0238  0.0238  0.0238  0.0238
  0.0242  0.0243  0.0241  0.0242  0.0243  0.0243  0.0243  0.0246  0.0241  0.0243  0.0240  0.0240
  0.0249  0.0249  0.0245  0.0253  0.0254  0.0257  0.0249  0.0256  0.0247  0.0251  0.0243  0.0243
niter,ni,del,rscale     3    3    5.0000    0.6000
parameters
   -1.4045   -2.7940    8.4286   -4.6167  -10.3924   -1.9910
   -6.1370   -1.7214    6.3624   13.9225    5.9783  -12.1092
eta,q 0.97635 13.71638
  0.0247  0.0245  0.0243  0.0249  0.0249  0.0251  0.0245  0.0251  0.0243  0.0246  0.0241  0.0240
  0.0241  0.0241  0.0240  0.0244  0.0243  0.0246  0.0240  0.0242  0.0240  0.0241  0.0238  0.0238
  0.0238  0.0238  0.0238  0.0240  0.0239  0.0240  0.0237  0.0238  0.0237  0.0238  0.0237  0.0237
  0.0237  0.0237  0.0237  0.0237  0.0237  0.0237  0.0237  0.0237  0.0237  0.0237  0.0237  0.0237
  0.0238  0.0238  0.0238  0.0237  0.0237  0.0237  0.0238  0.0239  0.0237  0.0237  0.0237  0.0237
  0.0241  0.0241  0.0240  0.0241  0.0241  0.0240  0.0241  0.0244  0.0240  0.0241  0.0239  0.0239
  0.0247  0.0245  0.0243  0.0249  0.0248  0.0250  0.0245  0.0251  0.0244  0.0247  0.0241  0.0241
niter,ni,del,rscale     2    3    5.0000    0.5000
parameters
   -1.4241   -2.7699    8.4307   -4.5395  -10.2635   -1.8024
   -6.1710   -1.7778    6.3473   13.9063    5.9274  -12.2271
eta,q 0.97638 13.73516
  0.0243  0.0243  0.0241  0.0246  0.0245  0.0248  0.0242  0.0247  0.0241  0.0243  0.0239  0.0239
  0.0239  0.0239  0.0238  0.0241  0.0241  0.0243  0.0239  0.0240  0.0238  0.0239  0.0238  0.0237
  0.0237  0.0237  0.0237  0.0238  0.0238  0.0239  0.0237  0.0237  0.0237  0.0237  0.0236  0.0236
  0.0237  0.0237  0.0237  0.0237  0.0237  0.0236  0.0236  0.0236  0.0236  0.0236  0.0236  0.0236
  0.0237  0.0237  0.0237  0.0237  0.0237  0.0236  0.0237  0.0238  0.0237  0.0237  0.0237  0.0237
  0.0240  0.0239  0.0238  0.0240  0.0239  0.0239  0.0239  0.0242  0.0238  0.0239  0.0238  0.0238
  0.0244  0.0242  0.0240  0.0246  0.0245  0.0246  0.0243  0.0247  0.0241  0.0244  0.0240  0.0239
niter,ni,del,rscale     1    3    5.0000    0.4000
parameters
   -1.4461   -2.7507    8.4334   -4.4882  -10.1455   -1.6631
   -6.2044   -1.8389    6.3452   13.9066    5.9105  -12.3023
eta,q 0.97640 13.74956
  0.0241  0.0240  0.0239  0.0242  0.0242  0.0244  0.0240  0.0243  0.0239  0.0241  0.0238  0.0238
  0.0238  0.0238  0.0237  0.0239  0.0239  0.0240  0.0238  0.0239  0.0237  0.0238  0.0237  0.0237
  0.0237  0.0237  0.0236  0.0237  0.0237  0.0237  0.0236  0.0237  0.0236  0.0237  0.0236  0.0236
  0.0236  0.0236  0.0236  0.0236  0.0236  0.0236  0.0236  0.0236  0.0236  0.0236  0.0236  0.0236
  0.0237  0.0237  0.0236  0.0237  0.0236  0.0236  0.0237  0.0237  0.0236  0.0236  0.0236  0.0236
  0.0238  0.0238  0.0237  0.0239  0.0238  0.0238  0.0238  0.0240  0.0237  0.0238  0.0237  0.0237
  0.0241  0.0240  0.0239  0.0242  0.0241  0.0243  0.0240  0.0243  0.0239  0.0241  0.0238  0.0238
registration optimization eta report
parameter search radius
    0.8000    0.8000    0.8000    2.4000    2.4000    2.4000
    2.4000    2.4000    2.4000    2.4000    2.4000    2.4000
100000*second partial in parameter space
       71.       59.       40.       11.       10.       12.
        7.       12.        6.        8.        4.        3.
  0.0241  0.0240  0.0239  0.0242  0.0242  0.0244  0.0240  0.0243  0.0239  0.0241  0.0238  0.0238
  0.0238  0.0238  0.0237  0.0239  0.0239  0.0240  0.0238  0.0239  0.0237  0.0238  0.0237  0.0237
  0.0237  0.0237  0.0236  0.0237  0.0237  0.0237  0.0236  0.0237  0.0236  0.0237  0.0236  0.0236
  0.0236  0.0236  0.0236  0.0236  0.0236  0.0236  0.0236  0.0236  0.0236  0.0236  0.0236  0.0236
  0.0237  0.0237  0.0236  0.0237  0.0236  0.0236  0.0237  0.0237  0.0236  0.0236  0.0236  0.0236
  0.0238  0.0238  0.0237  0.0239  0.0238  0.0238  0.0238  0.0240  0.0237  0.0238  0.0237  0.0237
  0.0241  0.0240  0.0239  0.0242  0.0241  0.0243  0.0240  0.0243  0.0239  0.0241  0.0238  0.0238
   -1.4461   -2.7507    8.4334   -4.4882  -10.1455   -1.6631
   -6.2044   -1.8389    6.3452   13.9066    5.9105  -12.3023
eta,q 0.97640 13.74956

---------------------------------------------------------------------
compute_vox2vox talsrcimg talsrcimg_to_711-2C_as_mni_average_305_t4 /opt/freesurfer/average/711-2C_as_mni_average_305
---------------------------------------------------------------------

freesurfer compute_vox2vox.c
Reading: talsrcimg.4dfp.ifh
Reading: talsrcimg_to_711-2C_as_mni_average_305_t4
Reading: /opt/freesurfer/average/711-2C_as_mni_average_305.4dfp.ifh
Writing: talsrcimg_to_711-2C_as_mni_average_305_t4_vox2vox.txt

start time Mon Mar 9 11:14:04 CET 2026
end		time Mon Mar 9 11:15:30 CET 2026

mpr2mni305 success

avi2talxfm orig_nu.mgz /opt/freesurfer/average/mni305.cor.mgz talsrcimg_to_711-2C_as_mni_average_305_t4_vox2vox.txt transforms/talairach.auto.xfm
avi2talxfm done
mv -f /out/sourcedata/freesurfer/sub-v1s21x0050410_ses-1/mri/talsrcimg_to_711-2C_as_mni_average_305_t4_vox2vox.txt /out/sourcedata/freesurfer/sub-v1s21x0050410_ses-1/mri/transforms/talsrcimg_to_711-2C_as_mni_average_305_t4_vox2vox.txt
lta_convert --src orig_nu.mgz --trg /opt/freesurfer/average/mni305.cor.mgz --inxfm transforms/talairach.auto.xfm --outlta transforms/talairach.auto.xfm.lta --subject fsaverage
7.3.2

--src: orig_nu.mgz src image (geometry).
--trg: /opt/freesurfer/average/mni305.cor.mgz trg image (geometry).
--inmni: transforms/talairach.auto.xfm input MNI/XFM transform.
--outlta: transforms/talairach.auto.xfm.lta output LTA.
--s: fsaverage subject name
 LTA read, type : 1
 1.04156   0.00913   0.07317   0.86934;
-0.07044   0.99698   0.13164  -8.66566;
-0.06265  -0.15495   1.08737   3.62987;
 0.00000   0.00000   0.00000   1.00000;
setting subject to fsaverage
Writing  LTA to file transforms/talairach.auto.xfm.lta...
lta_convert successful.
 
 
Started at Mon Mar 9 11:14:04 CET 2026
Ended   at Mon Mar  9 11:15:30 CET 2026
talairach_avi done
