status file for recon-all
Mon Mar  9 10:09:04 CET 2026
#@# MotionCor Mon Mar  9 10:09:05 CET 2026
#@# Talairach Mon Mar  9 10:09:12 CET 2026
#@# Talairach Failure Detection Mon Mar  9 10:13:35 CET 2026
#@# Nu Intensity Correction Mon Mar  9 10:13:35 CET 2026
#@# Intensity Normalization Mon Mar  9 10:16:49 CET 2026
recon-all -s sub-v1s21x0050404_ses-1 finished without error at Mon Mar  9 10:18:21 CET 2026



#New# invocation of recon-all 



status file for recon-all
Mon Mar  9 10:25:24 CET 2026
#@# EM Registration Mon Mar  9 10:25:24 CET 2026
recon-all -s sub-v1s21x0050404_ses-1 finished without error at Mon Mar  9 10:27:21 CET 2026



#New# invocation of recon-all 



status file for recon-all
Mon Mar  9 10:27:22 CET 2026
#@# CA Normalize Mon Mar  9 10:27:22 CET 2026
#@# CA Reg Mon Mar  9 10:28:44 CET 2026
#@# SubCort Seg Mon Mar  9 11:14:37 CET 2026
#@# CC Seg Mon Mar  9 11:39:25 CET 2026
#@# Merge ASeg Mon Mar  9 11:39:56 CET 2026
#@# Intensity Normalization2 Mon Mar  9 11:39:56 CET 2026
#@# Mask BFS Mon Mar  9 11:42:12 CET 2026
#@# WM Segmentation Mon Mar  9 11:42:13 CET 2026
#@# Fill Mon Mar  9 11:44:05 CET 2026
recon-all -s sub-v1s21x0050404_ses-1 finished without error at Mon Mar  9 11:45:04 CET 2026



#New# invocation of recon-all 



status file for recon-all
Mon Mar  9 12:27:13 CET 2026
#@# white curv lh Mon Mar  9 12:27:13 CET 2026
#@# white area lh Mon Mar  9 12:27:13 CET 2026
#@# pial curv lh Mon Mar  9 12:27:13 CET 2026
#@# pial area lh Mon Mar  9 12:27:13 CET 2026
#@# thickness lh Mon Mar  9 12:27:13 CET 2026
#@# area and vertex vol lh Mon Mar  9 12:27:13 CET 2026
#@# white curv rh Mon Mar  9 12:27:13 CET 2026
#@# white area rh Mon Mar  9 12:27:13 CET 2026
#@# pial curv rh Mon Mar  9 12:27:13 CET 2026
#@# pial area rh Mon Mar  9 12:27:13 CET 2026
#@# thickness rh Mon Mar  9 12:27:13 CET 2026
#@# area and vertex vol rh Mon Mar  9 12:27:13 CET 2026
#@# Cortical ribbon mask Mon Mar  9 12:27:13 CET 2026
recon-all -s sub-v1s21x0050404_ses-1 finished without error at Mon Mar  9 12:30:26 CET 2026



#New# invocation of recon-all 



status file for recon-all
Mon Mar  9 12:35:47 CET 2026
#@# white curv lh Mon Mar  9 12:35:47 CET 2026
#@# white area lh Mon Mar  9 12:35:47 CET 2026
#@# pial curv lh Mon Mar  9 12:35:47 CET 2026
#@# pial area lh Mon Mar  9 12:35:47 CET 2026
#@# thickness lh Mon Mar  9 12:35:47 CET 2026
#@# area and vertex vol lh Mon Mar  9 12:35:47 CET 2026
#@# white curv rh Mon Mar  9 12:35:47 CET 2026
#@# white area rh Mon Mar  9 12:35:47 CET 2026
#@# pial curv rh Mon Mar  9 12:35:47 CET 2026
#@# pial area rh Mon Mar  9 12:35:47 CET 2026
#@# thickness rh Mon Mar  9 12:35:47 CET 2026
#@# area and vertex vol rh Mon Mar  9 12:35:47 CET 2026
#@# Curvature Stats lh Mon Mar  9 12:35:47 CET 2026
#@# Curvature Stats rh Mon Mar  9 12:35:49 CET 2026
#@# Relabel Hypointensities Mon Mar  9 12:35:50 CET 2026
#@# APas-to-ASeg Mon Mar  9 12:36:04 CET 2026
#@# AParc-to-ASeg aparc Mon Mar  9 12:36:10 CET 2026
#@# AParc-to-ASeg aparc.a2009s Mon Mar  9 12:36:29 CET 2026
#@# AParc-to-ASeg aparc.DKTatlas Mon Mar  9 12:36:47 CET 2026
#@# WMParc Mon Mar  9 12:37:05 CET 2026
#@# ASeg Stats Mon Mar  9 12:40:32 CET 2026
recon-all -s sub-v1s21x0050404_ses-1 finished without error at Mon Mar  9 12:41:12 CET 2026
