status file for recon-all
Mon Mar  9 12:06:02 CET 2026
#@# Tessellate rh Mon Mar  9 12:06:02 CET 2026
#@# Smooth1 rh Mon Mar  9 12:06:06 CET 2026
#@# Inflation1 rh Mon Mar  9 12:06:08 CET 2026
#@# QSphere rh Mon Mar  9 12:06:18 CET 2026
#@# Fix Topology rh Mon Mar  9 12:07:20 CET 2026
#@# Smooth2 rh Mon Mar  9 12:15:34 CET 2026
#@# Inflation2 rh Mon Mar  9 12:15:36 CET 2026
#@# Curv .H and .K rh Mon Mar  9 12:15:47 CET 2026
#@# Sphere rh Mon Mar  9 12:16:21 CET 2026
#@# Surf Reg rh Mon Mar  9 12:18:27 CET 2026
#@# Jacobian white rh Mon Mar  9 12:21:20 CET 2026
#@# AvgCurv rh Mon Mar  9 12:21:21 CET 2026
#@# Cortical Parc rh Mon Mar  9 12:21:22 CET 2026
#@# white curv rh Mon Mar  9 12:26:20 CET 2026
#@# white area rh Mon Mar  9 12:26:21 CET 2026
#@# pial curv rh Mon Mar  9 12:26:22 CET 2026
#@# pial area rh Mon Mar  9 12:26:23 CET 2026
#@# thickness rh Mon Mar  9 12:26:24 CET 2026
#@# area and vertex vol rh Mon Mar  9 12:26:45 CET 2026
#@# Curvature Stats rh Mon Mar  9 12:26:46 CET 2026
#@# Cortical Parc 2 rh Mon Mar  9 12:26:48 CET 2026
#@# Cortical Parc 3 rh Mon Mar  9 12:26:58 CET 2026
#@# WM/GM Contrast rh Mon Mar  9 12:27:06 CET 2026
recon-all -s sub-v1s21x0050404_ses-1 finished without error at Mon Mar  9 12:27:08 CET 2026



#New# invocation of recon-all 



status file for recon-all
Mon Mar  9 12:33:05 CET 2026
#@# white curv rh Mon Mar  9 12:33:05 CET 2026
#@# white area rh Mon Mar  9 12:33:05 CET 2026
#@# pial curv rh Mon Mar  9 12:33:05 CET 2026
#@# pial area rh Mon Mar  9 12:33:05 CET 2026
#@# thickness rh Mon Mar  9 12:33:05 CET 2026
#@# area and vertex vol rh Mon Mar  9 12:33:05 CET 2026
#@# Parcellation Stats rh Mon Mar  9 12:33:05 CET 2026
#@# Parcellation Stats 2 rh Mon Mar  9 12:33:17 CET 2026
#@# Parcellation Stats 3 rh Mon Mar  9 12:33:23 CET 2026
#@# BA_exvivo Labels rh Mon Mar  9 12:33:28 CET 2026
recon-all -s sub-v1s21x0050404_ses-1 finished without error at Mon Mar  9 12:35:40 CET 2026
