status file for recon-all
Mon Mar  9 11:45:09 CET 2026
#@# Tessellate lh Mon Mar  9 11:45:09 CET 2026
#@# Smooth1 lh Mon Mar  9 11:45:12 CET 2026
#@# Inflation1 lh Mon Mar  9 11:45:14 CET 2026
#@# QSphere lh Mon Mar  9 11:45:24 CET 2026
#@# Fix Topology lh Mon Mar  9 11:46:19 CET 2026
#@# Smooth2 lh Mon Mar  9 11:54:00 CET 2026
#@# Inflation2 lh Mon Mar  9 11:54:02 CET 2026
#@# Curv .H and .K lh Mon Mar  9 11:54:12 CET 2026
#@# Sphere lh Mon Mar  9 11:54:45 CET 2026
#@# Surf Reg lh Mon Mar  9 11:57:21 CET 2026
#@# Jacobian white lh Mon Mar  9 12:00:21 CET 2026
#@# AvgCurv lh Mon Mar  9 12:00:22 CET 2026
#@# Cortical Parc lh Mon Mar  9 12:00:23 CET 2026
#@# white curv lh Mon Mar  9 12:05:12 CET 2026
#@# white area lh Mon Mar  9 12:05:14 CET 2026
#@# pial curv lh Mon Mar  9 12:05:15 CET 2026
#@# pial area lh Mon Mar  9 12:05:16 CET 2026
#@# thickness lh Mon Mar  9 12:05:17 CET 2026
#@# area and vertex vol lh Mon Mar  9 12:05:37 CET 2026
#@# Curvature Stats lh Mon Mar  9 12:05:38 CET 2026
#@# Cortical Parc 2 lh Mon Mar  9 12:05:40 CET 2026
#@# Cortical Parc 3 lh Mon Mar  9 12:05:50 CET 2026
#@# WM/GM Contrast lh Mon Mar  9 12:05:58 CET 2026
recon-all -s sub-v1s21x0050404_ses-1 finished without error at Mon Mar  9 12:06:00 CET 2026



#New# invocation of recon-all 



status file for recon-all
Mon Mar  9 12:30:32 CET 2026
#@# white curv lh Mon Mar  9 12:30:32 CET 2026
#@# white area lh Mon Mar  9 12:30:32 CET 2026
#@# pial curv lh Mon Mar  9 12:30:32 CET 2026
#@# pial area lh Mon Mar  9 12:30:32 CET 2026
#@# thickness lh Mon Mar  9 12:30:32 CET 2026
#@# area and vertex vol lh Mon Mar  9 12:30:32 CET 2026
#@# Parcellation Stats lh Mon Mar  9 12:30:32 CET 2026
#@# Parcellation Stats 2 lh Mon Mar  9 12:30:44 CET 2026
#@# Parcellation Stats 3 lh Mon Mar  9 12:30:50 CET 2026
#@# BA_exvivo Labels lh Mon Mar  9 12:30:56 CET 2026
recon-all -s sub-v1s21x0050404_ses-1 finished without error at Mon Mar  9 12:33:04 CET 2026
