status file for recon-all
Mon Mar  9 13:50:08 CET 2026
#@# Tessellate rh Mon Mar  9 13:50:08 CET 2026
#@# Smooth1 rh Mon Mar  9 13:50:11 CET 2026
#@# Inflation1 rh Mon Mar  9 13:50:14 CET 2026
#@# QSphere rh Mon Mar  9 13:50:26 CET 2026
#@# Fix Topology rh Mon Mar  9 13:51:28 CET 2026
#@# Smooth2 rh Mon Mar  9 13:59:10 CET 2026
#@# Inflation2 rh Mon Mar  9 13:59:13 CET 2026
#@# Curv .H and .K rh Mon Mar  9 13:59:29 CET 2026
#@# Sphere rh Mon Mar  9 14:00:13 CET 2026
#@# Surf Reg rh Mon Mar  9 14:02:39 CET 2026
#@# Jacobian white rh Mon Mar  9 14:06:36 CET 2026
#@# AvgCurv rh Mon Mar  9 14:06:36 CET 2026
#@# Cortical Parc rh Mon Mar  9 14:06:37 CET 2026
#@# white curv rh Mon Mar  9 14:12:35 CET 2026
#@# white area rh Mon Mar  9 14:12:37 CET 2026
#@# pial curv rh Mon Mar  9 14:12:38 CET 2026
#@# pial area rh Mon Mar  9 14:12:39 CET 2026
#@# thickness rh Mon Mar  9 14:12:40 CET 2026
#@# area and vertex vol rh Mon Mar  9 14:13:08 CET 2026
#@# Curvature Stats rh Mon Mar  9 14:13:10 CET 2026
#@# Cortical Parc 2 rh Mon Mar  9 14:13:12 CET 2026
#@# Cortical Parc 3 rh Mon Mar  9 14:13:24 CET 2026
#@# WM/GM Contrast rh Mon Mar  9 14:13:34 CET 2026
recon-all -s sub-v1s21x0050427_ses-1 finished without error at Mon Mar  9 14:13:37 CET 2026



#New# invocation of recon-all 



status file for recon-all
Mon Mar  9 14:20:56 CET 2026
#@# white curv rh Mon Mar  9 14:20:56 CET 2026
#@# white area rh Mon Mar  9 14:20:56 CET 2026
#@# pial curv rh Mon Mar  9 14:20:56 CET 2026
#@# pial area rh Mon Mar  9 14:20:56 CET 2026
#@# thickness rh Mon Mar  9 14:20:56 CET 2026
#@# area and vertex vol rh Mon Mar  9 14:20:56 CET 2026
#@# Parcellation Stats rh Mon Mar  9 14:20:56 CET 2026
#@# Parcellation Stats 2 rh Mon Mar  9 14:21:14 CET 2026
#@# Parcellation Stats 3 rh Mon Mar  9 14:21:23 CET 2026
#@# BA_exvivo Labels rh Mon Mar  9 14:21:32 CET 2026
recon-all -s sub-v1s21x0050427_ses-1 finished without error at Mon Mar  9 14:24:07 CET 2026
