status file for recon-all
Mon Mar  9 13:25:30 CET 2026
#@# Tessellate lh Mon Mar  9 13:25:30 CET 2026
#@# Smooth1 lh Mon Mar  9 13:25:33 CET 2026
#@# Inflation1 lh Mon Mar  9 13:25:36 CET 2026
#@# QSphere lh Mon Mar  9 13:25:48 CET 2026
#@# Fix Topology lh Mon Mar  9 13:26:52 CET 2026
#@# Smooth2 lh Mon Mar  9 13:33:57 CET 2026
#@# Inflation2 lh Mon Mar  9 13:34:00 CET 2026
#@# Curv .H and .K lh Mon Mar  9 13:34:13 CET 2026
#@# Sphere lh Mon Mar  9 13:34:56 CET 2026
#@# Surf Reg lh Mon Mar  9 13:38:35 CET 2026
#@# Jacobian white lh Mon Mar  9 13:42:46 CET 2026
#@# AvgCurv lh Mon Mar  9 13:42:47 CET 2026
#@# Cortical Parc lh Mon Mar  9 13:42:47 CET 2026
#@# white curv lh Mon Mar  9 13:49:05 CET 2026
#@# white area lh Mon Mar  9 13:49:07 CET 2026
#@# pial curv lh Mon Mar  9 13:49:08 CET 2026
#@# pial area lh Mon Mar  9 13:49:09 CET 2026
#@# thickness lh Mon Mar  9 13:49:10 CET 2026
#@# area and vertex vol lh Mon Mar  9 13:49:37 CET 2026
#@# Curvature Stats lh Mon Mar  9 13:49:38 CET 2026
#@# Cortical Parc 2 lh Mon Mar  9 13:49:41 CET 2026
#@# Cortical Parc 3 lh Mon Mar  9 13:49:53 CET 2026
#@# WM/GM Contrast lh Mon Mar  9 13:50:03 CET 2026
recon-all -s sub-v1s21x0050427_ses-1 finished without error at Mon Mar  9 13:50:05 CET 2026



#New# invocation of recon-all 



status file for recon-all
Mon Mar  9 14:17:50 CET 2026
#@# white curv lh Mon Mar  9 14:17:50 CET 2026
#@# white area lh Mon Mar  9 14:17:50 CET 2026
#@# pial curv lh Mon Mar  9 14:17:50 CET 2026
#@# pial area lh Mon Mar  9 14:17:50 CET 2026
#@# thickness lh Mon Mar  9 14:17:50 CET 2026
#@# area and vertex vol lh Mon Mar  9 14:17:50 CET 2026
#@# Parcellation Stats lh Mon Mar  9 14:17:50 CET 2026
#@# Parcellation Stats 2 lh Mon Mar  9 14:18:06 CET 2026
#@# Parcellation Stats 3 lh Mon Mar  9 14:18:15 CET 2026
#@# BA_exvivo Labels lh Mon Mar  9 14:18:23 CET 2026
recon-all -s sub-v1s21x0050427_ses-1 finished without error at Mon Mar  9 14:20:54 CET 2026
