status file for recon-all
Mon Mar  9 11:40:45 CET 2026
#@# MotionCor Mon Mar  9 11:40:46 CET 2026
#@# Talairach Mon Mar  9 11:40:53 CET 2026
#@# Talairach Failure Detection Mon Mar  9 11:45:15 CET 2026
#@# Nu Intensity Correction Mon Mar  9 11:45:15 CET 2026
#@# Intensity Normalization Mon Mar  9 11:48:29 CET 2026
recon-all -s sub-v1s21x0050427_ses-1 finished without error at Mon Mar  9 11:49:55 CET 2026



#New# invocation of recon-all 



status file for recon-all
Mon Mar  9 11:56:31 CET 2026
#@# EM Registration Mon Mar  9 11:56:31 CET 2026
recon-all -s sub-v1s21x0050427_ses-1 finished without error at Mon Mar  9 11:58:37 CET 2026



#New# invocation of recon-all 



status file for recon-all
Mon Mar  9 11:58:41 CET 2026
#@# CA Normalize Mon Mar  9 11:58:41 CET 2026
#@# CA Reg Mon Mar  9 12:00:00 CET 2026
#@# SubCort Seg Mon Mar  9 12:51:41 CET 2026
#@# CC Seg Mon Mar  9 13:19:31 CET 2026
#@# Merge ASeg Mon Mar  9 13:20:06 CET 2026
#@# Intensity Normalization2 Mon Mar  9 13:20:06 CET 2026
#@# Mask BFS Mon Mar  9 13:22:21 CET 2026
#@# WM Segmentation Mon Mar  9 13:22:22 CET 2026
#@# Fill Mon Mar  9 13:24:23 CET 2026
recon-all -s sub-v1s21x0050427_ses-1 finished without error at Mon Mar  9 13:25:26 CET 2026



#New# invocation of recon-all 



status file for recon-all
Mon Mar  9 14:13:40 CET 2026
#@# white curv lh Mon Mar  9 14:13:40 CET 2026
#@# white area lh Mon Mar  9 14:13:40 CET 2026
#@# pial curv lh Mon Mar  9 14:13:40 CET 2026
#@# pial area lh Mon Mar  9 14:13:40 CET 2026
#@# thickness lh Mon Mar  9 14:13:40 CET 2026
#@# area and vertex vol lh Mon Mar  9 14:13:40 CET 2026
#@# white curv rh Mon Mar  9 14:13:40 CET 2026
#@# white area rh Mon Mar  9 14:13:40 CET 2026
#@# pial curv rh Mon Mar  9 14:13:40 CET 2026
#@# pial area rh Mon Mar  9 14:13:40 CET 2026
#@# thickness rh Mon Mar  9 14:13:40 CET 2026
#@# area and vertex vol rh Mon Mar  9 14:13:40 CET 2026
#@# Cortical ribbon mask Mon Mar  9 14:13:40 CET 2026
recon-all -s sub-v1s21x0050427_ses-1 finished without error at Mon Mar  9 14:17:46 CET 2026



#New# invocation of recon-all 



status file for recon-all
Mon Mar  9 14:24:12 CET 2026
#@# white curv lh Mon Mar  9 14:24:12 CET 2026
#@# white area lh Mon Mar  9 14:24:12 CET 2026
#@# pial curv lh Mon Mar  9 14:24:12 CET 2026
#@# pial area lh Mon Mar  9 14:24:12 CET 2026
#@# thickness lh Mon Mar  9 14:24:12 CET 2026
#@# area and vertex vol lh Mon Mar  9 14:24:12 CET 2026
#@# white curv rh Mon Mar  9 14:24:12 CET 2026
#@# white area rh Mon Mar  9 14:24:12 CET 2026
#@# pial curv rh Mon Mar  9 14:24:12 CET 2026
#@# pial area rh Mon Mar  9 14:24:12 CET 2026
#@# thickness rh Mon Mar  9 14:24:12 CET 2026
#@# area and vertex vol rh Mon Mar  9 14:24:12 CET 2026
#@# Curvature Stats lh Mon Mar  9 14:24:12 CET 2026
#@# Curvature Stats rh Mon Mar  9 14:24:15 CET 2026
#@# Relabel Hypointensities Mon Mar  9 14:24:17 CET 2026
#@# APas-to-ASeg Mon Mar  9 14:24:31 CET 2026
#@# AParc-to-ASeg aparc Mon Mar  9 14:24:39 CET 2026
#@# AParc-to-ASeg aparc.a2009s Mon Mar  9 14:25:10 CET 2026
#@# AParc-to-ASeg aparc.DKTatlas Mon Mar  9 14:25:46 CET 2026
#@# WMParc Mon Mar  9 14:26:21 CET 2026
#@# ASeg Stats Mon Mar  9 14:30:53 CET 2026
recon-all -s sub-v1s21x0050427_ses-1 finished without error at Mon Mar  9 14:31:33 CET 2026
