/out/sourcedata/freesurfer/sub-v1s21x0050405_ses-1/mri
/opt/freesurfer/bin/talairach_avi
--i orig_nu.mgz --xfm transforms/talairach.auto.xfm
talairach_avi 7.3.2
Linux dna067 5.14.0-427.37.1.el9_4.x86_64 #1 SMP PREEMPT_DYNAMIC Fri Sep 13 12:41:50 EDT 2024 x86_64 x86_64 x86_64 GNU/Linux
Mon Mar  9 10:13:52 CET 2026
mri_convert orig_nu.mgz talsrcimg.img 
reading from orig_nu.mgz...
TR=0.00, TE=0.00, TI=0.00, flip angle=0.00
i_ras = (-1, 0, 0)
j_ras = (0, 0, -1)
k_ras = (0, 1, 0)
writing to talsrcimg.img...
Analyze Output Matrix
-1.00000   0.00000   0.00000   129.70000;
 0.00000   0.00000   1.00000  -128.50000;
 0.00000  -1.00000   0.00000   129.50000;
 0.00000   0.00000   0.00000   1.00000;
--------------------
INFO: set hdr.hist.orient to -1
mpr2mni305 talsrcimg
Mon Mar  9 10:13:53 CET 2026
/opt/freesurfer/bin/mpr2mni305 talsrcimg
mpr2mni305 7.3.2
target=711-2C_as_mni_average_305

---------------------------------------------------------------------
analyzeto4dfp talsrcimg -O0 -y
---------------------------------------------------------------------

freesurfer ifh2hdr.c
Mon Mar  9 10:13:53 2026
Writing: talsrcimg.4dfp.hdr
freesurfer analyzeto4dfp.c
Reading: talsrcimg.hdr
header size 348 bytes
hdr.dime.datatype	offset=70	value=2
hdr.dime.bitpix		offset=72	value=8
hdr.hist.orient		offset=252	value=-1
dimensionality     4
dimensions       256       256       256         1
Reading: talsrcimg.img
Writing: talsrcimg.4dfp.img
Writing: talsrcimg.4dfp.ifh
ifh2hdr talsrcimg -r0to231
ori=2

---------------------------------------------------------------------
gauss_4dfp talsrcimg 1.1
---------------------------------------------------------------------

freesurfer gauss_4dfp.c
Reading: talsrcimg.4dfp.img
Writing: talsrcimg_g11.4dfp.img
image dimensions 256 256 256 padded to 288 288 288
processing volume 1freesurfer ifh2hdr.c
Mon Mar  9 10:13:54 2026
Writing: talsrcimg_g11.4dfp.hdr

Writing: talsrcimg_g11.4dfp.ifh
including: talsrcimg.4dfp.img.rec in talsrcimg_g11.4dfp.img.rec

---------------------------------------------------------------------
imgreg_4dfp /opt/freesurfer/average/711-2C_as_mni_average_305 none talsrcimg_g11 none talsrcimg_to_711-2C_as_mni_average_305_t4 4355
---------------------------------------------------------------------

freesurfer imgreg_4dfp.c
/opt/freesurfer/average/711-2C_as_mni_average_305.4dfp.img
       256       256       256         1
  1.000000  1.000000  1.000000
orientation T byte_order littleendian
Reading image: /opt/freesurfer/average/711-2C_as_mni_average_305.4dfp.img
dimensions:      256       256       256
mmppix:       1.0000   -1.0000   -1.0000
center:     128.0000 -129.0000 -129.0000
talsrcimg_g11.4dfp.img
       256       256       256         1
  1.000000  1.000000  1.000000
orientation T byte_order littleendian
Reading image: talsrcimg_g11.4dfp.img
dimensions:      256       256       256
mmppix:       1.0000   -1.0000   -1.0000
center:     128.0000 -129.0000 -129.0000
t4_read: open error in t4_sub.f l:  41 t4_file(1:l)talsrcimg_to_711-2C_as_mni_average_305_t4 
t4_read: transform initialized to I4
rotation matrix determinant  1.000000
image alignment mode   4355 decimal     1103 hex
   -7.5000  -45.0000  -45.0000 6591.9780   24.2861
    0.0000  -45.0000  -45.0000 6884.2983   24.2538
    7.5000  -45.0000  -45.0000 6577.3999   24.2374
   -7.5000  -37.5000  -45.0000 7054.2104   23.7658
    0.0000  -37.5000  -45.0000 7377.2529   23.7171
    7.5000  -37.5000  -45.0000 7034.0923   23.6862
   -7.5000  -30.0000  -45.0000 7782.3027   23.3327
    0.0000  -30.0000  -45.0000 8128.8735   23.2703
    7.5000  -30.0000  -45.0000 7746.7861   23.2396
   -7.5000  -22.5000  -45.0000 8636.5166   23.2645
    0.0000  -22.5000  -45.0000 9013.3037   23.2070
    7.5000  -22.5000  -45.0000 8602.4170   23.1947
   -7.5000  -15.0000  -45.0000 9442.2441   23.2142
    0.0000  -15.0000  -45.0000 9845.6543   23.1726
    7.5000  -15.0000  -45.0000 9434.3457   23.1764
   -7.5000   -7.5000  -45.000010190.7217   23.2052
    0.0000   -7.5000  -45.000010602.6377   23.1759
    7.5000   -7.5000  -45.000010173.7275   23.1782
   -7.5000    0.0000  -45.000010898.5684   23.2396
    0.0000    0.0000  -45.000011372.1787   23.2081
    7.5000    0.0000  -45.000010877.7656   23.1938
   -7.5000    7.5000  -45.000010837.9834   23.2892
    0.0000    7.5000  -45.000011321.4111   23.2407
    7.5000    7.5000  -45.000010805.7217   23.2099
   -7.5000   15.0000  -45.000010663.2949   23.3049
    0.0000   15.0000  -45.000011121.4580   23.2427
    7.5000   15.0000  -45.000010619.3408   23.2123
   -7.5000   22.5000  -45.000010306.6709   23.2609
    0.0000   22.5000  -45.000010726.7559   23.2033
    7.5000   22.5000  -45.000010244.9961   23.1910
   -7.5000   30.0000  -45.0000 9831.2529   22.9047
    0.0000   30.0000  -45.000010244.5615   22.8636
    7.5000   30.0000  -45.0000 9771.9092   22.8674
   -7.5000   37.5000  -45.0000 9667.5938   22.8959
    0.0000   37.5000  -45.000010076.7324   22.8671
    7.5000   37.5000  -45.0000 9616.7539   22.8693
   -7.5000   45.0000  -45.0000 8986.9854   22.3477
    0.0000   45.0000  -45.0000 9368.1523   22.3173
    7.5000   45.0000  -45.0000 8914.6484   22.3036
   -7.5000  -45.0000  -37.5000 6941.8276   24.1531
    0.0000  -45.0000  -37.5000 7264.7217   24.1170
    7.5000  -45.0000  -37.5000 6950.2607   24.0933
   -7.5000  -37.5000  -37.5000 7439.3682   23.6400
    0.0000  -37.5000  -37.5000 7777.8906   23.5833
    7.5000  -37.5000  -37.5000 7433.6792   23.5447
   -7.5000  -30.0000  -37.5000 8239.3350   23.2137
    0.0000  -30.0000  -37.5000 8600.2617   23.1452
    7.5000  -30.0000  -37.5000 8201.4424   23.1058
   -7.5000  -22.5000  -37.5000 9162.0820   23.1450
    0.0000  -22.5000  -37.5000 9552.0381   23.0889
    7.5000  -22.5000  -37.5000 9110.9053   23.0681
   -7.5000  -15.0000  -37.500010048.5459   23.0901
    0.0000  -15.0000  -37.500010462.9150   23.0550
    7.5000  -15.0000  -37.500010000.8037   23.0521
   -7.5000   -7.5000  -37.500010849.6504   23.0771
    0.0000   -7.5000  -37.500011299.1230   23.0516
    7.5000   -7.5000  -37.500010813.0742   23.0485
   -7.5000    0.0000  -37.500011581.0801   23.1127
    0.0000    0.0000  -37.500012077.6270   23.0781
    7.5000    0.0000  -37.500011540.7842   23.0582
   -7.5000    7.5000  -37.500011483.2510   23.1672
    0.0000    7.5000  -37.500011978.0039   23.1110
    7.5000    7.5000  -37.500011438.7275   23.0731
   -7.5000   15.0000  -37.500011284.4980   23.1862
    0.0000   15.0000  -37.500011737.3779   23.1180
    7.5000   15.0000  -37.500011194.7354   23.0789
   -7.5000   22.5000  -37.500010854.0410   23.1415
    0.0000   22.5000  -37.500011292.9541   23.0852
    7.5000   22.5000  -37.500010783.1865   23.0644
   -7.5000   30.0000  -37.500010353.3916   22.7823
    0.0000   30.0000  -37.500010782.6855   22.7476
    7.5000   30.0000  -37.500010257.8857   22.7448
   -7.5000   37.5000  -37.500010209.4082   22.7695
    0.0000   37.5000  -37.500010652.7744   22.7444
    7.5000   37.5000  -37.500010134.4189   22.7414
   -7.5000   45.0000  -37.5000 9461.9619   22.2256
    0.0000   45.0000  -37.5000 9898.8896   22.1924
    7.5000   45.0000  -37.5000 9404.9775   22.1732
   -7.5000  -45.0000  -30.0000 7457.7310   25.1739
    0.0000  -45.0000  -30.0000 7785.4194   25.1358
    7.5000  -45.0000  -30.0000 7455.0459   25.1076
   -7.5000  -37.5000  -30.0000 8000.9517   24.6338
    0.0000  -37.5000  -30.0000 8339.3643   24.5749
    7.5000  -37.5000  -30.0000 7972.5493   24.5324
   -7.5000  -30.0000  -30.0000 8859.8164   24.1854
    0.0000  -30.0000  -30.0000 9236.7871   24.1159
    7.5000  -30.0000  -30.0000 8794.9023   24.0747
   -7.5000  -22.5000  -30.0000 9861.9131   24.1154
    0.0000  -22.5000  -30.000010274.8320   24.0599
    7.5000  -22.5000  -30.0000 9787.2998   24.0393
   -7.5000  -15.0000  -30.000010832.1484   24.0619
    0.0000  -15.0000  -30.000011296.0693   24.0278
    7.5000  -15.0000  -30.000010766.5352   24.0267
   -7.5000   -7.5000  -30.000011722.7891   24.0514
    0.0000   -7.5000  -30.000012215.4492   24.0256
    7.5000   -7.5000  -30.000011670.8359   24.0225
   -7.5000    0.0000  -30.000012469.9922   24.0889
    0.0000    0.0000  -30.000013001.5830   24.0527
    7.5000    0.0000  -30.000012431.1416   24.0292
   -7.5000    7.5000  -30.000012328.8184   24.1410
    0.0000    7.5000  -30.000012855.2461   24.0829
    7.5000    7.5000  -30.000012275.3428   24.0414
   -7.5000   15.0000  -30.000012084.0732   24.1568
    0.0000   15.0000  -30.000012591.1982   24.0876
    7.5000   15.0000  -30.000012000.2305   24.0468
   -7.5000   22.5000  -30.000011638.8867   24.1092
    0.0000   22.5000  -30.000012120.9326   24.0536
    7.5000   22.5000  -30.000011574.6113   24.0330
   -7.5000   30.0000  -30.000011081.1602   23.7434
    0.0000   30.0000  -30.000011537.8301   23.7097
    7.5000   30.0000  -30.000010995.2754   23.7087
   -7.5000   37.5000  -30.000010915.5244   23.7331
    0.0000   37.5000  -30.000011366.1865   23.7077
    7.5000   37.5000  -30.000010841.1191   23.7046
   -7.5000   45.0000  -30.000010134.3242   23.1814
    0.0000   45.0000  -30.000010587.2861   23.1466
    7.5000   45.0000  -30.000010074.6855   23.1239
   -7.5000  -45.0000  -22.5000 7930.4604   26.0491
    0.0000  -45.0000  -22.5000 8293.2021   26.0152
    7.5000  -45.0000  -22.5000 7944.7969   25.9922
   -7.5000  -37.5000  -22.5000 8526.6543   25.4830
    0.0000  -37.5000  -22.5000 8906.6025   25.4324
    7.5000  -37.5000  -22.5000 8514.4893   25.3953
   -7.5000  -30.0000  -22.5000 9487.5332   25.0111
    0.0000  -30.0000  -22.5000 9893.2305   24.9489
    7.5000  -30.0000  -22.5000 9413.4160   24.9143
   -7.5000  -22.5000  -22.500010584.0020   24.9413
    0.0000  -22.5000  -22.500011042.0479   24.8873
    7.5000  -22.5000  -22.500010501.7285   24.8732
   -7.5000  -15.0000  -22.500011610.8711   24.8959
    0.0000  -15.0000  -22.500012110.9941   24.8582
    7.5000  -15.0000  -22.500011556.6592   24.8634
   -7.5000   -7.5000  -22.500012572.9326   24.8933
    0.0000   -7.5000  -22.500013111.3242   24.8653
    7.5000   -7.5000  -22.500012550.0498   24.8677
   -7.5000    0.0000  -22.500013353.4102   24.9316
    0.0000    0.0000  -22.500013913.6934   24.8990
    7.5000    0.0000  -22.500013352.1221   24.8797
   -7.5000    7.5000  -22.500013181.4717   24.9745
    0.0000    7.5000  -22.500013741.1211   24.9244
    7.5000    7.5000  -22.500013188.8408   24.8879
   -7.5000   15.0000  -22.500012943.1416   24.9813
    0.0000   15.0000  -22.500013508.7998   24.9195
    7.5000   15.0000  -22.500012894.5635   24.8852
   -7.5000   22.5000  -22.500012505.6895   24.9332
    0.0000   22.5000  -22.500013055.3457   24.8790
    7.5000   22.5000  -22.500012434.1113   24.8649
   -7.5000   30.0000  -22.500011867.7363   24.5701
    0.0000   30.0000  -22.500012399.7529   24.5328
    7.5000   30.0000  -22.500011815.9600   24.5380
   -7.5000   37.5000  -22.500011638.2520   24.5677
    0.0000   37.5000  -22.500012154.4541   24.5401
    7.5000   37.5000  -22.500011612.0371   24.5424
   -7.5000   45.0000  -22.500010804.0293   24.0104
    0.0000   45.0000  -22.500011290.8193   23.9790
    7.5000   45.0000  -22.500010789.5420   23.9604
   -7.5000  -45.0000  -15.0000 8440.3965   26.6533
    0.0000  -45.0000  -15.0000 8816.8828   26.6243
    7.5000  -45.0000  -15.0000 8468.8438   26.6090
   -7.5000  -37.5000  -15.0000 9088.0156   26.0714
    0.0000  -37.5000  -15.0000 9493.4248   26.0300
    7.5000  -37.5000  -15.0000 9088.2598   26.0004
   -7.5000  -30.0000  -15.000010087.2432   25.5861
    0.0000  -30.0000  -15.000010541.1084   25.5309
    7.5000  -30.0000  -15.000010054.9590   25.5044
   -7.5000  -22.5000  -15.000011251.1934   25.5165
    0.0000  -22.5000  -15.000011749.9287   25.4617
    7.5000  -22.5000  -15.000011194.8496   25.4549
   -7.5000  -15.0000  -15.000012352.4697   25.4765
    0.0000  -15.0000  -15.000012899.2812   25.4330
    7.5000  -15.0000  -15.000012304.6426   25.4436
   -7.5000   -7.5000  -15.000013420.0410   25.4792
    0.0000   -7.5000  -15.000014014.2959   25.4485
    7.5000   -7.5000  -15.000013377.5732   25.4558
   -7.5000    0.0000  -15.000014265.7070   25.5167
    0.0000    0.0000  -15.000014882.9004   25.4881
    7.5000    0.0000  -15.000014264.2148   25.4746
   -7.5000    7.5000  -15.000014036.5801   25.5533
    0.0000    7.5000  -15.000014678.7002   25.5119
    7.5000    7.5000  -15.000014123.0352   25.4824
   -7.5000   15.0000  -15.000013800.0762   25.5556
    0.0000   15.0000  -15.000014435.0938   25.5006
    7.5000   15.0000  -15.000013811.3330   25.4744
   -7.5000   22.5000  -15.000013351.8662   25.5070
    0.0000   22.5000  -15.000013955.7480   25.4520
    7.5000   22.5000  -15.000013315.4512   25.4452
   -7.5000   30.0000  -15.000012646.5791   25.1466
    0.0000   30.0000  -15.000013226.9512   25.1036
    7.5000   30.0000  -15.000012642.2871   25.1141
   -7.5000   37.5000  -15.000012338.6963   25.1494
    0.0000   37.5000  -15.000012897.3252   25.1191
    7.5000   37.5000  -15.000012347.6348   25.1263
   -7.5000   45.0000  -15.000011467.7539   24.5887
    0.0000   45.0000  -15.000011978.9971   24.5611
    7.5000   45.0000  -15.000011477.5176   24.5481
   -7.5000  -45.0000   -7.5000 8989.4277   26.9300
    0.0000  -45.0000   -7.5000 9397.9775   26.9019
    7.5000  -45.0000   -7.5000 9037.8193   26.8879
   -7.5000  -37.5000   -7.5000 9668.6104   26.3483
    0.0000  -37.5000   -7.500010118.7285   26.3070
    7.5000  -37.5000   -7.5000 9696.8096   26.2777
   -7.5000  -30.0000   -7.500010693.9561   25.8627
    0.0000  -30.0000   -7.500011173.1855   25.8052
    7.5000  -30.0000   -7.500010693.1533   25.7775
   -7.5000  -22.5000   -7.500011910.3916   25.7898
    0.0000  -22.5000   -7.500012396.3281   25.7311
    7.5000  -22.5000   -7.500011872.8584   25.7226
   -7.5000  -15.0000   -7.500013098.3848   25.7450
    0.0000  -15.0000   -7.500013624.3447   25.6982
    7.5000  -15.0000   -7.500013046.0234   25.7067
   -7.5000   -7.5000   -7.500014295.4873   25.7450
    0.0000   -7.5000   -7.500014878.1836   25.7132
    7.5000   -7.5000   -7.500014196.2568   25.7195
   -7.5000    0.0000   -7.500015361.2285   25.7829
    0.0000    0.0000   -7.500015997.6514   25.7548
    7.5000    0.0000   -7.500015278.8115   25.7422
   -7.5000    7.5000   -7.500015099.1152   25.8253
    0.0000    7.5000   -7.500015779.8711   25.7837
    7.5000    7.5000   -7.500015245.8906   25.7544
   -7.5000   15.0000   -7.500014740.0156   25.8320
    0.0000   15.0000   -7.500015376.7168   25.7747
    7.5000   15.0000   -7.500014862.1182   25.7472
   -7.5000   22.5000   -7.500014241.6240   25.7775
    0.0000   22.5000   -7.500014845.7197   25.7186
    7.5000   22.5000   -7.500014263.0439   25.7101
   -7.5000   30.0000   -7.500013455.2715   25.4110
    0.0000   30.0000   -7.500014067.9023   25.3647
    7.5000   30.0000   -7.500013484.5811   25.3731
   -7.5000   37.5000   -7.500013103.0898   25.4111
    0.0000   37.5000   -7.500013677.0859   25.3797
    7.5000   37.5000   -7.500013138.9004   25.3860
   -7.5000   45.0000   -7.500012218.8916   24.8499
    0.0000   45.0000   -7.500012743.2715   24.8228
    7.5000   45.0000   -7.500012237.2529   24.8106
   -7.5000  -45.0000    0.0000 9470.1602   26.9682
    0.0000  -45.0000    0.0000 9894.7783   26.9348
    7.5000  -45.0000    0.0000 9529.6602   26.9166
   -7.5000  -37.5000    0.000010193.0928   26.3947
    0.0000  -37.5000    0.000010653.6260   26.3427
    7.5000  -37.5000    0.000010226.4453   26.3077
   -7.5000  -30.0000    0.000011255.6162   25.9156
    0.0000  -30.0000    0.000011731.5479   25.8478
    7.5000  -30.0000    0.000011242.7451   25.8115
   -7.5000  -22.5000    0.000012481.8242   25.8387
    0.0000  -22.5000    0.000013001.0391   25.7763
    7.5000  -22.5000    0.000012468.9170   25.7594
   -7.5000  -15.0000    0.000013683.6602   25.7832
    0.0000  -15.0000    0.000014240.0078   25.7388
    7.5000  -15.0000    0.000013668.3262   25.7402
   -7.5000   -7.5000    0.000015035.6533   25.7749
    0.0000   -7.5000    0.000015619.5381   25.7447
    7.5000   -7.5000    0.000014828.7871   25.7461
   -7.5000    0.0000    0.000016435.1758   25.8146
    0.0000    0.0000    0.000017077.5332   25.7819
    7.5000    0.0000    0.000016108.9209   25.7660
   -7.5000    7.5000    0.000016305.1426   25.8694
    0.0000    7.5000    0.000017065.2344   25.8174
    7.5000    7.5000    0.000016310.9346   25.7826
   -7.5000   15.0000    0.000015754.0000   25.8849
    0.0000   15.0000    0.000016429.3809   25.8174
    7.5000   15.0000    0.000015874.3008   25.7813
   -7.5000   22.5000    0.000015074.7617   25.8264
    0.0000   22.5000    0.000015744.6182   25.7639
    7.5000   22.5000    0.000015105.7119   25.7469
   -7.5000   30.0000    0.000014241.6670   25.4494
    0.0000   30.0000    0.000014888.0557   25.4056
    7.5000   30.0000    0.000014226.3359   25.4069
   -7.5000   37.5000    0.000013901.1660   25.4413
    0.0000   37.5000    0.000014522.0303   25.4116
    7.5000   37.5000    0.000013836.5400   25.4129
   -7.5000   45.0000    0.000013003.0566   24.8823
    0.0000   45.0000    0.000013593.8311   24.8508
    7.5000   45.0000    0.000012924.5264   24.8354
   -7.5000  -45.0000    7.5000 9225.3350   26.9944
    0.0000  -45.0000    7.5000 9650.3506   26.9542
    7.5000  -45.0000    7.5000 9261.1641   26.9280
   -7.5000  -37.5000    7.5000 9877.2139   26.4218
    0.0000  -37.5000    7.500010342.7900   26.3586
    7.5000  -37.5000    7.5000 9913.6172   26.3157
   -7.5000  -30.0000    7.500010911.4102   25.9457
    0.0000  -30.0000    7.500011398.8408   25.8695
    7.5000  -30.0000    7.500010930.1553   25.8257
   -7.5000  -22.5000    7.500012094.5703   25.8684
    0.0000  -22.5000    7.500012653.3770   25.8060
    7.5000  -22.5000    7.500012141.7627   25.7830
   -7.5000  -15.0000    7.500013186.7881   25.8070
    0.0000  -15.0000    7.500013776.3145   25.7680
    7.5000  -15.0000    7.500013300.1182   25.7651
   -7.5000   -7.5000    7.500014517.4453   25.7929
    0.0000   -7.5000    7.500015107.6875   25.7646
    7.5000   -7.5000    7.500014366.4980   25.7615
   -7.5000    0.0000    7.500016191.9688   25.8329
    0.0000    0.0000    7.500016880.4277   25.7945
    7.5000    0.0000    7.500015624.4678   25.7724
   -7.5000    7.5000    7.500016476.0254   25.8940
    0.0000    7.5000    7.500017319.6270   25.8314
    7.5000    7.5000    7.500016045.1709   25.7893
   -7.5000   15.0000    7.500015912.7578   25.9150
    0.0000   15.0000    7.500016645.2852   25.8391
    7.5000   15.0000    7.500015766.3721   25.7957
   -7.5000   22.5000    7.500015035.6250   25.8561
    0.0000   22.5000    7.500015712.6035   25.7935
    7.5000   22.5000    7.500014911.9561   25.7706
   -7.5000   30.0000    7.500014124.7168   25.4729
    0.0000   30.0000    7.500014798.5068   25.4344
    7.5000   30.0000    7.500013956.4033   25.4315
   -7.5000   37.5000    7.500013748.0576   25.4591
    0.0000   37.5000    7.500014390.7314   25.4312
    7.5000   37.5000    7.500013538.4268   25.4281
   -7.5000   45.0000    7.500012786.3398   24.9000
    0.0000   45.0000    7.500013357.8818   24.8629
    7.5000   45.0000    7.500012591.5293   24.8416
   -7.5000  -45.0000   15.0000 8848.9883   27.0326
    0.0000  -45.0000   15.0000 9275.5215   26.9918
    7.5000  -45.0000   15.0000 8888.8398   26.9614
   -7.5000  -37.5000   15.0000 9481.5146   26.4527
    0.0000  -37.5000   15.0000 9924.2607   26.3894
    7.5000  -37.5000   15.0000 9530.5400   26.3438
   -7.5000  -30.0000   15.000010461.2939   25.9712
    0.0000  -30.0000   15.000010951.7295   25.8965
    7.5000  -30.0000   15.000010521.1777   25.8523
   -7.5000  -22.5000   15.000011604.7793   25.8959
    0.0000  -22.5000   15.000012179.6094   25.8364
    7.5000  -22.5000   15.000011693.5996   25.8143
   -7.5000  -15.0000   15.000012716.7529   25.8385
    0.0000  -15.0000   15.000013339.1846   25.8019
    7.5000  -15.0000   15.000012806.2100   25.8008
   -7.5000   -7.5000   15.000014024.5938   25.8272
    0.0000   -7.5000   15.000014692.3203   25.7996
    7.5000   -7.5000   15.000013819.4072   25.7962
   -7.5000    0.0000   15.000015666.3125   25.8675
    0.0000    0.0000   15.000016403.2402   25.8287
    7.5000    0.0000   15.000014993.4902   25.8034
   -7.5000    7.5000   15.000015940.2832   25.9235
    0.0000    7.5000   15.000016594.4609   25.8610
    7.5000    7.5000   15.000015274.7061   25.8165
   -7.5000   15.0000   15.000015529.6299   25.9404
    0.0000   15.0000   15.000016081.0977   25.8661
    7.5000   15.0000   15.000014949.9014   25.8223
   -7.5000   22.5000   15.000014785.4365   25.8836
    0.0000   22.5000   15.000015358.4092   25.8239
    7.5000   22.5000   15.000014269.8047   25.8018
   -7.5000   30.0000   15.000013818.3301   25.5040
    0.0000   30.0000   15.000014443.4170   25.4678
    7.5000   30.0000   15.000013455.1240   25.4667
   -7.5000   37.5000   15.000013290.9990   25.4930
    0.0000   37.5000   15.000013932.6348   25.4657
    7.5000   37.5000   15.000013048.7490   25.4623
   -7.5000   45.0000   15.000012229.9111   24.9333
    0.0000   45.0000   15.000012800.0752   24.8959
    7.5000   45.0000   15.000012079.5850   24.8715
   -7.5000  -45.0000   22.5000 8375.8486   27.0418
    0.0000  -45.0000   22.5000 8763.5840   27.0067
    7.5000  -45.0000   22.5000 8401.5547   26.9828
   -7.5000  -37.5000   22.5000 9020.7197   26.4541
    0.0000  -37.5000   22.5000 9447.2207   26.4017
    7.5000  -37.5000   22.5000 9036.7139   26.3631
   -7.5000  -30.0000   22.500010001.6270   25.9642
    0.0000  -30.0000   22.500010480.8174   25.8998
    7.5000  -30.0000   22.5000 9992.4453   25.8638
   -7.5000  -22.5000   22.500011175.4951   25.8917
    0.0000  -22.5000   22.500011693.5469   25.8357
    7.5000  -22.5000   22.500011131.4346   25.8210
   -7.5000  -15.0000   22.500012299.9561   25.8446
    0.0000  -15.0000   22.500012847.2666   25.8055
    7.5000  -15.0000   22.500012193.3447   25.8109
   -7.5000   -7.5000   22.500013476.1025   25.8419
    0.0000   -7.5000   22.500014055.7031   25.8129
    7.5000   -7.5000   22.500013185.3711   25.8153
   -7.5000    0.0000   22.500014718.6484   25.8817
    0.0000    0.0000   22.500015280.5986   25.8479
    7.5000    0.0000   22.500014252.8955   25.8278
   -7.5000    7.5000   22.500014554.5156   25.9263
    0.0000    7.5000   22.500015008.1250   25.8743
    7.5000    7.5000   22.500014234.5801   25.8363
   -7.5000   15.0000   22.500014138.2842   25.9333
    0.0000   15.0000   22.500014572.5889   25.8692
    7.5000   15.0000   22.500013873.8135   25.8336
   -7.5000   22.5000   22.500013711.5186   25.8794
    0.0000   22.5000   22.500014251.7500   25.8232
    7.5000   22.5000   22.500013422.2090   25.8085
   -7.5000   30.0000   22.500013006.9551   25.5100
    0.0000   30.0000   22.500013614.5508   25.4713
    7.5000   30.0000   22.500012766.0596   25.4766
   -7.5000   37.5000   22.500012564.1299   25.5075
    0.0000   37.5000   22.500013192.1709   25.4788
    7.5000   37.5000   22.500012397.5781   25.4812
   -7.5000   45.0000   22.500011586.8330   24.9470
    0.0000   45.0000   22.500012125.8936   24.9144
    7.5000   45.0000   22.500011445.6797   24.8950
   -7.5000  -45.0000   30.0000 7811.3525   27.0247
    0.0000  -45.0000   30.0000 8161.8613   26.9960
    7.5000  -45.0000   30.0000 7765.2300   26.9804
   -7.5000  -37.5000   30.0000 8457.1016   26.4346
    0.0000  -37.5000   30.0000 8837.9199   26.3932
    7.5000  -37.5000   30.0000 8384.8281   26.3632
   -7.5000  -30.0000   30.0000 9401.6992   25.9426
    0.0000  -30.0000   30.0000 9810.1670   25.8871
    7.5000  -30.0000   30.0000 9298.5537   25.8602
   -7.5000  -22.5000   30.000010449.9990   25.8721
    0.0000  -22.5000   30.000010880.4795   25.8172
    7.5000  -22.5000   30.000010328.4980   25.8101
   -7.5000  -15.0000   30.000011413.8184   25.8315
    0.0000  -15.0000   30.000011850.4453   25.7880
    7.5000  -15.0000   30.000011287.2812   25.7987
   -7.5000   -7.5000   30.000012393.8545   25.8342
    0.0000   -7.5000   30.000012903.1104   25.8037
    7.5000   -7.5000   30.000012229.1748   25.8110
   -7.5000    0.0000   30.000013357.8926   25.8721
    0.0000    0.0000   30.000013835.3447   25.8437
    7.5000    0.0000   30.000013190.5879   25.8300
   -7.5000    7.5000   30.000013099.8477   25.9092
    0.0000    7.5000   30.000013537.6045   25.8678
    7.5000    7.5000   30.000013055.2314   25.8378
   -7.5000   15.0000   30.000012817.4717   25.9117
    0.0000   15.0000   30.000013258.6777   25.8564
    7.5000   15.0000   30.000012748.6592   25.8298
   -7.5000   22.5000   30.000012519.1172   25.8597
    0.0000   22.5000   30.000012988.8506   25.8046
    7.5000   22.5000   30.000012422.0312   25.7976
   -7.5000   30.0000   30.000011920.9482   25.4971
    0.0000   30.0000   30.000012405.2842   25.4541
    7.5000   30.0000   30.000011846.0508   25.4646
   -7.5000   37.5000   30.000011569.0771   25.4999
    0.0000   37.5000   30.000012062.3242   25.4697
    7.5000   37.5000   30.000011503.3877   25.4770
   -7.5000   45.0000   30.000010712.1250   24.9377
    0.0000   45.0000   30.000011170.7783   24.9103
    7.5000   45.0000   30.000010635.2324   24.8972
   -7.5000  -45.0000   37.5000 7496.6602   27.3000
    0.0000  -45.0000   37.5000 7834.4883   27.2725
    7.5000  -45.0000   37.5000 7450.4409   27.2577
   -7.5000  -37.5000   37.5000 8129.5957   26.7023
    0.0000  -37.5000   37.5000 8484.0625   26.6611
    7.5000  -37.5000   37.5000 8067.6367   26.6308
   -7.5000  -30.0000   37.5000 8998.2324   26.2031
    0.0000  -30.0000   37.5000 9390.7236   26.1455
    7.5000  -30.0000   37.5000 8932.1055   26.1168
   -7.5000  -22.5000   37.5000 9941.7510   26.1286
    0.0000  -22.5000   37.500010353.2354   26.0697
    7.5000  -22.5000   37.5000 9896.9473   26.0606
   -7.5000  -15.0000   37.500010849.8828   26.0840
    0.0000  -15.0000   37.500011308.0273   26.0373
    7.5000  -15.0000   37.500010829.9219   26.0454
   -7.5000   -7.5000   37.500011820.9746   26.0853
    0.0000   -7.5000   37.500012321.2080   26.0541
    7.5000   -7.5000   37.500011784.9189   26.0599
   -7.5000    0.0000   37.500012727.3047   26.1244
    0.0000    0.0000   37.500013181.3477   26.0968
    7.5000    0.0000   37.500012665.7793   26.0834
   -7.5000    7.5000   37.500012503.7998   26.1663
    0.0000    7.5000   37.500012952.5439   26.1249
    7.5000    7.5000   37.500012514.3086   26.0945
   -7.5000   15.0000   37.500012220.7471   26.1717
    0.0000   15.0000   37.500012677.4219   26.1142
    7.5000   15.0000   37.500012185.8516   26.0858
   -7.5000   22.5000   37.500011964.3262   26.1161
    0.0000   22.5000   37.500012417.8262   26.0570
    7.5000   22.5000   37.500011893.4990   26.0479
   -7.5000   30.0000   37.500011404.6494   25.7463
    0.0000   30.0000   37.500011836.8242   25.7001
    7.5000   30.0000   37.500011337.7725   25.7081
   -7.5000   37.5000   37.500011072.3516   25.7477
    0.0000   37.5000   37.500011505.6934   25.7169
    7.5000   37.5000   37.500011003.9238   25.7227
   -7.5000   45.0000   37.500010272.3242   25.1809
    0.0000   45.0000   37.500010692.4043   25.1543
    7.5000   45.0000   37.500010202.8242   25.1414
   -7.5000  -45.0000   45.0000 6863.1089   27.8503
    0.0000  -45.0000   45.0000 7198.8096   27.8148
    7.5000  -45.0000   45.0000 6905.4409   27.7965
   -7.5000  -37.5000   45.0000 7454.0830   27.2317
    0.0000  -37.5000   45.0000 7823.5444   27.1763
    7.5000  -37.5000   45.0000 7482.9478   27.1406
   -7.5000  -30.0000   45.0000 8243.3096   26.7150
    0.0000  -30.0000   45.0000 8651.8818   26.6427
    7.5000  -30.0000   45.0000 8272.4561   26.6058
   -7.5000  -22.5000   45.0000 9126.8086   26.6335
    0.0000  -22.5000   45.0000 9541.7471   26.5668
    7.5000  -22.5000   45.0000 9154.3076   26.5500
   -7.5000  -15.0000   45.0000 9986.7979   26.5775
    0.0000  -15.0000   45.000010411.5244   26.5299
    7.5000  -15.0000   45.000010014.4248   26.5321
   -7.5000   -7.5000   45.000010875.2051   26.5714
    0.0000   -7.5000   45.000011330.1543   26.5393
    7.5000   -7.5000   45.000010887.7939   26.5414
   -7.5000    0.0000   45.000011690.2939   26.6142
    0.0000    0.0000   45.000012111.2236   26.5796
    7.5000    0.0000   45.000011665.5312   26.5637
   -7.5000    7.5000   45.000011526.1475   26.6693
    0.0000    7.5000   45.000011957.6875   26.6140
    7.5000    7.5000   45.000011520.2773   26.5785
   -7.5000   15.0000   45.000011239.9326   26.6822
    0.0000   15.0000   45.000011664.7979   26.6102
    7.5000   15.0000   45.000011194.9258   26.5735
   -7.5000   22.5000   45.000010984.8613   26.6207
    0.0000   22.5000   45.000011404.6553   26.5538
    7.5000   22.5000   45.000010923.0947   26.5370
   -7.5000   30.0000   45.000010469.3252   26.2311
    0.0000   30.0000   45.000010900.9131   26.1841
    7.5000   30.0000   45.000010424.4766   26.1863
   -7.5000   37.5000   45.000010169.8633   26.2252
    0.0000   37.5000   45.000010605.9258   26.1935
    7.5000   37.5000   45.000010108.8955   26.1956
   -7.5000   45.0000   45.0000 9435.7305   25.6647
    0.0000   45.0000   45.0000 9832.3135   25.6313
    7.5000   45.0000   45.0000 9382.8906   25.6160

---------------------------------------------------------------------
imgreg_4dfp /opt/freesurfer/average/711-2C_as_mni_average_305 /opt/freesurfer/average/711-2B_as_mni_average_305_mask talsrcimg_g11 none talsrcimg_to_711-2C_as_mni_average_305_t4 4355
---------------------------------------------------------------------

freesurfer imgreg_4dfp.c
/opt/freesurfer/average/711-2C_as_mni_average_305.4dfp.img
       256       256       256         1
  1.000000  1.000000  1.000000
orientation T byte_order littleendian
Reading image: /opt/freesurfer/average/711-2C_as_mni_average_305.4dfp.img
dimensions:      256       256       256
mmppix:       1.0000   -1.0000   -1.0000
center:     128.0000 -129.0000 -129.0000
/opt/freesurfer/average/711-2B_as_mni_average_305_mask.4dfp.img
       256       256       256         1
  1.000000  1.000000  1.000000
orientation T byte_order littleendian
Reading mask: /opt/freesurfer/average/711-2B_as_mni_average_305_mask.4dfp.img (2306576 pixels)
talsrcimg_g11.4dfp.img
       256       256       256         1
  1.000000  1.000000  1.000000
orientation T byte_order littleendian
Reading image: talsrcimg_g11.4dfp.img
dimensions:      256       256       256
mmppix:       1.0000   -1.0000   -1.0000
center:     128.0000 -129.0000 -129.0000
rotation matrix determinant  1.000000
image alignment mode   4355 decimal     1103 hex
   -7.5000  -37.5000  -37.5000 2112.1208   29.1653
    0.0000  -37.5000  -37.5000 2126.8877   29.0063
    7.5000  -37.5000  -37.5000 2108.4958   29.1842
   -7.5000  -30.0000  -37.5000 2215.5864   26.5618
    0.0000  -30.0000  -37.5000 2227.8525   26.3460
    7.5000  -30.0000  -37.5000 2206.4583   26.5525
   -7.5000  -22.5000  -37.5000 2301.5295   24.3409
    0.0000  -22.5000  -37.5000 2313.1826   24.1537
    7.5000  -22.5000  -37.5000 2288.8469   24.3888
   -7.5000  -15.0000  -37.5000 2366.7607   22.6615
    0.0000  -15.0000  -37.5000 2375.5903   22.5748
    7.5000  -15.0000  -37.5000 2354.0281   22.8378
   -7.5000   -7.5000  -37.5000 2402.2158   21.5829
    0.0000   -7.5000  -37.5000 2405.1062   21.5127
    7.5000   -7.5000  -37.5000 2382.3127   21.8631
   -7.5000    0.0000  -37.5000 2409.8496   21.0337
    0.0000    0.0000  -37.5000 2421.0405   20.9599
    7.5000    0.0000  -37.5000 2390.6885   21.2922
   -7.5000    7.5000  -37.5000 2402.5845   20.8466
    0.0000    7.5000  -37.5000 2415.4314   20.7716
    7.5000    7.5000  -37.5000 2394.2646   21.1619
   -7.5000   15.0000  -37.5000 2394.8245   21.0204
    0.0000   15.0000  -37.5000 2403.3577   20.9290
    7.5000   15.0000  -37.5000 2381.7124   21.2987
   -7.5000   22.5000  -37.5000 2378.4087   21.6071
    0.0000   22.5000  -37.5000 2389.1575   21.5655
    7.5000   22.5000  -37.5000 2360.8687   21.8407
   -7.5000   30.0000  -37.5000 2340.0366   22.4819
    0.0000   30.0000  -37.5000 2348.1167   22.3379
    7.5000   30.0000  -37.5000 2318.2979   22.7035
   -7.5000   37.5000  -37.5000 2282.3357   23.6603
    0.0000   37.5000  -37.5000 2291.9519   23.5573
    7.5000   37.5000  -37.5000 2263.3281   23.8899
   -7.5000   45.0000  -37.5000 2198.5894   25.2262
    0.0000   45.0000  -37.5000 2205.0728   25.0906
    7.5000   45.0000  -37.5000 2173.3301   25.4248
   -7.5000   52.5000  -37.5000 2087.4912   27.1097
    0.0000   52.5000  -37.5000 2089.7363   27.0243
    7.5000   52.5000  -37.5000 2058.7742   27.4115
   -7.5000  -37.5000  -30.0000 2220.9849   28.5424
    0.0000  -37.5000  -30.0000 2232.9602   28.3280
    7.5000  -37.5000  -30.0000 2209.9128   28.5597
   -7.5000  -30.0000  -30.0000 2333.4956   25.9157
    0.0000  -30.0000  -30.0000 2346.9922   25.6994
    7.5000  -30.0000  -30.0000 2317.4233   25.9391
   -7.5000  -22.5000  -30.0000 2429.0647   23.7124
    0.0000  -22.5000  -30.0000 2443.4980   23.5015
    7.5000  -22.5000  -30.0000 2412.0164   23.8023
   -7.5000  -15.0000  -30.0000 2505.4844   22.0303
    0.0000  -15.0000  -30.0000 2518.1560   21.8902
    7.5000  -15.0000  -30.0000 2483.2751   22.1583
   -7.5000   -7.5000  -30.0000 2541.0950   20.8145
    0.0000   -7.5000  -30.0000 2549.6887   20.7205
    7.5000   -7.5000  -30.0000 2520.5701   21.0433
   -7.5000    0.0000  -30.0000 2552.4702   20.1769
    0.0000    0.0000  -30.0000 2563.8330   20.0890
    7.5000    0.0000  -30.0000 2536.3193   20.4409
   -7.5000    7.5000  -30.0000 2552.6006   19.9628
    0.0000    7.5000  -30.0000 2562.5688   19.8564
    7.5000    7.5000  -30.0000 2542.8635   20.2273
   -7.5000   15.0000  -30.0000 2539.9458   20.1459
    0.0000   15.0000  -30.0000 2550.1807   20.0336
    7.5000   15.0000  -30.0000 2522.2744   20.3304
   -7.5000   22.5000  -30.0000 2523.4028   20.6943
    0.0000   22.5000  -30.0000 2533.7974   20.6415
    7.5000   22.5000  -30.0000 2499.2454   20.8821
   -7.5000   30.0000  -30.0000 2480.9287   21.5438
    0.0000   30.0000  -30.0000 2486.8330   21.3986
    7.5000   30.0000  -30.0000 2454.9197   21.6966
   -7.5000   37.5000  -30.0000 2425.8464   22.6213
    0.0000   37.5000  -30.0000 2431.2136   22.5197
    7.5000   37.5000  -30.0000 2399.3350   22.7857
   -7.5000   45.0000  -30.0000 2337.1958   24.0810
    0.0000   45.0000  -30.0000 2340.7307   23.9858
    7.5000   45.0000  -30.0000 2307.2146   24.3166
   -7.5000   52.5000  -30.0000 2216.6602   25.9565
    0.0000   52.5000  -30.0000 2220.7822   25.8293
    7.5000   52.5000  -30.0000 2185.3296   26.2351
   -7.5000  -37.5000  -22.5000 2295.1189   27.6826
    0.0000  -37.5000  -22.5000 2305.8584   27.4746
    7.5000  -37.5000  -22.5000 2289.3250   27.7683
   -7.5000  -30.0000  -22.5000 2419.3713   25.0439
    0.0000  -30.0000  -22.5000 2427.6060   24.8762
    7.5000  -30.0000  -22.5000 2400.1750   25.1267
   -7.5000  -22.5000  -22.5000 2522.2185   22.8676
    0.0000  -22.5000  -22.5000 2535.5974   22.7124
    7.5000  -22.5000  -22.5000 2502.5859   23.0139
   -7.5000  -15.0000  -22.5000 2594.5149   21.1750
    0.0000  -15.0000  -22.5000 2609.2021   21.0293
    7.5000  -15.0000  -22.5000 2582.4053   21.3068
   -7.5000   -7.5000  -22.5000 2638.6316   19.9516
    0.0000   -7.5000  -22.5000 2650.4009   19.8031
    7.5000   -7.5000  -22.5000 2632.1672   20.1293
   -7.5000    0.0000  -22.5000 2657.2908   19.2147
    0.0000    0.0000  -22.5000 2672.4551   19.1008
    7.5000    0.0000  -22.5000 2650.8877   19.4980
   -7.5000    7.5000  -22.5000 2666.0010   18.8794
    0.0000    7.5000  -22.5000 2676.3101   18.7633
    7.5000    7.5000  -22.5000 2656.1355   19.1395
   -7.5000   15.0000  -22.5000 2655.7214   19.0350
    0.0000   15.0000  -22.5000 2666.9680   18.8973
    7.5000   15.0000  -22.5000 2637.5496   19.2460
   -7.5000   22.5000  -22.5000 2643.3521   19.5778
    0.0000   22.5000  -22.5000 2654.9888   19.4735
    7.5000   22.5000  -22.5000 2617.3157   19.7743
   -7.5000   30.0000  -22.5000 2599.1519   20.3999
    0.0000   30.0000  -22.5000 2609.9404   20.2691
    7.5000   30.0000  -22.5000 2574.5740   20.5774
   -7.5000   37.5000  -22.5000 2536.6685   21.4392
    0.0000   37.5000  -22.5000 2546.3042   21.3181
    7.5000   37.5000  -22.5000 2516.1035   21.6293
   -7.5000   45.0000  -22.5000 2443.0750   22.8276
    0.0000   45.0000  -22.5000 2450.6323   22.7388
    7.5000   45.0000  -22.5000 2420.6599   23.0827
   -7.5000   52.5000  -22.5000 2316.4790   24.6378
    0.0000   52.5000  -22.5000 2322.6045   24.4930
    7.5000   52.5000  -22.5000 2288.4006   24.8671
   -7.5000  -37.5000  -15.0000 2336.7739   26.9110
    0.0000  -37.5000  -15.0000 2349.5737   26.6664
    7.5000  -37.5000  -15.0000 2332.7273   26.9626
   -7.5000  -30.0000  -15.0000 2457.0088   24.3245
    0.0000  -30.0000  -15.0000 2469.4016   24.0753
    7.5000  -30.0000  -15.0000 2449.0093   24.3352
   -7.5000  -22.5000  -15.0000 2562.9778   22.1081
    0.0000  -22.5000  -15.0000 2580.3533   21.8986
    7.5000  -22.5000  -15.0000 2554.9099   22.1984
   -7.5000  -15.0000  -15.0000 2645.4050   20.3726
    0.0000  -15.0000  -15.0000 2662.2092   20.1748
    7.5000  -15.0000  -15.0000 2638.4783   20.4811
   -7.5000   -7.5000  -15.0000 2703.9448   19.1744
    0.0000   -7.5000  -15.0000 2722.8462   19.0304
    7.5000   -7.5000  -15.0000 2698.6484   19.2765
   -7.5000    0.0000  -15.0000 2729.9971   18.3381
    0.0000    0.0000  -15.0000 2749.0286   18.2192
    7.5000    0.0000  -15.0000 2726.1846   18.5754
   -7.5000    7.5000  -15.0000 2745.4143   17.8032
    0.0000    7.5000  -15.0000 2755.8286   17.7455
    7.5000    7.5000  -15.0000 2738.9790   18.1934
   -7.5000   15.0000  -15.0000 2734.5212   17.8465
    0.0000   15.0000  -15.0000 2745.5576   17.7790
    7.5000   15.0000  -15.0000 2718.1826   18.2187
   -7.5000   22.5000  -15.0000 2725.6997   18.4348
    0.0000   22.5000  -15.0000 2740.6724   18.3363
    7.5000   22.5000  -15.0000 2702.1641   18.6712
   -7.5000   30.0000  -15.0000 2681.2480   19.2744
    0.0000   30.0000  -15.0000 2698.0745   19.1411
    7.5000   30.0000  -15.0000 2663.9814   19.4279
   -7.5000   37.5000  -15.0000 2615.2476   20.2751
    0.0000   37.5000  -15.0000 2626.2495   20.1419
    7.5000   37.5000  -15.0000 2602.6296   20.4688
   -7.5000   45.0000  -15.0000 2524.1233   21.6541
    0.0000   45.0000  -15.0000 2527.0039   21.5558
    7.5000   45.0000  -15.0000 2500.9375   21.9354
   -7.5000   52.5000  -15.0000 2393.2373   23.3841
    0.0000   52.5000  -15.0000 2398.3914   23.2334
    7.5000   52.5000  -15.0000 2364.6565   23.6073
   -7.5000  -37.5000   -7.5000 2356.5525   26.2032
    0.0000  -37.5000   -7.5000 2373.2102   25.9707
    7.5000  -37.5000   -7.5000 2351.8374   26.2672
   -7.5000  -30.0000   -7.5000 2474.6318   23.6328
    0.0000  -30.0000   -7.5000 2489.6621   23.3431
    7.5000  -30.0000   -7.5000 2465.8472   23.6113
   -7.5000  -22.5000   -7.5000 2580.9050   21.4280
    0.0000  -22.5000   -7.5000 2596.3782   21.1527
    7.5000  -22.5000   -7.5000 2571.6150   21.4430
   -7.5000  -15.0000   -7.5000 2679.6985   19.7363
    0.0000  -15.0000   -7.5000 2690.1963   19.4869
    7.5000  -15.0000   -7.5000 2666.0381   19.7517
   -7.5000   -7.5000   -7.5000 2751.1824   18.5059
    0.0000   -7.5000   -7.5000 2767.9856   18.2933
    7.5000   -7.5000   -7.5000 2745.0105   18.5372
   -7.5000    0.0000   -7.5000 2795.5461   17.6358
    0.0000    0.0000   -7.5000 2815.4619   17.4648
    7.5000    0.0000   -7.5000 2789.1116   17.7973
   -7.5000    7.5000   -7.5000 2813.1143   16.9944
    0.0000    7.5000   -7.5000 2829.0898   16.9976
    7.5000    7.5000   -7.5000 2814.5808   17.4904
   -7.5000   15.0000   -7.5000 2797.2217   16.8431
    0.0000   15.0000   -7.5000 2803.7146   16.7725
    7.5000   15.0000   -7.5000 2792.3025   17.4020
   -7.5000   22.5000   -7.5000 2786.5083   17.3745
    0.0000   22.5000   -7.5000 2796.8159   17.2388
    7.5000   22.5000   -7.5000 2766.0930   17.6993
   -7.5000   30.0000   -7.5000 2740.6641   18.2031
    0.0000   30.0000   -7.5000 2757.0251   18.0657
    7.5000   30.0000   -7.5000 2730.1782   18.4603
   -7.5000   37.5000   -7.5000 2670.7568   19.2613
    0.0000   37.5000   -7.5000 2684.8367   19.1349
    7.5000   37.5000   -7.5000 2667.0374   19.5489
   -7.5000   45.0000   -7.5000 2579.7458   20.6546
    0.0000   45.0000   -7.5000 2584.1533   20.5128
    7.5000   45.0000   -7.5000 2561.3354   20.9721
   -7.5000   52.5000   -7.5000 2449.3550   22.3763
    0.0000   52.5000   -7.5000 2454.5283   22.2604
    7.5000   52.5000   -7.5000 2424.3372   22.6970
   -7.5000  -37.5000    0.0000 2366.5579   25.8539
    0.0000  -37.5000    0.0000 2376.3413   25.4811
    7.5000  -37.5000    0.0000 2361.9639   25.8977
   -7.5000  -30.0000    0.0000 2474.8892   23.1954
    0.0000  -30.0000    0.0000 2488.4487   22.8727
    7.5000  -30.0000    0.0000 2467.6318   23.1929
   -7.5000  -22.5000    0.0000 2584.9150   21.0674
    0.0000  -22.5000    0.0000 2597.3936   20.7480
    7.5000  -22.5000    0.0000 2575.6174   21.0378
   -7.5000  -15.0000    0.0000 2683.4541   19.3566
    0.0000  -15.0000    0.0000 2702.3374   19.0700
    7.5000  -15.0000    0.0000 2680.1956   19.3116
   -7.5000   -7.5000    0.0000 2770.4983   18.1363
    0.0000   -7.5000    0.0000 2790.5137   17.8410
    7.5000   -7.5000    0.0000 2769.5417   18.0427
   -7.5000    0.0000    0.0000 2838.9470   17.3230
    0.0000    0.0000    0.0000 2862.8977   17.0541
    7.5000    0.0000    0.0000 2838.7722   17.2453
   -7.5000    7.5000    0.0000 2876.2998   16.7608
    0.0000    7.5000    0.0000 2908.3376   16.6712
    7.5000    7.5000    0.0000 2877.9675   16.9774
   -7.5000   15.0000    0.0000 2853.6375   16.4010
    0.0000   15.0000    0.0000 2869.6455   16.3422
    7.5000   15.0000    0.0000 2859.2173   16.9985
   -7.5000   22.5000    0.0000 2826.5586   16.7219
    0.0000   22.5000    0.0000 2839.3816   16.5724
    7.5000   22.5000    0.0000 2806.5503   17.0935
   -7.5000   30.0000    0.0000 2773.7014   17.4597
    0.0000   30.0000    0.0000 2796.1990   17.3167
    7.5000   30.0000    0.0000 2763.2229   17.7939
   -7.5000   37.5000    0.0000 2712.3213   18.5653
    0.0000   37.5000    0.0000 2726.5447   18.4447
    7.5000   37.5000    0.0000 2698.0530   18.8465
   -7.5000   45.0000    0.0000 2619.4873   20.0720
    0.0000   45.0000    0.0000 2628.9688   19.9414
    7.5000   45.0000    0.0000 2596.0977   20.3123
   -7.5000   52.5000    0.0000 2485.9753   21.8603
    0.0000   52.5000    0.0000 2495.0974   21.7335
    7.5000   52.5000    0.0000 2460.2151   22.0896
   -7.5000  -37.5000    7.5000 2347.3994   25.7204
    0.0000  -37.5000    7.5000 2365.7019   25.3841
    7.5000  -37.5000    7.5000 2349.3984   25.6982
   -7.5000  -30.0000    7.5000 2457.2729   23.0677
    0.0000  -30.0000    7.5000 2470.9150   22.7110
    7.5000  -30.0000    7.5000 2458.2322   23.0389
   -7.5000  -22.5000    7.5000 2571.3132   20.8773
    0.0000  -22.5000    7.5000 2586.5479   20.6217
    7.5000  -22.5000    7.5000 2568.4329   20.8776
   -7.5000  -15.0000    7.5000 2670.6189   19.1659
    0.0000  -15.0000    7.5000 2691.6626   18.9205
    7.5000  -15.0000    7.5000 2679.5103   19.1746
   -7.5000   -7.5000    7.5000 2765.3267   18.0016
    0.0000   -7.5000    7.5000 2789.7859   17.7348
    7.5000   -7.5000    7.5000 2776.6118   17.9522
   -7.5000    0.0000    7.5000 2853.4587   17.2853
    0.0000    0.0000    7.5000 2879.2444   16.9789
    7.5000    0.0000    7.5000 2861.8838   17.1069
   -7.5000    7.5000    7.5000 2923.4807   16.9491
    0.0000    7.5000    7.5000 2959.8518   16.7761
    7.5000    7.5000    7.5000 2921.8740   16.8421
   -7.5000   15.0000    7.5000 2918.4268   16.6236
    0.0000   15.0000    7.5000 2952.9006   16.5230
    7.5000   15.0000    7.5000 2922.6714   16.9101
   -7.5000   22.5000    7.5000 2851.6121   16.5324
    0.0000   22.5000    7.5000 2887.0366   16.4679
    7.5000   22.5000    7.5000 2850.5635   16.9284
   -7.5000   30.0000    7.5000 2797.3425   17.1501
    0.0000   30.0000    7.5000 2817.4338   16.9927
    7.5000   30.0000    7.5000 2783.1021   17.4272
   -7.5000   37.5000    7.5000 2726.6484   18.2462
    0.0000   37.5000    7.5000 2744.2090   18.0641
    7.5000   37.5000    7.5000 2709.0166   18.4396
   -7.5000   45.0000    7.5000 2633.6558   19.7968
    0.0000   45.0000    7.5000 2642.4045   19.6097
    7.5000   45.0000    7.5000 2611.2871   19.9306
   -7.5000   52.5000    7.5000 2501.2388   21.6057
    0.0000   52.5000    7.5000 2504.5903   21.4378
    7.5000   52.5000    7.5000 2472.6106   21.6863
   -7.5000  -37.5000   15.0000 2316.2188   26.0853
    0.0000  -37.5000   15.0000 2336.3220   25.6994
    7.5000  -37.5000   15.0000 2326.3152   26.0994
   -7.5000  -30.0000   15.0000 2422.9153   23.3095
    0.0000  -30.0000   15.0000 2441.2712   22.9429
    7.5000  -30.0000   15.0000 2443.7185   23.3924
   -7.5000  -22.5000   15.0000 2532.8315   21.0967
    0.0000  -22.5000   15.0000 2556.4778   20.8146
    7.5000  -22.5000   15.0000 2559.3442   21.1652
   -7.5000  -15.0000   15.0000 2641.4199   19.4574
    0.0000  -15.0000   15.0000 2675.6101   19.2070
    7.5000  -15.0000   15.0000 2672.2759   19.4680
   -7.5000   -7.5000   15.0000 2749.4036   18.2846
    0.0000   -7.5000   15.0000 2781.7075   18.1025
    7.5000   -7.5000   15.0000 2772.7610   18.2100
   -7.5000    0.0000   15.0000 2854.7256   17.6354
    0.0000    0.0000   15.0000 2884.3499   17.3860
    7.5000    0.0000   15.0000 2856.6506   17.3375
   -7.5000    7.5000   15.0000 2942.5864   17.2870
    0.0000    7.5000   15.0000 2979.7629   17.1350
    7.5000    7.5000   15.0000 2921.7280   17.0078
   -7.5000   15.0000   15.0000 2935.0952   16.8901
    0.0000   15.0000   15.0000 2962.0840   16.6480
    7.5000   15.0000   15.0000 2916.9414   16.9150
   -7.5000   22.5000   15.0000 2878.1436   16.9031
    0.0000   22.5000   15.0000 2899.9019   16.6733
    7.5000   22.5000   15.0000 2851.9202   17.0100
   -7.5000   30.0000   15.0000 2805.1433   17.4052
    0.0000   30.0000   15.0000 2835.3022   17.2395
    7.5000   30.0000   15.0000 2790.0403   17.5617
   -7.5000   37.5000   15.0000 2723.1768   18.3340
    0.0000   37.5000   15.0000 2741.0571   18.2000
    7.5000   37.5000   15.0000 2716.4568   18.5526
   -7.5000   45.0000   15.0000 2620.2661   19.7316
    0.0000   45.0000   15.0000 2626.3318   19.5676
    7.5000   45.0000   15.0000 2608.9949   19.9240
   -7.5000   52.5000   15.0000 2482.3186   21.5294
    0.0000   52.5000   15.0000 2488.2112   21.3486
    7.5000   52.5000   15.0000 2466.3516   21.6716
   -7.5000  -37.5000   22.5000 2281.3945   26.9003
    0.0000  -37.5000   22.5000 2301.7151   26.4906
    7.5000  -37.5000   22.5000 2308.3093   26.9169
   -7.5000  -30.0000   22.5000 2393.4648   24.1111
    0.0000  -30.0000   22.5000 2423.0063   23.7714
    7.5000  -30.0000   22.5000 2423.2305   24.0992
   -7.5000  -22.5000   22.5000 2509.7976   22.0081
    0.0000  -22.5000   22.5000 2537.4285   21.6473
    7.5000  -22.5000   22.5000 2535.9072   21.8466
   -7.5000  -15.0000   22.5000 2627.4043   20.3341
    0.0000  -15.0000   22.5000 2661.2759   20.0003
    7.5000  -15.0000   22.5000 2649.5388   20.1316
   -7.5000   -7.5000   22.5000 2737.0393   19.0365
    0.0000   -7.5000   22.5000 2761.1670   18.7463
    7.5000   -7.5000   22.5000 2748.2766   18.7693
   -7.5000    0.0000   22.5000 2829.8655   18.2179
    0.0000    0.0000   22.5000 2853.3555   17.8964
    7.5000    0.0000   22.5000 2830.9060   17.8577
   -7.5000    7.5000   22.5000 2892.6956   17.5307
    0.0000    7.5000   22.5000 2921.2190   17.3039
    7.5000    7.5000   22.5000 2883.8589   17.4155
   -7.5000   15.0000   22.5000 2889.1064   16.9902
    0.0000   15.0000   22.5000 2898.4351   16.6396
    7.5000   15.0000   22.5000 2876.0591   17.1210
   -7.5000   22.5000   22.5000 2866.2432   17.2964
    0.0000   22.5000   22.5000 2890.0037   17.0338
    7.5000   22.5000   22.5000 2835.7722   17.3204
   -7.5000   30.0000   22.5000 2802.0625   17.9992
    0.0000   30.0000   22.5000 2829.4246   17.8179
    7.5000   30.0000   22.5000 2783.3777   18.0776
   -7.5000   37.5000   22.5000 2710.0918   19.0453
    0.0000   37.5000   22.5000 2729.9597   18.8768
    7.5000   37.5000   22.5000 2698.8384   19.1545
   -7.5000   45.0000   22.5000 2590.6375   20.4345
    0.0000   45.0000   22.5000 2601.9114   20.3036
    7.5000   45.0000   22.5000 2581.9287   20.5843
   -7.5000   52.5000   22.5000 2453.4482   22.0266
    0.0000   52.5000   22.5000 2460.0305   21.9057
    7.5000   52.5000   22.5000 2439.0793   22.1992
   -7.5000  -37.5000   30.0000 2249.4617   28.3050
    0.0000  -37.5000   30.0000 2273.1233   27.9125
    7.5000  -37.5000   30.0000 2267.4500   28.1456
   -7.5000  -30.0000   30.0000 2369.9387   25.3936
    0.0000  -30.0000   30.0000 2395.9932   24.9521
    7.5000  -30.0000   30.0000 2382.6611   25.1576
   -7.5000  -22.5000   30.0000 2483.5989   23.0599
    0.0000  -22.5000   30.0000 2506.9890   22.5804
    7.5000  -22.5000   30.0000 2492.2932   22.7864
   -7.5000  -15.0000   30.0000 2592.4871   21.1823
    0.0000  -15.0000   30.0000 2619.6543   20.7569
    7.5000  -15.0000   30.0000 2604.4031   20.9127
   -7.5000   -7.5000   30.0000 2688.7771   19.7505
    0.0000   -7.5000   30.0000 2711.8440   19.3808
    7.5000   -7.5000   30.0000 2702.6697   19.4921
   -7.5000    0.0000   30.0000 2775.5930   18.8280
    0.0000    0.0000   30.0000 2801.9700   18.4483
    7.5000    0.0000   30.0000 2782.0127   18.5767
   -7.5000    7.5000   30.0000 2821.0078   18.0124
    0.0000    7.5000   30.0000 2842.1943   17.6510
    7.5000    7.5000   30.0000 2828.4912   18.0775
   -7.5000   15.0000   30.0000 2833.5659   17.5860
    0.0000   15.0000   30.0000 2847.3286   17.2671
    7.5000   15.0000   30.0000 2824.1355   17.6441
   -7.5000   22.5000   30.0000 2823.6646   18.0001
    0.0000   22.5000   30.0000 2839.9922   17.7264
    7.5000   22.5000   30.0000 2802.2551   17.9766
   -7.5000   30.0000   30.0000 2758.3325   18.6564
    0.0000   30.0000   30.0000 2777.3438   18.4597
    7.5000   30.0000   30.0000 2745.3513   18.7282
   -7.5000   37.5000   30.0000 2672.6370   19.7573
    0.0000   37.5000   30.0000 2684.7507   19.5552
    7.5000   37.5000   30.0000 2661.5999   19.8403
   -7.5000   45.0000   30.0000 2549.1963   21.2288
    0.0000   45.0000   30.0000 2567.2173   21.0866
    7.5000   45.0000   30.0000 2544.9172   21.3689
   -7.5000   52.5000   30.0000 2414.9243   22.9094
    0.0000   52.5000   30.0000 2428.5002   22.7989
    7.5000   52.5000   30.0000 2404.7703   23.0597
   -7.5000  -37.5000   37.5000 2210.4626   29.7752
    0.0000  -37.5000   37.5000 2233.4578   29.2162
    7.5000  -37.5000   37.5000 2222.8406   29.4064
   -7.5000  -30.0000   37.5000 2328.6143   26.5589
    0.0000  -30.0000   37.5000 2354.7144   26.0403
    7.5000  -30.0000   37.5000 2340.0581   26.2609
   -7.5000  -22.5000   37.5000 2436.8008   24.0684
    0.0000  -22.5000   37.5000 2462.0132   23.5129
    7.5000  -22.5000   37.5000 2447.6255   23.7897
   -7.5000  -15.0000   37.5000 2541.8755   22.1129
    0.0000  -15.0000   37.5000 2570.5322   21.6054
    7.5000  -15.0000   37.5000 2558.4160   21.8819
   -7.5000   -7.5000   37.5000 2645.1782   20.6328
    0.0000   -7.5000   37.5000 2664.8828   20.1915
    7.5000   -7.5000   37.5000 2655.6399   20.4312
   -7.5000    0.0000   37.5000 2721.8188   19.5964
    0.0000    0.0000   37.5000 2747.1162   19.1599
    7.5000    0.0000   37.5000 2726.2903   19.4867
   -7.5000    7.5000   37.5000 2758.2322   18.7497
    0.0000    7.5000   37.5000 2772.6448   18.4067
    7.5000    7.5000   37.5000 2756.9089   18.8347
   -7.5000   15.0000   37.5000 2759.4526   18.4780
    0.0000   15.0000   37.5000 2778.4912   18.1523
    7.5000   15.0000   37.5000 2754.4072   18.4906
   -7.5000   22.5000   37.5000 2756.4910   18.8797
    0.0000   22.5000   37.5000 2773.0938   18.5895
    7.5000   22.5000   37.5000 2741.3604   18.8511
   -7.5000   30.0000   37.5000 2690.3940   19.5510
    0.0000   30.0000   37.5000 2710.1182   19.3603
    7.5000   30.0000   37.5000 2682.4829   19.6288
   -7.5000   37.5000   37.5000 2612.3242   20.6784
    0.0000   37.5000   37.5000 2628.8689   20.4777
    7.5000   37.5000   37.5000 2603.0574   20.7481
   -7.5000   45.0000   37.5000 2505.0027   22.1610
    0.0000   45.0000   37.5000 2522.5845   21.9699
    7.5000   45.0000   37.5000 2496.3511   22.2431
   -7.5000   52.5000   37.5000 2377.9441   23.9107
    0.0000   52.5000   37.5000 2394.7324   23.7410
    7.5000   52.5000   37.5000 2371.3882   24.0047
   -7.5000  -37.5000   45.0000 2156.7549   31.2198
    0.0000  -37.5000   45.0000 2187.8262   30.6254
    7.5000  -37.5000   45.0000 2178.4060   30.9050
   -7.5000  -30.0000   45.0000 2277.5715   27.8486
    0.0000  -30.0000   45.0000 2311.0967   27.2843
    7.5000  -30.0000   45.0000 2295.5686   27.6648
   -7.5000  -22.5000   45.0000 2382.4497   25.2359
    0.0000  -22.5000   45.0000 2414.7759   24.6877
    7.5000  -22.5000   45.0000 2398.5569   25.0668
   -7.5000  -15.0000   45.0000 2487.4619   23.2655
    0.0000  -15.0000   45.0000 2511.9495   22.7562
    7.5000  -15.0000   45.0000 2500.5972   23.0759
   -7.5000   -7.5000   45.0000 2584.5178   21.7551
    0.0000   -7.5000   45.0000 2603.8848   21.2762
    7.5000   -7.5000   45.0000 2590.3857   21.6032
   -7.5000    0.0000   45.0000 2649.5664   20.6202
    0.0000    0.0000   45.0000 2668.3147   20.1661
    7.5000    0.0000   45.0000 2648.8840   20.5714
   -7.5000    7.5000   45.0000 2685.4265   19.8172
    0.0000    7.5000   45.0000 2700.8010   19.5301
    7.5000    7.5000   45.0000 2679.9807   19.8295
   -7.5000   15.0000   45.0000 2677.4529   19.6012
    0.0000   15.0000   45.0000 2696.1226   19.2506
    7.5000   15.0000   45.0000 2670.7847   19.5692
   -7.5000   22.5000   45.0000 2669.8669   20.0201
    0.0000   22.5000   45.0000 2681.9294   19.6725
    7.5000   22.5000   45.0000 2655.0813   19.9336
   -7.5000   30.0000   45.0000 2611.4604   20.6729
    0.0000   30.0000   45.0000 2633.9424   20.4675
    7.5000   30.0000   45.0000 2605.7549   20.7211
   -7.5000   37.5000   45.0000 2538.2290   21.7616
    0.0000   37.5000   45.0000 2562.2085   21.5498
    7.5000   37.5000   45.0000 2528.4800   21.8309
   -7.5000   45.0000   45.0000 2439.4475   23.2416
    0.0000   45.0000   45.0000 2453.5237   23.0318
    7.5000   45.0000   45.0000 2430.5593   23.2682
   -7.5000   52.5000   45.0000 2313.0276   24.8812
    0.0000   52.5000   45.0000 2324.3711   24.7575
    7.5000   52.5000   45.0000 2309.6731   25.0245
   -7.5000  -37.5000   52.5000 2099.4238   33.1050
    0.0000  -37.5000   52.5000 2123.5496   32.4824
    7.5000  -37.5000   52.5000 2117.4956   32.7928
   -7.5000  -30.0000   52.5000 2219.4004   29.4704
    0.0000  -30.0000   52.5000 2251.9719   28.9766
    7.5000  -30.0000   52.5000 2235.6279   29.3095
   -7.5000  -22.5000   52.5000 2323.0911   26.7022
    0.0000  -22.5000   52.5000 2351.8184   26.1981
    7.5000  -22.5000   52.5000 2339.6694   26.5852
   -7.5000  -15.0000   52.5000 2422.1011   24.6805
    0.0000  -15.0000   52.5000 2451.5752   24.1746
    7.5000  -15.0000   52.5000 2434.9006   24.4911
   -7.5000   -7.5000   52.5000 2510.6851   23.1493
    0.0000   -7.5000   52.5000 2538.6147   22.6858
    7.5000   -7.5000   52.5000 2516.8958   23.0030
   -7.5000    0.0000   52.5000 2571.5422   22.0194
    0.0000    0.0000   52.5000 2589.9990   21.5893
    7.5000    0.0000   52.5000 2569.9829   21.9491
   -7.5000    7.5000   52.5000 2600.4236   21.2277
    0.0000    7.5000   52.5000 2614.3704   20.9102
    7.5000    7.5000   52.5000 2596.6316   21.1828
   -7.5000   15.0000   52.5000 2585.5710   21.0155
    0.0000   15.0000   52.5000 2606.3418   20.6533
    7.5000   15.0000   52.5000 2585.8879   20.9488
   -7.5000   22.5000   52.5000 2574.3218   21.3947
    0.0000   22.5000   52.5000 2583.9978   21.0279
    7.5000   22.5000   52.5000 2561.5791   21.2463
   -7.5000   30.0000   52.5000 2521.6736   22.0946
    0.0000   30.0000   52.5000 2540.4272   21.8802
    7.5000   30.0000   52.5000 2518.1562   22.0996
   -7.5000   37.5000   52.5000 2454.1943   23.1028
    0.0000   37.5000   52.5000 2480.2065   22.8605
    7.5000   37.5000   52.5000 2448.9302   23.1756
   -7.5000   45.0000   52.5000 2366.4973   24.5067
    0.0000   45.0000   52.5000 2386.2283   24.2299
    7.5000   45.0000   52.5000 2361.0986   24.4836
   -7.5000   52.5000   52.5000 2238.5964   26.2076
    0.0000   52.5000   52.5000 2254.2944   26.0374
    7.5000   52.5000   52.5000 2238.0901   26.2595

---------------------------------------------------------------------
imgreg_4dfp /opt/freesurfer/average/711-2C_as_mni_average_305 /opt/freesurfer/average/711-2B_as_mni_average_305_mask talsrcimg_g11 none talsrcimg_to_711-2C_as_mni_average_305_t4 1283
---------------------------------------------------------------------

freesurfer imgreg_4dfp.c
/opt/freesurfer/average/711-2C_as_mni_average_305.4dfp.img
       256       256       256         1
  1.000000  1.000000  1.000000
orientation T byte_order littleendian
Reading image: /opt/freesurfer/average/711-2C_as_mni_average_305.4dfp.img
dimensions:      256       256       256
mmppix:       1.0000   -1.0000   -1.0000
center:     128.0000 -129.0000 -129.0000
/opt/freesurfer/average/711-2B_as_mni_average_305_mask.4dfp.img
       256       256       256         1
  1.000000  1.000000  1.000000
orientation T byte_order littleendian
Reading mask: /opt/freesurfer/average/711-2B_as_mni_average_305_mask.4dfp.img (2306576 pixels)
talsrcimg_g11.4dfp.img
       256       256       256         1
  1.000000  1.000000  1.000000
orientation T byte_order littleendian
Reading image: talsrcimg_g11.4dfp.img
dimensions:      256       256       256
mmppix:       1.0000   -1.0000   -1.0000
center:     128.0000 -129.0000 -129.0000
rotation matrix determinant  1.000000
fimgreg.f
image alignment mode   1283 decimal      503 hex
parameters
    0.0000    7.5000   15.0000    0.0000    0.0000    0.0000
eta,q 0.93484 17.06653
niter,ni,del,rscale     5    3   12.0000    1.2000
parameter  6  0.550840 ->  0.500000 qaram    1.1500
parameters
   -2.2691   10.3340   12.2771   -1.4675   -0.3320   -3.4500
eta,q 0.94792 16.84339
  0.0687  0.0883  0.0589  0.0586  0.0603  0.0533
  0.0643  0.0806  0.0536  0.0568  0.0577  0.0521
  0.0620  0.0705  0.0536  0.0541  0.0547  0.0522
  0.0637  0.0619  0.0576  0.0527  0.0533  0.0535
  0.0706  0.0579  0.0615  0.0567  0.0539  0.0562
  0.0779  0.0585  0.0658  0.0629  0.0579  0.0596
  0.0814  0.0650  0.0723  0.0699  0.0634  0.0634
niter,ni,del,rscale     5    3   12.0000    1.2000
parameters
   -2.0822   10.9734   13.0004   -2.7825   -2.0573   -4.6552
eta,q 0.95060 16.97076
  0.0740  0.0778  0.0665  0.0546  0.0567  0.0555
  0.0629  0.0652  0.0599  0.0526  0.0508  0.0523
  0.0542  0.0558  0.0539  0.0523  0.0496  0.0498
  0.0521  0.0523  0.0524  0.0525  0.0523  0.0499
  0.0564  0.0545  0.0526  0.0527  0.0555  0.0527
  0.0632  0.0603  0.0551  0.0547  0.0596  0.0567
  0.0694  0.0681  0.0613  0.0599  0.0649  0.0597
niter,ni,del,rscale     4    3   12.0000    1.2000
parameters
   -1.5728   11.3742   12.7488   -3.1282   -2.3556   -4.8285
eta,q 0.95088 16.96258
  0.0756  0.0741  0.0623  0.0572  0.0614  0.0575
  0.0657  0.0633  0.0570  0.0518  0.0554  0.0531
  0.0556  0.0537  0.0524  0.0496  0.0499  0.0502
  0.0494  0.0494  0.0495  0.0497  0.0494  0.0492
  0.0530  0.0516  0.0509  0.0518  0.0532  0.0508
  0.0610  0.0593  0.0577  0.0543  0.0578  0.0543
  0.0685  0.0686  0.0662  0.0575  0.0624  0.0577
niter,ni,del,rscale     3    3   12.0000    1.2000
parameters
   -1.2955   11.5930   12.6224   -3.3272   -2.5837   -4.8604
eta,q 0.95074 16.95881
  0.0741  0.0726  0.0632  0.0576  0.0615  0.0579
  0.0641  0.0619  0.0578  0.0522  0.0560  0.0531
  0.0535  0.0526  0.0526  0.0497  0.0505  0.0502
  0.0491  0.0494  0.0494  0.0495  0.0494  0.0493
  0.0543  0.0525  0.0507  0.0516  0.0529  0.0509
  0.0621  0.0604  0.0575  0.0544  0.0578  0.0541
  0.0691  0.0689  0.0661  0.0570  0.0623  0.0572
niter,ni,del,rscale     2    3   12.0000    1.2000
parameters
   -1.1215   11.7120   12.5354   -3.4467   -2.7340   -4.8475
eta,q 0.95048 16.95317
  0.0733  0.0720  0.0638  0.0579  0.0617  0.0581
  0.0630  0.0612  0.0584  0.0525  0.0564  0.0532
  0.0523  0.0520  0.0529  0.0501  0.0511  0.0503
  0.0493  0.0495  0.0496  0.0496  0.0496  0.0495
  0.0551  0.0532  0.0509  0.0516  0.0528  0.0512
  0.0625  0.0610  0.0576  0.0545  0.0576  0.0542
  0.0690  0.0691  0.0663  0.0570  0.0622  0.0570
niter,ni,del,rscale     1    3   12.0000    1.2000
parameters
   -1.0192   11.7792   12.4800   -3.5252   -2.8376   -4.8295
eta,q 0.95028 16.94847
  0.0728  0.0717  0.0642  0.0580  0.0617  0.0581
  0.0623  0.0608  0.0587  0.0527  0.0566  0.0532
  0.0517  0.0519  0.0530  0.0502  0.0514  0.0503
  0.0495  0.0497  0.0497  0.0498  0.0498  0.0497
  0.0556  0.0537  0.0511  0.0516  0.0527  0.0515
  0.0628  0.0614  0.0578  0.0546  0.0574  0.0544
  0.0690  0.0693  0.0664  0.0570  0.0620  0.0569
registration optimization eta report
parameter search radius
    6.0000    6.0000    6.0000    6.0000    6.0000    6.9000
100000*second partial in parameter space
       56.       56.       42.       21.       32.       16.
  0.0728  0.0717  0.0642  0.0580  0.0617  0.0581
  0.0623  0.0608  0.0587  0.0527  0.0566  0.0532
  0.0517  0.0519  0.0530  0.0502  0.0514  0.0503
  0.0495  0.0497  0.0497  0.0498  0.0498  0.0497
  0.0556  0.0537  0.0511  0.0516  0.0527  0.0515
  0.0628  0.0614  0.0578  0.0546  0.0574  0.0544
  0.0690  0.0693  0.0664  0.0570  0.0620  0.0569
   -1.0192   11.7792   12.4800   -3.5252   -2.8376   -4.8295
eta,q 0.95028 16.94847

---------------------------------------------------------------------
imgreg_4dfp /opt/freesurfer/average/711-2C_as_mni_average_305 /opt/freesurfer/average/711-2B_as_mni_average_305_mask talsrcimg_g11 none talsrcimg_to_711-2C_as_mni_average_305_t4 3335
---------------------------------------------------------------------

freesurfer imgreg_4dfp.c
/opt/freesurfer/average/711-2C_as_mni_average_305.4dfp.img
       256       256       256         1
  1.000000  1.000000  1.000000
orientation T byte_order littleendian
Reading image: /opt/freesurfer/average/711-2C_as_mni_average_305.4dfp.img
dimensions:      256       256       256
mmppix:       1.0000   -1.0000   -1.0000
center:     128.0000 -129.0000 -129.0000
/opt/freesurfer/average/711-2B_as_mni_average_305_mask.4dfp.img
       256       256       256         1
  1.000000  1.000000  1.000000
orientation T byte_order littleendian
Reading mask: /opt/freesurfer/average/711-2B_as_mni_average_305_mask.4dfp.img (2306576 pixels)
talsrcimg_g11.4dfp.img
       256       256       256         1
  1.000000  1.000000  1.000000
orientation T byte_order littleendian
Reading image: talsrcimg_g11.4dfp.img
dimensions:      256       256       256
mmppix:       1.0000   -1.0000   -1.0000
center:     128.0000 -129.0000 -129.0000
fimgreg.f
image alignment mode   3335 decimal      D07 hex
parameters
   -1.0192   11.7792   12.4800   -0.4772   -0.5180   -0.3116
    8.0998    5.4414   -8.4088    5.7110   -4.9506   -6.1413
eta,q 0.94700 16.99962
niter,ni,del,rscale     5    3    5.0000    1.2000
parameter  4  1.192578 ->  0.500000 qaram    1.1500
parameter  5  0.990036 ->  0.500000 qaram    1.1500
parameters
   -1.0132   12.7278   12.5589   -4.6172   -4.6580   -3.1149
    4.9823    4.0844   -7.2260    5.4634   -2.2125   -5.7125
eta,q 0.95876 16.66743
  0.0556  0.0584  0.0551  0.0467  0.0408  0.0436  0.0427  0.0437  0.0445  0.0438  0.0429  0.0426
  0.0541  0.0561  0.0538  0.0477  0.0419  0.0428  0.0417  0.0420  0.0429  0.0424  0.0420  0.0418
  0.0533  0.0543  0.0529  0.0495  0.0440  0.0420  0.0415  0.0413  0.0419  0.0415  0.0415  0.0414
  0.0530  0.0530  0.0525  0.0525  0.0481  0.0423  0.0421  0.0415  0.0413  0.0413  0.0413  0.0412
  0.0532  0.0525  0.0527  0.0567  0.0543  0.0446  0.0435  0.0422  0.0413  0.0417  0.0412  0.0413
  0.0541  0.0528  0.0535  0.0619  0.0622  0.0489  0.0454  0.0438  0.0419  0.0426  0.0413  0.0416
  0.0556  0.0537  0.0548  0.0672  0.0710  0.0541  0.0475  0.0464  0.0429  0.0442  0.0414  0.0423
niter,ni,del,rscale     6    3    5.0000    1.2000
parameter  2 -1.172061 -> -0.500000 qaram    1.1500
parameter  3  0.568494 ->  0.500000 qaram    1.1500
parameter  5  0.538222 ->  0.500000 qaram    1.3225
parameter 10 -0.540072 -> -0.500000 qaram    1.1500
parameters
   -0.9116   14.1078   11.1789   -7.6019   -9.4190   -4.8634
    3.0081    3.9986   -7.6221    9.6034    1.2611   -8.7130
eta,q 0.96410 16.22972
  0.0438  0.0480  0.0389  0.0397  0.0373  0.0380  0.0379  0.0390  0.0385  0.0410  0.0373  0.0363
  0.0425  0.0454  0.0386  0.0387  0.0367  0.0376  0.0372  0.0378  0.0375  0.0393  0.0368  0.0360
  0.0416  0.0431  0.0387  0.0382  0.0368  0.0372  0.0369  0.0372  0.0370  0.0380  0.0365  0.0359
  0.0412  0.0412  0.0391  0.0386  0.0382  0.0367  0.0371  0.0369  0.0369  0.0369  0.0362  0.0362
  0.0414  0.0398  0.0397  0.0401  0.0421  0.0370  0.0376  0.0372  0.0373  0.0363  0.0362  0.0366
  0.0422  0.0388  0.0406  0.0431  0.0487  0.0389  0.0386  0.0379  0.0379  0.0363  0.0362  0.0371
  0.0434  0.0386  0.0417  0.0478  0.0570  0.0425  0.0398  0.0391  0.0388  0.0368  0.0363  0.0378
niter,ni,del,rscale     7    3    5.0000    1.2000
parameter  2 -2.504162 -> -0.500000 qaram    1.3225
parameter 10 -0.621036 -> -0.500000 qaram    1.3225
parameters
   -0.6659   15.6948   10.8423   -6.7829  -12.5988   -5.4001
    2.2808    3.9814   -8.3175   14.3644    1.1645  -10.9204
eta,q 0.97019 16.15810
  0.0380  0.0458  0.0328  0.0349  0.0332  0.0333  0.0329  0.0339  0.0328  0.0370  0.0309  0.0306
  0.0370  0.0424  0.0320  0.0336  0.0321  0.0325  0.0320  0.0325  0.0318  0.0349  0.0304  0.0300
  0.0362  0.0390  0.0315  0.0324  0.0312  0.0320  0.0315  0.0317  0.0314  0.0330  0.0301  0.0298
  0.0359  0.0359  0.0314  0.0314  0.0312  0.0312  0.0314  0.0314  0.0314  0.0313  0.0300  0.0300
  0.0360  0.0331  0.0318  0.0311  0.0331  0.0309  0.0318  0.0316  0.0317  0.0302  0.0301  0.0305
  0.0364  0.0309  0.0325  0.0320  0.0383  0.0322  0.0325  0.0324  0.0324  0.0300  0.0304  0.0313
  0.0373  0.0293  0.0336  0.0343  0.0469  0.0353  0.0336  0.0341  0.0333  0.0309  0.0310  0.0322
niter,ni,del,rscale     7    3    5.0000    1.2000
parameter  2 -1.447997 -> -0.500000 qaram    1.5209
parameters
   -0.7540   17.5199   10.3424   -6.6555  -14.7681   -5.6794
    2.6195    3.4717   -6.9115   17.2864   -0.2015  -14.0026
eta,q 0.97575 16.14037
  0.0320  0.0421  0.0268  0.0286  0.0287  0.0285  0.0281  0.0285  0.0287  0.0333  0.0252  0.0249
  0.0308  0.0379  0.0258  0.0273  0.0272  0.0275  0.0267  0.0268  0.0271  0.0303  0.0248  0.0244
  0.0300  0.0336  0.0253  0.0262  0.0258  0.0266  0.0259  0.0259  0.0261  0.0277  0.0246  0.0243
  0.0298  0.0298  0.0253  0.0252  0.0252  0.0255  0.0256  0.0256  0.0256  0.0256  0.0246  0.0246
  0.0301  0.0269  0.0259  0.0251  0.0263  0.0253  0.0258  0.0261  0.0256  0.0246  0.0248  0.0252
  0.0310  0.0249  0.0270  0.0264  0.0304  0.0269  0.0265  0.0273  0.0261  0.0255  0.0253  0.0262
  0.0323  0.0240  0.0284  0.0292  0.0381  0.0303  0.0276  0.0296  0.0269  0.0279  0.0261  0.0273
niter,ni,del,rscale     7    3    5.0000    1.2000
parameter  2 -0.558598 -> -0.500000 qaram    1.7490
parameters
   -0.8845   19.6187    9.9830   -6.8286  -15.7131   -5.2160
    2.4375    3.1755   -5.7257   17.9456   -1.5448  -17.4904
eta,q 0.97815 16.23651
  0.0268  0.0371  0.0239  0.0255  0.0281  0.0264  0.0250  0.0260  0.0257  0.0295  0.0227  0.0222
  0.0254  0.0322  0.0229  0.0242  0.0258  0.0252  0.0236  0.0238  0.0240  0.0265  0.0223  0.0219
  0.0245  0.0277  0.0223  0.0230  0.0238  0.0240  0.0227  0.0227  0.0229  0.0240  0.0221  0.0219
  0.0242  0.0242  0.0222  0.0222  0.0222  0.0226  0.0224  0.0224  0.0224  0.0223  0.0222  0.0221
  0.0247  0.0224  0.0227  0.0222  0.0221  0.0221  0.0228  0.0229  0.0224  0.0223  0.0223  0.0227
  0.0257  0.0224  0.0237  0.0236  0.0258  0.0234  0.0238  0.0243  0.0229  0.0244  0.0227  0.0236
  0.0274  0.0239  0.0251  0.0267  0.0344  0.0267  0.0253  0.0267  0.0240  0.0286  0.0233  0.0247
niter,ni,del,rscale     7    3    5.0000    1.2000
parameters
   -0.9477   19.6978    9.5602   -6.4193  -15.5690   -4.8871
    2.1861    3.2768   -5.4795   18.3455   -1.7051  -18.8522
eta,q 0.97868 16.31597
  0.0249  0.0314  0.0235  0.0254  0.0283  0.0257  0.0244  0.0262  0.0244  0.0286  0.0224  0.0223
  0.0232  0.0263  0.0224  0.0241  0.0259  0.0245  0.0228  0.0234  0.0228  0.0253  0.0217  0.0216
  0.0222  0.0231  0.0219  0.0229  0.0235  0.0231  0.0218  0.0219  0.0218  0.0229  0.0214  0.0213
  0.0219  0.0219  0.0218  0.0218  0.0217  0.0216  0.0215  0.0215  0.0215  0.0215  0.0214  0.0214
  0.0222  0.0227  0.0223  0.0215  0.0211  0.0212  0.0219  0.0220  0.0217  0.0217  0.0215  0.0217
  0.0234  0.0258  0.0234  0.0227  0.0232  0.0229  0.0231  0.0234  0.0226  0.0240  0.0218  0.0223
  0.0252  0.0307  0.0250  0.0257  0.0302  0.0261  0.0248  0.0258  0.0240  0.0281  0.0224  0.0233
niter,ni,del,rscale     6    3    5.0000    1.2000
parameters
   -0.9769   19.7849    9.3942   -6.4686  -15.6095   -4.8146
    2.1308    3.2745   -5.4214   18.5531   -1.7322  -19.3131
eta,q 0.97875 16.32611
  0.0247  0.0313  0.0237  0.0251  0.0281  0.0255  0.0244  0.0261  0.0241  0.0283  0.0224  0.0226
  0.0229  0.0261  0.0222  0.0237  0.0256  0.0243  0.0228  0.0233  0.0225  0.0249  0.0217  0.0218
  0.0217  0.0226  0.0215  0.0224  0.0232  0.0228  0.0217  0.0217  0.0216  0.0225  0.0213  0.0213
  0.0213  0.0213  0.0213  0.0213  0.0213  0.0213  0.0213  0.0213  0.0213  0.0213  0.0213  0.0213
  0.0217  0.0223  0.0217  0.0212  0.0208  0.0210  0.0217  0.0219  0.0216  0.0217  0.0214  0.0215
  0.0229  0.0255  0.0227  0.0227  0.0233  0.0232  0.0228  0.0234  0.0225  0.0241  0.0218  0.0220
  0.0249  0.0306  0.0243  0.0263  0.0306  0.0266  0.0246  0.0259  0.0240  0.0282  0.0224  0.0229
niter,ni,del,rscale     5    3    5.0000    1.2000
parameters
   -0.9859   19.8328    9.3538   -6.4799  -15.6311   -4.7943
    2.1102    3.2650   -5.4094   18.6303   -1.7407  -19.4519
eta,q 0.97877 16.32973
  0.0247  0.0310  0.0239  0.0251  0.0281  0.0255  0.0245  0.0261  0.0241  0.0281  0.0225  0.0227
  0.0229  0.0259  0.0224  0.0237  0.0255  0.0243  0.0227  0.0233  0.0225  0.0247  0.0217  0.0218
  0.0217  0.0225  0.0215  0.0224  0.0231  0.0227  0.0216  0.0217  0.0216  0.0224  0.0213  0.0214
  0.0212  0.0212  0.0212  0.0212  0.0212  0.0213  0.0212  0.0212  0.0212  0.0212  0.0212  0.0212
  0.0216  0.0223  0.0216  0.0211  0.0208  0.0210  0.0216  0.0218  0.0216  0.0218  0.0214  0.0215
  0.0228  0.0255  0.0225  0.0227  0.0232  0.0232  0.0227  0.0234  0.0225  0.0242  0.0218  0.0220
  0.0248  0.0307  0.0240  0.0262  0.0305  0.0267  0.0245  0.0260  0.0240  0.0283  0.0224  0.0228
niter,ni,del,rscale     4    3    5.0000    1.2000
parameters
   -0.9896   19.8490    9.3444   -6.4813  -15.6389   -4.7856
    2.1012    3.2620   -5.4085   18.6536   -1.7314  -19.4914
eta,q 0.97878 16.33109
  0.0247  0.0309  0.0240  0.0251  0.0281  0.0255  0.0245  0.0261  0.0240  0.0280  0.0225  0.0228
  0.0229  0.0258  0.0224  0.0237  0.0256  0.0243  0.0227  0.0233  0.0225  0.0247  0.0217  0.0219
  0.0217  0.0224  0.0215  0.0224  0.0231  0.0227  0.0216  0.0217  0.0216  0.0224  0.0213  0.0214
  0.0212  0.0212  0.0212  0.0212  0.0212  0.0212  0.0212  0.0212  0.0212  0.0212  0.0212  0.0212
  0.0216  0.0223  0.0216  0.0211  0.0208  0.0210  0.0216  0.0218  0.0216  0.0218  0.0214  0.0215
  0.0228  0.0256  0.0225  0.0226  0.0232  0.0233  0.0227  0.0234  0.0225  0.0243  0.0218  0.0219
  0.0248  0.0308  0.0240  0.0262  0.0305  0.0267  0.0245  0.0260  0.0240  0.0284  0.0224  0.0227
registration optimization eta report
parameter search radius
    2.4000    4.1976    2.7600    8.2800    9.5220    7.2000
    7.2000    7.2000    7.2000    9.5220    7.2000    7.2000
100000*second partial in parameter space
       61.       54.       37.        6.        9.        9.
        6.        9.        5.        8.        2.        3.
  0.0247  0.0309  0.0240  0.0251  0.0281  0.0255  0.0245  0.0261  0.0240  0.0280  0.0225  0.0228
  0.0229  0.0258  0.0224  0.0237  0.0256  0.0243  0.0227  0.0233  0.0225  0.0247  0.0217  0.0219
  0.0217  0.0224  0.0215  0.0224  0.0231  0.0227  0.0216  0.0217  0.0216  0.0224  0.0213  0.0214
  0.0212  0.0212  0.0212  0.0212  0.0212  0.0212  0.0212  0.0212  0.0212  0.0212  0.0212  0.0212
  0.0216  0.0223  0.0216  0.0211  0.0208  0.0210  0.0216  0.0218  0.0216  0.0218  0.0214  0.0215
  0.0228  0.0256  0.0225  0.0226  0.0232  0.0233  0.0227  0.0234  0.0225  0.0243  0.0218  0.0219
  0.0248  0.0308  0.0240  0.0262  0.0305  0.0267  0.0245  0.0260  0.0240  0.0284  0.0224  0.0227
   -0.9896   19.8490    9.3444   -6.4813  -15.6389   -4.7856
    2.1012    3.2620   -5.4085   18.6536   -1.7314  -19.4914
eta,q 0.97878 16.33109

---------------------------------------------------------------------
imgreg_4dfp /opt/freesurfer/average/711-2C_as_mni_average_305 /opt/freesurfer/average/711-2B_as_mni_average_305_mask talsrcimg_g11 none talsrcimg_to_711-2C_as_mni_average_305_t4 2311
---------------------------------------------------------------------

freesurfer imgreg_4dfp.c
/opt/freesurfer/average/711-2C_as_mni_average_305.4dfp.img
       256       256       256         1
  1.000000  1.000000  1.000000
orientation T byte_order littleendian
Reading image: /opt/freesurfer/average/711-2C_as_mni_average_305.4dfp.img
dimensions:      256       256       256
mmppix:       1.0000   -1.0000   -1.0000
center:     128.0000 -129.0000 -129.0000
/opt/freesurfer/average/711-2B_as_mni_average_305_mask.4dfp.img
       256       256       256         1
  1.000000  1.000000  1.000000
orientation T byte_order littleendian
Reading mask: /opt/freesurfer/average/711-2B_as_mni_average_305_mask.4dfp.img (2306576 pixels)
talsrcimg_g11.4dfp.img
       256       256       256         1
  1.000000  1.000000  1.000000
orientation T byte_order littleendian
Reading image: talsrcimg_g11.4dfp.img
dimensions:      256       256       256
mmppix:       1.0000   -1.0000   -1.0000
center:     128.0000 -129.0000 -129.0000
fimgreg.f
image alignment mode   2311 decimal      907 hex
parameters
   -0.9896   19.8490    9.3444   -6.4813  -15.6389   -4.7856
    2.1012    3.2620   -5.4085   18.6536   -1.7314  -19.4914
eta,q 0.97878 16.33109
niter,ni,del,rscale     5    3    5.0000    0.8000
parameters
   -0.9678   19.8762    9.3088   -5.2176  -13.9720   -4.3757
    1.9665    3.2791   -5.5663   18.7733   -1.5289  -19.9179
eta,q 0.97957 16.50046
  0.0229  0.0228  0.0221  0.0233  0.0241  0.0238  0.0225  0.0233  0.0222  0.0229  0.0214  0.0212
  0.0220  0.0219  0.0216  0.0226  0.0229  0.0227  0.0213  0.0217  0.0212  0.0216  0.0208  0.0207
  0.0214  0.0214  0.0213  0.0218  0.0218  0.0215  0.0206  0.0208  0.0206  0.0208  0.0206  0.0205
  0.0212  0.0212  0.0212  0.0212  0.0210  0.0206  0.0205  0.0205  0.0205  0.0205  0.0204  0.0204
  0.0214  0.0214  0.0213  0.0210  0.0206  0.0204  0.0208  0.0208  0.0207  0.0206  0.0205  0.0206
  0.0219  0.0218  0.0217  0.0212  0.0208  0.0214  0.0215  0.0217  0.0214  0.0214  0.0208  0.0210
  0.0228  0.0227  0.0222  0.0221  0.0217  0.0234  0.0226  0.0232  0.0224  0.0227  0.0212  0.0214
niter,ni,del,rscale     4    3    5.0000    0.7000
parameters
   -1.0134   19.8006    9.2703   -5.6887  -14.0205   -4.1479
    2.0577    3.1711   -5.6511   18.7484   -1.5007  -20.0984
eta,q 0.97963 16.48223
  0.0219  0.0217  0.0213  0.0217  0.0223  0.0231  0.0220  0.0224  0.0217  0.0222  0.0211  0.0211
  0.0211  0.0209  0.0208  0.0211  0.0214  0.0221  0.0211  0.0213  0.0209  0.0212  0.0207  0.0206
  0.0206  0.0205  0.0205  0.0206  0.0208  0.0211  0.0206  0.0206  0.0205  0.0206  0.0205  0.0204
  0.0204  0.0204  0.0204  0.0204  0.0204  0.0204  0.0204  0.0204  0.0204  0.0204  0.0204  0.0204
  0.0206  0.0206  0.0205  0.0207  0.0205  0.0204  0.0206  0.0207  0.0206  0.0206  0.0204  0.0205
  0.0212  0.0211  0.0209  0.0214  0.0212  0.0213  0.0211  0.0214  0.0210  0.0212  0.0207  0.0208
  0.0221  0.0220  0.0214  0.0227  0.0227  0.0230  0.0219  0.0226  0.0218  0.0222  0.0210  0.0211
niter,ni,del,rscale     3    3    5.0000    0.6000
parameters
   -1.0021   19.8558    9.2849   -5.6804  -13.9434   -3.9914
    2.0510    3.1619   -5.6591   18.7610   -1.5015  -20.2171
eta,q 0.97968 16.49187
  0.0215  0.0215  0.0211  0.0216  0.0218  0.0225  0.0215  0.0219  0.0213  0.0217  0.0208  0.0209
  0.0209  0.0209  0.0207  0.0210  0.0211  0.0216  0.0208  0.0210  0.0208  0.0210  0.0206  0.0206
  0.0205  0.0205  0.0204  0.0206  0.0206  0.0208  0.0204  0.0205  0.0204  0.0205  0.0204  0.0204
  0.0204  0.0204  0.0204  0.0204  0.0204  0.0204  0.0203  0.0203  0.0203  0.0203  0.0203  0.0203
  0.0205  0.0204  0.0204  0.0204  0.0204  0.0203  0.0205  0.0205  0.0204  0.0205  0.0204  0.0204
  0.0208  0.0207  0.0207  0.0209  0.0209  0.0211  0.0209  0.0211  0.0208  0.0209  0.0206  0.0206
  0.0215  0.0213  0.0210  0.0217  0.0219  0.0225  0.0215  0.0219  0.0213  0.0217  0.0208  0.0209
niter,ni,del,rscale     2    3    5.0000    0.5000
parameters
   -1.0039   19.8652    9.3049   -5.6571  -13.8768   -3.8532
    2.0307    3.1574   -5.6649   18.7470   -1.4957  -20.2897
eta,q 0.97971 16.49952
  0.0211  0.0210  0.0208  0.0212  0.0214  0.0219  0.0211  0.0214  0.0210  0.0213  0.0207  0.0207
  0.0207  0.0206  0.0206  0.0208  0.0209  0.0212  0.0206  0.0208  0.0206  0.0207  0.0205  0.0205
  0.0204  0.0204  0.0204  0.0205  0.0205  0.0207  0.0204  0.0204  0.0204  0.0204  0.0203  0.0203
  0.0203  0.0203  0.0203  0.0203  0.0203  0.0203  0.0203  0.0203  0.0203  0.0203  0.0203  0.0203
  0.0204  0.0204  0.0204  0.0204  0.0204  0.0203  0.0204  0.0204  0.0204  0.0204  0.0203  0.0204
  0.0207  0.0206  0.0205  0.0207  0.0207  0.0208  0.0207  0.0208  0.0206  0.0207  0.0205  0.0205
  0.0211  0.0210  0.0208  0.0213  0.0214  0.0219  0.0211  0.0214  0.0210  0.0213  0.0207  0.0207
niter,ni,del,rscale     1    3    5.0000    0.4000
parameters
   -1.0047   19.8674    9.3222   -5.6360  -13.8258   -3.7323
    2.0102    3.1453   -5.6698   18.7288   -1.5190  -20.3574
eta,q 0.97973 16.50556
  0.0208  0.0207  0.0206  0.0209  0.0210  0.0214  0.0208  0.0210  0.0207  0.0209  0.0205  0.0205
  0.0205  0.0205  0.0205  0.0206  0.0206  0.0209  0.0205  0.0206  0.0205  0.0206  0.0204  0.0204
  0.0203  0.0203  0.0203  0.0204  0.0204  0.0205  0.0203  0.0204  0.0203  0.0203  0.0203  0.0203
  0.0203  0.0203  0.0203  0.0203  0.0203  0.0203  0.0203  0.0203  0.0203  0.0203  0.0203  0.0203
  0.0203  0.0203  0.0203  0.0203  0.0203  0.0203  0.0203  0.0204  0.0203  0.0203  0.0203  0.0203
  0.0205  0.0205  0.0204  0.0205  0.0205  0.0206  0.0205  0.0206  0.0205  0.0206  0.0204  0.0204
  0.0208  0.0207  0.0206  0.0209  0.0210  0.0213  0.0208  0.0210  0.0207  0.0209  0.0205  0.0206
registration optimization eta report
parameter search radius
    0.8000    0.8000    0.8000    2.4000    2.4000    2.4000
    2.4000    2.4000    2.4000    2.4000    2.4000    2.4000
100000*second partial in parameter space
       79.       71.       51.       11.       12.       19.
       10.       13.        8.       11.        4.        5.
  0.0208  0.0207  0.0206  0.0209  0.0210  0.0214  0.0208  0.0210  0.0207  0.0209  0.0205  0.0205
  0.0205  0.0205  0.0205  0.0206  0.0206  0.0209  0.0205  0.0206  0.0205  0.0206  0.0204  0.0204
  0.0203  0.0203  0.0203  0.0204  0.0204  0.0205  0.0203  0.0204  0.0203  0.0203  0.0203  0.0203
  0.0203  0.0203  0.0203  0.0203  0.0203  0.0203  0.0203  0.0203  0.0203  0.0203  0.0203  0.0203
  0.0203  0.0203  0.0203  0.0203  0.0203  0.0203  0.0203  0.0204  0.0203  0.0203  0.0203  0.0203
  0.0205  0.0205  0.0204  0.0205  0.0205  0.0206  0.0205  0.0206  0.0205  0.0206  0.0204  0.0204
  0.0208  0.0207  0.0206  0.0209  0.0210  0.0213  0.0208  0.0210  0.0207  0.0209  0.0205  0.0206
   -1.0047   19.8674    9.3222   -5.6360  -13.8258   -3.7323
    2.0102    3.1453   -5.6698   18.7288   -1.5190  -20.3574
eta,q 0.97973 16.50556

---------------------------------------------------------------------
imgreg_4dfp /opt/freesurfer/average/711-2C_as_mni_average_305 /opt/freesurfer/average/711-2B_as_mni_average_305_mask talsrcimg_g11 none talsrcimg_to_711-2C_as_mni_average_305_t4 2311
---------------------------------------------------------------------

freesurfer imgreg_4dfp.c
/opt/freesurfer/average/711-2C_as_mni_average_305.4dfp.img
       256       256       256         1
  1.000000  1.000000  1.000000
orientation T byte_order littleendian
Reading image: /opt/freesurfer/average/711-2C_as_mni_average_305.4dfp.img
dimensions:      256       256       256
mmppix:       1.0000   -1.0000   -1.0000
center:     128.0000 -129.0000 -129.0000
/opt/freesurfer/average/711-2B_as_mni_average_305_mask.4dfp.img
       256       256       256         1
  1.000000  1.000000  1.000000
orientation T byte_order littleendian
Reading mask: /opt/freesurfer/average/711-2B_as_mni_average_305_mask.4dfp.img (2306576 pixels)
talsrcimg_g11.4dfp.img
       256       256       256         1
  1.000000  1.000000  1.000000
orientation T byte_order littleendian
Reading image: talsrcimg_g11.4dfp.img
dimensions:      256       256       256
mmppix:       1.0000   -1.0000   -1.0000
center:     128.0000 -129.0000 -129.0000
fimgreg.f
image alignment mode   2311 decimal      907 hex
parameters
   -1.0047   19.8674    9.3222   -5.6360  -13.8258   -3.7323
    2.0102    3.1453   -5.6698   18.7288   -1.5190  -20.3574
eta,q 0.97973 16.50556
niter,ni,del,rscale     5    3    5.0000    0.8000
parameters
   -1.0201   19.8603    9.3673   -6.0945  -14.1912   -4.0406
    2.1273    3.1456   -5.6215   18.8004   -1.5761  -20.0274
eta,q 0.97958 16.45886
  0.0222  0.0221  0.0217  0.0220  0.0225  0.0232  0.0225  0.0231  0.0221  0.0228  0.0213  0.0215
  0.0212  0.0211  0.0209  0.0212  0.0214  0.0221  0.0214  0.0216  0.0212  0.0216  0.0208  0.0209
  0.0205  0.0205  0.0204  0.0206  0.0207  0.0210  0.0207  0.0207  0.0206  0.0208  0.0205  0.0206
  0.0203  0.0203  0.0203  0.0203  0.0203  0.0203  0.0204  0.0204  0.0204  0.0204  0.0204  0.0204
  0.0205  0.0205  0.0204  0.0205  0.0205  0.0207  0.0206  0.0207  0.0206  0.0206  0.0205  0.0205
  0.0212  0.0211  0.0208  0.0215  0.0216  0.0223  0.0213  0.0216  0.0212  0.0214  0.0208  0.0208
  0.0223  0.0221  0.0215  0.0232  0.0238  0.0246  0.0223  0.0231  0.0220  0.0227  0.0213  0.0212
niter,ni,del,rscale     4    3    5.0000    0.7000
parameters
   -0.9982   19.8993    9.3271   -5.8071  -14.0687   -4.0613
    2.0627    3.1717   -5.6149   18.7855   -1.5377  -20.1286
eta,q 0.97964 16.47936
  0.0219  0.0218  0.0213  0.0221  0.0223  0.0229  0.0219  0.0225  0.0217  0.0222  0.0210  0.0211
  0.0211  0.0211  0.0208  0.0214  0.0214  0.0219  0.0210  0.0213  0.0210  0.0212  0.0207  0.0207
  0.0206  0.0206  0.0205  0.0208  0.0207  0.0209  0.0205  0.0206  0.0205  0.0206  0.0204  0.0204
  0.0204  0.0204  0.0204  0.0204  0.0204  0.0204  0.0204  0.0204  0.0204  0.0204  0.0204  0.0204
  0.0206  0.0205  0.0205  0.0204  0.0204  0.0204  0.0206  0.0206  0.0205  0.0206  0.0204  0.0205
  0.0210  0.0210  0.0209  0.0209  0.0210  0.0216  0.0211  0.0213  0.0210  0.0212  0.0207  0.0207
  0.0218  0.0217  0.0214  0.0219  0.0224  0.0234  0.0220  0.0225  0.0217  0.0222  0.0210  0.0211
niter,ni,del,rscale     3    3    5.0000    0.6000
parameters
   -1.0035   19.8744    9.3046   -5.7047  -13.9604   -3.9726
    2.0386    3.1646   -5.6330   18.7749   -1.5101  -20.2171
eta,q 0.97968 16.49095
  0.0214  0.0213  0.0210  0.0216  0.0218  0.0225  0.0215  0.0219  0.0213  0.0217  0.0209  0.0209
  0.0208  0.0208  0.0207  0.0211  0.0211  0.0216  0.0208  0.0210  0.0208  0.0210  0.0206  0.0206
  0.0205  0.0205  0.0204  0.0206  0.0206  0.0208  0.0204  0.0205  0.0204  0.0205  0.0204  0.0204
  0.0204  0.0204  0.0204  0.0204  0.0204  0.0203  0.0203  0.0203  0.0203  0.0203  0.0203  0.0203
  0.0205  0.0205  0.0205  0.0204  0.0204  0.0204  0.0205  0.0205  0.0204  0.0205  0.0204  0.0204
  0.0209  0.0208  0.0207  0.0208  0.0208  0.0211  0.0209  0.0211  0.0208  0.0210  0.0206  0.0206
  0.0215  0.0214  0.0211  0.0216  0.0218  0.0226  0.0215  0.0219  0.0213  0.0217  0.0208  0.0209
niter,ni,del,rscale     2    3    5.0000    0.5000
parameters
   -1.0040   19.8703    9.3083   -5.6638  -13.8777   -3.8492
    2.0248    3.1580   -5.6581   18.7521   -1.5107  -20.2993
eta,q 0.97972 16.49943
  0.0211  0.0210  0.0208  0.0212  0.0214  0.0219  0.0211  0.0214  0.0210  0.0213  0.0207  0.0207
  0.0207  0.0206  0.0205  0.0208  0.0209  0.0212  0.0207  0.0208  0.0206  0.0207  0.0205  0.0205
  0.0204  0.0204  0.0204  0.0205  0.0205  0.0207  0.0204  0.0204  0.0204  0.0204  0.0203  0.0203
  0.0203  0.0203  0.0203  0.0203  0.0203  0.0203  0.0203  0.0203  0.0203  0.0203  0.0203  0.0203
  0.0204  0.0204  0.0204  0.0204  0.0204  0.0203  0.0204  0.0204  0.0204  0.0204  0.0203  0.0204
  0.0207  0.0206  0.0206  0.0207  0.0207  0.0209  0.0207  0.0208  0.0206  0.0207  0.0205  0.0205
  0.0211  0.0210  0.0208  0.0213  0.0214  0.0219  0.0211  0.0215  0.0210  0.0213  0.0207  0.0207
niter,ni,del,rscale     1    3    5.0000    0.4000
parameters
   -1.0051   19.8720    9.3199   -5.6365  -13.8287   -3.7318
    2.0058    3.1514   -5.6650   18.7364   -1.5234  -20.3604
eta,q 0.97973 16.50569
  0.0208  0.0207  0.0206  0.0209  0.0210  0.0214  0.0208  0.0210  0.0207  0.0209  0.0205  0.0205
  0.0205  0.0205  0.0205  0.0206  0.0206  0.0209  0.0205  0.0206  0.0205  0.0206  0.0204  0.0204
  0.0203  0.0203  0.0203  0.0204  0.0204  0.0205  0.0203  0.0204  0.0203  0.0203  0.0203  0.0203
  0.0203  0.0203  0.0203  0.0203  0.0203  0.0203  0.0203  0.0203  0.0203  0.0203  0.0203  0.0203
  0.0203  0.0203  0.0203  0.0203  0.0203  0.0203  0.0203  0.0204  0.0203  0.0203  0.0203  0.0203
  0.0205  0.0205  0.0204  0.0205  0.0205  0.0207  0.0205  0.0206  0.0205  0.0206  0.0204  0.0204
  0.0208  0.0207  0.0206  0.0209  0.0210  0.0213  0.0208  0.0210  0.0207  0.0209  0.0205  0.0206
registration optimization eta report
parameter search radius
    0.8000    0.8000    0.8000    2.4000    2.4000    2.4000
    2.4000    2.4000    2.4000    2.4000    2.4000    2.4000
100000*second partial in parameter space
       79.       71.       52.       11.       12.       19.
       10.       13.        8.       11.        4.        5.
  0.0208  0.0207  0.0206  0.0209  0.0210  0.0214  0.0208  0.0210  0.0207  0.0209  0.0205  0.0205
  0.0205  0.0205  0.0205  0.0206  0.0206  0.0209  0.0205  0.0206  0.0205  0.0206  0.0204  0.0204
  0.0203  0.0203  0.0203  0.0204  0.0204  0.0205  0.0203  0.0204  0.0203  0.0203  0.0203  0.0203
  0.0203  0.0203  0.0203  0.0203  0.0203  0.0203  0.0203  0.0203  0.0203  0.0203  0.0203  0.0203
  0.0203  0.0203  0.0203  0.0203  0.0203  0.0203  0.0203  0.0204  0.0203  0.0203  0.0203  0.0203
  0.0205  0.0205  0.0204  0.0205  0.0205  0.0207  0.0205  0.0206  0.0205  0.0206  0.0204  0.0204
  0.0208  0.0207  0.0206  0.0209  0.0210  0.0213  0.0208  0.0210  0.0207  0.0209  0.0205  0.0206
   -1.0051   19.8720    9.3199   -5.6365  -13.8287   -3.7318
    2.0058    3.1514   -5.6650   18.7364   -1.5234  -20.3604
eta,q 0.97973 16.50569

---------------------------------------------------------------------
compute_vox2vox talsrcimg talsrcimg_to_711-2C_as_mni_average_305_t4 /opt/freesurfer/average/711-2C_as_mni_average_305
---------------------------------------------------------------------

freesurfer compute_vox2vox.c
Reading: talsrcimg.4dfp.ifh
Reading: talsrcimg_to_711-2C_as_mni_average_305_t4
Reading: /opt/freesurfer/average/711-2C_as_mni_average_305.4dfp.ifh
Writing: talsrcimg_to_711-2C_as_mni_average_305_t4_vox2vox.txt

start time Mon Mar 9 10:13:53 CET 2026
end		time Mon Mar 9 10:14:07 CET 2026

mpr2mni305 success

avi2talxfm orig_nu.mgz /opt/freesurfer/average/mni305.cor.mgz talsrcimg_to_711-2C_as_mni_average_305_t4_vox2vox.txt transforms/talairach.auto.xfm
avi2talxfm done
mv -f /out/sourcedata/freesurfer/sub-v1s21x0050405_ses-1/mri/talsrcimg_to_711-2C_as_mni_average_305_t4_vox2vox.txt /out/sourcedata/freesurfer/sub-v1s21x0050405_ses-1/mri/transforms/talsrcimg_to_711-2C_as_mni_average_305_t4_vox2vox.txt
lta_convert --src orig_nu.mgz --trg /opt/freesurfer/average/mni305.cor.mgz --inxfm transforms/talairach.auto.xfm --outlta transforms/talairach.auto.xfm.lta --subject fsaverage
7.3.2

--src: orig_nu.mgz src image (geometry).
--trg: /opt/freesurfer/average/mni305.cor.mgz trg image (geometry).
--inmni: transforms/talairach.auto.xfm input MNI/XFM transform.
--outlta: transforms/talairach.auto.xfm.lta output LTA.
--s: fsaverage subject name
 LTA read, type : 1
 1.05739  -0.02851  -0.03135   1.21278;
 0.03005   0.99229   0.23376  -14.50472;
 0.06298  -0.21763   1.10759  -20.62515;
 0.00000   0.00000   0.00000   1.00000;
setting subject to fsaverage
Writing  LTA to file transforms/talairach.auto.xfm.lta...
lta_convert successful.
 
 
Started at Mon Mar 9 10:13:52 CET 2026
Ended   at Mon Mar  9 10:14:07 CET 2026
talairach_avi done
