/out/sourcedata/freesurfer/sub-v1s21x0050427_ses-1/mri
/opt/freesurfer/bin/talairach_avi
--i orig_nu.mgz --xfm transforms/talairach.auto.xfm
talairach_avi 7.3.2
Linux dna021 5.14.0-427.37.1.el9_4.x86_64 #1 SMP PREEMPT_DYNAMIC Fri Sep 13 12:41:50 EDT 2024 x86_64 x86_64 x86_64 GNU/Linux
Mon Mar  9 11:43:46 CET 2026
mri_convert orig_nu.mgz talsrcimg.img 
reading from orig_nu.mgz...
TR=0.00, TE=0.00, TI=0.00, flip angle=0.00
i_ras = (-1, 0, 0)
j_ras = (0, 0, -1)
k_ras = (0, 1, 0)
writing to talsrcimg.img...
Analyze Output Matrix
-1.00000   0.00000   0.00000   129.70000;
 0.00000   0.00000   1.00000  -128.50000;
 0.00000  -1.00000   0.00000   129.50000;
 0.00000   0.00000   0.00000   1.00000;
--------------------
INFO: set hdr.hist.orient to -1
mpr2mni305 talsrcimg
Mon Mar  9 11:43:47 CET 2026
/opt/freesurfer/bin/mpr2mni305 talsrcimg
mpr2mni305 7.3.2
target=711-2C_as_mni_average_305

---------------------------------------------------------------------
analyzeto4dfp talsrcimg -O0 -y
---------------------------------------------------------------------

freesurfer ifh2hdr.c
Mon Mar  9 11:43:47 2026
Writing: talsrcimg.4dfp.hdr
freesurfer analyzeto4dfp.c
Reading: talsrcimg.hdr
header size 348 bytes
hdr.dime.datatype	offset=70	value=2
hdr.dime.bitpix		offset=72	value=8
hdr.hist.orient		offset=252	value=-1
dimensionality     4
dimensions       256       256       256         1
Reading: talsrcimg.img
Writing: talsrcimg.4dfp.img
Writing: talsrcimg.4dfp.ifh
ifh2hdr talsrcimg -r0to228
ori=2

---------------------------------------------------------------------
gauss_4dfp talsrcimg 1.1
---------------------------------------------------------------------

freesurfer gauss_4dfp.c
Reading: talsrcimg.4dfp.img
Writing: talsrcimg_g11.4dfp.img
image dimensions 256 256 256 padded to 288 288 288
processing volume 1freesurfer ifh2hdr.c
Mon Mar  9 11:43:49 2026
Writing: talsrcimg_g11.4dfp.hdr

Writing: talsrcimg_g11.4dfp.ifh
including: talsrcimg.4dfp.img.rec in talsrcimg_g11.4dfp.img.rec

---------------------------------------------------------------------
imgreg_4dfp /opt/freesurfer/average/711-2C_as_mni_average_305 none talsrcimg_g11 none talsrcimg_to_711-2C_as_mni_average_305_t4 4355
---------------------------------------------------------------------

freesurfer imgreg_4dfp.c
/opt/freesurfer/average/711-2C_as_mni_average_305.4dfp.img
       256       256       256         1
  1.000000  1.000000  1.000000
orientation T byte_order littleendian
Reading image: /opt/freesurfer/average/711-2C_as_mni_average_305.4dfp.img
dimensions:      256       256       256
mmppix:       1.0000   -1.0000   -1.0000
center:     128.0000 -129.0000 -129.0000
talsrcimg_g11.4dfp.img
       256       256       256         1
  1.000000  1.000000  1.000000
orientation T byte_order littleendian
Reading image: talsrcimg_g11.4dfp.img
dimensions:      256       256       256
mmppix:       1.0000   -1.0000   -1.0000
center:     128.0000 -129.0000 -129.0000
t4_read: open error in t4_sub.f l:  41 t4_file(1:l)talsrcimg_to_711-2C_as_mni_average_305_t4 
t4_read: transform initialized to I4
rotation matrix determinant  1.000000
image alignment mode   4355 decimal     1103 hex
   -7.5000  -45.0000  -45.0000 6666.5508   19.6362
    0.0000  -45.0000  -45.0000 7000.7778   19.6529
    7.5000  -45.0000  -45.0000 6739.3638   19.6576
   -7.5000  -37.5000  -45.0000 7159.1387   19.4498
    0.0000  -37.5000  -45.0000 7515.0322   19.4554
    7.5000  -37.5000  -45.0000 7223.0161   19.4548
   -7.5000  -30.0000  -45.0000 7958.9565   19.5856
    0.0000  -30.0000  -45.0000 8348.8320   19.5816
    7.5000  -30.0000  -45.0000 8007.4414   19.5807
   -7.5000  -22.5000  -45.0000 8797.1611   19.7047
    0.0000  -22.5000  -45.0000 9214.3223   19.7053
    7.5000  -22.5000  -45.0000 8806.4248   19.7117
   -7.5000  -15.0000  -45.0000 9565.5244   19.7029
    0.0000  -15.0000  -45.000010015.9795   19.7178
    7.5000  -15.0000  -45.0000 9538.0654   19.7328
   -7.5000   -7.5000  -45.000010285.7939   19.5744
    0.0000   -7.5000  -45.000010771.1934   19.5952
    7.5000   -7.5000  -45.000010266.8721   19.6079
   -7.5000    0.0000  -45.000010898.4414   19.4404
    0.0000    0.0000  -45.000011440.3984   19.4566
    7.5000    0.0000  -45.000010905.7705   19.4612
   -7.5000    7.5000  -45.000010704.1768   19.4498
    0.0000    7.5000  -45.000011225.7256   19.4554
    7.5000    7.5000  -45.000010708.6953   19.4548
   -7.5000   15.0000  -45.000010383.7383   19.5856
    0.0000   15.0000  -45.000010907.9102   19.5816
    7.5000   15.0000  -45.000010391.9258   19.5807
   -7.5000   22.5000  -45.000010160.8008   19.7020
    0.0000   22.5000  -45.000010697.8154   19.7026
    7.5000   22.5000  -45.000010166.2139   19.7090
   -7.5000   30.0000  -45.0000 9688.0322   19.4403
    0.0000   30.0000  -45.000010204.9795   19.4550
    7.5000   30.0000  -45.0000 9670.1211   19.4698
   -7.5000   37.5000  -45.0000 9233.2100   19.3135
    0.0000   37.5000  -45.0000 9774.1777   19.3341
    7.5000   37.5000  -45.0000 9255.8086   19.3466
   -7.5000   45.0000  -45.0000 8442.7197   18.6943
    0.0000   45.0000  -45.0000 8969.6514   18.7099
    7.5000   45.0000  -45.0000 8524.6611   18.7142
   -7.5000  -45.0000  -37.5000 7043.6724   19.3661
    0.0000  -45.0000  -37.5000 7423.5078   19.3803
    7.5000  -45.0000  -37.5000 7116.3584   19.3823
   -7.5000  -37.5000  -37.5000 7583.3633   19.1968
    0.0000  -37.5000  -37.5000 7982.2988   19.2001
    7.5000  -37.5000  -37.5000 7650.3887   19.1928
   -7.5000  -30.0000  -37.5000 8454.4434   19.3402
    0.0000  -30.0000  -37.5000 8893.5127   19.3360
    7.5000  -30.0000  -37.5000 8507.6865   19.3251
   -7.5000  -22.5000  -37.5000 9337.6045   19.4539
    0.0000  -22.5000  -37.5000 9821.0859   19.4558
    7.5000  -22.5000  -37.5000 9379.5361   19.4526
   -7.5000  -15.0000  -37.500010152.8867   19.4410
    0.0000  -15.0000  -37.500010663.6982   19.4566
    7.5000  -15.0000  -37.500010171.3193   19.4655
   -7.5000   -7.5000  -37.500010863.6475   19.3066
    0.0000   -7.5000  -37.500011430.4258   19.3267
    7.5000   -7.5000  -37.500010923.3848   19.3370
   -7.5000    0.0000  -37.500011508.0996   19.1762
    0.0000    0.0000  -37.500012081.9707   19.1901
    7.5000    0.0000  -37.500011590.4414   19.1919
   -7.5000    7.5000  -37.500011276.8887   19.1968
    0.0000    7.5000  -37.500011855.1377   19.2001
    7.5000    7.5000  -37.500011333.3994   19.1928
   -7.5000   15.0000  -37.500010957.7285   19.3402
    0.0000   15.0000  -37.500011546.5225   19.3360
    7.5000   15.0000  -37.500011000.7861   19.3251
   -7.5000   22.5000  -37.500010683.9785   19.4512
    0.0000   22.5000  -37.500011257.0752   19.4531
    7.5000   22.5000  -37.500010711.5449   19.4499
   -7.5000   30.0000  -37.500010149.2275   19.1819
    0.0000   30.0000  -37.500010710.5781   19.1973
    7.5000   30.0000  -37.500010178.9346   19.2061
   -7.5000   37.5000  -37.5000 9676.3691   19.0493
    0.0000   37.5000  -37.500010251.5312   19.0692
    7.5000   37.5000  -37.5000 9747.6553   19.0793
   -7.5000   45.0000  -37.5000 8843.2139   18.4402
    0.0000   45.0000  -37.5000 9395.0742   18.4536
    7.5000   45.0000  -37.5000 8957.3066   18.4553
   -7.5000  -45.0000  -30.0000 7533.7593   20.0603
    0.0000  -45.0000  -30.0000 7958.8994   20.0708
    7.5000  -45.0000  -30.0000 7624.0283   20.0655
   -7.5000  -37.5000  -30.0000 8137.3633   19.8895
    0.0000  -37.5000  -30.0000 8583.6426   19.8895
    7.5000  -37.5000  -30.0000 8214.9424   19.8715
   -7.5000  -30.0000  -30.0000 9090.5742   20.0313
    0.0000  -30.0000  -30.0000 9575.5537   20.0235
    7.5000  -30.0000  -30.0000 9158.9531   20.0013
   -7.5000  -22.5000  -30.000010085.0713   20.1388
    0.0000  -22.5000  -30.000010611.5146   20.1361
    7.5000  -22.5000  -30.000010137.1289   20.1243
   -7.5000  -15.0000  -30.000010961.5449   20.1221
    0.0000  -15.0000  -30.000011516.8506   20.1336
    7.5000  -15.0000  -30.000011030.7979   20.1374
   -7.5000   -7.5000  -30.000011693.7100   19.9909
    0.0000   -7.5000  -30.000012337.3838   20.0079
    7.5000   -7.5000  -30.000011810.8643   20.0136
   -7.5000    0.0000  -30.000012373.4111   19.8659
    0.0000    0.0000  -30.000013007.1973   19.8764
    7.5000    0.0000  -30.000012501.1797   19.8708
   -7.5000    7.5000  -30.000012110.1436   19.8895
    0.0000    7.5000  -30.000012738.5400   19.8895
    7.5000    7.5000  -30.000012188.8418   19.8715
   -7.5000   15.0000  -30.000011749.0938   20.0313
    0.0000   15.0000  -30.000012361.9141   20.0235
    7.5000   15.0000  -30.000011822.9326   20.0013
   -7.5000   22.5000  -30.000011458.9482   20.1339
    0.0000   22.5000  -30.000012070.8350   20.1312
    7.5000   22.5000  -30.000011513.6387   20.1194
   -7.5000   30.0000  -30.000010835.5098   19.8558
    0.0000   30.0000  -30.000011471.4062   19.8672
    7.5000   30.0000  -30.000010934.5908   19.8709
   -7.5000   37.5000  -30.000010331.4424   19.7264
    0.0000   37.5000  -30.000010941.1328   19.7431
    7.5000   37.5000  -30.000010459.3584   19.7487
   -7.5000   45.0000  -30.0000 9460.5977   19.1174
    0.0000   45.0000  -30.000010025.5518   19.1276
    7.5000   45.0000  -30.0000 9607.4258   19.1222
   -7.5000  -45.0000  -22.5000 8104.2275   20.7696
    0.0000  -45.0000  -22.5000 8555.7695   20.7794
    7.5000  -45.0000  -22.5000 8207.2148   20.7693
   -7.5000  -37.5000  -22.5000 8737.4404   20.5859
    0.0000  -37.5000  -22.5000 9224.2441   20.5857
    7.5000  -37.5000  -22.5000 8821.2148   20.5639
   -7.5000  -30.0000  -22.5000 9759.3730   20.7131
    0.0000  -30.0000  -22.500010289.6768   20.7031
    7.5000  -30.0000  -22.5000 9830.5322   20.6798
   -7.5000  -22.5000  -22.500010852.0732   20.8120
    0.0000  -22.5000  -22.500011431.7646   20.8045
    7.5000  -22.5000  -22.500010921.3438   20.7935
   -7.5000  -15.0000  -22.500011830.1738   20.8005
    0.0000  -15.0000  -22.500012449.4043   20.8075
    7.5000  -15.0000  -22.500011929.4746   20.8116
   -7.5000   -7.5000  -22.500012625.5596   20.6844
    0.0000   -7.5000  -22.500013310.4580   20.6988
    7.5000   -7.5000  -22.500012736.7021   20.7020
   -7.5000    0.0000  -22.500013379.0684   20.5688
    0.0000    0.0000  -22.500014066.9434   20.5785
    7.5000    0.0000  -22.500013448.2705   20.5681
   -7.5000    7.5000  -22.500013082.1982   20.5859
    0.0000    7.5000  -22.500013722.4180   20.5857
    7.5000    7.5000  -22.500013140.7295   20.5639
   -7.5000   15.0000  -22.500012660.5859   20.7131
    0.0000   15.0000  -22.500013311.9453   20.7031
    7.5000   15.0000  -22.500012733.5166   20.6798
   -7.5000   22.5000  -22.500012310.0684   20.8056
    0.0000   22.5000  -22.500012960.2598   20.7981
    7.5000   22.5000  -22.500012393.1660   20.7871
   -7.5000   30.0000  -22.500011607.9238   20.5285
    0.0000   30.0000  -22.500012254.7217   20.5353
    7.5000   30.0000  -22.500011714.4355   20.5393
   -7.5000   37.5000  -22.500011052.1494   20.4139
    0.0000   37.5000  -22.500011686.5986   20.4281
    7.5000   37.5000  -22.500011215.5420   20.4312
   -7.5000   45.0000  -22.500010130.3213   19.8087
    0.0000   45.0000  -22.500010715.5156   19.8181
    7.5000   45.0000  -22.500010283.1836   19.8081
   -7.5000  -45.0000  -15.0000 8670.7617   21.2942
    0.0000  -45.0000  -15.0000 9159.9150   21.3069
    7.5000  -45.0000  -15.0000 8772.1016   21.2996
   -7.5000  -37.5000  -15.0000 9325.1846   21.0956
    0.0000  -37.5000  -15.0000 9839.0127   21.0987
    7.5000  -37.5000  -15.0000 9409.1992   21.0837
   -7.5000  -30.0000  -15.000010371.7441   21.2131
    0.0000  -30.0000  -15.000010932.4316   21.2043
    7.5000  -30.0000  -15.000010454.8398   21.1915
   -7.5000  -22.5000  -15.000011541.1777   21.3127
    0.0000  -22.5000  -15.000012159.3066   21.3047
    7.5000  -22.5000  -15.000011620.7832   21.3038
   -7.5000  -15.0000  -15.000012719.5908   21.3096
    0.0000  -15.0000  -15.000013389.6377   21.3161
    7.5000  -15.0000  -15.000012820.4482   21.3266
   -7.5000   -7.5000  -15.000013669.5986   21.2019
    0.0000   -7.5000  -15.000014405.1172   21.2169
    7.5000   -7.5000  -15.000013743.0293   21.2226
   -7.5000    0.0000  -15.000014438.0420   21.0875
    0.0000    0.0000  -15.000015144.0928   21.0999
    7.5000    0.0000  -15.000014449.0420   21.0922
   -7.5000    7.5000  -15.000014078.1572   21.0956
    0.0000    7.5000  -15.000014724.2314   21.0987
    7.5000    7.5000  -15.000014098.9717   21.0837
   -7.5000   15.0000  -15.000013630.0215   21.2131
    0.0000   15.0000  -15.000014238.4268   21.2043
    7.5000   15.0000  -15.000013652.6074   21.1915
   -7.5000   22.5000  -15.000013219.2217   21.3052
    0.0000   22.5000  -15.000013879.1357   21.2971
    7.5000   22.5000  -15.000013249.3760   21.2963
   -7.5000   30.0000  -15.000012395.4092   21.0338
    0.0000   30.0000  -15.000013025.4648   21.0402
    7.5000   30.0000  -15.000012486.0996   21.0506
   -7.5000   37.5000  -15.000011837.3311   20.9275
    0.0000   37.5000  -15.000012478.1455   20.9423
    7.5000   37.5000  -15.000011989.3701   20.9480
   -7.5000   45.0000  -15.000010887.5205   20.3205
    0.0000   45.0000  -15.000011508.5557   20.3325
    7.5000   45.0000  -15.000011007.3486   20.3251
   -7.5000  -45.0000   -7.5000 9261.3535   21.5535
    0.0000  -45.0000   -7.5000 9741.6133   21.5707
    7.5000  -45.0000   -7.5000 9350.1787   21.5708
   -7.5000  -37.5000   -7.5000 9900.7803   21.3489
    0.0000  -37.5000   -7.500010411.6182   21.3562
    7.5000  -37.5000   -7.5000 9997.3721   21.3522
   -7.5000  -30.0000   -7.500010942.8662   21.4769
    0.0000  -30.0000   -7.500011496.1777   21.4727
    7.5000  -30.0000   -7.500011044.2539   21.4717
   -7.5000  -22.5000   -7.500012160.2510   21.5909
    0.0000  -22.5000   -7.500012773.8662   21.5886
    7.5000  -22.5000   -7.500012270.4199   21.5971
   -7.5000  -15.0000   -7.500013511.7627   21.5912
    0.0000  -15.0000   -7.500014200.0879   21.6032
    7.5000  -15.0000   -7.500013629.1133   21.6196
   -7.5000   -7.5000   -7.500014844.6367   21.4712
    0.0000   -7.5000   -7.500015651.8604   21.4908
    7.5000   -7.5000   -7.500014809.7559   21.5013
   -7.5000    0.0000   -7.500015784.5107   21.3430
    0.0000    0.0000   -7.500016521.4785   21.3597
    7.5000    0.0000   -7.500015591.5479   21.3594
   -7.5000    7.5000   -7.500015253.3057   21.3489
    0.0000    7.5000   -7.500015871.5107   21.3562
    7.5000    7.5000   -7.500015136.4619   21.3522
   -7.5000   15.0000   -7.500014685.0215   21.4769
    0.0000   15.0000   -7.500015298.1025   21.4727
    7.5000   15.0000   -7.500014607.2764   21.4717
   -7.5000   22.5000   -7.500014226.2910   21.5809
    0.0000   22.5000   -7.500014864.7051   21.5786
    7.5000   22.5000   -7.500014165.2656   21.5871
   -7.5000   30.0000   -7.500013333.1641   21.3112
    0.0000   30.0000   -7.500013968.7910   21.3230
    7.5000   30.0000   -7.500013323.8311   21.3392
   -7.5000   37.5000   -7.500012780.3672   21.1928
    0.0000   37.5000   -7.500013447.1768   21.2121
    7.5000   37.5000   -7.500012817.7295   21.2224
   -7.5000   45.0000   -7.500011797.1953   20.5706
    0.0000   45.0000   -7.500012455.1426   20.5867
    7.5000   45.0000   -7.500011824.0332   20.5865
   -7.5000  -45.0000    0.0000 9797.7627   21.5846
    0.0000  -45.0000    0.000010278.6035   21.6034
    7.5000  -45.0000    0.0000 9864.3975   21.6085
   -7.5000  -37.5000    0.000010405.3750   21.3867
    0.0000  -37.5000    0.000010939.4561   21.3938
    7.5000  -37.5000    0.000010499.1572   21.3938
   -7.5000  -30.0000    0.000011386.2598   21.5354
    0.0000  -30.0000    0.000011966.5059   21.5327
    7.5000  -30.0000    0.000011527.6113   21.5329
   -7.5000  -22.5000    0.000012542.4326   21.6629
    0.0000  -22.5000    0.000013166.1807   21.6653
    7.5000  -22.5000    0.000012730.6865   21.6732
   -7.5000  -15.0000    0.000014033.7246   21.6576
    0.0000  -15.0000    0.000014758.9102   21.6750
    7.5000  -15.0000    0.000014199.0000   21.6914
   -7.5000   -7.5000    0.000015860.1855   21.5166
    0.0000   -7.5000    0.000016761.8496   21.5400
    7.5000   -7.5000    0.000015627.4805   21.5535
   -7.5000    0.0000    0.000017309.0586   21.3732
    0.0000    0.0000    0.000018218.1602   21.3915
    7.5000    0.0000    0.000016742.1211   21.3963
   -7.5000    7.5000    0.000016604.0586   21.3867
    0.0000    7.5000    0.000017283.6641   21.3937
    7.5000    7.5000    0.000016203.7764   21.3937
   -7.5000   15.0000    0.000015813.1250   21.5354
    0.0000   15.0000    0.000016437.2051   21.5327
    7.5000   15.0000    0.000015521.3516   21.5329
   -7.5000   22.5000    0.000015276.9336   21.6529
    0.0000   22.5000    0.000015915.6533   21.6554
    7.5000   22.5000    0.000015010.5479   21.6632
   -7.5000   30.0000    0.000014304.2607   21.3773
    0.0000   30.0000    0.000014978.5273   21.3945
    7.5000   30.0000    0.000014098.6094   21.4107
   -7.5000   37.5000    0.000013715.4707   21.2381
    0.0000   37.5000    0.000014472.7422   21.2613
    7.5000   37.5000    0.000013588.7256   21.2746
   -7.5000   45.0000    0.000012677.5771   20.6013
    0.0000   45.0000    0.000013410.0664   20.6189
    7.5000   45.0000    0.000012573.7188   20.6236
   -7.5000  -45.0000    7.5000 9516.1582   21.5549
    0.0000  -45.0000    7.5000 9996.1650   21.5705
    7.5000  -45.0000    7.5000 9592.8008   21.5727
   -7.5000  -37.5000    7.500010125.9795   21.3681
    0.0000  -37.5000    7.500010623.6973   21.3710
    7.5000  -37.5000    7.500010221.2578   21.3632
   -7.5000  -30.0000    7.500011044.4150   21.5279
    0.0000  -30.0000    7.500011558.0312   21.5224
    7.5000  -30.0000    7.500011233.3682   21.5108
   -7.5000  -22.5000    7.500012124.2158   21.6548
    0.0000  -22.5000    7.500012697.3340   21.6562
    7.5000  -22.5000    7.500012380.7451   21.6534
   -7.5000  -15.0000    7.500013645.7031   21.6401
    0.0000  -15.0000    7.500014346.5605   21.6572
    7.5000  -15.0000    7.500013759.5957   21.6676
   -7.5000   -7.5000    7.500015640.8291   21.4897
    0.0000   -7.5000    7.500016643.9883   21.5120
    7.5000   -7.5000    7.500015170.3271   21.5236
   -7.5000    0.0000    7.500017354.4453   21.3446
    0.0000    0.0000    7.500018501.9668   21.3599
    7.5000    0.0000    7.500016441.7461   21.3619
   -7.5000    7.5000    7.500016802.7559   21.3681
    0.0000    7.5000    7.500017817.7480   21.3710
    7.5000    7.5000    7.500016122.2012   21.3632
   -7.5000   15.0000    7.500015898.4707   21.5279
    0.0000   15.0000    7.500016806.7363   21.5224
    7.5000   15.0000    7.500015367.8281   21.5108
   -7.5000   22.5000    7.500015186.8164   21.6448
    0.0000   22.5000    7.500016034.2275   21.6463
    7.5000   22.5000    7.500014742.7842   21.6434
   -7.5000   30.0000    7.500014059.2021   21.3600
    0.0000   30.0000    7.500014840.4102   21.3769
    7.5000   30.0000    7.500013748.8633   21.3872
   -7.5000   37.5000    7.500013405.6143   21.2115
    0.0000   37.5000    7.500014165.0605   21.2336
    7.5000   37.5000    7.500013237.0732   21.2450
   -7.5000   45.0000    7.500012374.6455   20.5738
    0.0000   45.0000    7.500013059.2881   20.5884
    7.5000   45.0000    7.500012265.3154   20.5904
   -7.5000  -45.0000   15.0000 9106.0918   21.5415
    0.0000  -45.0000   15.0000 9595.0342   21.5528
    7.5000  -45.0000   15.0000 9179.7324   21.5471
   -7.5000  -37.5000   15.0000 9690.8027   21.3581
    0.0000  -37.5000   15.000010191.5273   21.3580
    7.5000  -37.5000   15.0000 9742.7139   21.3387
   -7.5000  -30.0000   15.000010602.6113   21.5104
    0.0000  -30.0000   15.000011146.7461   21.5019
    7.5000  -30.0000   15.000010679.2686   21.4781
   -7.5000  -22.5000   15.000011733.2461   21.6257
    0.0000  -22.5000   15.000012355.5400   21.6228
    7.5000  -22.5000   15.000011782.1240   21.6102
   -7.5000  -15.0000   15.000013297.1953   21.6078
    0.0000  -15.0000   15.000014104.3662   21.6202
    7.5000  -15.0000   15.000013156.9004   21.6243
   -7.5000   -7.5000   15.000015122.9707   21.4669
    0.0000   -7.5000   15.000016153.3711   21.4851
    7.5000   -7.5000   15.000014514.3496   21.4913
   -7.5000    0.0000   15.000016331.4248   21.3327
    0.0000    0.0000   15.000017267.2441   21.3440
    7.5000    0.0000   15.000015674.9785   21.3380
   -7.5000    7.5000   15.000015813.3369   21.3581
    0.0000    7.5000   15.000016623.5215   21.3580
    7.5000    7.5000   15.000015367.3770   21.3387
   -7.5000   15.0000   15.000015088.6221   21.5104
    0.0000   15.0000   15.000015861.2520   21.5019
    7.5000   15.0000   15.000014744.1953   21.4781
   -7.5000   22.5000   15.000014397.8203   21.6158
    0.0000   22.5000   15.000015162.7412   21.6129
    7.5000   22.5000   15.000014137.7217   21.6002
   -7.5000   30.0000   15.000013283.4971   21.3282
    0.0000   30.0000   15.000013987.4814   21.3404
    7.5000   30.0000   15.000013130.2129   21.3444
   -7.5000   37.5000   15.000012700.9609   21.1891
    0.0000   37.5000   15.000013405.0566   21.2071
    7.5000   37.5000   15.000012602.1963   21.2131
   -7.5000   45.0000   15.000011714.0166   20.5622
    0.0000   45.0000   15.000012384.1572   20.5731
    7.5000   45.0000   15.000011648.6689   20.5674
   -7.5000  -45.0000   22.5000 8648.7373   21.5610
    0.0000  -45.0000   22.5000 9111.1279   21.5711
    7.5000  -45.0000   22.5000 8680.2686   21.5607
   -7.5000  -37.5000   22.5000 9219.4092   21.3703
    0.0000  -37.5000   22.5000 9693.8291   21.3701
    7.5000  -37.5000   22.5000 9228.5898   21.3473
   -7.5000  -30.0000   22.500010122.3623   21.5023
    0.0000  -30.0000   22.500010622.0039   21.4919
    7.5000  -30.0000   22.500010144.5898   21.4677
   -7.5000  -22.5000   22.500011244.7715   21.6050
    0.0000  -22.5000   22.500011812.8398   21.5972
    7.5000  -22.5000   22.500011241.9717   21.5857
   -7.5000  -15.0000   22.500012609.0264   21.5931
    0.0000  -15.0000   22.500013295.3340   21.6003
    7.5000  -15.0000   22.500012470.3936   21.6045
   -7.5000   -7.5000   22.500013859.6826   21.4726
    0.0000   -7.5000   22.500014563.8447   21.4875
    7.5000   -7.5000   22.500013618.3779   21.4907
   -7.5000    0.0000   22.500014476.7324   21.3525
    0.0000    0.0000   22.500015063.4834   21.3626
    7.5000    0.0000   22.500014441.5479   21.3517
   -7.5000    7.5000   22.500014101.2793   21.3703
    0.0000    7.5000   22.500014640.9404   21.3701
    7.5000    7.5000   22.500014118.8301   21.3473
   -7.5000   15.0000   22.500013730.9336   21.5023
    0.0000   15.0000   22.500014331.2168   21.4919
    7.5000   15.0000   22.500013685.4990   21.4677
   -7.5000   22.5000   22.500013280.2070   21.5950
    0.0000   22.5000   22.500013896.6846   21.5873
    7.5000   22.5000   22.500013221.9600   21.5758
   -7.5000   30.0000   22.500012336.2959   21.3137
    0.0000   30.0000   22.500012909.6523   21.3208
    7.5000   30.0000   22.500012280.7773   21.3249
   -7.5000   37.5000   22.500011894.8164   21.1947
    0.0000   37.5000   22.500012516.3369   21.2094
    7.5000   37.5000   22.500011843.4912   21.2126
   -7.5000   45.0000   22.500011034.4131   20.5814
    0.0000   45.0000   22.500011611.0020   20.5911
    7.5000   45.0000   22.500010986.9902   20.5806
   -7.5000  -45.0000   30.0000 8073.4839   21.7575
    0.0000  -45.0000   30.0000 8484.5996   21.7699
    7.5000  -45.0000   30.0000 8107.2646   21.7621
   -7.5000  -37.5000   30.0000 8610.1367   21.5530
    0.0000  -37.5000   30.0000 9027.3301   21.5553
    7.5000  -37.5000   30.0000 8641.4277   21.5398
   -7.5000  -30.0000   30.0000 9489.9316   21.6742
    0.0000  -30.0000   30.0000 9933.0000   21.6642
    7.5000  -30.0000   30.0000 9540.5566   21.6509
   -7.5000  -22.5000   30.000010526.1631   21.7770
    0.0000  -22.5000   30.000011009.1924   21.7678
    7.5000  -22.5000   30.000010550.1299   21.7667
   -7.5000  -15.0000   30.000011650.7354   21.7738
    0.0000  -15.0000   30.000012204.7109   21.7797
    7.5000  -15.0000   30.000011609.3389   21.7902
   -7.5000   -7.5000   30.000012578.6875   21.6627
    0.0000   -7.5000   30.000013081.1953   21.6775
    7.5000   -7.5000   30.000012546.8154   21.6831
   -7.5000    0.0000   30.000013133.6885   21.5446
    0.0000    0.0000   30.000013601.6699   21.5567
    7.5000    0.0000   30.000013230.5918   21.5485
   -7.5000    7.5000   30.000012900.8564   21.5529
    0.0000    7.5000   30.000013399.3203   21.5553
    7.5000    7.5000   30.000012977.5391   21.5398
   -7.5000   15.0000   30.000012670.0498   21.6742
    0.0000   15.0000   30.000013199.9766   21.6642
    7.5000   15.0000   30.000012681.5293   21.6509
   -7.5000   22.5000   30.000012319.2070   21.7670
    0.0000   22.5000   30.000012822.0527   21.7578
    7.5000   22.5000   30.000012273.2148   21.7567
   -7.5000   30.0000   30.000011493.2295   21.4921
    0.0000   30.0000   30.000011974.5615   21.4978
    7.5000   30.0000   30.000011405.9453   21.5082
   -7.5000   37.5000   30.000011081.6270   21.3824
    0.0000   37.5000   30.000011591.6338   21.3969
    7.5000   37.5000   30.000010990.2070   21.4025
   -7.5000   45.0000   30.000010258.8760   20.7665
    0.0000   45.0000   30.000010749.0479   20.7782
    7.5000   45.0000   30.000010185.8174   20.7703
   -7.5000  -45.0000   37.5000 7864.5127   22.3133
    0.0000  -45.0000   37.5000 8234.0713   22.3299
    7.5000  -45.0000   37.5000 7926.9712   22.3298
   -7.5000  -37.5000   37.5000 8409.7734   22.0932
    0.0000  -37.5000   37.5000 8790.7168   22.0994
    7.5000  -37.5000   37.5000 8468.0166   22.0953
   -7.5000  -30.0000   37.5000 9285.4092   22.2293
    0.0000  -30.0000   37.5000 9707.3770   22.2231
    7.5000  -30.0000   37.5000 9353.9160   22.2221
   -7.5000  -22.5000   37.500010270.4209   22.3516
    0.0000  -22.5000   37.500010724.2041   22.3471
    7.5000  -22.5000   37.500010323.6748   22.3557
   -7.5000  -15.0000   37.500011286.2920   22.3531
    0.0000  -15.0000   37.500011782.7148   22.3636
    7.5000  -15.0000   37.500011307.0195   22.3802
   -7.5000   -7.5000   37.500012133.0127   22.2256
    0.0000   -7.5000   37.500012557.3867   22.2444
    7.5000   -7.5000   37.500012153.1934   22.2549
   -7.5000    0.0000   37.500012749.2100   22.0882
    0.0000    0.0000   37.500013189.5674   22.1042
    7.5000    0.0000   37.500012812.3359   22.1038
   -7.5000    7.5000   37.500012576.0576   22.0932
    0.0000    7.5000   37.500013045.2627   22.0994
    7.5000    7.5000   37.500012607.6240   22.0953
   -7.5000   15.0000   37.500012336.6318   22.2293
    0.0000   15.0000   37.500012798.0742   22.2231
    7.5000   15.0000   37.500012322.3232   22.2221
   -7.5000   22.5000   37.500011964.6182   22.3413
    0.0000   22.5000   37.500012417.3711   22.3368
    7.5000   22.5000   37.500011909.1855   22.3454
   -7.5000   30.0000   37.500011156.6211   22.0638
    0.0000   30.0000   37.500011614.4512   22.0742
    7.5000   30.0000   37.500011086.6973   22.0906
   -7.5000   37.5000   37.500010726.5977   21.9380
    0.0000   37.5000   37.500011206.9785   21.9565
    7.5000   37.5000   37.500010671.6055   21.9669
   -7.5000   45.0000   37.5000 9882.1602   21.2905
    0.0000   45.0000   37.500010324.2920   21.3059
    7.5000   45.0000   37.5000 9845.5322   21.3055
   -7.5000  -45.0000   45.0000 7371.3569   22.9119
    0.0000  -45.0000   45.0000 7729.3877   22.9300
    7.5000  -45.0000   45.0000 7458.7266   22.9331
   -7.5000  -37.5000   45.0000 7899.0942   22.6827
    0.0000  -37.5000   45.0000 8290.5498   22.6869
    7.5000  -37.5000   45.0000 7982.0127   22.6847
   -7.5000  -30.0000   45.0000 8721.9346   22.8445
    0.0000  -30.0000   45.0000 9130.1338   22.8371
    7.5000  -30.0000   45.0000 8798.4502   22.8353
   -7.5000  -22.5000   45.0000 9618.8789   22.9867
    0.0000  -22.5000   45.000010044.9990   22.9853
    7.5000  -22.5000   45.0000 9684.1270   22.9921
   -7.5000  -15.0000   45.000010522.2227   22.9828
    0.0000  -15.0000   45.000010954.7314   22.9991
    7.5000  -15.0000   45.000010530.1816   23.0154
   -7.5000   -7.5000   45.000011256.0830   22.8302
    0.0000   -7.5000   45.000011691.5469   22.8538
    7.5000   -7.5000   45.000011288.5439   22.8664
   -7.5000    0.0000   45.000011844.8516   22.6723
    0.0000    0.0000   45.000012307.3809   22.6898
    7.5000    0.0000   45.000011903.9795   22.6928
   -7.5000    7.5000   45.000011689.9707   22.6827
    0.0000    7.5000   45.000012156.0654   22.6869
    7.5000    7.5000   45.000011711.0498   22.6846
   -7.5000   15.0000   45.000011449.1758   22.8445
    0.0000   15.0000   45.000011891.6006   22.8371
    7.5000   15.0000   45.000011441.4229   22.8353
   -7.5000   22.5000   45.000011091.8057   22.9760
    0.0000   22.5000   45.000011518.1543   22.9747
    7.5000   22.5000   45.000011048.9727   22.9815
   -7.5000   30.0000   45.000010333.2568   22.6834
    0.0000   30.0000   45.000010762.4160   22.6995
    7.5000   30.0000   45.000010271.6475   22.7156
   -7.5000   37.5000   45.0000 9931.4502   22.5327
    0.0000   37.5000   45.000010371.9258   22.5560
    7.5000   37.5000   45.0000 9890.0293   22.5685
   -7.5000   45.0000   45.0000 9090.9473   21.8634
    0.0000   45.0000   45.0000 9498.2725   21.8803
    7.5000   45.0000   45.0000 9090.2734   21.8831

---------------------------------------------------------------------
imgreg_4dfp /opt/freesurfer/average/711-2C_as_mni_average_305 /opt/freesurfer/average/711-2B_as_mni_average_305_mask talsrcimg_g11 none talsrcimg_to_711-2C_as_mni_average_305_t4 4355
---------------------------------------------------------------------

freesurfer imgreg_4dfp.c
/opt/freesurfer/average/711-2C_as_mni_average_305.4dfp.img
       256       256       256         1
  1.000000  1.000000  1.000000
orientation T byte_order littleendian
Reading image: /opt/freesurfer/average/711-2C_as_mni_average_305.4dfp.img
dimensions:      256       256       256
mmppix:       1.0000   -1.0000   -1.0000
center:     128.0000 -129.0000 -129.0000
/opt/freesurfer/average/711-2B_as_mni_average_305_mask.4dfp.img
       256       256       256         1
  1.000000  1.000000  1.000000
orientation T byte_order littleendian
Reading mask: /opt/freesurfer/average/711-2B_as_mni_average_305_mask.4dfp.img (2306576 pixels)
talsrcimg_g11.4dfp.img
       256       256       256         1
  1.000000  1.000000  1.000000
orientation T byte_order littleendian
Reading image: talsrcimg_g11.4dfp.img
dimensions:      256       256       256
mmppix:       1.0000   -1.0000   -1.0000
center:     128.0000 -129.0000 -129.0000
rotation matrix determinant  1.000000
image alignment mode   4355 decimal     1103 hex
   -7.5000  -45.0000  -37.5000 2056.6499   26.5781
    0.0000  -45.0000  -37.5000 2062.8972   26.3477
    7.5000  -45.0000  -37.5000 2037.7585   26.2005
   -7.5000  -37.5000  -37.5000 2170.8574   24.2320
    0.0000  -37.5000  -37.5000 2178.5688   24.0150
    7.5000  -37.5000  -37.5000 2152.8960   23.8413
   -7.5000  -30.0000  -37.5000 2265.1733   22.5871
    0.0000  -30.0000  -37.5000 2274.9177   22.3886
    7.5000  -30.0000  -37.5000 2245.5347   22.2223
   -7.5000  -22.5000  -37.5000 2333.2495   21.0110
    0.0000  -22.5000  -37.5000 2345.9536   20.8152
    7.5000  -22.5000  -37.5000 2310.7041   20.6882
   -7.5000  -15.0000  -37.5000 2373.8921   19.5304
    0.0000  -15.0000  -37.5000 2387.9192   19.3122
    7.5000  -15.0000  -37.5000 2352.3672   19.3160
   -7.5000   -7.5000  -37.5000 2406.0815   18.5651
    0.0000   -7.5000  -37.5000 2419.2622   18.3888
    7.5000   -7.5000  -37.5000 2395.8350   18.4269
   -7.5000    0.0000  -37.5000 2414.3242   18.1030
    0.0000    0.0000  -37.5000 2419.9612   17.9561
    7.5000    0.0000  -37.5000 2405.2810   17.9831
   -7.5000    7.5000  -37.5000 2414.6218   18.0627
    0.0000    7.5000  -37.5000 2420.3618   17.8812
    7.5000    7.5000  -37.5000 2402.4102   17.9563
   -7.5000   15.0000  -37.5000 2388.8347   18.2974
    0.0000   15.0000  -37.5000 2409.2986   18.1443
    7.5000   15.0000  -37.5000 2378.8848   18.2315
   -7.5000   22.5000  -37.5000 2361.5854   19.0934
    0.0000   22.5000  -37.5000 2370.7319   18.9052
    7.5000   22.5000  -37.5000 2344.0566   18.9750
   -7.5000   30.0000  -37.5000 2302.9548   20.2299
    0.0000   30.0000  -37.5000 2314.2966   20.0592
    7.5000   30.0000  -37.5000 2279.1731   20.0986
   -7.5000   37.5000  -37.5000 2228.4934   21.6315
    0.0000   37.5000  -37.5000 2237.5461   21.4638
    7.5000   37.5000  -37.5000 2208.7871   21.5531
   -7.5000   45.0000  -37.5000 2120.8252   23.2229
    0.0000   45.0000  -37.5000 2134.9768   23.1024
    7.5000   45.0000  -37.5000 2107.0156   23.0894
   -7.5000  -45.0000  -30.0000 2157.8650   25.7883
    0.0000  -45.0000  -30.0000 2172.7141   25.5705
    7.5000  -45.0000  -30.0000 2141.0090   25.4050
   -7.5000  -37.5000  -30.0000 2287.6426   23.5649
    0.0000  -37.5000  -30.0000 2303.2068   23.2497
    7.5000  -37.5000  -30.0000 2269.2791   23.1771
   -7.5000  -30.0000  -30.0000 2381.5327   21.9307
    0.0000  -30.0000  -30.0000 2397.6477   21.6159
    7.5000  -30.0000  -30.0000 2364.8406   21.4949
   -7.5000  -22.5000  -30.0000 2458.2993   20.4001
    0.0000  -22.5000  -30.0000 2473.2725   20.0807
    7.5000  -22.5000  -30.0000 2441.4004   20.0285
   -7.5000  -15.0000  -30.0000 2496.7600   18.9776
    0.0000  -15.0000  -30.0000 2516.5586   18.6710
    7.5000  -15.0000  -30.0000 2486.1130   18.6710
   -7.5000   -7.5000  -30.0000 2537.2654   17.9237
    0.0000   -7.5000  -30.0000 2551.6602   17.6769
    7.5000   -7.5000  -30.0000 2533.4431   17.7042
   -7.5000    0.0000  -30.0000 2557.8772   17.4460
    0.0000    0.0000  -30.0000 2566.5254   17.2195
    7.5000    0.0000  -30.0000 2551.8254   17.2850
   -7.5000    7.5000  -30.0000 2547.2275   17.3597
    0.0000    7.5000  -30.0000 2556.9971   17.1586
    7.5000    7.5000  -30.0000 2547.2883   17.2474
   -7.5000   15.0000  -30.0000 2518.7756   17.5706
    0.0000   15.0000  -30.0000 2541.0085   17.4098
    7.5000   15.0000  -30.0000 2518.1323   17.4760
   -7.5000   22.5000  -30.0000 2489.3237   18.3559
    0.0000   22.5000  -30.0000 2499.6584   18.1077
    7.5000   22.5000  -30.0000 2476.9338   18.2023
   -7.5000   30.0000  -30.0000 2414.4822   19.4098
    0.0000   30.0000  -30.0000 2426.9985   19.1924
    7.5000   30.0000  -30.0000 2404.8469   19.2813
   -7.5000   37.5000  -30.0000 2337.1462   20.7281
    0.0000   37.5000  -30.0000 2354.0347   20.4953
    7.5000   37.5000  -30.0000 2333.8252   20.6635
   -7.5000   45.0000  -30.0000 2242.8694   22.3128
    0.0000   45.0000  -30.0000 2257.2620   22.0888
    7.5000   45.0000  -30.0000 2235.2439   22.1833
   -7.5000  -45.0000  -22.5000 2247.7861   25.0804
    0.0000  -45.0000  -22.5000 2262.4077   24.7918
    7.5000  -45.0000  -22.5000 2232.2278   24.5946
   -7.5000  -37.5000  -22.5000 2378.7786   22.8123
    0.0000  -37.5000  -22.5000 2398.5339   22.4522
    7.5000  -37.5000  -22.5000 2362.4749   22.3049
   -7.5000  -30.0000  -22.5000 2471.1416   21.1457
    0.0000  -30.0000  -22.5000 2490.9675   20.7875
    7.5000  -30.0000  -22.5000 2459.3252   20.6884
   -7.5000  -22.5000  -22.5000 2545.0203   19.6855
    0.0000  -22.5000  -22.5000 2565.6594   19.3237
    7.5000  -22.5000  -22.5000 2537.7173   19.2894
   -7.5000  -15.0000  -22.5000 2596.8821   18.3793
    0.0000  -15.0000  -22.5000 2615.0720   18.0024
    7.5000  -15.0000  -22.5000 2590.8289   18.0193
   -7.5000   -7.5000  -22.5000 2641.9460   17.2947
    0.0000   -7.5000  -22.5000 2657.4458   16.9760
    7.5000   -7.5000  -22.5000 2633.7932   17.0094
   -7.5000    0.0000  -22.5000 2664.6277   16.7061
    0.0000    0.0000  -22.5000 2677.2214   16.3767
    7.5000    0.0000  -22.5000 2657.1267   16.4543
   -7.5000    7.5000  -22.5000 2653.9570   16.5680
    0.0000    7.5000  -22.5000 2668.0920   16.3022
    7.5000    7.5000  -22.5000 2655.9768   16.4281
   -7.5000   15.0000  -22.5000 2627.5435   16.8144
    0.0000   15.0000  -22.5000 2645.6587   16.5122
    7.5000   15.0000  -22.5000 2626.9436   16.6589
   -7.5000   22.5000  -22.5000 2592.2610   17.5442
    0.0000   22.5000  -22.5000 2605.1667   17.2227
    7.5000   22.5000  -22.5000 2585.7112   17.3385
   -7.5000   30.0000  -22.5000 2517.2383   18.5761
    0.0000   30.0000  -22.5000 2527.6904   18.2483
    7.5000   30.0000  -22.5000 2510.6780   18.3572
   -7.5000   37.5000  -22.5000 2437.1064   19.7853
    0.0000   37.5000  -22.5000 2446.9023   19.5414
    7.5000   37.5000  -22.5000 2432.6616   19.6672
   -7.5000   45.0000  -22.5000 2339.3057   21.3591
    0.0000   45.0000  -22.5000 2348.2654   21.0387
    7.5000   45.0000  -22.5000 2329.7900   21.1442
   -7.5000  -45.0000  -15.0000 2300.1313   24.3202
    0.0000  -45.0000  -15.0000 2310.1768   23.9466
    7.5000  -45.0000  -15.0000 2283.3142   23.8071
   -7.5000  -37.5000  -15.0000 2431.0754   22.0350
    0.0000  -37.5000  -15.0000 2443.6985   21.6362
    7.5000  -37.5000  -15.0000 2418.1260   21.5206
   -7.5000  -30.0000  -15.0000 2519.4360   20.3780
    0.0000  -30.0000  -15.0000 2537.3755   19.9487
    7.5000  -30.0000  -15.0000 2513.1282   19.8641
   -7.5000  -22.5000  -15.0000 2598.7322   19.0165
    0.0000  -22.5000  -15.0000 2614.6182   18.6104
    7.5000  -22.5000  -15.0000 2589.3569   18.5555
   -7.5000  -15.0000  -15.0000 2671.7314   17.8270
    0.0000  -15.0000  -15.0000 2687.1536   17.3950
    7.5000  -15.0000  -15.0000 2659.4448   17.4013
   -7.5000   -7.5000  -15.0000 2721.9346   16.8504
    0.0000   -7.5000  -15.0000 2734.0359   16.4922
    7.5000   -7.5000  -15.0000 2701.0962   16.4501
   -7.5000    0.0000  -15.0000 2737.5037   16.1023
    0.0000    0.0000  -15.0000 2743.2920   15.6655
    7.5000    0.0000  -15.0000 2717.8247   15.7871
   -7.5000    7.5000  -15.0000 2729.5413   15.8242
    0.0000    7.5000  -15.0000 2729.7234   15.4464
    7.5000    7.5000  -15.0000 2714.5039   15.6681
   -7.5000   15.0000  -15.0000 2699.4944   16.0845
    0.0000   15.0000  -15.0000 2702.7441   15.6854
    7.5000   15.0000  -15.0000 2688.5918   15.8923
   -7.5000   22.5000  -15.0000 2661.8174   16.7896
    0.0000   22.5000  -15.0000 2666.1277   16.4150
    7.5000   22.5000  -15.0000 2645.0962   16.5266
   -7.5000   30.0000  -15.0000 2582.8606   17.7404
    0.0000   30.0000  -15.0000 2585.4297   17.3807
    7.5000   30.0000  -15.0000 2574.0771   17.5002
   -7.5000   37.5000  -15.0000 2505.9734   18.9496
    0.0000   37.5000  -15.0000 2509.0891   18.6025
    7.5000   37.5000  -15.0000 2500.3818   18.8026
   -7.5000   45.0000  -15.0000 2404.7310   20.5069
    0.0000   45.0000  -15.0000 2414.9783   20.1355
    7.5000   45.0000  -15.0000 2390.2988   20.3390
   -7.5000  -45.0000   -7.5000 2314.4099   23.6103
    0.0000  -45.0000   -7.5000 2324.4255   23.2076
    7.5000  -45.0000   -7.5000 2301.9136   23.1335
   -7.5000  -37.5000   -7.5000 2448.4780   21.2963
    0.0000  -37.5000   -7.5000 2454.9438   20.8582
    7.5000  -37.5000   -7.5000 2435.9292   20.8482
   -7.5000  -30.0000   -7.5000 2545.6370   19.6522
    0.0000  -30.0000   -7.5000 2553.7058   19.1518
    7.5000  -30.0000   -7.5000 2539.2922   19.1903
   -7.5000  -22.5000   -7.5000 2639.2644   18.3814
    0.0000  -22.5000   -7.5000 2639.3279   17.8796
    7.5000  -22.5000   -7.5000 2625.2500   17.9160
   -7.5000  -15.0000   -7.5000 2722.4241   17.3621
    0.0000  -15.0000   -7.5000 2721.3916   16.8853
    7.5000  -15.0000   -7.5000 2701.3472   16.8416
   -7.5000   -7.5000   -7.5000 2802.3047   16.5620
    0.0000   -7.5000   -7.5000 2797.8203   16.1031
    7.5000   -7.5000   -7.5000 2761.9458   15.9756
   -7.5000    0.0000   -7.5000 2809.8850   15.8387
    0.0000    0.0000   -7.5000 2802.4802   15.3502
    7.5000    0.0000   -7.5000 2774.7378   15.3141
   -7.5000    7.5000   -7.5000 2777.9756   15.2653
    0.0000    7.5000   -7.5000 2762.7771   14.8260
    7.5000    7.5000   -7.5000 2753.1199   15.0383
   -7.5000   15.0000   -7.5000 2738.8196   15.4886
    0.0000   15.0000   -7.5000 2722.8835   15.0596
    7.5000   15.0000   -7.5000 2717.4170   15.2530
   -7.5000   22.5000   -7.5000 2700.3838   16.1350
    0.0000   22.5000   -7.5000 2690.5203   15.7348
    7.5000   22.5000   -7.5000 2673.4172   15.8926
   -7.5000   30.0000   -7.5000 2627.5239   17.0661
    0.0000   30.0000   -7.5000 2620.0059   16.6504
    7.5000   30.0000   -7.5000 2611.2659   16.9071
   -7.5000   37.5000   -7.5000 2551.8674   18.2410
    0.0000   37.5000   -7.5000 2552.8579   17.8345
    7.5000   37.5000   -7.5000 2538.2627   18.1187
   -7.5000   45.0000   -7.5000 2456.2251   19.8170
    0.0000   45.0000   -7.5000 2458.0178   19.4061
    7.5000   45.0000   -7.5000 2432.5627   19.6933
   -7.5000  -45.0000    0.0000 2329.7263   23.3736
    0.0000  -45.0000    0.0000 2330.2148   22.7907
    7.5000  -45.0000    0.0000 2318.1917   22.8230
   -7.5000  -37.5000    0.0000 2454.0454   20.9575
    0.0000  -37.5000    0.0000 2458.1497   20.4411
    7.5000  -37.5000    0.0000 2440.8618   20.4257
   -7.5000  -30.0000    0.0000 2552.4666   19.2550
    0.0000  -30.0000    0.0000 2559.7969   18.7780
    7.5000  -30.0000    0.0000 2538.7781   18.7538
   -7.5000  -22.5000    0.0000 2648.1069   17.9366
    0.0000  -22.5000    0.0000 2655.0061   17.4939
    7.5000  -22.5000    0.0000 2631.3369   17.4505
   -7.5000  -15.0000    0.0000 2744.4880   17.0334
    0.0000  -15.0000    0.0000 2746.6230   16.5917
    7.5000  -15.0000    0.0000 2721.2803   16.4343
   -7.5000   -7.5000    0.0000 2843.9858   16.3765
    0.0000   -7.5000    0.0000 2844.5581   15.9191
    7.5000   -7.5000    0.0000 2794.6370   15.6673
   -7.5000    0.0000    0.0000 2888.6047   16.0128
    0.0000    0.0000    0.0000 2880.8726   15.5395
    7.5000    0.0000    0.0000 2821.6414   15.1357
   -7.5000    7.5000    0.0000 2819.9026   15.3217
    0.0000    7.5000    0.0000 2809.3506   14.9524
    7.5000    7.5000    0.0000 2789.4160   14.8797
   -7.5000   15.0000    0.0000 2753.1050   15.2509
    0.0000   15.0000    0.0000 2738.1541   14.8608
    7.5000   15.0000    0.0000 2728.1252   14.9311
   -7.5000   22.5000    0.0000 2710.4666   15.7646
    0.0000   22.5000    0.0000 2698.5293   15.3694
    7.5000   22.5000    0.0000 2683.1287   15.5387
   -7.5000   30.0000    0.0000 2639.2524   16.6457
    0.0000   30.0000    0.0000 2640.0713   16.2867
    7.5000   30.0000    0.0000 2622.2302   16.4321
   -7.5000   37.5000    0.0000 2573.9707   17.8830
    0.0000   37.5000    0.0000 2578.0510   17.5240
    7.5000   37.5000    0.0000 2553.3733   17.6848
   -7.5000   45.0000    0.0000 2475.1343   19.4533
    0.0000   45.0000    0.0000 2481.9890   19.1277
    7.5000   45.0000    0.0000 2449.2256   19.2196
   -7.5000  -45.0000    7.5000 2333.5645   23.2741
    0.0000  -45.0000    7.5000 2333.7146   22.7367
    7.5000  -45.0000    7.5000 2319.0383   22.7198
   -7.5000  -37.5000    7.5000 2462.7422   20.9199
    0.0000  -37.5000    7.5000 2463.2588   20.3905
    7.5000  -37.5000    7.5000 2449.7124   20.3749
   -7.5000  -30.0000    7.5000 2563.6646   19.2071
    0.0000  -30.0000    7.5000 2565.5698   18.7037
    7.5000  -30.0000    7.5000 2555.3823   18.6894
   -7.5000  -22.5000    7.5000 2667.1790   17.8426
    0.0000  -22.5000    7.5000 2668.8557   17.3756
    7.5000  -22.5000    7.5000 2656.1973   17.3659
   -7.5000  -15.0000    7.5000 2768.6780   16.9848
    0.0000  -15.0000    7.5000 2771.4766   16.5456
    7.5000  -15.0000    7.5000 2749.3831   16.3481
   -7.5000   -7.5000    7.5000 2878.6633   16.4953
    0.0000   -7.5000    7.5000 2887.5078   16.0945
    7.5000   -7.5000    7.5000 2823.2490   15.6000
   -7.5000    0.0000    7.5000 2938.1780   16.2760
    0.0000    0.0000    7.5000 2953.1484   15.9058
    7.5000    0.0000    7.5000 2852.1279   15.2073
   -7.5000    7.5000    7.5000 2883.4939   15.7453
    0.0000    7.5000    7.5000 2903.2373   15.5630
    7.5000    7.5000    7.5000 2832.4365   15.0421
   -7.5000   15.0000    7.5000 2773.7937   15.4103
    0.0000   15.0000    7.5000 2787.3752   15.1624
    7.5000   15.0000    7.5000 2754.4585   15.0128
   -7.5000   22.5000    7.5000 2723.7180   15.6512
    0.0000   22.5000    7.5000 2724.9900   15.3551
    7.5000   22.5000    7.5000 2699.5540   15.3513
   -7.5000   30.0000    7.5000 2651.2666   16.4492
    0.0000   30.0000    7.5000 2653.2261   16.1296
    7.5000   30.0000    7.5000 2629.6633   16.2198
   -7.5000   37.5000    7.5000 2577.3760   17.7149
    0.0000   37.5000    7.5000 2578.0906   17.3707
    7.5000   37.5000    7.5000 2559.7542   17.4913
   -7.5000   45.0000    7.5000 2479.2190   19.2783
    0.0000   45.0000    7.5000 2482.5581   18.9229
    7.5000   45.0000    7.5000 2463.8457   19.0520
   -7.5000  -45.0000   15.0000 2329.8901   23.3981
    0.0000  -45.0000   15.0000 2337.6184   22.8229
    7.5000  -45.0000   15.0000 2321.9678   22.8021
   -7.5000  -37.5000   15.0000 2455.4497   20.9921
    0.0000  -37.5000   15.0000 2463.7434   20.4784
    7.5000  -37.5000   15.0000 2447.1348   20.3944
   -7.5000  -30.0000   15.0000 2562.9182   19.3165
    0.0000  -30.0000   15.0000 2566.4509   18.8425
    7.5000  -30.0000   15.0000 2548.7556   18.6977
   -7.5000  -22.5000   15.0000 2671.9612   18.0548
    0.0000  -22.5000   15.0000 2680.2532   17.6751
    7.5000  -22.5000   15.0000 2651.2771   17.4467
   -7.5000  -15.0000   15.0000 2786.6277   17.2230
    0.0000  -15.0000   15.0000 2802.9976   16.8890
    7.5000  -15.0000   15.0000 2756.8105   16.4900
   -7.5000   -7.5000   15.0000 2898.9744   16.6477
    0.0000   -7.5000   15.0000 2921.3384   16.4074
    7.5000   -7.5000   15.0000 2831.3887   15.7585
   -7.5000    0.0000   15.0000 2939.0583   16.2708
    0.0000    0.0000   15.0000 2959.4536   15.9924
    7.5000    0.0000   15.0000 2850.4658   15.4439
   -7.5000    7.5000   15.0000 2878.0823   15.6816
    0.0000    7.5000   15.0000 2884.3059   15.3857
    7.5000    7.5000   15.0000 2833.1113   15.2826
   -7.5000   15.0000   15.0000 2792.3987   15.5962
    0.0000   15.0000   15.0000 2796.9983   15.2268
    7.5000   15.0000   15.0000 2771.6482   15.3052
   -7.5000   22.5000   15.0000 2735.7712   15.9198
    0.0000   22.5000   15.0000 2741.8848   15.6296
    7.5000   22.5000   15.0000 2707.7842   15.6553
   -7.5000   30.0000   15.0000 2652.3164   16.7875
    0.0000   30.0000   15.0000 2653.9536   16.5183
    7.5000   30.0000   15.0000 2624.6682   16.5872
   -7.5000   37.5000   15.0000 2569.5420   17.9702
    0.0000   37.5000   15.0000 2568.5000   17.6841
    7.5000   37.5000   15.0000 2542.2146   17.7462
   -7.5000   45.0000   15.0000 2459.9353   19.4806
    0.0000   45.0000   15.0000 2469.1311   19.1538
    7.5000   45.0000   15.0000 2437.8799   19.2174
   -7.5000  -45.0000   22.5000 2332.4385   23.7449
    0.0000  -45.0000   22.5000 2342.9768   23.2171
    7.5000  -45.0000   22.5000 2320.8374   23.1565
   -7.5000  -37.5000   22.5000 2459.1155   21.4048
    0.0000  -37.5000   22.5000 2467.7249   20.8865
    7.5000  -37.5000   22.5000 2440.9070   20.7900
   -7.5000  -30.0000   22.5000 2561.6270   19.7226
    0.0000  -30.0000   22.5000 2571.1069   19.2404
    7.5000  -30.0000   22.5000 2542.0349   19.1165
   -7.5000  -22.5000   22.5000 2668.6123   18.4210
    0.0000  -22.5000   22.5000 2679.5964   18.0184
    7.5000  -22.5000   22.5000 2646.4160   17.8568
   -7.5000  -15.0000   22.5000 2775.9819   17.4141
    0.0000  -15.0000   22.5000 2787.1230   17.0404
    7.5000  -15.0000   22.5000 2746.0266   16.7866
   -7.5000   -7.5000   22.5000 2863.3828   16.5731
    0.0000   -7.5000   22.5000 2869.3293   16.2110
    7.5000   -7.5000   22.5000 2812.7312   15.8913
   -7.5000    0.0000   22.5000 2857.3936   15.7864
    0.0000    0.0000   22.5000 2860.4021   15.3445
    7.5000    0.0000   22.5000 2826.7234   15.4331
   -7.5000    7.5000   22.5000 2820.0100   15.3277
    0.0000    7.5000   22.5000 2807.8940   14.8972
    7.5000    7.5000   22.5000 2805.0747   15.2574
   -7.5000   15.0000   22.5000 2783.4790   15.6275
    0.0000   15.0000   22.5000 2791.8301   15.2622
    7.5000   15.0000   22.5000 2754.5129   15.4467
   -7.5000   22.5000   22.5000 2730.4846   16.2991
    0.0000   22.5000   22.5000 2741.7676   15.9584
    7.5000   22.5000   22.5000 2706.1780   16.0375
   -7.5000   30.0000   22.5000 2644.2004   17.3170
    0.0000   30.0000   22.5000 2644.7122   16.9915
    7.5000   30.0000   22.5000 2620.9214   17.0920
   -7.5000   37.5000   22.5000 2550.9050   18.5622
    0.0000   37.5000   22.5000 2560.5979   18.2800
    7.5000   37.5000   22.5000 2528.2385   18.3578
   -7.5000   45.0000   22.5000 2440.8049   20.0482
    0.0000   45.0000   22.5000 2447.2849   19.7765
    7.5000   45.0000   22.5000 2419.4639   19.8381
   -7.5000  -45.0000   30.0000 2312.7483   24.3069
    0.0000  -45.0000   30.0000 2320.8110   23.7451
    7.5000  -45.0000   30.0000 2302.8252   23.7484
   -7.5000  -37.5000   30.0000 2441.2954   21.8654
    0.0000  -37.5000   30.0000 2451.1233   21.3050
    7.5000  -37.5000   30.0000 2430.0093   21.3787
   -7.5000  -30.0000   30.0000 2543.3198   20.1330
    0.0000  -30.0000   30.0000 2559.3140   19.5590
    7.5000  -30.0000   30.0000 2536.6953   19.6565
   -7.5000  -22.5000   30.0000 2647.6572   18.8146
    0.0000  -22.5000   30.0000 2658.1377   18.3120
    7.5000  -22.5000   30.0000 2640.6851   18.3459
   -7.5000  -15.0000   30.0000 2737.7727   17.6943
    0.0000  -15.0000   30.0000 2750.6138   17.1924
    7.5000  -15.0000   30.0000 2719.0173   17.1709
   -7.5000   -7.5000   30.0000 2798.5710   16.6490
    0.0000   -7.5000   30.0000 2800.9548   16.1692
    7.5000   -7.5000   30.0000 2775.8359   16.1734
   -7.5000    0.0000   30.0000 2789.9968   15.7463
    0.0000    0.0000   30.0000 2778.3923   15.1983
    7.5000    0.0000   30.0000 2779.5444   15.6081
   -7.5000    7.5000   30.0000 2779.4265   15.5362
    0.0000    7.5000   30.0000 2776.4290   15.1880
    7.5000    7.5000   30.0000 2761.9282   15.4533
   -7.5000   15.0000   30.0000 2756.2136   15.9967
    0.0000   15.0000   30.0000 2764.2402   15.6554
    7.5000   15.0000   30.0000 2725.0566   15.8059
   -7.5000   22.5000   30.0000 2705.3267   16.7921
    0.0000   22.5000   30.0000 2707.3699   16.5221
    7.5000   22.5000   30.0000 2674.3052   16.5776
   -7.5000   30.0000   30.0000 2622.7256   17.9197
    0.0000   30.0000   30.0000 2622.1665   17.6261
    7.5000   30.0000   30.0000 2593.9607   17.7393
   -7.5000   37.5000   30.0000 2521.4470   19.2036
    0.0000   37.5000   30.0000 2531.0283   18.9328
    7.5000   37.5000   30.0000 2497.5608   19.0817
   -7.5000   45.0000   30.0000 2397.2212   20.7427
    0.0000   45.0000   30.0000 2411.2754   20.5027
    7.5000   45.0000   30.0000 2383.2119   20.5875
   -7.5000  -45.0000   37.5000 2277.3123   24.9634
    0.0000  -45.0000   37.5000 2290.8174   24.3553
    7.5000  -45.0000   37.5000 2280.2727   24.5435
   -7.5000  -37.5000   37.5000 2410.7905   22.4903
    0.0000  -37.5000   37.5000 2427.4827   21.8695
    7.5000  -37.5000   37.5000 2411.6482   22.1049
   -7.5000  -30.0000   37.5000 2518.7578   20.7604
    0.0000  -30.0000   37.5000 2536.7290   20.1399
    7.5000  -30.0000   37.5000 2517.2822   20.3750
   -7.5000  -22.5000   37.5000 2614.3389   19.4042
    0.0000  -22.5000   37.5000 2626.1892   18.8238
    7.5000  -22.5000   37.5000 2610.1536   19.0230
   -7.5000  -15.0000   37.5000 2691.8098   18.1874
    0.0000  -15.0000   37.5000 2704.2854   17.5980
    7.5000  -15.0000   37.5000 2681.4534   17.7828
   -7.5000   -7.5000   37.5000 2737.7954   17.0007
    0.0000   -7.5000   37.5000 2735.3052   16.4545
    7.5000   -7.5000   37.5000 2731.9155   16.7629
   -7.5000    0.0000   37.5000 2741.4758   16.1710
    0.0000    0.0000   37.5000 2736.4729   15.7318
    7.5000    0.0000   37.5000 2723.0222   16.0811
   -7.5000    7.5000   37.5000 2739.5681   16.2106
    0.0000    7.5000   37.5000 2739.8999   15.8263
    7.5000    7.5000   37.5000 2726.3074   16.0599
   -7.5000   15.0000   37.5000 2713.8096   16.6754
    0.0000   15.0000   37.5000 2715.2576   16.2807
    7.5000   15.0000   37.5000 2684.1504   16.4510
   -7.5000   22.5000   37.5000 2655.7966   17.5269
    0.0000   22.5000   37.5000 2658.4441   17.1635
    7.5000   22.5000   37.5000 2630.5264   17.2730
   -7.5000   30.0000   37.5000 2577.8115   18.7059
    0.0000   30.0000   37.5000 2581.2983   18.4246
    7.5000   30.0000   37.5000 2551.3572   18.5420
   -7.5000   37.5000   37.5000 2478.4512   20.1000
    0.0000   37.5000   37.5000 2487.4399   19.8152
    7.5000   37.5000   37.5000 2453.6013   19.9027
   -7.5000   45.0000   37.5000 2348.9846   21.6726
    0.0000   45.0000   37.5000 2364.7664   21.4491
    7.5000   45.0000   37.5000 2341.7659   21.5021
   -7.5000  -45.0000   45.0000 2235.0840   25.8540
    0.0000  -45.0000   45.0000 2254.0662   25.2564
    7.5000  -45.0000   45.0000 2247.0969   25.4850
   -7.5000  -37.5000   45.0000 2373.2285   23.3242
    0.0000  -37.5000   45.0000 2395.0405   22.7601
    7.5000  -37.5000   45.0000 2380.4065   23.0015
   -7.5000  -30.0000   45.0000 2474.3499   21.6114
    0.0000  -30.0000   45.0000 2491.6870   21.0033
    7.5000  -30.0000   45.0000 2479.0098   21.1972
   -7.5000  -22.5000   45.0000 2560.1084   20.1835
    0.0000  -22.5000   45.0000 2572.6277   19.5776
    7.5000  -22.5000   45.0000 2558.8625   19.7974
   -7.5000  -15.0000   45.0000 2622.5896   18.7979
    0.0000  -15.0000   45.0000 2634.2212   18.2314
    7.5000  -15.0000   45.0000 2618.3831   18.4987
   -7.5000   -7.5000   45.0000 2666.7070   17.6516
    0.0000   -7.5000   45.0000 2676.3328   17.1411
    7.5000   -7.5000   45.0000 2656.8279   17.4688
   -7.5000    0.0000   45.0000 2677.4873   16.9303
    0.0000    0.0000   45.0000 2681.6016   16.5645
    7.5000    0.0000   45.0000 2659.6978   16.8348
   -7.5000    7.5000   45.0000 2680.1782   17.0673
    0.0000    7.5000   45.0000 2682.4771   16.6545
    7.5000    7.5000   45.0000 2663.1951   16.8989
   -7.5000   15.0000   45.0000 2643.8896   17.5409
    0.0000   15.0000   45.0000 2645.5461   17.1742
    7.5000   15.0000   45.0000 2621.0586   17.3269
   -7.5000   22.5000   45.0000 2589.0212   18.3468
    0.0000   22.5000   45.0000 2589.5762   18.0302
    7.5000   22.5000   45.0000 2568.9089   18.1809
   -7.5000   30.0000   45.0000 2510.3003   19.5231
    0.0000   30.0000   45.0000 2516.8552   19.2535
    7.5000   30.0000   45.0000 2480.9807   19.3671
   -7.5000   37.5000   45.0000 2412.4780   21.0405
    0.0000   37.5000   45.0000 2422.5007   20.8085
    7.5000   37.5000   45.0000 2385.7153   20.8842
   -7.5000   45.0000   45.0000 2274.1462   22.6757
    0.0000   45.0000   45.0000 2286.7473   22.4753
    7.5000   45.0000   45.0000 2264.3838   22.5679
   -7.5000  -45.0000   52.5000 2198.9302   26.9695
    0.0000  -45.0000   52.5000 2217.9939   26.4067
    7.5000  -45.0000   52.5000 2204.1443   26.4612
   -7.5000  -37.5000   52.5000 2328.7048   24.3849
    0.0000  -37.5000   52.5000 2349.3564   23.8470
    7.5000  -37.5000   52.5000 2330.0420   23.9106
   -7.5000  -30.0000   52.5000 2415.4590   22.5930
    0.0000  -30.0000   52.5000 2435.2295   22.0275
    7.5000  -30.0000   52.5000 2416.9553   22.1386
   -7.5000  -22.5000   52.5000 2491.2825   21.0248
    0.0000  -22.5000   52.5000 2509.7136   20.4902
    7.5000  -22.5000   52.5000 2492.6260   20.6870
   -7.5000  -15.0000   52.5000 2548.0251   19.6392
    0.0000  -15.0000   52.5000 2561.1365   19.1189
    7.5000  -15.0000   52.5000 2542.4358   19.3523
   -7.5000   -7.5000   52.5000 2596.6084   18.5641
    0.0000   -7.5000   52.5000 2604.3628   18.1148
    7.5000   -7.5000   52.5000 2579.0261   18.3742
   -7.5000    0.0000   52.5000 2601.6140   17.8884
    0.0000    0.0000   52.5000 2602.9778   17.5423
    7.5000    0.0000   52.5000 2583.8901   17.7588
   -7.5000    7.5000   52.5000 2601.6028   18.0265
    0.0000    7.5000   52.5000 2609.7097   17.6329
    7.5000    7.5000   52.5000 2582.5747   17.8349
   -7.5000   15.0000   52.5000 2573.3921   18.5002
    0.0000   15.0000   52.5000 2578.9570   18.1693
    7.5000   15.0000   52.5000 2550.6206   18.3030
   -7.5000   22.5000   52.5000 2514.3989   19.2970
    0.0000   22.5000   52.5000 2518.6069   19.0332
    7.5000   22.5000   52.5000 2496.9241   19.2201
   -7.5000   30.0000   52.5000 2436.1804   20.5159
    0.0000   30.0000   52.5000 2445.0083   20.2127
    7.5000   30.0000   52.5000 2407.8394   20.3865
   -7.5000   37.5000   52.5000 2333.7131   22.0353
    0.0000   37.5000   52.5000 2340.7261   21.8066
    7.5000   37.5000   52.5000 2314.2991   21.9315
   -7.5000   45.0000   52.5000 2195.4622   23.8372
    0.0000   45.0000   52.5000 2211.1182   23.6493
    7.5000   45.0000   52.5000 2188.1333   23.6923

---------------------------------------------------------------------
imgreg_4dfp /opt/freesurfer/average/711-2C_as_mni_average_305 /opt/freesurfer/average/711-2B_as_mni_average_305_mask talsrcimg_g11 none talsrcimg_to_711-2C_as_mni_average_305_t4 1283
---------------------------------------------------------------------

freesurfer imgreg_4dfp.c
/opt/freesurfer/average/711-2C_as_mni_average_305.4dfp.img
       256       256       256         1
  1.000000  1.000000  1.000000
orientation T byte_order littleendian
Reading image: /opt/freesurfer/average/711-2C_as_mni_average_305.4dfp.img
dimensions:      256       256       256
mmppix:       1.0000   -1.0000   -1.0000
center:     128.0000 -129.0000 -129.0000
/opt/freesurfer/average/711-2B_as_mni_average_305_mask.4dfp.img
       256       256       256         1
  1.000000  1.000000  1.000000
orientation T byte_order littleendian
Reading mask: /opt/freesurfer/average/711-2B_as_mni_average_305_mask.4dfp.img (2306576 pixels)
talsrcimg_g11.4dfp.img
       256       256       256         1
  1.000000  1.000000  1.000000
orientation T byte_order littleendian
Reading image: talsrcimg_g11.4dfp.img
dimensions:      256       256       256
mmppix:       1.0000   -1.0000   -1.0000
center:     128.0000 -129.0000 -129.0000
rotation matrix determinant  1.000000
fimgreg.f
image alignment mode   1283 decimal      503 hex
parameters
    0.0000    0.0000   15.0000    0.0000    0.0000    0.0000
eta,q 0.93023 16.05990
niter,ni,del,rscale     5    3   12.0000    1.2000
parameter  4 11.518297 -> -0.500000 qaram    1.1500
parameter  6  0.804684 ->  0.500000 qaram    1.1500
parameters
   -2.8006   -1.7065   12.1808    3.4500    0.6482   -3.4500
eta,q 0.93756 16.30269
  0.0782  0.0704  0.0661  0.0681  0.0719  0.0621
  0.0695  0.0672  0.0636  0.0648  0.0678  0.0622
  0.0691  0.0658  0.0640  0.0640  0.0645  0.0629
  0.0752  0.0680  0.0655  0.0634  0.0631  0.0630
  0.0847  0.0688  0.0700  0.0637  0.0639  0.0636
  0.0961  0.0728  0.0784  0.0622  0.0661  0.0649
  0.1085  0.0859  0.0887  0.0589  0.0686  0.0666
niter,ni,del,rscale     6    3   12.0000    1.2000
parameters
   -3.0647   -0.7756   11.6873    3.8170   -0.0689   -1.8264
eta,q 0.93966 16.27692
  0.0825  0.0742  0.0695  0.0626  0.0651  0.0685
  0.0702  0.0694  0.0648  0.0636  0.0610  0.0640
  0.0629  0.0658  0.0629  0.0631  0.0595  0.0609
  0.0624  0.0622  0.0608  0.0612  0.0610  0.0603
  0.0666  0.0602  0.0617  0.0607  0.0623  0.0604
  0.0735  0.0626  0.0665  0.0609  0.0635  0.0608
  0.0848  0.0706  0.0744  0.0645  0.0664  0.0627
niter,ni,del,rscale     5    3   12.0000    1.2000
parameters
   -2.9727   -0.7664   11.6887    4.8204   -0.2572   -1.2623
eta,q 0.94143 16.16695
  0.0842  0.0726  0.0698  0.0632  0.0654  0.0662
  0.0725  0.0680  0.0635  0.0635  0.0607  0.0625
  0.0626  0.0644  0.0617  0.0630  0.0583  0.0600
  0.0603  0.0604  0.0604  0.0604  0.0588  0.0587
  0.0645  0.0587  0.0603  0.0578  0.0608  0.0588
  0.0715  0.0643  0.0634  0.0587  0.0623  0.0609
  0.0821  0.0768  0.0704  0.0647  0.0647  0.0643
niter,ni,del,rscale     4    3   12.0000    1.2000
parameters
   -2.8585   -0.8951   11.7408    4.7895   -0.2030   -1.2663
eta,q 0.94107 16.18588
  0.0830  0.0731  0.0698  0.0636  0.0662  0.0651
  0.0721  0.0681  0.0628  0.0632  0.0616  0.0617
  0.0617  0.0633  0.0598  0.0628  0.0590  0.0598
  0.0586  0.0586  0.0588  0.0588  0.0589  0.0589
  0.0625  0.0585  0.0594  0.0574  0.0606  0.0593
  0.0700  0.0660  0.0625  0.0604  0.0625  0.0616
  0.0814  0.0784  0.0695  0.0674  0.0647  0.0653
niter,ni,del,rscale     3    3   12.0000    1.2000
parameters
   -2.8559   -0.9218   11.7594    4.7951   -0.1970   -1.2768
eta,q 0.94103 16.18935
  0.0826  0.0734  0.0696  0.0636  0.0662  0.0651
  0.0715  0.0683  0.0628  0.0631  0.0615  0.0617
  0.0614  0.0636  0.0599  0.0628  0.0590  0.0599
  0.0589  0.0589  0.0590  0.0590  0.0590  0.0590
  0.0632  0.0583  0.0594  0.0574  0.0607  0.0594
  0.0709  0.0653  0.0626  0.0603  0.0626  0.0616
  0.0824  0.0776  0.0697  0.0672  0.0648  0.0654
registration optimization eta report
parameter search radius
    6.0000    6.0000    6.0000    6.9000    6.0000    6.9000
100000*second partial in parameter space
       64.       46.       30.       13.       18.       13.
  0.0826  0.0734  0.0696  0.0636  0.0662  0.0651
  0.0715  0.0683  0.0628  0.0631  0.0615  0.0617
  0.0614  0.0636  0.0599  0.0628  0.0590  0.0599
  0.0589  0.0589  0.0590  0.0590  0.0590  0.0590
  0.0632  0.0583  0.0594  0.0574  0.0607  0.0594
  0.0709  0.0653  0.0626  0.0603  0.0626  0.0616
  0.0824  0.0776  0.0697  0.0672  0.0648  0.0654
   -2.8559   -0.9218   11.7594    4.7951   -0.1970   -1.2768
eta,q 0.94103 16.18935

---------------------------------------------------------------------
imgreg_4dfp /opt/freesurfer/average/711-2C_as_mni_average_305 /opt/freesurfer/average/711-2B_as_mni_average_305_mask talsrcimg_g11 none talsrcimg_to_711-2C_as_mni_average_305_t4 3335
---------------------------------------------------------------------

freesurfer imgreg_4dfp.c
/opt/freesurfer/average/711-2C_as_mni_average_305.4dfp.img
       256       256       256         1
  1.000000  1.000000  1.000000
orientation T byte_order littleendian
Reading image: /opt/freesurfer/average/711-2C_as_mni_average_305.4dfp.img
dimensions:      256       256       256
mmppix:       1.0000   -1.0000   -1.0000
center:     128.0000 -129.0000 -129.0000
/opt/freesurfer/average/711-2B_as_mni_average_305_mask.4dfp.img
       256       256       256         1
  1.000000  1.000000  1.000000
orientation T byte_order littleendian
Reading mask: /opt/freesurfer/average/711-2B_as_mni_average_305_mask.4dfp.img (2306576 pixels)
talsrcimg_g11.4dfp.img
       256       256       256         1
  1.000000  1.000000  1.000000
orientation T byte_order littleendian
Reading image: talsrcimg_g11.4dfp.img
dimensions:      256       256       256
mmppix:       1.0000   -1.0000   -1.0000
center:     128.0000 -129.0000 -129.0000
fimgreg.f
image alignment mode   3335 decimal      D07 hex
parameters
   -2.8559   -0.9218   11.7594   -0.0254   -0.3754   -0.3506
    2.2491    0.1563   -2.2282   -8.3649   -0.3438    8.3593
eta,q 0.94056 16.23430
niter,ni,del,rscale     5    3    5.0000    1.2000
parameter  4  1.058118 ->  0.500000 qaram    1.1500
parameter  5  1.363623 ->  0.500000 qaram    1.1500
parameter  6  0.506885 ->  0.500000 qaram    1.1500
parameter 12  1.565718 ->  0.500000 qaram    1.1500
parameters
   -2.7748   -1.2268   12.2593   -4.1654   -4.5154   -4.4906
    1.1210   -0.8468   -2.5012  -10.1558   -0.5647    4.2193
eta,q 0.95481 15.71223
  0.0640  0.0620  0.0628  0.0522  0.0430  0.0462  0.0483  0.0487  0.0481  0.0478  0.0468  0.0447
  0.0617  0.0606  0.0612  0.0535  0.0461  0.0467  0.0474  0.0474  0.0473  0.0465  0.0465  0.0451
  0.0601  0.0596  0.0600  0.0557  0.0496  0.0469  0.0469  0.0469  0.0469  0.0463  0.0464  0.0456
  0.0594  0.0594  0.0594  0.0593  0.0540  0.0471  0.0468  0.0468  0.0468  0.0468  0.0464  0.0464
  0.0599  0.0601  0.0594  0.0651  0.0607  0.0488  0.0472  0.0473  0.0470  0.0473  0.0464  0.0473
  0.0613  0.0616  0.0598  0.0721  0.0694  0.0532  0.0482  0.0484  0.0475  0.0481  0.0465  0.0483
  0.0635  0.0638  0.0608  0.0801  0.0785  0.0600  0.0498  0.0501  0.0484  0.0493  0.0469  0.0495
niter,ni,del,rscale     7    3    5.0000    1.2000
parameter  2 -0.792000 -> -0.500000 qaram    1.1500
parameter  4  0.615214 ->  0.500000 qaram    1.3225
parameter  5  1.132570 ->  0.500000 qaram    1.3225
parameter 10 -0.605801 -> -0.500000 qaram    1.1500
parameter 12  0.991699 ->  0.500000 qaram    1.3225
parameters
   -1.9764    0.1532   12.0789   -8.9264   -9.2764   -6.7798
    1.5428   -0.7904   -3.2557   -6.0158   -1.0357   -0.5417
eta,q 0.96644 14.96688
  0.0489  0.0500  0.0447  0.0422  0.0336  0.0369  0.0386  0.0393  0.0376  0.0415  0.0356  0.0334
  0.0473  0.0479  0.0442  0.0417  0.0356  0.0362  0.0373  0.0377  0.0366  0.0392  0.0350  0.0335
  0.0460  0.0461  0.0438  0.0424  0.0386  0.0360  0.0364  0.0366  0.0361  0.0374  0.0347  0.0339
  0.0452  0.0449  0.0438  0.0438  0.0418  0.0363  0.0361  0.0360  0.0360  0.0360  0.0347  0.0347
  0.0449  0.0441  0.0440  0.0463  0.0458  0.0369  0.0363  0.0364  0.0364  0.0350  0.0349  0.0358
  0.0451  0.0437  0.0444  0.0509  0.0523  0.0371  0.0370  0.0376  0.0372  0.0347  0.0353  0.0372
  0.0460  0.0437  0.0450  0.0567  0.0614  0.0388  0.0381  0.0392  0.0383  0.0356  0.0358  0.0388
niter,ni,del,rscale     7    3    5.0000    1.2000
parameter  2 -0.586198 -> -0.500000 qaram    1.3225
parameter  5  0.866181 ->  0.500000 qaram    1.5209
parameter 12  0.643215 ->  0.500000 qaram    1.5209
parameters
   -1.8849    1.7402   12.0196  -10.7375  -14.7516   -5.3954
    2.2521   -1.0856   -2.9621   -4.1669   -0.8304   -6.0168
eta,q 0.97241 14.57557
  0.0371  0.0410  0.0337  0.0353  0.0286  0.0319  0.0321  0.0321  0.0316  0.0351  0.0299  0.0280
  0.0353  0.0380  0.0330  0.0341  0.0287  0.0304  0.0306  0.0303  0.0301  0.0321  0.0292  0.0276
  0.0340  0.0355  0.0326  0.0329  0.0300  0.0293  0.0295  0.0292  0.0292  0.0300  0.0287  0.0277
  0.0336  0.0336  0.0324  0.0324  0.0325  0.0289  0.0289  0.0289  0.0288  0.0288  0.0285  0.0285
  0.0339  0.0326  0.0326  0.0335  0.0363  0.0291  0.0290  0.0294  0.0291  0.0285  0.0286  0.0299
  0.0350  0.0325  0.0331  0.0356  0.0408  0.0299  0.0298  0.0308  0.0298  0.0293  0.0291  0.0316
  0.0365  0.0331  0.0338  0.0399  0.0471  0.0301  0.0312  0.0326  0.0312  0.0313  0.0297  0.0335
niter,ni,del,rscale     7    3    5.0000    1.2000
parameters
   -1.8400    1.9887   11.9884   -9.5466  -17.7652   -3.8692
    2.7978   -1.1825   -2.5655   -3.6873   -1.3366   -6.7711
eta,q 0.97307 14.56117
  0.0309  0.0337  0.0290  0.0321  0.0306  0.0303  0.0300  0.0303  0.0302  0.0321  0.0281  0.0299
  0.0292  0.0306  0.0282  0.0306  0.0284  0.0286  0.0286  0.0286  0.0287  0.0295  0.0274  0.0283
  0.0280  0.0285  0.0277  0.0291  0.0270  0.0273  0.0276  0.0274  0.0276  0.0277  0.0270  0.0272
  0.0276  0.0276  0.0276  0.0276  0.0273  0.0269  0.0270  0.0270  0.0270  0.0270  0.0270  0.0269
  0.0280  0.0279  0.0278  0.0273  0.0296  0.0273  0.0272  0.0275  0.0272  0.0274  0.0272  0.0275
  0.0290  0.0295  0.0283  0.0284  0.0337  0.0276  0.0280  0.0287  0.0281  0.0288  0.0277  0.0290
  0.0307  0.0321  0.0291  0.0311  0.0391  0.0283  0.0293  0.0304  0.0297  0.0311  0.0285  0.0309
niter,ni,del,rscale     6    3    5.0000    1.2000
parameters
   -1.7664    1.9567   12.2893   -9.1810  -18.3022   -3.2810
    2.8850   -1.1922   -2.3594   -3.6653   -1.4748   -6.6090
eta,q 0.97300 14.58867
  0.0303  0.0322  0.0288  0.0312  0.0329  0.0295  0.0297  0.0302  0.0301  0.0317  0.0283  0.0305
  0.0285  0.0294  0.0278  0.0298  0.0301  0.0279  0.0284  0.0285  0.0286  0.0292  0.0275  0.0288
  0.0274  0.0275  0.0272  0.0282  0.0280  0.0271  0.0274  0.0275  0.0275  0.0275  0.0271  0.0275
  0.0269  0.0269  0.0269  0.0269  0.0268  0.0269  0.0270  0.0270  0.0270  0.0270  0.0270  0.0270
  0.0273  0.0277  0.0270  0.0270  0.0276  0.0274  0.0273  0.0274  0.0273  0.0276  0.0272  0.0273
  0.0283  0.0296  0.0274  0.0282  0.0304  0.0274  0.0282  0.0286  0.0283  0.0292  0.0276  0.0286
  0.0299  0.0323  0.0280  0.0316  0.0350  0.0288  0.0297  0.0302  0.0299  0.0315  0.0283  0.0304
niter,ni,del,rscale     5    3    5.0000    1.2000
parameters
   -1.7548    1.9206   12.4892   -9.1271  -18.4385   -3.2851
    2.8286   -1.1889   -2.3244   -3.7293   -1.4720   -6.3233
eta,q 0.97300 14.57930
  0.0302  0.0323  0.0286  0.0312  0.0333  0.0292  0.0296  0.0302  0.0300  0.0316  0.0283  0.0305
  0.0285  0.0294  0.0277  0.0298  0.0305  0.0277  0.0283  0.0286  0.0285  0.0291  0.0276  0.0289
  0.0273  0.0276  0.0272  0.0282  0.0283  0.0270  0.0274  0.0275  0.0275  0.0275  0.0271  0.0276
  0.0270  0.0270  0.0270  0.0270  0.0270  0.0270  0.0270  0.0270  0.0270  0.0270  0.0270  0.0270
  0.0274  0.0278  0.0271  0.0272  0.0274  0.0273  0.0273  0.0274  0.0273  0.0277  0.0272  0.0273
  0.0285  0.0297  0.0275  0.0286  0.0300  0.0275  0.0283  0.0285  0.0284  0.0293  0.0276  0.0285
  0.0301  0.0324  0.0281  0.0322  0.0345  0.0292  0.0298  0.0302  0.0301  0.0317  0.0283  0.0303
niter,ni,del,rscale     4    3    5.0000    1.2000
parameters
   -1.7616    1.8875   12.5622   -9.1191  -18.4830   -3.2949
    2.7896   -1.1845   -2.3384   -3.7850   -1.4396   -6.1708
eta,q 0.97300 14.57412
  0.0301  0.0323  0.0284  0.0312  0.0334  0.0292  0.0296  0.0302  0.0299  0.0316  0.0283  0.0305
  0.0284  0.0294  0.0276  0.0298  0.0306  0.0277  0.0283  0.0286  0.0285  0.0291  0.0276  0.0289
  0.0273  0.0276  0.0272  0.0282  0.0283  0.0270  0.0274  0.0275  0.0275  0.0275  0.0271  0.0275
  0.0270  0.0270  0.0270  0.0270  0.0270  0.0270  0.0270  0.0270  0.0270  0.0270  0.0270  0.0270
  0.0274  0.0278  0.0271  0.0272  0.0274  0.0273  0.0273  0.0274  0.0273  0.0277  0.0271  0.0273
  0.0285  0.0297  0.0276  0.0286  0.0299  0.0275  0.0282  0.0285  0.0284  0.0293  0.0276  0.0286
  0.0301  0.0324  0.0282  0.0323  0.0343  0.0292  0.0298  0.0302  0.0301  0.0317  0.0283  0.0304
niter,ni,del,rscale     3    3    5.0000    1.2000
parameters
   -1.7675    1.8702   12.5957   -9.1152  -18.5052   -3.3019
    2.7796   -1.1835   -2.3496   -3.8148   -1.4195   -6.0933
eta,q 0.97301 14.57142
  0.0301  0.0323  0.0284  0.0312  0.0334  0.0292  0.0296  0.0302  0.0299  0.0316  0.0283  0.0305
  0.0284  0.0294  0.0276  0.0298  0.0306  0.0277  0.0283  0.0286  0.0285  0.0292  0.0275  0.0288
  0.0273  0.0276  0.0271  0.0282  0.0283  0.0270  0.0274  0.0275  0.0274  0.0275  0.0271  0.0275
  0.0270  0.0270  0.0270  0.0270  0.0270  0.0270  0.0270  0.0270  0.0270  0.0270  0.0270  0.0270
  0.0274  0.0278  0.0271  0.0272  0.0274  0.0273  0.0273  0.0274  0.0273  0.0276  0.0271  0.0274
  0.0285  0.0296  0.0276  0.0286  0.0299  0.0275  0.0282  0.0285  0.0284  0.0292  0.0276  0.0287
  0.0301  0.0323  0.0283  0.0323  0.0342  0.0292  0.0298  0.0303  0.0301  0.0316  0.0283  0.0305
niter,ni,del,rscale     2    3    5.0000    1.2000
parameters
   -1.7703    1.8615   12.6142   -9.1161  -18.5184   -3.3030
    2.7761   -1.1832   -2.3535   -3.8277   -1.4019   -6.0516
eta,q 0.97301 14.56993
  0.0302  0.0323  0.0283  0.0312  0.0334  0.0292  0.0296  0.0302  0.0299  0.0316  0.0283  0.0304
  0.0284  0.0295  0.0276  0.0298  0.0306  0.0277  0.0283  0.0286  0.0285  0.0292  0.0275  0.0288
  0.0273  0.0276  0.0271  0.0282  0.0283  0.0270  0.0274  0.0275  0.0274  0.0275  0.0271  0.0275
  0.0270  0.0270  0.0270  0.0270  0.0270  0.0270  0.0270  0.0270  0.0270  0.0270  0.0270  0.0270
  0.0274  0.0277  0.0272  0.0272  0.0274  0.0273  0.0273  0.0274  0.0273  0.0276  0.0271  0.0274
  0.0285  0.0296  0.0276  0.0286  0.0299  0.0275  0.0282  0.0285  0.0284  0.0292  0.0276  0.0287
  0.0301  0.0323  0.0283  0.0323  0.0342  0.0292  0.0298  0.0303  0.0301  0.0316  0.0283  0.0305
registration optimization eta report
parameter search radius
    2.4000    3.1740    2.4000    9.5220   10.9503    8.2800
    7.2000    7.2000    7.2000    8.2800    7.2000   10.9503
100000*second partial in parameter space
       54.       52.       23.        5.        6.        3.
        5.        6.        6.        7.        3.        3.
  0.0302  0.0323  0.0283  0.0312  0.0334  0.0292  0.0296  0.0302  0.0299  0.0316  0.0283  0.0304
  0.0284  0.0295  0.0276  0.0298  0.0306  0.0277  0.0283  0.0286  0.0285  0.0292  0.0275  0.0288
  0.0273  0.0276  0.0271  0.0282  0.0283  0.0270  0.0274  0.0275  0.0274  0.0275  0.0271  0.0275
  0.0270  0.0270  0.0270  0.0270  0.0270  0.0270  0.0270  0.0270  0.0270  0.0270  0.0270  0.0270
  0.0274  0.0277  0.0272  0.0272  0.0274  0.0273  0.0273  0.0274  0.0273  0.0276  0.0271  0.0274
  0.0285  0.0296  0.0276  0.0286  0.0299  0.0275  0.0282  0.0285  0.0284  0.0292  0.0276  0.0287
  0.0301  0.0323  0.0283  0.0323  0.0342  0.0292  0.0298  0.0303  0.0301  0.0316  0.0283  0.0305
   -1.7703    1.8615   12.6142   -9.1161  -18.5184   -3.3030
    2.7761   -1.1832   -2.3535   -3.8277   -1.4019   -6.0516
eta,q 0.97301 14.56993

---------------------------------------------------------------------
imgreg_4dfp /opt/freesurfer/average/711-2C_as_mni_average_305 /opt/freesurfer/average/711-2B_as_mni_average_305_mask talsrcimg_g11 none talsrcimg_to_711-2C_as_mni_average_305_t4 2311
---------------------------------------------------------------------

freesurfer imgreg_4dfp.c
/opt/freesurfer/average/711-2C_as_mni_average_305.4dfp.img
       256       256       256         1
  1.000000  1.000000  1.000000
orientation T byte_order littleendian
Reading image: /opt/freesurfer/average/711-2C_as_mni_average_305.4dfp.img
dimensions:      256       256       256
mmppix:       1.0000   -1.0000   -1.0000
center:     128.0000 -129.0000 -129.0000
/opt/freesurfer/average/711-2B_as_mni_average_305_mask.4dfp.img
       256       256       256         1
  1.000000  1.000000  1.000000
orientation T byte_order littleendian
Reading mask: /opt/freesurfer/average/711-2B_as_mni_average_305_mask.4dfp.img (2306576 pixels)
talsrcimg_g11.4dfp.img
       256       256       256         1
  1.000000  1.000000  1.000000
orientation T byte_order littleendian
Reading image: talsrcimg_g11.4dfp.img
dimensions:      256       256       256
mmppix:       1.0000   -1.0000   -1.0000
center:     128.0000 -129.0000 -129.0000
fimgreg.f
image alignment mode   2311 decimal      907 hex
parameters
   -1.7703    1.8615   12.6142   -9.1161  -18.5184   -3.3030
    2.7761   -1.1832   -2.3535   -3.8277   -1.4019   -6.0516
eta,q 0.97301 14.56994
niter,ni,del,rscale     5    3    5.0000    0.8000
parameters
   -1.8020    1.8106   12.6103   -7.9138  -17.8005   -3.2172
    3.0551   -1.2629   -2.1719   -3.9603   -1.8397   -5.9951
eta,q 0.97314 14.71680
  0.0284  0.0284  0.0276  0.0290  0.0288  0.0273  0.0283  0.0283  0.0284  0.0285  0.0273  0.0276
  0.0276  0.0276  0.0273  0.0282  0.0280  0.0269  0.0276  0.0276  0.0277  0.0276  0.0270  0.0272
  0.0271  0.0271  0.0270  0.0274  0.0273  0.0268  0.0271  0.0271  0.0271  0.0270  0.0269  0.0269
  0.0270  0.0270  0.0270  0.0270  0.0269  0.0269  0.0269  0.0269  0.0269  0.0269  0.0269  0.0269
  0.0272  0.0272  0.0271  0.0270  0.0269  0.0271  0.0270  0.0270  0.0270  0.0271  0.0269  0.0269
  0.0277  0.0278  0.0273  0.0272  0.0273  0.0271  0.0274  0.0276  0.0275  0.0277  0.0272  0.0272
  0.0285  0.0286  0.0276  0.0277  0.0281  0.0270  0.0281  0.0284  0.0283  0.0287  0.0275  0.0276
niter,ni,del,rscale     4    3    5.0000    0.7000
parameters
   -1.7599    1.9104   12.5185   -7.8659  -17.7195   -4.1638
    3.0258   -1.2348   -2.1107   -3.8368   -1.8268   -5.8383
eta,q 0.97326 14.66176
  0.0280  0.0283  0.0272  0.0280  0.0282  0.0271  0.0278  0.0279  0.0279  0.0282  0.0272  0.0274
  0.0274  0.0275  0.0270  0.0274  0.0275  0.0268  0.0272  0.0273  0.0273  0.0274  0.0269  0.0270
  0.0270  0.0271  0.0269  0.0269  0.0271  0.0267  0.0269  0.0269  0.0269  0.0269  0.0268  0.0268
  0.0269  0.0269  0.0269  0.0269  0.0269  0.0268  0.0267  0.0267  0.0267  0.0267  0.0267  0.0267
  0.0270  0.0270  0.0269  0.0270  0.0269  0.0271  0.0268  0.0268  0.0269  0.0269  0.0268  0.0268
  0.0273  0.0273  0.0271  0.0273  0.0274  0.0271  0.0272  0.0273  0.0272  0.0273  0.0269  0.0270
  0.0279  0.0279  0.0274  0.0279  0.0282  0.0270  0.0278  0.0280  0.0279  0.0281  0.0272  0.0273
niter,ni,del,rscale     3    3    5.0000    0.6000
parameters
   -1.7701    1.9128   12.2913   -7.9464  -17.5636   -4.8356
    2.9679   -1.1715   -2.1489   -3.7348   -1.7254   -5.8462
eta,q 0.97332 14.62325
  0.0276  0.0277  0.0270  0.0275  0.0278  0.0270  0.0274  0.0276  0.0275  0.0278  0.0271  0.0271
  0.0271  0.0272  0.0268  0.0270  0.0273  0.0268  0.0270  0.0271  0.0271  0.0272  0.0268  0.0269
  0.0268  0.0268  0.0267  0.0268  0.0269  0.0267  0.0268  0.0268  0.0268  0.0268  0.0267  0.0267
  0.0267  0.0267  0.0267  0.0267  0.0267  0.0267  0.0267  0.0267  0.0267  0.0267  0.0267  0.0267
  0.0269  0.0269  0.0268  0.0269  0.0268  0.0269  0.0268  0.0268  0.0268  0.0268  0.0267  0.0267
  0.0271  0.0272  0.0270  0.0271  0.0271  0.0271  0.0270  0.0271  0.0271  0.0271  0.0268  0.0269
  0.0276  0.0277  0.0272  0.0276  0.0277  0.0272  0.0275  0.0276  0.0276  0.0277  0.0270  0.0271
niter,ni,del,rscale     2    3    5.0000    0.5000
parameters
   -1.7775    1.9346   12.1255   -8.0438  -17.4051   -5.2071
    2.9494   -1.1143   -2.1832   -3.6508   -1.6865   -5.9141
eta,q 0.97334 14.60528
  0.0273  0.0274  0.0269  0.0272  0.0274  0.0270  0.0272  0.0274  0.0273  0.0275  0.0269  0.0269
  0.0269  0.0270  0.0267  0.0269  0.0271  0.0268  0.0269  0.0270  0.0269  0.0270  0.0268  0.0268
  0.0267  0.0268  0.0267  0.0267  0.0268  0.0267  0.0267  0.0268  0.0267  0.0268  0.0267  0.0267
  0.0267  0.0267  0.0267  0.0267  0.0267  0.0267  0.0267  0.0267  0.0267  0.0267  0.0267  0.0267
  0.0268  0.0267  0.0267  0.0268  0.0267  0.0268  0.0267  0.0267  0.0267  0.0267  0.0267  0.0267
  0.0269  0.0270  0.0269  0.0270  0.0269  0.0270  0.0269  0.0269  0.0269  0.0270  0.0268  0.0268
  0.0273  0.0273  0.0270  0.0273  0.0273  0.0272  0.0272  0.0273  0.0273  0.0274  0.0269  0.0270
niter,ni,del,rscale     1    3    5.0000    0.4000
parameters
   -1.7895    1.9543   12.0361   -8.1420  -17.2814   -5.3567
    2.9186   -1.0618   -2.1885   -3.5930   -1.6522   -5.9723
eta,q 0.97335 14.59931
  0.0270  0.0271  0.0268  0.0270  0.0272  0.0269  0.0270  0.0271  0.0271  0.0272  0.0268  0.0268
  0.0268  0.0269  0.0267  0.0268  0.0269  0.0268  0.0268  0.0269  0.0268  0.0269  0.0267  0.0267
  0.0267  0.0267  0.0267  0.0267  0.0267  0.0267  0.0267  0.0267  0.0267  0.0267  0.0267  0.0267
  0.0267  0.0267  0.0267  0.0267  0.0267  0.0266  0.0267  0.0266  0.0266  0.0267  0.0266  0.0266
  0.0267  0.0267  0.0267  0.0267  0.0267  0.0267  0.0267  0.0267  0.0267  0.0267  0.0267  0.0267
  0.0268  0.0268  0.0268  0.0269  0.0268  0.0268  0.0268  0.0268  0.0268  0.0269  0.0267  0.0267
  0.0270  0.0271  0.0269  0.0271  0.0271  0.0270  0.0270  0.0271  0.0271  0.0271  0.0268  0.0268
registration optimization eta report
parameter search radius
    0.8000    0.8000    0.8000    2.4000    2.4000    2.4000
    2.4000    2.4000    2.4000    2.4000    2.4000    2.4000
100000*second partial in parameter space
       60.       66.       26.        7.        8.        5.
        6.        8.        7.        8.        3.        3.
  0.0270  0.0271  0.0268  0.0270  0.0272  0.0269  0.0270  0.0271  0.0271  0.0272  0.0268  0.0268
  0.0268  0.0269  0.0267  0.0268  0.0269  0.0268  0.0268  0.0269  0.0268  0.0269  0.0267  0.0267
  0.0267  0.0267  0.0267  0.0267  0.0267  0.0267  0.0267  0.0267  0.0267  0.0267  0.0267  0.0267
  0.0267  0.0267  0.0267  0.0267  0.0267  0.0266  0.0267  0.0266  0.0266  0.0267  0.0266  0.0266
  0.0267  0.0267  0.0267  0.0267  0.0267  0.0267  0.0267  0.0267  0.0267  0.0267  0.0267  0.0267
  0.0268  0.0268  0.0268  0.0269  0.0268  0.0268  0.0268  0.0268  0.0268  0.0269  0.0267  0.0267
  0.0270  0.0271  0.0269  0.0271  0.0271  0.0270  0.0270  0.0271  0.0271  0.0271  0.0268  0.0268
   -1.7895    1.9543   12.0361   -8.1420  -17.2814   -5.3567
    2.9186   -1.0618   -2.1885   -3.5930   -1.6522   -5.9723
eta,q 0.97335 14.59931

---------------------------------------------------------------------
imgreg_4dfp /opt/freesurfer/average/711-2C_as_mni_average_305 /opt/freesurfer/average/711-2B_as_mni_average_305_mask talsrcimg_g11 none talsrcimg_to_711-2C_as_mni_average_305_t4 2311
---------------------------------------------------------------------

freesurfer imgreg_4dfp.c
/opt/freesurfer/average/711-2C_as_mni_average_305.4dfp.img
       256       256       256         1
  1.000000  1.000000  1.000000
orientation T byte_order littleendian
Reading image: /opt/freesurfer/average/711-2C_as_mni_average_305.4dfp.img
dimensions:      256       256       256
mmppix:       1.0000   -1.0000   -1.0000
center:     128.0000 -129.0000 -129.0000
/opt/freesurfer/average/711-2B_as_mni_average_305_mask.4dfp.img
       256       256       256         1
  1.000000  1.000000  1.000000
orientation T byte_order littleendian
Reading mask: /opt/freesurfer/average/711-2B_as_mni_average_305_mask.4dfp.img (2306576 pixels)
talsrcimg_g11.4dfp.img
       256       256       256         1
  1.000000  1.000000  1.000000
orientation T byte_order littleendian
Reading image: talsrcimg_g11.4dfp.img
dimensions:      256       256       256
mmppix:       1.0000   -1.0000   -1.0000
center:     128.0000 -129.0000 -129.0000
fimgreg.f
image alignment mode   2311 decimal      907 hex
parameters
   -1.7895    1.9543   12.0361   -8.1420  -17.2814   -5.3567
    2.9186   -1.0618   -2.1885   -3.5930   -1.6522   -5.9723
eta,q 0.97335 14.59931
niter,ni,del,rscale     5    3    5.0000    0.8000
parameters
   -1.7691    1.9752   12.0299   -8.0364  -17.4554   -4.7078
    2.9045   -1.2093   -2.2238   -3.7088   -1.7065   -6.2863
eta,q 0.97333 14.63536
  0.0282  0.0283  0.0274  0.0282  0.0282  0.0279  0.0280  0.0282  0.0281  0.0284  0.0273  0.0273
  0.0273  0.0274  0.0269  0.0274  0.0274  0.0272  0.0273  0.0274  0.0274  0.0274  0.0269  0.0269
  0.0268  0.0268  0.0267  0.0268  0.0269  0.0268  0.0268  0.0269  0.0269  0.0269  0.0267  0.0267
  0.0267  0.0266  0.0267  0.0267  0.0267  0.0267  0.0267  0.0267  0.0267  0.0267  0.0267  0.0267
  0.0268  0.0268  0.0267  0.0269  0.0268  0.0268  0.0268  0.0269  0.0268  0.0269  0.0268  0.0268
  0.0273  0.0274  0.0270  0.0273  0.0275  0.0271  0.0273  0.0275  0.0274  0.0276  0.0270  0.0271
  0.0281  0.0282  0.0273  0.0281  0.0286  0.0272  0.0281  0.0284  0.0282  0.0285  0.0273  0.0275
niter,ni,del,rscale     4    3    5.0000    0.7000
parameters
   -1.7767    1.9834   12.0903   -7.9805  -17.4500   -4.6448
    2.9744   -1.2127   -2.1822   -3.6830   -1.7847   -6.2631
eta,q 0.97333 14.64449
  0.0278  0.0279  0.0273  0.0279  0.0280  0.0274  0.0277  0.0279  0.0279  0.0281  0.0271  0.0272
  0.0272  0.0272  0.0269  0.0272  0.0273  0.0270  0.0272  0.0273  0.0273  0.0273  0.0269  0.0269
  0.0268  0.0268  0.0267  0.0268  0.0269  0.0267  0.0268  0.0269  0.0268  0.0268  0.0267  0.0267
  0.0267  0.0267  0.0267  0.0267  0.0267  0.0267  0.0267  0.0267  0.0267  0.0267  0.0267  0.0267
  0.0268  0.0268  0.0267  0.0268  0.0268  0.0269  0.0268  0.0268  0.0268  0.0268  0.0267  0.0267
  0.0272  0.0272  0.0269  0.0272  0.0273  0.0271  0.0271  0.0272  0.0272  0.0273  0.0269  0.0269
  0.0278  0.0279  0.0272  0.0278  0.0281  0.0272  0.0277  0.0280  0.0279  0.0281  0.0272  0.0272
niter,ni,del,rscale     3    3    5.0000    0.6000
parameters
   -1.7733    1.9761   12.1004   -7.9836  -17.4122   -4.9349
    2.9808   -1.1714   -2.1674   -3.6371   -1.7745   -6.1258
eta,q 0.97334 14.62788
  0.0275  0.0276  0.0271  0.0275  0.0277  0.0271  0.0274  0.0276  0.0275  0.0278  0.0270  0.0271
  0.0270  0.0271  0.0268  0.0270  0.0272  0.0269  0.0270  0.0271  0.0271  0.0272  0.0268  0.0269
  0.0268  0.0268  0.0267  0.0267  0.0268  0.0267  0.0268  0.0268  0.0268  0.0268  0.0267  0.0267
  0.0267  0.0267  0.0267  0.0267  0.0267  0.0267  0.0267  0.0267  0.0267  0.0267  0.0267  0.0267
  0.0268  0.0268  0.0267  0.0268  0.0268  0.0268  0.0267  0.0267  0.0268  0.0268  0.0267  0.0267
  0.0270  0.0271  0.0269  0.0271  0.0271  0.0271  0.0270  0.0271  0.0271  0.0271  0.0268  0.0268
  0.0275  0.0276  0.0271  0.0275  0.0277  0.0272  0.0275  0.0276  0.0276  0.0277  0.0270  0.0270
niter,ni,del,rscale     2    3    5.0000    0.5000
parameters
   -1.7788    1.9707   12.0534   -8.0542  -17.3456   -5.2109
    2.9607   -1.1182   -2.1775   -3.6042   -1.7367   -6.0491
eta,q 0.97334 14.61012
  0.0272  0.0273  0.0269  0.0273  0.0274  0.0270  0.0272  0.0274  0.0273  0.0274  0.0269  0.0270
  0.0269  0.0269  0.0268  0.0269  0.0270  0.0268  0.0269  0.0270  0.0269  0.0270  0.0268  0.0268
  0.0267  0.0267  0.0267  0.0267  0.0268  0.0267  0.0267  0.0268  0.0267  0.0267  0.0267  0.0267
  0.0267  0.0267  0.0267  0.0267  0.0267  0.0267  0.0267  0.0267  0.0267  0.0267  0.0267  0.0267
  0.0267  0.0267  0.0267  0.0268  0.0267  0.0267  0.0267  0.0267  0.0267  0.0267  0.0267  0.0267
  0.0269  0.0270  0.0268  0.0270  0.0269  0.0269  0.0269  0.0269  0.0269  0.0270  0.0268  0.0268
  0.0272  0.0273  0.0270  0.0273  0.0274  0.0272  0.0272  0.0273  0.0273  0.0274  0.0269  0.0269
niter,ni,del,rscale     1    3    5.0000    0.4000
parameters
   -1.7873    1.9728   12.0074   -8.1382  -17.2545   -5.3469
    2.9307   -1.0643   -2.1904   -3.5788   -1.6880   -6.0280
eta,q 0.97335 14.60289
  0.0270  0.0271  0.0268  0.0270  0.0271  0.0269  0.0270  0.0271  0.0271  0.0271  0.0268  0.0268
  0.0268  0.0268  0.0267  0.0268  0.0269  0.0268  0.0268  0.0269  0.0268  0.0269  0.0267  0.0267
  0.0267  0.0267  0.0267  0.0267  0.0267  0.0267  0.0267  0.0267  0.0267  0.0267  0.0267  0.0267
  0.0267  0.0267  0.0267  0.0267  0.0267  0.0267  0.0266  0.0267  0.0267  0.0266  0.0267  0.0266
  0.0267  0.0267  0.0267  0.0267  0.0267  0.0267  0.0267  0.0267  0.0267  0.0267  0.0267  0.0267
  0.0268  0.0268  0.0267  0.0269  0.0268  0.0268  0.0268  0.0268  0.0268  0.0269  0.0267  0.0267
  0.0270  0.0271  0.0268  0.0271  0.0271  0.0270  0.0270  0.0271  0.0271  0.0271  0.0268  0.0268
registration optimization eta report
parameter search radius
    0.8000    0.8000    0.8000    2.4000    2.4000    2.4000
    2.4000    2.4000    2.4000    2.4000    2.4000    2.4000
100000*second partial in parameter space
       60.       66.       27.        7.        8.        5.
        6.        8.        7.        8.        3.        3.
  0.0270  0.0271  0.0268  0.0270  0.0271  0.0269  0.0270  0.0271  0.0271  0.0271  0.0268  0.0268
  0.0268  0.0268  0.0267  0.0268  0.0269  0.0268  0.0268  0.0269  0.0268  0.0269  0.0267  0.0267
  0.0267  0.0267  0.0267  0.0267  0.0267  0.0267  0.0267  0.0267  0.0267  0.0267  0.0267  0.0267
  0.0267  0.0267  0.0267  0.0267  0.0267  0.0267  0.0266  0.0267  0.0267  0.0266  0.0267  0.0266
  0.0267  0.0267  0.0267  0.0267  0.0267  0.0267  0.0267  0.0267  0.0267  0.0267  0.0267  0.0267
  0.0268  0.0268  0.0267  0.0269  0.0268  0.0268  0.0268  0.0268  0.0268  0.0269  0.0267  0.0267
  0.0270  0.0271  0.0268  0.0271  0.0271  0.0270  0.0270  0.0271  0.0271  0.0271  0.0268  0.0268
   -1.7873    1.9728   12.0074   -8.1382  -17.2545   -5.3469
    2.9307   -1.0643   -2.1904   -3.5788   -1.6880   -6.0280
eta,q 0.97335 14.60289

---------------------------------------------------------------------
compute_vox2vox talsrcimg talsrcimg_to_711-2C_as_mni_average_305_t4 /opt/freesurfer/average/711-2C_as_mni_average_305
---------------------------------------------------------------------

freesurfer compute_vox2vox.c
Reading: talsrcimg.4dfp.ifh
Reading: talsrcimg_to_711-2C_as_mni_average_305_t4
Reading: /opt/freesurfer/average/711-2C_as_mni_average_305.4dfp.ifh
Writing: talsrcimg_to_711-2C_as_mni_average_305_t4_vox2vox.txt

start time Mon Mar 9 11:43:47 CET 2026
end		time Mon Mar 9 11:45:13 CET 2026

mpr2mni305 success

avi2talxfm orig_nu.mgz /opt/freesurfer/average/mni305.cor.mgz talsrcimg_to_711-2C_as_mni_average_305_t4_vox2vox.txt transforms/talairach.auto.xfm
avi2talxfm done
mv -f /out/sourcedata/freesurfer/sub-v1s21x0050427_ses-1/mri/talsrcimg_to_711-2C_as_mni_average_305_t4_vox2vox.txt /out/sourcedata/freesurfer/sub-v1s21x0050427_ses-1/mri/transforms/talsrcimg_to_711-2C_as_mni_average_305_t4_vox2vox.txt
lta_convert --src orig_nu.mgz --trg /opt/freesurfer/average/mni305.cor.mgz --inxfm transforms/talairach.auto.xfm --outlta transforms/talairach.auto.xfm.lta --subject fsaverage
7.3.2

--src: orig_nu.mgz src image (geometry).
--trg: /opt/freesurfer/average/mni305.cor.mgz trg image (geometry).
--inmni: transforms/talairach.auto.xfm input MNI/XFM transform.
--outlta: transforms/talairach.auto.xfm.lta output LTA.
--s: fsaverage subject name
 LTA read, type : 1
 1.08789   0.01080  -0.03774   1.15181;
 0.02129   1.05962   0.07644  -13.35934;
 0.02972   0.04611   1.21083  -3.49252;
 0.00000   0.00000   0.00000   1.00000;
setting subject to fsaverage
Writing  LTA to file transforms/talairach.auto.xfm.lta...
lta_convert successful.
 
 
Started at Mon Mar 9 11:43:46 CET 2026
Ended   at Mon Mar  9 11:45:13 CET 2026
talairach_avi done
