/out/sourcedata/freesurfer/sub-v1s21x0050413_ses-1/mri
/opt/freesurfer/bin/talairach_avi
--i orig_nu.mgz --xfm transforms/talairach.auto.xfm
talairach_avi 7.3.2
Linux dna062 5.14.0-427.37.1.el9_4.x86_64 #1 SMP PREEMPT_DYNAMIC Fri Sep 13 12:41:50 EDT 2024 x86_64 x86_64 x86_64 GNU/Linux
Mon Mar  9 11:21:23 CET 2026
mri_convert orig_nu.mgz talsrcimg.img 
reading from orig_nu.mgz...
TR=0.00, TE=0.00, TI=0.00, flip angle=0.00
i_ras = (-1, 0, 0)
j_ras = (0, 0, -1)
k_ras = (0, 1, 0)
writing to talsrcimg.img...
Analyze Output Matrix
-1.00000   0.00000   0.00000   129.70000;
 0.00000   0.00000   1.00000  -128.50000;
 0.00000  -1.00000   0.00000   129.50000;
 0.00000   0.00000   0.00000   1.00000;
--------------------
INFO: set hdr.hist.orient to -1
mpr2mni305 talsrcimg
Mon Mar  9 11:21:24 CET 2026
/opt/freesurfer/bin/mpr2mni305 talsrcimg
mpr2mni305 7.3.2
target=711-2C_as_mni_average_305

---------------------------------------------------------------------
analyzeto4dfp talsrcimg -O0 -y
---------------------------------------------------------------------

freesurfer ifh2hdr.c
Mon Mar  9 11:21:24 2026
Writing: talsrcimg.4dfp.hdr
freesurfer analyzeto4dfp.c
Reading: talsrcimg.hdr
header size 348 bytes
hdr.dime.datatype	offset=70	value=2
hdr.dime.bitpix		offset=72	value=8
hdr.hist.orient		offset=252	value=-1
dimensionality     4
dimensions       256       256       256         1
Reading: talsrcimg.img
Writing: talsrcimg.4dfp.img
Writing: talsrcimg.4dfp.ifh
ifh2hdr talsrcimg -r0to234
ori=2

---------------------------------------------------------------------
gauss_4dfp talsrcimg 1.1
---------------------------------------------------------------------

freesurfer gauss_4dfp.c
Reading: talsrcimg.4dfp.img
Writing: talsrcimg_g11.4dfp.img
image dimensions 256 256 256 padded to 288 288 288
processing volume 1freesurfer ifh2hdr.c
Mon Mar  9 11:21:26 2026
Writing: talsrcimg_g11.4dfp.hdr

Writing: talsrcimg_g11.4dfp.ifh
including: talsrcimg.4dfp.img.rec in talsrcimg_g11.4dfp.img.rec

---------------------------------------------------------------------
imgreg_4dfp /opt/freesurfer/average/711-2C_as_mni_average_305 none talsrcimg_g11 none talsrcimg_to_711-2C_as_mni_average_305_t4 4355
---------------------------------------------------------------------

freesurfer imgreg_4dfp.c
/opt/freesurfer/average/711-2C_as_mni_average_305.4dfp.img
       256       256       256         1
  1.000000  1.000000  1.000000
orientation T byte_order littleendian
Reading image: /opt/freesurfer/average/711-2C_as_mni_average_305.4dfp.img
dimensions:      256       256       256
mmppix:       1.0000   -1.0000   -1.0000
center:     128.0000 -129.0000 -129.0000
talsrcimg_g11.4dfp.img
       256       256       256         1
  1.000000  1.000000  1.000000
orientation T byte_order littleendian
Reading image: talsrcimg_g11.4dfp.img
dimensions:      256       256       256
mmppix:       1.0000   -1.0000   -1.0000
center:     128.0000 -129.0000 -129.0000
t4_read: open error in t4_sub.f l:  41 t4_file(1:l)talsrcimg_to_711-2C_as_mni_average_305_t4 
t4_read: transform initialized to I4
rotation matrix determinant  1.000000
image alignment mode   4355 decimal     1103 hex
   -7.5000  -45.0000  -45.0000 7686.5850   19.3359
    0.0000  -45.0000  -45.0000 8071.1162   19.3665
    7.5000  -45.0000  -45.0000 7743.8433   19.3581
   -7.5000  -37.5000  -45.0000 8319.8516   19.3269
    0.0000  -37.5000  -45.0000 8739.3486   19.3599
    7.5000  -37.5000  -45.0000 8380.2949   19.3602
   -7.5000  -30.0000  -45.0000 9240.1191   19.3294
    0.0000  -30.0000  -45.0000 9699.6279   19.3682
    7.5000  -30.0000  -45.0000 9317.4209   19.3832
   -7.5000  -22.5000  -45.000010092.7773   19.3050
    0.0000  -22.5000  -45.000010614.0547   19.3485
    7.5000  -22.5000  -45.000010164.6035   19.3713
   -7.5000  -15.0000  -45.000010835.9131   19.2763
    0.0000  -15.0000  -45.000011373.2051   19.3197
    7.5000  -15.0000  -45.000010862.6299   19.3364
   -7.5000   -7.5000  -45.000011602.4307   19.2791
    0.0000   -7.5000  -45.000012129.2090   19.3156
    7.5000   -7.5000  -45.000011607.7578   19.3163
   -7.5000    0.0000  -45.000012188.5303   19.3053
    0.0000    0.0000  -45.000012761.6904   19.3361
    7.5000    0.0000  -45.000012205.6465   19.3281
   -7.5000    7.5000  -45.000011898.2803   19.3267
    0.0000    7.5000  -45.000012438.5527   19.3596
    7.5000    7.5000  -45.000011881.3164   19.3600
   -7.5000   15.0000  -45.000011356.9424   19.3293
    0.0000   15.0000  -45.000011865.3398   19.3681
    7.5000   15.0000  -45.000011394.7139   19.3831
   -7.5000   22.5000  -45.000010758.2314   19.3024
    0.0000   22.5000  -45.000011286.8740   19.3459
    7.5000   22.5000  -45.000010791.6172   19.3686
   -7.5000   30.0000  -45.0000 9972.8154   19.0194
    0.0000   30.0000  -45.000010473.7441   19.0622
    7.5000   30.0000  -45.0000 9996.1680   19.0787
   -7.5000   37.5000  -45.0000 9445.9980   19.0222
    0.0000   37.5000  -45.0000 9950.0869   19.0582
    7.5000   37.5000  -45.0000 9459.3516   19.0589
   -7.5000   45.0000  -45.0000 8594.7295   18.5644
    0.0000   45.0000  -45.0000 9057.5088   18.5940
    7.5000   45.0000  -45.0000 8631.9219   18.5863
   -7.5000  -45.0000  -37.5000 8141.5664   19.3143
    0.0000  -45.0000  -37.5000 8556.3779   19.3505
    7.5000  -45.0000  -37.5000 8189.2666   19.3541
   -7.5000  -37.5000  -37.5000 8800.5859   19.3222
    0.0000  -37.5000  -37.5000 9236.3320   19.3622
    7.5000  -37.5000  -37.5000 8855.1074   19.3692
   -7.5000  -30.0000  -37.5000 9760.3047   19.3372
    0.0000  -30.0000  -37.500010257.0527   19.3835
    7.5000  -30.0000  -37.5000 9832.4424   19.4023
   -7.5000  -22.5000  -37.500010667.2305   19.3040
    0.0000  -22.5000  -37.500011206.6748   19.3539
    7.5000  -22.5000  -37.500010719.0752   19.3839
   -7.5000  -15.0000  -37.500011472.0039   19.2594
    0.0000  -15.0000  -37.500012026.0342   19.3077
    7.5000  -15.0000  -37.500011473.2334   19.3363
   -7.5000   -7.5000  -37.500012272.4961   19.2545
    0.0000   -7.5000  -37.500012812.9570   19.2956
    7.5000   -7.5000  -37.500012272.8672   19.3099
   -7.5000    0.0000  -37.500012884.1543   19.2839
    0.0000    0.0000  -37.500013500.3262   19.3203
    7.5000    0.0000  -37.500012926.5801   19.3242
   -7.5000    7.5000  -37.500012528.1943   19.3220
    0.0000    7.5000  -37.500013091.8799   19.3620
    7.5000    7.5000  -37.500012560.6895   19.3690
   -7.5000   15.0000  -37.500011950.5508   19.3372
    0.0000   15.0000  -37.500012504.6104   19.3834
    7.5000   15.0000  -37.500012015.3945   19.4022
   -7.5000   22.5000  -37.500011300.7432   19.3013
    0.0000   22.5000  -37.500011877.0566   19.3513
    7.5000   22.5000  -37.500011381.7227   19.3812
   -7.5000   30.0000  -37.500010474.3525   19.0028
    0.0000   30.0000  -37.500011012.6953   19.0504
    7.5000   30.0000  -37.500010545.0596   19.0787
   -7.5000   37.5000  -37.5000 9943.2871   18.9980
    0.0000   37.5000  -37.500010443.0430   19.0384
    7.5000   37.5000  -37.500010001.8447   19.0526
   -7.5000   45.0000  -37.5000 9052.7734   18.5438
    0.0000   45.0000  -37.5000 9511.9648   18.5788
    7.5000   45.0000  -37.5000 9113.5908   18.5826
   -7.5000  -45.0000  -30.0000 8702.7676   20.1051
    0.0000  -45.0000  -30.0000 9138.8320   20.1355
    7.5000  -45.0000  -30.0000 8744.8867   20.1467
   -7.5000  -37.5000  -30.0000 9397.5000   20.1266
    0.0000  -37.5000  -30.0000 9860.4951   20.1652
    7.5000  -37.5000  -30.0000 9427.1699   20.1767
   -7.5000  -30.0000  -30.000010374.6768   20.1590
    0.0000  -30.0000  -30.000010914.3896   20.2076
    7.5000  -30.0000  -30.000010448.0840   20.2290
   -7.5000  -22.5000  -30.000011327.8652   20.1264
    0.0000  -22.5000  -30.000011912.3223   20.1772
    7.5000  -22.5000  -30.000011420.3750   20.2109
   -7.5000  -15.0000  -30.000012221.2422   20.0709
    0.0000  -15.0000  -30.000012803.8848   20.1154
    7.5000  -15.0000  -30.000012257.0781   20.1501
   -7.5000   -7.5000  -30.000013102.2578   20.0507
    0.0000   -7.5000  -30.000013676.6855   20.0850
    7.5000   -7.5000  -30.000013117.2432   20.1073
   -7.5000    0.0000  -30.000013764.2861   20.0736
    0.0000    0.0000  -30.000014393.4316   20.1042
    7.5000    0.0000  -30.000013809.2021   20.1157
   -7.5000    7.5000  -30.000013334.2344   20.1264
    0.0000    7.5000  -30.000013951.6240   20.1650
    7.5000    7.5000  -30.000013386.1904   20.1765
   -7.5000   15.0000  -30.000012728.7686   20.1590
    0.0000   15.0000  -30.000013332.6680   20.2075
    7.5000   15.0000  -30.000012799.3584   20.2290
   -7.5000   22.5000  -30.000012005.3193   20.1216
    0.0000   22.5000  -30.000012610.9062   20.1723
    7.5000   22.5000  -30.000012118.3027   20.2061
   -7.5000   30.0000  -30.000011102.6553   19.8053
    0.0000   30.0000  -30.000011649.8438   19.8492
    7.5000   30.0000  -30.000011203.5498   19.8835
   -7.5000   37.5000  -30.000010582.9590   19.7854
    0.0000   37.5000  -30.000011093.1191   19.8192
    7.5000   37.5000  -30.000010676.7559   19.8413
   -7.5000   45.0000  -30.0000 9654.0205   19.3174
    0.0000   45.0000  -30.000010087.0703   19.3468
    7.5000   45.0000  -30.0000 9749.0811   19.3579
   -7.5000  -45.0000  -22.5000 9201.9316   20.7999
    0.0000  -45.0000  -22.5000 9673.9072   20.8172
    7.5000  -45.0000  -22.5000 9244.0029   20.8227
   -7.5000  -37.5000  -22.5000 9896.3984   20.8162
    0.0000  -37.5000  -22.500010383.4795   20.8444
    7.5000  -37.5000  -22.5000 9941.8643   20.8528
   -7.5000  -30.0000  -22.500010898.7061   20.8535
    0.0000  -30.0000  -22.500011476.9238   20.8950
    7.5000  -30.0000  -22.500011021.3066   20.9138
   -7.5000  -22.5000  -22.500011956.7227   20.8345
    0.0000  -22.5000  -22.500012578.1650   20.8773
    7.5000  -22.5000  -22.500012084.0283   20.9052
   -7.5000  -15.0000  -22.500012952.8506   20.7866
    0.0000  -15.0000  -22.500013588.3516   20.8201
    7.5000  -15.0000  -22.500013017.3770   20.8465
   -7.5000   -7.5000  -22.500013884.2275   20.7571
    0.0000   -7.5000  -22.500014498.8262   20.7784
    7.5000   -7.5000  -22.500013892.1377   20.7929
   -7.5000    0.0000  -22.500014545.6016   20.7673
    0.0000    0.0000  -22.500015200.5488   20.7849
    7.5000    0.0000  -22.500014580.3730   20.7907
   -7.5000    7.5000  -22.500014134.2344   20.8159
    0.0000    7.5000  -22.500014781.1973   20.8442
    7.5000    7.5000  -22.500014162.8359   20.8526
   -7.5000   15.0000  -22.500013499.6777   20.8535
    0.0000   15.0000  -22.500014137.4736   20.8949
    7.5000   15.0000  -22.500013563.5234   20.9137
   -7.5000   22.5000  -22.500012705.9932   20.8280
    0.0000   22.5000  -22.500013347.2021   20.8709
    7.5000   22.5000  -22.500012813.3477   20.8988
   -7.5000   30.0000  -22.500011769.0605   20.5147
    0.0000   30.0000  -22.500012302.4678   20.5478
    7.5000   30.0000  -22.500011840.7500   20.5738
   -7.5000   37.5000  -22.500011205.7207   20.4856
    0.0000   37.5000  -22.500011705.3701   20.5066
    7.5000   37.5000  -22.500011288.2695   20.5209
   -7.5000   45.0000  -22.500010238.2539   20.0000
    0.0000   45.0000  -22.500010697.0078   20.0169
    7.5000   45.0000  -22.500010328.8867   20.0225
   -7.5000  -45.0000  -15.0000 9666.4268   21.3216
    0.0000  -45.0000  -15.000010153.4180   21.3322
    7.5000  -45.0000  -15.0000 9716.5371   21.3247
   -7.5000  -37.5000  -15.000010350.0234   21.3210
    0.0000  -37.5000  -15.000010838.0449   21.3422
    7.5000  -37.5000  -15.000010419.5469   21.3438
   -7.5000  -30.0000  -15.000011380.0977   21.3471
    0.0000  -30.0000  -15.000011948.8379   21.3815
    7.5000  -30.0000  -15.000011511.5518   21.3968
   -7.5000  -22.5000  -15.000012499.5918   21.3384
    0.0000  -22.5000  -15.000013160.0850   21.3747
    7.5000  -22.5000  -15.000012683.0723   21.3949
   -7.5000  -15.0000  -15.000013674.8857   21.3066
    0.0000  -15.0000  -15.000014359.2520   21.3339
    7.5000  -15.0000  -15.000013768.0244   21.3470
   -7.5000   -7.5000  -15.000014702.1611   21.2825
    0.0000   -7.5000  -15.000015384.2764   21.2978
    7.5000   -7.5000  -15.000014698.1250   21.2970
   -7.5000    0.0000  -15.000015356.4844   21.2881
    0.0000    0.0000  -15.000016100.8418   21.2989
    7.5000    0.0000  -15.000015368.8955   21.2918
   -7.5000    7.5000  -15.000014904.2178   21.3208
    0.0000    7.5000  -15.000015616.4531   21.3419
    7.5000    7.5000  -15.000014893.8359   21.3436
   -7.5000   15.0000  -15.000014179.6348   21.3470
    0.0000   15.0000  -15.000014911.2461   21.3814
    7.5000   15.0000  -15.000014221.8271   21.3967
   -7.5000   22.5000  -15.000013374.5898   21.3309
    0.0000   22.5000  -15.000014032.7393   21.3671
    7.5000   22.5000  -15.000013423.5898   21.3874
   -7.5000   30.0000  -15.000012411.7490   21.0308
    0.0000   30.0000  -15.000012978.3125   21.0578
    7.5000   30.0000  -15.000012441.5420   21.0708
   -7.5000   37.5000  -15.000011809.5361   21.0070
    0.0000   37.5000  -15.000012367.4150   21.0222
    7.5000   37.5000  -15.000011862.9131   21.0214
   -7.5000   45.0000  -15.000010805.2803   20.5139
    0.0000   45.0000  -15.000011336.7402   20.5243
    7.5000   45.0000  -15.000010886.9346   20.5175
   -7.5000  -45.0000   -7.500010147.9629   21.5919
    0.0000  -45.0000   -7.500010629.7793   21.6110
    7.5000  -45.0000   -7.500010192.5938   21.5963
   -7.5000  -37.5000   -7.500010848.0791   21.5785
    0.0000  -37.5000   -7.500011333.6387   21.6040
    7.5000  -37.5000   -7.500010907.4521   21.6020
   -7.5000  -30.0000   -7.500011893.5850   21.5867
    0.0000  -30.0000   -7.500012427.3145   21.6225
    7.5000  -30.0000   -7.500012004.7227   21.6371
   -7.5000  -22.5000   -7.500013093.0156   21.5728
    0.0000  -22.5000   -7.500013705.4893   21.6123
    7.5000  -22.5000   -7.500013262.2344   21.6320
   -7.5000  -15.0000   -7.500014475.7969   21.5484
    0.0000  -15.0000   -7.500015226.3535   21.5836
    7.5000  -15.0000   -7.500014552.8584   21.5936
   -7.5000   -7.5000   -7.500015780.3242   21.5416
    0.0000   -7.5000   -7.500016788.0977   21.5669
    7.5000   -7.5000   -7.500015724.5830   21.5596
   -7.5000    0.0000   -7.500016465.4023   21.5577
    0.0000    0.0000   -7.500017521.4648   21.5770
    7.5000    0.0000   -7.500016378.5732   21.5628
   -7.5000    7.5000   -7.500015836.0381   21.5783
    0.0000    7.5000   -7.500016634.9902   21.6037
    7.5000    7.5000   -7.500015708.8662   21.6018
   -7.5000   15.0000   -7.500015004.2861   21.5866
    0.0000   15.0000   -7.500015756.0908   21.6223
    7.5000   15.0000   -7.500014940.8750   21.6370
   -7.5000   22.5000   -7.500014147.1816   21.5629
    0.0000   22.5000   -7.500014859.5762   21.6024
    7.5000   22.5000   -7.500014098.0947   21.6220
   -7.5000   30.0000   -7.500013147.9541   21.2690
    0.0000   30.0000   -7.500013802.5068   21.3037
    7.5000   30.0000   -7.500013119.1504   21.3135
   -7.5000   37.5000   -7.500012543.1680   21.2623
    0.0000   37.5000   -7.500013174.5332   21.2872
    7.5000   37.5000   -7.500012558.7119   21.2800
   -7.5000   45.0000   -7.500011487.7246   20.7776
    0.0000   45.0000   -7.500012080.3379   20.7962
    7.5000   45.0000   -7.500011521.1924   20.7826
   -7.5000  -45.0000    0.000010520.0625   21.6363
    0.0000  -45.0000    0.000011029.2139   21.6705
    7.5000  -45.0000    0.000010601.4141   21.6613
   -7.5000  -37.5000    0.000011231.5020   21.6262
    0.0000  -37.5000    0.000011760.4648   21.6631
    7.5000  -37.5000    0.000011310.6670   21.6637
   -7.5000  -30.0000    0.000012327.3076   21.6290
    0.0000  -30.0000    0.000012908.3691   21.6725
    7.5000  -30.0000    0.000012420.6133   21.6894
   -7.5000  -22.5000    0.000013545.4316   21.6019
    0.0000  -22.5000    0.000014169.6084   21.6506
    7.5000  -22.5000    0.000013676.8398   21.6761
   -7.5000  -15.0000    0.000014998.5059   21.5697
    0.0000  -15.0000    0.000015954.6230   21.6183
    7.5000  -15.0000    0.000015065.0713   21.6372
   -7.5000   -7.5000    0.000016598.2793   21.5729
    0.0000   -7.5000    0.000018076.6836   21.6137
    7.5000   -7.5000    0.000016485.4336   21.6146
   -7.5000    0.0000    0.000017427.4004   21.6021
    0.0000    0.0000    0.000018639.7949   21.6365
    7.5000    0.0000    0.000017248.1445   21.6277
   -7.5000    7.5000    0.000016560.5508   21.6260
    0.0000    7.5000    0.000017365.1211   21.6628
    7.5000    7.5000    0.000016362.3955   21.6635
   -7.5000   15.0000    0.000015665.1924   21.6289
    0.0000   15.0000    0.000016434.0918   21.6724
    7.5000   15.0000    0.000015470.3418   21.6893
   -7.5000   22.5000    0.000014720.7344   21.5919
    0.0000   22.5000    0.000015535.5547   21.6406
    7.5000   22.5000    0.000014601.4746   21.6661
   -7.5000   30.0000    0.000013695.3398   21.2906
    0.0000   30.0000    0.000014436.9912   21.3386
    7.5000   30.0000    0.000013570.9697   21.3572
   -7.5000   37.5000    0.000013053.1025   21.2937
    0.0000   37.5000    0.000013793.8428   21.3340
    7.5000   37.5000    0.000012999.5742   21.3349
   -7.5000   45.0000    0.000011929.9756   20.8220
    0.0000   45.0000    0.000012624.4766   20.8552
    7.5000   45.0000    0.000011890.6562   20.8467
   -7.5000  -45.0000    7.500010149.0312   21.6127
    0.0000  -45.0000    7.500010634.7080   21.6532
    7.5000  -45.0000    7.500010232.6562   21.6573
   -7.5000  -37.5000    7.500010849.7754   21.6216
    0.0000  -37.5000    7.500011351.9062   21.6664
    7.5000  -37.5000    7.500010933.2891   21.6743
   -7.5000  -30.0000    7.500011903.4756   21.6385
    0.0000  -30.0000    7.500012450.0361   21.6902
    7.5000  -30.0000    7.500011988.1699   21.7114
   -7.5000  -22.5000    7.500013011.2764   21.6013
    0.0000  -22.5000    7.500013581.3574   21.6571
    7.5000  -22.5000    7.500013109.0781   21.6908
   -7.5000  -15.0000    7.500014348.5625   21.5514
    0.0000  -15.0000    7.500015217.7129   21.6054
    7.5000  -15.0000    7.500014365.8311   21.6376
   -7.5000   -7.5000    7.500015884.3184   21.5458
    0.0000   -7.5000    7.500017176.9570   21.5918
    7.5000   -7.5000    7.500015798.1777   21.6079
   -7.5000    0.0000    7.500016844.2441   21.5787
    0.0000    0.0000    7.500018095.4297   21.6194
    7.5000    0.0000    7.500016720.9805   21.6239
   -7.5000    7.5000    7.500016211.2588   21.6213
    0.0000    7.5000    7.500017344.2480   21.6661
    7.5000    7.5000    7.500016095.0645   21.6740
   -7.5000   15.0000    7.500015292.2988   21.6384
    0.0000   15.0000    7.500016451.8652   21.6901
    7.5000   15.0000    7.500015168.7676   21.7113
   -7.5000   22.5000    7.500014233.5664   21.5913
    0.0000   22.5000    7.500015308.2852   21.6472
    7.5000   22.5000    7.500014149.0186   21.6808
   -7.5000   30.0000    7.500013136.4941   21.2725
    0.0000   30.0000    7.500014017.2480   21.3258
    7.5000   30.0000    7.500013033.0557   21.3575
   -7.5000   37.5000    7.500012543.9180   21.2670
    0.0000   37.5000    7.500013312.9971   21.3123
    7.5000   37.5000    7.500012502.6436   21.3283
   -7.5000   45.0000    7.500011511.4150   20.7994
    0.0000   45.0000    7.500012153.1416   20.8386
    7.5000   45.0000    7.500011469.4023   20.8429
   -7.5000  -45.0000   15.0000 9660.1436   21.5910
    0.0000  -45.0000   15.000010122.9775   21.6237
    7.5000  -45.0000   15.0000 9722.5840   21.6355
   -7.5000  -37.5000   15.000010324.5654   21.6141
    0.0000  -37.5000   15.000010840.7363   21.6555
    7.5000  -37.5000   15.000010373.7949   21.6677
   -7.5000  -30.0000   15.000011306.9814   21.6488
    0.0000  -30.0000   15.000011883.2705   21.7009
    7.5000  -30.0000   15.000011384.6152   21.7237
   -7.5000  -22.5000   15.000012340.6797   21.6135
    0.0000  -22.5000   15.000012942.4414   21.6681
    7.5000  -22.5000   15.000012411.4189   21.7042
   -7.5000  -15.0000   15.000013522.3057   21.5540
    0.0000  -15.0000   15.000014357.8633   21.6018
    7.5000  -15.0000   15.000013521.9844   21.6391
   -7.5000   -7.5000   15.000014843.1895   21.5324
    0.0000   -7.5000   15.000015804.5225   21.5694
    7.5000   -7.5000   15.000014733.6416   21.5932
   -7.5000    0.0000   15.000015736.0703   21.5572
    0.0000    0.0000   15.000016585.1172   21.5901
    7.5000    0.0000   15.000015518.0732   21.6023
   -7.5000    7.5000   15.000015295.1816   21.6139
    0.0000    7.5000   15.000016155.0908   21.6553
    7.5000    7.5000   15.000015116.3418   21.6675
   -7.5000   15.0000   15.000014487.1758   21.6487
    0.0000   15.0000   15.000015458.4150   21.7008
    7.5000   15.0000   15.000014424.1807   21.7237
   -7.5000   22.5000   15.000013439.5576   21.6036
    0.0000   22.5000   15.000014367.4521   21.6581
    7.5000   22.5000   15.000013478.5566   21.6942
   -7.5000   30.0000   15.000012328.7295   21.2750
    0.0000   30.0000   15.000013110.6650   21.3223
    7.5000   30.0000   15.000012379.3223   21.3590
   -7.5000   37.5000   15.000011759.7432   21.2538
    0.0000   37.5000   15.000012483.8740   21.2902
    7.5000   37.5000   15.000011811.3936   21.3137
   -7.5000   45.0000   15.000010766.2090   20.7787
    0.0000   45.0000   15.000011384.0479   20.8104
    7.5000   45.0000   15.000010803.6543   20.8221
   -7.5000  -45.0000   22.5000 9085.4834   21.5953
    0.0000  -45.0000   22.5000 9510.5010   21.6133
    7.5000  -45.0000   22.5000 9083.5254   21.6186
   -7.5000  -37.5000   22.5000 9728.0283   21.6124
    0.0000  -37.5000   22.500010146.7920   21.6417
    7.5000  -37.5000   22.5000 9725.7256   21.6500
   -7.5000  -30.0000   22.500010679.8975   21.6508
    0.0000  -30.0000   22.500011128.8994   21.6938
    7.5000  -30.0000   22.500010695.4688   21.7129
   -7.5000  -22.5000   22.500011599.2812   21.6305
    0.0000  -22.5000   22.500012076.9541   21.6750
    7.5000  -22.5000   22.500011629.0020   21.7036
   -7.5000  -15.0000   22.500012598.5654   21.5806
    0.0000  -15.0000   22.500013175.2158   21.6155
    7.5000  -15.0000   22.500012590.7002   21.6426
   -7.5000   -7.5000   22.500013655.2656   21.5503
    0.0000   -7.5000   22.500014201.7490   21.5725
    7.5000   -7.5000   22.500013557.9414   21.5873
   -7.5000    0.0000   22.500014339.3105   21.5615
    0.0000    0.0000   22.500014875.4141   21.5798
    7.5000    0.0000   22.500014236.6484   21.5854
   -7.5000    7.5000   22.500013932.3447   21.6121
    0.0000    7.5000   22.500014479.6279   21.6415
    7.5000    7.5000   22.500013886.5205   21.6498
   -7.5000   15.0000   22.500013234.6924   21.6508
    0.0000   15.0000   22.500013842.6777   21.6937
    7.5000   15.0000   22.500013241.2715   21.7128
   -7.5000   22.5000   22.500012366.5391   21.6205
    0.0000   22.5000   22.500012977.5918   21.6650
    7.5000   22.5000   22.500012430.5156   21.6936
   -7.5000   30.0000   22.500011424.3096   21.3013
    0.0000   30.0000   22.500011972.4307   21.3357
    7.5000   30.0000   22.500011494.0703   21.3625
   -7.5000   37.5000   22.500010915.9893   21.2714
    0.0000   37.5000   22.500011481.4854   21.2933
    7.5000   37.5000   22.500010986.9385   21.3079
   -7.5000   45.0000   22.5000 9988.9766   20.7828
    0.0000   45.0000   22.500010504.7920   20.8005
    7.5000   45.0000   22.500010058.1387   20.8059
   -7.5000  -45.0000   30.0000 8375.0635   21.7486
    0.0000  -45.0000   30.0000 8758.2305   21.7589
    7.5000  -45.0000   30.0000 8373.0967   21.7505
   -7.5000  -37.5000   30.0000 8972.3770   21.7483
    0.0000  -37.5000   30.0000 9356.5117   21.7696
    7.5000  -37.5000   30.0000 8960.2812   21.7706
   -7.5000  -30.0000   30.0000 9848.1787   21.7750
    0.0000  -30.0000   30.000010271.0156   21.8099
    7.5000  -30.0000   30.0000 9856.7139   21.8252
   -7.5000  -22.5000   30.000010668.7012   21.7655
    0.0000  -22.5000   30.000011142.9814   21.8023
    7.5000  -22.5000   30.000010711.5703   21.8229
   -7.5000  -15.0000   30.000011526.2207   21.7325
    0.0000  -15.0000   30.000012051.1797   21.7600
    7.5000  -15.0000   30.000011551.7402   21.7732
   -7.5000   -7.5000   30.000012416.7432   21.7079
    0.0000   -7.5000   30.000012910.2041   21.7230
    7.5000   -7.5000   30.000012416.1602   21.7218
   -7.5000    0.0000   30.000013005.5078   21.7141
    0.0000    0.0000   30.000013520.4912   21.7247
    7.5000    0.0000   30.000013011.5215   21.7168
   -7.5000    7.5000   30.000012619.1133   21.7481
    0.0000    7.5000   30.000013149.0059   21.7693
    7.5000    7.5000   30.000012661.4580   21.7704
   -7.5000   15.0000   30.000011981.1641   21.7749
    0.0000   15.0000   30.000012522.3164   21.8098
    7.5000   15.0000   30.000012051.4346   21.8251
   -7.5000   22.5000   30.000011241.9795   21.7555
    0.0000   22.5000   30.000011740.0322   21.7923
    7.5000   22.5000   30.000011309.4775   21.8128
   -7.5000   30.0000   30.000010414.1377   21.4512
    0.0000   30.0000   30.000010874.3535   21.4784
    7.5000   30.0000   30.000010472.4189   21.4914
   -7.5000   37.5000   30.0000 9978.7354   21.4270
    0.0000   37.5000   30.000010458.6279   21.4419
    7.5000   37.5000   30.000010059.3799   21.4407
   -7.5000   45.0000   30.0000 9124.2178   20.9300
    0.0000   45.0000   30.0000 9554.3350   20.9401
    7.5000   45.0000   30.0000 9193.1816   20.9325
   -7.5000  -45.0000   37.5000 8006.6016   22.2198
    0.0000  -45.0000   37.5000 8406.6826   22.2380
    7.5000  -45.0000   37.5000 8052.3682   22.2212
   -7.5000  -37.5000   37.5000 8593.9346   22.2075
    0.0000  -37.5000   37.5000 8980.8027   22.2322
    7.5000  -37.5000   37.5000 8628.1631   22.2283
   -7.5000  -30.0000   37.5000 9435.9775   22.2166
    0.0000  -30.0000   37.5000 9866.1172   22.2524
    7.5000  -30.0000   37.5000 9499.2578   22.2662
   -7.5000  -22.5000   37.500010246.8467   22.2004
    0.0000  -22.5000   37.500010706.1475   22.2405
    7.5000  -22.5000   37.500010363.7354   22.2602
   -7.5000  -15.0000   37.500011105.5664   22.1726
    0.0000  -15.0000   37.500011614.9150   22.2084
    7.5000  -15.0000   37.500011193.7432   22.2183
   -7.5000   -7.5000   37.500011925.1992   22.1651
    0.0000   -7.5000   37.500012390.8809   22.1903
    7.5000   -7.5000   37.500011957.5264   22.1818
   -7.5000    0.0000   37.500012427.7734   22.1837
    0.0000    0.0000   37.500012923.8125   22.2022
    7.5000    0.0000   37.500012473.2246   22.1858
   -7.5000    7.5000   37.500012040.3535   22.2073
    0.0000    7.5000   37.500012527.6064   22.2319
    7.5000    7.5000   37.500012097.2568   22.2281
   -7.5000   15.0000   37.500011439.6064   22.2165
    0.0000   15.0000   37.500011906.0342   22.2522
    7.5000   15.0000   37.500011513.6709   22.2661
   -7.5000   22.5000   37.500010703.7461   22.1901
    0.0000   22.5000   37.500011184.8584   22.2303
    7.5000   22.5000   37.500010772.4932   22.2500
   -7.5000   30.0000   37.5000 9937.7119   21.8856
    0.0000   30.0000   37.500010386.2324   21.9210
    7.5000   30.0000   37.5000 9978.6973   21.9307
   -7.5000   37.5000   37.5000 9542.1885   21.8783
    0.0000   37.5000   37.5000 9963.2373   21.9032
    7.5000   37.5000   37.5000 9584.5449   21.8947
   -7.5000   45.0000   37.5000 8719.0654   21.3825
    0.0000   45.0000   37.5000 9108.1953   21.4004
    7.5000   45.0000   37.5000 8752.8281   21.3846
   -7.5000  -45.0000   45.0000 7357.9956   22.8030
    0.0000  -45.0000   45.0000 7728.0327   22.8367
    7.5000  -45.0000   45.0000 7414.2583   22.8262
   -7.5000  -37.5000   45.0000 7895.6206   22.7845
    0.0000  -37.5000   45.0000 8268.7900   22.8213
    7.5000  -37.5000   45.0000 7969.6729   22.8207
   -7.5000  -30.0000   45.0000 8679.8447   22.7847
    0.0000  -30.0000   45.0000 9105.5889   22.8292
    7.5000  -30.0000   45.0000 8789.8506   22.8464
   -7.5000  -22.5000   45.0000 9468.9609   22.7592
    0.0000  -22.5000   45.0000 9920.4863   22.8097
    7.5000  -22.5000   45.0000 9607.0967   22.8372
   -7.5000  -15.0000   45.000010242.9678   22.7301
    0.0000  -15.0000   45.000010733.4678   22.7803
    7.5000  -15.0000   45.000010340.3428   22.8013
   -7.5000   -7.5000   45.000010971.2568   22.7359
    0.0000   -7.5000   45.000011432.7373   22.7773
    7.5000   -7.5000   45.000011016.4092   22.7786
   -7.5000    0.0000   45.000011385.9863   22.7647
    0.0000    0.0000   45.000011875.3877   22.7987
    7.5000    0.0000   45.000011432.1729   22.7887
   -7.5000    7.5000   45.000010997.1250   22.7842
    0.0000    7.5000   45.000011468.7051   22.8209
    7.5000    7.5000   45.000011045.0879   22.8204
   -7.5000   15.0000   45.000010485.3486   22.7846
    0.0000   15.0000   45.000010905.7266   22.8291
    7.5000   15.0000   45.000010537.7676   22.8462
   -7.5000   22.5000   45.0000 9823.0859   22.7486
    0.0000   22.5000   45.000010273.1807   22.7991
    7.5000   22.5000   45.0000 9889.7686   22.8266
   -7.5000   30.0000   45.0000 9117.6680   22.4340
    0.0000   30.0000   45.0000 9542.2266   22.4835
    7.5000   30.0000   45.0000 9152.1191   22.5042
   -7.5000   37.5000   45.0000 8752.4375   22.4397
    0.0000   37.5000   45.0000 9156.3486   22.4806
    7.5000   37.5000   45.0000 8772.4365   22.4819
   -7.5000   45.0000   45.0000 7964.7651   21.9525
    0.0000   45.0000   45.0000 8361.5830   21.9853
    7.5000   45.0000   45.0000 7988.5972   21.9757

---------------------------------------------------------------------
imgreg_4dfp /opt/freesurfer/average/711-2C_as_mni_average_305 /opt/freesurfer/average/711-2B_as_mni_average_305_mask talsrcimg_g11 none talsrcimg_to_711-2C_as_mni_average_305_t4 4355
---------------------------------------------------------------------

freesurfer imgreg_4dfp.c
/opt/freesurfer/average/711-2C_as_mni_average_305.4dfp.img
       256       256       256         1
  1.000000  1.000000  1.000000
orientation T byte_order littleendian
Reading image: /opt/freesurfer/average/711-2C_as_mni_average_305.4dfp.img
dimensions:      256       256       256
mmppix:       1.0000   -1.0000   -1.0000
center:     128.0000 -129.0000 -129.0000
/opt/freesurfer/average/711-2B_as_mni_average_305_mask.4dfp.img
       256       256       256         1
  1.000000  1.000000  1.000000
orientation T byte_order littleendian
Reading mask: /opt/freesurfer/average/711-2B_as_mni_average_305_mask.4dfp.img (2306576 pixels)
talsrcimg_g11.4dfp.img
       256       256       256         1
  1.000000  1.000000  1.000000
orientation T byte_order littleendian
Reading image: talsrcimg_g11.4dfp.img
dimensions:      256       256       256
mmppix:       1.0000   -1.0000   -1.0000
center:     128.0000 -129.0000 -129.0000
rotation matrix determinant  1.000000
image alignment mode   4355 decimal     1103 hex
   -7.5000  -45.0000  -45.0000 2151.3384   23.5056
    0.0000  -45.0000  -45.0000 2155.4172   23.4577
    7.5000  -45.0000  -45.0000 2134.8364   23.4464
   -7.5000  -37.5000  -45.0000 2243.1074   21.7009
    0.0000  -37.5000  -45.0000 2252.4102   21.5591
    7.5000  -37.5000  -45.0000 2233.7769   21.6239
   -7.5000  -30.0000  -45.0000 2305.4177   20.4923
    0.0000  -30.0000  -45.0000 2309.2625   20.3659
    7.5000  -30.0000  -45.0000 2296.0254   20.3723
   -7.5000  -22.5000  -45.0000 2341.9021   19.6341
    0.0000  -22.5000  -45.0000 2350.0823   19.4384
    7.5000  -22.5000  -45.0000 2332.3164   19.5140
   -7.5000  -15.0000  -45.0000 2350.5066   19.2038
    0.0000  -15.0000  -45.0000 2364.8555   18.9841
    7.5000  -15.0000  -45.0000 2339.7634   19.0781
   -7.5000   -7.5000  -45.0000 2358.8254   18.8803
    0.0000   -7.5000  -45.0000 2365.8611   18.6870
    7.5000   -7.5000  -45.0000 2343.5569   18.7771
   -7.5000    0.0000  -45.0000 2341.3843   18.7739
    0.0000    0.0000  -45.0000 2348.8252   18.5169
    7.5000    0.0000  -45.0000 2336.2388   18.6453
   -7.5000    7.5000  -45.0000 2332.2344   19.0238
    0.0000    7.5000  -45.0000 2340.9978   18.7303
    7.5000    7.5000  -45.0000 2325.6145   18.8788
   -7.5000   15.0000  -45.0000 2300.3547   19.5814
    0.0000   15.0000  -45.0000 2306.3076   19.2652
    7.5000   15.0000  -45.0000 2298.1077   19.3963
   -7.5000   22.5000  -45.0000 2261.0059   20.4075
    0.0000   22.5000  -45.0000 2271.7288   20.1292
    7.5000   22.5000  -45.0000 2255.2271   20.3025
   -7.5000   30.0000  -45.0000 2187.1191   21.5700
    0.0000   30.0000  -45.0000 2198.9333   21.3397
    7.5000   30.0000  -45.0000 2183.5820   21.4241
   -7.5000   37.5000  -45.0000 2106.6501   23.2757
    0.0000   37.5000  -45.0000 2115.5200   23.0002
    7.5000   37.5000  -45.0000 2094.1824   23.0723
   -7.5000   45.0000  -45.0000 2001.3738   25.5543
    0.0000   45.0000  -45.0000 2002.5570   25.3335
    7.5000   45.0000  -45.0000 1979.9691   25.3545
   -7.5000  -45.0000  -37.5000 2240.6379   22.1398
    0.0000  -45.0000  -37.5000 2246.5469   22.0622
    7.5000  -45.0000  -37.5000 2219.5364   22.0500
   -7.5000  -37.5000  -37.5000 2339.0583   20.3991
    0.0000  -37.5000  -37.5000 2346.3491   20.2344
    7.5000  -37.5000  -37.5000 2321.5173   20.2853
   -7.5000  -30.0000  -37.5000 2402.6042   19.1256
    0.0000  -30.0000  -37.5000 2410.6819   18.9641
    7.5000  -30.0000  -37.5000 2385.2808   19.0340
   -7.5000  -22.5000  -37.5000 2436.5095   18.2599
    0.0000  -22.5000  -37.5000 2441.4768   18.0145
    7.5000  -22.5000  -37.5000 2419.7437   18.0927
   -7.5000  -15.0000  -37.5000 2450.4014   17.7800
    0.0000  -15.0000  -37.5000 2457.2695   17.4350
    7.5000  -15.0000  -37.5000 2431.9385   17.6143
   -7.5000   -7.5000  -37.5000 2459.7422   17.5121
    0.0000   -7.5000  -37.5000 2466.0415   17.1931
    7.5000   -7.5000  -37.5000 2447.0266   17.3495
   -7.5000    0.0000  -37.5000 2442.4771   17.3512
    0.0000    0.0000  -37.5000 2452.0645   17.0634
    7.5000    0.0000  -37.5000 2439.5396   17.2418
   -7.5000    7.5000  -37.5000 2439.9072   17.6131
    0.0000    7.5000  -37.5000 2444.8708   17.3087
    7.5000    7.5000  -37.5000 2430.8940   17.4791
   -7.5000   15.0000  -37.5000 2405.2380   18.0776
    0.0000   15.0000  -37.5000 2409.6550   17.7449
    7.5000   15.0000  -37.5000 2396.9373   17.9058
   -7.5000   22.5000  -37.5000 2354.6421   18.8256
    0.0000   22.5000  -37.5000 2370.5906   18.5407
    7.5000   22.5000  -37.5000 2352.8608   18.7444
   -7.5000   30.0000  -37.5000 2281.6201   19.8797
    0.0000   30.0000  -37.5000 2298.3613   19.6360
    7.5000   30.0000  -37.5000 2280.0706   19.8012
   -7.5000   37.5000  -37.5000 2199.0935   21.4128
    0.0000   37.5000  -37.5000 2214.1086   21.1460
    7.5000   37.5000  -37.5000 2189.5500   21.3012
   -7.5000   45.0000  -37.5000 2092.6519   23.5517
    0.0000   45.0000  -37.5000 2101.4172   23.2608
    7.5000   45.0000  -37.5000 2074.2305   23.3634
   -7.5000  -45.0000  -30.0000 2349.5068   21.7486
    0.0000  -45.0000  -30.0000 2357.1978   21.5196
    7.5000  -45.0000  -30.0000 2332.4985   21.5706
   -7.5000  -37.5000  -30.0000 2445.5603   19.9755
    0.0000  -37.5000  -30.0000 2454.5249   19.7166
    7.5000  -37.5000  -30.0000 2424.2424   19.8210
   -7.5000  -30.0000  -30.0000 2508.8206   18.6082
    0.0000  -30.0000  -30.0000 2517.8638   18.3517
    7.5000  -30.0000  -30.0000 2493.2480   18.4659
   -7.5000  -22.5000  -30.0000 2551.7505   17.6968
    0.0000  -22.5000  -30.0000 2558.1829   17.4276
    7.5000  -22.5000  -30.0000 2540.7644   17.5001
   -7.5000  -15.0000  -30.0000 2573.4253   17.1270
    0.0000  -15.0000  -30.0000 2578.6899   16.7727
    7.5000  -15.0000  -30.0000 2564.9158   16.9027
   -7.5000   -7.5000  -30.0000 2596.6865   16.8090
    0.0000   -7.5000  -30.0000 2598.5205   16.4186
    7.5000   -7.5000  -30.0000 2586.0449   16.6270
   -7.5000    0.0000  -30.0000 2582.5474   16.5564
    0.0000    0.0000  -30.0000 2591.6943   16.2538
    7.5000    0.0000  -30.0000 2581.2480   16.4542
   -7.5000    7.5000  -30.0000 2576.0090   16.8002
    0.0000    7.5000  -30.0000 2585.4429   16.4581
    7.5000    7.5000  -30.0000 2572.8894   16.6446
   -7.5000   15.0000  -30.0000 2543.7065   17.3071
    0.0000   15.0000  -30.0000 2549.0149   16.9661
    7.5000   15.0000  -30.0000 2533.6965   17.1312
   -7.5000   22.5000  -30.0000 2488.2336   18.0686
    0.0000   22.5000  -30.0000 2506.0149   17.7475
    7.5000   22.5000  -30.0000 2489.5059   17.9588
   -7.5000   30.0000  -30.0000 2406.6951   19.0737
    0.0000   30.0000  -30.0000 2427.7937   18.7656
    7.5000   30.0000  -30.0000 2409.8713   18.9237
   -7.5000   37.5000  -30.0000 2326.0234   20.5490
    0.0000   37.5000  -30.0000 2339.0273   20.1915
    7.5000   37.5000  -30.0000 2318.0930   20.3879
   -7.5000   45.0000  -30.0000 2218.4868   22.5833
    0.0000   45.0000  -30.0000 2225.9902   22.1512
    7.5000   45.0000  -30.0000 2204.7300   22.3696
   -7.5000  -45.0000  -22.5000 2415.9832   21.2713
    0.0000  -45.0000  -22.5000 2425.8918   20.9904
    7.5000  -45.0000  -22.5000 2395.6208   21.0613
   -7.5000  -37.5000  -22.5000 2503.2837   19.4224
    0.0000  -37.5000  -22.5000 2516.6140   19.1528
    7.5000  -37.5000  -22.5000 2490.6882   19.2852
   -7.5000  -30.0000  -22.5000 2568.9089   18.0671
    0.0000  -30.0000  -22.5000 2577.8071   17.7701
    7.5000  -30.0000  -22.5000 2562.7874   17.9255
   -7.5000  -22.5000  -22.5000 2628.9961   17.1135
    0.0000  -22.5000  -22.5000 2633.7883   16.8450
    7.5000  -22.5000  -22.5000 2620.8687   16.9732
   -7.5000  -15.0000  -22.5000 2673.9851   16.4848
    0.0000  -15.0000  -22.5000 2678.6467   16.1253
    7.5000  -15.0000  -22.5000 2672.5371   16.2466
   -7.5000   -7.5000  -22.5000 2693.7485   16.0273
    0.0000   -7.5000  -22.5000 2698.3440   15.6162
    7.5000   -7.5000  -22.5000 2691.0701   15.7785
   -7.5000    0.0000  -22.5000 2688.1160   15.6926
    0.0000    0.0000  -22.5000 2697.6404   15.3428
    7.5000    0.0000  -22.5000 2685.9199   15.5558
   -7.5000    7.5000  -22.5000 2687.1060   15.9119
    0.0000    7.5000  -22.5000 2693.1121   15.5328
    7.5000    7.5000  -22.5000 2687.5938   15.7668
   -7.5000   15.0000  -22.5000 2654.0542   16.5331
    0.0000   15.0000  -22.5000 2662.2297   16.1308
    7.5000   15.0000  -22.5000 2656.3481   16.3120
   -7.5000   22.5000  -22.5000 2601.2239   17.2754
    0.0000   22.5000  -22.5000 2614.1270   16.8997
    7.5000   22.5000  -22.5000 2606.8606   17.0815
   -7.5000   30.0000  -22.5000 2517.7375   18.2464
    0.0000   30.0000  -22.5000 2527.8354   17.8794
    7.5000   30.0000  -22.5000 2518.3923   18.0684
   -7.5000   37.5000  -22.5000 2422.0601   19.6549
    0.0000   37.5000  -22.5000 2429.2222   19.2155
    7.5000   37.5000  -22.5000 2419.2800   19.4198
   -7.5000   45.0000  -22.5000 2305.8057   21.6481
    0.0000   45.0000  -22.5000 2315.8203   21.1537
    7.5000   45.0000  -22.5000 2298.3606   21.3689
   -7.5000  -45.0000  -15.0000 2443.7949   20.8439
    0.0000  -45.0000  -15.0000 2450.7344   20.5329
    7.5000  -45.0000  -15.0000 2425.5317   20.6298
   -7.5000  -37.5000  -15.0000 2527.5869   18.9946
    0.0000  -37.5000  -15.0000 2536.7373   18.6728
    7.5000  -37.5000  -15.0000 2520.4211   18.8261
   -7.5000  -30.0000  -15.0000 2597.2566   17.6257
    0.0000  -30.0000  -15.0000 2606.0432   17.3071
    7.5000  -30.0000  -15.0000 2600.0007   17.4597
   -7.5000  -22.5000  -15.0000 2668.2537   16.6630
    0.0000  -22.5000  -15.0000 2679.4773   16.3375
    7.5000  -22.5000  -15.0000 2677.9558   16.4641
   -7.5000  -15.0000  -15.0000 2730.0374   15.9257
    0.0000  -15.0000  -15.0000 2737.4902   15.6176
    7.5000  -15.0000  -15.0000 2738.3992   15.7080
   -7.5000   -7.5000  -15.0000 2768.2812   15.4565
    0.0000   -7.5000  -15.0000 2779.6550   15.0565
    7.5000   -7.5000  -15.0000 2770.4302   15.1067
   -7.5000    0.0000  -15.0000 2760.5681   14.9887
    0.0000    0.0000  -15.0000 2772.9568   14.5870
    7.5000    0.0000  -15.0000 2764.0508   14.7982
   -7.5000    7.5000  -15.0000 2764.2415   15.1501
    0.0000    7.5000  -15.0000 2762.4373   14.7410
    7.5000    7.5000  -15.0000 2765.1658   14.9663
   -7.5000   15.0000  -15.0000 2726.8323   15.7942
    0.0000   15.0000  -15.0000 2733.3962   15.3913
    7.5000   15.0000  -15.0000 2736.0332   15.5094
   -7.5000   22.5000  -15.0000 2672.7964   16.5436
    0.0000   22.5000  -15.0000 2679.9568   16.1205
    7.5000   22.5000  -15.0000 2679.5300   16.2744
   -7.5000   30.0000  -15.0000 2587.6030   17.5282
    0.0000   30.0000  -15.0000 2592.3740   17.0701
    7.5000   30.0000  -15.0000 2595.3320   17.2858
   -7.5000   37.5000  -15.0000 2485.8352   18.9531
    0.0000   37.5000  -15.0000 2493.1038   18.4757
    7.5000   37.5000  -15.0000 2486.8323   18.7472
   -7.5000   45.0000  -15.0000 2365.1172   20.9172
    0.0000   45.0000  -15.0000 2379.3247   20.3837
    7.5000   45.0000  -15.0000 2359.0984   20.6709
   -7.5000  -45.0000   -7.5000 2445.8306   20.5587
    0.0000  -45.0000   -7.5000 2456.0076   20.1460
    7.5000  -45.0000   -7.5000 2427.4602   20.2978
   -7.5000  -37.5000   -7.5000 2539.9731   18.7555
    0.0000  -37.5000   -7.5000 2545.7554   18.3533
    7.5000  -37.5000   -7.5000 2527.5752   18.4989
   -7.5000  -30.0000   -7.5000 2617.6006   17.3129
    0.0000  -30.0000   -7.5000 2623.8459   16.9444
    7.5000  -30.0000   -7.5000 2615.5889   17.0484
   -7.5000  -22.5000   -7.5000 2706.3286   16.2718
    0.0000  -22.5000   -7.5000 2714.9292   15.8995
    7.5000  -22.5000   -7.5000 2710.9302   16.0198
   -7.5000  -15.0000   -7.5000 2778.8350   15.5698
    0.0000  -15.0000   -7.5000 2784.4194   15.2272
    7.5000  -15.0000   -7.5000 2783.4868   15.2868
   -7.5000   -7.5000   -7.5000 2837.2317   15.1163
    0.0000   -7.5000   -7.5000 2849.7996   14.7702
    7.5000   -7.5000   -7.5000 2836.0923   14.6768
   -7.5000    0.0000   -7.5000 2832.0974   14.5743
    0.0000    0.0000   -7.5000 2842.0635   14.2154
    7.5000    0.0000   -7.5000 2826.2170   14.2710
   -7.5000    7.5000   -7.5000 2817.1191   14.5975
    0.0000    7.5000   -7.5000 2809.1309   14.1940
    7.5000    7.5000   -7.5000 2807.7268   14.3651
   -7.5000   15.0000   -7.5000 2773.7144   15.1041
    0.0000   15.0000   -7.5000 2774.0066   14.6886
    7.5000   15.0000   -7.5000 2774.4448   14.8495
   -7.5000   22.5000   -7.5000 2726.3982   15.9179
    0.0000   22.5000   -7.5000 2723.9187   15.3901
    7.5000   22.5000   -7.5000 2725.0383   15.6591
   -7.5000   30.0000   -7.5000 2638.0505   16.9731
    0.0000   30.0000   -7.5000 2642.9668   16.4737
    7.5000   30.0000   -7.5000 2638.6980   16.7593
   -7.5000   37.5000   -7.5000 2531.4084   18.4770
    0.0000   37.5000   -7.5000 2535.0898   17.9514
    7.5000   37.5000   -7.5000 2523.9224   18.2228
   -7.5000   45.0000   -7.5000 2407.9128   20.3940
    0.0000   45.0000   -7.5000 2411.6077   19.8406
    7.5000   45.0000   -7.5000 2394.0000   20.1026
   -7.5000  -45.0000    0.0000 2437.5713   20.4740
    0.0000  -45.0000    0.0000 2439.7893   20.0201
    7.5000  -45.0000    0.0000 2426.2039   20.2376
   -7.5000  -37.5000    0.0000 2529.4541   18.6128
    0.0000  -37.5000    0.0000 2532.3357   18.2247
    7.5000  -37.5000    0.0000 2522.2712   18.3477
   -7.5000  -30.0000    0.0000 2616.9441   17.1601
    0.0000  -30.0000    0.0000 2623.1189   16.8062
    7.5000  -30.0000    0.0000 2613.5220   16.8925
   -7.5000  -22.5000    0.0000 2714.9768   16.0816
    0.0000  -22.5000    0.0000 2721.1858   15.7447
    7.5000  -22.5000    0.0000 2708.9233   15.8091
   -7.5000  -15.0000    0.0000 2795.6348   15.3508
    0.0000  -15.0000    0.0000 2809.1421   15.0793
    7.5000  -15.0000    0.0000 2793.1816   15.0807
   -7.5000   -7.5000    0.0000 2868.5203   14.9531
    0.0000   -7.5000    0.0000 2888.2356   14.7671
    7.5000   -7.5000    0.0000 2848.4966   14.5103
   -7.5000    0.0000    0.0000 2881.0662   14.5141
    0.0000    0.0000    0.0000 2918.7502   14.4354
    7.5000    0.0000    0.0000 2852.0376   14.1891
   -7.5000    7.5000    0.0000 2834.9158   14.3280
    0.0000    7.5000    0.0000 2841.0107   13.9927
    7.5000    7.5000    0.0000 2812.4294   14.1378
   -7.5000   15.0000    0.0000 2784.2954   14.7331
    0.0000   15.0000    0.0000 2791.0010   14.2508
    7.5000   15.0000    0.0000 2768.4998   14.4992
   -7.5000   22.5000    0.0000 2726.9468   15.4635
    0.0000   22.5000    0.0000 2747.8789   15.1584
    7.5000   22.5000    0.0000 2722.5754   15.2830
   -7.5000   30.0000    0.0000 2649.9094   16.6035
    0.0000   30.0000    0.0000 2661.8896   16.3194
    7.5000   30.0000    0.0000 2637.1711   16.3834
   -7.5000   37.5000    0.0000 2544.0359   18.1547
    0.0000   37.5000    0.0000 2560.7852   17.8505
    7.5000   37.5000    0.0000 2533.3167   17.8817
   -7.5000   45.0000    0.0000 2410.9744   20.1251
    0.0000   45.0000    0.0000 2430.4683   19.7750
    7.5000   45.0000    0.0000 2399.7712   19.8208
   -7.5000  -45.0000    7.5000 2418.2542   20.7055
    0.0000  -45.0000    7.5000 2416.8740   20.2339
    7.5000  -45.0000    7.5000 2412.0708   20.5173
   -7.5000  -37.5000    7.5000 2516.0786   18.7657
    0.0000  -37.5000    7.5000 2508.1223   18.3424
    7.5000  -37.5000    7.5000 2513.6665   18.5261
   -7.5000  -30.0000    7.5000 2611.1863   17.2984
    0.0000  -30.0000    7.5000 2603.0171   16.8762
    7.5000  -30.0000    7.5000 2607.1433   17.0261
   -7.5000  -22.5000    7.5000 2703.5488   16.1579
    0.0000  -22.5000    7.5000 2699.3171   15.8082
    7.5000  -22.5000    7.5000 2697.1746   15.8938
   -7.5000  -15.0000    7.5000 2794.1108   15.4485
    0.0000  -15.0000    7.5000 2789.7471   15.1416
    7.5000  -15.0000    7.5000 2782.1611   15.1318
   -7.5000   -7.5000    7.5000 2871.9602   15.0655
    0.0000   -7.5000    7.5000 2885.6372   14.9908
    7.5000   -7.5000    7.5000 2852.9910   14.6863
   -7.5000    0.0000    7.5000 2885.7297   14.7877
    0.0000    0.0000    7.5000 2938.2549   14.7669
    7.5000    0.0000    7.5000 2864.3167   14.4974
   -7.5000    7.5000    7.5000 2859.6396   14.7196
    0.0000    7.5000    7.5000 2873.9146   14.4669
    7.5000    7.5000    7.5000 2832.0852   14.4802
   -7.5000   15.0000    7.5000 2798.1978   14.8962
    0.0000   15.0000    7.5000 2830.8682   14.7762
    7.5000   15.0000    7.5000 2782.4739   14.7214
   -7.5000   22.5000    7.5000 2732.4419   15.5875
    0.0000   22.5000    7.5000 2759.9956   15.4320
    7.5000   22.5000    7.5000 2724.7771   15.4354
   -7.5000   30.0000    7.5000 2645.1924   16.7082
    0.0000   30.0000    7.5000 2656.1992   16.4491
    7.5000   30.0000    7.5000 2633.9839   16.4741
   -7.5000   37.5000    7.5000 2539.8201   18.2887
    0.0000   37.5000    7.5000 2549.9375   17.9347
    7.5000   37.5000    7.5000 2535.2617   17.9904
   -7.5000   45.0000    7.5000 2416.4231   20.2818
    0.0000   45.0000    7.5000 2424.8899   19.8571
    7.5000   45.0000    7.5000 2403.7407   19.9792
   -7.5000  -45.0000   15.0000 2394.3918   21.2541
    0.0000  -45.0000   15.0000 2383.9214   20.6991
    7.5000  -45.0000   15.0000 2384.4658   21.0007
   -7.5000  -37.5000   15.0000 2492.3911   19.2361
    0.0000  -37.5000   15.0000 2485.9360   18.7952
    7.5000  -37.5000   15.0000 2481.4417   18.9767
   -7.5000  -30.0000   15.0000 2580.9060   17.7083
    0.0000  -30.0000   15.0000 2580.3164   17.3425
    7.5000  -30.0000   15.0000 2576.7146   17.4658
   -7.5000  -22.5000   15.0000 2671.1956   16.5858
    0.0000  -22.5000   15.0000 2671.1545   16.2912
    7.5000  -22.5000   15.0000 2663.0957   16.3662
   -7.5000  -15.0000   15.0000 2766.7583   15.8704
    0.0000  -15.0000   15.0000 2765.4702   15.6513
    7.5000  -15.0000   15.0000 2747.8845   15.5867
   -7.5000   -7.5000   15.0000 2841.2478   15.5882
    0.0000   -7.5000   15.0000 2853.7908   15.4852
    7.5000   -7.5000   15.0000 2815.7959   15.2230
   -7.5000    0.0000   15.0000 2855.1643   15.2725
    0.0000    0.0000   15.0000 2860.5757   14.9054
    7.5000    0.0000   15.0000 2826.8264   14.9377
   -7.5000    7.5000   15.0000 2844.9514   15.3340
    0.0000    7.5000   15.0000 2848.3428   14.9901
    7.5000    7.5000   15.0000 2813.3572   15.0217
   -7.5000   15.0000   15.0000 2795.2734   15.6477
    0.0000   15.0000   15.0000 2819.6956   15.4843
    7.5000   15.0000   15.0000 2777.8911   15.4658
   -7.5000   22.5000   15.0000 2719.2903   16.2640
    0.0000   22.5000   15.0000 2741.8142   16.1244
    7.5000   22.5000   15.0000 2716.9104   16.1837
   -7.5000   30.0000   15.0000 2610.9443   17.2344
    0.0000   30.0000   15.0000 2623.3499   17.0504
    7.5000   30.0000   15.0000 2613.9238   17.1829
   -7.5000   37.5000   15.0000 2506.5571   18.6521
    0.0000   37.5000   15.0000 2519.4407   18.3656
    7.5000   37.5000   15.0000 2503.6863   18.4951
   -7.5000   45.0000   15.0000 2386.5737   20.5875
    0.0000   45.0000   15.0000 2396.8804   20.2148
    7.5000   45.0000   15.0000 2378.4817   20.3421
   -7.5000  -45.0000   22.5000 2360.0442   22.1433
    0.0000  -45.0000   22.5000 2352.3845   21.6133
    7.5000  -45.0000   22.5000 2342.6482   21.7808
   -7.5000  -37.5000   22.5000 2458.0503   20.0779
    0.0000  -37.5000   22.5000 2453.8779   19.5722
    7.5000  -37.5000   22.5000 2444.4863   19.7362
   -7.5000  -30.0000   22.5000 2549.6685   18.5475
    0.0000  -30.0000   22.5000 2546.5098   18.0401
    7.5000  -30.0000   22.5000 2536.3696   18.2246
   -7.5000  -22.5000   22.5000 2636.0308   17.3788
    0.0000  -22.5000   22.5000 2628.7607   16.9350
    7.5000  -22.5000   22.5000 2620.4163   17.0471
   -7.5000  -15.0000   22.5000 2721.3335   16.5918
    0.0000  -15.0000   22.5000 2709.3042   16.1986
    7.5000  -15.0000   22.5000 2693.4646   16.1956
   -7.5000   -7.5000   22.5000 2780.1206   16.1620
    0.0000   -7.5000   22.5000 2780.9568   15.7391
    7.5000   -7.5000   22.5000 2757.9612   15.7760
   -7.5000    0.0000   22.5000 2786.7180   15.8067
    0.0000    0.0000   22.5000 2794.8447   15.3336
    7.5000    0.0000   22.5000 2763.4404   15.4673
   -7.5000    7.5000   22.5000 2784.3772   15.9827
    0.0000    7.5000   22.5000 2783.6079   15.5618
    7.5000    7.5000   22.5000 2764.2559   15.6544
   -7.5000   15.0000   22.5000 2737.3447   16.3938
    0.0000   15.0000   22.5000 2754.3174   16.0861
    7.5000   15.0000   22.5000 2723.2344   16.1327
   -7.5000   22.5000   22.5000 2670.1111   17.0776
    0.0000   22.5000   22.5000 2689.3254   16.7576
    7.5000   22.5000   22.5000 2669.5474   16.8539
   -7.5000   30.0000   22.5000 2575.8025   18.0994
    0.0000   30.0000   22.5000 2586.1255   17.7497
    7.5000   30.0000   22.5000 2580.1914   17.9320
   -7.5000   37.5000   22.5000 2461.8176   19.4563
    0.0000   37.5000   22.5000 2479.9749   19.1422
    7.5000   37.5000   22.5000 2465.8132   19.2824
   -7.5000   45.0000   22.5000 2343.3237   21.2914
    0.0000   45.0000   22.5000 2356.8267   20.9040
    7.5000   45.0000   22.5000 2343.6377   21.0797
   -7.5000  -45.0000   30.0000 2300.3530   23.2927
    0.0000  -45.0000   30.0000 2297.2075   22.6540
    7.5000  -45.0000   30.0000 2284.4297   22.8442
   -7.5000  -37.5000   30.0000 2402.2197   21.0979
    0.0000  -37.5000   30.0000 2398.9526   20.4501
    7.5000  -37.5000   30.0000 2387.1260   20.7189
   -7.5000  -30.0000   30.0000 2495.5842   19.4688
    0.0000  -30.0000   30.0000 2495.1228   18.8816
    7.5000  -30.0000   30.0000 2482.5339   19.0832
   -7.5000  -22.5000   30.0000 2576.5491   18.1754
    0.0000  -22.5000   30.0000 2575.8757   17.6674
    7.5000  -22.5000   30.0000 2562.7476   17.8018
   -7.5000  -15.0000   30.0000 2647.4348   17.2819
    0.0000  -15.0000   30.0000 2634.4978   16.7931
    7.5000  -15.0000   30.0000 2627.1387   16.9350
   -7.5000   -7.5000   30.0000 2689.7485   16.8333
    0.0000   -7.5000   30.0000 2690.5906   16.2890
    7.5000   -7.5000   30.0000 2673.9094   16.4864
   -7.5000    0.0000   30.0000 2700.5632   16.5228
    0.0000    0.0000   30.0000 2702.4167   16.0702
    7.5000    0.0000   30.0000 2680.3125   16.2510
   -7.5000    7.5000   30.0000 2692.2935   16.7794
    0.0000    7.5000   30.0000 2694.7434   16.3437
    7.5000    7.5000   30.0000 2678.5085   16.5195
   -7.5000   15.0000   30.0000 2643.7263   17.2237
    0.0000   15.0000   30.0000 2655.4294   16.8727
    7.5000   15.0000   30.0000 2639.4397   16.9751
   -7.5000   22.5000   30.0000 2591.0444   17.9405
    0.0000   22.5000   30.0000 2599.5400   17.5189
    7.5000   22.5000   30.0000 2587.9197   17.7176
   -7.5000   30.0000   30.0000 2513.9265   18.8889
    0.0000   30.0000   30.0000 2519.0596   18.4875
    7.5000   30.0000   30.0000 2509.0051   18.7086
   -7.5000   37.5000   30.0000 2414.1514   20.3123
    0.0000   37.5000   30.0000 2433.5154   20.0112
    7.5000   37.5000   30.0000 2414.8103   20.1760
   -7.5000   45.0000   30.0000 2289.6580   22.1944
    0.0000   45.0000   30.0000 2301.4382   21.8394
    7.5000   45.0000   30.0000 2290.7192   22.0281
   -7.5000  -45.0000   37.5000 2232.0579   24.5485
    0.0000  -45.0000   37.5000 2239.2979   23.8184
    7.5000  -45.0000   37.5000 2225.7397   24.0727
   -7.5000  -37.5000   37.5000 2339.9045   22.2340
    0.0000  -37.5000   37.5000 2344.8020   21.5376
    7.5000  -37.5000   37.5000 2328.8438   21.8543
   -7.5000  -30.0000   37.5000 2437.0190   20.5255
    0.0000  -30.0000   37.5000 2438.1350   19.8857
    7.5000  -30.0000   37.5000 2423.8130   20.2014
   -7.5000  -22.5000   37.5000 2514.7026   19.2135
    0.0000  -22.5000   37.5000 2507.8191   18.6314
    7.5000  -22.5000   37.5000 2500.9150   18.9235
   -7.5000  -15.0000   37.5000 2572.4849   18.3351
    0.0000  -15.0000   37.5000 2569.4822   17.7787
    7.5000  -15.0000   37.5000 2557.5325   18.0474
   -7.5000   -7.5000   37.5000 2610.2834   17.8615
    0.0000   -7.5000   37.5000 2614.0269   17.2704
    7.5000   -7.5000   37.5000 2592.7273   17.5456
   -7.5000    0.0000   37.5000 2610.3503   17.4999
    0.0000    0.0000   37.5000 2616.4775   17.0451
    7.5000    0.0000   37.5000 2598.5063   17.2818
   -7.5000    7.5000   37.5000 2599.4719   17.8375
    0.0000    7.5000   37.5000 2605.3186   17.3349
    7.5000    7.5000   37.5000 2591.4077   17.5482
   -7.5000   15.0000   37.5000 2557.4446   18.3185
    0.0000   15.0000   37.5000 2557.5815   17.8785
    7.5000   15.0000   37.5000 2555.9185   18.0505
   -7.5000   22.5000   37.5000 2500.4348   19.0092
    0.0000   22.5000   37.5000 2516.8516   18.5970
    7.5000   22.5000   37.5000 2503.5076   18.8062
   -7.5000   30.0000   37.5000 2430.1306   19.9240
    0.0000   30.0000   37.5000 2445.7063   19.5001
    7.5000   30.0000   37.5000 2432.9680   19.7773
   -7.5000   37.5000   37.5000 2341.2573   21.3622
    0.0000   37.5000   37.5000 2353.2761   20.9961
    7.5000   37.5000   37.5000 2341.6245   21.1625
   -7.5000   45.0000   37.5000 2221.3342   23.3437
    0.0000   45.0000   37.5000 2233.8291   22.9896
    7.5000   45.0000   37.5000 2217.0850   23.1212
   -7.5000  -45.0000   45.0000 2160.1489   26.1561
    0.0000  -45.0000   45.0000 2167.5002   25.4076
    7.5000  -45.0000   45.0000 2151.5271   25.6916
   -7.5000  -37.5000   45.0000 2262.4199   23.7569
    0.0000  -37.5000   45.0000 2270.6584   23.0318
    7.5000  -37.5000   45.0000 2256.4893   23.3800
   -7.5000  -30.0000   45.0000 2353.1899   21.9168
    0.0000  -30.0000   45.0000 2361.4675   21.2599
    7.5000  -30.0000   45.0000 2346.5222   21.6401
   -7.5000  -22.5000   45.0000 2428.7961   20.5773
    0.0000  -22.5000   45.0000 2433.1741   19.9787
    7.5000  -22.5000   45.0000 2420.2288   20.3619
   -7.5000  -15.0000   45.0000 2487.9341   19.7227
    0.0000  -15.0000   45.0000 2492.5815   19.1221
    7.5000  -15.0000   45.0000 2473.9888   19.4566
   -7.5000   -7.5000   45.0000 2513.6729   19.1701
    0.0000   -7.5000   45.0000 2523.0754   18.6613
    7.5000   -7.5000   45.0000 2502.2478   18.8971
   -7.5000    0.0000   45.0000 2507.1167   18.8062
    0.0000    0.0000   45.0000 2510.6201   18.3617
    7.5000    0.0000   45.0000 2498.7305   18.5511
   -7.5000    7.5000   45.0000 2488.9961   19.1206
    0.0000    7.5000   45.0000 2498.7017   18.6670
    7.5000    7.5000   45.0000 2483.2544   18.7991
   -7.5000   15.0000   45.0000 2457.2544   19.6722
    0.0000   15.0000   45.0000 2453.5627   19.2168
    7.5000   15.0000   45.0000 2453.4573   19.4062
   -7.5000   22.5000   45.0000 2406.5627   20.3720
    0.0000   22.5000   45.0000 2421.4497   19.9742
    7.5000   22.5000   45.0000 2409.2236   20.1591
   -7.5000   30.0000   45.0000 2338.4951   21.3067
    0.0000   30.0000   45.0000 2354.6873   20.8942
    7.5000   30.0000   45.0000 2341.7273   21.1331
   -7.5000   37.5000   45.0000 2250.9092   22.7765
    0.0000   37.5000   45.0000 2266.1672   22.3376
    7.5000   37.5000   45.0000 2255.3499   22.5517
   -7.5000   45.0000   45.0000 2131.4561   24.7928
    0.0000   45.0000   45.0000 2155.1177   24.3533
    7.5000   45.0000   45.0000 2135.5750   24.5190

---------------------------------------------------------------------
imgreg_4dfp /opt/freesurfer/average/711-2C_as_mni_average_305 /opt/freesurfer/average/711-2B_as_mni_average_305_mask talsrcimg_g11 none talsrcimg_to_711-2C_as_mni_average_305_t4 1283
---------------------------------------------------------------------

freesurfer imgreg_4dfp.c
/opt/freesurfer/average/711-2C_as_mni_average_305.4dfp.img
       256       256       256         1
  1.000000  1.000000  1.000000
orientation T byte_order littleendian
Reading image: /opt/freesurfer/average/711-2C_as_mni_average_305.4dfp.img
dimensions:      256       256       256
mmppix:       1.0000   -1.0000   -1.0000
center:     128.0000 -129.0000 -129.0000
/opt/freesurfer/average/711-2B_as_mni_average_305_mask.4dfp.img
       256       256       256         1
  1.000000  1.000000  1.000000
orientation T byte_order littleendian
Reading mask: /opt/freesurfer/average/711-2B_as_mni_average_305_mask.4dfp.img (2306576 pixels)
talsrcimg_g11.4dfp.img
       256       256       256         1
  1.000000  1.000000  1.000000
orientation T byte_order littleendian
Reading image: talsrcimg_g11.4dfp.img
dimensions:      256       256       256
mmppix:       1.0000   -1.0000   -1.0000
center:     128.0000 -129.0000 -129.0000
rotation matrix determinant  1.000000
fimgreg.f
image alignment mode   1283 decimal      503 hex
parameters
    0.0000    0.0000    7.5000    0.0000    0.0000    0.0000
eta,q 0.92000 14.86175
niter,ni,del,rscale     5    3   12.0000    1.2000
parameter  4  0.518324 ->  0.500000 qaram    1.1500
parameter  6  1.191323 ->  0.500000 qaram    1.1500
parameters
   -0.7685   -1.2424    5.7239   -3.4500   -0.8437   -3.4500
eta,q 0.92624 14.86591
  0.0930  0.0866  0.0822  0.0753  0.0800  0.0739
  0.0856  0.0797  0.0788  0.0755  0.0778  0.0737
  0.0798  0.0770  0.0764  0.0768  0.0765  0.0745
  0.0790  0.0782  0.0768  0.0764  0.0759  0.0759
  0.0846  0.0828  0.0816  0.0755  0.0773  0.0777
  0.0931  0.0885  0.0880  0.0785  0.0798  0.0797
  0.0994  0.0942  0.0922  0.0820  0.0834  0.0813
niter,ni,del,rscale     6    3   12.0000    1.2000
parameters
   -1.2534   -0.0049    4.8782   -6.8983   -2.0189   -3.6730
eta,q 0.92858 14.84930
  0.0891  0.0957  0.0797  0.0733  0.0758  0.0764
  0.0817  0.0873  0.0749  0.0725  0.0737  0.0739
  0.0758  0.0791  0.0721  0.0711  0.0718  0.0719
  0.0738  0.0739  0.0734  0.0726  0.0716  0.0715
  0.0776  0.0743  0.0747  0.0755  0.0737  0.0727
  0.0862  0.0784  0.0781  0.0775  0.0771  0.0746
  0.0942  0.0837  0.0853  0.0789  0.0806  0.0767
niter,ni,del,rscale     5    3   12.0000    1.2000
parameters
   -1.0573    0.9051    3.4518   -9.0509   -2.9613   -3.4409
eta,q 0.93117 14.81794
  0.0897  0.0927  0.0727  0.0711  0.0735  0.0741
  0.0824  0.0845  0.0714  0.0694  0.0712  0.0715
  0.0757  0.0766  0.0693  0.0687  0.0693  0.0692
  0.0714  0.0712  0.0703  0.0693  0.0687  0.0688
  0.0727  0.0709  0.0715  0.0710  0.0707  0.0699
  0.0802  0.0770  0.0733  0.0732  0.0743  0.0713
  0.0886  0.0839  0.0813  0.0762  0.0771  0.0730
niter,ni,del,rscale     4    3   12.0000    1.2000
parameters
   -1.2129    1.6442    2.1112  -10.8950   -3.5073   -4.8421
eta,q 0.93345 14.80186
  0.0876  0.0890  0.0723  0.0693  0.0736  0.0692
  0.0779  0.0826  0.0688  0.0691  0.0702  0.0667
  0.0708  0.0746  0.0667  0.0672  0.0678  0.0661
  0.0688  0.0688  0.0677  0.0665  0.0668  0.0671
  0.0723  0.0675  0.0715  0.0687  0.0683  0.0681
  0.0804  0.0742  0.0730  0.0728  0.0724  0.0692
  0.0885  0.0837  0.0771  0.0739  0.0764  0.0707
niter,ni,del,rscale     3    3   12.0000    1.2000
parameters
   -1.4362    1.9326    1.5906  -12.2750   -3.7834   -6.1222
eta,q 0.93470 14.82531
  0.0867  0.0868  0.0760  0.0687  0.0734  0.0689
  0.0738  0.0792  0.0695  0.0671  0.0701  0.0659
  0.0662  0.0708  0.0665  0.0666  0.0677  0.0648
  0.0665  0.0661  0.0659  0.0657  0.0663  0.0665
  0.0716  0.0662  0.0699  0.0660  0.0668  0.0679
  0.0788  0.0743  0.0750  0.0700  0.0707  0.0690
  0.0862  0.0857  0.0764  0.0743  0.0756  0.0688
niter,ni,del,rscale     2    3   12.0000    1.2000
parameters
   -1.4751    2.0954    1.2420  -13.2409   -3.9800   -6.7018
eta,q 0.93555 14.83718
  0.0892  0.0859  0.0776  0.0687  0.0731  0.0698
  0.0756  0.0775  0.0692  0.0663  0.0698  0.0662
  0.0657  0.0698  0.0653  0.0649  0.0668  0.0642
  0.0653  0.0652  0.0650  0.0649  0.0649  0.0650
  0.0715  0.0659  0.0685  0.0651  0.0658  0.0674
  0.0788  0.0746  0.0748  0.0680  0.0700  0.0690
  0.0860  0.0857  0.0772  0.0730  0.0752  0.0692
niter,ni,del,rscale     1    3   12.0000    1.2000
parameters
   -1.4606    2.2631    1.0518  -13.8751   -4.0324   -6.9980
eta,q 0.93610 14.84176
  0.0896  0.0852  0.0786  0.0686  0.0731  0.0698
  0.0759  0.0774  0.0695  0.0664  0.0697  0.0663
  0.0656  0.0699  0.0644  0.0645  0.0664  0.0639
  0.0645  0.0645  0.0643  0.0641  0.0640  0.0641
  0.0708  0.0655  0.0676  0.0648  0.0652  0.0664
  0.0785  0.0746  0.0737  0.0668  0.0692  0.0683
  0.0858  0.0850  0.0774  0.0717  0.0744  0.0689
registration optimization eta report
parameter search radius
    6.0000    6.0000    6.0000    6.9000    6.0000    6.9000
100000*second partial in parameter space
       62.       56.       38.       13.       26.       10.
  0.0896  0.0852  0.0786  0.0686  0.0731  0.0698
  0.0759  0.0774  0.0695  0.0664  0.0697  0.0663
  0.0656  0.0699  0.0644  0.0645  0.0664  0.0639
  0.0645  0.0645  0.0643  0.0641  0.0640  0.0641
  0.0708  0.0655  0.0676  0.0648  0.0652  0.0664
  0.0785  0.0746  0.0737  0.0668  0.0692  0.0683
  0.0858  0.0850  0.0774  0.0717  0.0744  0.0689
   -1.4606    2.2631    1.0518  -13.8751   -4.0324   -6.9980
eta,q 0.93610 14.84176

---------------------------------------------------------------------
imgreg_4dfp /opt/freesurfer/average/711-2C_as_mni_average_305 /opt/freesurfer/average/711-2B_as_mni_average_305_mask talsrcimg_g11 none talsrcimg_to_711-2C_as_mni_average_305_t4 3335
---------------------------------------------------------------------

freesurfer imgreg_4dfp.c
/opt/freesurfer/average/711-2C_as_mni_average_305.4dfp.img
       256       256       256         1
  1.000000  1.000000  1.000000
orientation T byte_order littleendian
Reading image: /opt/freesurfer/average/711-2C_as_mni_average_305.4dfp.img
dimensions:      256       256       256
mmppix:       1.0000   -1.0000   -1.0000
center:     128.0000 -129.0000 -129.0000
/opt/freesurfer/average/711-2B_as_mni_average_305_mask.4dfp.img
       256       256       256         1
  1.000000  1.000000  1.000000
orientation T byte_order littleendian
Reading mask: /opt/freesurfer/average/711-2B_as_mni_average_305_mask.4dfp.img (2306576 pixels)
talsrcimg_g11.4dfp.img
       256       256       256         1
  1.000000  1.000000  1.000000
orientation T byte_order littleendian
Reading image: talsrcimg_g11.4dfp.img
dimensions:      256       256       256
mmppix:       1.0000   -1.0000   -1.0000
center:     128.0000 -129.0000 -129.0000
fimgreg.f
image alignment mode   3335 decimal      D07 hex
parameters
   -1.4606    2.2631    1.0518   -0.9907   -3.4357   -3.1583
   10.1543    9.6977  -12.1534   22.9703   -7.0320  -23.9213
eta,q 0.93510 14.79326
niter,ni,del,rscale     5    3    5.0000    1.2000
parameter  4  0.912615 ->  0.500000 qaram    1.1500
parameter  5  0.760081 ->  0.500000 qaram    1.1500
parameter  6  2.262030 ->  0.500000 qaram    1.1500
parameter  7  0.552993 ->  0.500000 qaram    1.1500
parameter  8  1.206210 ->  0.500000 qaram    1.1500
parameter  9 -0.915178 -> -0.500000 qaram    1.1500
parameter 10  1.544464 ->  0.500000 qaram    1.1500
parameters
   -1.0975    3.3099    0.9487   -5.1307   -7.5757   -7.2983
    6.0143    5.5577   -8.0134   18.8303   -7.6720  -21.3291
eta,q 0.96170 14.69539
  0.0696  0.0710  0.0662  0.0595  0.0555  0.0447  0.0482  0.0439  0.0499  0.0373  0.0410  0.0421
  0.0674  0.0685  0.0648  0.0601  0.0564  0.0473  0.0477  0.0435  0.0472  0.0383  0.0394  0.0402
  0.0658  0.0664  0.0641  0.0614  0.0578  0.0512  0.0478  0.0450  0.0452  0.0399  0.0386  0.0392
  0.0649  0.0648  0.0639  0.0639  0.0604  0.0568  0.0483  0.0477  0.0438  0.0423  0.0386  0.0386
  0.0649  0.0640  0.0644  0.0681  0.0659  0.0632  0.0489  0.0508  0.0428  0.0452  0.0392  0.0383
  0.0658  0.0642  0.0653  0.0738  0.0743  0.0689  0.0499  0.0541  0.0422  0.0485  0.0403  0.0384
  0.0675  0.0654  0.0664  0.0798  0.0840  0.0759  0.0511  0.0574  0.0419  0.0523  0.0418  0.0390
niter,ni,del,rscale     7    3    5.0000    1.2000
parameter  1 -0.605448 -> -0.500000 qaram    1.1500
parameter  2 -2.677098 -> -0.500000 qaram    1.1500
parameter  5  0.525480 ->  0.500000 qaram    1.3225
parameter  9 -0.952569 -> -0.500000 qaram    1.3225
parameter 11 -0.595089 -> -0.500000 qaram    1.1500
parameter 12 -0.619260 -> -0.500000 qaram    1.1500
parameters
    0.2825    4.6899    1.4736   -6.9716  -12.3367  -10.7412
    5.5431    4.2153   -3.2524   15.4782   -3.5320  -17.1891
eta,q 0.97301 14.25094
  0.0456  0.0472  0.0380  0.0357  0.0309  0.0332  0.0325  0.0347  0.0356  0.0295  0.0302  0.0312
  0.0426  0.0436  0.0352  0.0342  0.0309  0.0315  0.0313  0.0314  0.0336  0.0284  0.0293  0.0298
  0.0401  0.0402  0.0333  0.0330  0.0315  0.0302  0.0306  0.0303  0.0318  0.0281  0.0286  0.0286
  0.0383  0.0370  0.0324  0.0322  0.0326  0.0310  0.0304  0.0304  0.0303  0.0287  0.0281  0.0277
  0.0372  0.0342  0.0323  0.0333  0.0348  0.0358  0.0308  0.0316  0.0292  0.0302  0.0278  0.0271
  0.0370  0.0318  0.0330  0.0374  0.0405  0.0437  0.0317  0.0344  0.0287  0.0325  0.0277  0.0270
  0.0377  0.0300  0.0345  0.0440  0.0502  0.0518  0.0330  0.0387  0.0287  0.0355  0.0279  0.0273
niter,ni,del,rscale     7    3    5.0000    1.2000
parameter  2 -0.847712 -> -0.500000 qaram    1.3225
parameters
    0.3738    6.2769    1.5895   -3.2320  -14.1667  -11.9773
    4.5346    3.2077   -3.2637   15.1497   -3.8117  -17.5855
eta,q 0.97664 14.35030
  0.0311  0.0366  0.0270  0.0293  0.0282  0.0282  0.0267  0.0295  0.0284  0.0271  0.0253  0.0254
  0.0289  0.0328  0.0257  0.0278  0.0256  0.0260  0.0250  0.0254  0.0260  0.0249  0.0241  0.0243
  0.0275  0.0296  0.0249  0.0261  0.0236  0.0242  0.0238  0.0236  0.0242  0.0237  0.0235  0.0236
  0.0270  0.0270  0.0245  0.0245  0.0229  0.0231  0.0234  0.0235  0.0234  0.0234  0.0234  0.0234
  0.0274  0.0252  0.0247  0.0232  0.0243  0.0237  0.0241  0.0249  0.0237  0.0239  0.0236  0.0237
  0.0286  0.0244  0.0254  0.0228  0.0290  0.0276  0.0260  0.0282  0.0256  0.0254  0.0243  0.0245
  0.0305  0.0246  0.0266  0.0254  0.0378  0.0355  0.0295  0.0332  0.0289  0.0278  0.0256  0.0258
niter,ni,del,rscale     7    3    5.0000    1.2000
parameters
    0.1665    6.8712    1.6708   -3.6024  -14.3566  -11.7117
    4.1999    3.0583   -3.3967   15.6347   -3.7936  -17.8550
eta,q 0.97666 14.37739
  0.0273  0.0307  0.0253  0.0275  0.0302  0.0292  0.0270  0.0305  0.0279  0.0276  0.0253  0.0253
  0.0251  0.0273  0.0242  0.0261  0.0274  0.0268  0.0252  0.0260  0.0256  0.0252  0.0241  0.0242
  0.0238  0.0247  0.0235  0.0247  0.0250  0.0249  0.0239  0.0238  0.0240  0.0238  0.0235  0.0235
  0.0234  0.0234  0.0232  0.0232  0.0233  0.0234  0.0233  0.0233  0.0233  0.0233  0.0233  0.0233
  0.0240  0.0233  0.0233  0.0225  0.0232  0.0227  0.0236  0.0241  0.0237  0.0236  0.0235  0.0236
  0.0258  0.0245  0.0239  0.0250  0.0258  0.0244  0.0252  0.0265  0.0255  0.0247  0.0241  0.0244
  0.0290  0.0268  0.0251  0.0306  0.0329  0.0303  0.0282  0.0309  0.0285  0.0267  0.0253  0.0256
niter,ni,del,rscale     6    3    5.0000    1.2000
parameters
    0.1359    6.9638    1.6162   -3.6005  -14.3444  -11.7689
    4.2257    3.0685   -3.4243   15.7424   -3.7603  -17.9905
eta,q 0.97664 14.38301
  0.0276  0.0289  0.0253  0.0277  0.0302  0.0290  0.0273  0.0309  0.0280  0.0272  0.0253  0.0254
  0.0253  0.0259  0.0242  0.0263  0.0274  0.0267  0.0254  0.0262  0.0257  0.0250  0.0241  0.0243
  0.0238  0.0240  0.0236  0.0249  0.0251  0.0248  0.0241  0.0239  0.0241  0.0237  0.0235  0.0236
  0.0233  0.0233  0.0233  0.0233  0.0233  0.0233  0.0234  0.0234  0.0234  0.0234  0.0234  0.0234
  0.0238  0.0239  0.0235  0.0224  0.0230  0.0227  0.0235  0.0240  0.0237  0.0237  0.0235  0.0236
  0.0252  0.0255  0.0243  0.0244  0.0253  0.0248  0.0249  0.0264  0.0254  0.0249  0.0241  0.0244
  0.0279  0.0282  0.0255  0.0298  0.0322  0.0313  0.0277  0.0307  0.0284  0.0270  0.0253  0.0255
niter,ni,del,rscale     5    3    5.0000    1.2000
parameters
    0.1370    6.9774    1.5913   -3.5977  -14.3455  -11.7722
    4.2351    3.0705   -3.4391   15.7773   -3.7530  -18.0421
eta,q 0.97663 14.38476
  0.0277  0.0286  0.0253  0.0277  0.0302  0.0291  0.0272  0.0309  0.0280  0.0271  0.0253  0.0255
  0.0253  0.0258  0.0243  0.0263  0.0274  0.0267  0.0254  0.0262  0.0257  0.0249  0.0241  0.0243
  0.0239  0.0240  0.0236  0.0249  0.0251  0.0249  0.0241  0.0239  0.0241  0.0237  0.0235  0.0236
  0.0234  0.0234  0.0234  0.0234  0.0234  0.0234  0.0234  0.0234  0.0234  0.0234  0.0234  0.0234
  0.0237  0.0240  0.0235  0.0225  0.0230  0.0227  0.0235  0.0240  0.0237  0.0237  0.0235  0.0236
  0.0251  0.0257  0.0242  0.0245  0.0253  0.0247  0.0249  0.0264  0.0253  0.0249  0.0241  0.0244
  0.0278  0.0285  0.0255  0.0298  0.0323  0.0311  0.0277  0.0307  0.0284  0.0270  0.0253  0.0255
niter,ni,del,rscale     4    3    5.0000    1.2000
parameters
    0.1376    6.9823    1.5816   -3.5995  -14.3462  -11.7743
    4.2404    3.0725   -3.4431   15.7887   -3.7498  -18.0593
eta,q 0.97663 14.38516
  0.0277  0.0286  0.0253  0.0277  0.0302  0.0291  0.0272  0.0309  0.0280  0.0271  0.0253  0.0255
  0.0253  0.0257  0.0243  0.0263  0.0274  0.0268  0.0254  0.0262  0.0257  0.0249  0.0241  0.0243
  0.0239  0.0239  0.0236  0.0249  0.0251  0.0249  0.0241  0.0239  0.0241  0.0237  0.0236  0.0236
  0.0234  0.0234  0.0234  0.0234  0.0234  0.0234  0.0234  0.0234  0.0234  0.0234  0.0234  0.0234
  0.0237  0.0240  0.0235  0.0225  0.0230  0.0227  0.0235  0.0240  0.0237  0.0237  0.0235  0.0236
  0.0251  0.0257  0.0242  0.0245  0.0253  0.0247  0.0249  0.0264  0.0253  0.0249  0.0241  0.0243
  0.0278  0.0285  0.0255  0.0298  0.0323  0.0312  0.0277  0.0307  0.0284  0.0270  0.0253  0.0255
registration optimization eta report
parameter search radius
    2.7600    3.1740    2.4000    8.2800    9.5220    8.2800
    8.2800    8.2800    9.5220    8.2800    8.2800    8.2800
100000*second partial in parameter space
       58.       51.       35.        8.        9.       10.
        6.       11.        5.        5.        3.        3.
  0.0277  0.0286  0.0253  0.0277  0.0302  0.0291  0.0272  0.0309  0.0280  0.0271  0.0253  0.0255
  0.0253  0.0257  0.0243  0.0263  0.0274  0.0268  0.0254  0.0262  0.0257  0.0249  0.0241  0.0243
  0.0239  0.0239  0.0236  0.0249  0.0251  0.0249  0.0241  0.0239  0.0241  0.0237  0.0236  0.0236
  0.0234  0.0234  0.0234  0.0234  0.0234  0.0234  0.0234  0.0234  0.0234  0.0234  0.0234  0.0234
  0.0237  0.0240  0.0235  0.0225  0.0230  0.0227  0.0235  0.0240  0.0237  0.0237  0.0235  0.0236
  0.0251  0.0257  0.0242  0.0245  0.0253  0.0247  0.0249  0.0264  0.0253  0.0249  0.0241  0.0243
  0.0278  0.0285  0.0255  0.0298  0.0323  0.0312  0.0277  0.0307  0.0284  0.0270  0.0253  0.0255
    0.1376    6.9823    1.5816   -3.5995  -14.3462  -11.7743
    4.2404    3.0725   -3.4431   15.7887   -3.7498  -18.0593
eta,q 0.97663 14.38516

---------------------------------------------------------------------
imgreg_4dfp /opt/freesurfer/average/711-2C_as_mni_average_305 /opt/freesurfer/average/711-2B_as_mni_average_305_mask talsrcimg_g11 none talsrcimg_to_711-2C_as_mni_average_305_t4 2311
---------------------------------------------------------------------

freesurfer imgreg_4dfp.c
/opt/freesurfer/average/711-2C_as_mni_average_305.4dfp.img
       256       256       256         1
  1.000000  1.000000  1.000000
orientation T byte_order littleendian
Reading image: /opt/freesurfer/average/711-2C_as_mni_average_305.4dfp.img
dimensions:      256       256       256
mmppix:       1.0000   -1.0000   -1.0000
center:     128.0000 -129.0000 -129.0000
/opt/freesurfer/average/711-2B_as_mni_average_305_mask.4dfp.img
       256       256       256         1
  1.000000  1.000000  1.000000
orientation T byte_order littleendian
Reading mask: /opt/freesurfer/average/711-2B_as_mni_average_305_mask.4dfp.img (2306576 pixels)
talsrcimg_g11.4dfp.img
       256       256       256         1
  1.000000  1.000000  1.000000
orientation T byte_order littleendian
Reading image: talsrcimg_g11.4dfp.img
dimensions:      256       256       256
mmppix:       1.0000   -1.0000   -1.0000
center:     128.0000 -129.0000 -129.0000
fimgreg.f
image alignment mode   2311 decimal      907 hex
parameters
    0.1376    6.9823    1.5816   -3.5995  -14.3462  -11.7743
    4.2404    3.0725   -3.4431   15.7887   -3.7498  -18.0593
eta,q 0.97663 14.38517
niter,ni,del,rscale     5    3    5.0000    0.8000
parameters
    0.2061    6.9593    1.6343   -1.2649  -13.3699  -11.0355
    3.9983    3.2831   -3.5457   15.3937   -4.0113  -18.0736
eta,q 0.97791 14.56279
  0.0249  0.0247  0.0243  0.0260  0.0252  0.0251  0.0240  0.0266  0.0239  0.0233  0.0233  0.0229
  0.0241  0.0239  0.0238  0.0251  0.0241  0.0240  0.0230  0.0241  0.0230  0.0226  0.0225  0.0224
  0.0236  0.0235  0.0235  0.0243  0.0231  0.0230  0.0223  0.0226  0.0223  0.0222  0.0222  0.0222
  0.0234  0.0234  0.0234  0.0234  0.0225  0.0223  0.0221  0.0221  0.0221  0.0221  0.0221  0.0221
  0.0235  0.0235  0.0234  0.0226  0.0223  0.0220  0.0224  0.0225  0.0223  0.0223  0.0223  0.0222
  0.0239  0.0240  0.0237  0.0226  0.0227  0.0224  0.0232  0.0237  0.0230  0.0229  0.0228  0.0225
  0.0247  0.0248  0.0242  0.0237  0.0238  0.0242  0.0246  0.0257  0.0242  0.0238  0.0235  0.0229
niter,ni,del,rscale     4    3    5.0000    0.7000
parameters
   -0.0708    6.9639    1.6522   -1.8693  -12.8877  -10.6367
    3.9644    3.0495   -3.4806   15.6410   -4.0604  -18.0650
eta,q 0.97805 14.60260
  0.0232  0.0233  0.0230  0.0239  0.0242  0.0242  0.0235  0.0246  0.0234  0.0232  0.0229  0.0226
  0.0225  0.0226  0.0225  0.0231  0.0233  0.0234  0.0227  0.0230  0.0226  0.0225  0.0223  0.0222
  0.0221  0.0222  0.0222  0.0224  0.0226  0.0226  0.0222  0.0221  0.0222  0.0221  0.0220  0.0220
  0.0221  0.0220  0.0220  0.0220  0.0221  0.0221  0.0220  0.0220  0.0220  0.0220  0.0219  0.0219
  0.0225  0.0222  0.0221  0.0224  0.0221  0.0219  0.0221  0.0224  0.0221  0.0220  0.0221  0.0220
  0.0234  0.0226  0.0224  0.0237  0.0225  0.0224  0.0226  0.0235  0.0225  0.0223  0.0224  0.0222
  0.0247  0.0233  0.0230  0.0261  0.0236  0.0239  0.0236  0.0251  0.0234  0.0229  0.0229  0.0226
niter,ni,del,rscale     3    3    5.0000    0.6000
parameters
   -0.0568    6.9495    1.6104   -2.0328  -12.7675  -10.3996
    4.0342    2.9988   -3.4195   15.6969   -4.1335  -18.1759
eta,q 0.97808 14.61504
  0.0232  0.0229  0.0226  0.0236  0.0234  0.0236  0.0231  0.0241  0.0230  0.0228  0.0226  0.0223
  0.0225  0.0224  0.0222  0.0229  0.0227  0.0229  0.0225  0.0228  0.0224  0.0223  0.0222  0.0221
  0.0221  0.0221  0.0220  0.0223  0.0222  0.0223  0.0221  0.0221  0.0221  0.0220  0.0220  0.0219
  0.0219  0.0219  0.0219  0.0219  0.0220  0.0220  0.0219  0.0219  0.0219  0.0219  0.0219  0.0219
  0.0221  0.0221  0.0220  0.0220  0.0220  0.0219  0.0220  0.0222  0.0220  0.0220  0.0220  0.0220
  0.0225  0.0224  0.0223  0.0228  0.0224  0.0223  0.0224  0.0230  0.0223  0.0223  0.0222  0.0221
  0.0232  0.0229  0.0227  0.0244  0.0233  0.0235  0.0231  0.0241  0.0230  0.0227  0.0226  0.0224
niter,ni,del,rscale     2    3    5.0000    0.5000
parameters
   -0.0406    6.9336    1.5818   -2.0083  -12.7266  -10.2426
    4.0490    2.9913   -3.3745   15.7163   -4.1929  -18.2643
eta,q 0.97811 14.62411
  0.0228  0.0226  0.0224  0.0233  0.0229  0.0231  0.0227  0.0235  0.0226  0.0225  0.0224  0.0222
  0.0223  0.0222  0.0221  0.0227  0.0224  0.0226  0.0223  0.0226  0.0222  0.0222  0.0221  0.0220
  0.0220  0.0220  0.0220  0.0222  0.0221  0.0222  0.0220  0.0220  0.0220  0.0220  0.0219  0.0219
  0.0219  0.0219  0.0219  0.0219  0.0219  0.0219  0.0219  0.0219  0.0219  0.0219  0.0219  0.0219
  0.0220  0.0220  0.0220  0.0219  0.0220  0.0219  0.0220  0.0221  0.0220  0.0220  0.0219  0.0219
  0.0223  0.0222  0.0222  0.0224  0.0223  0.0222  0.0222  0.0226  0.0222  0.0221  0.0221  0.0220
  0.0228  0.0226  0.0224  0.0235  0.0229  0.0231  0.0227  0.0235  0.0226  0.0225  0.0224  0.0222
niter,ni,del,rscale     1    3    5.0000    0.4000
parameters
   -0.0406    6.9258    1.5658   -1.9330  -12.6995  -10.1125
    4.0326    2.9734   -3.3383   15.7059   -4.2147  -18.3534
eta,q 0.97813 14.63242
  0.0225  0.0223  0.0222  0.0228  0.0225  0.0227  0.0224  0.0229  0.0224  0.0222  0.0222  0.0221
  0.0222  0.0221  0.0220  0.0224  0.0222  0.0223  0.0221  0.0223  0.0221  0.0220  0.0220  0.0219
  0.0220  0.0219  0.0219  0.0221  0.0220  0.0220  0.0219  0.0220  0.0219  0.0219  0.0219  0.0219
  0.0219  0.0219  0.0219  0.0219  0.0219  0.0219  0.0219  0.0219  0.0219  0.0219  0.0219  0.0219
  0.0219  0.0219  0.0219  0.0219  0.0219  0.0219  0.0219  0.0220  0.0219  0.0219  0.0219  0.0219
  0.0221  0.0221  0.0220  0.0222  0.0221  0.0221  0.0221  0.0224  0.0221  0.0220  0.0220  0.0220
  0.0225  0.0223  0.0222  0.0229  0.0225  0.0226  0.0224  0.0229  0.0223  0.0223  0.0222  0.0221
registration optimization eta report
parameter search radius
    0.8000    0.8000    0.8000    2.4000    2.4000    2.4000
    2.4000    2.4000    2.4000    2.4000    2.4000    2.4000
100000*second partial in parameter space
       91.       69.       51.       17.       11.       14.
        9.       18.        8.        7.        6.        3.
  0.0225  0.0223  0.0222  0.0228  0.0225  0.0227  0.0224  0.0229  0.0224  0.0222  0.0222  0.0221
  0.0222  0.0221  0.0220  0.0224  0.0222  0.0223  0.0221  0.0223  0.0221  0.0220  0.0220  0.0219
  0.0220  0.0219  0.0219  0.0221  0.0220  0.0220  0.0219  0.0220  0.0219  0.0219  0.0219  0.0219
  0.0219  0.0219  0.0219  0.0219  0.0219  0.0219  0.0219  0.0219  0.0219  0.0219  0.0219  0.0219
  0.0219  0.0219  0.0219  0.0219  0.0219  0.0219  0.0219  0.0220  0.0219  0.0219  0.0219  0.0219
  0.0221  0.0221  0.0220  0.0222  0.0221  0.0221  0.0221  0.0224  0.0221  0.0220  0.0220  0.0220
  0.0225  0.0223  0.0222  0.0229  0.0225  0.0226  0.0224  0.0229  0.0223  0.0223  0.0222  0.0221
   -0.0406    6.9258    1.5658   -1.9330  -12.6995  -10.1125
    4.0326    2.9734   -3.3383   15.7059   -4.2147  -18.3534
eta,q 0.97813 14.63242

---------------------------------------------------------------------
imgreg_4dfp /opt/freesurfer/average/711-2C_as_mni_average_305 /opt/freesurfer/average/711-2B_as_mni_average_305_mask talsrcimg_g11 none talsrcimg_to_711-2C_as_mni_average_305_t4 2311
---------------------------------------------------------------------

freesurfer imgreg_4dfp.c
/opt/freesurfer/average/711-2C_as_mni_average_305.4dfp.img
       256       256       256         1
  1.000000  1.000000  1.000000
orientation T byte_order littleendian
Reading image: /opt/freesurfer/average/711-2C_as_mni_average_305.4dfp.img
dimensions:      256       256       256
mmppix:       1.0000   -1.0000   -1.0000
center:     128.0000 -129.0000 -129.0000
/opt/freesurfer/average/711-2B_as_mni_average_305_mask.4dfp.img
       256       256       256         1
  1.000000  1.000000  1.000000
orientation T byte_order littleendian
Reading mask: /opt/freesurfer/average/711-2B_as_mni_average_305_mask.4dfp.img (2306576 pixels)
talsrcimg_g11.4dfp.img
       256       256       256         1
  1.000000  1.000000  1.000000
orientation T byte_order littleendian
Reading image: talsrcimg_g11.4dfp.img
dimensions:      256       256       256
mmppix:       1.0000   -1.0000   -1.0000
center:     128.0000 -129.0000 -129.0000
fimgreg.f
image alignment mode   2311 decimal      907 hex
parameters
   -0.0406    6.9258    1.5658   -1.9330  -12.6995  -10.1125
    4.0326    2.9734   -3.3383   15.7059   -4.2147  -18.3534
eta,q 0.97813 14.63242
niter,ni,del,rscale     5    3    5.0000    0.8000
parameters
   -0.0934    6.9178    1.5502   -2.6322  -12.9107  -10.5980
    4.0696    3.0076   -3.3441   15.8264   -4.1146  -18.1867
eta,q 0.97787 14.58156
  0.0240  0.0236  0.0232  0.0242  0.0241  0.0243  0.0240  0.0256  0.0238  0.0236  0.0232  0.0230
  0.0229  0.0227  0.0225  0.0232  0.0231  0.0233  0.0230  0.0236  0.0229  0.0228  0.0226  0.0225
  0.0221  0.0221  0.0220  0.0224  0.0224  0.0225  0.0224  0.0225  0.0224  0.0223  0.0222  0.0222
  0.0219  0.0219  0.0219  0.0219  0.0220  0.0220  0.0221  0.0221  0.0221  0.0221  0.0221  0.0221
  0.0221  0.0221  0.0220  0.0223  0.0222  0.0222  0.0223  0.0225  0.0223  0.0222  0.0222  0.0222
  0.0230  0.0227  0.0225  0.0240  0.0231  0.0235  0.0229  0.0236  0.0228  0.0227  0.0226  0.0224
  0.0245  0.0237  0.0233  0.0271  0.0249  0.0265  0.0240  0.0254  0.0239  0.0235  0.0231  0.0229
niter,ni,del,rscale     4    3    5.0000    0.7000
parameters
    0.0114    6.9328    1.5608   -2.3349  -12.8656  -10.5237
    4.0819    3.0468   -3.3719   15.7665   -4.1376  -18.2093
eta,q 0.97800 14.59498
  0.0238  0.0234  0.0230  0.0244  0.0238  0.0241  0.0235  0.0249  0.0233  0.0231  0.0229  0.0226
  0.0230  0.0227  0.0225  0.0236  0.0230  0.0232  0.0227  0.0232  0.0226  0.0225  0.0224  0.0223
  0.0224  0.0223  0.0222  0.0228  0.0224  0.0225  0.0222  0.0223  0.0222  0.0221  0.0221  0.0221
  0.0221  0.0221  0.0221  0.0221  0.0220  0.0220  0.0220  0.0220  0.0220  0.0220  0.0220  0.0220
  0.0222  0.0223  0.0222  0.0219  0.0221  0.0219  0.0221  0.0223  0.0221  0.0221  0.0221  0.0221
  0.0226  0.0227  0.0225  0.0226  0.0227  0.0226  0.0226  0.0232  0.0226  0.0225  0.0224  0.0223
  0.0234  0.0234  0.0230  0.0243  0.0240  0.0245  0.0236  0.0247  0.0234  0.0232  0.0229  0.0226
niter,ni,del,rscale     3    3    5.0000    0.6000
parameters
   -0.0058    6.9324    1.5705   -2.1509  -12.8056  -10.3669
    4.0609    3.0257   -3.3681   15.7450   -4.1792  -18.2454
eta,q 0.97807 14.61063
  0.0232  0.0230  0.0227  0.0238  0.0233  0.0236  0.0230  0.0241  0.0229  0.0227  0.0226  0.0224
  0.0225  0.0224  0.0223  0.0231  0.0227  0.0229  0.0225  0.0228  0.0224  0.0223  0.0222  0.0221
  0.0221  0.0221  0.0221  0.0225  0.0222  0.0223  0.0221  0.0221  0.0221  0.0220  0.0220  0.0220
  0.0220  0.0220  0.0220  0.0220  0.0220  0.0220  0.0219  0.0219  0.0219  0.0219  0.0219  0.0219
  0.0221  0.0221  0.0221  0.0219  0.0220  0.0219  0.0220  0.0222  0.0220  0.0220  0.0220  0.0220
  0.0225  0.0224  0.0223  0.0225  0.0225  0.0224  0.0224  0.0229  0.0224  0.0223  0.0223  0.0221
  0.0233  0.0230  0.0227  0.0239  0.0234  0.0237  0.0231  0.0241  0.0230  0.0228  0.0226  0.0224
niter,ni,del,rscale     2    3    5.0000    0.5000
parameters
   -0.0227    6.9297    1.5698   -2.0322  -12.7434  -10.2346
    4.0500    3.0060   -3.3516   15.7377   -4.2098  -18.2984
eta,q 0.97811 14.62290
  0.0228  0.0226  0.0224  0.0233  0.0229  0.0231  0.0227  0.0235  0.0226  0.0225  0.0224  0.0222
  0.0223  0.0222  0.0222  0.0228  0.0224  0.0226  0.0223  0.0226  0.0222  0.0221  0.0221  0.0220
  0.0220  0.0220  0.0220  0.0223  0.0221  0.0222  0.0220  0.0220  0.0220  0.0220  0.0219  0.0219
  0.0219  0.0219  0.0219  0.0219  0.0219  0.0219  0.0219  0.0219  0.0219  0.0219  0.0219  0.0219
  0.0220  0.0220  0.0220  0.0219  0.0220  0.0219  0.0220  0.0221  0.0220  0.0220  0.0220  0.0219
  0.0223  0.0222  0.0221  0.0224  0.0223  0.0222  0.0223  0.0226  0.0222  0.0221  0.0221  0.0220
  0.0229  0.0226  0.0224  0.0233  0.0229  0.0231  0.0227  0.0235  0.0226  0.0225  0.0224  0.0222
niter,ni,del,rscale     1    3    5.0000    0.4000
parameters
   -0.0318    6.9283    1.5603   -1.9382  -12.7091  -10.1028
    4.0337    2.9780   -3.3296   15.7187   -4.2315  -18.3704
eta,q 0.97813 14.63244
  0.0225  0.0223  0.0222  0.0229  0.0225  0.0227  0.0224  0.0229  0.0223  0.0222  0.0222  0.0221
  0.0221  0.0221  0.0220  0.0224  0.0222  0.0223  0.0221  0.0223  0.0221  0.0220  0.0220  0.0219
  0.0220  0.0219  0.0219  0.0221  0.0220  0.0220  0.0219  0.0220  0.0219  0.0219  0.0219  0.0219
  0.0219  0.0219  0.0219  0.0219  0.0219  0.0219  0.0219  0.0219  0.0219  0.0219  0.0219  0.0219
  0.0220  0.0219  0.0219  0.0219  0.0219  0.0219  0.0219  0.0220  0.0219  0.0219  0.0219  0.0219
  0.0221  0.0221  0.0220  0.0222  0.0221  0.0221  0.0221  0.0224  0.0221  0.0220  0.0220  0.0220
  0.0225  0.0223  0.0222  0.0228  0.0225  0.0226  0.0224  0.0229  0.0223  0.0223  0.0222  0.0221
registration optimization eta report
parameter search radius
    0.8000    0.8000    0.8000    2.4000    2.4000    2.4000
    2.4000    2.4000    2.4000    2.4000    2.4000    2.4000
100000*second partial in parameter space
       91.       69.       51.       17.       11.       14.
        9.       18.        8.        7.        6.        4.
  0.0225  0.0223  0.0222  0.0229  0.0225  0.0227  0.0224  0.0229  0.0223  0.0222  0.0222  0.0221
  0.0221  0.0221  0.0220  0.0224  0.0222  0.0223  0.0221  0.0223  0.0221  0.0220  0.0220  0.0219
  0.0220  0.0219  0.0219  0.0221  0.0220  0.0220  0.0219  0.0220  0.0219  0.0219  0.0219  0.0219
  0.0219  0.0219  0.0219  0.0219  0.0219  0.0219  0.0219  0.0219  0.0219  0.0219  0.0219  0.0219
  0.0220  0.0219  0.0219  0.0219  0.0219  0.0219  0.0219  0.0220  0.0219  0.0219  0.0219  0.0219
  0.0221  0.0221  0.0220  0.0222  0.0221  0.0221  0.0221  0.0224  0.0221  0.0220  0.0220  0.0220
  0.0225  0.0223  0.0222  0.0228  0.0225  0.0226  0.0224  0.0229  0.0223  0.0223  0.0222  0.0221
   -0.0318    6.9283    1.5603   -1.9382  -12.7091  -10.1028
    4.0337    2.9780   -3.3296   15.7187   -4.2315  -18.3704
eta,q 0.97813 14.63244

---------------------------------------------------------------------
compute_vox2vox talsrcimg talsrcimg_to_711-2C_as_mni_average_305_t4 /opt/freesurfer/average/711-2C_as_mni_average_305
---------------------------------------------------------------------

freesurfer compute_vox2vox.c
Reading: talsrcimg.4dfp.ifh
Reading: talsrcimg_to_711-2C_as_mni_average_305_t4
Reading: /opt/freesurfer/average/711-2C_as_mni_average_305.4dfp.ifh
Writing: talsrcimg_to_711-2C_as_mni_average_305_t4_vox2vox.txt

start time Mon Mar 9 11:21:24 CET 2026
end		time Mon Mar 9 11:22:57 CET 2026

mpr2mni305 success

avi2talxfm orig_nu.mgz /opt/freesurfer/average/mni305.cor.mgz talsrcimg_to_711-2C_as_mni_average_305_t4_vox2vox.txt transforms/talairach.auto.xfm
avi2talxfm done
mv -f /out/sourcedata/freesurfer/sub-v1s21x0050413_ses-1/mri/talsrcimg_to_711-2C_as_mni_average_305_t4_vox2vox.txt /out/sourcedata/freesurfer/sub-v1s21x0050413_ses-1/mri/transforms/talsrcimg_to_711-2C_as_mni_average_305_t4_vox2vox.txt
lta_convert --src orig_nu.mgz --trg /opt/freesurfer/average/mni305.cor.mgz --inxfm transforms/talairach.auto.xfm --outlta transforms/talairach.auto.xfm.lta --subject fsaverage
7.3.2

--src: orig_nu.mgz src image (geometry).
--trg: /opt/freesurfer/average/mni305.cor.mgz trg image (geometry).
--inmni: transforms/talairach.auto.xfm input MNI/XFM transform.
--outlta: transforms/talairach.auto.xfm.lta output LTA.
--s: fsaverage subject name
 LTA read, type : 1
 1.01693  -0.02457  -0.05216  -0.26601;
 0.05381   1.07160   0.22303  -3.82889;
 0.02910  -0.19390   1.10344  -8.01054;
 0.00000   0.00000   0.00000   1.00000;
setting subject to fsaverage
Writing  LTA to file transforms/talairach.auto.xfm.lta...
lta_convert successful.
 
 
Started at Mon Mar 9 11:21:23 CET 2026
Ended   at Mon Mar  9 11:22:57 CET 2026
talairach_avi done
