status file for recon-all
Mon Mar  9 10:11:13 CET 2026
#@# MotionCor Mon Mar  9 10:11:14 CET 2026
#@# Talairach Mon Mar  9 10:11:19 CET 2026
#@# Talairach Failure Detection Mon Mar  9 10:14:09 CET 2026
#@# Nu Intensity Correction Mon Mar  9 10:14:09 CET 2026
#@# Intensity Normalization Mon Mar  9 10:16:54 CET 2026
recon-all -s sub-v1s21x0050405_ses-1 finished without error at Mon Mar  9 10:18:03 CET 2026



#New# invocation of recon-all 



status file for recon-all
Mon Mar  9 10:23:52 CET 2026
#@# EM Registration Mon Mar  9 10:23:52 CET 2026
recon-all -s sub-v1s21x0050405_ses-1 finished without error at Mon Mar  9 10:25:49 CET 2026



#New# invocation of recon-all 



status file for recon-all
Mon Mar  9 10:25:50 CET 2026
#@# CA Normalize Mon Mar  9 10:25:50 CET 2026
#@# CA Reg Mon Mar  9 10:26:46 CET 2026
#@# SubCort Seg Mon Mar  9 11:15:48 CET 2026
#@# CC Seg Mon Mar  9 11:37:59 CET 2026
#@# Merge ASeg Mon Mar  9 11:38:24 CET 2026
#@# Intensity Normalization2 Mon Mar  9 11:38:24 CET 2026
#@# Mask BFS Mon Mar  9 11:39:51 CET 2026
#@# WM Segmentation Mon Mar  9 11:39:52 CET 2026
#@# Fill Mon Mar  9 11:41:37 CET 2026
recon-all -s sub-v1s21x0050405_ses-1 finished without error at Mon Mar  9 11:42:18 CET 2026



#New# invocation of recon-all 



status file for recon-all
Mon Mar  9 12:45:47 CET 2026
#@# white curv lh Mon Mar  9 12:45:47 CET 2026
#@# white area lh Mon Mar  9 12:45:47 CET 2026
#@# pial curv lh Mon Mar  9 12:45:47 CET 2026
#@# pial area lh Mon Mar  9 12:45:47 CET 2026
#@# thickness lh Mon Mar  9 12:45:47 CET 2026
#@# area and vertex vol lh Mon Mar  9 12:45:47 CET 2026
#@# white curv rh Mon Mar  9 12:45:47 CET 2026
#@# white area rh Mon Mar  9 12:45:47 CET 2026
#@# pial curv rh Mon Mar  9 12:45:47 CET 2026
#@# pial area rh Mon Mar  9 12:45:47 CET 2026
#@# thickness rh Mon Mar  9 12:45:47 CET 2026
#@# area and vertex vol rh Mon Mar  9 12:45:47 CET 2026
#@# Cortical ribbon mask Mon Mar  9 12:45:47 CET 2026
recon-all -s sub-v1s21x0050405_ses-1 finished without error at Mon Mar  9 12:49:20 CET 2026



#New# invocation of recon-all 



status file for recon-all
Mon Mar  9 12:54:51 CET 2026
#@# white curv lh Mon Mar  9 12:54:51 CET 2026
#@# white area lh Mon Mar  9 12:54:51 CET 2026
#@# pial curv lh Mon Mar  9 12:54:51 CET 2026
#@# pial area lh Mon Mar  9 12:54:51 CET 2026
#@# thickness lh Mon Mar  9 12:54:51 CET 2026
#@# area and vertex vol lh Mon Mar  9 12:54:51 CET 2026
#@# white curv rh Mon Mar  9 12:54:51 CET 2026
#@# white area rh Mon Mar  9 12:54:51 CET 2026
#@# pial curv rh Mon Mar  9 12:54:51 CET 2026
#@# pial area rh Mon Mar  9 12:54:51 CET 2026
#@# thickness rh Mon Mar  9 12:54:51 CET 2026
#@# area and vertex vol rh Mon Mar  9 12:54:51 CET 2026
#@# Curvature Stats lh Mon Mar  9 12:54:51 CET 2026
#@# Curvature Stats rh Mon Mar  9 12:54:53 CET 2026
#@# Relabel Hypointensities Mon Mar  9 12:54:55 CET 2026
#@# APas-to-ASeg Mon Mar  9 12:55:06 CET 2026
#@# AParc-to-ASeg aparc Mon Mar  9 12:55:13 CET 2026
#@# AParc-to-ASeg aparc.a2009s Mon Mar  9 12:55:34 CET 2026
#@# AParc-to-ASeg aparc.DKTatlas Mon Mar  9 12:55:58 CET 2026
#@# WMParc Mon Mar  9 12:56:20 CET 2026
#@# ASeg Stats Mon Mar  9 12:58:20 CET 2026
recon-all -s sub-v1s21x0050405_ses-1 finished without error at Mon Mar  9 12:58:41 CET 2026
