status file for recon-all
Mon Mar  9 11:42:22 CET 2026
#@# Tessellate lh Mon Mar  9 11:42:22 CET 2026
#@# Smooth1 lh Mon Mar  9 11:42:25 CET 2026
#@# Inflation1 lh Mon Mar  9 11:42:27 CET 2026
#@# QSphere lh Mon Mar  9 11:42:42 CET 2026
#@# Fix Topology lh Mon Mar  9 11:45:03 CET 2026
#@# Smooth2 lh Mon Mar  9 11:53:23 CET 2026
#@# Inflation2 lh Mon Mar  9 11:53:25 CET 2026
#@# Curv .H and .K lh Mon Mar  9 11:53:40 CET 2026
#@# Sphere lh Mon Mar  9 11:54:17 CET 2026
#@# Surf Reg lh Mon Mar  9 11:59:57 CET 2026
#@# Jacobian white lh Mon Mar  9 12:09:39 CET 2026
#@# AvgCurv lh Mon Mar  9 12:09:40 CET 2026
#@# Cortical Parc lh Mon Mar  9 12:09:41 CET 2026
#@# white curv lh Mon Mar  9 12:15:53 CET 2026
#@# white area lh Mon Mar  9 12:15:55 CET 2026
#@# pial curv lh Mon Mar  9 12:15:56 CET 2026
#@# pial area lh Mon Mar  9 12:15:57 CET 2026
#@# thickness lh Mon Mar  9 12:15:58 CET 2026
#@# area and vertex vol lh Mon Mar  9 12:16:18 CET 2026
#@# Curvature Stats lh Mon Mar  9 12:16:19 CET 2026
#@# Cortical Parc 2 lh Mon Mar  9 12:16:21 CET 2026
#@# Cortical Parc 3 lh Mon Mar  9 12:16:32 CET 2026
#@# WM/GM Contrast lh Mon Mar  9 12:16:40 CET 2026
recon-all -s sub-v1s21x0050405_ses-1 finished without error at Mon Mar  9 12:16:42 CET 2026



#New# invocation of recon-all 



status file for recon-all
Mon Mar  9 12:49:24 CET 2026
#@# white curv lh Mon Mar  9 12:49:25 CET 2026
#@# white area lh Mon Mar  9 12:49:25 CET 2026
#@# pial curv lh Mon Mar  9 12:49:25 CET 2026
#@# pial area lh Mon Mar  9 12:49:25 CET 2026
#@# thickness lh Mon Mar  9 12:49:25 CET 2026
#@# area and vertex vol lh Mon Mar  9 12:49:25 CET 2026
#@# Parcellation Stats lh Mon Mar  9 12:49:25 CET 2026
#@# Parcellation Stats 2 lh Mon Mar  9 12:49:39 CET 2026
#@# Parcellation Stats 3 lh Mon Mar  9 12:49:47 CET 2026
#@# BA_exvivo Labels lh Mon Mar  9 12:49:55 CET 2026
recon-all -s sub-v1s21x0050405_ses-1 finished without error at Mon Mar  9 12:52:02 CET 2026
