/out/sourcedata/freesurfer/sub-v1s21x0050388_ses-1/mri
/opt/freesurfer/bin/talairach_avi
--i orig_nu.mgz --xfm transforms/talairach.auto.xfm
talairach_avi 7.3.2
Linux dna076 5.14.0-427.37.1.el9_4.x86_64 #1 SMP PREEMPT_DYNAMIC Fri Sep 13 12:41:50 EDT 2024 x86_64 x86_64 x86_64 GNU/Linux
Mon Mar  9 09:26:01 CET 2026
mri_convert orig_nu.mgz talsrcimg.img 
reading from orig_nu.mgz...
TR=0.00, TE=0.00, TI=0.00, flip angle=0.00
i_ras = (-1, 0, 0)
j_ras = (0, 0, -1)
k_ras = (0, 1, 0)
writing to talsrcimg.img...
Analyze Output Matrix
-1.00000   0.00000   0.00000   129.50781;
 0.00000   0.00000   1.00000  -128.49219;
 0.00000  -1.00000   0.00000   129.60004;
 0.00000   0.00000   0.00000   1.00000;
--------------------
INFO: set hdr.hist.orient to -1
mpr2mni305 talsrcimg
Mon Mar  9 09:26:02 CET 2026
/opt/freesurfer/bin/mpr2mni305 talsrcimg
mpr2mni305 7.3.2
target=711-2C_as_mni_average_305

---------------------------------------------------------------------
analyzeto4dfp talsrcimg -O0 -y
---------------------------------------------------------------------

freesurfer ifh2hdr.c
Mon Mar  9 09:26:02 2026
Writing: talsrcimg.4dfp.hdr
freesurfer analyzeto4dfp.c
Reading: talsrcimg.hdr
header size 348 bytes
hdr.dime.datatype	offset=70	value=2
hdr.dime.bitpix		offset=72	value=8
hdr.hist.orient		offset=252	value=-1
dimensionality     4
dimensions       256       256       256         1
Reading: talsrcimg.img
Writing: talsrcimg.4dfp.img
Writing: talsrcimg.4dfp.ifh
ifh2hdr talsrcimg -r0to232
ori=2

---------------------------------------------------------------------
gauss_4dfp talsrcimg 1.1
---------------------------------------------------------------------

freesurfer gauss_4dfp.c
Reading: talsrcimg.4dfp.img
Writing: talsrcimg_g11.4dfp.img
image dimensions 256 256 256 padded to 288 288 288
processing volume 1freesurfer ifh2hdr.c
Mon Mar  9 09:26:03 2026
Writing: talsrcimg_g11.4dfp.hdr

Writing: talsrcimg_g11.4dfp.ifh
including: talsrcimg.4dfp.img.rec in talsrcimg_g11.4dfp.img.rec

---------------------------------------------------------------------
imgreg_4dfp /opt/freesurfer/average/711-2C_as_mni_average_305 none talsrcimg_g11 none talsrcimg_to_711-2C_as_mni_average_305_t4 4355
---------------------------------------------------------------------

freesurfer imgreg_4dfp.c
/opt/freesurfer/average/711-2C_as_mni_average_305.4dfp.img
       256       256       256         1
  1.000000  1.000000  1.000000
orientation T byte_order littleendian
Reading image: /opt/freesurfer/average/711-2C_as_mni_average_305.4dfp.img
dimensions:      256       256       256
mmppix:       1.0000   -1.0000   -1.0000
center:     128.0000 -129.0000 -129.0000
talsrcimg_g11.4dfp.img
       256       256       256         1
  1.000000  1.000000  1.000000
orientation T byte_order littleendian
Reading image: talsrcimg_g11.4dfp.img
dimensions:      256       256       256
mmppix:       1.0000   -1.0000   -1.0000
center:     128.0000 -129.0000 -129.0000
t4_read: open error in t4_sub.f l:  41 t4_file(1:l)talsrcimg_to_711-2C_as_mni_average_305_t4 
t4_read: transform initialized to I4
rotation matrix determinant  1.000000
image alignment mode   4355 decimal     1103 hex
   -7.5000  -45.0000  -45.0000 8572.2578   19.2182
    0.0000  -45.0000  -45.0000 8982.1992   19.2207
    7.5000  -45.0000  -45.0000 8593.3008   19.2268
   -7.5000  -37.5000  -45.0000 9153.0371   19.2108
    0.0000  -37.5000  -45.0000 9583.6035   19.2148
    7.5000  -37.5000  -45.0000 9174.5137   19.2196
   -7.5000  -30.0000  -45.0000 9967.3467   19.2287
    0.0000  -30.0000  -45.000010475.8564   19.2327
    7.5000  -30.0000  -45.000010007.8145   19.2360
   -7.5000  -22.5000  -45.000010693.2578   19.2596
    0.0000  -22.5000  -45.000011207.0342   19.2612
    7.5000  -22.5000  -45.000010722.2422   19.2629
   -7.5000  -15.0000  -45.000011289.3467   19.2737
    0.0000  -15.0000  -45.000011862.4707   19.2743
    7.5000  -15.0000  -45.000011333.8066   19.2761
   -7.5000   -7.5000  -45.000011921.6650   19.2503
    0.0000   -7.5000  -45.000012524.7305   19.2518
    7.5000   -7.5000  -45.000011978.3379   19.2564
   -7.5000    0.0000  -45.000012483.9580   19.2182
    0.0000    0.0000  -45.000013116.5146   19.2207
    7.5000    0.0000  -45.000012537.3008   19.2268
   -7.5000    7.5000  -45.000012158.4521   19.2108
    0.0000    7.5000  -45.000012827.1230   19.2148
    7.5000    7.5000  -45.000012202.0078   19.2196
   -7.5000   15.0000  -45.000011672.1689   19.2287
    0.0000   15.0000  -45.000012312.3965   19.2327
    7.5000   15.0000  -45.000011704.5947   19.2360
   -7.5000   22.5000  -45.000010871.1035   19.2570
    0.0000   22.5000  -45.000011469.7422   19.2586
    7.5000   22.5000  -45.000010894.9619   19.2602
   -7.5000   30.0000  -45.0000 9943.4805   19.0168
    0.0000   30.0000  -45.000010465.8936   19.0175
    7.5000   30.0000  -45.0000 9945.5215   19.0192
   -7.5000   37.5000  -45.0000 9395.1816   18.9937
    0.0000   37.5000  -45.0000 9891.6572   18.9952
    7.5000   37.5000  -45.0000 9401.3799   18.9998
   -7.5000   45.0000  -45.0000 8544.7920   18.4806
    0.0000   45.0000  -45.0000 8992.7842   18.4830
    7.5000   45.0000  -45.0000 8545.4902   18.4889
   -7.5000  -45.0000  -37.5000 9118.4658   19.2201
    0.0000  -45.0000  -37.5000 9569.0029   19.2249
    7.5000  -45.0000  -37.5000 9137.3770   19.2280
   -7.5000  -37.5000  -37.5000 9727.5889   19.2155
    0.0000  -37.5000  -37.500010203.3037   19.2233
    7.5000  -37.5000  -37.5000 9749.2812   19.2267
   -7.5000  -30.0000  -37.500010606.6621   19.2351
    0.0000  -30.0000  -37.500011137.5215   19.2434
    7.5000  -30.0000  -37.500010634.3428   19.2457
   -7.5000  -22.5000  -37.500011362.6514   19.2658
    0.0000  -22.5000  -37.500011918.1621   19.2702
    7.5000  -22.5000  -37.500011400.6621   19.2698
   -7.5000  -15.0000  -37.500012013.3486   19.2760
    0.0000  -15.0000  -37.500012614.6768   19.2777
    7.5000  -15.0000  -37.500012047.5898   19.2763
   -7.5000   -7.5000  -37.500012648.9102   19.2501
    0.0000   -7.5000  -37.500013268.2070   19.2525
    7.5000   -7.5000  -37.500012673.3281   19.2534
   -7.5000    0.0000  -37.500013195.7129   19.2201
    0.0000    0.0000  -37.500013863.9150   19.2249
    7.5000    0.0000  -37.500013241.5312   19.2280
   -7.5000    7.5000  -37.500012825.5312   19.2155
    0.0000    7.5000  -37.500013508.1797   19.2233
    7.5000    7.5000  -37.500012859.3281   19.2267
   -7.5000   15.0000  -37.500012305.1182   19.2351
    0.0000   15.0000  -37.500012960.0967   19.2434
    7.5000   15.0000  -37.500012336.5459   19.2457
   -7.5000   22.5000  -37.500011454.1309   19.2632
    0.0000   22.5000  -37.500012042.7139   19.2676
    7.5000   22.5000  -37.500011458.1152   19.2672
   -7.5000   30.0000  -37.500010441.6270   19.0192
    0.0000   30.0000  -37.500010969.3691   19.0208
    7.5000   30.0000  -37.500010434.4014   19.0194
   -7.5000   37.5000  -37.5000 9838.4023   18.9935
    0.0000   37.5000  -37.500010351.7822   18.9959
    7.5000   37.5000  -37.5000 9841.6035   18.9969
   -7.5000   45.0000  -37.5000 8917.3691   18.4825
    0.0000   45.0000  -37.5000 9403.5732   18.4871
    7.5000   45.0000  -37.5000 8910.3428   18.4900
   -7.5000  -45.0000  -30.0000 9828.7656   20.0358
    0.0000  -45.0000  -30.000010319.2158   20.0422
    7.5000  -45.0000  -30.0000 9861.7607   20.0438
   -7.5000  -37.5000  -30.000010474.7637   20.0295
    0.0000  -37.5000  -30.000010987.2852   20.0392
    7.5000  -37.5000  -30.000010503.1318   20.0420
   -7.5000  -30.0000  -30.000011417.3994   20.0502
    0.0000  -30.0000  -30.000011981.5615   20.0602
    7.5000  -30.0000  -30.000011449.9980   20.0635
   -7.5000  -22.5000  -30.000012190.9531   20.0830
    0.0000  -22.5000  -30.000012807.0400   20.0889
    7.5000  -22.5000  -30.000012255.7578   20.0910
   -7.5000  -15.0000  -30.000012881.7852   20.0936
    0.0000  -15.0000  -30.000013549.8633   20.0969
    7.5000  -15.0000  -30.000012937.5850   20.0980
   -7.5000   -7.5000  -30.000013550.2227   20.0672
    0.0000   -7.5000  -30.000014271.1885   20.0713
    7.5000   -7.5000  -30.000013607.8779   20.0723
   -7.5000    0.0000  -30.000014158.7637   20.0358
    0.0000    0.0000  -30.000014915.9229   20.0422
    7.5000    0.0000  -30.000014218.9570   20.0438
   -7.5000    7.5000  -30.000013702.6992   20.0295
    0.0000    7.5000  -30.000014444.2871   20.0392
    7.5000    7.5000  -30.000013762.7275   20.0420
   -7.5000   15.0000  -30.000013101.6240   20.0502
    0.0000   15.0000  -30.000013796.4775   20.0602
    7.5000   15.0000  -30.000013150.4854   20.0635
   -7.5000   22.5000  -30.000012197.4102   20.0781
    0.0000   22.5000  -30.000012819.4551   20.0840
    7.5000   22.5000  -30.000012199.2031   20.0862
   -7.5000   30.0000  -30.000011114.7881   19.8277
    0.0000   30.0000  -30.000011662.6602   19.8310
    7.5000   30.0000  -30.000011103.0830   19.8321
   -7.5000   37.5000  -30.000010464.7588   19.8016
    0.0000   37.5000  -30.000010984.9883   19.8057
    7.5000   37.5000  -30.000010463.8730   19.8067
   -7.5000   45.0000  -30.0000 9444.7500   19.2810
    0.0000   45.0000  -30.0000 9938.0068   19.2872
    7.5000   45.0000  -30.0000 9433.2422   19.2887
   -7.5000  -45.0000  -22.500010508.6797   20.7242
    0.0000  -45.0000  -22.500011081.7500   20.7289
    7.5000  -45.0000  -22.500010558.6758   20.7321
   -7.5000  -37.5000  -22.500011188.4502   20.7118
    0.0000  -37.5000  -22.500011796.0459   20.7179
    7.5000  -37.5000  -22.500011244.6426   20.7215
   -7.5000  -30.0000  -22.500012190.1738   20.7289
    0.0000  -30.0000  -22.500012872.1025   20.7350
    7.5000  -30.0000  -22.500012251.2119   20.7407
   -7.5000  -22.5000  -22.500013018.7227   20.7634
    0.0000  -22.5000  -22.500013727.9072   20.7672
    7.5000  -22.5000  -22.500013080.8662   20.7746
   -7.5000  -15.0000  -22.500013747.0938   20.7806
    0.0000  -15.0000  -22.500014514.6680   20.7840
    7.5000  -15.0000  -22.500013811.7764   20.7915
   -7.5000   -7.5000  -22.500014462.1494   20.7586
    0.0000   -7.5000  -22.500015290.2305   20.7630
    7.5000   -7.5000  -22.500014555.5215   20.7681
   -7.5000    0.0000  -22.500015088.4219   20.7242
    0.0000    0.0000  -22.500015962.8721   20.7289
    7.5000    0.0000  -22.500015178.4834   20.7321
   -7.5000    7.5000  -22.500014592.8398   20.7118
    0.0000    7.5000  -22.500015377.3096   20.7179
    7.5000    7.5000  -22.500014644.5889   20.7215
   -7.5000   15.0000  -22.500013900.7607   20.7289
    0.0000   15.0000  -22.500014620.3691   20.7350
    7.5000   15.0000  -22.500013937.2646   20.7407
   -7.5000   22.5000  -22.500012910.8398   20.7570
    0.0000   22.5000  -22.500013569.7666   20.7607
    7.5000   22.5000  -22.500012929.6631   20.7682
   -7.5000   30.0000  -22.500011765.7285   20.5088
    0.0000   30.0000  -22.500012369.0088   20.5122
    7.5000   30.0000  -22.500011787.2725   20.5195
   -7.5000   37.5000  -22.500011096.1885   20.4871
    0.0000   37.5000  -22.500011662.5693   20.4914
    7.5000   37.5000  -22.500011102.7090   20.4964
   -7.5000   45.0000  -22.5000 9975.6533   19.9584
    0.0000   45.0000  -22.500010475.0889   19.9630
    7.5000   45.0000  -22.5000 9968.6270   19.9660
   -7.5000  -45.0000  -15.000011145.3916   21.2141
    0.0000  -45.0000  -15.000011775.2578   21.2149
    7.5000  -45.0000  -15.000011209.9854   21.2202
   -7.5000  -37.5000  -15.000011860.9951   21.1977
    0.0000  -37.5000  -15.000012538.4912   21.1979
    7.5000  -37.5000  -15.000011906.1514   21.2021
   -7.5000  -30.0000  -15.000012948.8916   21.2102
    0.0000  -30.0000  -15.000013698.8350   21.2106
    7.5000  -30.0000  -15.000012993.0635   21.2171
   -7.5000  -22.5000  -15.000013852.0615   21.2435
    0.0000  -22.5000  -15.000014647.1641   21.2443
    7.5000  -22.5000  -15.000013907.8818   21.2545
   -7.5000  -15.0000  -15.000014581.7734   21.2658
    0.0000  -15.0000  -15.000015450.2061   21.2685
    7.5000  -15.0000  -15.000014694.7324   21.2800
   -7.5000   -7.5000  -15.000015311.6406   21.2489
    0.0000   -7.5000  -15.000016208.2773   21.2520
    7.5000   -7.5000  -15.000015441.0176   21.2608
   -7.5000    0.0000  -15.000015970.2373   21.2141
    0.0000    0.0000  -15.000016912.0840   21.2149
    7.5000    0.0000  -15.000016089.1787   21.2202
   -7.5000    7.5000  -15.000015423.8232   21.1977
    0.0000    7.5000  -15.000016289.3428   21.1979
    7.5000    7.5000  -15.000015503.5479   21.2021
   -7.5000   15.0000  -15.000014702.2979   21.2102
    0.0000   15.0000  -15.000015470.0049   21.2106
    7.5000   15.0000  -15.000014729.6748   21.2171
   -7.5000   22.5000  -15.000013635.0850   21.2359
    0.0000   22.5000  -15.000014364.3047   21.2367
    7.5000   22.5000  -15.000013673.5332   21.2470
   -7.5000   30.0000  -15.000012444.4404   20.9906
    0.0000   30.0000  -15.000013113.9941   20.9933
    7.5000   30.0000  -15.000012472.8994   21.0046
   -7.5000   37.5000  -15.000011737.4893   20.9739
    0.0000   37.5000  -15.000012378.9492   20.9769
    7.5000   37.5000  -15.000011766.4678   20.9857
   -7.5000   45.0000  -15.000010518.7148   20.4426
    0.0000   45.0000  -15.000011083.1250   20.4434
    7.5000   45.0000  -15.000010531.7363   20.4485
   -7.5000  -45.0000   -7.500011731.1211   21.4506
    0.0000  -45.0000   -7.500012418.3057   21.4510
    7.5000  -45.0000   -7.500011804.8574   21.4584
   -7.5000  -37.5000   -7.500012453.2412   21.4376
    0.0000  -37.5000   -7.500013222.6826   21.4377
    7.5000  -37.5000   -7.500012520.3086   21.4428
   -7.5000  -30.0000   -7.500013636.2129   21.4523
    0.0000  -30.0000   -7.500014511.7578   21.4525
    7.5000  -30.0000   -7.500013719.0127   21.4579
   -7.5000  -22.5000   -7.500014686.9814   21.4849
    0.0000  -22.5000   -7.500015696.8105   21.4852
    7.5000  -22.5000   -7.500014839.5703   21.4923
   -7.5000  -15.0000   -7.500015504.2637   21.5050
    0.0000  -15.0000   -7.500016521.5586   21.5067
    7.5000  -15.0000   -7.500015695.1455   21.5155
   -7.5000   -7.5000   -7.500016236.0098   21.4854
    0.0000   -7.5000   -7.500017174.9785   21.4875
    7.5000   -7.5000   -7.500016384.9473   21.4966
   -7.5000    0.0000   -7.500016901.3164   21.4506
    0.0000    0.0000   -7.500017874.8477   21.4510
    7.5000    0.0000   -7.500017004.5898   21.4584
   -7.5000    7.5000   -7.500016316.2207   21.4376
    0.0000    7.5000   -7.500017269.0527   21.4377
    7.5000    7.5000   -7.500016390.1934   21.4428
   -7.5000   15.0000   -7.500015490.1406   21.4523
    0.0000   15.0000   -7.500016396.5117   21.4525
    7.5000   15.0000   -7.500015533.4590   21.4579
   -7.5000   22.5000   -7.500014365.2520   21.4750
    0.0000   22.5000   -7.500015218.9160   21.4752
    7.5000   22.5000   -7.500014418.6709   21.4824
   -7.5000   30.0000   -7.500013152.3428   21.2262
    0.0000   30.0000   -7.500013909.9414   21.2278
    7.5000   30.0000   -7.500013191.6045   21.2364
   -7.5000   37.5000   -7.500012409.5400   21.2068
    0.0000   37.5000   -7.500013087.3809   21.2088
    7.5000   37.5000   -7.500012434.0537   21.2178
   -7.5000   45.0000   -7.500011117.7939   20.6743
    0.0000   45.0000   -7.500011717.6787   20.6748
    7.5000   45.0000   -7.500011124.1289   20.6819
   -7.5000  -45.0000    0.000012203.0293   21.4947
    0.0000  -45.0000    0.000012890.6670   21.4978
    7.5000  -45.0000    0.000012278.0449   21.5047
   -7.5000  -37.5000    0.000012953.1084   21.4869
    0.0000  -37.5000    0.000013682.2402   21.4915
    7.5000  -37.5000    0.000013015.0186   21.4971
   -7.5000  -30.0000    0.000014192.8408   21.5067
    0.0000  -30.0000    0.000015138.7441   21.5113
    7.5000  -30.0000    0.000014293.4824   21.5151
   -7.5000  -22.5000    0.000015401.0400   21.5406
    0.0000  -22.5000    0.000016708.1152   21.5424
    7.5000  -22.5000    0.000015719.3643   21.5443
   -7.5000  -15.0000    0.000016449.2891   21.5559
    0.0000  -15.0000    0.000017706.7910   21.5567
    7.5000  -15.0000    0.000016744.8848   21.5587
   -7.5000   -7.5000    0.000017203.9043   21.5299
    0.0000   -7.5000    0.000018280.9102   21.5317
    7.5000   -7.5000    0.000017360.3203   21.5370
   -7.5000    0.0000    0.000017823.7949   21.4947
    0.0000    0.0000    0.000018926.9531   21.4978
    7.5000    0.0000    0.000017894.1680   21.5047
   -7.5000    7.5000    0.000017115.7129   21.4869
    0.0000    7.5000    0.000018176.8125   21.4915
    7.5000    7.5000    0.000017190.0645   21.4971
   -7.5000   15.0000    0.000016179.9629   21.5067
    0.0000   15.0000    0.000017135.5547   21.5113
    7.5000   15.0000    0.000016231.4648   21.5151
   -7.5000   22.5000    0.000014979.8359   21.5306
    0.0000   22.5000    0.000015850.2441   21.5325
    7.5000   22.5000    0.000015014.7119   21.5344
   -7.5000   30.0000    0.000013683.4424   21.2769
    0.0000   30.0000    0.000014474.8408   21.2777
    7.5000   30.0000    0.000013706.7832   21.2797
   -7.5000   37.5000    0.000012874.1816   21.2512
    0.0000   37.5000    0.000013608.0137   21.2531
    7.5000   37.5000    0.000012917.6992   21.2583
   -7.5000   45.0000    0.000011536.7949   20.7185
    0.0000   45.0000    0.000012174.9180   20.7214
    7.5000   45.0000    0.000011555.4688   20.7281
   -7.5000  -45.0000    7.500011749.4834   21.5079
    0.0000  -45.0000    7.500012364.6123   21.5132
    7.5000  -45.0000    7.500011829.4414   21.5167
   -7.5000  -37.5000    7.500012469.3975   21.5026
    0.0000  -37.5000    7.500013143.5859   21.5114
    7.5000  -37.5000    7.500012551.2227   21.5151
   -7.5000  -30.0000    7.500013667.1924   21.5246
    0.0000  -30.0000    7.500014519.6670   21.5339
    7.5000  -30.0000    7.500013792.0586   21.5364
   -7.5000  -22.5000    7.500014814.6475   21.5590
    0.0000  -22.5000    7.500015979.1924   21.5639
    7.5000  -22.5000    7.500015107.4258   21.5635
   -7.5000  -15.0000    7.500015834.9717   21.5704
    0.0000  -15.0000    7.500016948.9766   21.5723
    7.5000  -15.0000    7.500016015.5830   21.5707
   -7.5000   -7.5000    7.500016614.7441   21.5413
    0.0000   -7.5000    7.500017724.2344   21.5441
    7.5000   -7.5000    7.500016720.4141   21.5451
   -7.5000    0.0000    7.500017253.1406   21.5079
    0.0000    0.0000    7.500018463.1035   21.5132
    7.5000    0.0000    7.500017353.5547   21.5167
   -7.5000    7.5000    7.500016534.7754   21.5026
    0.0000    7.5000    7.500017596.7578   21.5114
    7.5000    7.5000    7.500016609.5586   21.5151
   -7.5000   15.0000    7.500015554.9277   21.5246
    0.0000   15.0000    7.500016435.8379   21.5339
    7.5000   15.0000    7.500015592.2598   21.5364
   -7.5000   22.5000    7.500014398.1602   21.5491
    0.0000   22.5000    7.500015147.9238   21.5540
    7.5000   22.5000    7.500014388.3721   21.5535
   -7.5000   30.0000    7.500013151.3779   21.2912
    0.0000   30.0000    7.500013860.9053   21.2931
    7.5000   30.0000    7.500013155.8809   21.2916
   -7.5000   37.5000    7.500012356.1885   21.2626
    0.0000   37.5000    7.500013025.9580   21.2652
    7.5000   37.5000    7.500012409.8350   21.2663
   -7.5000   45.0000    7.500011080.0625   20.7311
    0.0000   45.0000    7.500011638.9258   20.7363
    7.5000   45.0000    7.500011084.4453   20.7396
   -7.5000  -45.0000   15.000011157.9277   21.5285
    0.0000  -45.0000   15.000011713.9902   21.5353
    7.5000  -45.0000   15.000011235.9648   21.5370
   -7.5000  -37.5000   15.000011836.0010   21.5218
    0.0000  -37.5000   15.000012424.2803   21.5321
    7.5000  -37.5000   15.000011904.5781   21.5350
   -7.5000  -30.0000   15.000012954.7256   21.5439
    0.0000  -30.0000   15.000013679.7568   21.5546
    7.5000  -30.0000   15.000013077.7324   21.5580
   -7.5000  -22.5000   15.000014013.7773   21.5790
    0.0000  -22.5000   15.000014844.4775   21.5852
    7.5000  -22.5000   15.000014161.8340   21.5874
   -7.5000  -15.0000   15.000014866.9258   21.5903
    0.0000  -15.0000   15.000015622.7002   21.5937
    7.5000  -15.0000   15.000014868.7080   21.5949
   -7.5000   -7.5000   15.000015651.4443   21.5620
    0.0000   -7.5000   15.000016488.9004   21.5663
    7.5000   -7.5000   15.000015674.8105   21.5674
   -7.5000    0.0000   15.000016374.8926   21.5285
    0.0000    0.0000   15.000017400.0039   21.5353
    7.5000    0.0000   15.000016464.4512   21.5370
   -7.5000    7.5000   15.000015736.8809   21.5218
    0.0000    7.5000   15.000016681.2930   21.5321
    7.5000    7.5000   15.000015836.5547   21.5350
   -7.5000   15.0000   15.000014813.9443   21.5439
    0.0000   15.0000   15.000015610.4424   21.5546
    7.5000   15.0000   15.000014857.6055   21.5580
   -7.5000   22.5000   15.000013683.7041   21.5690
    0.0000   22.5000   15.000014366.5010   21.5752
    7.5000   22.5000   15.000013684.6445   21.5774
   -7.5000   30.0000   15.000012441.3301   21.3109
    0.0000   30.0000   15.000013079.5254   21.3143
    7.5000   30.0000   15.000012462.2080   21.3154
   -7.5000   37.5000   15.000011667.3164   21.2830
    0.0000   37.5000   15.000012235.9766   21.2872
    7.5000   37.5000   15.000011701.8047   21.2883
   -7.5000   45.0000   15.000010435.7021   20.7510
    0.0000   45.0000   15.000010936.7129   20.7575
    7.5000   45.0000   15.000010448.6650   20.7591
   -7.5000  -45.0000   22.500010431.3652   21.6113
    0.0000  -45.0000   22.500010926.9600   21.6157
    7.5000  -45.0000   22.500010491.6602   21.6185
   -7.5000  -37.5000   22.500011077.8604   21.5981
    0.0000  -37.5000   22.500011585.4854   21.6039
    7.5000  -37.5000   22.500011140.8564   21.6073
   -7.5000  -30.0000   22.500012104.3447   21.6153
    0.0000  -30.0000   22.500012709.9883   21.6212
    7.5000  -30.0000   22.500012202.3926   21.6268
   -7.5000  -22.5000   22.500013047.6953   21.6509
    0.0000  -22.5000   22.500013656.0840   21.6543
    7.5000  -22.5000   22.500013077.7539   21.6618
   -7.5000  -15.0000   22.500013783.9668   21.6690
    0.0000  -15.0000   22.500014358.9434   21.6721
    7.5000  -15.0000   22.500013759.4492   21.6796
   -7.5000   -7.5000   22.500014506.5098   21.6467
    0.0000   -7.5000   22.500015169.0557   21.6508
    7.5000   -7.5000   22.500014536.6074   21.6557
   -7.5000    0.0000   22.500015228.1611   21.6113
    0.0000    0.0000   22.500016001.5049   21.6157
    7.5000    0.0000   22.500015284.0000   21.6185
   -7.5000    7.5000   22.500014731.6602   21.5981
    0.0000    7.5000   22.500015477.3105   21.6039
    7.5000    7.5000   22.500014787.3994   21.6073
   -7.5000   15.0000   22.500013875.4756   21.6153
    0.0000   15.0000   22.500014586.9766   21.6212
    7.5000   15.0000   22.500013915.5205   21.6268
   -7.5000   22.5000   22.500012774.1729   21.6409
    0.0000   22.5000   22.500013419.2295   21.6443
    7.5000   22.5000   22.500012778.5820   21.6519
   -7.5000   30.0000   22.500011614.8750   21.3886
    0.0000   30.0000   22.500012183.0205   21.3917
    7.5000   30.0000   22.500011628.1025   21.3991
   -7.5000   37.5000   22.500010890.7939   21.3666
    0.0000   37.5000   22.500011373.6631   21.3706
    7.5000   37.5000   22.500010885.2129   21.3754
   -7.5000   45.0000   22.5000 9703.4717   20.8308
    0.0000   45.0000   22.500010145.4502   20.8351
    7.5000   45.0000   22.5000 9706.9453   20.8377
   -7.5000  -45.0000   30.0000 9668.2236   21.8820
    0.0000  -45.0000   30.000010118.2021   21.8824
    7.5000  -45.0000   30.0000 9732.9209   21.8865
   -7.5000  -37.5000   30.000010249.5859   21.8641
    0.0000  -37.5000   30.000010734.9287   21.8637
    7.5000  -37.5000   30.000010325.5293   21.8665
   -7.5000  -30.0000   30.000011174.6758   21.8751
    0.0000  -30.0000   30.000011712.0674   21.8747
    7.5000  -30.0000   30.000011273.8965   21.8799
   -7.5000  -22.5000   30.000011969.7646   21.9085
    0.0000  -22.5000   30.000012502.9766   21.9084
    7.5000  -22.5000   30.000012012.7871   21.9176
   -7.5000  -15.0000   30.000012643.7656   21.9323
    0.0000  -15.0000   30.000013173.1299   21.9344
    7.5000  -15.0000   30.000012650.4336   21.9451
   -7.5000   -7.5000   30.000013335.3242   21.9168
    0.0000   -7.5000   30.000013896.3740   21.9195
    7.5000   -7.5000   30.000013344.5791   21.9274
   -7.5000    0.0000   30.000014013.1104   21.8820
    0.0000    0.0000   30.000014630.4492   21.8824
    7.5000    0.0000   30.000014020.8154   21.8865
   -7.5000    7.5000   30.000013578.7100   21.8641
    0.0000    7.5000   30.000014217.0820   21.8637
    7.5000    7.5000   30.000013603.7002   21.8665
   -7.5000   15.0000   30.000012825.9326   21.8751
    0.0000   15.0000   30.000013445.6768   21.8747
    7.5000   15.0000   30.000012853.5742   21.8799
   -7.5000   22.5000   30.000011811.2803   21.8984
    0.0000   22.5000   30.000012386.4561   21.8983
    7.5000   22.5000   30.000011825.2734   21.9075
   -7.5000   30.0000   30.000010745.0293   21.6484
    0.0000   30.0000   30.000011277.8398   21.6505
    7.5000   30.0000   30.000010755.4805   21.6610
   -7.5000   37.5000   30.000010033.3584   21.6332
    0.0000   37.5000   30.000010496.5049   21.6358
    7.5000   37.5000   30.000010007.3984   21.6436
   -7.5000   45.0000   30.0000 8921.2344   21.0917
    0.0000   45.0000   30.0000 9326.1250   21.0921
    7.5000   45.0000   30.0000 8911.2891   21.0961
   -7.5000  -45.0000   37.5000 9259.4346   22.3397
    0.0000  -45.0000   37.5000 9712.2451   22.3383
    7.5000  -45.0000   37.5000 9308.2744   22.3437
   -7.5000  -37.5000   37.5000 9799.2959   22.3240
    0.0000  -37.5000   37.500010277.7334   22.3223
    7.5000  -37.5000   37.5000 9871.0342   22.3256
   -7.5000  -30.0000   37.500010663.2500   22.3351
    0.0000  -30.0000   37.500011192.2158   22.3336
    7.5000  -30.0000   37.500010736.2695   22.3372
   -7.5000  -22.5000   37.500011411.2363   22.3672
    0.0000  -22.5000   37.500011925.8584   22.3654
    7.5000  -22.5000   37.500011434.4824   22.3707
   -7.5000  -15.0000   37.500012045.3447   22.3901
    0.0000  -15.0000   37.500012566.7529   22.3896
    7.5000  -15.0000   37.500012061.9258   22.3964
   -7.5000   -7.5000   37.500012688.3955   22.3738
    0.0000   -7.5000   37.500013224.6279   22.3737
    7.5000   -7.5000   37.500012709.3857   22.3809
   -7.5000    0.0000   37.500013313.2266   22.3397
    0.0000    0.0000   37.500013900.1230   22.3383
    7.5000    0.0000   37.500013349.0127   22.3437
   -7.5000    7.5000   37.500012939.6240   22.3240
    0.0000    7.5000   37.500013555.4561   22.3223
    7.5000    7.5000   37.500012966.3516   22.3256
   -7.5000   15.0000   37.500012216.7842   22.3351
    0.0000   15.0000   37.500012828.6914   22.3336
    7.5000   15.0000   37.500012251.1309   22.3372
   -7.5000   22.5000   37.500011266.5352   22.3569
    0.0000   22.5000   37.500011848.0166   22.3551
    7.5000   22.5000   37.500011316.9844   22.3604
   -7.5000   30.0000   37.500010274.6777   22.1003
    0.0000   30.0000   37.500010804.2871   22.0999
    7.5000   30.0000   37.500010301.8857   22.1066
   -7.5000   37.5000   37.5000 9574.6934   22.0842
    0.0000   37.5000   37.500010048.0781   22.0842
    7.5000   37.5000   37.5000 9577.5146   22.0913
   -7.5000   45.0000   37.5000 8535.0781   21.5329
    0.0000   45.0000   37.5000 8930.7422   21.5315
    7.5000   45.0000   37.5000 8535.6357   21.5368
   -7.5000  -45.0000   45.0000 8477.3818   22.8623
    0.0000  -45.0000   45.0000 8929.9385   22.8650
    7.5000  -45.0000   45.0000 8536.0898   22.8699
   -7.5000  -37.5000   45.0000 8962.4238   22.8539
    0.0000  -37.5000   45.0000 9432.8506   22.8595
    7.5000  -37.5000   45.0000 9040.6367   22.8629
   -7.5000  -30.0000   45.0000 9741.5830   22.8727
    0.0000  -30.0000   45.000010247.2119   22.8797
    7.5000  -30.0000   45.0000 9797.0000   22.8820
   -7.5000  -22.5000   45.000010415.1846   22.9067
    0.0000  -22.5000   45.000010925.8350   22.9111
    7.5000  -22.5000   45.000010461.4453   22.9119
   -7.5000  -15.0000   45.000010981.2148   22.9228
    0.0000  -15.0000   45.000011501.8428   22.9252
    7.5000  -15.0000   45.000011025.6709   22.9262
   -7.5000   -7.5000   45.000011563.8447   22.8973
    0.0000   -7.5000   45.000012077.6133   22.8992
    7.5000   -7.5000   45.000011601.6738   22.9031
   -7.5000    0.0000   45.000012132.8262   22.8623
    0.0000    0.0000   45.000012656.7363   22.8650
    7.5000    0.0000   45.000012150.5703   22.8699
   -7.5000    7.5000   45.000011808.3887   22.8539
    0.0000    7.5000   45.000012393.9521   22.8595
    7.5000    7.5000   45.000011849.9268   22.8629
   -7.5000   15.0000   45.000011151.4922   22.8727
    0.0000   15.0000   45.000011735.9844   22.8797
    7.5000   15.0000   45.000011219.7432   22.8820
   -7.5000   22.5000   45.000010321.8193   22.8961
    0.0000   22.5000   45.000010846.1787   22.9005
    7.5000   22.5000   45.000010356.1133   22.9013
   -7.5000   30.0000   45.0000 9404.9951   22.6242
    0.0000   30.0000   45.0000 9871.6904   22.6265
    7.5000   30.0000   45.0000 9427.2559   22.6275
   -7.5000   37.5000   45.0000 8778.3291   22.5990
    0.0000   37.5000   45.0000 9200.6172   22.6009
    7.5000   37.5000   45.0000 8807.2539   22.6047
   -7.5000   45.0000   45.0000 7846.1885   22.0466
    0.0000   45.0000   45.0000 8188.3159   22.0492
    7.5000   45.0000   45.0000 7846.4395   22.0539

---------------------------------------------------------------------
imgreg_4dfp /opt/freesurfer/average/711-2C_as_mni_average_305 /opt/freesurfer/average/711-2B_as_mni_average_305_mask talsrcimg_g11 none talsrcimg_to_711-2C_as_mni_average_305_t4 4355
---------------------------------------------------------------------

freesurfer imgreg_4dfp.c
/opt/freesurfer/average/711-2C_as_mni_average_305.4dfp.img
       256       256       256         1
  1.000000  1.000000  1.000000
orientation T byte_order littleendian
Reading image: /opt/freesurfer/average/711-2C_as_mni_average_305.4dfp.img
dimensions:      256       256       256
mmppix:       1.0000   -1.0000   -1.0000
center:     128.0000 -129.0000 -129.0000
/opt/freesurfer/average/711-2B_as_mni_average_305_mask.4dfp.img
       256       256       256         1
  1.000000  1.000000  1.000000
orientation T byte_order littleendian
Reading mask: /opt/freesurfer/average/711-2B_as_mni_average_305_mask.4dfp.img (2306576 pixels)
talsrcimg_g11.4dfp.img
       256       256       256         1
  1.000000  1.000000  1.000000
orientation T byte_order littleendian
Reading image: talsrcimg_g11.4dfp.img
dimensions:      256       256       256
mmppix:       1.0000   -1.0000   -1.0000
center:     128.0000 -129.0000 -129.0000
rotation matrix determinant  1.000000
image alignment mode   4355 decimal     1103 hex
   -7.5000  -45.0000  -45.0000 2257.5012   21.2461
    0.0000  -45.0000  -45.0000 2269.9470   21.2104
    7.5000  -45.0000  -45.0000 2263.5881   21.2560
   -7.5000  -37.5000  -45.0000 2350.8560   19.6125
    0.0000  -37.5000  -45.0000 2365.2021   19.5572
    7.5000  -37.5000  -45.0000 2353.7612   19.6578
   -7.5000  -30.0000  -45.0000 2398.1689   18.4741
    0.0000  -30.0000  -45.0000 2424.7849   18.3713
    7.5000  -30.0000  -45.0000 2412.2739   18.4960
   -7.5000  -22.5000  -45.0000 2428.5979   17.6618
    0.0000  -22.5000  -45.0000 2452.0120   17.5428
    7.5000  -22.5000  -45.0000 2440.6655   17.6497
   -7.5000  -15.0000  -45.0000 2448.8022   17.1639
    0.0000  -15.0000  -45.0000 2467.7551   17.0507
    7.5000  -15.0000  -45.0000 2459.0051   17.1260
   -7.5000   -7.5000  -45.0000 2452.8240   17.1021
    0.0000   -7.5000  -45.0000 2480.0776   16.9611
    7.5000   -7.5000  -45.0000 2468.2046   17.0259
   -7.5000    0.0000  -45.0000 2434.1047   17.3963
    0.0000    0.0000  -45.0000 2460.7400   17.2410
    7.5000    0.0000  -45.0000 2451.0425   17.3310
   -7.5000    7.5000  -45.0000 2401.6096   18.0815
    0.0000    7.5000  -45.0000 2431.7334   17.9327
    7.5000    7.5000  -45.0000 2416.1377   17.9722
   -7.5000   15.0000  -45.0000 2341.8865   19.0785
    0.0000   15.0000  -45.0000 2364.5645   18.9338
    7.5000   15.0000  -45.0000 2354.4612   18.9734
   -7.5000   22.5000  -45.0000 2257.4004   20.4600
    0.0000   22.5000  -45.0000 2281.4338   20.3068
    7.5000   22.5000  -45.0000 2269.5940   20.3652
   -7.5000   30.0000  -45.0000 2152.5488   22.2870
    0.0000   30.0000  -45.0000 2176.2236   22.0803
    7.5000   30.0000  -45.0000 2165.5498   22.2073
   -7.5000   37.5000  -45.0000 2038.4275   24.6871
    0.0000   37.5000  -45.0000 2058.5671   24.4206
    7.5000   37.5000  -45.0000 2049.9841   24.5691
   -7.5000   45.0000  -45.0000 1913.0873   27.9473
    0.0000   45.0000  -45.0000 1930.5717   27.5163
    7.5000   45.0000  -45.0000 1926.4779   27.7237
   -7.5000  -45.0000  -37.5000 2328.1484   19.8959
    0.0000  -45.0000  -37.5000 2349.1418   19.8274
    7.5000  -45.0000  -37.5000 2339.3699   19.9211
   -7.5000  -37.5000  -37.5000 2418.7319   18.2946
    0.0000  -37.5000  -37.5000 2441.7947   18.2398
    7.5000  -37.5000  -37.5000 2431.5427   18.3141
   -7.5000  -30.0000  -37.5000 2480.2188   17.2006
    0.0000  -30.0000  -37.5000 2505.4741   17.0720
    7.5000  -30.0000  -37.5000 2496.8813   17.1988
   -7.5000  -22.5000  -37.5000 2523.9634   16.4658
    0.0000  -22.5000  -37.5000 2548.9475   16.3053
    7.5000  -22.5000  -37.5000 2536.5867   16.4434
   -7.5000  -15.0000  -37.5000 2550.2502   16.0169
    0.0000  -15.0000  -37.5000 2567.8359   15.8655
    7.5000  -15.0000  -37.5000 2557.5220   15.9753
   -7.5000   -7.5000  -37.5000 2554.3933   15.9386
    0.0000   -7.5000  -37.5000 2575.3101   15.7650
    7.5000   -7.5000  -37.5000 2567.3723   15.8762
   -7.5000    0.0000  -37.5000 2532.9658   16.1398
    0.0000    0.0000  -37.5000 2560.0359   15.9791
    7.5000    0.0000  -37.5000 2549.8230   16.0909
   -7.5000    7.5000  -37.5000 2496.9629   16.7609
    0.0000    7.5000  -37.5000 2527.5808   16.6167
    7.5000    7.5000  -37.5000 2513.1123   16.6878
   -7.5000   15.0000  -37.5000 2435.2207   17.7024
    0.0000   15.0000  -37.5000 2463.0532   17.5670
    7.5000   15.0000  -37.5000 2450.0007   17.6054
   -7.5000   22.5000  -37.5000 2343.7578   19.0167
    0.0000   22.5000  -37.5000 2372.0574   18.8389
    7.5000   22.5000  -37.5000 2358.5337   18.9253
   -7.5000   30.0000  -37.5000 2233.7920   20.7105
    0.0000   30.0000  -37.5000 2263.9360   20.5210
    7.5000   30.0000  -37.5000 2249.4199   20.6111
   -7.5000   37.5000  -37.5000 2114.4746   22.9273
    0.0000   37.5000  -37.5000 2137.3691   22.7272
    7.5000   37.5000  -37.5000 2128.0459   22.7850
   -7.5000   45.0000  -37.5000 1981.0299   25.9213
    0.0000   45.0000  -37.5000 2004.4054   25.6507
    7.5000   45.0000  -37.5000 1995.9775   25.7187
   -7.5000  -45.0000  -30.0000 2432.8562   19.3063
    0.0000  -45.0000  -30.0000 2457.5188   19.1890
    7.5000  -45.0000  -30.0000 2446.7781   19.3032
   -7.5000  -37.5000  -30.0000 2526.5630   17.7237
    0.0000  -37.5000  -30.0000 2548.6377   17.5992
    7.5000  -37.5000  -30.0000 2540.1208   17.6897
   -7.5000  -30.0000  -30.0000 2596.0229   16.6126
    0.0000  -30.0000  -30.0000 2616.9263   16.4668
    7.5000  -30.0000  -30.0000 2612.3752   16.5785
   -7.5000  -22.5000  -30.0000 2646.1101   15.8458
    0.0000  -22.5000  -30.0000 2672.7981   15.6875
    7.5000  -22.5000  -30.0000 2665.0051   15.8433
   -7.5000  -15.0000  -30.0000 2685.9253   15.3831
    0.0000  -15.0000  -30.0000 2710.2734   15.2743
    7.5000  -15.0000  -30.0000 2699.3376   15.4179
   -7.5000   -7.5000  -30.0000 2700.5940   15.3222
    0.0000   -7.5000  -30.0000 2722.7559   15.1678
    7.5000   -7.5000  -30.0000 2714.2300   15.2952
   -7.5000    0.0000  -30.0000 2682.8489   15.5589
    0.0000    0.0000  -30.0000 2711.3818   15.3717
    7.5000    0.0000  -30.0000 2700.1460   15.5026
   -7.5000    7.5000  -30.0000 2640.7393   16.1410
    0.0000    7.5000  -30.0000 2675.7122   15.9485
    7.5000    7.5000  -30.0000 2661.2556   16.0436
   -7.5000   15.0000  -30.0000 2569.8230   17.0572
    0.0000   15.0000  -30.0000 2601.8870   16.8861
    7.5000   15.0000  -30.0000 2587.1819   16.9575
   -7.5000   22.5000  -30.0000 2472.4353   18.3571
    0.0000   22.5000  -30.0000 2503.5603   18.1488
    7.5000   22.5000  -30.0000 2487.3933   18.2426
   -7.5000   30.0000  -30.0000 2354.3269   20.0079
    0.0000   30.0000  -30.0000 2383.0327   19.8271
    7.5000   30.0000  -30.0000 2370.5417   19.8765
   -7.5000   37.5000  -30.0000 2225.8721   22.1887
    0.0000   37.5000  -30.0000 2251.4197   21.9749
    7.5000   37.5000  -30.0000 2240.8025   21.9856
   -7.5000   45.0000  -30.0000 2079.4492   24.9853
    0.0000   45.0000  -30.0000 2106.6785   24.7546
    7.5000   45.0000  -30.0000 2091.9624   24.7683
   -7.5000  -45.0000  -22.5000 2504.9839   18.5756
    0.0000  -45.0000  -22.5000 2528.1384   18.4735
    7.5000  -45.0000  -22.5000 2517.6035   18.5388
   -7.5000  -37.5000  -22.5000 2600.9348   17.0059
    0.0000  -37.5000  -22.5000 2628.9297   16.8905
    7.5000  -37.5000  -22.5000 2616.5020   16.9776
   -7.5000  -30.0000  -22.5000 2678.5623   15.8981
    0.0000  -30.0000  -22.5000 2707.5876   15.7535
    7.5000  -30.0000  -22.5000 2698.6477   15.8660
   -7.5000  -22.5000  -22.5000 2738.7683   15.1311
    0.0000  -22.5000  -22.5000 2771.8025   14.9786
    7.5000  -22.5000  -22.5000 2758.0366   15.1116
   -7.5000  -15.0000  -22.5000 2790.4521   14.6487
    0.0000  -15.0000  -22.5000 2824.7708   14.5203
    7.5000  -15.0000  -22.5000 2805.8115   14.6421
   -7.5000   -7.5000  -22.5000 2814.2634   14.5960
    0.0000   -7.5000  -22.5000 2847.6042   14.4508
    7.5000   -7.5000  -22.5000 2835.2793   14.5772
   -7.5000    0.0000  -22.5000 2799.5007   14.8820
    0.0000    0.0000  -22.5000 2833.3037   14.6772
    7.5000    0.0000  -22.5000 2818.8584   14.7987
   -7.5000    7.5000  -22.5000 2755.0720   15.4634
    0.0000    7.5000  -22.5000 2789.1367   15.2279
    7.5000    7.5000  -22.5000 2772.9563   15.3479
   -7.5000   15.0000  -22.5000 2674.2886   16.3606
    0.0000   15.0000  -22.5000 2703.1584   16.1504
    7.5000   15.0000  -22.5000 2691.7095   16.2517
   -7.5000   22.5000  -22.5000 2568.0774   17.6118
    0.0000   22.5000  -22.5000 2601.0522   17.4219
    7.5000   22.5000  -22.5000 2584.9954   17.5314
   -7.5000   30.0000  -22.5000 2439.5642   19.2940
    0.0000   30.0000  -22.5000 2474.0779   19.0621
    7.5000   30.0000  -22.5000 2460.2292   19.1533
   -7.5000   37.5000  -22.5000 2308.9243   21.3649
    0.0000   37.5000  -22.5000 2332.9519   21.1295
    7.5000   37.5000  -22.5000 2321.7234   21.1895
   -7.5000   45.0000  -22.5000 2152.2952   24.0551
    0.0000   45.0000  -22.5000 2168.1763   23.8022
    7.5000   45.0000  -22.5000 2159.7629   23.8142
   -7.5000  -45.0000  -15.0000 2527.5300   17.9692
    0.0000  -45.0000  -15.0000 2554.1631   17.7973
    7.5000  -45.0000  -15.0000 2543.2891   17.8716
   -7.5000  -37.5000  -15.0000 2635.3567   16.4024
    0.0000  -37.5000  -15.0000 2667.1343   16.2537
    7.5000  -37.5000  -15.0000 2656.3062   16.3348
   -7.5000  -30.0000  -15.0000 2727.3870   15.2598
    0.0000  -30.0000  -15.0000 2759.9246   15.1127
    7.5000  -30.0000  -15.0000 2749.3503   15.2063
   -7.5000  -22.5000  -15.0000 2804.9727   14.4885
    0.0000  -22.5000  -15.0000 2837.7151   14.3216
    7.5000  -22.5000  -15.0000 2824.3928   14.4598
   -7.5000  -15.0000  -15.0000 2861.0740   13.9798
    0.0000  -15.0000  -15.0000 2905.1235   13.7706
    7.5000  -15.0000  -15.0000 2881.6704   13.9713
   -7.5000   -7.5000  -15.0000 2891.9746   13.9265
    0.0000   -7.5000  -15.0000 2931.5930   13.7087
    7.5000   -7.5000  -15.0000 2917.2310   13.9041
   -7.5000    0.0000  -15.0000 2875.6809   14.2408
    0.0000    0.0000  -15.0000 2913.0486   14.0101
    7.5000    0.0000  -15.0000 2900.2119   14.1375
   -7.5000    7.5000  -15.0000 2824.8035   14.8502
    0.0000    7.5000  -15.0000 2859.4851   14.5946
    7.5000    7.5000  -15.0000 2849.0635   14.7223
   -7.5000   15.0000  -15.0000 2737.1973   15.7737
    0.0000   15.0000  -15.0000 2770.2808   15.5073
    7.5000   15.0000  -15.0000 2757.8901   15.6787
   -7.5000   22.5000  -15.0000 2625.1479   17.0214
    0.0000   22.5000  -15.0000 2659.9417   16.7496
    7.5000   22.5000  -15.0000 2646.0537   16.9288
   -7.5000   30.0000  -15.0000 2492.8037   18.6534
    0.0000   30.0000  -15.0000 2529.7593   18.4031
    7.5000   30.0000  -15.0000 2513.5007   18.5329
   -7.5000   37.5000  -15.0000 2353.7485   20.6778
    0.0000   37.5000  -15.0000 2387.3481   20.4450
    7.5000   37.5000  -15.0000 2373.3750   20.5353
   -7.5000   45.0000  -15.0000 2187.7410   23.2627
    0.0000   45.0000  -15.0000 2212.7729   23.0036
    7.5000   45.0000  -15.0000 2205.5876   23.0429
   -7.5000  -45.0000   -7.5000 2532.1350   17.4594
    0.0000  -45.0000   -7.5000 2557.1260   17.2789
    7.5000  -45.0000   -7.5000 2548.9597   17.3412
   -7.5000  -37.5000   -7.5000 2643.9902   15.9263
    0.0000  -37.5000   -7.5000 2682.7644   15.7627
    7.5000  -37.5000   -7.5000 2671.4219   15.8102
   -7.5000  -30.0000   -7.5000 2751.7688   14.7975
    0.0000  -30.0000   -7.5000 2794.1045   14.6544
    7.5000  -30.0000   -7.5000 2784.4065   14.7120
   -7.5000  -22.5000   -7.5000 2845.0686   14.0367
    0.0000  -22.5000   -7.5000 2885.2827   13.8884
    7.5000  -22.5000   -7.5000 2878.2378   13.9793
   -7.5000  -15.0000   -7.5000 2908.9346   13.5448
    0.0000  -15.0000   -7.5000 2968.9087   13.3231
    7.5000  -15.0000   -7.5000 2939.7581   13.5128
   -7.5000   -7.5000   -7.5000 2943.4668   13.4331
    0.0000   -7.5000   -7.5000 2992.0891   13.1335
    7.5000   -7.5000   -7.5000 2971.0701   13.3973
   -7.5000    0.0000   -7.5000 2917.4534   13.7193
    0.0000    0.0000   -7.5000 2958.7764   13.4746
    7.5000    0.0000   -7.5000 2942.1104   13.6520
   -7.5000    7.5000   -7.5000 2865.2344   14.3841
    0.0000    7.5000   -7.5000 2902.9795   14.0816
    7.5000    7.5000   -7.5000 2888.2966   14.2504
   -7.5000   15.0000   -7.5000 2772.6033   15.2927
    0.0000   15.0000   -7.5000 2809.0935   15.0089
    7.5000   15.0000   -7.5000 2797.1245   15.1563
   -7.5000   22.5000   -7.5000 2656.4529   16.5615
    0.0000   22.5000   -7.5000 2689.2056   16.2991
    7.5000   22.5000   -7.5000 2679.1699   16.4448
   -7.5000   30.0000   -7.5000 2523.1833   18.1993
    0.0000   30.0000   -7.5000 2558.4897   17.9653
    7.5000   30.0000   -7.5000 2547.1042   18.0804
   -7.5000   37.5000   -7.5000 2376.3003   20.2021
    0.0000   37.5000   -7.5000 2410.9846   19.9730
    7.5000   37.5000   -7.5000 2405.5425   20.0606
   -7.5000   45.0000   -7.5000 2210.2190   22.7359
    0.0000   45.0000   -7.5000 2240.4514   22.4552
    7.5000   45.0000   -7.5000 2232.0955   22.5250
   -7.5000  -45.0000    0.0000 2525.0015   17.2577
    0.0000  -45.0000    0.0000 2545.7134   17.0344
    7.5000  -45.0000    0.0000 2540.5151   17.1314
   -7.5000  -37.5000    0.0000 2646.4365   15.7338
    0.0000  -37.5000    0.0000 2675.5986   15.5161
    7.5000  -37.5000    0.0000 2671.5879   15.5843
   -7.5000  -30.0000    0.0000 2757.7180   14.5955
    0.0000  -30.0000    0.0000 2795.4460   14.4123
    7.5000  -30.0000    0.0000 2790.3826   14.5014
   -7.5000  -22.5000    0.0000 2860.9490   13.8724
    0.0000  -22.5000    0.0000 2909.0796   13.7657
    7.5000  -22.5000    0.0000 2901.5779   13.8061
   -7.5000  -15.0000    0.0000 2932.5610   13.4484
    0.0000  -15.0000    0.0000 3011.2947   13.3732
    7.5000  -15.0000    0.0000 2975.5811   13.4500
   -7.5000   -7.5000    0.0000 2964.5530   13.2896
    0.0000   -7.5000    0.0000 3028.2654   13.0455
    7.5000   -7.5000    0.0000 2996.1233   13.2684
   -7.5000    0.0000    0.0000 2933.1772   13.5241
    0.0000    0.0000    0.0000 2984.8108   13.2382
    7.5000    0.0000    0.0000 2955.8938   13.4270
   -7.5000    7.5000    0.0000 2878.8533   14.1176
    0.0000    7.5000    0.0000 2916.9026   13.8236
    7.5000    7.5000    0.0000 2903.1797   13.9601
   -7.5000   15.0000    0.0000 2784.1973   15.0558
    0.0000   15.0000    0.0000 2816.3638   14.7857
    7.5000   15.0000    0.0000 2810.0149   14.9135
   -7.5000   22.5000    0.0000 2667.8032   16.3540
    0.0000   22.5000    0.0000 2696.4011   16.0948
    7.5000   22.5000    0.0000 2690.9978   16.2218
   -7.5000   30.0000    0.0000 2530.2358   17.9722
    0.0000   30.0000    0.0000 2562.5269   17.7428
    7.5000   30.0000    0.0000 2551.0464   17.8632
   -7.5000   37.5000    0.0000 2382.1958   19.9463
    0.0000   37.5000    0.0000 2416.7766   19.7436
    7.5000   37.5000    0.0000 2410.2126   19.8277
   -7.5000   45.0000    0.0000 2216.0432   22.4289
    0.0000   45.0000    0.0000 2244.9202   22.2123
    7.5000   45.0000    0.0000 2238.7417   22.2002
   -7.5000  -45.0000    7.5000 2509.0640   17.3847
    0.0000  -45.0000    7.5000 2529.2844   17.0484
    7.5000  -45.0000    7.5000 2527.7405   17.2488
   -7.5000  -37.5000    7.5000 2634.2627   15.8599
    0.0000  -37.5000    7.5000 2661.3596   15.5918
    7.5000  -37.5000    7.5000 2658.6423   15.7378
   -7.5000  -30.0000    7.5000 2748.8928   14.7501
    0.0000  -30.0000    7.5000 2785.7385   14.5205
    7.5000  -30.0000    7.5000 2778.5596   14.6253
   -7.5000  -22.5000    7.5000 2852.7703   14.0014
    0.0000  -22.5000    7.5000 2908.8674   13.8774
    7.5000  -22.5000    7.5000 2892.5349   13.9479
   -7.5000  -15.0000    7.5000 2925.0103   13.5265
    0.0000  -15.0000    7.5000 3009.1255   13.3796
    7.5000  -15.0000    7.5000 2970.5354   13.5343
   -7.5000   -7.5000    7.5000 2955.5063   13.4245
    0.0000   -7.5000    7.5000 3021.1155   13.1463
    7.5000   -7.5000    7.5000 2986.7700   13.3312
   -7.5000    0.0000    7.5000 2928.2981   13.6432
    0.0000    0.0000    7.5000 2986.7559   13.4350
    7.5000    0.0000    7.5000 2955.5259   13.5338
   -7.5000    7.5000    7.5000 2866.6211   14.1978
    0.0000    7.5000    7.5000 2904.3198   14.0061
    7.5000    7.5000    7.5000 2888.4521   14.1124
   -7.5000   15.0000    7.5000 2771.9431   15.1162
    0.0000   15.0000    7.5000 2798.0193   14.8919
    7.5000   15.0000    7.5000 2790.2275   14.9931
   -7.5000   22.5000    7.5000 2656.8127   16.3907
    0.0000   22.5000    7.5000 2682.2893   16.1356
    7.5000   22.5000    7.5000 2677.1289   16.2424
   -7.5000   30.0000    7.5000 2521.6270   17.9713
    0.0000   30.0000    7.5000 2552.6707   17.7433
    7.5000   30.0000    7.5000 2545.2568   17.8410
   -7.5000   37.5000    7.5000 2375.6213   19.8980
    0.0000   37.5000    7.5000 2405.9253   19.6928
    7.5000   37.5000    7.5000 2401.9167   19.7602
   -7.5000   45.0000    7.5000 2211.8594   22.3625
    0.0000   45.0000    7.5000 2234.4133   22.1703
    7.5000   45.0000    7.5000 2229.1060   22.2037
   -7.5000  -45.0000   15.0000 2489.4331   17.8087
    0.0000  -45.0000   15.0000 2511.1523   17.3883
    7.5000  -45.0000   15.0000 2504.2485   17.6386
   -7.5000  -37.5000   15.0000 2612.1357   16.2644
    0.0000  -37.5000   15.0000 2637.1919   15.9108
    7.5000  -37.5000   15.0000 2629.7473   16.1179
   -7.5000  -30.0000   15.0000 2725.7317   15.1248
    0.0000  -30.0000   15.0000 2754.7617   14.8483
    7.5000  -30.0000   15.0000 2749.7100   15.0052
   -7.5000  -22.5000   15.0000 2827.2136   14.3306
    0.0000  -22.5000   15.0000 2872.5657   14.1391
    7.5000  -22.5000   15.0000 2860.3079   14.2612
   -7.5000  -15.0000   15.0000 2889.5073   13.8132
    0.0000  -15.0000   15.0000 2948.4573   13.5286
    7.5000  -15.0000   15.0000 2921.4055   13.7079
   -7.5000   -7.5000   15.0000 2917.1248   13.6710
    0.0000   -7.5000   15.0000 2972.7258   13.3888
    7.5000   -7.5000   15.0000 2945.1741   13.5460
   -7.5000    0.0000   15.0000 2892.6108   13.9719
    0.0000    0.0000   15.0000 2957.9534   13.7812
    7.5000    0.0000   15.0000 2927.2539   13.8806
   -7.5000    7.5000   15.0000 2826.3467   14.6204
    0.0000    7.5000   15.0000 2868.3074   14.4487
    7.5000    7.5000   15.0000 2851.4863   14.5449
   -7.5000   15.0000   15.0000 2731.6663   15.5159
    0.0000   15.0000   15.0000 2755.9087   15.3350
    7.5000   15.0000   15.0000 2748.6592   15.4269
   -7.5000   22.5000   15.0000 2620.1863   16.7140
    0.0000   22.5000   15.0000 2645.8572   16.5049
    7.5000   22.5000   15.0000 2639.0420   16.5924
   -7.5000   30.0000   15.0000 2487.1072   18.2152
    0.0000   30.0000   15.0000 2518.3794   18.0079
    7.5000   30.0000   15.0000 2508.8547   18.0792
   -7.5000   37.5000   15.0000 2348.9768   20.1086
    0.0000   37.5000   15.0000 2372.7827   19.9298
    7.5000   37.5000   15.0000 2367.2810   19.9482
   -7.5000   45.0000   15.0000 2184.0029   22.5860
    0.0000   45.0000   15.0000 2204.4983   22.3680
    7.5000   45.0000   15.0000 2196.7812   22.3904
   -7.5000  -45.0000   22.5000 2461.6887   18.4147
    0.0000  -45.0000   22.5000 2482.7593   17.9605
    7.5000  -45.0000   22.5000 2473.2664   18.2695
   -7.5000  -37.5000   22.5000 2582.6445   16.8761
    0.0000  -37.5000   22.5000 2604.7034   16.4651
    7.5000  -37.5000   22.5000 2602.4165   16.7263
   -7.5000  -30.0000   22.5000 2692.2996   15.7507
    0.0000  -30.0000   22.5000 2717.9006   15.3741
    7.5000  -30.0000   22.5000 2714.2014   15.5791
   -7.5000  -22.5000   22.5000 2782.1257   14.9285
    0.0000  -22.5000   22.5000 2818.3770   14.5698
    7.5000  -22.5000   22.5000 2810.4666   14.7580
   -7.5000  -15.0000   22.5000 2829.7388   14.3378
    0.0000  -15.0000   22.5000 2868.4604   13.9649
    7.5000  -15.0000   22.5000 2852.4792   14.1531
   -7.5000   -7.5000   22.5000 2849.6243   14.1648
    0.0000   -7.5000   22.5000 2891.4988   13.9229
    7.5000   -7.5000   22.5000 2878.9714   14.0881
   -7.5000    0.0000   22.5000 2830.5266   14.4584
    0.0000    0.0000   22.5000 2887.8508   14.2531
    7.5000    0.0000   22.5000 2869.5349   14.3931
   -7.5000    7.5000   22.5000 2768.9824   15.1518
    0.0000    7.5000   22.5000 2811.0020   14.9395
    7.5000    7.5000   22.5000 2796.4070   15.0654
   -7.5000   15.0000   22.5000 2675.3860   16.1025
    0.0000   15.0000   22.5000 2704.6152   15.8662
    7.5000   15.0000   22.5000 2697.1116   15.9790
   -7.5000   22.5000   22.5000 2561.9746   17.3276
    0.0000   22.5000   22.5000 2593.3418   17.0985
    7.5000   22.5000   22.5000 2584.3992   17.2040
   -7.5000   30.0000   22.5000 2438.5713   18.8493
    0.0000   30.0000   22.5000 2464.6658   18.6132
    7.5000   30.0000   22.5000 2460.5566   18.6883
   -7.5000   37.5000   22.5000 2301.3892   20.7180
    0.0000   37.5000   22.5000 2319.6548   20.4471
    7.5000   37.5000   22.5000 2316.9468   20.5155
   -7.5000   45.0000   22.5000 2137.7319   23.1245
    0.0000   45.0000   22.5000 2162.4412   22.8406
    7.5000   45.0000   22.5000 2155.7581   22.8664
   -7.5000  -45.0000   30.0000 2427.8887   19.2686
    0.0000  -45.0000   30.0000 2453.1555   18.7196
    7.5000  -45.0000   30.0000 2442.9058   19.0703
   -7.5000  -37.5000   30.0000 2541.5002   17.6937
    0.0000  -37.5000   30.0000 2569.0801   17.2314
    7.5000  -37.5000   30.0000 2561.8999   17.5111
   -7.5000  -30.0000   30.0000 2638.5107   16.5093
    0.0000  -30.0000   30.0000 2668.7290   16.0858
    7.5000  -30.0000   30.0000 2663.2256   16.3124
   -7.5000  -22.5000   30.0000 2709.7139   15.6612
    0.0000  -22.5000   30.0000 2743.3669   15.2040
    7.5000  -22.5000   30.0000 2733.5906   15.4317
   -7.5000  -15.0000   30.0000 2750.4204   15.0458
    0.0000  -15.0000   30.0000 2782.6086   14.6795
    7.5000  -15.0000   30.0000 2773.0237   14.8925
   -7.5000   -7.5000   30.0000 2765.4119   14.9190
    0.0000   -7.5000   30.0000 2799.5234   14.6266
    7.5000   -7.5000   30.0000 2789.8467   14.8174
   -7.5000    0.0000   30.0000 2741.2637   15.1682
    0.0000    0.0000   30.0000 2787.6206   14.9347
    7.5000    0.0000   30.0000 2773.9612   15.0721
   -7.5000    7.5000   30.0000 2682.2119   15.8536
    0.0000    7.5000   30.0000 2725.5654   15.6144
    7.5000    7.5000   30.0000 2714.2266   15.7334
   -7.5000   15.0000   30.0000 2602.2041   16.8148
    0.0000   15.0000   30.0000 2632.1179   16.5337
    7.5000   15.0000   30.0000 2624.6721   16.6651
   -7.5000   22.5000   30.0000 2497.3523   18.0481
    0.0000   22.5000   30.0000 2527.0012   17.7973
    7.5000   22.5000   30.0000 2520.7991   17.9166
   -7.5000   30.0000   30.0000 2377.8469   19.6352
    0.0000   30.0000   30.0000 2402.7048   19.4108
    7.5000   30.0000   30.0000 2399.9778   19.4683
   -7.5000   37.5000   30.0000 2240.6272   21.5076
    0.0000   37.5000   30.0000 2258.3477   21.3139
    7.5000   37.5000   30.0000 2252.0417   21.3733
   -7.5000   45.0000   30.0000 2085.7803   23.9007
    0.0000   45.0000   30.0000 2106.5295   23.6695
    7.5000   45.0000   30.0000 2096.9565   23.7184
   -7.5000  -45.0000   37.5000 2380.2244   20.2790
    0.0000  -45.0000   37.5000 2411.8313   19.7738
    7.5000  -45.0000   37.5000 2393.6038   20.0405
   -7.5000  -37.5000   37.5000 2480.8008   18.6875
    0.0000  -37.5000   37.5000 2515.3311   18.2084
    7.5000  -37.5000   37.5000 2499.2676   18.4484
   -7.5000  -30.0000   37.5000 2567.2258   17.4834
    0.0000  -30.0000   37.5000 2603.0464   16.9948
    7.5000  -30.0000   37.5000 2590.2878   17.2288
   -7.5000  -22.5000   37.5000 2630.1536   16.5781
    0.0000  -22.5000   37.5000 2663.3809   16.1419
    7.5000  -22.5000   37.5000 2650.6133   16.3272
   -7.5000  -15.0000   37.5000 2666.9905   15.9871
    0.0000  -15.0000   37.5000 2694.6067   15.6378
    7.5000  -15.0000   37.5000 2685.9919   15.8029
   -7.5000   -7.5000   37.5000 2672.0671   15.8630
    0.0000   -7.5000   37.5000 2701.0918   15.5634
    7.5000   -7.5000   37.5000 2693.0867   15.7161
   -7.5000    0.0000   37.5000 2642.0120   16.1026
    0.0000    0.0000   37.5000 2683.5703   15.8426
    7.5000    0.0000   37.5000 2673.2334   15.9772
   -7.5000    7.5000   37.5000 2591.0388   16.7393
    0.0000    7.5000   37.5000 2634.5352   16.4857
    7.5000    7.5000   37.5000 2619.9878   16.5918
   -7.5000   15.0000   37.5000 2518.3984   17.6558
    0.0000   15.0000   37.5000 2552.7056   17.4090
    7.5000   15.0000   37.5000 2540.0547   17.5097
   -7.5000   22.5000   37.5000 2426.1296   18.9056
    0.0000   22.5000   37.5000 2452.2593   18.7057
    7.5000   22.5000   37.5000 2445.3652   18.7725
   -7.5000   30.0000   37.5000 2307.6892   20.6315
    0.0000   30.0000   37.5000 2332.3000   20.4385
    7.5000   30.0000   37.5000 2327.3525   20.5026
   -7.5000   37.5000   37.5000 2169.3521   22.6338
    0.0000   37.5000   37.5000 2188.2310   22.4178
    7.5000   37.5000   37.5000 2182.7793   22.4449
   -7.5000   45.0000   37.5000 2027.8868   25.0437
    0.0000   45.0000   37.5000 2044.2186   24.8039
    7.5000   45.0000   37.5000 2038.9437   24.8497
   -7.5000  -45.0000   45.0000 2313.1174   21.5541
    0.0000  -45.0000   45.0000 2349.3362   21.1107
    7.5000  -45.0000   45.0000 2327.1060   21.2684
   -7.5000  -37.5000   45.0000 2406.5935   19.8874
    0.0000  -37.5000   45.0000 2441.5444   19.4294
    7.5000  -37.5000   45.0000 2427.2837   19.6113
   -7.5000  -30.0000   45.0000 2485.3242   18.6178
    0.0000  -30.0000   45.0000 2521.9355   18.1966
    7.5000  -30.0000   45.0000 2507.3579   18.3258
   -7.5000  -22.5000   45.0000 2540.6921   17.6950
    0.0000  -22.5000   45.0000 2574.3757   17.3303
    7.5000  -22.5000   45.0000 2563.9861   17.4671
   -7.5000  -15.0000   45.0000 2568.2510   17.1388
    0.0000  -15.0000   45.0000 2593.1660   16.8344
    7.5000  -15.0000   45.0000 2590.5007   16.9648
   -7.5000   -7.5000   45.0000 2567.2100   17.0183
    0.0000   -7.5000   45.0000 2593.7495   16.7553
    7.5000   -7.5000   45.0000 2591.4851   16.8744
   -7.5000    0.0000   45.0000 2544.3201   17.2234
    0.0000    0.0000   45.0000 2570.7146   16.9745
    7.5000    0.0000   45.0000 2565.3420   17.0867
   -7.5000    7.5000   45.0000 2501.4641   17.8084
    0.0000    7.5000   45.0000 2543.3804   17.5547
    7.5000    7.5000   45.0000 2529.3774   17.6272
   -7.5000   15.0000   45.0000 2428.1421   18.7675
    0.0000   15.0000   45.0000 2463.0520   18.5023
    7.5000   15.0000   45.0000 2455.3660   18.5781
   -7.5000   22.5000   45.0000 2340.4910   20.0989
    0.0000   22.5000   45.0000 2364.0996   19.8326
    7.5000   22.5000   45.0000 2358.8337   19.8816
   -7.5000   30.0000   45.0000 2223.6777   21.8435
    0.0000   30.0000   45.0000 2244.5608   21.6454
    7.5000   30.0000   45.0000 2242.0249   21.6810
   -7.5000   37.5000   45.0000 2094.6572   24.0498
    0.0000   37.5000   45.0000 2114.8923   23.7910
    7.5000   37.5000   45.0000 2113.4919   23.7826
   -7.5000   45.0000   45.0000 1964.5741   26.6129
    0.0000   45.0000   45.0000 1975.3165   26.2739
    7.5000   45.0000   45.0000 1974.6508   26.2985

---------------------------------------------------------------------
imgreg_4dfp /opt/freesurfer/average/711-2C_as_mni_average_305 /opt/freesurfer/average/711-2B_as_mni_average_305_mask talsrcimg_g11 none talsrcimg_to_711-2C_as_mni_average_305_t4 1283
---------------------------------------------------------------------

freesurfer imgreg_4dfp.c
/opt/freesurfer/average/711-2C_as_mni_average_305.4dfp.img
       256       256       256         1
  1.000000  1.000000  1.000000
orientation T byte_order littleendian
Reading image: /opt/freesurfer/average/711-2C_as_mni_average_305.4dfp.img
dimensions:      256       256       256
mmppix:       1.0000   -1.0000   -1.0000
center:     128.0000 -129.0000 -129.0000
/opt/freesurfer/average/711-2B_as_mni_average_305_mask.4dfp.img
       256       256       256         1
  1.000000  1.000000  1.000000
orientation T byte_order littleendian
Reading mask: /opt/freesurfer/average/711-2B_as_mni_average_305_mask.4dfp.img (2306576 pixels)
talsrcimg_g11.4dfp.img
       256       256       256         1
  1.000000  1.000000  1.000000
orientation T byte_order littleendian
Reading image: talsrcimg_g11.4dfp.img
dimensions:      256       256       256
mmppix:       1.0000   -1.0000   -1.0000
center:     128.0000 -129.0000 -129.0000
rotation matrix determinant  1.000000
fimgreg.f
image alignment mode   1283 decimal      503 hex
parameters
    0.0000   -7.5000    0.0000    0.0000    0.0000    0.0000
eta,q 0.95131 13.06616
niter,ni,del,rscale     5    3   12.0000    1.2000
parameter  2  0.570019 ->  0.500000 qaram    1.1500
parameter  4  3.520632 ->  0.500000 qaram    1.1500
parameters
    1.6647  -10.9500    2.8293   -3.4500    0.2701   -1.5897
eta,q 0.96110 13.30745
  0.0684  0.0481  0.0601  0.0399  0.0505  0.0431
  0.0605  0.0463  0.0558  0.0391  0.0450  0.0405
  0.0537  0.0474  0.0508  0.0412  0.0411  0.0390
  0.0507  0.0491  0.0466  0.0448  0.0394  0.0395
  0.0493  0.0503  0.0448  0.0477  0.0415  0.0422
  0.0506  0.0537  0.0458  0.0501  0.0446  0.0455
  0.0561  0.0583  0.0479  0.0511  0.0480  0.0491
niter,ni,del,rscale     6    3   12.0000    1.2000
parameter  4  0.505890 ->  0.500000 qaram    1.3225
parameters
    1.6311   -8.7527    2.9775   -7.4175    0.3445   -1.4108
eta,q 0.96192 13.30204
  0.0575  0.0642  0.0481  0.0395  0.0490  0.0444
  0.0507  0.0539  0.0434  0.0382  0.0437  0.0417
  0.0433  0.0456  0.0402  0.0384  0.0397  0.0395
  0.0389  0.0389  0.0392  0.0392  0.0381  0.0381
  0.0411  0.0393  0.0402  0.0420  0.0393  0.0387
  0.0494  0.0412  0.0425  0.0483  0.0433  0.0410
  0.0597  0.0455  0.0473  0.0527  0.0486  0.0441
niter,ni,del,rscale     6    3   12.0000    1.2000
parameters
    1.6642   -7.9438    2.3059   -6.9571    0.2591   -1.1955
eta,q 0.96209 13.24802
  0.0593  0.0563  0.0459  0.0494  0.0473  0.0438
  0.0499  0.0457  0.0412  0.0427  0.0424  0.0414
  0.0413  0.0408  0.0385  0.0388  0.0393  0.0392
  0.0381  0.0381  0.0380  0.0379  0.0379  0.0379
  0.0414  0.0390  0.0400  0.0390  0.0390  0.0385
  0.0494  0.0427  0.0444  0.0410  0.0429  0.0404
  0.0589  0.0486  0.0501  0.0468  0.0480  0.0434
niter,ni,del,rscale     5    3   12.0000    1.2000
parameters
    1.7150   -7.9578    2.3589   -6.9334    0.2348   -1.2143
eta,q 0.96207 13.25063
  0.0581  0.0513  0.0479  0.0483  0.0475  0.0435
  0.0484  0.0427  0.0429  0.0419  0.0426  0.0412
  0.0404  0.0392  0.0393  0.0386  0.0393  0.0390
  0.0379  0.0379  0.0379  0.0379  0.0379  0.0379
  0.0412  0.0400  0.0390  0.0393  0.0389  0.0387
  0.0483  0.0443  0.0426  0.0415  0.0427  0.0408
  0.0569  0.0501  0.0477  0.0482  0.0479  0.0440
registration optimization eta report
parameter search radius
    6.0000    6.9000    6.0000    7.9350    6.0000    6.0000
100000*second partial in parameter space
       53.       26.       27.       17.       27.       16.
  0.0581  0.0513  0.0479  0.0483  0.0475  0.0435
  0.0484  0.0427  0.0429  0.0419  0.0426  0.0412
  0.0404  0.0392  0.0393  0.0386  0.0393  0.0390
  0.0379  0.0379  0.0379  0.0379  0.0379  0.0379
  0.0412  0.0400  0.0390  0.0393  0.0389  0.0387
  0.0483  0.0443  0.0426  0.0415  0.0427  0.0408
  0.0569  0.0501  0.0477  0.0482  0.0479  0.0440
    1.7150   -7.9578    2.3589   -6.9334    0.2348   -1.2143
eta,q 0.96207 13.25063

---------------------------------------------------------------------
imgreg_4dfp /opt/freesurfer/average/711-2C_as_mni_average_305 /opt/freesurfer/average/711-2B_as_mni_average_305_mask talsrcimg_g11 none talsrcimg_to_711-2C_as_mni_average_305_t4 3335
---------------------------------------------------------------------

freesurfer imgreg_4dfp.c
/opt/freesurfer/average/711-2C_as_mni_average_305.4dfp.img
       256       256       256         1
  1.000000  1.000000  1.000000
orientation T byte_order littleendian
Reading image: /opt/freesurfer/average/711-2C_as_mni_average_305.4dfp.img
dimensions:      256       256       256
mmppix:       1.0000   -1.0000   -1.0000
center:     128.0000 -129.0000 -129.0000
/opt/freesurfer/average/711-2B_as_mni_average_305_mask.4dfp.img
       256       256       256         1
  1.000000  1.000000  1.000000
orientation T byte_order littleendian
Reading mask: /opt/freesurfer/average/711-2B_as_mni_average_305_mask.4dfp.img (2306576 pixels)
talsrcimg_g11.4dfp.img
       256       256       256         1
  1.000000  1.000000  1.000000
orientation T byte_order littleendian
Reading image: talsrcimg_g11.4dfp.img
dimensions:      256       256       256
mmppix:       1.0000   -1.0000   -1.0000
center:     128.0000 -129.0000 -129.0000
fimgreg.f
image alignment mode   3335 decimal      D07 hex
parameters
    1.7150   -7.9578    2.3589   -0.0233   -0.7546   -0.7321
    2.1532   -0.1510   -2.1193   12.0774    0.4099  -12.0714
eta,q 0.96257 13.34165
niter,ni,del,rscale     5    3    5.0000    1.2000
parameter  4  1.112692 ->  0.500000 qaram    1.1500
parameter  5  2.811810 ->  0.500000 qaram    1.1500
parameter 12  0.627321 ->  0.500000 qaram    1.1500
parameters
    1.5909   -8.0084    2.1381   -4.1633   -4.8946   -3.5512
    2.3388    0.0755   -2.2097    8.8756    1.7832  -16.2114
eta,q 0.97498 13.05158
  0.0408  0.0395  0.0390  0.0331  0.0241  0.0275  0.0303  0.0320  0.0295  0.0269  0.0272  0.0254
  0.0389  0.0383  0.0381  0.0333  0.0260  0.0269  0.0283  0.0291  0.0279  0.0259  0.0265  0.0250
  0.0377  0.0376  0.0375  0.0347  0.0292  0.0264  0.0269  0.0271  0.0268  0.0257  0.0260  0.0251
  0.0374  0.0374  0.0374  0.0374  0.0336  0.0267  0.0264  0.0264  0.0264  0.0264  0.0257  0.0256
  0.0380  0.0377  0.0378  0.0410  0.0383  0.0283  0.0268  0.0269  0.0268  0.0282  0.0257  0.0264
  0.0394  0.0384  0.0386  0.0451  0.0428  0.0312  0.0280  0.0286  0.0280  0.0312  0.0259  0.0274
  0.0416  0.0396  0.0398  0.0493  0.0472  0.0351  0.0299  0.0314  0.0297  0.0350  0.0264  0.0286
niter,ni,del,rscale     7    3    5.0000    1.2000
parameter  5  0.777622 ->  0.500000 qaram    1.3225
parameters
    1.4790   -7.3398    2.8017   -6.4498   -9.6556   -2.4002
    2.4401   -0.3660   -2.7438    8.9260    0.7831  -17.9813
eta,q 0.97881 12.81753
  0.0289  0.0303  0.0273  0.0269  0.0219  0.0243  0.0247  0.0256  0.0238  0.0256  0.0223  0.0224
  0.0266  0.0278  0.0261  0.0255  0.0216  0.0232  0.0230  0.0232  0.0224  0.0232  0.0217  0.0215
  0.0253  0.0260  0.0253  0.0246  0.0222  0.0222  0.0219  0.0217  0.0215  0.0219  0.0214  0.0212
  0.0250  0.0250  0.0248  0.0246  0.0245  0.0217  0.0214  0.0214  0.0214  0.0214  0.0214  0.0213
  0.0257  0.0248  0.0246  0.0261  0.0283  0.0213  0.0217  0.0222  0.0218  0.0217  0.0216  0.0219
  0.0273  0.0253  0.0249  0.0292  0.0330  0.0218  0.0228  0.0240  0.0229  0.0232  0.0222  0.0227
  0.0296  0.0265  0.0255  0.0336  0.0380  0.0233  0.0246  0.0267  0.0246  0.0255  0.0229  0.0236
niter,ni,del,rscale     7    3    5.0000    1.2000
parameters
    1.6535   -6.9347    2.8144   -5.7482  -12.2539   -2.6705
    2.3348   -0.3994   -2.8268    9.1116    0.7367  -18.8179
eta,q 0.97902 12.70499
  0.0258  0.0256  0.0229  0.0258  0.0238  0.0233  0.0238  0.0258  0.0236  0.0251  0.0222  0.0223
  0.0235  0.0235  0.0218  0.0238  0.0221  0.0221  0.0223  0.0232  0.0221  0.0229  0.0216  0.0214
  0.0219  0.0220  0.0212  0.0222  0.0211  0.0214  0.0213  0.0215  0.0213  0.0215  0.0212  0.0210
  0.0212  0.0212  0.0210  0.0210  0.0209  0.0210  0.0210  0.0210  0.0210  0.0210  0.0210  0.0210
  0.0214  0.0211  0.0213  0.0209  0.0227  0.0210  0.0213  0.0217  0.0213  0.0215  0.0212  0.0213
  0.0226  0.0219  0.0219  0.0222  0.0267  0.0220  0.0224  0.0233  0.0223  0.0228  0.0216  0.0220
  0.0247  0.0235  0.0228  0.0250  0.0320  0.0241  0.0240  0.0258  0.0237  0.0246  0.0223  0.0228
niter,ni,del,rscale     6    3    5.0000    1.2000
parameters
    1.6189   -6.9576    2.7728   -5.1991  -12.7944   -2.7023
    2.3299   -0.3761   -2.8635    9.2157    0.8339  -18.8778
eta,q 0.97902 12.70084
  0.0247  0.0239  0.0225  0.0253  0.0254  0.0234  0.0239  0.0259  0.0236  0.0250  0.0223  0.0226
  0.0227  0.0223  0.0216  0.0235  0.0234  0.0222  0.0223  0.0232  0.0221  0.0228  0.0216  0.0216
  0.0214  0.0213  0.0211  0.0220  0.0218  0.0214  0.0213  0.0215  0.0213  0.0214  0.0212  0.0211
  0.0210  0.0210  0.0210  0.0210  0.0209  0.0210  0.0210  0.0210  0.0210  0.0210  0.0210  0.0210
  0.0215  0.0214  0.0212  0.0209  0.0210  0.0209  0.0213  0.0216  0.0213  0.0215  0.0211  0.0212
  0.0228  0.0224  0.0217  0.0221  0.0233  0.0218  0.0223  0.0232  0.0222  0.0228  0.0215  0.0217
  0.0250  0.0240  0.0226  0.0249  0.0277  0.0238  0.0239  0.0257  0.0236  0.0246  0.0222  0.0225
niter,ni,del,rscale     5    3    5.0000    1.2000
parameters
    1.5855   -6.9904    2.7563   -5.1086  -12.8273   -2.6865
    2.3566   -0.3720   -2.8830    9.2298    0.8733  -18.8594
eta,q 0.97903 12.70425
  0.0247  0.0239  0.0225  0.0250  0.0258  0.0234  0.0239  0.0258  0.0236  0.0249  0.0222  0.0226
  0.0227  0.0222  0.0216  0.0233  0.0237  0.0222  0.0223  0.0232  0.0221  0.0227  0.0216  0.0216
  0.0214  0.0213  0.0211  0.0219  0.0220  0.0214  0.0213  0.0215  0.0212  0.0214  0.0211  0.0211
  0.0210  0.0210  0.0210  0.0210  0.0210  0.0210  0.0210  0.0210  0.0210  0.0210  0.0210  0.0210
  0.0215  0.0214  0.0212  0.0211  0.0208  0.0209  0.0213  0.0216  0.0213  0.0215  0.0211  0.0212
  0.0228  0.0224  0.0217  0.0225  0.0228  0.0218  0.0223  0.0232  0.0222  0.0228  0.0215  0.0217
  0.0250  0.0239  0.0225  0.0255  0.0269  0.0238  0.0239  0.0257  0.0236  0.0247  0.0222  0.0225
niter,ni,del,rscale     4    3    5.0000    1.2000
parameters
    1.5796   -6.9952    2.7510   -5.1012  -12.8291   -2.6888
    2.3661   -0.3760   -2.8911    9.2304    0.8888  -18.8615
eta,q 0.97903 12.70451
  0.0248  0.0239  0.0226  0.0249  0.0258  0.0234  0.0239  0.0258  0.0236  0.0249  0.0222  0.0226
  0.0227  0.0223  0.0216  0.0233  0.0237  0.0222  0.0223  0.0232  0.0221  0.0227  0.0216  0.0216
  0.0214  0.0213  0.0211  0.0219  0.0220  0.0214  0.0213  0.0215  0.0213  0.0214  0.0211  0.0211
  0.0210  0.0210  0.0210  0.0210  0.0210  0.0210  0.0210  0.0210  0.0210  0.0210  0.0210  0.0210
  0.0214  0.0213  0.0212  0.0211  0.0208  0.0209  0.0213  0.0216  0.0213  0.0215  0.0211  0.0212
  0.0227  0.0224  0.0217  0.0226  0.0227  0.0218  0.0223  0.0232  0.0222  0.0228  0.0215  0.0217
  0.0249  0.0239  0.0225  0.0256  0.0268  0.0238  0.0239  0.0257  0.0236  0.0247  0.0222  0.0225
registration optimization eta report
parameter search radius
    2.4000    2.4000    2.4000    8.2800    9.5220    7.2000
    7.2000    7.2000    7.2000    7.2000    7.2000    8.2800
100000*second partial in parameter space
       67.       51.       27.        6.        6.        5.
        6.        9.        5.        7.        2.        2.
  0.0248  0.0239  0.0226  0.0249  0.0258  0.0234  0.0239  0.0258  0.0236  0.0249  0.0222  0.0226
  0.0227  0.0223  0.0216  0.0233  0.0237  0.0222  0.0223  0.0232  0.0221  0.0227  0.0216  0.0216
  0.0214  0.0213  0.0211  0.0219  0.0220  0.0214  0.0213  0.0215  0.0213  0.0214  0.0211  0.0211
  0.0210  0.0210  0.0210  0.0210  0.0210  0.0210  0.0210  0.0210  0.0210  0.0210  0.0210  0.0210
  0.0214  0.0213  0.0212  0.0211  0.0208  0.0209  0.0213  0.0216  0.0213  0.0215  0.0211  0.0212
  0.0227  0.0224  0.0217  0.0226  0.0227  0.0218  0.0223  0.0232  0.0222  0.0228  0.0215  0.0217
  0.0249  0.0239  0.0225  0.0256  0.0268  0.0238  0.0239  0.0257  0.0236  0.0247  0.0222  0.0225
    1.5796   -6.9952    2.7510   -5.1012  -12.8291   -2.6888
    2.3661   -0.3760   -2.8911    9.2304    0.8888  -18.8615
eta,q 0.97903 12.70451

---------------------------------------------------------------------
imgreg_4dfp /opt/freesurfer/average/711-2C_as_mni_average_305 /opt/freesurfer/average/711-2B_as_mni_average_305_mask talsrcimg_g11 none talsrcimg_to_711-2C_as_mni_average_305_t4 2311
---------------------------------------------------------------------

freesurfer imgreg_4dfp.c
/opt/freesurfer/average/711-2C_as_mni_average_305.4dfp.img
       256       256       256         1
  1.000000  1.000000  1.000000
orientation T byte_order littleendian
Reading image: /opt/freesurfer/average/711-2C_as_mni_average_305.4dfp.img
dimensions:      256       256       256
mmppix:       1.0000   -1.0000   -1.0000
center:     128.0000 -129.0000 -129.0000
/opt/freesurfer/average/711-2B_as_mni_average_305_mask.4dfp.img
       256       256       256         1
  1.000000  1.000000  1.000000
orientation T byte_order littleendian
Reading mask: /opt/freesurfer/average/711-2B_as_mni_average_305_mask.4dfp.img (2306576 pixels)
talsrcimg_g11.4dfp.img
       256       256       256         1
  1.000000  1.000000  1.000000
orientation T byte_order littleendian
Reading image: talsrcimg_g11.4dfp.img
dimensions:      256       256       256
mmppix:       1.0000   -1.0000   -1.0000
center:     128.0000 -129.0000 -129.0000
fimgreg.f
image alignment mode   2311 decimal      907 hex
parameters
    1.5796   -6.9952    2.7510   -5.1013  -12.8291   -2.6888
    2.3661   -0.3760   -2.8911    9.2304    0.8888  -18.8615
eta,q 0.97903 12.70451
niter,ni,del,rscale     5    3    5.0000    0.8000
parameters
    1.5830   -7.0272    2.7080   -4.2742  -11.5720   -2.1969
    2.2994   -0.2540   -2.8806    9.3571    1.0257  -18.6665
eta,q 0.97938 12.82002
  0.0227  0.0223  0.0216  0.0229  0.0227  0.0219  0.0222  0.0231  0.0220  0.0227  0.0213  0.0213
  0.0218  0.0215  0.0212  0.0221  0.0219  0.0214  0.0213  0.0217  0.0212  0.0216  0.0209  0.0209
  0.0212  0.0211  0.0210  0.0214  0.0213  0.0210  0.0208  0.0209  0.0208  0.0209  0.0207  0.0207
  0.0210  0.0210  0.0210  0.0210  0.0209  0.0207  0.0206  0.0206  0.0206  0.0206  0.0206  0.0206
  0.0211  0.0211  0.0211  0.0209  0.0207  0.0206  0.0208  0.0209  0.0208  0.0208  0.0207  0.0207
  0.0218  0.0216  0.0213  0.0212  0.0208  0.0209  0.0214  0.0216  0.0212  0.0215  0.0209  0.0208
  0.0227  0.0223  0.0217  0.0220  0.0215  0.0216  0.0222  0.0229  0.0220  0.0225  0.0212  0.0212
niter,ni,del,rscale     4    3    5.0000    0.7000
parameters
    1.5291   -7.0050    2.5699   -4.3617  -11.5600   -2.0248
    2.3837   -0.2529   -2.8994    9.3822    1.0920  -18.7431
eta,q 0.97942 12.82480
  0.0220  0.0218  0.0211  0.0219  0.0217  0.0215  0.0218  0.0224  0.0216  0.0221  0.0211  0.0211
  0.0212  0.0211  0.0208  0.0213  0.0212  0.0212  0.0212  0.0214  0.0211  0.0213  0.0208  0.0208
  0.0207  0.0208  0.0206  0.0208  0.0208  0.0209  0.0207  0.0208  0.0207  0.0208  0.0206  0.0206
  0.0206  0.0206  0.0206  0.0206  0.0206  0.0206  0.0206  0.0206  0.0206  0.0206  0.0206  0.0206
  0.0208  0.0207  0.0207  0.0207  0.0206  0.0206  0.0207  0.0208  0.0207  0.0208  0.0206  0.0206
  0.0213  0.0211  0.0210  0.0212  0.0210  0.0209  0.0211  0.0214  0.0211  0.0213  0.0208  0.0208
  0.0222  0.0217  0.0213  0.0221  0.0219  0.0216  0.0217  0.0224  0.0217  0.0221  0.0211  0.0211
niter,ni,del,rscale     3    3    5.0000    0.6000
parameters
    1.5208   -7.0059    2.5554   -4.2991  -11.4555   -1.8958
    2.3855   -0.2489   -2.8910    9.4130    1.1167  -18.7197
eta,q 0.97944 12.83735
  0.0216  0.0214  0.0211  0.0216  0.0215  0.0213  0.0215  0.0219  0.0214  0.0217  0.0209  0.0209
  0.0210  0.0210  0.0208  0.0211  0.0211  0.0210  0.0210  0.0212  0.0209  0.0211  0.0207  0.0207
  0.0207  0.0207  0.0206  0.0207  0.0208  0.0208  0.0207  0.0207  0.0206  0.0207  0.0206  0.0206
  0.0206  0.0206  0.0206  0.0206  0.0206  0.0206  0.0206  0.0206  0.0206  0.0206  0.0206  0.0206
  0.0207  0.0207  0.0206  0.0207  0.0206  0.0206  0.0207  0.0207  0.0207  0.0207  0.0206  0.0206
  0.0211  0.0210  0.0208  0.0210  0.0209  0.0208  0.0210  0.0212  0.0209  0.0211  0.0207  0.0207
  0.0217  0.0214  0.0211  0.0216  0.0215  0.0213  0.0215  0.0219  0.0214  0.0217  0.0209  0.0209
niter,ni,del,rscale     2    3    5.0000    0.5000
parameters
    1.5129   -7.0072    2.5441   -4.2452  -11.3306   -1.7580
    2.3874   -0.2313   -2.8871    9.4394    1.1190  -18.6842
eta,q 0.97946 12.85034
  0.0213  0.0212  0.0209  0.0213  0.0212  0.0211  0.0212  0.0215  0.0211  0.0214  0.0208  0.0208
  0.0209  0.0208  0.0207  0.0209  0.0209  0.0209  0.0208  0.0210  0.0208  0.0209  0.0206  0.0207
  0.0206  0.0206  0.0206  0.0207  0.0207  0.0207  0.0206  0.0206  0.0206  0.0206  0.0206  0.0206
  0.0206  0.0206  0.0206  0.0206  0.0206  0.0206  0.0205  0.0205  0.0205  0.0205  0.0205  0.0205
  0.0206  0.0206  0.0206  0.0206  0.0206  0.0206  0.0206  0.0206  0.0206  0.0206  0.0206  0.0206
  0.0209  0.0208  0.0207  0.0209  0.0208  0.0208  0.0208  0.0209  0.0208  0.0209  0.0206  0.0206
  0.0213  0.0212  0.0209  0.0213  0.0212  0.0211  0.0212  0.0215  0.0211  0.0213  0.0208  0.0208
niter,ni,del,rscale     1    3    5.0000    0.4000
parameters
    1.5036   -7.0084    2.5436   -4.2193  -11.2195   -1.6210
    2.3934   -0.2179   -2.8823    9.4630    1.1088  -18.6681
eta,q 0.97948 12.86142
  0.0210  0.0209  0.0208  0.0210  0.0210  0.0210  0.0209  0.0211  0.0209  0.0211  0.0207  0.0207
  0.0207  0.0207  0.0206  0.0208  0.0208  0.0208  0.0207  0.0208  0.0207  0.0208  0.0206  0.0206
  0.0206  0.0206  0.0205  0.0206  0.0206  0.0206  0.0206  0.0206  0.0206  0.0206  0.0205  0.0205
  0.0205  0.0205  0.0205  0.0205  0.0205  0.0205  0.0205  0.0205  0.0205  0.0205  0.0205  0.0205
  0.0206  0.0206  0.0206  0.0206  0.0205  0.0205  0.0206  0.0206  0.0206  0.0206  0.0205  0.0205
  0.0208  0.0207  0.0206  0.0207  0.0207  0.0207  0.0207  0.0208  0.0207  0.0208  0.0206  0.0206
  0.0210  0.0209  0.0208  0.0210  0.0209  0.0209  0.0209  0.0211  0.0209  0.0210  0.0207  0.0207
registration optimization eta report
parameter search radius
    0.8000    0.8000    0.8000    2.4000    2.4000    2.4000
    2.4000    2.4000    2.4000    2.4000    2.4000    2.4000
100000*second partial in parameter space
       75.       61.       35.        8.        7.        7.
        7.       11.        6.        9.        3.        3.
  0.0210  0.0209  0.0208  0.0210  0.0210  0.0210  0.0209  0.0211  0.0209  0.0211  0.0207  0.0207
  0.0207  0.0207  0.0206  0.0208  0.0208  0.0208  0.0207  0.0208  0.0207  0.0208  0.0206  0.0206
  0.0206  0.0206  0.0205  0.0206  0.0206  0.0206  0.0206  0.0206  0.0206  0.0206  0.0205  0.0205
  0.0205  0.0205  0.0205  0.0205  0.0205  0.0205  0.0205  0.0205  0.0205  0.0205  0.0205  0.0205
  0.0206  0.0206  0.0206  0.0206  0.0205  0.0205  0.0206  0.0206  0.0206  0.0206  0.0205  0.0205
  0.0208  0.0207  0.0206  0.0207  0.0207  0.0207  0.0207  0.0208  0.0207  0.0208  0.0206  0.0206
  0.0210  0.0209  0.0208  0.0210  0.0209  0.0209  0.0209  0.0211  0.0209  0.0210  0.0207  0.0207
    1.5036   -7.0084    2.5436   -4.2193  -11.2195   -1.6210
    2.3934   -0.2179   -2.8823    9.4630    1.1088  -18.6681
eta,q 0.97948 12.86142

---------------------------------------------------------------------
imgreg_4dfp /opt/freesurfer/average/711-2C_as_mni_average_305 /opt/freesurfer/average/711-2B_as_mni_average_305_mask talsrcimg_g11 none talsrcimg_to_711-2C_as_mni_average_305_t4 2311
---------------------------------------------------------------------

freesurfer imgreg_4dfp.c
/opt/freesurfer/average/711-2C_as_mni_average_305.4dfp.img
       256       256       256         1
  1.000000  1.000000  1.000000
orientation T byte_order littleendian
Reading image: /opt/freesurfer/average/711-2C_as_mni_average_305.4dfp.img
dimensions:      256       256       256
mmppix:       1.0000   -1.0000   -1.0000
center:     128.0000 -129.0000 -129.0000
/opt/freesurfer/average/711-2B_as_mni_average_305_mask.4dfp.img
       256       256       256         1
  1.000000  1.000000  1.000000
orientation T byte_order littleendian
Reading mask: /opt/freesurfer/average/711-2B_as_mni_average_305_mask.4dfp.img (2306576 pixels)
talsrcimg_g11.4dfp.img
       256       256       256         1
  1.000000  1.000000  1.000000
orientation T byte_order littleendian
Reading image: talsrcimg_g11.4dfp.img
dimensions:      256       256       256
mmppix:       1.0000   -1.0000   -1.0000
center:     128.0000 -129.0000 -129.0000
fimgreg.f
image alignment mode   2311 decimal      907 hex
parameters
    1.5036   -7.0084    2.5436   -4.2193  -11.2195   -1.6210
    2.3934   -0.2179   -2.8823    9.4630    1.1088  -18.6681
eta,q 0.97948 12.86141
niter,ni,del,rscale     5    3    5.0000    0.8000
parameters
    1.5103   -7.0213    2.5649   -4.5331  -11.6884   -2.1159
    2.4279   -0.2766   -2.9114    9.3571    1.0774  -18.8125
eta,q 0.97938 12.80908
  0.0225  0.0220  0.0215  0.0221  0.0218  0.0216  0.0222  0.0229  0.0220  0.0225  0.0212  0.0212
  0.0214  0.0212  0.0209  0.0213  0.0212  0.0212  0.0213  0.0216  0.0212  0.0214  0.0209  0.0208
  0.0207  0.0207  0.0206  0.0207  0.0207  0.0208  0.0208  0.0209  0.0208  0.0208  0.0207  0.0207
  0.0205  0.0205  0.0205  0.0205  0.0205  0.0206  0.0206  0.0206  0.0206  0.0206  0.0206  0.0206
  0.0207  0.0207  0.0206  0.0207  0.0207  0.0207  0.0208  0.0209  0.0208  0.0209  0.0207  0.0207
  0.0214  0.0212  0.0209  0.0215  0.0214  0.0213  0.0213  0.0217  0.0212  0.0216  0.0209  0.0209
  0.0224  0.0221  0.0214  0.0228  0.0228  0.0224  0.0221  0.0230  0.0220  0.0226  0.0213  0.0213
niter,ni,del,rscale     4    3    5.0000    0.7000
parameters
    1.5312   -6.9983    2.5742   -4.3665  -11.5863   -2.0532
    2.3848   -0.2653   -2.9089    9.3944    1.0891  -18.7729
eta,q 0.97941 12.82257
  0.0221  0.0218  0.0213  0.0220  0.0218  0.0215  0.0218  0.0224  0.0217  0.0221  0.0211  0.0211
  0.0213  0.0211  0.0209  0.0214  0.0212  0.0211  0.0211  0.0214  0.0211  0.0213  0.0208  0.0208
  0.0208  0.0208  0.0207  0.0209  0.0208  0.0209  0.0207  0.0208  0.0207  0.0208  0.0206  0.0206
  0.0206  0.0206  0.0206  0.0206  0.0206  0.0206  0.0206  0.0206  0.0206  0.0206  0.0206  0.0206
  0.0208  0.0207  0.0207  0.0207  0.0206  0.0206  0.0207  0.0208  0.0207  0.0208  0.0206  0.0206
  0.0212  0.0211  0.0209  0.0211  0.0210  0.0210  0.0212  0.0214  0.0211  0.0213  0.0208  0.0208
  0.0220  0.0217  0.0212  0.0219  0.0218  0.0216  0.0218  0.0224  0.0217  0.0221  0.0211  0.0211
niter,ni,del,rscale     3    3    5.0000    0.6000
parameters
    1.5218   -7.0033    2.5533   -4.2907  -11.4582   -1.9001
    2.3837   -0.2460   -2.8915    9.4193    1.1081  -18.7026
eta,q 0.97944 12.83763
  0.0216  0.0214  0.0211  0.0216  0.0215  0.0213  0.0215  0.0219  0.0214  0.0217  0.0209  0.0209
  0.0210  0.0210  0.0208  0.0211  0.0211  0.0210  0.0210  0.0212  0.0209  0.0211  0.0207  0.0207
  0.0207  0.0207  0.0206  0.0208  0.0208  0.0208  0.0207  0.0207  0.0206  0.0207  0.0206  0.0206
  0.0206  0.0206  0.0206  0.0206  0.0206  0.0206  0.0206  0.0206  0.0206  0.0206  0.0206  0.0206
  0.0207  0.0207  0.0206  0.0207  0.0206  0.0206  0.0207  0.0207  0.0206  0.0207  0.0206  0.0206
  0.0211  0.0210  0.0208  0.0210  0.0209  0.0208  0.0210  0.0212  0.0209  0.0211  0.0207  0.0207
  0.0217  0.0214  0.0211  0.0216  0.0215  0.0213  0.0215  0.0219  0.0214  0.0217  0.0209  0.0209
niter,ni,del,rscale     2    3    5.0000    0.5000
parameters
    1.5127   -7.0073    2.5457   -4.2414  -11.3303   -1.7553
    2.3961   -0.2290   -2.8917    9.4367    1.1230  -18.6765
eta,q 0.97946 12.85050
  0.0213  0.0212  0.0209  0.0213  0.0212  0.0211  0.0212  0.0215  0.0211  0.0214  0.0208  0.0208
  0.0209  0.0208  0.0207  0.0209  0.0209  0.0209  0.0208  0.0210  0.0208  0.0209  0.0206  0.0206
  0.0206  0.0206  0.0206  0.0207  0.0207  0.0207  0.0206  0.0206  0.0206  0.0206  0.0206  0.0206
  0.0206  0.0206  0.0206  0.0206  0.0206  0.0205  0.0205  0.0205  0.0205  0.0205  0.0205  0.0205
  0.0206  0.0206  0.0206  0.0206  0.0206  0.0206  0.0206  0.0206  0.0206  0.0206  0.0206  0.0206
  0.0209  0.0208  0.0207  0.0209  0.0208  0.0208  0.0208  0.0209  0.0208  0.0209  0.0206  0.0206
  0.0213  0.0212  0.0209  0.0213  0.0212  0.0211  0.0212  0.0215  0.0211  0.0213  0.0208  0.0208
niter,ni,del,rscale     1    3    5.0000    0.4000
parameters
    1.5059   -7.0085    2.5471   -4.2195  -11.2217   -1.6203
    2.3961   -0.2193   -2.8803    9.4577    1.0910  -18.6526
eta,q 0.97948 12.86122
  0.0210  0.0209  0.0208  0.0210  0.0210  0.0210  0.0209  0.0211  0.0209  0.0211  0.0207  0.0207
  0.0207  0.0207  0.0206  0.0208  0.0208  0.0208  0.0207  0.0208  0.0207  0.0208  0.0206  0.0206
  0.0206  0.0206  0.0205  0.0206  0.0206  0.0206  0.0206  0.0206  0.0206  0.0206  0.0205  0.0205
  0.0205  0.0205  0.0205  0.0205  0.0205  0.0205  0.0205  0.0205  0.0205  0.0205  0.0205  0.0205
  0.0206  0.0206  0.0206  0.0206  0.0205  0.0205  0.0206  0.0206  0.0206  0.0206  0.0205  0.0205
  0.0208  0.0207  0.0206  0.0207  0.0207  0.0207  0.0207  0.0208  0.0207  0.0208  0.0206  0.0206
  0.0210  0.0209  0.0208  0.0210  0.0209  0.0209  0.0209  0.0211  0.0209  0.0210  0.0207  0.0207
registration optimization eta report
parameter search radius
    0.8000    0.8000    0.8000    2.4000    2.4000    2.4000
    2.4000    2.4000    2.4000    2.4000    2.4000    2.4000
100000*second partial in parameter space
       75.       61.       36.        8.        7.        7.
        7.       11.        6.        9.        3.        3.
  0.0210  0.0209  0.0208  0.0210  0.0210  0.0210  0.0209  0.0211  0.0209  0.0211  0.0207  0.0207
  0.0207  0.0207  0.0206  0.0208  0.0208  0.0208  0.0207  0.0208  0.0207  0.0208  0.0206  0.0206
  0.0206  0.0206  0.0205  0.0206  0.0206  0.0206  0.0206  0.0206  0.0206  0.0206  0.0205  0.0205
  0.0205  0.0205  0.0205  0.0205  0.0205  0.0205  0.0205  0.0205  0.0205  0.0205  0.0205  0.0205
  0.0206  0.0206  0.0206  0.0206  0.0205  0.0205  0.0206  0.0206  0.0206  0.0206  0.0205  0.0205
  0.0208  0.0207  0.0206  0.0207  0.0207  0.0207  0.0207  0.0208  0.0207  0.0208  0.0206  0.0206
  0.0210  0.0209  0.0208  0.0210  0.0209  0.0209  0.0209  0.0211  0.0209  0.0210  0.0207  0.0207
    1.5059   -7.0085    2.5471   -4.2195  -11.2217   -1.6203
    2.3961   -0.2193   -2.8803    9.4577    1.0910  -18.6526
eta,q 0.97948 12.86122

---------------------------------------------------------------------
compute_vox2vox talsrcimg talsrcimg_to_711-2C_as_mni_average_305_t4 /opt/freesurfer/average/711-2C_as_mni_average_305
---------------------------------------------------------------------

freesurfer compute_vox2vox.c
Reading: talsrcimg.4dfp.ifh
Reading: talsrcimg_to_711-2C_as_mni_average_305_t4
Reading: /opt/freesurfer/average/711-2C_as_mni_average_305.4dfp.ifh
Writing: talsrcimg_to_711-2C_as_mni_average_305_t4_vox2vox.txt

start time Mon Mar 9 09:26:02 CET 2026
end		time Mon Mar 9 09:26:16 CET 2026

mpr2mni305 success

avi2talxfm orig_nu.mgz /opt/freesurfer/average/mni305.cor.mgz talsrcimg_to_711-2C_as_mni_average_305_t4_vox2vox.txt transforms/talairach.auto.xfm
avi2talxfm done
mv -f /out/sourcedata/freesurfer/sub-v1s21x0050388_ses-1/mri/talsrcimg_to_711-2C_as_mni_average_305_t4_vox2vox.txt /out/sourcedata/freesurfer/sub-v1s21x0050388_ses-1/mri/transforms/talsrcimg_to_711-2C_as_mni_average_305_t4_vox2vox.txt
lta_convert --src orig_nu.mgz --trg /opt/freesurfer/average/mni305.cor.mgz --inxfm transforms/talairach.auto.xfm --outlta transforms/talairach.auto.xfm.lta --subject fsaverage
7.3.2

--src: orig_nu.mgz src image (geometry).
--trg: /opt/freesurfer/average/mni305.cor.mgz trg image (geometry).
--inmni: transforms/talairach.auto.xfm input MNI/XFM transform.
--outlta: transforms/talairach.auto.xfm.lta output LTA.
--s: fsaverage subject name
 LTA read, type : 1
 1.04318   0.00493  -0.02712  -2.28464;
-0.00505   0.99632   0.20947  -1.69479;
 0.03438  -0.10598   1.10321   7.21837;
 0.00000   0.00000   0.00000   1.00000;
setting subject to fsaverage
Writing  LTA to file transforms/talairach.auto.xfm.lta...
lta_convert successful.
 
 
Started at Mon Mar 9 09:26:01 CET 2026
Ended   at Mon Mar  9 09:26:16 CET 2026
talairach_avi done
