/out/sourcedata/freesurfer/sub-v1s21x0050414_ses-1/mri
/opt/freesurfer/bin/talairach_avi
--i orig_nu.mgz --xfm transforms/talairach.auto.xfm
talairach_avi 7.3.2
Linux dna058 5.14.0-427.37.1.el9_4.x86_64 #1 SMP PREEMPT_DYNAMIC Fri Sep 13 12:41:50 EDT 2024 x86_64 x86_64 x86_64 GNU/Linux
Mon Mar  9 11:22:34 CET 2026
mri_convert orig_nu.mgz talsrcimg.img 
reading from orig_nu.mgz...
TR=0.00, TE=0.00, TI=0.00, flip angle=0.00
i_ras = (-1, 0, 0)
j_ras = (0, 0, -1)
k_ras = (0, 1, 0)
writing to talsrcimg.img...
Analyze Output Matrix
-1.00000   0.00000   0.00000   129.70000;
 0.00000   0.00000   1.00000  -128.50000;
 0.00000  -1.00000   0.00000   129.50000;
 0.00000   0.00000   0.00000   1.00000;
--------------------
INFO: set hdr.hist.orient to -1
mpr2mni305 talsrcimg
Mon Mar  9 11:22:35 CET 2026
/opt/freesurfer/bin/mpr2mni305 talsrcimg
mpr2mni305 7.3.2
target=711-2C_as_mni_average_305

---------------------------------------------------------------------
analyzeto4dfp talsrcimg -O0 -y
---------------------------------------------------------------------

freesurfer ifh2hdr.c
Mon Mar  9 11:22:35 2026
Writing: talsrcimg.4dfp.hdr
freesurfer analyzeto4dfp.c
Reading: talsrcimg.hdr
header size 348 bytes
hdr.dime.datatype	offset=70	value=2
hdr.dime.bitpix		offset=72	value=8
hdr.hist.orient		offset=252	value=-1
dimensionality     4
dimensions       256       256       256         1
Reading: talsrcimg.img
Writing: talsrcimg.4dfp.img
Writing: talsrcimg.4dfp.ifh
ifh2hdr talsrcimg -r0to239
ori=2

---------------------------------------------------------------------
gauss_4dfp talsrcimg 1.1
---------------------------------------------------------------------

freesurfer gauss_4dfp.c
Reading: talsrcimg.4dfp.img
Writing: talsrcimg_g11.4dfp.img
image dimensions 256 256 256 padded to 288 288 288
processing volume 1freesurfer ifh2hdr.c
Mon Mar  9 11:22:37 2026
Writing: talsrcimg_g11.4dfp.hdr

Writing: talsrcimg_g11.4dfp.ifh
including: talsrcimg.4dfp.img.rec in talsrcimg_g11.4dfp.img.rec

---------------------------------------------------------------------
imgreg_4dfp /opt/freesurfer/average/711-2C_as_mni_average_305 none talsrcimg_g11 none talsrcimg_to_711-2C_as_mni_average_305_t4 4355
---------------------------------------------------------------------

freesurfer imgreg_4dfp.c
/opt/freesurfer/average/711-2C_as_mni_average_305.4dfp.img
       256       256       256         1
  1.000000  1.000000  1.000000
orientation T byte_order littleendian
Reading image: /opt/freesurfer/average/711-2C_as_mni_average_305.4dfp.img
dimensions:      256       256       256
mmppix:       1.0000   -1.0000   -1.0000
center:     128.0000 -129.0000 -129.0000
talsrcimg_g11.4dfp.img
       256       256       256         1
  1.000000  1.000000  1.000000
orientation T byte_order littleendian
Reading image: talsrcimg_g11.4dfp.img
dimensions:      256       256       256
mmppix:       1.0000   -1.0000   -1.0000
center:     128.0000 -129.0000 -129.0000
t4_read: open error in t4_sub.f l:  41 t4_file(1:l)talsrcimg_to_711-2C_as_mni_average_305_t4 
t4_read: transform initialized to I4
rotation matrix determinant  1.000000
image alignment mode   4355 decimal     1103 hex
   -7.5000  -45.0000  -45.0000 6773.6787   26.7781
    0.0000  -45.0000  -45.0000 7024.4126   26.8040
    7.5000  -45.0000  -45.0000 6733.1499   26.8126
   -7.5000  -37.5000  -45.0000 7311.0869   26.4270
    0.0000  -37.5000  -45.0000 7560.3936   26.4424
    7.5000  -37.5000  -45.0000 7245.3691   26.4365
   -7.5000  -30.0000  -45.0000 8118.3066   25.9490
    0.0000  -30.0000  -45.0000 8413.1826   25.9646
    7.5000  -30.0000  -45.0000 8046.2930   25.9495
   -7.5000  -22.5000  -45.0000 9030.2969   25.9538
    0.0000  -22.5000  -45.0000 9387.3604   25.9830
    7.5000  -22.5000  -45.0000 8942.6143   25.9724
   -7.5000  -15.0000  -45.0000 9897.5459   25.9603
    0.0000  -15.0000  -45.000010289.1768   26.0011
    7.5000  -15.0000  -45.0000 9810.4180   26.0040
   -7.5000   -7.5000  -45.000010677.6436   25.9600
    0.0000   -7.5000  -45.000011105.4033   25.9975
    7.5000   -7.5000  -45.000010600.4463   26.0080
   -7.5000    0.0000  -45.000011328.7568   25.9552
    0.0000    0.0000  -45.000011740.9121   25.9802
    7.5000    0.0000  -45.000011280.0752   25.9863
   -7.5000    7.5000  -45.000011126.3750   25.9489
    0.0000    7.5000  -45.000011600.8701   25.9636
    7.5000    7.5000  -45.000011073.9463   25.9575
   -7.5000   15.0000  -45.000010860.6113   25.9473
    0.0000   15.0000  -45.000011295.7852   25.9628
    7.5000   15.0000  -45.000010810.0947   25.9477
   -7.5000   22.5000  -45.000010489.2744   25.9502
    0.0000   22.5000  -45.000010854.4600   25.9795
    7.5000   22.5000  -45.000010431.6211   25.9688
   -7.5000   30.0000  -45.000010036.5703   25.6143
    0.0000   30.0000  -45.000010376.6143   25.6546
    7.5000   30.0000  -45.0000 9962.1621   25.6575
   -7.5000   37.5000  -45.0000 9914.8633   25.6141
    0.0000   37.5000  -45.000010220.7295   25.6510
    7.5000   37.5000  -45.0000 9826.7881   25.6614
   -7.5000   45.0000  -45.0000 9266.5371   24.9590
    0.0000   45.0000  -45.0000 9557.1475   24.9831
    7.5000   45.0000  -45.0000 9157.1025   24.9890
   -7.5000  -45.0000  -37.5000 7184.5469   26.7335
    0.0000  -45.0000  -37.5000 7436.3394   26.7610
    7.5000  -45.0000  -37.5000 7105.5264   26.7751
   -7.5000  -37.5000  -37.5000 7764.7061   26.3763
    0.0000  -37.5000  -37.5000 8040.7446   26.3956
    7.5000  -37.5000  -37.5000 7684.0972   26.3981
   -7.5000  -30.0000  -37.5000 8593.8672   25.9024
    0.0000  -30.0000  -37.5000 8919.4756   25.9277
    7.5000  -30.0000  -37.5000 8518.2988   25.9216
   -7.5000  -22.5000  -37.5000 9538.5576   25.9222
    0.0000  -22.5000  -37.5000 9917.0215   25.9657
    7.5000  -22.5000  -37.5000 9464.8389   25.9621
   -7.5000  -15.0000  -37.500010458.6826   25.9400
    0.0000  -15.0000  -37.500010865.0938   25.9928
    7.5000  -15.0000  -37.500010373.8945   25.9998
   -7.5000   -7.5000  -37.500011295.8730   25.9346
    0.0000   -7.5000  -37.500011739.7500   25.9772
    7.5000   -7.5000  -37.500011213.4209   25.9908
   -7.5000    0.0000  -37.500011993.3516   25.9153
    0.0000    0.0000  -37.500012435.7568   25.9421
    7.5000    0.0000  -37.500011927.7402   25.9532
   -7.5000    7.5000  -37.500011816.8447   25.8991
    0.0000    7.5000  -37.500012316.2178   25.9178
    7.5000    7.5000  -37.500011748.5469   25.9197
   -7.5000   15.0000  -37.500011515.6133   25.9006
    0.0000   15.0000  -37.500011982.8838   25.9259
    7.5000   15.0000  -37.500011450.1553   25.9198
   -7.5000   22.5000  -37.500011108.2510   25.9187
    0.0000   22.5000  -37.500011511.0078   25.9622
    7.5000   22.5000  -37.500011029.8213   25.9586
   -7.5000   30.0000  -37.500010610.3184   25.5943
    0.0000   30.0000  -37.500010976.2451   25.6464
    7.5000   30.0000  -37.500010496.0967   25.6533
   -7.5000   37.5000  -37.500010433.2744   25.5890
    0.0000   37.5000  -37.500010753.9717   25.6311
    7.5000   37.5000  -37.500010299.3945   25.6444
   -7.5000   45.0000  -37.5000 9735.8662   24.9206
    0.0000   45.0000  -37.500010061.3770   24.9465
    7.5000   45.0000  -37.5000 9616.2031   24.9571
   -7.5000  -45.0000  -30.0000 7646.5835   27.8044
    0.0000  -45.0000  -30.0000 7928.6367   27.8504
    7.5000  -45.0000  -30.0000 7583.8164   27.8748
   -7.5000  -37.5000  -30.0000 8298.1982   27.4349
    0.0000  -37.5000  -30.0000 8615.7852   27.4800
    7.5000  -37.5000  -30.0000 8222.3604   27.4956
   -7.5000  -30.0000  -30.0000 9219.2568   26.9536
    0.0000  -30.0000  -30.0000 9585.5684   27.0091
    7.5000  -30.0000  -30.0000 9125.0010   27.0159
   -7.5000  -22.5000  -30.000010251.1904   26.9861
    0.0000  -22.5000  -30.000010670.6045   27.0573
    7.5000  -22.5000  -30.000010170.2607   27.0644
   -7.5000  -15.0000  -30.000011213.9141   27.0053
    0.0000  -15.0000  -30.000011686.9424   27.0766
    7.5000  -15.0000  -30.000011129.4404   27.0918
   -7.5000   -7.5000  -30.000012131.4443   26.9887
    0.0000   -7.5000  -30.000012655.6104   27.0451
    7.5000   -7.5000  -30.000012036.0723   27.0660
   -7.5000    0.0000  -30.000012910.6855   26.9571
    0.0000    0.0000  -30.000013456.2393   27.0012
    7.5000    0.0000  -30.000012822.6562   27.0221
   -7.5000    7.5000  -30.000012727.2070   26.9392
    0.0000    7.5000  -30.000013308.9727   26.9828
    7.5000    7.5000  -30.000012648.4346   26.9975
   -7.5000   15.0000  -30.000012352.1123   26.9518
    0.0000   15.0000  -30.000012892.1045   27.0073
    7.5000   15.0000  -30.000012250.0332   27.0141
   -7.5000   22.5000  -30.000011906.7617   26.9796
    0.0000   22.5000  -30.000012422.9551   27.0508
    7.5000   22.5000  -30.000011795.5859   27.0578
   -7.5000   30.0000  -30.000011354.1045   26.6479
    0.0000   30.0000  -30.000011810.9619   26.7184
    7.5000   30.0000  -30.000011218.1494   26.7333
   -7.5000   37.5000  -30.000011128.1680   26.6316
    0.0000   37.5000  -30.000011489.0020   26.6872
    7.5000   37.5000  -30.000010951.0547   26.7079
   -7.5000   45.0000  -30.000010362.3301   25.9415
    0.0000   45.0000  -30.000010745.1768   25.9840
    7.5000   45.0000  -30.000010246.0703   26.0041
   -7.5000  -45.0000  -22.5000 8135.8096   28.7558
    0.0000  -45.0000  -22.5000 8464.6699   28.8201
    7.5000  -45.0000  -22.5000 8056.2749   28.8470
   -7.5000  -37.5000  -22.5000 8837.2588   28.3865
    0.0000  -37.5000  -22.5000 9203.3076   28.4555
    7.5000  -37.5000  -22.5000 8759.6846   28.4744
   -7.5000  -30.0000  -22.5000 9834.2773   27.9002
    0.0000  -30.0000  -22.500010243.9414   27.9791
    7.5000  -30.0000  -22.5000 9753.8955   27.9897
   -7.5000  -22.5000  -22.500010950.3145   27.9287
    0.0000  -22.5000  -22.500011437.0479   28.0159
    7.5000  -22.5000  -22.500010881.0928   28.0278
   -7.5000  -15.0000  -22.500011918.9805   27.9333
    0.0000  -15.0000  -22.500012488.1621   28.0134
    7.5000  -15.0000  -22.500011872.9248   28.0333
   -7.5000   -7.5000  -22.500012919.1055   27.9079
    0.0000   -7.5000  -22.500013511.0205   27.9745
    7.5000   -7.5000  -22.500012849.6299   27.9987
   -7.5000    0.0000  -22.500013720.4902   27.8794
    0.0000    0.0000  -22.500014350.2412   27.9406
    7.5000    0.0000  -22.500013648.2539   27.9642
   -7.5000    7.5000  -22.500013467.5352   27.8744
    0.0000    7.5000  -22.500014133.2383   27.9408
    7.5000    7.5000  -22.500013425.0693   27.9590
   -7.5000   15.0000  -22.500013074.7715   27.8983
    0.0000   15.0000  -22.500013687.5645   27.9772
    7.5000   15.0000  -22.500013015.2383   27.9879
   -7.5000   22.5000  -22.500012641.9912   27.9200
    0.0000   22.5000  -22.500013242.5244   28.0072
    7.5000   22.5000  -22.500012549.8877   28.0191
   -7.5000   30.0000  -22.500012059.7988   27.5679
    0.0000   30.0000  -22.500012586.8086   27.6470
    7.5000   30.0000  -22.500011934.0400   27.6666
   -7.5000   37.5000  -22.500011796.6768   27.5428
    0.0000   37.5000  -22.500012250.7783   27.6086
    7.5000   37.5000  -22.500011641.3340   27.6324
   -7.5000   45.0000  -22.500010996.0117   26.8492
    0.0000   45.0000  -22.500011419.4336   26.9082
    7.5000   45.0000  -22.500010887.1709   26.9309
   -7.5000  -45.0000  -15.0000 8596.4746   29.4876
    0.0000  -45.0000  -15.0000 8959.9014   29.5535
    7.5000  -45.0000  -15.0000 8545.1914   29.5757
   -7.5000  -37.5000  -15.0000 9342.1426   29.1184
    0.0000  -37.5000  -15.0000 9721.3418   29.1868
    7.5000  -37.5000  -15.0000 9279.1855   29.1994
   -7.5000  -30.0000  -15.000010410.7734   28.6212
    0.0000  -30.0000  -15.000010840.4785   28.6945
    7.5000  -30.0000  -15.000010334.1602   28.6983
   -7.5000  -22.5000  -15.000011578.7197   28.6374
    0.0000  -22.5000  -15.000012096.3125   28.7152
    7.5000  -22.5000  -15.000011527.0156   28.7212
   -7.5000  -15.0000  -15.000012608.8789   28.6284
    0.0000  -15.0000  -15.000013221.5215   28.7015
    7.5000  -15.0000  -15.000012586.5049   28.7174
   -7.5000   -7.5000  -15.000013667.9072   28.6028
    0.0000   -7.5000  -15.000014289.2812   28.6680
    7.5000   -7.5000  -15.000013616.7363   28.6891
   -7.5000    0.0000  -15.000014468.0635   28.5859
    0.0000    0.0000  -15.000015128.7754   28.6483
    7.5000    0.0000  -15.000014397.2275   28.6677
   -7.5000    7.5000  -15.000014152.3486   28.5934
    0.0000    7.5000  -15.000014808.8213   28.6590
    7.5000    7.5000  -15.000014136.0439   28.6710
   -7.5000   15.0000  -15.000013769.9277   28.6192
    0.0000   15.0000  -15.000014391.4912   28.6926
    7.5000   15.0000  -15.000013722.2588   28.6963
   -7.5000   22.5000  -15.000013334.4492   28.6273
    0.0000   22.5000  -15.000013970.4277   28.7050
    7.5000   22.5000  -15.000013266.2715   28.7110
   -7.5000   30.0000  -15.000012711.2764   28.2579
    0.0000   30.0000  -15.000013274.7256   28.3300
    7.5000   30.0000  -15.000012632.5479   28.3457
   -7.5000   37.5000  -15.000012392.8389   28.2326
    0.0000   37.5000  -15.000012934.0205   28.2970
    7.5000   37.5000  -15.000012284.9033   28.3178
   -7.5000   45.0000  -15.000011603.8652   27.5462
    0.0000   45.0000  -15.000012082.1689   27.6064
    7.5000   45.0000  -15.000011459.7744   27.6251
   -7.5000  -45.0000   -7.5000 9036.2246   29.8883
    0.0000  -45.0000   -7.5000 9420.7314   29.9358
    7.5000  -45.0000   -7.5000 9008.1260   29.9504
   -7.5000  -37.5000   -7.5000 9864.9355   29.5083
    0.0000  -37.5000   -7.500010242.8770   29.5499
    7.5000  -37.5000   -7.5000 9780.2891   29.5504
   -7.5000  -30.0000   -7.500011000.0400   28.9887
    0.0000  -30.0000   -7.500011433.5234   29.0298
    7.5000  -30.0000   -7.500010905.6318   29.0196
   -7.5000  -22.5000   -7.500012271.9395   28.9935
    0.0000  -22.5000   -7.500012791.8447   29.0422
    7.5000  -22.5000   -7.500012174.3438   29.0356
   -7.5000  -15.0000   -7.500013382.1406   28.9877
    0.0000  -15.0000   -7.500013968.9990   29.0416
    7.5000  -15.0000   -7.500013297.3574   29.0487
   -7.5000   -7.5000   -7.500014472.1133   28.9761
    0.0000   -7.5000   -7.500015085.1914   29.0276
    7.5000   -7.5000   -7.500014357.2080   29.0429
   -7.5000    0.0000   -7.500015371.9688   28.9706
    0.0000    0.0000   -7.500016028.7041   29.0157
    7.5000    0.0000   -7.500015232.5869   29.0277
   -7.5000    7.5000   -7.500015025.5840   28.9755
    0.0000    7.5000   -7.500015572.3750   29.0152
    7.5000    7.5000   -7.500014957.4141   29.0154
   -7.5000   15.0000   -7.500014592.5020   28.9868
    0.0000   15.0000   -7.500015114.4736   29.0278
    7.5000   15.0000   -7.500014530.9639   29.0176
   -7.5000   22.5000   -7.500014193.0254   28.9801
    0.0000   22.5000   -7.500014708.3438   29.0288
    7.5000   22.5000   -7.500014114.6611   29.0222
   -7.5000   30.0000   -7.500013508.1348   28.6118
    0.0000   30.0000   -7.500014050.7461   28.6650
    7.5000   30.0000   -7.500013437.3213   28.6720
   -7.5000   37.5000   -7.500013152.3164   28.6003
    0.0000   37.5000   -7.500013717.9932   28.6511
    7.5000   37.5000   -7.500013025.5117   28.6663
   -7.5000   45.0000   -7.500012291.4902   27.9222
    0.0000   45.0000   -7.500012809.4561   27.9657
    7.5000   45.0000   -7.500012076.9385   27.9772
   -7.5000  -45.0000    0.0000 9413.9580   29.9652
    0.0000  -45.0000    0.0000 9806.7139   29.9941
    7.5000  -45.0000    0.0000 9377.2275   30.0038
   -7.5000  -37.5000    0.000010295.1045   29.5723
    0.0000  -37.5000    0.000010683.6982   29.5894
    7.5000  -37.5000    0.000010206.4785   29.5829
   -7.5000  -30.0000    0.000011483.8115   29.0374
    0.0000  -30.0000    0.000011943.2354   29.0548
    7.5000  -30.0000    0.000011416.5674   29.0379
   -7.5000  -22.5000    0.000012814.3594   29.0428
    0.0000  -22.5000    0.000013364.8145   29.0754
    7.5000  -22.5000    0.000012751.6904   29.0635
   -7.5000  -15.0000    0.000013959.1826   29.0500
    0.0000  -15.0000    0.000014519.2822   29.0957
    7.5000  -15.0000    0.000013887.3760   29.0990
   -7.5000   -7.5000    0.000015088.4297   29.0498
    0.0000   -7.5000    0.000015679.0117   29.0916
    7.5000   -7.5000    0.000014909.0449   29.1034
   -7.5000    0.0000    0.000016167.2588   29.0444
    0.0000    0.0000    0.000016884.3301   29.0723
    7.5000    0.0000    0.000015900.1064   29.0791
   -7.5000    7.5000    0.000015999.3311   29.0373
    0.0000    7.5000    0.000016620.0820   29.0537
    7.5000    7.5000    0.000015869.6484   29.0469
   -7.5000   15.0000    0.000015541.5547   29.0354
    0.0000   15.0000    0.000015985.5273   29.0528
    7.5000   15.0000    0.000015439.2109   29.0359
   -7.5000   22.5000    0.000015007.8916   29.0294
    0.0000   22.5000    0.000015420.7588   29.0620
    7.5000   22.5000    0.000014902.4766   29.0501
   -7.5000   30.0000    0.000014181.3164   28.6741
    0.0000   30.0000    0.000014634.6787   28.7192
    7.5000   30.0000    0.000014105.1592   28.7224
   -7.5000   37.5000    0.000013824.3848   28.6738
    0.0000   37.5000    0.000014299.6836   28.7151
    7.5000   37.5000    0.000013667.7354   28.7267
   -7.5000   45.0000    0.000012866.8779   27.9954
    0.0000   45.0000    0.000013368.0664   28.0223
    7.5000   45.0000    0.000012645.6338   28.0289
   -7.5000  -45.0000    7.5000 9124.1592   29.9154
    0.0000  -45.0000    7.5000 9459.6035   29.9463
    7.5000  -45.0000    7.5000 9063.6338   29.9621
   -7.5000  -37.5000    7.5000 9974.5586   29.5158
    0.0000  -37.5000    7.500010346.2109   29.5374
    7.5000  -37.5000    7.5000 9886.3701   29.5401
   -7.5000  -30.0000    7.500011103.6504   28.9854
    0.0000  -30.0000    7.500011551.6113   29.0137
    7.5000  -30.0000    7.500011052.2295   29.0069
   -7.5000  -22.5000    7.500012375.9658   29.0077
    0.0000  -22.5000    7.500012876.0264   29.0563
    7.5000  -22.5000    7.500012331.8330   29.0523
   -7.5000  -15.0000    7.500013469.7822   29.0276
    0.0000  -15.0000    7.500013980.2441   29.0866
    7.5000  -15.0000    7.500013414.7188   29.0944
   -7.5000   -7.5000    7.500014479.8223   29.0215
    0.0000   -7.5000    7.500014935.2881   29.0692
    7.5000   -7.5000    7.500014314.8125   29.0844
   -7.5000    0.0000    7.500015528.8799   28.9999
    0.0000    0.0000    7.500016205.9775   29.0299
    7.5000    0.0000    7.500015208.7734   29.0423
   -7.5000    7.5000    7.500015655.3223   28.9817
    0.0000    7.5000    7.500016392.3438   29.0027
    7.5000    7.5000    7.500015384.4795   29.0048
   -7.5000   15.0000    7.500015218.6309   28.9834
    0.0000   15.0000    7.500015731.5078   29.0118
    7.5000   15.0000    7.500015068.6963   29.0050
   -7.5000   22.5000    7.500014533.2529   28.9943
    0.0000   22.5000    7.500014983.2783   29.0429
    7.5000   22.5000    7.500014406.2393   29.0389
   -7.5000   30.0000    7.500013727.8438   28.6519
    0.0000   30.0000    7.500014167.2734   28.7102
    7.5000   30.0000    7.500013605.1514   28.7179
   -7.5000   37.5000    7.500013341.3418   28.6459
    0.0000   37.5000    7.500013792.0303   28.6930
    7.5000   37.5000    7.500013195.9150   28.7080
   -7.5000   45.0000    7.500012394.2148   27.9525
    0.0000   45.0000    7.500012824.1641   27.9815
    7.5000   45.0000    7.500012243.1396   27.9934
   -7.5000  -45.0000   15.0000 8667.8711   29.8599
    0.0000  -45.0000   15.0000 8984.2656   29.9097
    7.5000  -45.0000   15.0000 8606.8047   29.9357
   -7.5000  -37.5000   15.0000 9452.4736   29.4630
    0.0000  -37.5000   15.0000 9822.3770   29.5118
    7.5000  -37.5000   15.0000 9380.2969   29.5285
   -7.5000  -30.0000   15.000010540.9727   28.9461
    0.0000  -30.0000   15.000010947.9912   29.0060
    7.5000  -30.0000   15.000010473.9971   29.0132
   -7.5000  -22.5000   15.000011744.9961   28.9809
    0.0000  -22.5000   15.000012207.3633   29.0577
    7.5000  -22.5000   15.000011691.6738   29.0652
   -7.5000  -15.0000   15.000012770.3477   29.0015
    0.0000  -15.0000   15.000013263.4297   29.0784
    7.5000  -15.0000   15.000012729.9385   29.0946
   -7.5000   -7.5000   15.000013707.4160   28.9838
    0.0000   -7.5000   15.000014084.8760   29.0446
    7.5000   -7.5000   15.000013589.6826   29.0670
   -7.5000    0.0000   15.000014654.2051   28.9498
    0.0000    0.0000   15.000015137.0859   28.9977
    7.5000    0.0000   15.000014480.1475   29.0200
   -7.5000    7.5000   15.000014744.5361   28.9306
    0.0000    7.5000   15.000015235.7100   28.9778
    7.5000    7.5000   15.000014642.6758   28.9936
   -7.5000   15.0000   15.000014364.0410   28.9441
    0.0000   15.0000   15.000014743.2178   29.0040
    7.5000   15.0000   15.000014288.8135   29.0112
   -7.5000   22.5000   15.000013876.3350   28.9675
    0.0000   22.5000   15.000014325.8955   29.0443
    7.5000   22.5000   15.000013758.0166   29.0518
   -7.5000   30.0000   15.000013192.4043   28.6261
    0.0000   30.0000   15.000013649.4580   28.7021
    7.5000   30.0000   15.000013058.2529   28.7181
   -7.5000   37.5000   15.000012747.3047   28.6087
    0.0000   37.5000   15.000013184.3271   28.6687
    7.5000   37.5000   15.000012611.5303   28.6908
   -7.5000   45.0000   15.000011754.4346   27.9043
    0.0000   45.0000   15.000012161.5049   27.9504
    7.5000   45.0000   15.000011640.2344   27.9719
   -7.5000  -45.0000   22.5000 8148.8286   29.8590
    0.0000  -45.0000   22.5000 8450.6514   29.9270
    7.5000  -45.0000   22.5000 8084.4507   29.9543
   -7.5000  -37.5000   22.5000 8874.3311   29.4747
    0.0000  -37.5000   22.5000 9250.4092   29.5475
    7.5000  -37.5000   22.5000 8826.2588   29.5667
   -7.5000  -30.0000   22.5000 9888.9131   28.9696
    0.0000  -30.0000   22.500010282.3164   29.0526
    7.5000  -30.0000   22.5000 9853.1719   29.0634
   -7.5000  -22.5000   22.500010998.7178   28.9999
    0.0000  -22.5000   22.500011465.0576   29.0916
    7.5000  -22.5000   22.500010977.9004   29.1037
   -7.5000  -15.0000   22.500011964.5615   29.0053
    0.0000  -15.0000   22.500012435.9717   29.0897
    7.5000  -15.0000   22.500011950.5322   29.1100
   -7.5000   -7.5000   22.500012895.9658   28.9788
    0.0000   -7.5000   22.500013293.3301   29.0491
    7.5000   -7.5000   22.500012796.9453   29.0738
   -7.5000    0.0000   22.500013809.8262   28.9487
    0.0000    0.0000   22.500014341.5195   29.0134
    7.5000    0.0000   22.500013722.8447   29.0375
   -7.5000    7.5000   22.500013781.8818   28.9429
    0.0000    7.5000   22.500014277.3418   29.0129
    7.5000    7.5000   22.500013776.8984   29.0315
   -7.5000   15.0000   22.500013326.8779   28.9676
    0.0000   15.0000   22.500013710.4473   29.0506
    7.5000   15.0000   22.500013325.9111   29.0614
   -7.5000   22.5000   22.500012908.4121   28.9865
    0.0000   22.5000   22.500013336.7480   29.0782
    7.5000   22.5000   22.500012860.3223   29.0903
   -7.5000   30.0000   22.500012322.6025   28.6299
    0.0000   30.0000   22.500012750.5898   28.7132
    7.5000   30.0000   22.500012261.2578   28.7332
   -7.5000   37.5000   22.500011940.9980   28.6037
    0.0000   37.5000   22.500012367.8955   28.6732
    7.5000   37.5000   22.500011871.0518   28.6975
   -7.5000   45.0000   22.500011045.2783   27.9032
    0.0000   45.0000   22.500011434.8320   27.9656
    7.5000   45.0000   22.500010978.5371   27.9888
   -7.5000  -45.0000   30.0000 7563.7793   30.0567
    0.0000  -45.0000   30.0000 7855.0332   30.1263
    7.5000  -45.0000   30.0000 7504.3525   30.1487
   -7.5000  -37.5000   30.0000 8231.2695   29.6762
    0.0000  -37.5000   30.0000 8589.8789   29.7477
    7.5000  -37.5000   30.0000 8191.2534   29.7601
   -7.5000  -30.0000   30.0000 9162.7734   29.1654
    0.0000  -30.0000   30.0000 9559.7217   29.2416
    7.5000  -30.0000   30.0000 9147.3574   29.2452
   -7.5000  -22.5000   30.000010215.7197   29.1830
    0.0000  -22.5000   30.000010662.6055   29.2641
    7.5000  -22.5000   30.000010197.3359   29.2702
   -7.5000  -15.0000   30.000011134.2939   29.1757
    0.0000  -15.0000   30.000011612.0088   29.2525
    7.5000  -15.0000   30.000011112.4248   29.2690
   -7.5000   -7.5000   30.000012034.9365   29.1505
    0.0000   -7.5000   30.000012466.5410   29.2196
    7.5000   -7.5000   30.000011935.4170   29.2412
   -7.5000    0.0000   30.000012899.4658   29.1326
    0.0000    0.0000   30.000013393.9170   29.1985
    7.5000    0.0000   30.000012808.1270   29.2181
   -7.5000    7.5000   30.000012813.6025   29.1383
    0.0000    7.5000   30.000013281.9785   29.2069
    7.5000    7.5000   30.000012766.9521   29.2188
   -7.5000   15.0000   30.000012401.4238   29.1634
    0.0000   15.0000   30.000012791.3379   29.2396
    7.5000   15.0000   30.000012338.1191   29.2432
   -7.5000   22.5000   30.000011968.2627   29.1695
    0.0000   22.5000   30.000012399.7002   29.2506
    7.5000   22.5000   30.000011905.4453   29.2567
   -7.5000   30.0000   30.000011380.0576   28.7981
    0.0000   30.0000   30.000011775.0010   28.8740
    7.5000   30.0000   30.000011324.0527   28.8902
   -7.5000   37.5000   30.000011071.1406   28.7733
    0.0000   37.5000   30.000011449.3379   28.8415
    7.5000   37.5000   30.000011014.5371   28.8628
   -7.5000   45.0000   30.000010229.2891   28.0805
    0.0000   45.0000   30.000010592.8506   28.1440
    7.5000   45.0000   30.000010167.8545   28.1629
   -7.5000  -45.0000   37.5000 7250.8584   30.5081
    0.0000  -45.0000   37.5000 7535.4712   30.5592
    7.5000  -45.0000   37.5000 7215.1528   30.5719
   -7.5000  -37.5000   37.5000 7910.2153   30.1122
    0.0000  -37.5000   37.5000 8232.4219   30.1565
    7.5000  -37.5000   37.5000 7867.0024   30.1543
   -7.5000  -30.0000   37.5000 8802.8555   29.5707
    0.0000  -30.0000   37.5000 9195.6436   29.6141
    7.5000  -30.0000   37.5000 8793.3945   29.6011
   -7.5000  -22.5000   37.5000 9834.4766   29.5752
    0.0000  -22.5000   37.500010294.7490   29.6269
    7.5000  -22.5000   37.5000 9808.1758   29.6183
   -7.5000  -15.0000   37.500010740.0986   29.5699
    0.0000  -15.0000   37.500011220.9531   29.6278
    7.5000  -15.0000   37.500010697.4688   29.6339
   -7.5000   -7.5000   37.500011614.8799   29.5592
    0.0000   -7.5000   37.500012118.4707   29.6148
    7.5000   -7.5000   37.500011526.6846   29.6291
   -7.5000    0.0000   37.500012441.3203   29.5544
    0.0000    0.0000   37.500012974.4287   29.6029
    7.5000    0.0000   37.500012340.3320   29.6130
   -7.5000    7.5000   37.500012309.5244   29.5586
    0.0000    7.5000   37.500012781.7402   29.6009
    7.5000    7.5000   37.500012216.3447   29.5985
   -7.5000   15.0000   37.500011915.2373   29.5686
    0.0000   15.0000   37.500012317.1963   29.6120
    7.5000   15.0000   37.500011803.6543   29.5991
   -7.5000   22.5000   37.500011468.4951   29.5615
    0.0000   22.5000   37.500011882.2432   29.6132
    7.5000   22.5000   37.500011370.5010   29.6046
   -7.5000   30.0000   37.500010907.4033   29.1873
    0.0000   30.0000   37.500011298.8779   29.2444
    7.5000   30.0000   37.500010846.0879   29.2503
   -7.5000   37.5000   37.500010599.6973   29.1767
    0.0000   37.5000   37.500010986.0869   29.2315
    7.5000   37.5000   37.500010551.2842   29.2457
   -7.5000   45.0000   37.5000 9816.6807   28.4871
    0.0000   45.0000   37.500010189.6230   28.5338
    7.5000   45.0000   37.5000 9781.5771   28.5435
   -7.5000  -45.0000   45.0000 6637.6084   31.1123
    0.0000  -45.0000   45.0000 6900.3931   31.1389
    7.5000  -45.0000   45.0000 6620.5215   31.1436
   -7.5000  -37.5000   45.0000 7256.3638   30.6792
    0.0000  -37.5000   45.0000 7521.5474   30.6955
    7.5000  -37.5000   45.0000 7213.9180   30.6843
   -7.5000  -30.0000   45.0000 8101.9097   30.0958
    0.0000  -30.0000   45.0000 8436.8887   30.1150
    7.5000  -30.0000   45.0000 8079.6777   30.0935
   -7.5000  -22.5000   45.0000 9035.4268   30.1047
    0.0000  -22.5000   45.0000 9448.3525   30.1406
    7.5000  -22.5000   45.0000 9002.3672   30.1233
   -7.5000  -15.0000   45.0000 9870.9258   30.1190
    0.0000  -15.0000   45.000010321.0918   30.1669
    7.5000  -15.0000   45.0000 9813.8145   30.1648
   -7.5000   -7.5000   45.000010679.5254   30.1223
    0.0000   -7.5000   45.000011191.7568   30.1636
    7.5000   -7.5000   45.000010604.2480   30.1704
   -7.5000    0.0000   45.000011442.6133   30.1144
    0.0000    0.0000   45.000011929.8828   30.1402
    7.5000    0.0000   45.000011330.4766   30.1422
   -7.5000    7.5000   45.000011282.6104   30.1001
    0.0000    7.5000   45.000011742.0117   30.1156
    7.5000    7.5000   45.000011180.0459   30.1043
   -7.5000   15.0000   45.000010898.7725   30.0936
    0.0000   15.0000   45.000011306.5840   30.1129
    7.5000   15.0000   45.000010818.4180   30.0913
   -7.5000   22.5000   45.000010487.7285   30.0907
    0.0000   22.5000   45.000010885.9883   30.1266
    7.5000   22.5000   45.000010419.2578   30.1093
   -7.5000   30.0000   45.0000 9993.2266   29.7266
    0.0000   30.0000   45.000010362.5244   29.7739
    7.5000   30.0000   45.0000 9925.2822   29.7718
   -7.5000   37.5000   45.0000 9728.5264   29.7299
    0.0000   37.5000   45.000010080.8213   29.7707
    7.5000   37.5000   45.0000 9667.4160   29.7774
   -7.5000   45.0000   45.0000 9001.4990   29.0400
    0.0000   45.0000   45.0000 9349.2705   29.0648
    7.5000   45.0000   45.0000 8969.3555   29.0667

---------------------------------------------------------------------
imgreg_4dfp /opt/freesurfer/average/711-2C_as_mni_average_305 /opt/freesurfer/average/711-2B_as_mni_average_305_mask talsrcimg_g11 none talsrcimg_to_711-2C_as_mni_average_305_t4 4355
---------------------------------------------------------------------

freesurfer imgreg_4dfp.c
/opt/freesurfer/average/711-2C_as_mni_average_305.4dfp.img
       256       256       256         1
  1.000000  1.000000  1.000000
orientation T byte_order littleendian
Reading image: /opt/freesurfer/average/711-2C_as_mni_average_305.4dfp.img
dimensions:      256       256       256
mmppix:       1.0000   -1.0000   -1.0000
center:     128.0000 -129.0000 -129.0000
/opt/freesurfer/average/711-2B_as_mni_average_305_mask.4dfp.img
       256       256       256         1
  1.000000  1.000000  1.000000
orientation T byte_order littleendian
Reading mask: /opt/freesurfer/average/711-2B_as_mni_average_305_mask.4dfp.img (2306576 pixels)
talsrcimg_g11.4dfp.img
       256       256       256         1
  1.000000  1.000000  1.000000
orientation T byte_order littleendian
Reading image: talsrcimg_g11.4dfp.img
dimensions:      256       256       256
mmppix:       1.0000   -1.0000   -1.0000
center:     128.0000 -129.0000 -129.0000
rotation matrix determinant  1.000000
image alignment mode   4355 decimal     1103 hex
   -7.5000  -45.0000  -45.0000 1920.9486   35.1470
    0.0000  -45.0000  -45.0000 1933.4314   35.0479
    7.5000  -45.0000  -45.0000 1907.8792   35.5619
   -7.5000  -37.5000  -45.0000 2019.6790   31.4976
    0.0000  -37.5000  -45.0000 2027.0511   31.3516
    7.5000  -37.5000  -45.0000 2004.6807   31.9120
   -7.5000  -30.0000  -45.0000 2123.4670   28.4698
    0.0000  -30.0000  -45.0000 2133.6404   28.3441
    7.5000  -30.0000  -45.0000 2107.7439   28.8483
   -7.5000  -22.5000  -45.0000 2219.1304   25.9946
    0.0000  -22.5000  -45.0000 2231.6001   25.8927
    7.5000  -22.5000  -45.0000 2197.8533   26.3349
   -7.5000  -15.0000  -45.0000 2297.4478   24.2169
    0.0000  -15.0000  -45.0000 2302.0281   24.1611
    7.5000  -15.0000  -45.0000 2274.4729   24.5629
   -7.5000   -7.5000  -45.0000 2334.8396   23.1977
    0.0000   -7.5000  -45.0000 2342.4189   23.1977
    7.5000   -7.5000  -45.0000 2310.0940   23.5146
   -7.5000    0.0000  -45.0000 2340.8025   22.7492
    0.0000    0.0000  -45.0000 2350.3589   22.7098
    7.5000    0.0000  -45.0000 2320.4399   23.0458
   -7.5000    7.5000  -45.0000 2339.9304   22.7575
    0.0000    7.5000  -45.0000 2353.7151   22.5986
    7.5000    7.5000  -45.0000 2314.0059   23.0347
   -7.5000   15.0000  -45.0000 2324.1965   22.9695
    0.0000   15.0000  -45.0000 2332.3330   22.7682
    7.5000   15.0000  -45.0000 2296.7952   23.2403
   -7.5000   22.5000  -45.0000 2301.7930   23.3645
    0.0000   22.5000  -45.0000 2307.6235   23.1860
    7.5000   22.5000  -45.0000 2278.3613   23.7258
   -7.5000   30.0000  -45.0000 2254.3167   24.5783
    0.0000   30.0000  -45.0000 2265.9194   24.4221
    7.5000   30.0000  -45.0000 2227.3494   24.7972
   -7.5000   37.5000  -45.0000 2187.7778   26.1704
    0.0000   37.5000  -45.0000 2192.9543   25.9943
    7.5000   37.5000  -45.0000 2165.7856   26.4258
   -7.5000   45.0000  -45.0000 2096.6772   28.0628
    0.0000   45.0000  -45.0000 2099.4211   27.8868
    7.5000   45.0000  -45.0000 2069.4355   28.2924
   -7.5000  -45.0000  -37.5000 1983.9847   33.0337
    0.0000  -45.0000  -37.5000 1990.9673   32.8918
    7.5000  -45.0000  -37.5000 1963.4886   33.4826
   -7.5000  -37.5000  -37.5000 2102.1470   29.5434
    0.0000  -37.5000  -37.5000 2107.1487   29.4673
    7.5000  -37.5000  -37.5000 2082.1094   29.9266
   -7.5000  -30.0000  -37.5000 2206.5476   26.6921
    0.0000  -30.0000  -37.5000 2221.4204   26.6604
    7.5000  -30.0000  -37.5000 2190.3652   27.0724
   -7.5000  -22.5000  -37.5000 2303.6853   24.3608
    0.0000  -22.5000  -37.5000 2315.7585   24.3017
    7.5000  -22.5000  -37.5000 2288.4080   24.6812
   -7.5000  -15.0000  -37.5000 2382.0483   22.5296
    0.0000  -15.0000  -37.5000 2391.4375   22.5043
    7.5000  -15.0000  -37.5000 2363.7551   22.8588
   -7.5000   -7.5000  -37.5000 2426.7197   21.5150
    0.0000   -7.5000  -37.5000 2431.0715   21.4732
    7.5000   -7.5000  -37.5000 2404.7483   21.8228
   -7.5000    0.0000  -37.5000 2436.5796   21.0867
    0.0000    0.0000  -37.5000 2449.0859   21.0838
    7.5000    0.0000  -37.5000 2414.1704   21.3341
   -7.5000    7.5000  -37.5000 2437.7590   20.9938
    0.0000    7.5000  -37.5000 2451.8154   20.9502
    7.5000    7.5000  -37.5000 2412.8738   21.2821
   -7.5000   15.0000  -37.5000 2424.4265   21.2402
    0.0000   15.0000  -37.5000 2434.1304   21.0325
    7.5000   15.0000  -37.5000 2400.0857   21.4204
   -7.5000   22.5000  -37.5000 2410.2041   21.6160
    0.0000   22.5000  -37.5000 2415.5483   21.4785
    7.5000   22.5000  -37.5000 2385.4753   21.8667
   -7.5000   30.0000  -37.5000 2362.1882   22.6537
    0.0000   30.0000  -37.5000 2372.1042   22.4970
    7.5000   30.0000  -37.5000 2332.3682   22.8401
   -7.5000   37.5000  -37.5000 2292.2539   23.9960
    0.0000   37.5000  -37.5000 2299.2881   23.8715
    7.5000   37.5000  -37.5000 2264.2068   24.2574
   -7.5000   45.0000  -37.5000 2191.7422   25.6170
    0.0000   45.0000  -37.5000 2201.5427   25.4402
    7.5000   45.0000  -37.5000 2167.1257   25.8708
   -7.5000  -45.0000  -30.0000 2064.0090   32.2248
    0.0000  -45.0000  -30.0000 2072.2605   32.1714
    7.5000  -45.0000  -30.0000 2046.3551   32.8199
   -7.5000  -37.5000  -30.0000 2195.1665   28.7271
    0.0000  -37.5000  -30.0000 2204.1370   28.7708
    7.5000  -37.5000  -30.0000 2176.5552   29.2964
   -7.5000  -30.0000  -30.0000 2317.9004   25.9743
    0.0000  -30.0000  -30.0000 2332.4399   26.0324
    7.5000  -30.0000  -30.0000 2296.7717   26.4385
   -7.5000  -22.5000  -30.0000 2418.8459   23.6715
    0.0000  -22.5000  -30.0000 2430.8992   23.7170
    7.5000  -22.5000  -30.0000 2402.0920   24.0875
   -7.5000  -15.0000  -30.0000 2500.4783   21.8599
    0.0000  -15.0000  -30.0000 2514.9980   21.8903
    7.5000  -15.0000  -30.0000 2483.3362   22.1857
   -7.5000   -7.5000  -30.0000 2552.8730   20.7237
    0.0000   -7.5000  -30.0000 2568.1687   20.7394
    7.5000   -7.5000  -30.0000 2532.3682   21.0012
   -7.5000    0.0000  -30.0000 2579.7747   20.1167
    0.0000    0.0000  -30.0000 2595.8098   20.1490
    7.5000    0.0000  -30.0000 2555.3262   20.3998
   -7.5000    7.5000  -30.0000 2582.7493   20.0056
    0.0000    7.5000  -30.0000 2599.5232   20.0459
    7.5000    7.5000  -30.0000 2563.7141   20.2994
   -7.5000   15.0000  -30.0000 2565.1262   20.2571
    0.0000   15.0000  -30.0000 2571.8596   20.1636
    7.5000   15.0000  -30.0000 2541.4150   20.4562
   -7.5000   22.5000  -30.0000 2544.8557   20.6814
    0.0000   22.5000  -30.0000 2559.0713   20.6372
    7.5000   22.5000  -30.0000 2521.3997   20.8826
   -7.5000   30.0000  -30.0000 2504.1489   21.6566
    0.0000   30.0000  -30.0000 2520.0603   21.5603
    7.5000   30.0000  -30.0000 2473.7856   21.8139
   -7.5000   37.5000  -30.0000 2433.5273   22.8790
    0.0000   37.5000  -30.0000 2436.7576   22.7414
    7.5000   37.5000  -30.0000 2402.0740   23.1559
   -7.5000   45.0000  -30.0000 2323.9824   24.3928
    0.0000   45.0000  -30.0000 2331.6738   24.2402
    7.5000   45.0000  -30.0000 2302.9758   24.6822
   -7.5000  -45.0000  -22.5000 2116.8091   31.4580
    0.0000  -45.0000  -22.5000 2134.4966   31.5404
    7.5000  -45.0000  -22.5000 2100.4641   32.0615
   -7.5000  -37.5000  -22.5000 2254.6790   28.0400
    0.0000  -37.5000  -22.5000 2273.6785   28.1834
    7.5000  -37.5000  -22.5000 2239.4180   28.6565
   -7.5000  -30.0000  -22.5000 2388.1606   25.2910
    0.0000  -30.0000  -22.5000 2401.9067   25.4472
    7.5000  -30.0000  -22.5000 2368.5520   25.8030
   -7.5000  -22.5000  -22.5000 2494.3936   22.9327
    0.0000  -22.5000  -22.5000 2510.6628   23.0648
    7.5000  -22.5000  -22.5000 2479.0054   23.4003
   -7.5000  -15.0000  -22.5000 2569.4944   21.0249
    0.0000  -15.0000  -22.5000 2593.2097   21.1173
    7.5000  -15.0000  -22.5000 2556.5935   21.4178
   -7.5000   -7.5000  -22.5000 2641.9365   19.7452
    0.0000   -7.5000  -22.5000 2663.9932   19.7803
    7.5000   -7.5000  -22.5000 2626.2295   20.0342
   -7.5000    0.0000  -22.5000 2682.1865   19.1015
    0.0000    0.0000  -22.5000 2698.7000   19.0323
    7.5000    0.0000  -22.5000 2659.1338   19.3787
   -7.5000    7.5000  -22.5000 2689.9893   18.8292
    0.0000    7.5000  -22.5000 2709.2573   18.8444
    7.5000    7.5000  -22.5000 2672.1694   19.1439
   -7.5000   15.0000  -22.5000 2674.4695   19.1003
    0.0000   15.0000  -22.5000 2687.2732   19.0946
    7.5000   15.0000  -22.5000 2654.8870   19.2984
   -7.5000   22.5000  -22.5000 2657.6262   19.6411
    0.0000   22.5000  -22.5000 2674.0837   19.6354
    7.5000   22.5000  -22.5000 2633.3943   19.7938
   -7.5000   30.0000  -22.5000 2619.8667   20.6006
    0.0000   30.0000  -22.5000 2635.4529   20.5098
    7.5000   30.0000  -22.5000 2595.5088   20.7678
   -7.5000   37.5000  -22.5000 2547.3811   21.7845
    0.0000   37.5000  -22.5000 2552.0852   21.6293
    7.5000   37.5000  -22.5000 2524.2407   21.9776
   -7.5000   45.0000  -22.5000 2431.9158   23.2611
    0.0000   45.0000  -22.5000 2439.2490   23.1107
    7.5000   45.0000  -22.5000 2411.7673   23.5196
   -7.5000  -45.0000  -15.0000 2139.9507   30.9020
    0.0000  -45.0000  -15.0000 2159.3872   31.0757
    7.5000  -45.0000  -15.0000 2125.9341   31.5127
   -7.5000  -37.5000  -15.0000 2278.8860   27.4822
    0.0000  -37.5000  -15.0000 2293.5115   27.5893
    7.5000  -37.5000  -15.0000 2262.9087   28.0818
   -7.5000  -30.0000  -15.0000 2414.1921   24.7023
    0.0000  -30.0000  -15.0000 2427.2351   24.7691
    7.5000  -30.0000  -15.0000 2391.5920   25.1398
   -7.5000  -22.5000  -15.0000 2525.0535   22.3139
    0.0000  -22.5000  -15.0000 2542.5229   22.3402
    7.5000  -22.5000  -15.0000 2509.5422   22.6750
   -7.5000  -15.0000  -15.0000 2609.6355   20.3736
    0.0000  -15.0000  -15.0000 2631.0820   20.4039
    7.5000  -15.0000  -15.0000 2601.8376   20.7021
   -7.5000   -7.5000  -15.0000 2693.1965   19.0233
    0.0000   -7.5000  -15.0000 2711.8345   19.0326
    7.5000   -7.5000  -15.0000 2680.0823   19.2645
   -7.5000    0.0000  -15.0000 2741.2932   18.2795
    0.0000    0.0000  -15.0000 2758.1992   18.2170
    7.5000    0.0000  -15.0000 2721.1423   18.5044
   -7.5000    7.5000  -15.0000 2762.1165   17.8822
    0.0000    7.5000  -15.0000 2781.4109   17.8395
    7.5000    7.5000  -15.0000 2741.9897   18.2104
   -7.5000   15.0000  -15.0000 2751.4277   18.0036
    0.0000   15.0000  -15.0000 2766.5061   17.9488
    7.5000   15.0000  -15.0000 2725.0127   18.2382
   -7.5000   22.5000  -15.0000 2738.7214   18.5767
    0.0000   22.5000  -15.0000 2759.9497   18.5715
    7.5000   22.5000  -15.0000 2716.6255   18.7893
   -7.5000   30.0000  -15.0000 2690.5632   19.6179
    0.0000   30.0000  -15.0000 2707.3867   19.4939
    7.5000   30.0000  -15.0000 2676.2166   19.7830
   -7.5000   37.5000  -15.0000 2612.8008   20.8038
    0.0000   37.5000  -15.0000 2632.5981   20.7049
    7.5000   37.5000  -15.0000 2600.1296   21.0360
   -7.5000   45.0000  -15.0000 2512.2358   22.3277
    0.0000   45.0000  -15.0000 2522.9424   22.1439
    7.5000   45.0000  -15.0000 2484.5813   22.5525
   -7.5000  -45.0000   -7.5000 2147.6560   30.5289
    0.0000  -45.0000   -7.5000 2164.9622   30.5231
    7.5000  -45.0000   -7.5000 2134.9700   31.0399
   -7.5000  -37.5000   -7.5000 2292.8027   27.0775
    0.0000  -37.5000   -7.5000 2301.3906   27.0152
    7.5000  -37.5000   -7.5000 2274.6831   27.4914
   -7.5000  -30.0000   -7.5000 2427.9258   24.2598
    0.0000  -30.0000   -7.5000 2436.5325   24.1287
    7.5000  -30.0000   -7.5000 2405.7922   24.5332
   -7.5000  -22.5000   -7.5000 2547.3716   21.8529
    0.0000  -22.5000   -7.5000 2561.3406   21.7187
    7.5000  -22.5000   -7.5000 2531.1392   22.0846
   -7.5000  -15.0000   -7.5000 2645.5676   19.9307
    0.0000  -15.0000   -7.5000 2662.9678   19.8318
    7.5000  -15.0000   -7.5000 2627.6423   20.1249
   -7.5000   -7.5000   -7.5000 2732.7341   18.5787
    0.0000   -7.5000   -7.5000 2746.4316   18.4514
    7.5000   -7.5000   -7.5000 2711.2104   18.7274
   -7.5000    0.0000   -7.5000 2794.1482   17.7723
    0.0000    0.0000   -7.5000 2809.6252   17.6523
    7.5000    0.0000   -7.5000 2769.1770   17.9264
   -7.5000    7.5000   -7.5000 2825.7822   17.3282
    0.0000    7.5000   -7.5000 2843.9382   17.1246
    7.5000    7.5000   -7.5000 2799.1655   17.5745
   -7.5000   15.0000   -7.5000 2822.7827   17.1779
    0.0000   15.0000   -7.5000 2832.3682   16.9465
    7.5000   15.0000   -7.5000 2790.8340   17.4736
   -7.5000   22.5000   -7.5000 2806.6743   17.8682
    0.0000   22.5000   -7.5000 2820.5059   17.6733
    7.5000   22.5000   -7.5000 2777.0254   18.1085
   -7.5000   30.0000   -7.5000 2753.7383   18.9130
    0.0000   30.0000   -7.5000 2770.4136   18.7469
    7.5000   30.0000   -7.5000 2731.2703   19.0751
   -7.5000   37.5000   -7.5000 2675.7415   20.0330
    0.0000   37.5000   -7.5000 2692.2180   19.9392
    7.5000   37.5000   -7.5000 2653.1943   20.1896
   -7.5000   45.0000   -7.5000 2568.7300   21.5762
    0.0000   45.0000   -7.5000 2578.9507   21.3128
    7.5000   45.0000   -7.5000 2540.2395   21.6882
   -7.5000  -45.0000    0.0000 2135.3960   30.4069
    0.0000  -45.0000    0.0000 2148.8491   30.3224
    7.5000  -45.0000    0.0000 2125.3970   30.8593
   -7.5000  -37.5000    0.0000 2292.1721   26.9018
    0.0000  -37.5000    0.0000 2292.2773   26.7446
    7.5000  -37.5000    0.0000 2269.3005   27.1557
   -7.5000  -30.0000    0.0000 2427.9629   23.9823
    0.0000  -30.0000    0.0000 2431.8079   23.7758
    7.5000  -30.0000    0.0000 2409.9614   24.1958
   -7.5000  -22.5000    0.0000 2549.4207   21.5681
    0.0000  -22.5000    0.0000 2563.7881   21.3601
    7.5000  -22.5000    0.0000 2539.6445   21.7903
   -7.5000  -15.0000    0.0000 2653.7805   19.6771
    0.0000  -15.0000    0.0000 2668.8823   19.4597
    7.5000  -15.0000    0.0000 2640.5471   19.8505
   -7.5000   -7.5000    0.0000 2749.1646   18.3220
    0.0000   -7.5000    0.0000 2763.1780   18.0868
    7.5000   -7.5000    0.0000 2724.9312   18.4472
   -7.5000    0.0000    0.0000 2826.4524   17.5240
    0.0000    0.0000    0.0000 2840.0349   17.3095
    7.5000    0.0000    0.0000 2801.9941   17.5711
   -7.5000    7.5000    0.0000 2860.4722   17.1284
    0.0000    7.5000    0.0000 2894.3145   16.9629
    7.5000    7.5000    0.0000 2846.0667   17.2395
   -7.5000   15.0000    0.0000 2863.9912   16.8438
    0.0000   15.0000    0.0000 2878.5876   16.5251
    7.5000   15.0000    0.0000 2844.9885   17.1899
   -7.5000   22.5000    0.0000 2852.1965   17.4785
    0.0000   22.5000    0.0000 2863.6714   17.2274
    7.5000   22.5000    0.0000 2821.8894   17.7200
   -7.5000   30.0000    0.0000 2780.5122   18.3557
    0.0000   30.0000    0.0000 2802.8743   18.2228
    7.5000   30.0000    0.0000 2758.2571   18.5310
   -7.5000   37.5000    0.0000 2707.2502   19.5237
    0.0000   37.5000    0.0000 2722.5830   19.3760
    7.5000   37.5000    0.0000 2678.3059   19.6637
   -7.5000   45.0000    0.0000 2594.7039   21.1005
    0.0000   45.0000    0.0000 2608.3215   20.8964
    7.5000   45.0000    0.0000 2569.2805   21.1651
   -7.5000  -45.0000    7.5000 2123.0046   30.7215
    0.0000  -45.0000    7.5000 2127.3218   30.5170
    7.5000  -45.0000    7.5000 2108.4521   31.2102
   -7.5000  -37.5000    7.5000 2273.5430   27.1301
    0.0000  -37.5000    7.5000 2276.8481   26.8567
    7.5000  -37.5000    7.5000 2250.3606   27.3913
   -7.5000  -30.0000    7.5000 2403.0701   24.0441
    0.0000  -30.0000    7.5000 2413.5422   23.7596
    7.5000  -30.0000    7.5000 2388.9194   24.3083
   -7.5000  -22.5000    7.5000 2526.6819   21.5808
    0.0000  -22.5000    7.5000 2539.7346   21.2917
    7.5000  -22.5000    7.5000 2514.4658   21.8352
   -7.5000  -15.0000    7.5000 2641.2322   19.6520
    0.0000  -15.0000    7.5000 2652.9019   19.3648
    7.5000  -15.0000    7.5000 2625.8076   19.8571
   -7.5000   -7.5000    7.5000 2745.1782   18.2407
    0.0000   -7.5000    7.5000 2756.8447   17.9619
    7.5000   -7.5000    7.5000 2718.4363   18.3832
   -7.5000    0.0000    7.5000 2829.2803   17.3997
    0.0000    0.0000    7.5000 2845.8801   17.1350
    7.5000    0.0000    7.5000 2803.9336   17.4632
   -7.5000    7.5000    7.5000 2874.9238   17.1980
    0.0000    7.5000    7.5000 2906.7668   17.0538
    7.5000    7.5000    7.5000 2858.4473   17.2276
   -7.5000   15.0000    7.5000 2887.4802   17.1055
    0.0000   15.0000    7.5000 2913.1836   16.8342
    7.5000   15.0000    7.5000 2869.6060   17.3004
   -7.5000   22.5000    7.5000 2867.4983   17.2624
    0.0000   22.5000    7.5000 2888.1531   17.0631
    7.5000   22.5000    7.5000 2847.7026   17.5789
   -7.5000   30.0000    7.5000 2797.1907   17.9622
    0.0000   30.0000    7.5000 2812.1360   17.8016
    7.5000   30.0000    7.5000 2777.7844   18.2583
   -7.5000   37.5000    7.5000 2714.8718   19.2498
    0.0000   37.5000    7.5000 2732.9082   19.1312
    7.5000   37.5000    7.5000 2693.7380   19.4263
   -7.5000   45.0000    7.5000 2595.1592   20.9776
    0.0000   45.0000    7.5000 2614.5823   20.8216
    7.5000   45.0000    7.5000 2578.7454   21.1264
   -7.5000  -45.0000   15.0000 2099.5046   31.3097
    0.0000  -45.0000   15.0000 2104.0354   30.9935
    7.5000  -45.0000   15.0000 2081.7463   31.7485
   -7.5000  -37.5000   15.0000 2238.0730   27.5195
    0.0000  -37.5000   15.0000 2246.6895   27.2294
    7.5000  -37.5000   15.0000 2218.9414   27.8299
   -7.5000  -30.0000   15.0000 2366.6880   24.4508
    0.0000  -30.0000   15.0000 2378.7258   24.1404
    7.5000  -30.0000   15.0000 2354.1279   24.7120
   -7.5000  -22.5000   15.0000 2488.4897   21.9926
    0.0000  -22.5000   15.0000 2495.6255   21.6798
    7.5000  -22.5000   15.0000 2473.0696   22.2346
   -7.5000  -15.0000   15.0000 2597.9011   20.0112
    0.0000  -15.0000   15.0000 2609.3132   19.7231
    7.5000  -15.0000   15.0000 2578.1802   20.2481
   -7.5000   -7.5000   15.0000 2702.4045   18.5376
    0.0000   -7.5000   15.0000 2708.4475   18.2458
    7.5000   -7.5000   15.0000 2675.7659   18.7253
   -7.5000    0.0000   15.0000 2784.0403   17.6934
    0.0000    0.0000   15.0000 2804.4912   17.3718
    7.5000    0.0000   15.0000 2761.7371   17.8493
   -7.5000    7.5000   15.0000 2851.4106   17.5029
    0.0000    7.5000   15.0000 2880.8894   17.2630
    7.5000    7.5000   15.0000 2833.1636   17.6602
   -7.5000   15.0000   15.0000 2866.6145   17.4773
    0.0000   15.0000   15.0000 2890.6694   17.1354
    7.5000   15.0000   15.0000 2854.9541   17.6926
   -7.5000   22.5000   15.0000 2848.6663   17.6563
    0.0000   22.5000   15.0000 2867.1443   17.4297
    7.5000   22.5000   15.0000 2833.9329   17.8576
   -7.5000   30.0000   15.0000 2785.6111   18.4020
    0.0000   30.0000   15.0000 2805.3906   18.2944
    7.5000   30.0000   15.0000 2769.8828   18.5740
   -7.5000   37.5000   15.0000 2704.1011   19.5526
    0.0000   37.5000   15.0000 2723.4863   19.4408
    7.5000   37.5000   15.0000 2686.2092   19.7751
   -7.5000   45.0000   15.0000 2584.7463   21.0968
    0.0000   45.0000   15.0000 2601.2917   20.9723
    7.5000   45.0000   15.0000 2566.8398   21.2894
   -7.5000  -45.0000   22.5000 2060.6763   32.1856
    0.0000  -45.0000   22.5000 2071.5498   31.8310
    7.5000  -45.0000   22.5000 2041.4717   32.5894
   -7.5000  -37.5000   22.5000 2190.2542   28.3377
    0.0000  -37.5000   22.5000 2212.7122   28.0826
    7.5000  -37.5000   22.5000 2180.1770   28.7015
   -7.5000  -30.0000   22.5000 2323.0750   25.1831
    0.0000  -30.0000   22.5000 2335.3672   24.9273
    7.5000  -30.0000   22.5000 2315.5654   25.5374
   -7.5000  -22.5000   22.5000 2434.7576   22.6227
    0.0000  -22.5000   22.5000 2451.3271   22.3587
    7.5000  -22.5000   22.5000 2423.2783   22.9158
   -7.5000  -15.0000   22.5000 2540.9062   20.6268
    0.0000  -15.0000   22.5000 2555.7444   20.3678
    7.5000  -15.0000   22.5000 2524.5432   20.9090
   -7.5000   -7.5000   22.5000 2644.5686   19.2075
    0.0000   -7.5000   22.5000 2652.8640   18.9292
    7.5000   -7.5000   22.5000 2617.9517   19.4149
   -7.5000    0.0000   22.5000 2726.6724   18.4402
    0.0000    0.0000   22.5000 2749.5867   18.1585
    7.5000    0.0000   22.5000 2708.9639   18.5718
   -7.5000    7.5000   22.5000 2797.4670   18.0756
    0.0000    7.5000   22.5000 2822.3164   17.8620
    7.5000    7.5000   22.5000 2779.2981   18.2769
   -7.5000   15.0000   22.5000 2815.3159   17.8798
    0.0000   15.0000   22.5000 2828.8022   17.5772
    7.5000   15.0000   22.5000 2803.1433   18.1955
   -7.5000   22.5000   22.5000 2807.8955   18.1744
    0.0000   22.5000   22.5000 2828.1870   18.0027
    7.5000   22.5000   22.5000 2791.2783   18.3598
   -7.5000   30.0000   22.5000 2746.3081   19.0044
    0.0000   30.0000   22.5000 2770.2654   18.7991
    7.5000   30.0000   22.5000 2736.0039   19.1520
   -7.5000   37.5000   22.5000 2656.4641   20.1808
    0.0000   37.5000   22.5000 2679.5754   19.9831
    7.5000   37.5000   22.5000 2646.5598   20.3496
   -7.5000   45.0000   22.5000 2545.4048   21.7301
    0.0000   45.0000   22.5000 2564.0352   21.5748
    7.5000   45.0000   22.5000 2532.1067   21.9245
   -7.5000  -45.0000   30.0000 2010.9579   33.5670
    0.0000  -45.0000   30.0000 2021.7540   33.2536
    7.5000  -45.0000   30.0000 1996.1774   33.9156
   -7.5000  -37.5000   30.0000 2139.6934   29.4963
    0.0000  -37.5000   30.0000 2166.2732   29.2868
    7.5000  -37.5000   30.0000 2131.5989   29.9145
   -7.5000  -30.0000   30.0000 2262.3918   26.1751
    0.0000  -30.0000   30.0000 2282.7524   26.0187
    7.5000  -30.0000   30.0000 2261.9023   26.6102
   -7.5000  -22.5000   30.0000 2378.9939   23.5743
    0.0000  -22.5000   30.0000 2396.3875   23.4447
    7.5000  -22.5000   30.0000 2366.7810   23.9361
   -7.5000  -15.0000   30.0000 2482.1731   21.6569
    0.0000  -15.0000   30.0000 2498.3303   21.4704
    7.5000  -15.0000   30.0000 2464.2278   21.9102
   -7.5000   -7.5000   30.0000 2582.9958   20.2626
    0.0000   -7.5000   30.0000 2595.8425   20.0516
    7.5000   -7.5000   30.0000 2556.5623   20.4342
   -7.5000    0.0000   30.0000 2658.2883   19.4661
    0.0000    0.0000   30.0000 2675.0559   19.2164
    7.5000    0.0000   30.0000 2638.0437   19.5863
   -7.5000    7.5000   30.0000 2721.6536   18.9987
    0.0000    7.5000   30.0000 2742.7766   18.7509
    7.5000    7.5000   30.0000 2704.6206   19.1982
   -7.5000   15.0000   30.0000 2737.6301   18.7611
    0.0000   15.0000   30.0000 2747.0063   18.5058
    7.5000   15.0000   30.0000 2722.7131   19.0265
   -7.5000   22.5000   30.0000 2728.4470   19.1576
    0.0000   22.5000   30.0000 2747.9805   18.9715
    7.5000   22.5000   30.0000 2714.2319   19.2884
   -7.5000   30.0000   30.0000 2673.0667   19.9547
    0.0000   30.0000   30.0000 2688.3303   19.7681
    7.5000   30.0000   30.0000 2660.7759   20.0580
   -7.5000   37.5000   30.0000 2590.0554   21.0474
    0.0000   37.5000   30.0000 2605.9102   20.8282
    7.5000   37.5000   30.0000 2583.2261   21.1967
   -7.5000   45.0000   30.0000 2484.6931   22.4566
    0.0000   45.0000   30.0000 2498.4944   22.2972
    7.5000   45.0000   30.0000 2475.7310   22.6953
   -7.5000  -45.0000   37.5000 1956.5879   35.4132
    0.0000  -45.0000   37.5000 1964.5059   35.1290
    7.5000  -45.0000   37.5000 1944.4863   35.7997
   -7.5000  -37.5000   37.5000 2082.9683   31.1218
    0.0000  -37.5000   37.5000 2096.6392   30.9299
    7.5000  -37.5000   37.5000 2078.4292   31.4822
   -7.5000  -30.0000   37.5000 2200.3848   27.6749
    0.0000  -30.0000   37.5000 2221.1345   27.6051
    7.5000  -30.0000   37.5000 2204.1804   28.1083
   -7.5000  -22.5000   37.5000 2319.9734   25.0607
    0.0000  -22.5000   37.5000 2340.1694   24.9423
    7.5000  -22.5000   37.5000 2311.7686   25.3724
   -7.5000  -15.0000   37.5000 2425.4768   23.0277
    0.0000  -15.0000   37.5000 2444.2490   22.8950
    7.5000  -15.0000   37.5000 2407.2012   23.2785
   -7.5000   -7.5000   37.5000 2518.8398   21.6078
    0.0000   -7.5000   37.5000 2543.7319   21.4733
    7.5000   -7.5000   37.5000 2498.0496   21.7912
   -7.5000    0.0000   37.5000 2589.4868   20.7835
    0.0000    0.0000   37.5000 2612.0923   20.5286
    7.5000    0.0000   37.5000 2565.9817   20.8951
   -7.5000    7.5000   37.5000 2637.2825   20.2185
    0.0000    7.5000   37.5000 2658.6270   20.0252
    7.5000    7.5000   37.5000 2622.7009   20.4278
   -7.5000   15.0000   37.5000 2649.9150   19.9400
    0.0000   15.0000   37.5000 2663.3257   19.7291
    7.5000   15.0000   37.5000 2634.6782   20.1214
   -7.5000   22.5000   37.5000 2632.8899   20.3389
    0.0000   22.5000   37.5000 2651.2571   20.1377
    7.5000   22.5000   37.5000 2618.5195   20.4267
   -7.5000   30.0000   37.5000 2582.6833   21.1164
    0.0000   30.0000   37.5000 2598.4673   20.9705
    7.5000   30.0000   37.5000 2572.1233   21.2287
   -7.5000   37.5000   37.5000 2504.8228   22.1847
    0.0000   37.5000   37.5000 2518.5706   21.9817
    7.5000   37.5000   37.5000 2502.9341   22.3364
   -7.5000   45.0000   37.5000 2411.4500   23.6115
    0.0000   45.0000   37.5000 2426.7944   23.3527
    7.5000   45.0000   37.5000 2408.0703   23.7647
   -7.5000  -45.0000   45.0000 1883.1447   37.8029
    0.0000  -45.0000   45.0000 1894.5989   37.4522
    7.5000  -45.0000   45.0000 1881.2415   38.2109
   -7.5000  -37.5000   45.0000 2015.0345   33.3235
    0.0000  -37.5000   45.0000 2017.8013   33.1125
    7.5000  -37.5000   45.0000 2009.6414   33.7525
   -7.5000  -30.0000   45.0000 2137.5452   29.8320
    0.0000  -30.0000   45.0000 2151.6821   29.6709
    7.5000  -30.0000   45.0000 2138.1038   30.1482
   -7.5000  -22.5000   45.0000 2249.2678   26.9552
    0.0000  -22.5000   45.0000 2270.6223   26.7882
    7.5000  -22.5000   45.0000 2244.5059   27.2239
   -7.5000  -15.0000   45.0000 2351.2405   24.7874
    0.0000  -15.0000   45.0000 2374.2815   24.6763
    7.5000  -15.0000   45.0000 2336.5171   25.0316
   -7.5000   -7.5000   45.0000 2439.1062   23.3842
    0.0000   -7.5000   45.0000 2470.0706   23.2298
    7.5000   -7.5000   45.0000 2422.9766   23.5123
   -7.5000    0.0000   45.0000 2508.5596   22.4036
    0.0000    0.0000   45.0000 2529.3357   22.2122
    7.5000    0.0000   45.0000 2488.4612   22.5298
   -7.5000    7.5000   45.0000 2550.4468   21.8068
    0.0000    7.5000   45.0000 2569.9578   21.6665
    7.5000    7.5000   45.0000 2535.3430   21.9578
   -7.5000   15.0000   45.0000 2549.5977   21.4511
    0.0000   15.0000   45.0000 2566.5122   21.2596
    7.5000   15.0000   45.0000 2541.7119   21.6131
   -7.5000   22.5000   45.0000 2531.4050   21.7607
    0.0000   22.5000   45.0000 2549.7922   21.5928
    7.5000   22.5000   45.0000 2523.2559   21.8716
   -7.5000   30.0000   45.0000 2482.9817   22.5015
    0.0000   30.0000   45.0000 2497.6323   22.3939
    7.5000   30.0000   45.0000 2476.7180   22.6272
   -7.5000   37.5000   45.0000 2413.6152   23.6760
    0.0000   37.5000   45.0000 2421.9312   23.4940
    7.5000   37.5000   45.0000 2407.6912   23.7597
   -7.5000   45.0000   45.0000 2325.9111   25.1070
    0.0000   45.0000   45.0000 2336.2698   24.8137
    7.5000   45.0000   45.0000 2317.7852   25.0991

---------------------------------------------------------------------
imgreg_4dfp /opt/freesurfer/average/711-2C_as_mni_average_305 /opt/freesurfer/average/711-2B_as_mni_average_305_mask talsrcimg_g11 none talsrcimg_to_711-2C_as_mni_average_305_t4 1283
---------------------------------------------------------------------

freesurfer imgreg_4dfp.c
/opt/freesurfer/average/711-2C_as_mni_average_305.4dfp.img
       256       256       256         1
  1.000000  1.000000  1.000000
orientation T byte_order littleendian
Reading image: /opt/freesurfer/average/711-2C_as_mni_average_305.4dfp.img
dimensions:      256       256       256
mmppix:       1.0000   -1.0000   -1.0000
center:     128.0000 -129.0000 -129.0000
/opt/freesurfer/average/711-2B_as_mni_average_305_mask.4dfp.img
       256       256       256         1
  1.000000  1.000000  1.000000
orientation T byte_order littleendian
Reading mask: /opt/freesurfer/average/711-2B_as_mni_average_305_mask.4dfp.img (2306576 pixels)
talsrcimg_g11.4dfp.img
       256       256       256         1
  1.000000  1.000000  1.000000
orientation T byte_order littleendian
Reading image: talsrcimg_g11.4dfp.img
dimensions:      256       256       256
mmppix:       1.0000   -1.0000   -1.0000
center:     128.0000 -129.0000 -129.0000
rotation matrix determinant  1.000000
fimgreg.f
image alignment mode   1283 decimal      503 hex
parameters
    0.0000   15.0000    7.5000    0.0000    0.0000    0.0000
eta,q 0.91554 16.81449
niter,ni,del,rscale     5    3   12.0000    1.2000
parameter  4  2.496465 ->  0.500000 qaram    1.1500
parameters
   -1.4858   12.6351    6.7823   -3.4500   -0.2122   -0.4511
eta,q 0.92577 16.81825
  0.0878  0.0837  0.0896  0.0718  0.0842  0.0772
  0.0851  0.0797  0.0814  0.0735  0.0790  0.0759
  0.0826  0.0800  0.0773  0.0756  0.0753  0.0749
  0.0830  0.0815  0.0792  0.0779  0.0740  0.0740
  0.0871  0.0848  0.0847  0.0814  0.0772  0.0745
  0.0902  0.0894  0.0889  0.0853  0.0814  0.0762
  0.0945  0.0955  0.0896  0.0879  0.0841  0.0789
niter,ni,del,rscale     5    3   12.0000    1.2000
parameter  4  0.777599 ->  0.500000 qaram    1.3225
parameters
   -1.1589   13.2953    6.6718   -7.4175   -0.5533   -0.2103
eta,q 0.93011 16.71474
  0.0902  0.0870  0.0885  0.0717  0.0778  0.0740
  0.0886  0.0817  0.0797  0.0703  0.0732  0.0724
  0.0811  0.0755  0.0744  0.0710  0.0703  0.0707
  0.0742  0.0739  0.0744  0.0742  0.0700  0.0699
  0.0765  0.0759  0.0802  0.0771  0.0728  0.0702
  0.0832  0.0784  0.0841  0.0805  0.0761  0.0717
  0.0905  0.0821  0.0849  0.0850  0.0776  0.0737
niter,ni,del,rscale     5    3   12.0000    1.2000
parameters
   -1.2025   14.3403    6.9396  -10.1420   -0.7995    0.2427
eta,q 0.92968 16.60300
  0.0849  0.0844  0.0828  0.0728  0.0770  0.0747
  0.0814  0.0806  0.0743  0.0712  0.0724  0.0731
  0.0737  0.0758  0.0688  0.0702  0.0705  0.0707
  0.0699  0.0699  0.0689  0.0693  0.0703  0.0702
  0.0735  0.0704  0.0734  0.0737  0.0715  0.0710
  0.0798  0.0764  0.0759  0.0773  0.0743  0.0718
  0.0868  0.0780  0.0772  0.0800  0.0772  0.0736
niter,ni,del,rscale     4    3   12.0000    1.2000
parameters
   -1.0149   15.3401    6.3316  -11.6231   -0.7514   -0.3822
eta,q 0.93103 16.67384
  0.0858  0.0833  0.0763  0.0727  0.0782  0.0720
  0.0814  0.0785  0.0713  0.0691  0.0725  0.0698
  0.0737  0.0738  0.0688  0.0693  0.0693  0.0686
  0.0703  0.0704  0.0695  0.0688  0.0693  0.0693
  0.0730  0.0701  0.0732  0.0696  0.0708  0.0704
  0.0784  0.0748  0.0752  0.0736  0.0732  0.0711
  0.0852  0.0771  0.0763  0.0761  0.0768  0.0725
niter,ni,del,rscale     3    3   12.0000    1.2000
parameters
   -1.1155   16.1059    5.9044  -12.9468   -0.4471   -0.6345
eta,q 0.93183 16.74913
  0.0843  0.0797  0.0758  0.0733  0.0774  0.0714
  0.0791  0.0751  0.0717  0.0680  0.0719  0.0693
  0.0715  0.0713  0.0688  0.0674  0.0686  0.0678
  0.0690  0.0689  0.0688  0.0686  0.0682  0.0683
  0.0730  0.0699  0.0721  0.0695  0.0694  0.0692
  0.0793  0.0729  0.0747  0.0735  0.0716  0.0701
  0.0852  0.0752  0.0754  0.0755  0.0749  0.0713
niter,ni,del,rscale     2    3   12.0000    1.2000
parameters
   -1.3233   16.5910    5.4867  -13.8297    0.0658   -0.6525
eta,q 0.93300 16.78403
  0.0833  0.0786  0.0750  0.0741  0.0763  0.0712
  0.0774  0.0740  0.0708  0.0687  0.0708  0.0685
  0.0696  0.0696  0.0679  0.0660  0.0676  0.0669
  0.0682  0.0679  0.0679  0.0676  0.0669  0.0670
  0.0726  0.0683  0.0707  0.0690  0.0681  0.0682
  0.0788  0.0714  0.0735  0.0731  0.0700  0.0691
  0.0845  0.0761  0.0753  0.0756  0.0727  0.0704
niter,ni,del,rscale     1    3   12.0000    1.2000
parameters
   -1.5216   16.8831    5.2829  -14.4254    0.4624   -0.7852
eta,q 0.93368 16.79345
  0.0821  0.0781  0.0750  0.0745  0.0745  0.0705
  0.0759  0.0732  0.0702  0.0695  0.0692  0.0678
  0.0680  0.0689  0.0672  0.0659  0.0664  0.0660
  0.0670  0.0668  0.0667  0.0667  0.0662  0.0664
  0.0715  0.0672  0.0690  0.0686  0.0675  0.0675
  0.0772  0.0710  0.0722  0.0721  0.0691  0.0685
  0.0831  0.0769  0.0748  0.0760  0.0714  0.0700
registration optimization eta report
parameter search radius
    6.0000    6.0000    6.0000    7.9350    6.0000    6.0000
100000*second partial in parameter space
       42.       30.       22.       14.       19.       11.
  0.0821  0.0781  0.0750  0.0745  0.0745  0.0705
  0.0759  0.0732  0.0702  0.0695  0.0692  0.0678
  0.0680  0.0689  0.0672  0.0659  0.0664  0.0660
  0.0670  0.0668  0.0667  0.0667  0.0662  0.0664
  0.0715  0.0672  0.0690  0.0686  0.0675  0.0675
  0.0772  0.0710  0.0722  0.0721  0.0691  0.0685
  0.0831  0.0769  0.0748  0.0760  0.0714  0.0700
   -1.5216   16.8831    5.2829  -14.4254    0.4624   -0.7852
eta,q 0.93368 16.79345

---------------------------------------------------------------------
imgreg_4dfp /opt/freesurfer/average/711-2C_as_mni_average_305 /opt/freesurfer/average/711-2B_as_mni_average_305_mask talsrcimg_g11 none talsrcimg_to_711-2C_as_mni_average_305_t4 3335
---------------------------------------------------------------------

freesurfer imgreg_4dfp.c
/opt/freesurfer/average/711-2C_as_mni_average_305.4dfp.img
       256       256       256         1
  1.000000  1.000000  1.000000
orientation T byte_order littleendian
Reading image: /opt/freesurfer/average/711-2C_as_mni_average_305.4dfp.img
dimensions:      256       256       256
mmppix:       1.0000   -1.0000   -1.0000
center:     128.0000 -129.0000 -129.0000
/opt/freesurfer/average/711-2B_as_mni_average_305_mask.4dfp.img
       256       256       256         1
  1.000000  1.000000  1.000000
orientation T byte_order littleendian
Reading mask: /opt/freesurfer/average/711-2B_as_mni_average_305_mask.4dfp.img (2306576 pixels)
talsrcimg_g11.4dfp.img
       256       256       256         1
  1.000000  1.000000  1.000000
orientation T byte_order littleendian
Reading image: talsrcimg_g11.4dfp.img
dimensions:      256       256       256
mmppix:       1.0000   -1.0000   -1.0000
center:     128.0000 -129.0000 -129.0000
fimgreg.f
image alignment mode   3335 decimal      D07 hex
parameters
   -1.5216   16.8831    5.2829   -0.0126   -3.1646   -3.1559
    1.5281   -0.4401   -1.3703   24.9203    0.8070  -24.9111
eta,q 0.93347 16.76787
niter,ni,del,rscale     5    3    5.0000    1.2000
parameter  3  0.532458 ->  0.500000 qaram    1.1500
parameter  4  1.389848 ->  0.500000 qaram    1.1500
parameter  5  1.342434 ->  0.500000 qaram    1.1500
parameter  6  1.132077 ->  0.500000 qaram    1.1500
parameter 11  0.520109 ->  0.500000 qaram    1.1500
parameters
   -1.3410   17.8532    3.9029   -4.1526   -7.3046   -7.2959
   -1.5595   -1.3693    0.6603   22.9107   -3.3330  -26.1315
eta,q 0.94736 16.23348
  0.0687  0.0695  0.0661  0.0592  0.0540  0.0514  0.0535  0.0543  0.0540  0.0536  0.0529  0.0533
  0.0675  0.0682  0.0657  0.0605  0.0553  0.0529  0.0531  0.0534  0.0536  0.0531  0.0528  0.0527
  0.0669  0.0671  0.0657  0.0628  0.0575  0.0542  0.0530  0.0531  0.0533  0.0529  0.0528  0.0526
  0.0665  0.0665  0.0662  0.0657  0.0611  0.0558  0.0533  0.0530  0.0530  0.0529  0.0529  0.0528
  0.0666  0.0662  0.0669  0.0693  0.0656  0.0584  0.0538  0.0533  0.0529  0.0534  0.0530  0.0531
  0.0671  0.0663  0.0678  0.0739  0.0709  0.0623  0.0544  0.0540  0.0530  0.0543  0.0532  0.0533
  0.0682  0.0668  0.0689  0.0792  0.0767  0.0670  0.0553  0.0553  0.0533  0.0551  0.0534  0.0534
niter,ni,del,rscale     7    3    5.0000    1.2000
parameter  2 -0.930399 -> -0.500000 qaram    1.1500
parameter  3 -0.582938 -> -0.500000 qaram    1.3225
parameter  4  0.991142 ->  0.500000 qaram    1.3225
parameter  5  1.031624 ->  0.500000 qaram    1.3225
parameter  6  0.741192 ->  0.500000 qaram    1.3225
parameter  8 -0.511856 -> -0.500000 qaram    1.1500
parameter 11 -0.533791 -> -0.500000 qaram    1.3225
parameters
   -0.5674   19.2332    5.4899   -8.9136  -12.0656  -12.0569
   -4.3465    2.7707   -0.7289   25.5903    1.4280  -25.7974
eta,q 0.95978 15.41962
  0.0560  0.0580  0.0538  0.0466  0.0419  0.0423  0.0424  0.0471  0.0416  0.0447  0.0434  0.0419
  0.0545  0.0558  0.0527  0.0470  0.0434  0.0421  0.0419  0.0451  0.0411  0.0431  0.0422  0.0409
  0.0534  0.0538  0.0517  0.0481  0.0451  0.0424  0.0418  0.0433  0.0409  0.0419  0.0413  0.0403
  0.0526  0.0524  0.0510  0.0505  0.0472  0.0438  0.0421  0.0418  0.0410  0.0410  0.0406  0.0402
  0.0524  0.0514  0.0506  0.0538  0.0509  0.0455  0.0426  0.0410  0.0413  0.0406  0.0403  0.0405
  0.0527  0.0509  0.0505  0.0577  0.0559  0.0471  0.0432  0.0411  0.0416  0.0409  0.0402  0.0409
  0.0534  0.0507  0.0508  0.0625  0.0624  0.0506  0.0441  0.0420  0.0421  0.0416  0.0406  0.0415
niter,ni,del,rscale     7    3    5.0000    1.2000
parameter  2 -1.085902 -> -0.500000 qaram    1.3225
parameter  5  0.742981 ->  0.500000 qaram    1.5209
parameter 12  0.776353 ->  0.500000 qaram    1.1500
parameters
   -0.8126   20.8202    5.0737  -13.3115  -17.5408  -13.3185
   -2.0158    0.8741    1.9713   29.0594    3.6111  -29.9374
eta,q 0.96702 14.89153
  0.0424  0.0470  0.0398  0.0384  0.0350  0.0376  0.0382  0.0370  0.0373  0.0381  0.0356  0.0332
  0.0411  0.0444  0.0388  0.0379  0.0350  0.0364  0.0370  0.0355  0.0362  0.0366  0.0348  0.0330
  0.0403  0.0421  0.0382  0.0376  0.0359  0.0356  0.0360  0.0348  0.0354  0.0355  0.0342  0.0332
  0.0402  0.0402  0.0381  0.0381  0.0377  0.0352  0.0353  0.0349  0.0348  0.0345  0.0338  0.0337
  0.0408  0.0388  0.0386  0.0401  0.0408  0.0358  0.0349  0.0359  0.0345  0.0339  0.0337  0.0345
  0.0419  0.0379  0.0396  0.0434  0.0453  0.0374  0.0352  0.0378  0.0347  0.0339  0.0340  0.0355
  0.0434  0.0377  0.0410  0.0474  0.0510  0.0395  0.0360  0.0405  0.0352  0.0347  0.0345  0.0366
niter,ni,del,rscale     7    3    5.0000    1.2000
parameter  2 -0.677777 -> -0.500000 qaram    1.5209
parameters
   -1.2657   22.6453    4.8839  -14.9669  -21.0070  -12.1839
   -2.7626    0.2837    3.1407   30.0974    3.3329  -33.4061
eta,q 0.97044 14.78635
  0.0347  0.0413  0.0332  0.0327  0.0338  0.0347  0.0325  0.0339  0.0336  0.0339  0.0315  0.0307
  0.0335  0.0381  0.0320  0.0321  0.0316  0.0330  0.0313  0.0320  0.0320  0.0320  0.0308  0.0298
  0.0329  0.0352  0.0313  0.0315  0.0306  0.0316  0.0305  0.0306  0.0309  0.0308  0.0304  0.0296
  0.0330  0.0329  0.0311  0.0311  0.0313  0.0306  0.0304  0.0303  0.0303  0.0302  0.0302  0.0302
  0.0337  0.0314  0.0315  0.0314  0.0336  0.0304  0.0309  0.0310  0.0303  0.0303  0.0303  0.0313
  0.0349  0.0312  0.0324  0.0328  0.0375  0.0317  0.0321  0.0326  0.0309  0.0310  0.0308  0.0326
  0.0366  0.0318  0.0338  0.0355  0.0437  0.0334  0.0336  0.0352  0.0320  0.0322  0.0317  0.0339
niter,ni,del,rscale     7    3    5.0000    1.2000
parameters
   -1.3694   22.8864    4.6764  -14.8176  -22.1773  -12.0319
   -3.3012    0.2005    3.3193   31.0862    2.8647  -34.0666
eta,q 0.97065 14.77791
  0.0321  0.0364  0.0321  0.0320  0.0349  0.0338  0.0320  0.0337  0.0322  0.0332  0.0311  0.0319
  0.0307  0.0329  0.0307  0.0311  0.0322  0.0318  0.0306  0.0315  0.0308  0.0313  0.0302  0.0305
  0.0298  0.0305  0.0297  0.0302  0.0300  0.0303  0.0297  0.0299  0.0298  0.0300  0.0296  0.0296
  0.0296  0.0296  0.0295  0.0295  0.0295  0.0294  0.0294  0.0294  0.0294  0.0294  0.0294  0.0294
  0.0300  0.0300  0.0301  0.0293  0.0308  0.0301  0.0300  0.0300  0.0297  0.0296  0.0297  0.0301
  0.0310  0.0318  0.0312  0.0303  0.0337  0.0315  0.0312  0.0315  0.0306  0.0303  0.0304  0.0313
  0.0326  0.0348  0.0328  0.0325  0.0383  0.0337  0.0329  0.0340  0.0320  0.0315  0.0315  0.0327
niter,ni,del,rscale     6    3    5.0000    1.2000
parameters
   -1.3806   22.9151    4.5387  -14.5136  -22.3839  -11.8057
   -3.4257    0.1875    3.3391   31.4444    2.7835  -34.3503
eta,q 0.97072 14.81513
  0.0321  0.0354  0.0322  0.0320  0.0356  0.0337  0.0323  0.0337  0.0320  0.0325  0.0313  0.0321
  0.0306  0.0321  0.0306  0.0310  0.0329  0.0317  0.0307  0.0314  0.0306  0.0308  0.0302  0.0307
  0.0297  0.0301  0.0296  0.0301  0.0304  0.0302  0.0297  0.0298  0.0296  0.0297  0.0295  0.0296
  0.0294  0.0293  0.0293  0.0293  0.0293  0.0293  0.0293  0.0293  0.0293  0.0293  0.0293  0.0293
  0.0297  0.0300  0.0299  0.0291  0.0301  0.0299  0.0297  0.0298  0.0296  0.0296  0.0295  0.0298
  0.0306  0.0321  0.0310  0.0301  0.0327  0.0312  0.0308  0.0313  0.0305  0.0305  0.0302  0.0310
  0.0322  0.0351  0.0326  0.0323  0.0367  0.0335  0.0325  0.0339  0.0319  0.0318  0.0314  0.0324
niter,ni,del,rscale     5    3    5.0000    1.2000
parameters
   -1.3778   22.9006    4.5032  -14.4718  -22.4747  -11.7167
   -3.4402    0.1874    3.3286   31.5542    2.7592  -34.4512
eta,q 0.97072 14.82127
  0.0321  0.0352  0.0324  0.0319  0.0357  0.0336  0.0324  0.0338  0.0319  0.0322  0.0314  0.0322
  0.0306  0.0320  0.0307  0.0310  0.0330  0.0316  0.0308  0.0314  0.0305  0.0306  0.0302  0.0308
  0.0296  0.0300  0.0296  0.0300  0.0305  0.0301  0.0297  0.0298  0.0296  0.0296  0.0295  0.0297
  0.0293  0.0293  0.0293  0.0293  0.0293  0.0293  0.0293  0.0293  0.0293  0.0293  0.0293  0.0293
  0.0296  0.0300  0.0297  0.0291  0.0301  0.0300  0.0296  0.0298  0.0296  0.0297  0.0295  0.0298
  0.0306  0.0322  0.0308  0.0302  0.0326  0.0312  0.0308  0.0313  0.0305  0.0306  0.0302  0.0309
  0.0321  0.0351  0.0325  0.0326  0.0365  0.0337  0.0325  0.0339  0.0319  0.0319  0.0314  0.0323
niter,ni,del,rscale     4    3    5.0000    1.2000
parameters
   -1.3790   22.8974    4.4965  -14.4604  -22.5104  -11.6894
   -3.4455    0.1863    3.3257   31.5903    2.7511  -34.4847
eta,q 0.97072 14.82272
  0.0321  0.0352  0.0324  0.0319  0.0358  0.0336  0.0324  0.0338  0.0319  0.0322  0.0314  0.0323
  0.0306  0.0320  0.0308  0.0310  0.0330  0.0316  0.0308  0.0314  0.0305  0.0305  0.0302  0.0308
  0.0296  0.0300  0.0297  0.0300  0.0305  0.0301  0.0297  0.0298  0.0296  0.0295  0.0295  0.0297
  0.0293  0.0293  0.0293  0.0293  0.0293  0.0293  0.0293  0.0293  0.0293  0.0293  0.0293  0.0293
  0.0296  0.0300  0.0297  0.0291  0.0300  0.0300  0.0296  0.0298  0.0296  0.0297  0.0295  0.0298
  0.0306  0.0321  0.0308  0.0303  0.0325  0.0312  0.0308  0.0313  0.0305  0.0306  0.0302  0.0309
  0.0321  0.0351  0.0324  0.0327  0.0364  0.0337  0.0325  0.0339  0.0319  0.0320  0.0314  0.0323
registration optimization eta report
parameter search radius
    2.4000    3.6501    3.1740    9.5220   10.9503    9.5220
    7.2000    8.2800    7.2000    7.2000    9.5220    8.2800
100000*second partial in parameter space
       49.       44.       31.        3.        6.        5.
        6.        7.        5.        5.        2.        4.
  0.0321  0.0352  0.0324  0.0319  0.0358  0.0336  0.0324  0.0338  0.0319  0.0322  0.0314  0.0323
  0.0306  0.0320  0.0308  0.0310  0.0330  0.0316  0.0308  0.0314  0.0305  0.0305  0.0302  0.0308
  0.0296  0.0300  0.0297  0.0300  0.0305  0.0301  0.0297  0.0298  0.0296  0.0295  0.0295  0.0297
  0.0293  0.0293  0.0293  0.0293  0.0293  0.0293  0.0293  0.0293  0.0293  0.0293  0.0293  0.0293
  0.0296  0.0300  0.0297  0.0291  0.0300  0.0300  0.0296  0.0298  0.0296  0.0297  0.0295  0.0298
  0.0306  0.0321  0.0308  0.0303  0.0325  0.0312  0.0308  0.0313  0.0305  0.0306  0.0302  0.0309
  0.0321  0.0351  0.0324  0.0327  0.0364  0.0337  0.0325  0.0339  0.0319  0.0320  0.0314  0.0323
   -1.3790   22.8974    4.4965  -14.4604  -22.5104  -11.6894
   -3.4455    0.1863    3.3257   31.5903    2.7511  -34.4847
eta,q 0.97072 14.82272

---------------------------------------------------------------------
imgreg_4dfp /opt/freesurfer/average/711-2C_as_mni_average_305 /opt/freesurfer/average/711-2B_as_mni_average_305_mask talsrcimg_g11 none talsrcimg_to_711-2C_as_mni_average_305_t4 2311
---------------------------------------------------------------------

freesurfer imgreg_4dfp.c
/opt/freesurfer/average/711-2C_as_mni_average_305.4dfp.img
       256       256       256         1
  1.000000  1.000000  1.000000
orientation T byte_order littleendian
Reading image: /opt/freesurfer/average/711-2C_as_mni_average_305.4dfp.img
dimensions:      256       256       256
mmppix:       1.0000   -1.0000   -1.0000
center:     128.0000 -129.0000 -129.0000
/opt/freesurfer/average/711-2B_as_mni_average_305_mask.4dfp.img
       256       256       256         1
  1.000000  1.000000  1.000000
orientation T byte_order littleendian
Reading mask: /opt/freesurfer/average/711-2B_as_mni_average_305_mask.4dfp.img (2306576 pixels)
talsrcimg_g11.4dfp.img
       256       256       256         1
  1.000000  1.000000  1.000000
orientation T byte_order littleendian
Reading image: talsrcimg_g11.4dfp.img
dimensions:      256       256       256
mmppix:       1.0000   -1.0000   -1.0000
center:     128.0000 -129.0000 -129.0000
fimgreg.f
image alignment mode   2311 decimal      907 hex
parameters
   -1.3790   22.8974    4.4965  -14.4605  -22.5104  -11.6894
   -3.4455    0.1863    3.3257   31.5903    2.7511  -34.4847
eta,q 0.97072 14.82272
niter,ni,del,rscale     5    3    5.0000    0.8000
parameters
   -1.3659   22.8735    4.4726  -12.5827  -22.2829  -11.6556
   -3.2412    0.1887    3.4410   31.7564    2.9471  -34.1237
eta,q 0.97094 14.96899
  0.0306  0.0305  0.0302  0.0305  0.0309  0.0306  0.0308  0.0308  0.0304  0.0305  0.0298  0.0305
  0.0299  0.0298  0.0297  0.0301  0.0300  0.0299  0.0299  0.0299  0.0297  0.0297  0.0294  0.0298
  0.0294  0.0294  0.0294  0.0296  0.0293  0.0293  0.0293  0.0293  0.0292  0.0292  0.0292  0.0293
  0.0293  0.0293  0.0293  0.0293  0.0291  0.0291  0.0291  0.0291  0.0291  0.0291  0.0291  0.0291
  0.0294  0.0294  0.0294  0.0291  0.0292  0.0293  0.0292  0.0292  0.0292  0.0292  0.0291  0.0292
  0.0298  0.0299  0.0297  0.0291  0.0298  0.0299  0.0297  0.0298  0.0296  0.0297  0.0293  0.0295
  0.0306  0.0306  0.0302  0.0295  0.0306  0.0305  0.0306  0.0308  0.0303  0.0303  0.0297  0.0301
niter,ni,del,rscale     4    3    5.0000    0.7000
parameters
   -1.3411   22.8191    4.4274  -12.6843  -22.1371  -11.5534
   -3.1762    0.2543    3.4649   31.6848    2.9560  -34.0820
eta,q 0.97094 14.97181
  0.0302  0.0299  0.0297  0.0298  0.0305  0.0303  0.0303  0.0304  0.0300  0.0301  0.0296  0.0301
  0.0296  0.0294  0.0293  0.0295  0.0297  0.0297  0.0297  0.0297  0.0295  0.0295  0.0293  0.0295
  0.0292  0.0291  0.0291  0.0292  0.0292  0.0293  0.0292  0.0292  0.0292  0.0291  0.0291  0.0292
  0.0291  0.0291  0.0291  0.0291  0.0291  0.0291  0.0291  0.0291  0.0291  0.0291  0.0291  0.0291
  0.0292  0.0292  0.0292  0.0291  0.0292  0.0292  0.0292  0.0292  0.0292  0.0292  0.0291  0.0292
  0.0295  0.0295  0.0294  0.0294  0.0296  0.0296  0.0296  0.0296  0.0295  0.0296  0.0293  0.0295
  0.0301  0.0301  0.0298  0.0301  0.0303  0.0302  0.0303  0.0304  0.0300  0.0301  0.0296  0.0300
niter,ni,del,rscale     3    3    5.0000    0.6000
parameters
   -1.3446   22.7993    4.4567  -12.5928  -22.1535  -11.5501
   -3.1488    0.2642    3.4767   31.6234    2.9796  -34.0397
eta,q 0.97094 14.97259
  0.0299  0.0297  0.0296  0.0297  0.0300  0.0300  0.0300  0.0301  0.0298  0.0298  0.0294  0.0298
  0.0294  0.0294  0.0293  0.0294  0.0295  0.0295  0.0295  0.0295  0.0294  0.0294  0.0292  0.0294
  0.0291  0.0291  0.0291  0.0292  0.0292  0.0292  0.0292  0.0292  0.0291  0.0291  0.0291  0.0291
  0.0291  0.0291  0.0291  0.0291  0.0291  0.0291  0.0291  0.0291  0.0291  0.0291  0.0291  0.0291
  0.0291  0.0291  0.0291  0.0291  0.0292  0.0292  0.0292  0.0292  0.0291  0.0292  0.0291  0.0291
  0.0294  0.0294  0.0293  0.0293  0.0295  0.0295  0.0295  0.0295  0.0294  0.0294  0.0292  0.0294
  0.0299  0.0298  0.0296  0.0297  0.0300  0.0300  0.0300  0.0301  0.0298  0.0298  0.0294  0.0298
niter,ni,del,rscale     2    3    5.0000    0.5000
parameters
   -1.3413   22.8062    4.4640  -12.4696  -22.1876  -11.5648
   -3.1187    0.2687    3.4974   31.5828    2.9979  -34.0208
eta,q 0.97095 14.97666
  0.0296  0.0296  0.0294  0.0295  0.0297  0.0297  0.0297  0.0297  0.0296  0.0296  0.0293  0.0296
  0.0293  0.0293  0.0292  0.0293  0.0293  0.0294  0.0294  0.0294  0.0293  0.0293  0.0292  0.0293
  0.0291  0.0291  0.0291  0.0291  0.0291  0.0291  0.0291  0.0291  0.0291  0.0291  0.0291  0.0291
  0.0291  0.0291  0.0291  0.0291  0.0290  0.0291  0.0291  0.0291  0.0291  0.0290  0.0290  0.0290
  0.0291  0.0291  0.0291  0.0291  0.0291  0.0291  0.0291  0.0291  0.0291  0.0291  0.0291  0.0291
  0.0293  0.0293  0.0292  0.0292  0.0294  0.0294  0.0293  0.0293  0.0293  0.0293  0.0292  0.0293
  0.0296  0.0295  0.0294  0.0295  0.0298  0.0298  0.0297  0.0297  0.0295  0.0296  0.0293  0.0296
niter,ni,del,rscale     1    3    5.0000    0.4000
parameters
   -1.3384   22.8056    4.4577  -12.3750  -22.2126  -11.5783
   -3.0961    0.2874    3.4969   31.5649    3.0067  -34.0230
eta,q 0.97096 14.98032
  0.0294  0.0294  0.0293  0.0294  0.0295  0.0295  0.0295  0.0295  0.0294  0.0294  0.0292  0.0294
  0.0292  0.0292  0.0291  0.0292  0.0292  0.0293  0.0292  0.0293  0.0292  0.0292  0.0291  0.0292
  0.0291  0.0291  0.0291  0.0291  0.0291  0.0291  0.0291  0.0291  0.0291  0.0291  0.0291  0.0291
  0.0290  0.0290  0.0290  0.0290  0.0290  0.0290  0.0290  0.0290  0.0290  0.0290  0.0290  0.0290
  0.0291  0.0291  0.0291  0.0291  0.0291  0.0291  0.0291  0.0291  0.0291  0.0291  0.0291  0.0291
  0.0292  0.0292  0.0292  0.0292  0.0293  0.0293  0.0292  0.0292  0.0292  0.0292  0.0291  0.0292
  0.0294  0.0294  0.0293  0.0293  0.0295  0.0295  0.0295  0.0295  0.0294  0.0294  0.0292  0.0294
registration optimization eta report
parameter search radius
    0.8000    0.8000    0.8000    2.4000    2.4000    2.4000
    2.4000    2.4000    2.4000    2.4000    2.4000    2.4000
100000*second partial in parameter space
       57.       49.       38.        5.        8.        8.
        7.        8.        6.        6.        3.        6.
  0.0294  0.0294  0.0293  0.0294  0.0295  0.0295  0.0295  0.0295  0.0294  0.0294  0.0292  0.0294
  0.0292  0.0292  0.0291  0.0292  0.0292  0.0293  0.0292  0.0293  0.0292  0.0292  0.0291  0.0292
  0.0291  0.0291  0.0291  0.0291  0.0291  0.0291  0.0291  0.0291  0.0291  0.0291  0.0291  0.0291
  0.0290  0.0290  0.0290  0.0290  0.0290  0.0290  0.0290  0.0290  0.0290  0.0290  0.0290  0.0290
  0.0291  0.0291  0.0291  0.0291  0.0291  0.0291  0.0291  0.0291  0.0291  0.0291  0.0291  0.0291
  0.0292  0.0292  0.0292  0.0292  0.0293  0.0293  0.0292  0.0292  0.0292  0.0292  0.0291  0.0292
  0.0294  0.0294  0.0293  0.0293  0.0295  0.0295  0.0295  0.0295  0.0294  0.0294  0.0292  0.0294
   -1.3384   22.8056    4.4577  -12.3750  -22.2126  -11.5783
   -3.0961    0.2874    3.4969   31.5649    3.0067  -34.0230
eta,q 0.97096 14.98032

---------------------------------------------------------------------
imgreg_4dfp /opt/freesurfer/average/711-2C_as_mni_average_305 /opt/freesurfer/average/711-2B_as_mni_average_305_mask talsrcimg_g11 none talsrcimg_to_711-2C_as_mni_average_305_t4 2311
---------------------------------------------------------------------

freesurfer imgreg_4dfp.c
/opt/freesurfer/average/711-2C_as_mni_average_305.4dfp.img
       256       256       256         1
  1.000000  1.000000  1.000000
orientation T byte_order littleendian
Reading image: /opt/freesurfer/average/711-2C_as_mni_average_305.4dfp.img
dimensions:      256       256       256
mmppix:       1.0000   -1.0000   -1.0000
center:     128.0000 -129.0000 -129.0000
/opt/freesurfer/average/711-2B_as_mni_average_305_mask.4dfp.img
       256       256       256         1
  1.000000  1.000000  1.000000
orientation T byte_order littleendian
Reading mask: /opt/freesurfer/average/711-2B_as_mni_average_305_mask.4dfp.img (2306576 pixels)
talsrcimg_g11.4dfp.img
       256       256       256         1
  1.000000  1.000000  1.000000
orientation T byte_order littleendian
Reading image: talsrcimg_g11.4dfp.img
dimensions:      256       256       256
mmppix:       1.0000   -1.0000   -1.0000
center:     128.0000 -129.0000 -129.0000
fimgreg.f
image alignment mode   2311 decimal      907 hex
parameters
   -1.3384   22.8056    4.4577  -12.3750  -22.2126  -11.5783
   -3.0961    0.2874    3.4969   31.5649    3.0067  -34.0230
eta,q 0.97096 14.98033
niter,ni,del,rscale     5    3    5.0000    0.8000
parameters
   -1.3438   22.7940    4.4507  -12.8180  -22.1113  -11.5508
   -3.1810    0.2289    3.4473   31.6621    2.9562  -34.0524
eta,q 0.97093 14.96067
  0.0304  0.0303  0.0300  0.0299  0.0308  0.0305  0.0306  0.0308  0.0303  0.0305  0.0297  0.0303
  0.0297  0.0296  0.0295  0.0295  0.0299  0.0298  0.0298  0.0298  0.0296  0.0297  0.0294  0.0296
  0.0292  0.0292  0.0291  0.0292  0.0293  0.0293  0.0292  0.0293  0.0292  0.0292  0.0291  0.0292
  0.0290  0.0290  0.0290  0.0290  0.0291  0.0291  0.0291  0.0291  0.0291  0.0291  0.0291  0.0291
  0.0292  0.0292  0.0292  0.0292  0.0292  0.0293  0.0293  0.0293  0.0292  0.0292  0.0291  0.0292
  0.0297  0.0296  0.0295  0.0297  0.0298  0.0298  0.0298  0.0298  0.0297  0.0297  0.0294  0.0297
  0.0305  0.0303  0.0300  0.0306  0.0307  0.0305  0.0307  0.0309  0.0304  0.0303  0.0297  0.0303
niter,ni,del,rscale     4    3    5.0000    0.7000
parameters
   -1.3495   22.8038    4.4762  -12.7412  -22.1249  -11.5206
   -3.1738    0.2443    3.4559   31.6452    2.9423  -34.0222
eta,q 0.97094 14.96614
  0.0301  0.0300  0.0298  0.0299  0.0304  0.0303  0.0303  0.0304  0.0300  0.0301  0.0296  0.0301
  0.0295  0.0295  0.0294  0.0295  0.0297  0.0297  0.0297  0.0297  0.0295  0.0295  0.0293  0.0295
  0.0292  0.0292  0.0292  0.0292  0.0292  0.0292  0.0292  0.0292  0.0292  0.0292  0.0291  0.0292
  0.0291  0.0291  0.0291  0.0291  0.0291  0.0291  0.0291  0.0291  0.0291  0.0291  0.0291  0.0291
  0.0292  0.0292  0.0291  0.0291  0.0292  0.0292  0.0292  0.0292  0.0292  0.0292  0.0291  0.0292
  0.0296  0.0295  0.0294  0.0294  0.0297  0.0297  0.0296  0.0296  0.0295  0.0296  0.0293  0.0295
  0.0301  0.0300  0.0298  0.0300  0.0304  0.0302  0.0303  0.0304  0.0300  0.0301  0.0296  0.0300
niter,ni,del,rscale     3    3    5.0000    0.6000
parameters
   -1.3457   22.8068    4.4832  -12.5950  -22.1546  -11.5294
   -3.1530    0.2574    3.4740   31.6089    2.9542  -34.0007
eta,q 0.97094 14.97238
  0.0299  0.0298  0.0296  0.0297  0.0300  0.0300  0.0300  0.0301  0.0298  0.0298  0.0294  0.0298
  0.0294  0.0294  0.0293  0.0294  0.0295  0.0295  0.0295  0.0295  0.0294  0.0294  0.0292  0.0294
  0.0292  0.0291  0.0291  0.0292  0.0292  0.0292  0.0292  0.0292  0.0291  0.0291  0.0291  0.0291
  0.0291  0.0291  0.0291  0.0291  0.0291  0.0291  0.0291  0.0291  0.0291  0.0291  0.0291  0.0291
  0.0291  0.0291  0.0291  0.0291  0.0292  0.0292  0.0291  0.0292  0.0291  0.0292  0.0291  0.0291
  0.0294  0.0294  0.0293  0.0293  0.0295  0.0295  0.0295  0.0295  0.0294  0.0294  0.0292  0.0294
  0.0299  0.0298  0.0296  0.0297  0.0301  0.0300  0.0300  0.0301  0.0298  0.0298  0.0294  0.0298
niter,ni,del,rscale     2    3    5.0000    0.5000
parameters
   -1.3419   22.8062    4.4750  -12.4633  -22.1785  -11.5490
   -3.1212    0.2676    3.4895   31.5803    2.9784  -34.0000
eta,q 0.97095 14.97810
  0.0296  0.0295  0.0294  0.0295  0.0297  0.0297  0.0297  0.0297  0.0296  0.0296  0.0293  0.0296
  0.0293  0.0293  0.0292  0.0293  0.0294  0.0294  0.0294  0.0294  0.0293  0.0293  0.0292  0.0293
  0.0291  0.0291  0.0291  0.0291  0.0291  0.0291  0.0291  0.0291  0.0291  0.0291  0.0291  0.0291
  0.0291  0.0291  0.0291  0.0291  0.0290  0.0291  0.0290  0.0290  0.0290  0.0290  0.0290  0.0291
  0.0291  0.0291  0.0291  0.0291  0.0291  0.0291  0.0291  0.0291  0.0291  0.0291  0.0291  0.0291
  0.0293  0.0293  0.0292  0.0292  0.0294  0.0294  0.0293  0.0293  0.0293  0.0293  0.0292  0.0293
  0.0296  0.0296  0.0294  0.0295  0.0297  0.0298  0.0297  0.0297  0.0295  0.0296  0.0293  0.0296
niter,ni,del,rscale     1    3    5.0000    0.4000
parameters
   -1.3357   22.8067    4.4642  -12.3715  -22.2099  -11.5677
   -3.1009    0.2812    3.5025   31.5571    2.9851  -34.0100
eta,q 0.97096 14.98088
  0.0294  0.0294  0.0293  0.0294  0.0295  0.0295  0.0295  0.0295  0.0294  0.0294  0.0292  0.0294
  0.0292  0.0292  0.0291  0.0292  0.0292  0.0293  0.0292  0.0293  0.0292  0.0292  0.0291  0.0292
  0.0291  0.0291  0.0291  0.0291  0.0291  0.0291  0.0291  0.0291  0.0291  0.0291  0.0291  0.0291
  0.0291  0.0290  0.0290  0.0290  0.0290  0.0290  0.0290  0.0290  0.0290  0.0290  0.0290  0.0290
  0.0291  0.0291  0.0291  0.0291  0.0291  0.0291  0.0291  0.0291  0.0291  0.0291  0.0291  0.0291
  0.0292  0.0292  0.0292  0.0292  0.0293  0.0293  0.0292  0.0292  0.0292  0.0292  0.0291  0.0292
  0.0294  0.0294  0.0293  0.0293  0.0295  0.0295  0.0295  0.0295  0.0294  0.0294  0.0292  0.0294
registration optimization eta report
parameter search radius
    0.8000    0.8000    0.8000    2.4000    2.4000    2.4000
    2.4000    2.4000    2.4000    2.4000    2.4000    2.4000
100000*second partial in parameter space
       56.       50.       38.        5.        8.        8.
        7.        8.        6.        6.        3.        6.
  0.0294  0.0294  0.0293  0.0294  0.0295  0.0295  0.0295  0.0295  0.0294  0.0294  0.0292  0.0294
  0.0292  0.0292  0.0291  0.0292  0.0292  0.0293  0.0292  0.0293  0.0292  0.0292  0.0291  0.0292
  0.0291  0.0291  0.0291  0.0291  0.0291  0.0291  0.0291  0.0291  0.0291  0.0291  0.0291  0.0291
  0.0291  0.0290  0.0290  0.0290  0.0290  0.0290  0.0290  0.0290  0.0290  0.0290  0.0290  0.0290
  0.0291  0.0291  0.0291  0.0291  0.0291  0.0291  0.0291  0.0291  0.0291  0.0291  0.0291  0.0291
  0.0292  0.0292  0.0292  0.0292  0.0293  0.0293  0.0292  0.0292  0.0292  0.0292  0.0291  0.0292
  0.0294  0.0294  0.0293  0.0293  0.0295  0.0295  0.0295  0.0295  0.0294  0.0294  0.0292  0.0294
   -1.3357   22.8067    4.4642  -12.3715  -22.2099  -11.5677
   -3.1009    0.2812    3.5025   31.5571    2.9851  -34.0100
eta,q 0.97096 14.98088

---------------------------------------------------------------------
compute_vox2vox talsrcimg talsrcimg_to_711-2C_as_mni_average_305_t4 /opt/freesurfer/average/711-2C_as_mni_average_305
---------------------------------------------------------------------

freesurfer compute_vox2vox.c
Reading: talsrcimg.4dfp.ifh
Reading: talsrcimg_to_711-2C_as_mni_average_305_t4
Reading: /opt/freesurfer/average/711-2C_as_mni_average_305.4dfp.ifh
Writing: talsrcimg_to_711-2C_as_mni_average_305_t4_vox2vox.txt

start time Mon Mar 9 11:22:35 CET 2026
end		time Mon Mar 9 11:24:02 CET 2026

mpr2mni305 success

avi2talxfm orig_nu.mgz /opt/freesurfer/average/mni305.cor.mgz talsrcimg_to_711-2C_as_mni_average_305_t4_vox2vox.txt transforms/talairach.auto.xfm
avi2talxfm done
mv -f /out/sourcedata/freesurfer/sub-v1s21x0050414_ses-1/mri/talsrcimg_to_711-2C_as_mni_average_305_t4_vox2vox.txt /out/sourcedata/freesurfer/sub-v1s21x0050414_ses-1/mri/transforms/talsrcimg_to_711-2C_as_mni_average_305_t4_vox2vox.txt
lta_convert --src orig_nu.mgz --trg /opt/freesurfer/average/mni305.cor.mgz --inxfm transforms/talairach.auto.xfm --outlta transforms/talairach.auto.xfm.lta --subject fsaverage
7.3.2

--src: orig_nu.mgz src image (geometry).
--trg: /opt/freesurfer/average/mni305.cor.mgz trg image (geometry).
--inmni: transforms/talairach.auto.xfm input MNI/XFM transform.
--outlta: transforms/talairach.auto.xfm.lta output LTA.
--s: fsaverage subject name
 LTA read, type : 1
 1.14025  -0.01717   0.03795  -0.09151;
-0.05037   0.97895   0.42599  -14.84126;
-0.03090  -0.39636   1.11099  -24.34190;
 0.00000   0.00000   0.00000   1.00000;
setting subject to fsaverage
Writing  LTA to file transforms/talairach.auto.xfm.lta...
lta_convert successful.
 
 
Started at Mon Mar 9 11:22:34 CET 2026
Ended   at Mon Mar  9 11:24:02 CET 2026
talairach_avi done
