status file for recon-all
Mon Mar  9 09:23:21 CET 2026
#@# MotionCor Mon Mar  9 09:23:22 CET 2026
#@# Talairach Mon Mar  9 09:23:28 CET 2026
#@# Talairach Failure Detection Mon Mar  9 09:26:18 CET 2026
#@# Nu Intensity Correction Mon Mar  9 09:26:18 CET 2026
#@# Intensity Normalization Mon Mar  9 09:29:04 CET 2026
recon-all -s sub-v1s21x0050388_ses-1 finished without error at Mon Mar  9 09:30:03 CET 2026



#New# invocation of recon-all 



status file for recon-all
Mon Mar  9 09:35:49 CET 2026
#@# EM Registration Mon Mar  9 09:35:49 CET 2026
recon-all -s sub-v1s21x0050388_ses-1 finished without error at Mon Mar  9 09:37:10 CET 2026



#New# invocation of recon-all 



status file for recon-all
Mon Mar  9 09:37:13 CET 2026
#@# CA Normalize Mon Mar  9 09:37:13 CET 2026
#@# CA Reg Mon Mar  9 09:38:06 CET 2026
#@# SubCort Seg Mon Mar  9 10:11:42 CET 2026
#@# CC Seg Mon Mar  9 10:32:30 CET 2026
#@# Merge ASeg Mon Mar  9 10:32:51 CET 2026
#@# Intensity Normalization2 Mon Mar  9 10:32:51 CET 2026
#@# Mask BFS Mon Mar  9 10:34:14 CET 2026
#@# WM Segmentation Mon Mar  9 10:34:14 CET 2026
#@# Fill Mon Mar  9 10:35:47 CET 2026
recon-all -s sub-v1s21x0050388_ses-1 finished without error at Mon Mar  9 10:36:23 CET 2026



#New# invocation of recon-all 



status file for recon-all
Mon Mar  9 11:12:17 CET 2026
#@# white curv lh Mon Mar  9 11:12:17 CET 2026
#@# white area lh Mon Mar  9 11:12:17 CET 2026
#@# pial curv lh Mon Mar  9 11:12:17 CET 2026
#@# pial area lh Mon Mar  9 11:12:17 CET 2026
#@# thickness lh Mon Mar  9 11:12:17 CET 2026
#@# area and vertex vol lh Mon Mar  9 11:12:17 CET 2026
#@# white curv rh Mon Mar  9 11:12:17 CET 2026
#@# white area rh Mon Mar  9 11:12:17 CET 2026
#@# pial curv rh Mon Mar  9 11:12:17 CET 2026
#@# pial area rh Mon Mar  9 11:12:17 CET 2026
#@# thickness rh Mon Mar  9 11:12:17 CET 2026
#@# area and vertex vol rh Mon Mar  9 11:12:17 CET 2026
#@# Cortical ribbon mask Mon Mar  9 11:12:17 CET 2026
recon-all -s sub-v1s21x0050388_ses-1 finished without error at Mon Mar  9 11:15:45 CET 2026



#New# invocation of recon-all 



status file for recon-all
Mon Mar  9 11:20:37 CET 2026
#@# white curv lh Mon Mar  9 11:20:37 CET 2026
#@# white area lh Mon Mar  9 11:20:37 CET 2026
#@# pial curv lh Mon Mar  9 11:20:37 CET 2026
#@# pial area lh Mon Mar  9 11:20:37 CET 2026
#@# thickness lh Mon Mar  9 11:20:37 CET 2026
#@# area and vertex vol lh Mon Mar  9 11:20:37 CET 2026
#@# white curv rh Mon Mar  9 11:20:37 CET 2026
#@# white area rh Mon Mar  9 11:20:37 CET 2026
#@# pial curv rh Mon Mar  9 11:20:37 CET 2026
#@# pial area rh Mon Mar  9 11:20:37 CET 2026
#@# thickness rh Mon Mar  9 11:20:37 CET 2026
#@# area and vertex vol rh Mon Mar  9 11:20:37 CET 2026
#@# Curvature Stats lh Mon Mar  9 11:20:37 CET 2026
#@# Curvature Stats rh Mon Mar  9 11:20:39 CET 2026
#@# Relabel Hypointensities Mon Mar  9 11:20:41 CET 2026
#@# APas-to-ASeg Mon Mar  9 11:20:51 CET 2026
#@# AParc-to-ASeg aparc Mon Mar  9 11:20:57 CET 2026
#@# AParc-to-ASeg aparc.a2009s Mon Mar  9 11:21:15 CET 2026
#@# AParc-to-ASeg aparc.DKTatlas Mon Mar  9 11:21:34 CET 2026
#@# WMParc Mon Mar  9 11:21:52 CET 2026
#@# ASeg Stats Mon Mar  9 11:23:34 CET 2026
recon-all -s sub-v1s21x0050388_ses-1 finished without error at Mon Mar  9 11:23:50 CET 2026
