status file for recon-all
Mon Mar  9 10:36:27 CET 2026
#@# Tessellate lh Mon Mar  9 10:36:27 CET 2026
#@# Smooth1 lh Mon Mar  9 10:36:30 CET 2026
#@# Inflation1 lh Mon Mar  9 10:36:32 CET 2026
#@# QSphere lh Mon Mar  9 10:36:40 CET 2026
#@# Fix Topology lh Mon Mar  9 10:37:21 CET 2026
#@# Smooth2 lh Mon Mar  9 10:42:15 CET 2026
#@# Inflation2 lh Mon Mar  9 10:42:17 CET 2026
#@# Curv .H and .K lh Mon Mar  9 10:42:26 CET 2026
#@# Sphere lh Mon Mar  9 10:43:04 CET 2026
#@# Surf Reg lh Mon Mar  9 10:45:14 CET 2026
#@# Jacobian white lh Mon Mar  9 10:47:58 CET 2026
#@# AvgCurv lh Mon Mar  9 10:47:59 CET 2026
#@# Cortical Parc lh Mon Mar  9 10:47:59 CET 2026
#@# white curv lh Mon Mar  9 10:53:31 CET 2026
#@# white area lh Mon Mar  9 10:53:33 CET 2026
#@# pial curv lh Mon Mar  9 10:53:33 CET 2026
#@# pial area lh Mon Mar  9 10:53:34 CET 2026
#@# thickness lh Mon Mar  9 10:53:35 CET 2026
#@# area and vertex vol lh Mon Mar  9 10:53:54 CET 2026
#@# Curvature Stats lh Mon Mar  9 10:53:55 CET 2026
#@# Cortical Parc 2 lh Mon Mar  9 10:53:57 CET 2026
#@# Cortical Parc 3 lh Mon Mar  9 10:54:06 CET 2026
#@# WM/GM Contrast lh Mon Mar  9 10:54:14 CET 2026
recon-all -s sub-v1s21x0050388_ses-1 finished without error at Mon Mar  9 10:54:16 CET 2026



#New# invocation of recon-all 



status file for recon-all
Mon Mar  9 11:15:51 CET 2026
#@# white curv lh Mon Mar  9 11:15:51 CET 2026
#@# white area lh Mon Mar  9 11:15:51 CET 2026
#@# pial curv lh Mon Mar  9 11:15:51 CET 2026
#@# pial area lh Mon Mar  9 11:15:51 CET 2026
#@# thickness lh Mon Mar  9 11:15:51 CET 2026
#@# area and vertex vol lh Mon Mar  9 11:15:51 CET 2026
#@# Parcellation Stats lh Mon Mar  9 11:15:51 CET 2026
#@# Parcellation Stats 2 lh Mon Mar  9 11:16:06 CET 2026
#@# Parcellation Stats 3 lh Mon Mar  9 11:16:13 CET 2026
#@# BA_exvivo Labels lh Mon Mar  9 11:16:21 CET 2026
recon-all -s sub-v1s21x0050388_ses-1 finished without error at Mon Mar  9 11:18:10 CET 2026
