status file for recon-all
Mon Mar  9 10:54:18 CET 2026
#@# Tessellate rh Mon Mar  9 10:54:18 CET 2026
#@# Smooth1 rh Mon Mar  9 10:54:21 CET 2026
#@# Inflation1 rh Mon Mar  9 10:54:23 CET 2026
#@# QSphere rh Mon Mar  9 10:54:30 CET 2026
#@# Fix Topology rh Mon Mar  9 10:55:07 CET 2026
#@# Smooth2 rh Mon Mar  9 11:00:30 CET 2026
#@# Inflation2 rh Mon Mar  9 11:00:32 CET 2026
#@# Curv .H and .K rh Mon Mar  9 11:00:40 CET 2026
#@# Sphere rh Mon Mar  9 11:01:18 CET 2026
#@# Surf Reg rh Mon Mar  9 11:03:40 CET 2026
#@# Jacobian white rh Mon Mar  9 11:06:22 CET 2026
#@# AvgCurv rh Mon Mar  9 11:06:23 CET 2026
#@# Cortical Parc rh Mon Mar  9 11:06:23 CET 2026
#@# white curv rh Mon Mar  9 11:11:28 CET 2026
#@# white area rh Mon Mar  9 11:11:29 CET 2026
#@# pial curv rh Mon Mar  9 11:11:29 CET 2026
#@# pial area rh Mon Mar  9 11:11:31 CET 2026
#@# thickness rh Mon Mar  9 11:11:31 CET 2026
#@# area and vertex vol rh Mon Mar  9 11:11:51 CET 2026
#@# Curvature Stats rh Mon Mar  9 11:11:52 CET 2026
#@# Cortical Parc 2 rh Mon Mar  9 11:11:54 CET 2026
#@# Cortical Parc 3 rh Mon Mar  9 11:12:04 CET 2026
#@# WM/GM Contrast rh Mon Mar  9 11:12:12 CET 2026
recon-all -s sub-v1s21x0050388_ses-1 finished without error at Mon Mar  9 11:12:14 CET 2026



#New# invocation of recon-all 



status file for recon-all
Mon Mar  9 11:18:13 CET 2026
#@# white curv rh Mon Mar  9 11:18:13 CET 2026
#@# white area rh Mon Mar  9 11:18:13 CET 2026
#@# pial curv rh Mon Mar  9 11:18:13 CET 2026
#@# pial area rh Mon Mar  9 11:18:14 CET 2026
#@# thickness rh Mon Mar  9 11:18:14 CET 2026
#@# area and vertex vol rh Mon Mar  9 11:18:14 CET 2026
#@# Parcellation Stats rh Mon Mar  9 11:18:14 CET 2026
#@# Parcellation Stats 2 rh Mon Mar  9 11:18:29 CET 2026
#@# Parcellation Stats 3 rh Mon Mar  9 11:18:36 CET 2026
#@# BA_exvivo Labels rh Mon Mar  9 11:18:44 CET 2026
recon-all -s sub-v1s21x0050388_ses-1 finished without error at Mon Mar  9 11:20:34 CET 2026
