/out/sourcedata/freesurfer/sub-v1s21x0050425_ses-1/mri
/opt/freesurfer/bin/talairach_avi
--i orig_nu.mgz --xfm transforms/talairach.auto.xfm
talairach_avi 7.3.2
Linux dna074 5.14.0-427.37.1.el9_4.x86_64 #1 SMP PREEMPT_DYNAMIC Fri Sep 13 12:41:50 EDT 2024 x86_64 x86_64 x86_64 GNU/Linux
Mon Mar  9 11:37:21 CET 2026
mri_convert orig_nu.mgz talsrcimg.img 
reading from orig_nu.mgz...
TR=0.00, TE=0.00, TI=0.00, flip angle=0.00
i_ras = (-1, 0, 0)
j_ras = (0, 0, -1)
k_ras = (0, 1, 0)
writing to talsrcimg.img...
Analyze Output Matrix
-1.00000   0.00000   0.00000   129.70000;
 0.00000   0.00000   1.00000  -128.50000;
 0.00000  -1.00000   0.00000   129.50000;
 0.00000   0.00000   0.00000   1.00000;
--------------------
INFO: set hdr.hist.orient to -1
mpr2mni305 talsrcimg
Mon Mar  9 11:37:21 CET 2026
/opt/freesurfer/bin/mpr2mni305 talsrcimg
mpr2mni305 7.3.2
target=711-2C_as_mni_average_305

---------------------------------------------------------------------
analyzeto4dfp talsrcimg -O0 -y
---------------------------------------------------------------------

freesurfer ifh2hdr.c
Mon Mar  9 11:37:21 2026
Writing: talsrcimg.4dfp.hdr
freesurfer analyzeto4dfp.c
Reading: talsrcimg.hdr
header size 348 bytes
hdr.dime.datatype	offset=70	value=2
hdr.dime.bitpix		offset=72	value=8
hdr.hist.orient		offset=252	value=-1
dimensionality     4
dimensions       256       256       256         1
Reading: talsrcimg.img
Writing: talsrcimg.4dfp.img
Writing: talsrcimg.4dfp.ifh
ifh2hdr talsrcimg -r0to231
ori=2

---------------------------------------------------------------------
gauss_4dfp talsrcimg 1.1
---------------------------------------------------------------------

freesurfer gauss_4dfp.c
Reading: talsrcimg.4dfp.img
Writing: talsrcimg_g11.4dfp.img
image dimensions 256 256 256 padded to 288 288 288
processing volume 1freesurfer ifh2hdr.c
Mon Mar  9 11:37:22 2026
Writing: talsrcimg_g11.4dfp.hdr

Writing: talsrcimg_g11.4dfp.ifh
including: talsrcimg.4dfp.img.rec in talsrcimg_g11.4dfp.img.rec

---------------------------------------------------------------------
imgreg_4dfp /opt/freesurfer/average/711-2C_as_mni_average_305 none talsrcimg_g11 none talsrcimg_to_711-2C_as_mni_average_305_t4 4355
---------------------------------------------------------------------

freesurfer imgreg_4dfp.c
/opt/freesurfer/average/711-2C_as_mni_average_305.4dfp.img
       256       256       256         1
  1.000000  1.000000  1.000000
orientation T byte_order littleendian
Reading image: /opt/freesurfer/average/711-2C_as_mni_average_305.4dfp.img
dimensions:      256       256       256
mmppix:       1.0000   -1.0000   -1.0000
center:     128.0000 -129.0000 -129.0000
talsrcimg_g11.4dfp.img
       256       256       256         1
  1.000000  1.000000  1.000000
orientation T byte_order littleendian
Reading image: talsrcimg_g11.4dfp.img
dimensions:      256       256       256
mmppix:       1.0000   -1.0000   -1.0000
center:     128.0000 -129.0000 -129.0000
t4_read: open error in t4_sub.f l:  41 t4_file(1:l)talsrcimg_to_711-2C_as_mni_average_305_t4 
t4_read: transform initialized to I4
rotation matrix determinant  1.000000
image alignment mode   4355 decimal     1103 hex
   -7.5000  -45.0000  -45.0000 7168.3135   21.3334
    0.0000  -45.0000  -45.0000 7476.7544   21.3055
    7.5000  -45.0000  -45.0000 7157.0571   21.2842
   -7.5000  -37.5000  -45.0000 7626.5889   20.8927
    0.0000  -37.5000  -45.0000 7975.1992   20.8755
    7.5000  -37.5000  -45.0000 7624.0732   20.8571
   -7.5000  -30.0000  -45.0000 8499.6592   20.9325
    0.0000  -30.0000  -45.0000 8900.4268   20.9227
    7.5000  -30.0000  -45.0000 8543.8633   20.9117
   -7.5000  -22.5000  -45.0000 9364.4229   20.9883
    0.0000  -22.5000  -45.0000 9809.7012   20.9717
    7.5000  -22.5000  -45.0000 9411.5859   20.9621
   -7.5000  -15.0000  -45.000010150.6729   21.0008
    0.0000  -15.0000  -45.000010604.2002   20.9712
    7.5000  -15.0000  -45.000010158.1924   20.9573
   -7.5000   -7.5000  -45.000010823.2627   20.9407
    0.0000   -7.5000  -45.000011282.5479   20.9077
    7.5000   -7.5000  -45.000010815.3359   20.8903
   -7.5000    0.0000  -45.000011421.1416   20.8848
    0.0000    0.0000  -45.000011940.9756   20.8577
    7.5000    0.0000  -45.000011423.0215   20.8373
   -7.5000    7.5000  -45.000011277.3477   20.8887
    0.0000    7.5000  -45.000011758.0518   20.8718
    7.5000    7.5000  -45.000011254.3848   20.8537
   -7.5000   15.0000  -45.000010967.6963   20.9320
    0.0000   15.0000  -45.000011438.1533   20.9223
    7.5000   15.0000  -45.000010986.6650   20.9115
   -7.5000   22.5000  -45.000010593.6426   20.9852
    0.0000   22.5000  -45.000011039.9688   20.9687
    7.5000   22.5000  -45.000010577.9844   20.9591
   -7.5000   30.0000  -45.000010009.1211   20.7209
    0.0000   30.0000  -45.000010422.5693   20.6917
    7.5000   30.0000  -45.0000 9989.0098   20.6780
   -7.5000   37.5000  -45.0000 9634.9111   20.6617
    0.0000   37.5000  -45.000010029.7930   20.6291
    7.5000   37.5000  -45.0000 9594.6260   20.6120
   -7.5000   45.0000  -45.0000 8786.6885   20.0833
    0.0000   45.0000  -45.0000 9172.8789   20.0572
    7.5000   45.0000  -45.0000 8777.0137   20.0375
   -7.5000  -45.0000  -37.5000 7504.2344   21.0848
    0.0000  -45.0000  -37.5000 7836.5679   21.0570
    7.5000  -45.0000  -37.5000 7519.0854   21.0498
   -7.5000  -37.5000  -37.5000 8005.1338   20.6612
    0.0000  -37.5000  -37.5000 8382.1572   20.6467
    7.5000  -37.5000  -37.5000 8035.1157   20.6435
   -7.5000  -30.0000  -37.5000 8938.6592   20.6963
    0.0000  -30.0000  -37.5000 9358.2314   20.6893
    7.5000  -30.0000  -37.5000 8973.6328   20.6922
   -7.5000  -22.5000  -37.5000 9869.8984   20.7414
    0.0000  -22.5000  -37.500010306.3066   20.7251
    7.5000  -22.5000  -37.5000 9857.2939   20.7263
   -7.5000  -15.0000  -37.500010701.0781   20.7487
    0.0000  -15.0000  -37.500011155.2041   20.7175
    7.5000  -15.0000  -37.500010646.0430   20.7131
   -7.5000   -7.5000  -37.500011381.4961   20.6939
    0.0000   -7.5000  -37.500011867.2393   20.6594
    7.5000   -7.5000  -37.500011391.1299   20.6530
   -7.5000    0.0000  -37.500012050.0723   20.6479
    0.0000    0.0000  -37.500012556.4941   20.6210
    7.5000    0.0000  -37.500012075.7432   20.6144
   -7.5000    7.5000  -37.500011873.4453   20.6573
    0.0000    7.5000  -37.500012350.6201   20.6431
    7.5000    7.5000  -37.500011839.7783   20.6401
   -7.5000   15.0000  -37.500011513.9053   20.6958
    0.0000   15.0000  -37.500011988.8125   20.6889
    7.5000   15.0000  -37.500011498.7920   20.6919
   -7.5000   22.5000  -37.500011067.6299   20.7383
    0.0000   22.5000  -37.500011519.9902   20.7222
    7.5000   22.5000  -37.500011025.0264   20.7234
   -7.5000   30.0000  -37.500010466.5947   20.4722
    0.0000   30.0000  -37.500010909.1445   20.4414
    7.5000   30.0000  -37.500010439.2070   20.4370
   -7.5000   37.5000  -37.500010081.8291   20.4181
    0.0000   37.5000  -37.500010514.5742   20.3840
    7.5000   37.5000  -37.500010065.0645   20.3778
   -7.5000   45.0000  -37.5000 9204.4658   19.8554
    0.0000   45.0000  -37.5000 9609.7744   19.8296
    7.5000   45.0000  -37.5000 9194.3613   19.8233
   -7.5000  -45.0000  -30.0000 8026.0156   21.8767
    0.0000  -45.0000  -30.0000 8393.6104   21.8463
    7.5000  -45.0000  -30.0000 8051.4673   21.8452
   -7.5000  -37.5000  -30.0000 8578.9219   21.4428
    0.0000  -37.5000  -30.0000 8981.3389   21.4310
    7.5000  -37.5000  -30.0000 8611.9160   21.4355
   -7.5000  -30.0000  -30.0000 9585.9668   21.4890
    0.0000  -30.0000  -30.000010010.7266   21.4856
    7.5000  -30.0000  -30.0000 9590.6250   21.4932
   -7.5000  -22.5000  -30.000010593.8652   21.5415
    0.0000  -22.5000  -30.000011059.1318   21.5251
    7.5000  -22.5000  -30.000010558.1348   21.5261
   -7.5000  -15.0000  -30.000011480.3613   21.5448
    0.0000  -15.0000  -30.000011987.4199   21.5095
    7.5000  -15.0000  -30.000011433.5586   21.5037
   -7.5000   -7.5000  -30.000012202.8877   21.4786
    0.0000   -7.5000  -30.000012744.0215   21.4390
    7.5000   -7.5000  -30.000012226.8379   21.4347
   -7.5000    0.0000  -30.000012906.3262   21.4256
    0.0000    0.0000  -30.000013453.1846   21.3964
    7.5000    0.0000  -30.000012929.8877   21.3961
   -7.5000    7.5000  -30.000012695.0742   21.4389
    0.0000    7.5000  -30.000013234.9502   21.4273
    7.5000    7.5000  -30.000012665.8564   21.4321
   -7.5000   15.0000  -30.000012330.2275   21.4885
    0.0000   15.0000  -30.000012823.5439   21.4852
    7.5000   15.0000  -30.000012285.8418   21.4930
   -7.5000   22.5000  -30.000011844.9814   21.5361
    0.0000   22.5000  -30.000012317.0430   21.5198
    7.5000   22.5000  -30.000011795.9707   21.5209
   -7.5000   30.0000  -30.000011180.3750   21.2597
    0.0000   30.0000  -30.000011655.7637   21.2249
    7.5000   30.0000  -30.000011174.3506   21.2192
   -7.5000   37.5000  -30.000010752.5811   21.1944
    0.0000   37.5000  -30.000011228.4795   21.1553
    7.5000   37.5000  -30.000010776.7256   21.1511
   -7.5000   45.0000  -30.0000 9822.4893   20.6184
    0.0000   45.0000  -30.000010268.3838   20.5903
    7.5000   45.0000  -30.0000 9852.0732   20.5900
   -7.5000  -45.0000  -22.5000 8543.2676   22.6064
    0.0000  -45.0000  -22.5000 8960.5615   22.5719
    7.5000  -45.0000  -22.5000 8601.5869   22.5600
   -7.5000  -37.5000  -22.5000 9138.9072   22.1578
    0.0000  -37.5000  -22.5000 9583.1416   22.1439
    7.5000  -37.5000  -22.5000 9192.9922   22.1384
   -7.5000  -30.0000  -22.500010236.4365   22.2201
    0.0000  -30.0000  -22.500010702.9414   22.2160
    7.5000  -30.0000  -22.500010247.9619   22.2124
   -7.5000  -22.5000  -22.500011360.9023   22.2884
    0.0000  -22.5000  -22.500011861.4805   22.2704
    7.5000  -22.5000  -22.500011331.1963   22.2594
   -7.5000  -15.0000  -22.500012349.4219   22.2899
    0.0000  -15.0000  -22.500012881.2305   22.2509
    7.5000  -15.0000  -22.500012295.4834   22.2334
   -7.5000   -7.5000  -22.500013091.1670   22.2070
    0.0000   -7.5000  -22.500013660.8350   22.1623
    7.5000   -7.5000  -22.500013120.8574   22.1473
   -7.5000    0.0000  -22.500013761.6035   22.1395
    0.0000    0.0000  -22.500014356.0791   22.1062
    7.5000    0.0000  -22.500013803.9277   22.0957
   -7.5000    7.5000  -22.500013559.6416   22.1539
    0.0000    7.5000  -22.500014131.1592   22.1401
    7.5000    7.5000  -22.500013545.6738   22.1348
   -7.5000   15.0000  -22.500013213.8135   22.2197
    0.0000   15.0000  -22.500013769.8467   22.2156
    7.5000   15.0000  -22.500013189.7861   22.2122
   -7.5000   22.5000  -22.500012675.3691   22.2814
    0.0000   22.5000  -22.500013206.1885   22.2634
    7.5000   22.5000  -22.500012670.0488   22.2524
   -7.5000   30.0000  -22.500011946.9814   21.9983
    0.0000   30.0000  -22.500012439.4639   21.9599
    7.5000   30.0000  -22.500011977.3496   21.9426
   -7.5000   37.5000  -22.500011483.3594   21.9165
    0.0000   37.5000  -22.500011983.3682   21.8724
    7.5000   37.5000  -22.500011554.7549   21.8576
   -7.5000   45.0000  -22.500010485.6787   21.3214
    0.0000   45.0000  -22.500010963.3193   21.2893
    7.5000   45.0000  -22.500010551.5205   21.2793
   -7.5000  -45.0000  -15.0000 9063.9521   23.1501
    0.0000  -45.0000  -15.0000 9495.8848   23.1122
    7.5000  -45.0000  -15.0000 9132.3242   23.0838
   -7.5000  -37.5000  -15.0000 9707.0527   22.6804
    0.0000  -37.5000  -15.000010147.9873   22.6612
    7.5000  -37.5000  -15.0000 9744.5596   22.6379
   -7.5000  -30.0000  -15.000010883.5947   22.7447
    0.0000  -30.0000  -15.000011370.4697   22.7355
    7.5000  -30.0000  -15.000010918.2275   22.7158
   -7.5000  -22.5000  -15.000012122.9072   22.8243
    0.0000  -22.5000  -15.000012649.3428   22.8036
    7.5000  -22.5000  -15.000012090.8564   22.7795
   -7.5000  -15.0000  -15.000013237.3135   22.8342
    0.0000  -15.0000  -15.000013787.3799   22.7936
    7.5000  -15.0000  -15.000013157.1426   22.7648
   -7.5000   -7.5000  -15.000014069.3574   22.7483
    0.0000   -7.5000  -15.000014656.8682   22.7015
    7.5000   -7.5000  -15.000014068.8066   22.6735
   -7.5000    0.0000  -15.000014696.7275   22.6705
    0.0000    0.0000  -15.000015297.5674   22.6336
    7.5000    0.0000  -15.000014762.8438   22.6069
   -7.5000    7.5000  -15.000014431.6348   22.6764
    0.0000    7.5000  -15.000015035.8975   22.6573
    7.5000    7.5000  -15.000014486.8047   22.6342
   -7.5000   15.0000  -15.000014080.5918   22.7442
    0.0000   15.0000  -15.000014708.2686   22.7351
    7.5000   15.0000  -15.000014161.4707   22.7155
   -7.5000   22.5000  -15.000013523.6943   22.8160
    0.0000   22.5000  -15.000014114.9141   22.7954
    7.5000   22.5000  -15.000013604.8809   22.7714
   -7.5000   30.0000  -15.000012758.6973   22.5387
    0.0000   30.0000  -15.000013281.7725   22.4986
    7.5000   30.0000  -15.000012816.9424   22.4701
   -7.5000   37.5000  -15.000012224.5625   22.4539
    0.0000   37.5000  -15.000012773.1748   22.4077
    7.5000   37.5000  -15.000012304.3320   22.3800
   -7.5000   45.0000  -15.000011186.3174   21.8460
    0.0000   45.0000  -15.000011692.5771   21.8104
    7.5000   45.0000  -15.000011255.4824   21.7847
   -7.5000  -45.0000   -7.5000 9611.8047   23.4455
    0.0000  -45.0000   -7.500010060.4336   23.4095
    7.5000  -45.0000   -7.5000 9659.2002   23.3773
   -7.5000  -37.5000   -7.500010280.2168   22.9610
    0.0000  -37.5000   -7.500010733.7725   22.9389
    7.5000  -37.5000   -7.500010316.1484   22.9098
   -7.5000  -30.0000   -7.500011504.6816   23.0113
    0.0000  -30.0000   -7.500012002.0664   22.9979
    7.5000  -30.0000   -7.500011523.9375   22.9746
   -7.5000  -22.5000   -7.500012809.4014   23.0859
    0.0000  -22.5000   -7.500013369.8457   23.0641
    7.5000  -22.5000   -7.500012772.0840   23.0403
   -7.5000  -15.0000   -7.500014084.9268   23.1046
    0.0000  -15.0000   -7.500014683.9043   23.0668
    7.5000  -15.0000   -7.500013941.0234   23.0394
   -7.5000   -7.5000   -7.500015129.1680   23.0318
    0.0000   -7.5000   -7.500015764.7617   22.9893
    7.5000   -7.5000   -7.500015000.7471   22.9604
   -7.5000    0.0000   -7.500015791.0996   22.9590
    0.0000    0.0000   -7.500016442.6855   22.9240
    7.5000    0.0000   -7.500015868.5439   22.8931
   -7.5000    7.5000   -7.500015386.0303   22.9568
    0.0000    7.5000   -7.500016039.2334   22.9349
    7.5000    7.5000   -7.500015565.4316   22.9061
   -7.5000   15.0000   -7.500015033.0781   23.0108
    0.0000   15.0000   -7.500015710.6328   22.9975
    7.5000   15.0000   -7.500015202.2500   22.9743
   -7.5000   22.5000   -7.500014525.5049   23.0750
    0.0000   22.5000   -7.500015154.7158   23.0533
    7.5000   22.5000   -7.500014566.7363   23.0295
   -7.5000   30.0000   -7.500013728.5205   22.8050
    0.0000   30.0000   -7.500014286.7920   22.7676
    7.5000   30.0000   -7.500013705.3350   22.7406
   -7.5000   37.5000   -7.500013191.5430   22.7331
    0.0000   37.5000   -7.500013727.9785   22.6912
    7.5000   37.5000   -7.500013133.3135   22.6626
   -7.5000   45.0000   -7.500012089.8818   22.1282
    0.0000   45.0000   -7.500012588.8916   22.0944
    7.5000   45.0000   -7.500012026.7383   22.0646
   -7.5000  -45.0000    0.000010055.1973   23.5146
    0.0000  -45.0000    0.000010541.6514   23.4827
    7.5000  -45.0000    0.000010137.0977   23.4607
   -7.5000  -37.5000    0.000010769.1934   23.0300
    0.0000  -37.5000    0.000011243.3486   23.0095
    7.5000  -37.5000    0.000010821.9004   22.9904
   -7.5000  -30.0000    0.000011999.0186   23.0662
    0.0000  -30.0000    0.000012527.6406   23.0531
    7.5000  -30.0000    0.000012080.8066   23.0416
   -7.5000  -22.5000    0.000013278.6250   23.1259
    0.0000  -22.5000    0.000013845.4297   23.1053
    7.5000  -22.5000    0.000013353.9980   23.0948
   -7.5000  -15.0000    0.000014656.6943   23.1453
    0.0000  -15.0000    0.000015265.8857   23.1108
    7.5000  -15.0000    0.000014573.0459   23.0958
   -7.5000   -7.5000    0.000016078.5312   23.0869
    0.0000   -7.5000    0.000016768.1016   23.0492
    7.5000   -7.5000    0.000015766.2910   23.0309
   -7.5000    0.0000    0.000017150.3691   23.0274
    0.0000    0.0000    0.000017880.1406   22.9964
    7.5000    0.0000    0.000016917.6543   22.9753
   -7.5000    7.5000    0.000016696.7695   23.0258
    0.0000    7.5000    0.000017414.3164   23.0055
    7.5000    7.5000    0.000016677.2207   22.9867
   -7.5000   15.0000    0.000016224.4014   23.0656
    0.0000   15.0000    0.000016896.5859   23.0527
    7.5000   15.0000    0.000016175.8613   23.0413
   -7.5000   22.5000    0.000015590.7090   23.1150
    0.0000   22.5000    0.000016204.5215   23.0945
    7.5000   22.5000    0.000015367.8594   23.0841
   -7.5000   30.0000    0.000014678.5283   22.8457
    0.0000   30.0000    0.000015223.8330   22.8116
    7.5000   30.0000    0.000014433.5010   22.7968
   -7.5000   37.5000    0.000014056.6094   22.7881
    0.0000   37.5000    0.000014608.1123   22.7509
    7.5000   37.5000    0.000013846.7148   22.7329
   -7.5000   45.0000    0.000012820.2920   22.1958
    0.0000   45.0000    0.000013377.8633   22.1659
    7.5000   45.0000    0.000012711.2246   22.1455
   -7.5000  -45.0000    7.5000 9731.6416   23.5139
    0.0000  -45.0000    7.500010206.9082   23.4828
    7.5000  -45.0000    7.5000 9837.3350   23.4755
   -7.5000  -37.5000    7.500010408.8184   23.0384
    0.0000  -37.5000    7.500010902.6641   23.0222
    7.5000  -37.5000    7.500010515.7422   23.0193
   -7.5000  -30.0000    7.500011584.0176   23.0739
    0.0000  -30.0000    7.500012121.9443   23.0659
    7.5000  -30.0000    7.500011722.4648   23.0697
   -7.5000  -22.5000    7.500012792.4219   23.1252
    0.0000  -22.5000    7.500013333.5068   23.1068
    7.5000  -22.5000    7.500012895.5664   23.1083
   -7.5000  -15.0000    7.500014099.1035   23.1381
    0.0000  -15.0000    7.500014652.7178   23.1029
    7.5000  -15.0000    7.500014058.4336   23.0982
   -7.5000   -7.5000    7.500015624.6445   23.0806
    0.0000   -7.5000    7.500016345.6025   23.0419
    7.5000   -7.5000    7.500015300.1533   23.0352
   -7.5000    0.0000    7.500017154.9707   23.0283
    0.0000    0.0000    7.500017943.1367   22.9982
    7.5000    0.0000    7.500016600.9590   22.9916
   -7.5000    7.5000    7.500016968.1035   23.0341
    0.0000    7.5000    7.500017688.4980   23.0181
    7.5000    7.5000    7.500016465.4727   23.0156
   -7.5000   15.0000    7.500016341.2217   23.0733
    0.0000   15.0000    7.500016977.3613   23.0654
    7.5000   15.0000    7.500015858.8428   23.0694
   -7.5000   22.5000    7.500015383.2959   23.1144
    0.0000   22.5000    7.500015964.7832   23.0960
    7.5000   22.5000    7.500014967.7393   23.0976
   -7.5000   30.0000    7.500014262.9639   22.8386
    0.0000   30.0000    7.500014877.6475   22.8039
    7.5000   30.0000    7.500013996.2148   22.7992
   -7.5000   37.5000    7.500013621.0742   22.7819
    0.0000   37.5000    7.500014262.5996   22.7437
    7.5000   37.5000    7.500013481.4385   22.7371
   -7.5000   45.0000    7.500012474.1318   22.1966
    0.0000   45.0000    7.500013083.5635   22.1676
    7.5000   45.0000    7.500012414.2393   22.1612
   -7.5000  -45.0000   15.0000 9343.8301   23.4924
    0.0000  -45.0000   15.0000 9800.7383   23.4599
    7.5000  -45.0000   15.0000 9413.7080   23.4586
   -7.5000  -37.5000   15.000010032.1162   23.0265
    0.0000  -37.5000   15.000010526.0205   23.0138
    7.5000  -37.5000   15.000010092.7139   23.0187
   -7.5000  -30.0000   15.000011197.2402   23.0759
    0.0000  -30.0000   15.000011711.2412   23.0723
    7.5000  -30.0000   15.000011245.4863   23.0806
   -7.5000  -22.5000   15.000012358.7168   23.1323
    0.0000  -22.5000   15.000012855.2549   23.1148
    7.5000  -22.5000   15.000012394.3057   23.1159
   -7.5000  -15.0000   15.000013529.5850   23.1359
    0.0000  -15.0000   15.000014083.5254   23.0981
    7.5000  -15.0000   15.000013548.0674   23.0919
   -7.5000   -7.5000   15.000014878.0469   23.0649
    0.0000   -7.5000   15.000015708.3857   23.0224
    7.5000   -7.5000   15.000014791.6689   23.0179
   -7.5000    0.0000   15.000016204.3076   23.0080
    0.0000    0.0000   15.000017131.6328   22.9767
    7.5000    0.0000   15.000015964.9590   22.9764
   -7.5000    7.5000   15.000015964.4424   23.0223
    0.0000    7.5000   15.000016622.9492   23.0098
    7.5000    7.5000   15.000015639.7285   23.0149
   -7.5000   15.0000   15.000015419.2598   23.0754
    0.0000   15.0000   15.000015988.1484   23.0719
    7.5000   15.0000   15.000015040.4795   23.0803
   -7.5000   22.5000   15.000014621.7354   23.1214
    0.0000   22.5000   15.000015224.3672   23.1040
    7.5000   22.5000   15.000014287.0791   23.1052
   -7.5000   30.0000   15.000013629.9219   22.8365
    0.0000   30.0000   15.000014237.9248   22.7991
    7.5000   30.0000   15.000013416.6406   22.7930
   -7.5000   37.5000   15.000013029.4580   22.7664
    0.0000   37.5000   15.000013623.4492   22.7244
    7.5000   37.5000   15.000012882.3975   22.7200
   -7.5000   45.0000   15.000011915.7158   22.1770
    0.0000   45.0000   15.000012485.7061   22.1469
    7.5000   45.0000   15.000011838.7168   22.1466
   -7.5000  -45.0000   22.5000 8837.4756   23.4944
    0.0000  -45.0000   22.5000 9271.9912   23.4588
    7.5000  -45.0000   22.5000 8860.6553   23.4465
   -7.5000  -37.5000   22.5000 9538.5361   23.0277
    0.0000  -37.5000   22.5000 9976.0234   23.0134
    7.5000  -37.5000   22.5000 9516.6562   23.0076
   -7.5000  -30.0000   22.500010631.9111   23.0925
    0.0000  -30.0000   22.500011105.0967   23.0883
    7.5000  -30.0000   22.500010621.9170   23.0846
   -7.5000  -22.5000   22.500011705.5850   23.1636
    0.0000  -22.5000   22.500012178.1982   23.1451
    7.5000  -22.5000   22.500011718.9482   23.1337
   -7.5000  -15.0000   22.500012726.5732   23.1651
    0.0000  -15.0000   22.500013308.5811   23.1250
    7.5000  -15.0000   22.500012795.1494   23.1069
   -7.5000   -7.5000   22.500013841.2725   23.0789
    0.0000   -7.5000   22.500014626.2100   23.0328
    7.5000   -7.5000   22.500013905.2178   23.0173
   -7.5000    0.0000   22.500014945.1943   23.0086
    0.0000    0.0000   22.500015605.4736   22.9743
    7.5000    0.0000   22.500014918.9805   22.9635
   -7.5000    7.5000   22.500014594.3867   23.0236
    0.0000    7.5000   22.500015007.3379   23.0094
    7.5000    7.5000   22.500014475.3320   23.0038
   -7.5000   15.0000   22.500014176.3906   23.0920
    0.0000   15.0000   22.500014588.1719   23.0880
    7.5000   15.0000   22.500014003.1855   23.0843
   -7.5000   22.5000   22.500013647.2119   23.1527
    0.0000   22.5000   22.500014163.8076   23.1343
    7.5000   22.5000   22.500013452.3311   23.1229
   -7.5000   30.0000   22.500012859.9072   22.8653
    0.0000   30.0000   22.500013358.9678   22.8257
    7.5000   30.0000   22.500012691.8809   22.8079
   -7.5000   37.5000   22.500012325.3477   22.7802
    0.0000   37.5000   22.500012804.3242   22.7347
    7.5000   37.5000   22.500012207.2324   22.7194
   -7.5000   45.0000   22.500011285.0859   22.1776
    0.0000   45.0000   22.500011763.9863   22.1446
    7.5000   45.0000   22.500011218.1504   22.1341
   -7.5000  -45.0000   30.0000 8245.1768   23.8428
    0.0000  -45.0000   30.0000 8642.8262   23.8032
    7.5000  -45.0000   30.0000 8269.4854   23.7728
   -7.5000  -37.5000   30.0000 8893.8076   23.3492
    0.0000  -37.5000   30.0000 9302.4824   23.3293
    7.5000  -37.5000   30.0000 8870.4785   23.3044
   -7.5000  -30.0000   30.0000 9896.7129   23.4160
    0.0000  -30.0000   30.000010349.0713   23.4062
    7.5000  -30.0000   30.0000 9897.8047   23.3850
   -7.5000  -22.5000   30.000010902.7080   23.5014
    0.0000  -22.5000   30.000011362.6240   23.4794
    7.5000  -22.5000   30.000010955.9971   23.4531
   -7.5000  -15.0000   30.000011846.1641   23.5142
    0.0000  -15.0000   30.000012380.9824   23.4713
    7.5000  -15.0000   30.000011982.7412   23.4398
   -7.5000   -7.5000   30.000012896.0020   23.4245
    0.0000   -7.5000   30.000013530.7188   23.3755
    7.5000   -7.5000   30.000013007.8154   23.3450
   -7.5000    0.0000   30.000013857.3477   23.3412
    0.0000    0.0000   30.000014290.1816   23.3027
    7.5000    0.0000   30.000013833.0859   23.2741
   -7.5000    7.5000   30.000013500.4102   23.3450
    0.0000    7.5000   30.000013787.1113   23.3252
    7.5000    7.5000   30.000013410.6777   23.3006
   -7.5000   15.0000   30.000013162.4521   23.4154
    0.0000   15.0000   30.000013555.1943   23.4059
    7.5000   15.0000   30.000013106.2314   23.3848
   -7.5000   22.5000   30.000012699.3330   23.4903
    0.0000   22.5000   30.000013153.9473   23.4684
    7.5000   22.5000   30.000012608.5586   23.4422
   -7.5000   30.0000   30.000012012.7764   23.2099
    0.0000   30.0000   30.000012427.7197   23.1675
    7.5000   30.0000   30.000011890.0762   23.1365
   -7.5000   37.5000   30.000011546.8779   23.1214
    0.0000   37.5000   30.000011974.4814   23.0729
    7.5000   37.5000   30.000011457.3047   23.0429
   -7.5000   45.0000   30.000010604.0977   22.4982
    0.0000   45.0000   30.000011026.7744   22.4611
    7.5000   45.0000   30.000010525.6768   22.4335
   -7.5000  -45.0000   37.5000 7947.7495   24.3883
    0.0000  -45.0000   37.5000 8361.1719   24.3481
    7.5000  -45.0000   37.5000 8013.0830   24.3100
   -7.5000  -37.5000   37.5000 8545.2275   23.8650
    0.0000  -37.5000   37.5000 8976.9072   23.8400
    7.5000  -37.5000   37.5000 8603.2275   23.8061
   -7.5000  -30.0000   37.5000 9537.3691   23.9197
    0.0000  -30.0000   37.5000 9991.1455   23.9038
    7.5000  -30.0000   37.5000 9586.3184   23.8764
   -7.5000  -22.5000   37.500010544.1758   24.0011
    0.0000  -22.5000   37.500011011.5791   23.9760
    7.5000  -22.5000   37.500010632.3594   23.9474
   -7.5000  -15.0000   37.500011487.2842   24.0221
    0.0000  -15.0000   37.500012019.9609   23.9795
    7.5000  -15.0000   37.500011618.3408   23.9463
   -7.5000   -7.5000   37.500012486.9365   23.9432
    0.0000   -7.5000   37.500013066.9785   23.8958
    7.5000   -7.5000   37.500012590.8867   23.8608
   -7.5000    0.0000   37.500013332.2822   23.8635
    0.0000    0.0000   37.500013727.7871   23.8244
    7.5000    0.0000   37.500013277.9092   23.7880
   -7.5000    7.5000   37.500013021.1123   23.8605
    0.0000    7.5000   37.500013349.4414   23.8357
    7.5000    7.5000   37.500012925.7256   23.8021
   -7.5000   15.0000   37.500012692.7734   23.9191
    0.0000   15.0000   37.500013117.6758   23.9034
    7.5000   15.0000   37.500012660.6279   23.8761
   -7.5000   22.5000   37.500012261.5615   23.9897
    0.0000   22.5000   37.500012688.6182   23.9648
    7.5000   22.5000   37.500012213.0098   23.9363
   -7.5000   30.0000   37.500011598.1865   23.7111
    0.0000   30.0000   37.500011995.5557   23.6692
    7.5000   30.0000   37.500011496.4424   23.6363
   -7.5000   37.5000   37.500011178.4238   23.6333
    0.0000   37.5000   37.500011601.8418   23.5865
    7.5000   37.5000   37.500011101.1436   23.5520
   -7.5000   45.0000   37.500010304.5928   23.0017
    0.0000   45.0000   37.500010701.6133   22.9640
    7.5000   45.0000   37.500010216.9062   22.9289
   -7.5000  -45.0000   45.0000 7358.6895   25.0497
    0.0000  -45.0000   45.0000 7781.7393   25.0122
    7.5000  -45.0000   45.0000 7469.5161   24.9805
   -7.5000  -37.5000   45.0000 7921.3589   24.5028
    0.0000  -37.5000   45.0000 8358.5996   24.4775
    7.5000  -37.5000   45.0000 8021.9346   24.4492
   -7.5000  -30.0000   45.0000 8859.6934   24.5512
    0.0000  -30.0000   45.0000 9316.5801   24.5322
    7.5000  -30.0000   45.0000 8967.5020   24.5115
   -7.5000  -22.5000   45.0000 9789.0547   24.6203
    0.0000  -22.5000   45.000010281.0391   24.5915
    7.5000  -22.5000   45.0000 9912.8125   24.5714
   -7.5000  -15.0000   45.000010689.6660   24.6370
    0.0000  -15.0000   45.000011197.2549   24.5928
    7.5000  -15.0000   45.000010816.9482   24.5677
   -7.5000   -7.5000   45.000011576.0010   24.5637
    0.0000   -7.5000   45.000012102.4268   24.5181
    7.5000   -7.5000   45.000011666.1514   24.4901
   -7.5000    0.0000   45.000012314.7500   24.4942
    0.0000    0.0000   45.000012737.0352   24.4579
    7.5000    0.0000   45.000012277.6377   24.4275
   -7.5000    7.5000   45.000012039.1816   24.4980
    0.0000    7.5000   45.000012416.0186   24.4730
    7.5000    7.5000   45.000011967.0186   24.4450
   -7.5000   15.0000   45.000011720.7148   24.5505
    0.0000   15.0000   45.000012155.9648   24.5317
    7.5000   15.0000   45.000011700.5264   24.5112
   -7.5000   22.5000   45.000011336.3594   24.6086
    0.0000   22.5000   45.000011733.2480   24.5800
    7.5000   22.5000   45.000011302.2188   24.5598
   -7.5000   30.0000   45.000010727.2979   24.3160
    0.0000   30.0000   45.000011122.3350   24.2724
    7.5000   30.0000   45.000010656.2090   24.2476
   -7.5000   37.5000   45.000010340.1963   24.2437
    0.0000   37.5000   45.000010760.3223   24.1987
    7.5000   37.5000   45.000010308.0527   24.1710
   -7.5000   45.0000   45.0000 9550.1074   23.6203
    0.0000   45.0000   45.0000 9916.5527   23.5853
    7.5000   45.0000   45.0000 9487.6182   23.5559

---------------------------------------------------------------------
imgreg_4dfp /opt/freesurfer/average/711-2C_as_mni_average_305 /opt/freesurfer/average/711-2B_as_mni_average_305_mask talsrcimg_g11 none talsrcimg_to_711-2C_as_mni_average_305_t4 4355
---------------------------------------------------------------------

freesurfer imgreg_4dfp.c
/opt/freesurfer/average/711-2C_as_mni_average_305.4dfp.img
       256       256       256         1
  1.000000  1.000000  1.000000
orientation T byte_order littleendian
Reading image: /opt/freesurfer/average/711-2C_as_mni_average_305.4dfp.img
dimensions:      256       256       256
mmppix:       1.0000   -1.0000   -1.0000
center:     128.0000 -129.0000 -129.0000
/opt/freesurfer/average/711-2B_as_mni_average_305_mask.4dfp.img
       256       256       256         1
  1.000000  1.000000  1.000000
orientation T byte_order littleendian
Reading mask: /opt/freesurfer/average/711-2B_as_mni_average_305_mask.4dfp.img (2306576 pixels)
talsrcimg_g11.4dfp.img
       256       256       256         1
  1.000000  1.000000  1.000000
orientation T byte_order littleendian
Reading image: talsrcimg_g11.4dfp.img
dimensions:      256       256       256
mmppix:       1.0000   -1.0000   -1.0000
center:     128.0000 -129.0000 -129.0000
rotation matrix determinant  1.000000
image alignment mode   4355 decimal     1103 hex
   -7.5000  -45.0000  -37.5000 2129.5710   26.7384
    0.0000  -45.0000  -37.5000 2140.0405   26.3984
    7.5000  -45.0000  -37.5000 2120.4932   26.4602
   -7.5000  -37.5000  -37.5000 2243.9141   24.1259
    0.0000  -37.5000  -37.5000 2258.6011   23.8372
    7.5000  -37.5000  -37.5000 2237.6277   23.8749
   -7.5000  -30.0000  -37.5000 2350.6836   22.0484
    0.0000  -30.0000  -37.5000 2361.6826   21.8171
    7.5000  -30.0000  -37.5000 2341.0254   21.8991
   -7.5000  -22.5000  -37.5000 2435.8562   20.4811
    0.0000  -22.5000  -37.5000 2444.1013   20.2735
    7.5000  -22.5000  -37.5000 2413.9409   20.3833
   -7.5000  -15.0000  -37.5000 2486.5864   19.3552
    0.0000  -15.0000  -37.5000 2495.5156   19.1731
    7.5000  -15.0000  -37.5000 2463.3706   19.3726
   -7.5000   -7.5000  -37.5000 2503.0435   18.6880
    0.0000   -7.5000  -37.5000 2515.9436   18.4733
    7.5000   -7.5000  -37.5000 2486.9465   18.7353
   -7.5000    0.0000  -37.5000 2502.9895   18.3762
    0.0000    0.0000  -37.5000 2515.2651   18.2034
    7.5000    0.0000  -37.5000 2489.8569   18.4282
   -7.5000    7.5000  -37.5000 2491.5747   18.4814
    0.0000    7.5000  -37.5000 2503.0186   18.2728
    7.5000    7.5000  -37.5000 2479.4834   18.4898
   -7.5000   15.0000  -37.5000 2465.2024   18.8210
    0.0000   15.0000  -37.5000 2475.5686   18.6815
    7.5000   15.0000  -37.5000 2451.6692   18.9027
   -7.5000   22.5000  -37.5000 2428.9976   19.6908
    0.0000   22.5000  -37.5000 2440.6985   19.4986
    7.5000   22.5000  -37.5000 2413.9812   19.7075
   -7.5000   30.0000  -37.5000 2373.8516   20.8041
    0.0000   30.0000  -37.5000 2382.7917   20.6168
    7.5000   30.0000  -37.5000 2353.9031   20.7654
   -7.5000   37.5000  -37.5000 2292.0581   22.1422
    0.0000   37.5000  -37.5000 2298.1973   21.9105
    7.5000   37.5000  -37.5000 2267.4946   22.0534
   -7.5000   45.0000  -37.5000 2179.7170   23.9415
    0.0000   45.0000  -37.5000 2188.7041   23.6881
    7.5000   45.0000  -37.5000 2162.4631   23.9167
   -7.5000  -45.0000  -30.0000 2226.9541   26.2759
    0.0000  -45.0000  -30.0000 2241.3909   25.9209
    7.5000  -45.0000  -30.0000 2218.5771   25.9966
   -7.5000  -37.5000  -30.0000 2353.9407   23.7052
    0.0000  -37.5000  -30.0000 2370.3035   23.4017
    7.5000  -37.5000  -30.0000 2344.0112   23.4932
   -7.5000  -30.0000  -30.0000 2467.9050   21.6639
    0.0000  -30.0000  -30.0000 2475.2554   21.3908
    7.5000  -30.0000  -30.0000 2445.6050   21.4703
   -7.5000  -22.5000  -30.0000 2554.6760   20.0430
    0.0000  -22.5000  -30.0000 2564.7144   19.7878
    7.5000  -22.5000  -30.0000 2533.5237   19.8986
   -7.5000  -15.0000  -30.0000 2605.2532   18.8098
    0.0000  -15.0000  -30.0000 2624.9924   18.5846
    7.5000  -15.0000  -30.0000 2593.8911   18.7788
   -7.5000   -7.5000  -30.0000 2630.8535   18.0005
    0.0000   -7.5000  -30.0000 2649.5066   17.7613
    7.5000   -7.5000  -30.0000 2622.3403   18.0303
   -7.5000    0.0000  -30.0000 2641.8845   17.6471
    0.0000    0.0000  -30.0000 2654.0625   17.4176
    7.5000    0.0000  -30.0000 2630.5940   17.6688
   -7.5000    7.5000  -30.0000 2633.6716   17.7405
    0.0000    7.5000  -30.0000 2647.0022   17.5089
    7.5000    7.5000  -30.0000 2616.5869   17.7026
   -7.5000   15.0000  -30.0000 2603.2590   18.0696
    0.0000   15.0000  -30.0000 2618.9041   17.9276
    7.5000   15.0000  -30.0000 2592.4050   18.1682
   -7.5000   22.5000  -30.0000 2568.9060   18.8759
    0.0000   22.5000  -30.0000 2582.2241   18.6590
    7.5000   22.5000  -30.0000 2556.9077   18.9012
   -7.5000   30.0000  -30.0000 2507.5989   19.9257
    0.0000   30.0000  -30.0000 2518.3208   19.6925
    7.5000   30.0000  -30.0000 2492.7190   19.9124
   -7.5000   37.5000  -30.0000 2420.0059   21.2397
    0.0000   37.5000  -30.0000 2429.3391   20.9590
    7.5000   37.5000  -30.0000 2405.3105   21.1293
   -7.5000   45.0000  -30.0000 2303.9255   22.9135
    0.0000   45.0000  -30.0000 2318.4294   22.6565
    7.5000   45.0000  -30.0000 2292.0681   22.9206
   -7.5000  -45.0000  -22.5000 2290.1406   25.6686
    0.0000  -45.0000  -22.5000 2306.9102   25.2777
    7.5000  -45.0000  -22.5000 2288.8877   25.3439
   -7.5000  -37.5000  -22.5000 2423.7297   23.1144
    0.0000  -37.5000  -22.5000 2440.8757   22.7947
    7.5000  -37.5000  -22.5000 2418.8484   22.8066
   -7.5000  -30.0000  -22.5000 2543.6448   21.0834
    0.0000  -30.0000  -22.5000 2557.9805   20.7904
    7.5000  -30.0000  -22.5000 2525.6177   20.8032
   -7.5000  -22.5000  -22.5000 2634.5759   19.4377
    0.0000  -22.5000  -22.5000 2652.4514   19.1838
    7.5000  -22.5000  -22.5000 2620.7917   19.2583
   -7.5000  -15.0000  -22.5000 2694.6921   18.1796
    0.0000  -15.0000  -22.5000 2717.9163   17.8995
    7.5000  -15.0000  -22.5000 2684.4666   18.0494
   -7.5000   -7.5000  -22.5000 2729.5647   17.2673
    0.0000   -7.5000  -22.5000 2747.2236   16.9765
    7.5000   -7.5000  -22.5000 2718.7739   17.2322
   -7.5000    0.0000  -22.5000 2741.4980   16.7689
    0.0000    0.0000  -22.5000 2755.3220   16.5181
    7.5000    0.0000  -22.5000 2727.1348   16.7659
   -7.5000    7.5000  -22.5000 2740.6465   16.7342
    0.0000    7.5000  -22.5000 2752.7712   16.5485
    7.5000    7.5000  -22.5000 2725.3015   16.8016
   -7.5000   15.0000  -22.5000 2718.7864   17.1479
    0.0000   15.0000  -22.5000 2738.2837   17.0306
    7.5000   15.0000  -22.5000 2710.9602   17.3077
   -7.5000   22.5000  -22.5000 2685.0925   17.9680
    0.0000   22.5000  -22.5000 2704.4412   17.7452
    7.5000   22.5000  -22.5000 2678.7849   18.0000
   -7.5000   30.0000  -22.5000 2618.8308   18.9862
    0.0000   30.0000  -22.5000 2632.2610   18.7153
    7.5000   30.0000  -22.5000 2610.1646   18.9438
   -7.5000   37.5000  -22.5000 2527.8528   20.2498
    0.0000   37.5000  -22.5000 2534.6934   19.9348
    7.5000   37.5000  -22.5000 2516.0100   20.1294
   -7.5000   45.0000  -22.5000 2403.5745   21.8405
    0.0000   45.0000  -22.5000 2418.0063   21.5494
    7.5000   45.0000  -22.5000 2393.6660   21.7701
   -7.5000  -45.0000  -15.0000 2319.2642   25.1710
    0.0000  -45.0000  -15.0000 2333.4492   24.7855
    7.5000  -45.0000  -15.0000 2315.5371   24.8233
   -7.5000  -37.5000  -15.0000 2457.1536   22.6006
    0.0000  -37.5000  -15.0000 2469.1016   22.2257
    7.5000  -37.5000  -15.0000 2444.2202   22.2551
   -7.5000  -30.0000  -15.0000 2575.4814   20.5268
    0.0000  -30.0000  -15.0000 2588.3540   20.1878
    7.5000  -30.0000  -15.0000 2563.4622   20.2464
   -7.5000  -22.5000  -15.0000 2673.6438   18.8704
    0.0000  -22.5000  -15.0000 2688.7773   18.5573
    7.5000  -22.5000  -15.0000 2664.6667   18.6390
   -7.5000  -15.0000  -15.0000 2745.1262   17.6363
    0.0000  -15.0000  -15.0000 2763.9563   17.3036
    7.5000  -15.0000  -15.0000 2736.4902   17.4319
   -7.5000   -7.5000  -15.0000 2793.5200   16.6603
    0.0000   -7.5000  -15.0000 2805.9294   16.3937
    7.5000   -7.5000  -15.0000 2779.6631   16.5729
   -7.5000    0.0000  -15.0000 2809.0168   15.9702
    0.0000    0.0000  -15.0000 2818.7778   15.7799
    7.5000    0.0000  -15.0000 2795.1763   16.0970
   -7.5000    7.5000  -15.0000 2803.8201   15.7886
    0.0000    7.5000  -15.0000 2815.7412   15.6465
    7.5000    7.5000  -15.0000 2796.0891   16.0284
   -7.5000   15.0000  -15.0000 2786.6196   16.2822
    0.0000   15.0000  -15.0000 2809.4521   16.1284
    7.5000   15.0000  -15.0000 2790.3669   16.5039
   -7.5000   22.5000  -15.0000 2756.5288   17.1314
    0.0000   22.5000  -15.0000 2775.2344   16.9026
    7.5000   22.5000  -15.0000 2758.0630   17.2144
   -7.5000   30.0000  -15.0000 2698.1177   18.1541
    0.0000   30.0000  -15.0000 2706.8218   17.8683
    7.5000   30.0000  -15.0000 2688.5342   18.1458
   -7.5000   37.5000  -15.0000 2596.3938   19.3284
    0.0000   37.5000  -15.0000 2607.6003   19.0496
    7.5000   37.5000  -15.0000 2588.0879   19.3037
   -7.5000   45.0000  -15.0000 2476.6431   20.8450
    0.0000   45.0000  -15.0000 2484.6189   20.5533
    7.5000   45.0000  -15.0000 2465.7056   20.8198
   -7.5000  -45.0000   -7.5000 2329.3315   24.8864
    0.0000  -45.0000   -7.5000 2346.5081   24.4159
    7.5000  -45.0000   -7.5000 2325.5603   24.4961
   -7.5000  -37.5000   -7.5000 2463.5369   22.2024
    0.0000  -37.5000   -7.5000 2476.6223   21.7465
    7.5000  -37.5000   -7.5000 2458.4636   21.8491
   -7.5000  -30.0000   -7.5000 2580.1589   20.0785
    0.0000  -30.0000   -7.5000 2596.4729   19.6437
    7.5000  -30.0000   -7.5000 2574.0537   19.7369
   -7.5000  -22.5000   -7.5000 2679.0085   18.4337
    0.0000  -22.5000   -7.5000 2698.4348   18.0471
    7.5000  -22.5000   -7.5000 2676.7168   18.1080
   -7.5000  -15.0000   -7.5000 2759.5593   17.2187
    0.0000  -15.0000   -7.5000 2783.6172   16.8672
    7.5000  -15.0000   -7.5000 2760.2419   16.9073
   -7.5000   -7.5000   -7.5000 2821.7971   16.2377
    0.0000   -7.5000   -7.5000 2844.6123   15.9877
    7.5000   -7.5000   -7.5000 2817.3975   16.0090
   -7.5000    0.0000   -7.5000 2846.2410   15.5296
    0.0000    0.0000   -7.5000 2865.4180   15.3499
    7.5000    0.0000   -7.5000 2841.2661   15.5738
   -7.5000    7.5000   -7.5000 2840.2893   15.1278
    0.0000    7.5000   -7.5000 2852.0449   14.9821
    7.5000    7.5000   -7.5000 2839.1255   15.4475
   -7.5000   15.0000   -7.5000 2826.7495   15.6097
    0.0000   15.0000   -7.5000 2848.7434   15.4309
    7.5000   15.0000   -7.5000 2836.0757   15.8593
   -7.5000   22.5000   -7.5000 2812.3164   16.5025
    0.0000   22.5000   -7.5000 2830.4365   16.2605
    7.5000   22.5000   -7.5000 2809.2864   16.5779
   -7.5000   30.0000   -7.5000 2750.8105   17.5009
    0.0000   30.0000   -7.5000 2761.9578   17.2119
    7.5000   30.0000   -7.5000 2739.9399   17.4060
   -7.5000   37.5000   -7.5000 2654.7329   18.6880
    0.0000   37.5000   -7.5000 2664.8018   18.3291
    7.5000   37.5000   -7.5000 2646.1533   18.5166
   -7.5000   45.0000   -7.5000 2534.1411   20.1322
    0.0000   45.0000   -7.5000 2545.4878   19.7970
    7.5000   45.0000   -7.5000 2521.0544   20.0248
   -7.5000  -45.0000    0.0000 2314.8760   24.7283
    0.0000  -45.0000    0.0000 2337.5210   24.2311
    7.5000  -45.0000    0.0000 2325.2283   24.3695
   -7.5000  -37.5000    0.0000 2450.2529   21.9880
    0.0000  -37.5000    0.0000 2465.9329   21.5094
    7.5000  -37.5000    0.0000 2453.1641   21.6516
   -7.5000  -30.0000    0.0000 2566.4570   19.8275
    0.0000  -30.0000    0.0000 2585.0400   19.3455
    7.5000  -30.0000    0.0000 2565.3967   19.4934
   -7.5000  -22.5000    0.0000 2661.2227   18.1378
    0.0000  -22.5000    0.0000 2684.5222   17.7261
    7.5000  -22.5000    0.0000 2674.6907   17.8677
   -7.5000  -15.0000    0.0000 2746.1663   16.9617
    0.0000  -15.0000    0.0000 2772.1013   16.6016
    7.5000  -15.0000    0.0000 2770.4978   16.6883
   -7.5000   -7.5000    0.0000 2828.7158   16.1599
    0.0000   -7.5000    0.0000 2860.4548   15.8494
    7.5000   -7.5000    0.0000 2847.9790   15.8007
   -7.5000    0.0000    0.0000 2879.2739   15.6682
    0.0000    0.0000    0.0000 2908.4500   15.3603
    7.5000    0.0000    0.0000 2887.5928   15.3588
   -7.5000    7.5000    0.0000 2881.6084   15.1476
    0.0000    7.5000    0.0000 2905.2410   14.9770
    7.5000    7.5000    0.0000 2886.8201   15.2279
   -7.5000   15.0000    0.0000 2872.3396   15.3212
    0.0000   15.0000    0.0000 2887.6323   15.1761
    7.5000   15.0000    0.0000 2875.7378   15.4763
   -7.5000   22.5000    0.0000 2846.7449   16.1015
    0.0000   22.5000    0.0000 2862.0083   15.8438
    7.5000   22.5000    0.0000 2842.5842   16.0548
   -7.5000   30.0000    0.0000 2786.0815   16.9909
    0.0000   30.0000    0.0000 2796.4387   16.6446
    7.5000   30.0000    0.0000 2777.0229   16.8024
   -7.5000   37.5000    0.0000 2688.1836   18.1512
    0.0000   37.5000    0.0000 2704.3477   17.7523
    7.5000   37.5000    0.0000 2683.0940   17.9191
   -7.5000   45.0000    0.0000 2563.1250   19.6986
    0.0000   45.0000    0.0000 2580.0249   19.3235
    7.5000   45.0000    0.0000 2554.4961   19.4918
   -7.5000  -45.0000    7.5000 2297.0596   24.6955
    0.0000  -45.0000    7.5000 2318.4966   24.2277
    7.5000  -45.0000    7.5000 2315.0464   24.4985
   -7.5000  -37.5000    7.5000 2423.7068   21.8806
    0.0000  -37.5000    7.5000 2442.4663   21.4501
    7.5000  -37.5000    7.5000 2440.6675   21.6798
   -7.5000  -30.0000    7.5000 2534.2144   19.7605
    0.0000  -30.0000    7.5000 2555.1357   19.3104
    7.5000  -30.0000    7.5000 2553.9719   19.5320
   -7.5000  -22.5000    7.5000 2633.3083   18.1340
    0.0000  -22.5000    7.5000 2660.8796   17.7199
    7.5000  -22.5000    7.5000 2660.3335   17.9012
   -7.5000  -15.0000    7.5000 2729.7166   16.9930
    0.0000  -15.0000    7.5000 2757.6628   16.6410
    7.5000  -15.0000    7.5000 2763.6086   16.7185
   -7.5000   -7.5000    7.5000 2828.7085   16.3387
    0.0000   -7.5000    7.5000 2866.1853   16.0122
    7.5000   -7.5000    7.5000 2855.8552   15.8547
   -7.5000    0.0000    7.5000 2920.7568   15.9897
    0.0000    0.0000    7.5000 2954.0051   15.6878
    7.5000    0.0000    7.5000 2914.0969   15.4124
   -7.5000    7.5000    7.5000 2945.7593   15.5571
    0.0000    7.5000    7.5000 2968.0657   15.3496
    7.5000    7.5000    7.5000 2921.9177   15.2457
   -7.5000   15.0000    7.5000 2914.0225   15.4992
    0.0000   15.0000    7.5000 2939.2896   15.3562
    7.5000   15.0000    7.5000 2898.9995   15.3883
   -7.5000   22.5000    7.5000 2867.8936   15.8500
    0.0000   22.5000    7.5000 2889.6775   15.6825
    7.5000   22.5000    7.5000 2864.0127   15.7767
   -7.5000   30.0000    7.5000 2795.9968   16.5666
    0.0000   30.0000    7.5000 2811.4653   16.2806
    7.5000   30.0000    7.5000 2790.4292   16.4767
   -7.5000   37.5000    7.5000 2704.2561   17.7314
    0.0000   37.5000    7.5000 2721.0535   17.3951
    7.5000   37.5000    7.5000 2701.1838   17.5912
   -7.5000   45.0000    7.5000 2580.9387   19.3403
    0.0000   45.0000    7.5000 2595.6055   19.0208
    7.5000   45.0000    7.5000 2574.5105   19.2318
   -7.5000  -45.0000   15.0000 2265.5107   25.0888
    0.0000  -45.0000   15.0000 2293.9263   24.6088
    7.5000  -45.0000   15.0000 2288.9641   24.8230
   -7.5000  -37.5000   15.0000 2395.0337   22.2731
    0.0000  -37.5000   15.0000 2422.8188   21.8456
    7.5000  -37.5000   15.0000 2420.7803   22.0824
   -7.5000  -30.0000   15.0000 2499.3994   20.1887
    0.0000  -30.0000   15.0000 2529.5591   19.7743
    7.5000  -30.0000   15.0000 2529.4480   19.9393
   -7.5000  -22.5000   15.0000 2611.8433   18.5329
    0.0000  -22.5000   15.0000 2642.8855   18.1210
    7.5000  -22.5000   15.0000 2636.4824   18.2461
   -7.5000  -15.0000   15.0000 2718.2012   17.2391
    0.0000  -15.0000   15.0000 2749.7666   16.8877
    7.5000  -15.0000   15.0000 2747.0945   16.9694
   -7.5000   -7.5000   15.0000 2823.6724   16.4211
    0.0000   -7.5000   15.0000 2859.6267   16.1112
    7.5000   -7.5000   15.0000 2849.8633   16.0091
   -7.5000    0.0000   15.0000 2918.2527   16.0062
    0.0000    0.0000   15.0000 2951.5686   15.6850
    7.5000    0.0000   15.0000 2916.2297   15.4952
   -7.5000    7.5000   15.0000 2950.9116   15.5416
    0.0000    7.5000   15.0000 2974.6189   15.3053
    7.5000    7.5000   15.0000 2924.2981   15.2672
   -7.5000   15.0000   15.0000 2925.0757   15.4964
    0.0000   15.0000   15.0000 2945.4907   15.2609
    7.5000   15.0000   15.0000 2892.7229   15.3492
   -7.5000   22.5000   15.0000 2870.8069   15.9150
    0.0000   22.5000   15.0000 2895.7993   15.6137
    7.5000   22.5000   15.0000 2850.3284   15.7546
   -7.5000   30.0000   15.0000 2795.8386   16.6730
    0.0000   30.0000   15.0000 2812.9355   16.4033
    7.5000   30.0000   15.0000 2783.3518   16.5855
   -7.5000   37.5000   15.0000 2697.7605   17.7766
    0.0000   37.5000   15.0000 2712.9282   17.4819
    7.5000   37.5000   15.0000 2694.3594   17.6837
   -7.5000   45.0000   15.0000 2571.4841   19.3314
    0.0000   45.0000   15.0000 2586.6235   19.0605
    7.5000   45.0000   15.0000 2570.2710   19.2500
   -7.5000  -45.0000   22.5000 2232.8726   25.9616
    0.0000  -45.0000   22.5000 2266.0542   25.4594
    7.5000  -45.0000   22.5000 2257.1956   25.5723
   -7.5000  -37.5000   22.5000 2367.9177   23.0876
    0.0000  -37.5000   22.5000 2401.3184   22.6481
    7.5000  -37.5000   22.5000 2394.6301   22.8138
   -7.5000  -30.0000   22.5000 2478.8765   20.9027
    0.0000  -30.0000   22.5000 2510.3416   20.4328
    7.5000  -30.0000   22.5000 2502.6833   20.5709
   -7.5000  -22.5000   22.5000 2585.8655   19.0695
    0.0000  -22.5000   22.5000 2619.1389   18.6325
    7.5000  -22.5000   22.5000 2614.3726   18.7841
   -7.5000  -15.0000   22.5000 2689.5889   17.6211
    0.0000  -15.0000   22.5000 2724.5066   17.2315
    7.5000  -15.0000   22.5000 2722.0283   17.3665
   -7.5000   -7.5000   22.5000 2794.7329   16.6717
    0.0000   -7.5000   22.5000 2828.8025   16.2970
    7.5000   -7.5000   22.5000 2823.0588   16.3052
   -7.5000    0.0000   22.5000 2887.2554   16.0999
    0.0000    0.0000   22.5000 2920.3582   15.7041
    7.5000    0.0000   22.5000 2898.8909   15.6859
   -7.5000    7.5000   22.5000 2922.8406   15.5735
    0.0000    7.5000   22.5000 2932.1362   15.1553
    7.5000    7.5000   22.5000 2909.6143   15.3687
   -7.5000   15.0000   22.5000 2906.5137   15.6060
    0.0000   15.0000   22.5000 2913.0503   15.1884
    7.5000   15.0000   22.5000 2879.3821   15.4807
   -7.5000   22.5000   22.5000 2867.2864   16.1610
    0.0000   22.5000   22.5000 2893.3650   15.8760
    7.5000   22.5000   22.5000 2847.1123   16.0646
   -7.5000   30.0000   22.5000 2794.1858   17.0693
    0.0000   30.0000   22.5000 2805.1633   16.8312
    7.5000   30.0000   22.5000 2777.2537   17.0057
   -7.5000   37.5000   22.5000 2680.1101   18.2388
    0.0000   37.5000   22.5000 2692.7275   17.9947
    7.5000   37.5000   22.5000 2682.3547   18.2036
   -7.5000   45.0000   22.5000 2548.6829   19.7988
    0.0000   45.0000   22.5000 2566.4241   19.4901
    7.5000   45.0000   22.5000 2553.2893   19.6811
   -7.5000  -45.0000   30.0000 2188.1829   27.0307
    0.0000  -45.0000   30.0000 2221.1204   26.4913
    7.5000  -45.0000   30.0000 2216.2336   26.5545
   -7.5000  -37.5000   30.0000 2335.7488   24.0320
    0.0000  -37.5000   30.0000 2366.7732   23.4763
    7.5000  -37.5000   30.0000 2350.8083   23.5933
   -7.5000  -30.0000   30.0000 2441.4399   21.5908
    0.0000  -30.0000   30.0000 2478.8000   21.1166
    7.5000  -30.0000   30.0000 2463.3408   21.2709
   -7.5000  -22.5000   30.0000 2552.1855   19.6885
    0.0000  -22.5000   30.0000 2590.0427   19.1870
    7.5000  -22.5000   30.0000 2584.1184   19.4201
   -7.5000  -15.0000   30.0000 2654.5493   18.1867
    0.0000  -15.0000   30.0000 2692.5833   17.7362
    7.5000  -15.0000   30.0000 2692.2332   17.9703
   -7.5000   -7.5000   30.0000 2765.4736   17.2340
    0.0000   -7.5000   30.0000 2795.3772   16.7823
    7.5000   -7.5000   30.0000 2792.5479   16.9049
   -7.5000    0.0000   30.0000 2842.1516   16.5897
    0.0000    0.0000   30.0000 2875.8267   16.0898
    7.5000    0.0000   30.0000 2863.5342   16.2134
   -7.5000    7.5000   30.0000 2872.0325   16.0587
    0.0000    7.5000   30.0000 2873.2000   15.4650
    7.5000    7.5000   30.0000 2876.0339   15.7674
   -7.5000   15.0000   30.0000 2861.1855   16.1287
    0.0000   15.0000   30.0000 2881.6084   15.7178
    7.5000   15.0000   30.0000 2863.8186   15.9476
   -7.5000   22.5000   30.0000 2832.3135   16.7145
    0.0000   22.5000   30.0000 2862.7949   16.4059
    7.5000   22.5000   30.0000 2825.3428   16.5957
   -7.5000   30.0000   30.0000 2760.2446   17.7052
    0.0000   30.0000   30.0000 2778.6731   17.4242
    7.5000   30.0000   30.0000 2748.6396   17.5853
   -7.5000   37.5000   30.0000 2647.3579   18.9126
    0.0000   37.5000   30.0000 2665.0806   18.6678
    7.5000   37.5000   30.0000 2651.8755   18.8012
   -7.5000   45.0000   30.0000 2515.7173   20.4578
    0.0000   45.0000   30.0000 2541.6187   20.1835
    7.5000   45.0000   30.0000 2522.7786   20.3042
   -7.5000  -45.0000   37.5000 2141.1326   28.2403
    0.0000  -45.0000   37.5000 2179.9756   27.7064
    7.5000  -45.0000   37.5000 2176.5378   27.7888
   -7.5000  -37.5000   37.5000 2287.0879   24.9492
    0.0000  -37.5000   37.5000 2323.4680   24.4371
    7.5000  -37.5000   37.5000 2312.9700   24.5982
   -7.5000  -30.0000   37.5000 2403.5176   22.4058
    0.0000  -30.0000   37.5000 2437.6899   21.8667
    7.5000  -30.0000   37.5000 2422.8975   22.1140
   -7.5000  -22.5000   37.5000 2519.6091   20.4630
    0.0000  -22.5000   37.5000 2556.8855   19.9715
    7.5000  -22.5000   37.5000 2550.6274   20.2298
   -7.5000  -15.0000   37.5000 2620.2559   19.0356
    0.0000  -15.0000   37.5000 2658.7173   18.5687
    7.5000  -15.0000   37.5000 2660.3191   18.7683
   -7.5000   -7.5000   37.5000 2724.8335   18.1020
    0.0000   -7.5000   37.5000 2757.5710   17.5520
    7.5000   -7.5000   37.5000 2754.1814   17.6927
   -7.5000    0.0000   37.5000 2783.9475   17.3563
    0.0000    0.0000   37.5000 2817.0725   16.7092
    7.5000    0.0000   37.5000 2806.2830   16.8986
   -7.5000    7.5000   37.5000 2814.1948   16.7666
    0.0000    7.5000   37.5000 2824.2341   16.1928
    7.5000    7.5000   37.5000 2817.6812   16.3602
   -7.5000   15.0000   37.5000 2801.6936   16.8885
    0.0000   15.0000   37.5000 2830.2996   16.5116
    7.5000   15.0000   37.5000 2819.3535   16.6801
   -7.5000   22.5000   37.5000 2775.6758   17.5017
    0.0000   22.5000   37.5000 2801.8762   17.1850
    7.5000   22.5000   37.5000 2783.8101   17.3658
   -7.5000   30.0000   37.5000 2701.2761   18.4561
    0.0000   30.0000   37.5000 2722.2759   18.1937
    7.5000   30.0000   37.5000 2699.6255   18.3274
   -7.5000   37.5000   37.5000 2599.7749   19.6837
    0.0000   37.5000   37.5000 2619.2231   19.3878
    7.5000   37.5000   37.5000 2600.7346   19.5272
   -7.5000   45.0000   37.5000 2468.3152   21.2638
    0.0000   45.0000   37.5000 2499.2422   20.9544
    7.5000   45.0000   37.5000 2477.3792   21.0383
   -7.5000  -45.0000   45.0000 2085.3770   29.5455
    0.0000  -45.0000   45.0000 2131.0632   29.0781
    7.5000  -45.0000   45.0000 2130.8101   29.2060
   -7.5000  -37.5000   45.0000 2233.1787   26.1021
    0.0000  -37.5000   45.0000 2271.7192   25.5560
    7.5000  -37.5000   45.0000 2263.9114   25.7745
   -7.5000  -30.0000   45.0000 2355.5671   23.4298
    0.0000  -30.0000   45.0000 2390.9653   22.9256
    7.5000  -30.0000   45.0000 2379.9573   23.1850
   -7.5000  -22.5000   45.0000 2468.0833   21.4714
    0.0000  -22.5000   45.0000 2510.2412   21.0050
    7.5000  -22.5000   45.0000 2502.3962   21.2305
   -7.5000  -15.0000   45.0000 2565.0432   20.0340
    0.0000  -15.0000   45.0000 2603.9695   19.5372
    7.5000  -15.0000   45.0000 2603.7539   19.7391
   -7.5000   -7.5000   45.0000 2658.3914   19.0326
    0.0000   -7.5000   45.0000 2694.3088   18.4725
    7.5000   -7.5000   45.0000 2692.7349   18.6047
   -7.5000    0.0000   45.0000 2713.3318   18.2889
    0.0000    0.0000   45.0000 2749.2075   17.5856
    7.5000    0.0000   45.0000 2735.1902   17.7605
   -7.5000    7.5000   45.0000 2743.7009   17.7118
    0.0000    7.5000   45.0000 2756.6917   17.1862
    7.5000    7.5000   45.0000 2744.9565   17.3252
   -7.5000   15.0000   45.0000 2724.6677   17.8601
    0.0000   15.0000   45.0000 2754.4871   17.4595
    7.5000   15.0000   45.0000 2742.3333   17.5585
   -7.5000   22.5000   45.0000 2698.4739   18.4702
    0.0000   22.5000   45.0000 2720.5723   18.1288
    7.5000   22.5000   45.0000 2710.4495   18.2668
   -7.5000   30.0000   45.0000 2620.5796   19.3673
    0.0000   30.0000   45.0000 2644.6741   19.0601
    7.5000   30.0000   45.0000 2625.1882   19.1971
   -7.5000   37.5000   45.0000 2524.4653   20.5384
    0.0000   37.5000   45.0000 2549.7253   20.1905
    7.5000   37.5000   45.0000 2534.0479   20.3077
   -7.5000   45.0000   45.0000 2412.2297   22.0943
    0.0000   45.0000   45.0000 2432.5754   21.7588
    7.5000   45.0000   45.0000 2413.8750   21.8416
   -7.5000  -45.0000   52.5000 2031.1777   31.0241
    0.0000  -45.0000   52.5000 2068.7266   30.5324
    7.5000  -45.0000   52.5000 2067.9709   30.7139
   -7.5000  -37.5000   52.5000 2179.4106   27.4317
    0.0000  -37.5000   52.5000 2211.4158   26.9643
    7.5000  -37.5000   52.5000 2201.4500   27.1377
   -7.5000  -30.0000   52.5000 2301.9180   24.7166
    0.0000  -30.0000   52.5000 2334.6594   24.2485
    7.5000  -30.0000   52.5000 2322.5977   24.4342
   -7.5000  -22.5000   52.5000 2408.1309   22.6935
    0.0000  -22.5000   52.5000 2450.1628   22.2145
    7.5000  -22.5000   52.5000 2446.2190   22.3941
   -7.5000  -15.0000   52.5000 2498.7795   21.1978
    0.0000  -15.0000   52.5000 2537.8066   20.6765
    7.5000  -15.0000   52.5000 2539.1064   20.8483
   -7.5000   -7.5000   52.5000 2585.8291   20.0872
    0.0000   -7.5000   52.5000 2625.5327   19.5667
    7.5000   -7.5000   52.5000 2621.5083   19.7012
   -7.5000    0.0000   52.5000 2639.9648   19.3378
    0.0000    0.0000   52.5000 2675.8438   18.7764
    7.5000    0.0000   52.5000 2663.1929   18.8852
   -7.5000    7.5000   52.5000 2658.1572   18.8519
    0.0000    7.5000   52.5000 2679.4854   18.3670
    7.5000    7.5000   52.5000 2667.2292   18.4736
   -7.5000   15.0000   52.5000 2642.3982   18.9585
    0.0000   15.0000   52.5000 2667.3730   18.5639
    7.5000   15.0000   52.5000 2653.4170   18.6511
   -7.5000   22.5000   52.5000 2616.4414   19.5574
    0.0000   22.5000   52.5000 2639.3262   19.1952
    7.5000   22.5000   52.5000 2627.3921   19.2985
   -7.5000   30.0000   52.5000 2541.4326   20.3987
    0.0000   30.0000   52.5000 2569.3474   20.0602
    7.5000   30.0000   52.5000 2548.0164   20.1953
   -7.5000   37.5000   52.5000 2447.8977   21.5600
    0.0000   37.5000   52.5000 2475.8511   21.1882
    7.5000   37.5000   52.5000 2466.2290   21.2973
   -7.5000   45.0000   52.5000 2336.2947   23.1556
    0.0000   45.0000   52.5000 2353.6011   22.7482
    7.5000   45.0000   52.5000 2344.0862   22.8451

---------------------------------------------------------------------
imgreg_4dfp /opt/freesurfer/average/711-2C_as_mni_average_305 /opt/freesurfer/average/711-2B_as_mni_average_305_mask talsrcimg_g11 none talsrcimg_to_711-2C_as_mni_average_305_t4 1283
---------------------------------------------------------------------

freesurfer imgreg_4dfp.c
/opt/freesurfer/average/711-2C_as_mni_average_305.4dfp.img
       256       256       256         1
  1.000000  1.000000  1.000000
orientation T byte_order littleendian
Reading image: /opt/freesurfer/average/711-2C_as_mni_average_305.4dfp.img
dimensions:      256       256       256
mmppix:       1.0000   -1.0000   -1.0000
center:     128.0000 -129.0000 -129.0000
/opt/freesurfer/average/711-2B_as_mni_average_305_mask.4dfp.img
       256       256       256         1
  1.000000  1.000000  1.000000
orientation T byte_order littleendian
Reading mask: /opt/freesurfer/average/711-2B_as_mni_average_305_mask.4dfp.img (2306576 pixels)
talsrcimg_g11.4dfp.img
       256       256       256         1
  1.000000  1.000000  1.000000
orientation T byte_order littleendian
Reading image: talsrcimg_g11.4dfp.img
dimensions:      256       256       256
mmppix:       1.0000   -1.0000   -1.0000
center:     128.0000 -129.0000 -129.0000
rotation matrix determinant  1.000000
fimgreg.f
image alignment mode   1283 decimal      503 hex
parameters
    0.0000    7.5000   15.0000    0.0000    0.0000    0.0000
eta,q 0.93624 15.33228
niter,ni,del,rscale     5    3   12.0000    1.2000
parameter  3  0.517297 ->  0.500000 qaram    1.1500
parameter  6 -3.124440 ->  0.500000 qaram    1.1500
parameters
   -2.6989    7.8354   11.5500   -2.9999   -0.3046   -3.4500
eta,q 0.93959 15.34660
  0.0683  0.0752  0.0665  0.0642  0.0674  0.0572
  0.0674  0.0705  0.0646  0.0642  0.0664  0.0596
  0.0662  0.0683  0.0650  0.0636  0.0652  0.0625
  0.0672  0.0663  0.0664  0.0643  0.0639  0.0641
  0.0710  0.0648  0.0690  0.0665  0.0637  0.0656
  0.0733  0.0670  0.0731  0.0701  0.0659  0.0678
  0.0775  0.0754  0.0773  0.0742  0.0696  0.0692
niter,ni,del,rscale     6    3   12.0000    1.2000
parameter  6  1.231532 ->  0.500000 qaram    1.3225
parameters
   -0.9879    7.8291   10.8941   -4.2170   -1.0223   -7.4175
eta,q 0.94712 15.50983
  0.0729  0.0647  0.0679  0.0592  0.0609  0.0532
  0.0679  0.0586  0.0611  0.0575  0.0590  0.0527
  0.0637  0.0568  0.0568  0.0564  0.0571  0.0539
  0.0604  0.0575  0.0575  0.0567  0.0564  0.0564
  0.0572  0.0575  0.0620  0.0572  0.0577  0.0600
  0.0586  0.0595  0.0657  0.0596  0.0601  0.0628
  0.0650  0.0639  0.0694  0.0641  0.0646  0.0654
niter,ni,del,rscale     6    3   12.0000    1.2000
parameters
   -0.7023    7.8822   10.6687   -4.8319   -1.7131   -9.0918
eta,q 0.94836 15.57182
  0.0671  0.0655  0.0628  0.0578  0.0575  0.0559
  0.0609  0.0577  0.0566  0.0549  0.0543  0.0538
  0.0559  0.0526  0.0538  0.0522  0.0518  0.0520
  0.0529  0.0527  0.0527  0.0527  0.0521  0.0517
  0.0531  0.0544  0.0551  0.0546  0.0540  0.0537
  0.0584  0.0589  0.0585  0.0567  0.0563  0.0580
  0.0657  0.0635  0.0632  0.0595  0.0603  0.0616
niter,ni,del,rscale     5    3   12.0000    1.2000
parameters
   -0.6105    8.0237   10.5421   -5.3902   -1.8501   -9.5270
eta,q 0.94878 15.58828
  0.0649  0.0668  0.0614  0.0565  0.0574  0.0569
  0.0590  0.0581  0.0561  0.0539  0.0541  0.0544
  0.0544  0.0523  0.0532  0.0511  0.0513  0.0526
  0.0516  0.0516  0.0516  0.0516  0.0513  0.0512
  0.0530  0.0531  0.0536  0.0533  0.0526  0.0519
  0.0583  0.0586  0.0568  0.0554  0.0544  0.0549
  0.0647  0.0642  0.0619  0.0582  0.0577  0.0592
niter,ni,del,rscale     4    3   12.0000    1.2000
parameters
   -0.6020    8.1908   10.4759   -5.8141   -1.8239   -9.5982
eta,q 0.94893 15.59604
  0.0640  0.0669  0.0609  0.0561  0.0576  0.0573
  0.0581  0.0582  0.0561  0.0540  0.0541  0.0545
  0.0537  0.0524  0.0527  0.0508  0.0511  0.0524
  0.0512  0.0512  0.0513  0.0513  0.0510  0.0511
  0.0528  0.0529  0.0531  0.0528  0.0523  0.0517
  0.0580  0.0584  0.0560  0.0546  0.0540  0.0540
  0.0643  0.0641  0.0613  0.0575  0.0571  0.0582
niter,ni,del,rscale     3    3   12.0000    1.2000
parameters
   -0.6076    8.3376   10.4296   -6.1416   -1.7655   -9.6409
eta,q 0.94904 15.59887
  0.0638  0.0665  0.0605  0.0558  0.0576  0.0574
  0.0579  0.0582  0.0560  0.0544  0.0541  0.0543
  0.0535  0.0526  0.0523  0.0509  0.0510  0.0521
  0.0511  0.0511  0.0511  0.0511  0.0509  0.0509
  0.0527  0.0530  0.0528  0.0525  0.0522  0.0518
  0.0578  0.0586  0.0556  0.0543  0.0539  0.0539
  0.0642  0.0639  0.0610  0.0572  0.0569  0.0580
niter,ni,del,rscale     2    3   12.0000    1.2000
parameters
   -0.6107    8.4563   10.3918   -6.3898   -1.7365   -9.6849
eta,q 0.94915 15.60315
  0.0638  0.0661  0.0603  0.0556  0.0577  0.0574
  0.0578  0.0581  0.0560  0.0546  0.0539  0.0542
  0.0534  0.0527  0.0521  0.0511  0.0508  0.0519
  0.0510  0.0510  0.0510  0.0510  0.0508  0.0509
  0.0525  0.0533  0.0526  0.0523  0.0522  0.0519
  0.0576  0.0588  0.0553  0.0540  0.0540  0.0540
  0.0642  0.0637  0.0609  0.0570  0.0570  0.0578
niter,ni,del,rscale     1    3   12.0000    1.2000
parameters
   -0.6074    8.5363   10.3549   -6.5924   -1.7553   -9.7173
eta,q 0.94933 15.60860
  0.0639  0.0657  0.0602  0.0554  0.0577  0.0574
  0.0577  0.0580  0.0559  0.0547  0.0538  0.0541
  0.0534  0.0528  0.0518  0.0514  0.0507  0.0517
  0.0509  0.0509  0.0508  0.0508  0.0507  0.0507
  0.0523  0.0536  0.0525  0.0522  0.0522  0.0520
  0.0575  0.0590  0.0552  0.0538  0.0542  0.0540
  0.0643  0.0637  0.0608  0.0568  0.0570  0.0576
registration optimization eta report
parameter search radius
    6.0000    6.0000    6.9000    6.0000    6.0000    7.9350
100000*second partial in parameter space
       36.       37.       20.       14.       18.       10.
  0.0639  0.0657  0.0602  0.0554  0.0577  0.0574
  0.0577  0.0580  0.0559  0.0547  0.0538  0.0541
  0.0534  0.0528  0.0518  0.0514  0.0507  0.0517
  0.0509  0.0509  0.0508  0.0508  0.0507  0.0507
  0.0523  0.0536  0.0525  0.0522  0.0522  0.0520
  0.0575  0.0590  0.0552  0.0538  0.0542  0.0540
  0.0643  0.0637  0.0608  0.0568  0.0570  0.0576
   -0.6074    8.5363   10.3549   -6.5924   -1.7553   -9.7173
eta,q 0.94933 15.60860

---------------------------------------------------------------------
imgreg_4dfp /opt/freesurfer/average/711-2C_as_mni_average_305 /opt/freesurfer/average/711-2B_as_mni_average_305_mask talsrcimg_g11 none talsrcimg_to_711-2C_as_mni_average_305_t4 3335
---------------------------------------------------------------------

freesurfer imgreg_4dfp.c
/opt/freesurfer/average/711-2C_as_mni_average_305.4dfp.img
       256       256       256         1
  1.000000  1.000000  1.000000
orientation T byte_order littleendian
Reading image: /opt/freesurfer/average/711-2C_as_mni_average_305.4dfp.img
dimensions:      256       256       256
mmppix:       1.0000   -1.0000   -1.0000
center:     128.0000 -129.0000 -129.0000
/opt/freesurfer/average/711-2B_as_mni_average_305_mask.4dfp.img
       256       256       256         1
  1.000000  1.000000  1.000000
orientation T byte_order littleendian
Reading mask: /opt/freesurfer/average/711-2B_as_mni_average_305_mask.4dfp.img (2306576 pixels)
talsrcimg_g11.4dfp.img
       256       256       256         1
  1.000000  1.000000  1.000000
orientation T byte_order littleendian
Reading image: talsrcimg_g11.4dfp.img
dimensions:      256       256       256
mmppix:       1.0000   -1.0000   -1.0000
center:     128.0000 -129.0000 -129.0000
fimgreg.f
image alignment mode   3335 decimal      D07 hex
parameters
   -0.6074    8.5363   10.3549   -1.4810   -2.0271   -0.7078
   16.4205    4.9369  -16.8708   10.8022   -3.0631  -11.4751
eta,q 0.94751 15.57190
niter,ni,del,rscale     5    3    5.0000    1.2000
parameter  4  1.225715 ->  0.500000 qaram    1.1500
parameter  5  2.110548 ->  0.500000 qaram    1.1500
parameter  7  0.610961 ->  0.500000 qaram    1.1500
parameter 12 -0.720991 -> -0.500000 qaram    1.1500
parameters
   -0.8734    8.4793   10.9991   -5.6210   -6.1671   -2.9111
   12.2805    5.1610  -13.5894   11.5665   -2.4574   -7.3351
eta,q 0.96065 15.13847
  0.0542  0.0549  0.0545  0.0474  0.0375  0.0421  0.0404  0.0432  0.0437  0.0424  0.0408  0.0422
  0.0531  0.0533  0.0535  0.0482  0.0403  0.0412  0.0400  0.0414  0.0420  0.0407  0.0403  0.0412
  0.0525  0.0525  0.0528  0.0498  0.0439  0.0409  0.0402  0.0403  0.0408  0.0397  0.0400  0.0404
  0.0525  0.0524  0.0524  0.0523  0.0485  0.0412  0.0409  0.0400  0.0401  0.0397  0.0398  0.0398
  0.0529  0.0530  0.0523  0.0556  0.0550  0.0421  0.0421  0.0403  0.0397  0.0399  0.0399  0.0395
  0.0538  0.0538  0.0525  0.0595  0.0618  0.0431  0.0439  0.0411  0.0398  0.0401  0.0401  0.0393
  0.0551  0.0547  0.0530  0.0641  0.0674  0.0455  0.0462  0.0427  0.0402  0.0413  0.0405  0.0394
niter,ni,del,rscale     7    3    5.0000    1.2000
parameter  2 -1.628209 -> -0.500000 qaram    1.1500
parameter  5  1.033777 ->  0.500000 qaram    1.3225
parameters
   -0.0089    9.8593   11.0115   -9.5898  -10.9281   -3.6289
   11.2551    5.7172  -12.1463   12.9939   -5.3864  -11.4109
eta,q 0.96904 14.65952
  0.0429  0.0449  0.0380  0.0365  0.0300  0.0335  0.0334  0.0351  0.0340  0.0356  0.0315  0.0313
  0.0413  0.0427  0.0372  0.0361  0.0313  0.0326  0.0325  0.0334  0.0329  0.0336  0.0313  0.0310
  0.0401  0.0408  0.0367  0.0361  0.0332  0.0319  0.0319  0.0322  0.0322  0.0323  0.0313  0.0310
  0.0394  0.0390  0.0366  0.0366  0.0360  0.0318  0.0317  0.0317  0.0317  0.0316  0.0314  0.0313
  0.0390  0.0375  0.0367  0.0381  0.0411  0.0323  0.0321  0.0318  0.0316  0.0314  0.0316  0.0317
  0.0392  0.0363  0.0372  0.0411  0.0478  0.0332  0.0331  0.0327  0.0319  0.0319  0.0320  0.0323
  0.0400  0.0359  0.0379  0.0453  0.0543  0.0343  0.0347  0.0343  0.0328  0.0334  0.0324  0.0332
niter,ni,del,rscale     7    3    5.0000    1.2000
parameter  2 -0.904733 -> -0.500000 qaram    1.3225
parameter  5  0.592836 ->  0.500000 qaram    1.5209
parameters
    0.0422   11.4463   11.2223   -9.5095  -16.4032   -2.7432
   11.2863    5.8061  -12.0773   15.0736   -5.6940  -14.6405
eta,q 0.97494 14.49676
  0.0334  0.0397  0.0306  0.0313  0.0266  0.0290  0.0290  0.0295  0.0284  0.0310  0.0263  0.0259
  0.0320  0.0363  0.0297  0.0302  0.0259  0.0277  0.0273  0.0276  0.0270  0.0288  0.0258  0.0252
  0.0312  0.0333  0.0291  0.0293  0.0267  0.0266  0.0263  0.0263  0.0262  0.0271  0.0255  0.0251
  0.0310  0.0310  0.0288  0.0288  0.0288  0.0260  0.0259  0.0259  0.0259  0.0259  0.0254  0.0254
  0.0312  0.0294  0.0289  0.0288  0.0319  0.0260  0.0263  0.0263  0.0262  0.0254  0.0256  0.0261
  0.0319  0.0286  0.0293  0.0296  0.0381  0.0268  0.0273  0.0275  0.0270  0.0259  0.0259  0.0271
  0.0331  0.0285  0.0301  0.0317  0.0468  0.0279  0.0289  0.0293  0.0283  0.0275  0.0264  0.0282
niter,ni,del,rscale     7    3    5.0000    1.2000
parameters
   -0.0228   12.4267   11.4423   -8.8851  -18.3513   -1.9295
   11.1033    5.8597  -11.7699   16.0384   -5.3994  -15.9924
eta,q 0.97586 14.51039
  0.0278  0.0339  0.0268  0.0274  0.0297  0.0280  0.0277  0.0280  0.0272  0.0287  0.0255  0.0258
  0.0262  0.0300  0.0256  0.0261  0.0269  0.0264  0.0258  0.0261  0.0257  0.0266  0.0248  0.0247
  0.0253  0.0270  0.0248  0.0250  0.0249  0.0250  0.0246  0.0248  0.0247  0.0251  0.0244  0.0242
  0.0251  0.0251  0.0245  0.0245  0.0244  0.0244  0.0243  0.0243  0.0243  0.0243  0.0242  0.0242
  0.0255  0.0245  0.0246  0.0244  0.0263  0.0245  0.0249  0.0247  0.0246  0.0243  0.0244  0.0248
  0.0265  0.0253  0.0251  0.0251  0.0300  0.0255  0.0261  0.0260  0.0254  0.0252  0.0247  0.0258
  0.0280  0.0273  0.0260  0.0270  0.0370  0.0267  0.0279  0.0279  0.0267  0.0270  0.0252  0.0270
niter,ni,del,rscale     6    3    5.0000    1.2000
parameters
    0.0380   12.5250   11.4541   -8.6604  -18.6616   -1.5069
   10.9739    5.9545  -11.8097   16.3121   -5.3229  -16.2817
eta,q 0.97584 14.54175
  0.0273  0.0302  0.0262  0.0270  0.0312  0.0276  0.0276  0.0278  0.0268  0.0279  0.0254  0.0263
  0.0255  0.0269  0.0250  0.0257  0.0281  0.0259  0.0257  0.0259  0.0253  0.0260  0.0247  0.0251
  0.0245  0.0248  0.0244  0.0247  0.0256  0.0247  0.0245  0.0246  0.0244  0.0247  0.0243  0.0243
  0.0241  0.0241  0.0242  0.0242  0.0241  0.0242  0.0242  0.0242  0.0242  0.0242  0.0242  0.0242
  0.0244  0.0249  0.0244  0.0241  0.0249  0.0245  0.0247  0.0245  0.0245  0.0244  0.0243  0.0245
  0.0254  0.0267  0.0251  0.0250  0.0278  0.0256  0.0259  0.0257  0.0255  0.0255  0.0247  0.0254
  0.0269  0.0292  0.0261  0.0271  0.0330  0.0268  0.0277  0.0277  0.0268  0.0275  0.0253  0.0265
niter,ni,del,rscale     5    3    5.0000    1.2000
parameters
    0.0643   12.5414   11.4636   -8.6102  -18.7171   -1.3929
   10.9761    5.9868  -11.8350   16.3726   -5.2860  -16.3387
eta,q 0.97583 14.55084
  0.0272  0.0299  0.0262  0.0269  0.0314  0.0274  0.0277  0.0277  0.0268  0.0277  0.0254  0.0264
  0.0255  0.0267  0.0251  0.0256  0.0283  0.0257  0.0257  0.0258  0.0253  0.0258  0.0247  0.0252
  0.0245  0.0247  0.0244  0.0246  0.0257  0.0246  0.0245  0.0246  0.0244  0.0246  0.0243  0.0244
  0.0242  0.0242  0.0242  0.0242  0.0242  0.0242  0.0242  0.0242  0.0242  0.0242  0.0242  0.0242
  0.0245  0.0250  0.0244  0.0241  0.0247  0.0247  0.0247  0.0245  0.0245  0.0245  0.0243  0.0245
  0.0255  0.0269  0.0251  0.0251  0.0276  0.0257  0.0258  0.0257  0.0255  0.0256  0.0247  0.0253
  0.0270  0.0295  0.0261  0.0274  0.0325  0.0271  0.0276  0.0277  0.0268  0.0277  0.0253  0.0264
niter,ni,del,rscale     4    3    5.0000    1.2000
parameters
    0.0720   12.5440   11.4681   -8.6055  -18.7293   -1.3668
   10.9867    5.9922  -11.8476   16.3858   -5.2833  -16.3492
eta,q 0.97582 14.55248
  0.0271  0.0298  0.0262  0.0269  0.0315  0.0273  0.0277  0.0277  0.0268  0.0277  0.0254  0.0265
  0.0255  0.0266  0.0251  0.0256  0.0284  0.0257  0.0257  0.0258  0.0253  0.0258  0.0247  0.0252
  0.0245  0.0247  0.0244  0.0246  0.0258  0.0245  0.0245  0.0246  0.0245  0.0246  0.0243  0.0244
  0.0242  0.0242  0.0242  0.0242  0.0242  0.0242  0.0242  0.0242  0.0242  0.0242  0.0242  0.0242
  0.0245  0.0250  0.0244  0.0242  0.0247  0.0247  0.0247  0.0245  0.0245  0.0245  0.0244  0.0245
  0.0255  0.0269  0.0251  0.0251  0.0275  0.0257  0.0258  0.0258  0.0254  0.0257  0.0247  0.0253
  0.0271  0.0295  0.0261  0.0274  0.0325  0.0271  0.0276  0.0277  0.0268  0.0277  0.0253  0.0264
registration optimization eta report
parameter search radius
    2.4000    3.1740    2.4000    8.2800   10.9503    7.2000
    8.2800    7.2000    7.2000    7.2000    7.2000    8.2800
100000*second partial in parameter space
       51.       54.       35.        4.        6.        6.
        5.        7.        5.        7.        2.        3.
  0.0271  0.0298  0.0262  0.0269  0.0315  0.0273  0.0277  0.0277  0.0268  0.0277  0.0254  0.0265
  0.0255  0.0266  0.0251  0.0256  0.0284  0.0257  0.0257  0.0258  0.0253  0.0258  0.0247  0.0252
  0.0245  0.0247  0.0244  0.0246  0.0258  0.0245  0.0245  0.0246  0.0245  0.0246  0.0243  0.0244
  0.0242  0.0242  0.0242  0.0242  0.0242  0.0242  0.0242  0.0242  0.0242  0.0242  0.0242  0.0242
  0.0245  0.0250  0.0244  0.0242  0.0247  0.0247  0.0247  0.0245  0.0245  0.0245  0.0244  0.0245
  0.0255  0.0269  0.0251  0.0251  0.0275  0.0257  0.0258  0.0258  0.0254  0.0257  0.0247  0.0253
  0.0271  0.0295  0.0261  0.0274  0.0325  0.0271  0.0276  0.0277  0.0268  0.0277  0.0253  0.0264
    0.0720   12.5440   11.4681   -8.6055  -18.7293   -1.3668
   10.9867    5.9922  -11.8476   16.3858   -5.2833  -16.3492
eta,q 0.97582 14.55248

---------------------------------------------------------------------
imgreg_4dfp /opt/freesurfer/average/711-2C_as_mni_average_305 /opt/freesurfer/average/711-2B_as_mni_average_305_mask talsrcimg_g11 none talsrcimg_to_711-2C_as_mni_average_305_t4 2311
---------------------------------------------------------------------

freesurfer imgreg_4dfp.c
/opt/freesurfer/average/711-2C_as_mni_average_305.4dfp.img
       256       256       256         1
  1.000000  1.000000  1.000000
orientation T byte_order littleendian
Reading image: /opt/freesurfer/average/711-2C_as_mni_average_305.4dfp.img
dimensions:      256       256       256
mmppix:       1.0000   -1.0000   -1.0000
center:     128.0000 -129.0000 -129.0000
/opt/freesurfer/average/711-2B_as_mni_average_305_mask.4dfp.img
       256       256       256         1
  1.000000  1.000000  1.000000
orientation T byte_order littleendian
Reading mask: /opt/freesurfer/average/711-2B_as_mni_average_305_mask.4dfp.img (2306576 pixels)
talsrcimg_g11.4dfp.img
       256       256       256         1
  1.000000  1.000000  1.000000
orientation T byte_order littleendian
Reading image: talsrcimg_g11.4dfp.img
dimensions:      256       256       256
mmppix:       1.0000   -1.0000   -1.0000
center:     128.0000 -129.0000 -129.0000
fimgreg.f
image alignment mode   2311 decimal      907 hex
parameters
    0.0720   12.5440   11.4681   -8.6055  -18.7293   -1.3668
   10.9867    5.9922  -11.8476   16.3858   -5.2833  -16.3492
eta,q 0.97583 14.55248
niter,ni,del,rscale     5    3    5.0000    0.8000
parameters
    0.0620   12.4348   11.4359   -7.6222  -17.9372   -1.4975
   10.6965    6.0676  -11.8597   16.3899   -5.2082  -16.1829
eta,q 0.97602 14.65404
  0.0255  0.0255  0.0250  0.0253  0.0264  0.0255  0.0251  0.0256  0.0253  0.0257  0.0246  0.0249
  0.0247  0.0247  0.0245  0.0248  0.0254  0.0246  0.0244  0.0247  0.0246  0.0248  0.0242  0.0244
  0.0243  0.0242  0.0242  0.0244  0.0246  0.0241  0.0241  0.0242  0.0241  0.0242  0.0240  0.0241
  0.0242  0.0242  0.0242  0.0242  0.0241  0.0240  0.0240  0.0240  0.0240  0.0240  0.0240  0.0240
  0.0243  0.0244  0.0243  0.0241  0.0240  0.0242  0.0242  0.0241  0.0241  0.0241  0.0241  0.0241
  0.0248  0.0250  0.0246  0.0242  0.0244  0.0248  0.0247  0.0246  0.0246  0.0247  0.0242  0.0243
  0.0255  0.0259  0.0251  0.0247  0.0254  0.0256  0.0254  0.0256  0.0253  0.0257  0.0245  0.0248
niter,ni,del,rscale     4    3    5.0000    0.7000
parameters
    0.0980   12.4014   11.3503   -7.6253  -17.8401   -1.5824
   10.7148    6.0686  -11.8747   16.4021   -5.3110  -16.2562
eta,q 0.97604 14.65784
  0.0251  0.0252  0.0246  0.0247  0.0255  0.0251  0.0250  0.0252  0.0250  0.0253  0.0244  0.0246
  0.0245  0.0245  0.0242  0.0243  0.0248  0.0245  0.0244  0.0245  0.0244  0.0246  0.0241  0.0242
  0.0241  0.0241  0.0240  0.0241  0.0242  0.0241  0.0241  0.0241  0.0241  0.0241  0.0240  0.0240
  0.0240  0.0240  0.0240  0.0240  0.0240  0.0240  0.0240  0.0240  0.0240  0.0240  0.0240  0.0240
  0.0241  0.0242  0.0241  0.0240  0.0241  0.0241  0.0241  0.0241  0.0241  0.0241  0.0240  0.0241
  0.0244  0.0246  0.0244  0.0242  0.0246  0.0246  0.0244  0.0245  0.0244  0.0245  0.0242  0.0243
  0.0250  0.0253  0.0248  0.0248  0.0255  0.0252  0.0249  0.0252  0.0250  0.0253  0.0244  0.0246
niter,ni,del,rscale     3    3    5.0000    0.6000
parameters
    0.0941   12.3975   11.3159   -7.5161  -17.7952   -1.6210
   10.6693    6.0952  -11.8559   16.4521   -5.3506  -16.2975
eta,q 0.97604 14.66766
  0.0247  0.0249  0.0245  0.0245  0.0251  0.0249  0.0247  0.0249  0.0247  0.0249  0.0243  0.0244
  0.0243  0.0244  0.0242  0.0242  0.0245  0.0244  0.0243  0.0244  0.0243  0.0244  0.0241  0.0242
  0.0240  0.0240  0.0240  0.0241  0.0241  0.0241  0.0240  0.0241  0.0240  0.0241  0.0240  0.0240
  0.0240  0.0240  0.0240  0.0240  0.0240  0.0240  0.0240  0.0240  0.0240  0.0240  0.0239  0.0240
  0.0240  0.0241  0.0240  0.0240  0.0240  0.0241  0.0240  0.0240  0.0240  0.0240  0.0240  0.0240
  0.0243  0.0244  0.0242  0.0241  0.0244  0.0244  0.0243  0.0243  0.0243  0.0243  0.0241  0.0242
  0.0247  0.0249  0.0245  0.0245  0.0251  0.0249  0.0247  0.0249  0.0247  0.0249  0.0243  0.0244
niter,ni,del,rscale     2    3    5.0000    0.5000
parameters
    0.0970   12.3924   11.2956   -7.3723  -17.7626   -1.6373
   10.6258    6.1248  -11.8382   16.5019   -5.3583  -16.3149
eta,q 0.97605 14.67975
  0.0245  0.0246  0.0243  0.0243  0.0248  0.0246  0.0244  0.0246  0.0245  0.0246  0.0242  0.0243
  0.0242  0.0242  0.0241  0.0241  0.0244  0.0243  0.0242  0.0242  0.0242  0.0243  0.0240  0.0241
  0.0240  0.0240  0.0240  0.0240  0.0241  0.0240  0.0240  0.0240  0.0240  0.0240  0.0240  0.0240
  0.0240  0.0240  0.0239  0.0240  0.0239  0.0239  0.0239  0.0239  0.0239  0.0239  0.0239  0.0239
  0.0240  0.0240  0.0240  0.0240  0.0240  0.0240  0.0240  0.0240  0.0240  0.0240  0.0240  0.0240
  0.0242  0.0243  0.0241  0.0241  0.0243  0.0243  0.0242  0.0242  0.0242  0.0242  0.0241  0.0241
  0.0245  0.0246  0.0243  0.0243  0.0248  0.0246  0.0245  0.0246  0.0245  0.0246  0.0242  0.0243
niter,ni,del,rscale     1    3    5.0000    0.4000
parameters
    0.1069   12.3866   11.2738   -7.2440  -17.7251   -1.6190
   10.6111    6.1564  -11.8244   16.5471   -5.3665  -16.3389
eta,q 0.97607 14.69332
  0.0243  0.0244  0.0242  0.0242  0.0245  0.0244  0.0243  0.0244  0.0243  0.0244  0.0241  0.0242
  0.0241  0.0241  0.0240  0.0241  0.0242  0.0241  0.0241  0.0241  0.0241  0.0241  0.0240  0.0240
  0.0240  0.0240  0.0240  0.0240  0.0240  0.0240  0.0240  0.0240  0.0240  0.0240  0.0240  0.0240
  0.0239  0.0239  0.0239  0.0239  0.0239  0.0239  0.0239  0.0239  0.0239  0.0239  0.0239  0.0239
  0.0240  0.0240  0.0240  0.0239  0.0240  0.0240  0.0240  0.0240  0.0240  0.0240  0.0240  0.0240
  0.0241  0.0241  0.0241  0.0240  0.0242  0.0241  0.0241  0.0241  0.0241  0.0241  0.0240  0.0240
  0.0243  0.0244  0.0242  0.0242  0.0245  0.0244  0.0243  0.0243  0.0243  0.0243  0.0241  0.0242
registration optimization eta report
parameter search radius
    0.8000    0.8000    0.8000    2.4000    2.4000    2.4000
    2.4000    2.4000    2.4000    2.4000    2.4000    2.4000
100000*second partial in parameter space
       54.       66.       37.        4.       10.        8.
        6.        7.        6.        7.        3.        4.
  0.0243  0.0244  0.0242  0.0242  0.0245  0.0244  0.0243  0.0244  0.0243  0.0244  0.0241  0.0242
  0.0241  0.0241  0.0240  0.0241  0.0242  0.0241  0.0241  0.0241  0.0241  0.0241  0.0240  0.0240
  0.0240  0.0240  0.0240  0.0240  0.0240  0.0240  0.0240  0.0240  0.0240  0.0240  0.0240  0.0240
  0.0239  0.0239  0.0239  0.0239  0.0239  0.0239  0.0239  0.0239  0.0239  0.0239  0.0239  0.0239
  0.0240  0.0240  0.0240  0.0239  0.0240  0.0240  0.0240  0.0240  0.0240  0.0240  0.0240  0.0240
  0.0241  0.0241  0.0241  0.0240  0.0242  0.0241  0.0241  0.0241  0.0241  0.0241  0.0240  0.0240
  0.0243  0.0244  0.0242  0.0242  0.0245  0.0244  0.0243  0.0243  0.0243  0.0243  0.0241  0.0242
    0.1069   12.3866   11.2738   -7.2440  -17.7251   -1.6190
   10.6111    6.1564  -11.8244   16.5471   -5.3665  -16.3389
eta,q 0.97607 14.69332

---------------------------------------------------------------------
imgreg_4dfp /opt/freesurfer/average/711-2C_as_mni_average_305 /opt/freesurfer/average/711-2B_as_mni_average_305_mask talsrcimg_g11 none talsrcimg_to_711-2C_as_mni_average_305_t4 2311
---------------------------------------------------------------------

freesurfer imgreg_4dfp.c
/opt/freesurfer/average/711-2C_as_mni_average_305.4dfp.img
       256       256       256         1
  1.000000  1.000000  1.000000
orientation T byte_order littleendian
Reading image: /opt/freesurfer/average/711-2C_as_mni_average_305.4dfp.img
dimensions:      256       256       256
mmppix:       1.0000   -1.0000   -1.0000
center:     128.0000 -129.0000 -129.0000
/opt/freesurfer/average/711-2B_as_mni_average_305_mask.4dfp.img
       256       256       256         1
  1.000000  1.000000  1.000000
orientation T byte_order littleendian
Reading mask: /opt/freesurfer/average/711-2B_as_mni_average_305_mask.4dfp.img (2306576 pixels)
talsrcimg_g11.4dfp.img
       256       256       256         1
  1.000000  1.000000  1.000000
orientation T byte_order littleendian
Reading image: talsrcimg_g11.4dfp.img
dimensions:      256       256       256
mmppix:       1.0000   -1.0000   -1.0000
center:     128.0000 -129.0000 -129.0000
fimgreg.f
image alignment mode   2311 decimal      907 hex
parameters
    0.1069   12.3866   11.2738   -7.2440  -17.7251   -1.6190
   10.6111    6.1564  -11.8244   16.5471   -5.3665  -16.3389
eta,q 0.97607 14.69332
niter,ni,del,rscale     5    3    5.0000    0.8000
parameters
    0.1112   12.4138   11.2849   -7.7540  -17.8537   -1.5034
   10.7344    6.0815  -11.8644   16.3914   -5.3229  -16.3346
eta,q 0.97604 14.65579
  0.0253  0.0257  0.0249  0.0247  0.0258  0.0256  0.0253  0.0255  0.0252  0.0256  0.0246  0.0248
  0.0246  0.0247  0.0244  0.0243  0.0249  0.0247  0.0246  0.0247  0.0245  0.0247  0.0242  0.0244
  0.0241  0.0241  0.0240  0.0241  0.0242  0.0242  0.0241  0.0241  0.0241  0.0241  0.0240  0.0241
  0.0239  0.0239  0.0239  0.0239  0.0240  0.0240  0.0240  0.0240  0.0240  0.0240  0.0240  0.0240
  0.0241  0.0241  0.0240  0.0240  0.0242  0.0242  0.0241  0.0241  0.0241  0.0241  0.0240  0.0241
  0.0246  0.0247  0.0244  0.0245  0.0249  0.0247  0.0245  0.0247  0.0246  0.0248  0.0242  0.0244
  0.0253  0.0255  0.0249  0.0254  0.0261  0.0254  0.0251  0.0257  0.0253  0.0259  0.0245  0.0248
niter,ni,del,rscale     4    3    5.0000    0.7000
parameters
    0.0803   12.4092   11.3200   -7.6593  -17.8386   -1.5694
   10.6941    6.0747  -11.8563   16.4227   -5.3299  -16.3039
eta,q 0.97604 14.65796
  0.0250  0.0252  0.0247  0.0247  0.0255  0.0252  0.0249  0.0252  0.0250  0.0253  0.0244  0.0246
  0.0244  0.0245  0.0243  0.0243  0.0247  0.0245  0.0244  0.0245  0.0244  0.0246  0.0241  0.0243
  0.0241  0.0241  0.0240  0.0241  0.0242  0.0241  0.0240  0.0241  0.0241  0.0241  0.0240  0.0240
  0.0240  0.0240  0.0240  0.0240  0.0240  0.0240  0.0240  0.0240  0.0240  0.0240  0.0240  0.0240
  0.0241  0.0241  0.0240  0.0240  0.0241  0.0241  0.0241  0.0241  0.0241  0.0241  0.0240  0.0240
  0.0245  0.0246  0.0243  0.0242  0.0246  0.0246  0.0244  0.0245  0.0244  0.0245  0.0242  0.0243
  0.0251  0.0252  0.0246  0.0247  0.0256  0.0252  0.0249  0.0252  0.0250  0.0253  0.0244  0.0246
niter,ni,del,rscale     3    3    5.0000    0.6000
parameters
    0.0895   12.4002   11.3098   -7.5115  -17.7980   -1.6103
   10.6620    6.1014  -11.8523   16.4595   -5.3448  -16.3160
eta,q 0.97605 14.66891
  0.0247  0.0249  0.0245  0.0245  0.0251  0.0249  0.0247  0.0249  0.0247  0.0249  0.0243  0.0244
  0.0243  0.0244  0.0242  0.0242  0.0245  0.0244  0.0243  0.0244  0.0243  0.0244  0.0241  0.0242
  0.0240  0.0240  0.0240  0.0241  0.0241  0.0241  0.0240  0.0241  0.0240  0.0241  0.0240  0.0240
  0.0240  0.0240  0.0240  0.0240  0.0240  0.0240  0.0240  0.0240  0.0240  0.0240  0.0240  0.0240
  0.0240  0.0241  0.0240  0.0240  0.0240  0.0241  0.0240  0.0240  0.0240  0.0240  0.0240  0.0240
  0.0243  0.0244  0.0242  0.0241  0.0244  0.0244  0.0243  0.0243  0.0243  0.0243  0.0241  0.0242
  0.0247  0.0249  0.0245  0.0245  0.0251  0.0249  0.0247  0.0249  0.0247  0.0249  0.0243  0.0244
niter,ni,del,rscale     2    3    5.0000    0.5000
parameters
    0.0988   12.3949   11.2906   -7.3745  -17.7643   -1.6349
   10.6314    6.1242  -11.8431   16.5048   -5.3601  -16.3202
eta,q 0.97606 14.68005
  0.0245  0.0246  0.0243  0.0243  0.0248  0.0246  0.0244  0.0246  0.0245  0.0246  0.0242  0.0243
  0.0242  0.0242  0.0241  0.0241  0.0244  0.0243  0.0242  0.0242  0.0242  0.0243  0.0240  0.0241
  0.0240  0.0240  0.0240  0.0240  0.0241  0.0240  0.0240  0.0240  0.0240  0.0240  0.0240  0.0240
  0.0240  0.0239  0.0240  0.0240  0.0239  0.0239  0.0239  0.0239  0.0239  0.0239  0.0239  0.0239
  0.0240  0.0240  0.0240  0.0240  0.0240  0.0240  0.0240  0.0240  0.0240  0.0240  0.0240  0.0240
  0.0242  0.0243  0.0241  0.0241  0.0243  0.0243  0.0242  0.0242  0.0242  0.0242  0.0241  0.0241
  0.0245  0.0246  0.0243  0.0243  0.0248  0.0246  0.0245  0.0246  0.0245  0.0246  0.0242  0.0243
niter,ni,del,rscale     1    3    5.0000    0.4000
parameters
    0.1066   12.3854   11.2748   -7.2402  -17.7281   -1.6159
   10.6097    6.1583  -11.8199   16.5496   -5.3585  -16.3405
eta,q 0.97607 14.69357
  0.0243  0.0244  0.0242  0.0242  0.0245  0.0244  0.0243  0.0244  0.0243  0.0244  0.0241  0.0242
  0.0241  0.0241  0.0240  0.0241  0.0242  0.0241  0.0241  0.0241  0.0241  0.0241  0.0240  0.0240
  0.0240  0.0240  0.0240  0.0240  0.0240  0.0240  0.0240  0.0240  0.0240  0.0240  0.0240  0.0240
  0.0239  0.0239  0.0239  0.0239  0.0239  0.0239  0.0239  0.0239  0.0239  0.0239  0.0239  0.0239
  0.0240  0.0240  0.0240  0.0239  0.0240  0.0240  0.0240  0.0240  0.0240  0.0240  0.0240  0.0240
  0.0241  0.0241  0.0241  0.0240  0.0242  0.0241  0.0241  0.0241  0.0241  0.0241  0.0240  0.0240
  0.0243  0.0244  0.0242  0.0242  0.0245  0.0244  0.0243  0.0243  0.0243  0.0243  0.0241  0.0242
registration optimization eta report
parameter search radius
    0.8000    0.8000    0.8000    2.4000    2.4000    2.4000
    2.4000    2.4000    2.4000    2.4000    2.4000    2.4000
100000*second partial in parameter space
       54.       67.       37.        4.       10.        8.
        6.        7.        6.        7.        3.        4.
  0.0243  0.0244  0.0242  0.0242  0.0245  0.0244  0.0243  0.0244  0.0243  0.0244  0.0241  0.0242
  0.0241  0.0241  0.0240  0.0241  0.0242  0.0241  0.0241  0.0241  0.0241  0.0241  0.0240  0.0240
  0.0240  0.0240  0.0240  0.0240  0.0240  0.0240  0.0240  0.0240  0.0240  0.0240  0.0240  0.0240
  0.0239  0.0239  0.0239  0.0239  0.0239  0.0239  0.0239  0.0239  0.0239  0.0239  0.0239  0.0239
  0.0240  0.0240  0.0240  0.0239  0.0240  0.0240  0.0240  0.0240  0.0240  0.0240  0.0240  0.0240
  0.0241  0.0241  0.0241  0.0240  0.0242  0.0241  0.0241  0.0241  0.0241  0.0241  0.0240  0.0240
  0.0243  0.0244  0.0242  0.0242  0.0245  0.0244  0.0243  0.0243  0.0243  0.0243  0.0241  0.0242
    0.1066   12.3854   11.2748   -7.2402  -17.7281   -1.6159
   10.6097    6.1583  -11.8199   16.5496   -5.3585  -16.3405
eta,q 0.97607 14.69357

---------------------------------------------------------------------
compute_vox2vox talsrcimg talsrcimg_to_711-2C_as_mni_average_305_t4 /opt/freesurfer/average/711-2C_as_mni_average_305
---------------------------------------------------------------------

freesurfer compute_vox2vox.c
Reading: talsrcimg.4dfp.ifh
Reading: talsrcimg_to_711-2C_as_mni_average_305_t4
Reading: /opt/freesurfer/average/711-2C_as_mni_average_305.4dfp.ifh
Writing: talsrcimg_to_711-2C_as_mni_average_305_t4_vox2vox.txt

start time Mon Mar 9 11:37:21 CET 2026
end		time Mon Mar 9 11:37:35 CET 2026

mpr2mni305 success

avi2talxfm orig_nu.mgz /opt/freesurfer/average/mni305.cor.mgz talsrcimg_to_711-2C_as_mni_average_305_t4_vox2vox.txt transforms/talairach.auto.xfm
avi2talxfm done
mv -f /out/sourcedata/freesurfer/sub-v1s21x0050425_ses-1/mri/talsrcimg_to_711-2C_as_mni_average_305_t4_vox2vox.txt /out/sourcedata/freesurfer/sub-v1s21x0050425_ses-1/mri/transforms/talsrcimg_to_711-2C_as_mni_average_305_t4_vox2vox.txt
lta_convert --src orig_nu.mgz --trg /opt/freesurfer/average/mni305.cor.mgz --inxfm transforms/talairach.auto.xfm --outlta transforms/talairach.auto.xfm.lta --subject fsaverage
7.3.2

--src: orig_nu.mgz src image (geometry).
--trg: /opt/freesurfer/average/mni305.cor.mgz trg image (geometry).
--inmni: transforms/talairach.auto.xfm input MNI/XFM transform.
--outlta: transforms/talairach.auto.xfm.lta output LTA.
--s: fsaverage subject name
 LTA read, type : 1
 1.05720  -0.04184  -0.14465   1.46199;
 0.08013   0.98039   0.18439  -14.00410;
 0.13577  -0.20323   1.15761  -12.83611;
 0.00000   0.00000   0.00000   1.00000;
setting subject to fsaverage
Writing  LTA to file transforms/talairach.auto.xfm.lta...
lta_convert successful.
 
 
Started at Mon Mar 9 11:37:21 CET 2026
Ended   at Mon Mar  9 11:37:35 CET 2026
talairach_avi done
