/out/sourcedata/freesurfer/sub-v1s21x0050385_ses-1/mri
/opt/freesurfer/bin/talairach_avi
--i orig_nu.mgz --xfm transforms/talairach.auto.xfm
talairach_avi 7.3.2
Linux dna009 5.14.0-427.37.1.el9_4.x86_64 #1 SMP PREEMPT_DYNAMIC Fri Sep 13 12:41:50 EDT 2024 x86_64 x86_64 x86_64 GNU/Linux
Mon Mar  9 09:12:11 CET 2026
mri_convert orig_nu.mgz talsrcimg.img 
reading from orig_nu.mgz...
TR=0.00, TE=0.00, TI=0.00, flip angle=0.00
i_ras = (-1, 0, 0)
j_ras = (0, 0, -1)
k_ras = (0, 1, 0)
writing to talsrcimg.img...
Analyze Output Matrix
-1.00000   0.00000   0.00000   129.50781;
 0.00000   0.00000   1.00000  -128.49219;
 0.00000  -1.00000   0.00000   129.60004;
 0.00000   0.00000   0.00000   1.00000;
--------------------
INFO: set hdr.hist.orient to -1
mpr2mni305 talsrcimg
Mon Mar  9 09:12:11 CET 2026
/opt/freesurfer/bin/mpr2mni305 talsrcimg
mpr2mni305 7.3.2
target=711-2C_as_mni_average_305

---------------------------------------------------------------------
analyzeto4dfp talsrcimg -O0 -y
---------------------------------------------------------------------

freesurfer ifh2hdr.c
Mon Mar  9 09:12:12 2026
Writing: talsrcimg.4dfp.hdr
freesurfer analyzeto4dfp.c
Reading: talsrcimg.hdr
header size 348 bytes
hdr.dime.datatype	offset=70	value=2
hdr.dime.bitpix		offset=72	value=8
hdr.hist.orient		offset=252	value=-1
dimensionality     4
dimensions       256       256       256         1
Reading: talsrcimg.img
Writing: talsrcimg.4dfp.img
Writing: talsrcimg.4dfp.ifh
ifh2hdr talsrcimg -r0to230
ori=2

---------------------------------------------------------------------
gauss_4dfp talsrcimg 1.1
---------------------------------------------------------------------

freesurfer gauss_4dfp.c
Reading: talsrcimg.4dfp.img
Writing: talsrcimg_g11.4dfp.img
image dimensions 256 256 256 padded to 288 288 288
processing volume 1freesurfer ifh2hdr.c
Mon Mar  9 09:12:13 2026
Writing: talsrcimg_g11.4dfp.hdr

Writing: talsrcimg_g11.4dfp.ifh
including: talsrcimg.4dfp.img.rec in talsrcimg_g11.4dfp.img.rec

---------------------------------------------------------------------
imgreg_4dfp /opt/freesurfer/average/711-2C_as_mni_average_305 none talsrcimg_g11 none talsrcimg_to_711-2C_as_mni_average_305_t4 4355
---------------------------------------------------------------------

freesurfer imgreg_4dfp.c
/opt/freesurfer/average/711-2C_as_mni_average_305.4dfp.img
       256       256       256         1
  1.000000  1.000000  1.000000
orientation T byte_order littleendian
Reading image: /opt/freesurfer/average/711-2C_as_mni_average_305.4dfp.img
dimensions:      256       256       256
mmppix:       1.0000   -1.0000   -1.0000
center:     128.0000 -129.0000 -129.0000
talsrcimg_g11.4dfp.img
       256       256       256         1
  1.000000  1.000000  1.000000
orientation T byte_order littleendian
Reading image: talsrcimg_g11.4dfp.img
dimensions:      256       256       256
mmppix:       1.0000   -1.0000   -1.0000
center:     128.0000 -129.0000 -129.0000
t4_read: open error in t4_sub.f l:  41 t4_file(1:l)talsrcimg_to_711-2C_as_mni_average_305_t4 
t4_read: transform initialized to I4
rotation matrix determinant  1.000000
image alignment mode   4355 decimal     1103 hex
   -7.5000  -45.0000  -45.0000 7032.9019   18.1727
    0.0000  -45.0000  -45.0000 7203.0225   18.1441
    7.5000  -45.0000  -45.0000 6836.7178   18.1547
   -7.5000  -37.5000  -45.0000 7579.5059   18.1879
    0.0000  -37.5000  -45.0000 7761.7964   18.1517
    7.5000  -37.5000  -45.0000 7356.9600   18.1560
   -7.5000  -30.0000  -45.0000 8408.9512   18.2420
    0.0000  -30.0000  -45.0000 8619.7588   18.2093
    7.5000  -30.0000  -45.0000 8158.6997   18.2163
   -7.5000  -22.5000  -45.0000 9148.4473   18.2902
    0.0000  -22.5000  -45.0000 9392.4014   18.2713
    7.5000  -22.5000  -45.0000 8895.2383   18.2889
   -7.5000  -15.0000  -45.0000 9839.4795   18.2886
    0.0000  -15.0000  -45.000010110.8398   18.2788
    7.5000  -15.0000  -45.0000 9543.7656   18.3041
   -7.5000   -7.5000  -45.000010523.5664   18.2249
    0.0000   -7.5000  -45.000010805.0098   18.2089
    7.5000   -7.5000  -45.000010177.1943   18.2299
   -7.5000    0.0000  -45.000011105.0537   18.1727
    0.0000    0.0000  -45.000011375.3008   18.1441
    7.5000    0.0000  -45.000010717.7139   18.1547
   -7.5000    7.5000  -45.000010826.3760   18.1879
    0.0000    7.5000  -45.000011099.2266   18.1517
    7.5000    7.5000  -45.000010475.7910   18.1560
   -7.5000   15.0000  -45.000010506.3252   18.2420
    0.0000   15.0000  -45.000010750.3252   18.2093
    7.5000   15.0000  -45.000010147.7939   18.2163
   -7.5000   22.5000  -45.000010062.7051   18.2877
    0.0000   22.5000  -45.000010288.3418   18.2688
    7.5000   22.5000  -45.0000 9700.3633   18.2864
   -7.5000   30.0000  -45.0000 9374.4092   18.0448
    0.0000   30.0000  -45.0000 9571.2051   18.0353
    7.5000   30.0000  -45.0000 9012.4951   18.0602
   -7.5000   37.5000  -45.0000 8978.2500   17.9820
    0.0000   37.5000  -45.0000 9176.0723   17.9663
    7.5000   37.5000  -45.0000 8629.0215   17.9869
   -7.5000   45.0000  -45.0000 8246.4492   17.4752
    0.0000   45.0000  -45.0000 8429.0479   17.4477
    7.5000   45.0000  -45.0000 7906.6509   17.4580
   -7.5000  -45.0000  -37.5000 7537.0537   17.9756
    0.0000  -45.0000  -37.5000 7727.2769   17.9496
    7.5000  -45.0000  -37.5000 7308.2944   17.9719
   -7.5000  -37.5000  -37.5000 8114.1177   17.9891
    0.0000  -37.5000  -37.5000 8320.7598   17.9578
    7.5000  -37.5000  -37.5000 7874.2993   17.9749
   -7.5000  -30.0000  -37.5000 8994.3652   18.0494
    0.0000  -30.0000  -37.5000 9236.7471   18.0210
    7.5000  -30.0000  -37.5000 8738.2520   18.0415
   -7.5000  -22.5000  -37.5000 9789.4531   18.1064
    0.0000  -22.5000  -37.500010062.7500   18.0885
    7.5000  -22.5000  -37.5000 9514.4795   18.1179
   -7.5000  -15.0000  -37.500010478.5586   18.1078
    0.0000  -15.0000  -37.500010788.0068   18.0971
    7.5000  -15.0000  -37.500010183.9805   18.1323
   -7.5000   -7.5000  -37.500011166.3281   18.0371
    0.0000   -7.5000  -37.500011470.9814   18.0212
    7.5000   -7.5000  -37.500010806.8779   18.0525
   -7.5000    0.0000  -37.500011793.9004   17.9756
    0.0000    0.0000  -37.500012109.7471   17.9496
    7.5000    0.0000  -37.500011399.2393   17.9719
   -7.5000    7.5000  -37.500011497.1523   17.9891
    0.0000    7.5000  -37.500011829.9502   17.9578
    7.5000    7.5000  -37.500011144.8613   17.9749
   -7.5000   15.0000  -37.500011157.6855   18.0494
    0.0000   15.0000  -37.500011449.6748   18.0210
    7.5000   15.0000  -37.500010784.1211   18.0415
   -7.5000   22.5000  -37.500010666.6162   18.1039
    0.0000   22.5000  -37.500010925.7686   18.0860
    7.5000   22.5000  -37.500010301.0557   18.1154
   -7.5000   30.0000  -37.5000 9956.7617   17.8665
    0.0000   30.0000  -37.500010194.4873   17.8559
    7.5000   30.0000  -37.5000 9592.8340   17.8907
   -7.5000   37.5000  -37.5000 9492.6514   17.7968
    0.0000   37.5000  -37.5000 9741.5498   17.7811
    7.5000   37.5000  -37.5000 9151.8887   17.8120
   -7.5000   45.0000  -37.5000 8693.9512   17.2857
    0.0000   45.0000  -37.5000 8908.4570   17.2607
    7.5000   45.0000  -37.5000 8357.9707   17.2821
   -7.5000  -45.0000  -30.0000 8217.9102   18.6999
    0.0000  -45.0000  -30.0000 8417.3477   18.6685
    7.5000  -45.0000  -30.0000 7969.2036   18.7012
   -7.5000  -37.5000  -30.0000 8836.1582   18.7055
    0.0000  -37.5000  -30.0000 9070.3848   18.6699
    7.5000  -37.5000  -30.0000 8599.9209   18.7016
   -7.5000  -30.0000  -30.0000 9811.9883   18.7695
    0.0000  -30.0000  -30.000010087.4219   18.7330
    7.5000  -30.0000  -30.0000 9547.2480   18.7654
   -7.5000  -22.5000  -30.000010654.3994   18.8388
    0.0000  -22.5000  -30.000010973.6494   18.8069
    7.5000  -22.5000  -30.000010383.0684   18.8407
   -7.5000  -15.0000  -30.000011367.6748   18.8485
    0.0000  -15.0000  -30.000011730.7266   18.8223
    7.5000  -15.0000  -30.000011070.1787   18.8572
   -7.5000   -7.5000  -30.000012079.4883   18.7734
    0.0000   -7.5000  -30.000012437.1162   18.7468
    7.5000   -7.5000  -30.000011712.8682   18.7813
   -7.5000    0.0000  -30.000012766.4990   18.6999
    0.0000    0.0000  -30.000013131.9219   18.6685
    7.5000    0.0000  -30.000012355.1299   18.7012
   -7.5000    7.5000  -30.000012468.3154   18.7055
    0.0000    7.5000  -30.000012835.1826   18.6699
    7.5000    7.5000  -30.000012076.3438   18.7016
   -7.5000   15.0000  -30.000012067.0859   18.7695
    0.0000   15.0000  -30.000012384.7520   18.7330
    7.5000   15.0000  -30.000011655.1094   18.7654
   -7.5000   22.5000  -30.000011533.4189   18.8343
    0.0000   22.5000  -30.000011817.0557   18.8024
    7.5000   22.5000  -30.000011123.7607   18.8362
   -7.5000   30.0000  -30.000010733.1680   18.5991
    0.0000   30.0000  -30.000011022.7354   18.5732
    7.5000   30.0000  -30.000010375.9746   18.6077
   -7.5000   37.5000  -30.000010202.2578   18.5250
    0.0000   37.5000  -30.000010486.9756   18.4988
    7.5000   37.5000  -30.0000 9879.7314   18.5328
   -7.5000   45.0000  -30.0000 9303.0449   17.9954
    0.0000   45.0000  -30.0000 9563.2441   17.9652
    7.5000   45.0000  -30.0000 9004.1738   17.9966
   -7.5000  -45.0000  -22.5000 8895.5879   19.3659
    0.0000  -45.0000  -22.5000 9125.6748   19.3267
    7.5000  -45.0000  -22.5000 8641.0635   19.3580
   -7.5000  -37.5000  -22.5000 9582.6084   19.3693
    0.0000  -37.5000  -22.5000 9845.1260   19.3236
    7.5000  -37.5000  -22.5000 9313.6934   19.3567
   -7.5000  -30.0000  -22.500010633.4834   19.4295
    0.0000  -30.0000  -22.500010950.0615   19.3793
    7.5000  -30.0000  -22.500010343.6797   19.4085
   -7.5000  -22.5000  -22.500011547.6484   19.4964
    0.0000  -22.5000  -22.500011908.8389   19.4487
    7.5000  -22.5000  -22.500011233.8105   19.4722
   -7.5000  -15.0000  -22.500012319.8301   19.5071
    0.0000  -15.0000  -22.500012683.9014   19.4664
    7.5000  -15.0000  -22.500011968.7412   19.4886
   -7.5000   -7.5000  -22.500013082.7266   19.4367
    0.0000   -7.5000  -22.500013453.7031   19.3999
    7.5000   -7.5000  -22.500012671.7881   19.4261
   -7.5000    0.0000  -22.500013823.0469   19.3659
    0.0000    0.0000  -22.500014216.3662   19.3267
    7.5000    0.0000  -22.500013359.7666   19.3580
   -7.5000    7.5000  -22.500013507.8506   19.3693
    0.0000    7.5000  -22.500013894.9756   19.3236
    7.5000    7.5000  -22.500013070.2129   19.3567
   -7.5000   15.0000  -22.500013001.8896   19.4295
    0.0000   15.0000  -22.500013357.0068   19.3793
    7.5000   15.0000  -22.500012569.3789   19.4085
   -7.5000   22.5000  -22.500012408.4746   19.4903
    0.0000   22.5000  -22.500012743.0176   19.4427
    7.5000   22.5000  -22.500011984.8164   19.4662
   -7.5000   30.0000  -22.500011555.8877   19.2520
    0.0000   30.0000  -22.500011885.0420   19.2118
    7.5000   30.0000  -22.500011191.4268   19.2337
   -7.5000   37.5000  -22.500010931.2520   19.1825
    0.0000   37.5000  -22.500011254.4111   19.1462
    7.5000   37.5000  -22.500010597.9180   19.1720
   -7.5000   45.0000  -22.5000 9944.7314   18.6503
    0.0000   45.0000  -22.500010258.2041   18.6125
    7.5000   45.0000  -22.5000 9660.9365   18.6427
   -7.5000  -45.0000  -15.0000 9600.6602   19.8676
    0.0000  -45.0000  -15.0000 9857.4590   19.8241
    7.5000  -45.0000  -15.0000 9341.9033   19.8437
   -7.5000  -37.5000  -15.000010351.0156   19.8753
    0.0000  -37.5000  -15.000010641.3203   19.8228
    7.5000  -37.5000  -15.000010040.1895   19.8428
   -7.5000  -30.0000  -15.000011476.6084   19.9304
    0.0000  -30.0000  -15.000011815.4482   19.8734
    7.5000  -30.0000  -15.000011147.7803   19.8877
   -7.5000  -22.5000  -15.000012457.5947   19.9865
    0.0000  -22.5000  -15.000012832.3203   19.9348
    7.5000  -22.5000  -15.000012082.8760   19.9438
   -7.5000  -15.0000  -15.000013280.7510   19.9916
    0.0000  -15.0000  -15.000013656.0449   19.9492
    7.5000  -15.0000  -15.000012851.4629   19.9585
   -7.5000   -7.5000  -15.000014134.4775   19.9277
    0.0000   -7.5000  -15.000014515.7383   19.8888
    7.5000   -7.5000  -15.000013628.2480   19.9029
   -7.5000    0.0000  -15.000014938.3906   19.8676
    0.0000    0.0000  -15.000015355.2363   19.8241
    7.5000    0.0000  -15.000014392.3369   19.8437
   -7.5000    7.5000  -15.000014584.2451   19.8753
    0.0000    7.5000  -15.000014986.1123   19.8228
    7.5000    7.5000  -15.000014077.4990   19.8428
   -7.5000   15.0000  -15.000013994.3984   19.9304
    0.0000   15.0000  -15.000014387.5479   19.8734
    7.5000   15.0000  -15.000013546.3350   19.8877
   -7.5000   22.5000  -15.000013244.3428   19.9794
    0.0000   22.5000  -15.000013640.7012   19.9278
    7.5000   22.5000  -15.000012849.3887   19.9368
   -7.5000   30.0000  -15.000012353.7842   19.7329
    0.0000   30.0000  -15.000012734.9668   19.6910
    7.5000   30.0000  -15.000012005.4531   19.7002
   -7.5000   37.5000  -15.000011718.9990   19.6698
    0.0000   37.5000  -15.000012096.3545   19.6314
    7.5000   37.5000  -15.000011376.5059   19.6453
   -7.5000   45.0000  -15.000010617.1162   19.1450
    0.0000   45.0000  -15.000010969.8369   19.1031
    7.5000   45.0000  -15.000010341.5098   19.1220
   -7.5000  -45.0000   -7.500010397.0684   20.1084
    0.0000  -45.0000   -7.500010669.6143   20.0703
    7.5000  -45.0000   -7.500010032.3828   20.0807
   -7.5000  -37.5000   -7.500011192.3643   20.1235
    0.0000  -37.5000   -7.500011493.6348   20.0759
    7.5000  -37.5000   -7.500010790.4023   20.0822
   -7.5000  -30.0000   -7.500012413.4287   20.1780
    0.0000  -30.0000   -7.500012760.2949   20.1300
    7.5000  -30.0000   -7.500011957.1357   20.1340
   -7.5000  -22.5000   -7.500013490.7246   20.2259
    0.0000  -22.5000   -7.500013865.7969   20.1891
    7.5000  -22.5000   -7.500012968.6641   20.1965
   -7.5000  -15.0000   -7.500014366.1885   20.2236
    0.0000  -15.0000   -7.500014711.3867   20.1971
    7.5000  -15.0000   -7.500013762.2480   20.2099
   -7.5000   -7.5000   -7.500015281.8203   20.1605
    0.0000   -7.5000   -7.500015636.3213   20.1323
    7.5000   -7.5000   -7.500014602.5879   20.1457
   -7.5000    0.0000   -7.500016151.3584   20.1084
    0.0000    0.0000   -7.500016571.4922   20.0703
    7.5000    0.0000   -7.500015461.7559   20.0807
   -7.5000    7.5000   -7.500015744.6855   20.1235
    0.0000    7.5000   -7.500016185.1523   20.0759
    7.5000    7.5000   -7.500015122.0322   20.0822
   -7.5000   15.0000   -7.500015041.8965   20.1780
    0.0000   15.0000   -7.500015513.3320   20.1300
    7.5000   15.0000   -7.500014510.3945   20.1340
   -7.5000   22.5000   -7.500014174.2920   20.2166
    0.0000   22.5000   -7.500014618.3184   20.1798
    7.5000   22.5000   -7.500013719.1201   20.1872
   -7.5000   30.0000   -7.500013222.3574   19.9613
    0.0000   30.0000   -7.500013633.8574   19.9352
    7.5000   30.0000   -7.500012818.3145   19.9478
   -7.5000   37.5000   -7.500012569.2266   19.8990
    0.0000   37.5000   -7.500012977.2764   19.8713
    7.5000   37.5000   -7.500012166.5576   19.8844
   -7.5000   45.0000   -7.500011387.4180   19.3807
    0.0000   45.0000   -7.500011776.9082   19.3440
    7.5000   45.0000   -7.500011075.5674   19.3540
   -7.5000  -45.0000    0.000011086.7295   20.1250
    0.0000  -45.0000    0.000011348.6348   20.0948
    7.5000  -45.0000    0.000010644.9658   20.1077
   -7.5000  -37.5000    0.000011949.9492   20.1446
    0.0000  -37.5000    0.000012223.6592   20.1061
    7.5000  -37.5000    0.000011470.4893   20.1116
   -7.5000  -30.0000    0.000013246.6240   20.2054
    0.0000  -30.0000    0.000013580.9541   20.1706
    7.5000  -30.0000    0.000012709.9736   20.1784
   -7.5000  -22.5000    0.000014453.1582   20.2563
    0.0000  -22.5000    0.000014837.6602   20.2365
    7.5000  -22.5000    0.000013791.1885   20.2556
   -7.5000  -15.0000    0.000015428.3174   20.2514
    0.0000  -15.0000    0.000015763.3262   20.2416
    7.5000  -15.0000    0.000014657.0371   20.2696
   -7.5000   -7.5000    0.000016389.5078   20.1806
    0.0000   -7.5000    0.000016773.2676   20.1641
    7.5000   -7.5000    0.000015556.0527   20.1881
   -7.5000    0.0000    0.000017273.4102   20.1250
    0.0000    0.0000    0.000017785.8145   20.0948
    7.5000    0.0000    0.000016482.2852   20.1077
   -7.5000    7.5000    0.000016834.2598   20.1446
    0.0000    7.5000    0.000017368.5586   20.1061
    7.5000    7.5000    0.000016115.2109   20.1116
   -7.5000   15.0000    0.000016032.6221   20.2054
    0.0000   15.0000    0.000016554.2930   20.1706
    7.5000   15.0000    0.000015414.2998   20.1784
   -7.5000   22.5000    0.000015035.7715   20.2470
    0.0000   22.5000    0.000015558.7461   20.2272
    7.5000   22.5000    0.000014530.7129   20.2463
   -7.5000   30.0000    0.000014052.8184   19.9893
    0.0000   30.0000    0.000014520.0723   19.9797
    7.5000   30.0000    0.000013568.5928   20.0073
   -7.5000   37.5000    0.000013406.2246   19.9194
    0.0000   37.5000    0.000013848.5498   19.9032
    7.5000   37.5000    0.000012933.9414   19.9269
   -7.5000   45.0000    0.000012182.7607   19.3982
    0.0000   45.0000    0.000012585.4629   19.3690
    7.5000   45.0000    0.000011762.2949   19.3815
   -7.5000  -45.0000    7.500010898.0498   20.0914
    0.0000  -45.0000    7.500011155.1855   20.0623
    7.5000  -45.0000    7.500010435.2646   20.0872
   -7.5000  -37.5000    7.500011722.4658   20.1064
    0.0000  -37.5000    7.500012008.2656   20.0714
    7.5000  -37.5000    7.500011222.5059   20.0906
   -7.5000  -30.0000    7.500013004.3418   20.1746
    0.0000  -30.0000    7.500013328.5576   20.1428
    7.5000  -30.0000    7.500012467.5742   20.1657
   -7.5000  -22.5000    7.500014296.4385   20.2392
    0.0000  -22.5000    7.500014674.4834   20.2192
    7.5000  -22.5000    7.500013587.3027   20.2520
   -7.5000  -15.0000    7.500015496.0127   20.2409
    0.0000  -15.0000    7.500015857.6826   20.2287
    7.5000  -15.0000    7.500014562.1270   20.2680
   -7.5000   -7.5000    7.500016409.2070   20.1610
    0.0000   -7.5000    7.500016953.7910   20.1431
    7.5000   -7.5000    7.500015487.1240   20.1781
   -7.5000    0.0000    7.500017117.7051   20.0914
    0.0000    0.0000    7.500017743.5098   20.0623
    7.5000    0.0000    7.500016271.3350   20.0872
   -7.5000    7.5000    7.500016610.9219   20.1064
    0.0000    7.5000    7.500017172.7031   20.0714
    7.5000    7.5000    7.500015837.1602   20.0906
   -7.5000   15.0000    7.500015881.1191   20.1746
    0.0000   15.0000    7.500016381.8291   20.1428
    7.5000   15.0000    7.500015168.5381   20.1657
   -7.5000   22.5000    7.500014911.2900   20.2299
    0.0000   22.5000    7.500015390.4736   20.2098
    7.5000   22.5000    7.500014301.9492   20.2427
   -7.5000   30.0000    7.500013941.6279   19.9789
    0.0000   30.0000    7.500014368.0742   19.9669
    7.5000   30.0000    7.500013375.8789   20.0057
   -7.5000   37.5000    7.500013334.0840   19.9001
    0.0000   37.5000    7.500013729.7852   19.8824
    7.5000   37.5000    7.500012739.7363   19.9169
   -7.5000   45.0000    7.500012094.5879   19.3658
    0.0000   45.0000    7.500012470.1670   19.3377
    7.5000   45.0000    7.500011568.1045   19.3617
   -7.5000  -45.0000   15.000010605.5234   20.0784
    0.0000  -45.0000   15.000010872.9043   20.0447
    7.5000  -45.0000   15.000010124.9648   20.0798
   -7.5000  -37.5000   15.000011361.5137   20.0845
    0.0000  -37.5000   15.000011682.5664   20.0463
    7.5000  -37.5000   15.000010900.7803   20.0804
   -7.5000  -30.0000   15.000012535.5137   20.1533
    0.0000  -30.0000   15.000012935.9062   20.1141
    7.5000  -30.0000   15.000012117.8252   20.1490
   -7.5000  -22.5000   15.000013873.5986   20.2276
    0.0000  -22.5000   15.000014306.5000   20.1934
    7.5000  -22.5000   15.000013277.9941   20.2298
   -7.5000  -15.0000   15.000015250.8574   20.2379
    0.0000  -15.0000   15.000015795.3594   20.2098
    7.5000  -15.0000   15.000014264.8008   20.2474
   -7.5000   -7.5000   15.000016158.9150   20.1573
    0.0000   -7.5000   15.000016785.7031   20.1287
    7.5000   -7.5000   15.000015106.2549   20.1659
   -7.5000    0.0000   15.000016717.3301   20.0784
    0.0000    0.0000   15.000017185.2090   20.0447
    7.5000    0.0000   15.000015758.7227   20.0798
   -7.5000    7.5000   15.000016181.3496   20.0845
    0.0000    7.5000   15.000016565.0469   20.0463
    7.5000    7.5000   15.000015288.5684   20.0804
   -7.5000   15.0000   15.000015523.6113   20.1533
    0.0000   15.0000   15.000015919.5615   20.1141
    7.5000   15.0000   15.000014728.5059   20.1490
   -7.5000   22.5000   15.000014583.7480   20.2183
    0.0000   22.5000   15.000014961.7666   20.1841
    7.5000   22.5000   15.000013869.9531   20.2205
   -7.5000   30.0000   15.000013590.5059   19.9760
    0.0000   30.0000   15.000013954.3271   19.9482
    7.5000   30.0000   15.000012934.7793   19.9854
   -7.5000   37.5000   15.000012981.9375   19.8964
    0.0000   37.5000   15.000013319.3027   19.8682
    7.5000   37.5000   15.000012310.1240   19.9049
   -7.5000   45.0000   15.000011769.5391   19.3532
    0.0000   45.0000   15.000012137.5186   19.3207
    7.5000   45.0000   15.000011181.5342   19.3547
   -7.5000  -45.0000   22.500010153.6494   20.1077
    0.0000  -45.0000   22.500010488.0322   20.0670
    7.5000  -45.0000   22.5000 9776.6572   20.0995
   -7.5000  -37.5000   22.500010866.8438   20.1111
    0.0000  -37.5000   22.500011254.5205   20.0638
    7.5000  -37.5000   22.500010530.8564   20.0981
   -7.5000  -30.0000   22.500011994.1250   20.1735
    0.0000  -30.0000   22.500012447.6494   20.1216
    7.5000  -30.0000   22.500011686.3174   20.1518
   -7.5000  -22.5000   22.500013232.7715   20.2429
    0.0000  -22.5000   22.500013759.4365   20.1936
    7.5000  -22.5000   22.500012761.9014   20.2179
   -7.5000  -15.0000   22.500014584.4082   20.2542
    0.0000  -15.0000   22.500015105.7275   20.2119
    7.5000  -15.0000   22.500013707.5059   20.2350
   -7.5000   -7.5000   22.500015577.3115   20.1812
    0.0000   -7.5000   22.500015911.6250   20.1430
    7.5000   -7.5000   22.500014442.1396   20.1701
   -7.5000    0.0000   22.500016245.5361   20.1077
    0.0000    0.0000   22.500016475.5957   20.0670
    7.5000    0.0000   22.500015135.2930   20.0995
   -7.5000    7.5000   22.500015737.1191   20.1111
    0.0000    7.5000   22.500016021.9092   20.0638
    7.5000    7.5000   22.500014795.3438   20.0981
   -7.5000   15.0000   22.500015026.2617   20.1735
    0.0000   15.0000   22.500015403.9990   20.1216
    7.5000   15.0000   22.500014241.5615   20.1518
   -7.5000   22.5000   22.500014023.0459   20.2336
    0.0000   22.5000   22.500014404.3623   20.1842
    7.5000   22.5000   22.500013352.3105   20.2086
   -7.5000   30.0000   22.500012986.6631   19.9920
    0.0000   30.0000   22.500013354.5156   19.9504
    7.5000   30.0000   22.500012390.5000   19.9731
   -7.5000   37.5000   22.500012401.2861   19.9200
    0.0000   37.5000   22.500012763.6904   19.8823
    7.5000   37.5000   22.500011826.6064   19.9091
   -7.5000   45.0000   22.500011258.5391   19.3815
    0.0000   45.0000   22.500011644.8809   19.3423
    7.5000   45.0000   22.500010747.6729   19.3736
   -7.5000  -45.0000   30.0000 9605.0889   20.1561
    0.0000  -45.0000   30.0000 9944.6631   20.1120
    7.5000  -45.0000   30.0000 9304.7432   20.1317
   -7.5000  -37.5000   30.000010284.9092   20.1637
    0.0000  -37.5000   30.000010665.4316   20.1106
    7.5000  -37.5000   30.000010012.6318   20.1307
   -7.5000  -30.0000   30.000011356.4785   20.2195
    0.0000  -30.0000   30.000011784.3789   20.1618
    7.5000  -30.0000   30.000011087.4492   20.1762
   -7.5000  -22.5000   30.000012476.4453   20.2765
    0.0000  -22.5000   30.000013014.0703   20.2242
    7.5000  -22.5000   30.000012107.5029   20.2332
   -7.5000  -15.0000   30.000013595.4463   20.2819
    0.0000  -15.0000   30.000014072.3848   20.2389
    7.5000  -15.0000   30.000012937.9219   20.2482
   -7.5000   -7.5000   30.000014493.6152   20.2172
    0.0000   -7.5000   30.000014824.0117   20.1778
    7.5000   -7.5000   30.000013663.4727   20.1919
   -7.5000    0.0000   30.000015227.3486   20.1561
    0.0000    0.0000   30.000015568.8574   20.1120
    7.5000    0.0000   30.000014423.2969   20.1317
   -7.5000    7.5000   30.000014836.4297   20.1637
    0.0000    7.5000   30.000015287.9385   20.1106
    7.5000    7.5000   30.000014140.9834   20.1307
   -7.5000   15.0000   30.000014179.1680   20.2195
    0.0000   15.0000   30.000014700.5654   20.1618
    7.5000   15.0000   30.000013594.4482   20.1762
   -7.5000   22.5000   30.000013227.0645   20.2672
    0.0000   22.5000   30.000013704.1670   20.2149
    7.5000   22.5000   30.000012740.8213   20.2239
   -7.5000   30.0000   30.000012204.8125   20.0194
    0.0000   30.0000   30.000012620.0605   19.9770
    7.5000   30.0000   30.000011756.9883   19.9861
   -7.5000   37.5000   30.000011654.8037   19.9555
    0.0000   37.5000   30.000012032.4688   19.9166
    7.5000   37.5000   30.000011216.4414   19.9305
   -7.5000   45.0000   30.000010584.1670   19.4281
    0.0000   45.0000   30.000010955.6445   19.3857
    7.5000   45.0000   30.000010203.8271   19.4046
   -7.5000  -45.0000   37.5000 9342.6035   20.1969
    0.0000  -45.0000   37.5000 9673.2803   20.1589
    7.5000  -45.0000   37.5000 9076.2441   20.1691
   -7.5000  -37.5000   37.500010021.8008   20.2118
    0.0000  -37.5000   37.500010350.3721   20.1642
    7.5000  -37.5000   37.5000 9754.3379   20.1704
   -7.5000  -30.0000   37.500011071.9180   20.2666
    0.0000  -30.0000   37.500011460.3965   20.2187
    7.5000  -30.0000   37.500010820.7793   20.2226
   -7.5000  -22.5000   37.500012104.6514   20.3152
    0.0000  -22.5000   37.500012590.7314   20.2784
    7.5000  -22.5000   37.500011805.4707   20.2858
   -7.5000  -15.0000   37.500013063.5850   20.3132
    0.0000  -15.0000   37.500013488.5410   20.2868
    7.5000  -15.0000   37.500012559.2998   20.2995
   -7.5000   -7.5000   37.500013873.5830   20.2496
    0.0000   -7.5000   37.500014245.7910   20.2216
    7.5000   -7.5000   37.500013297.8008   20.2348
   -7.5000    0.0000   37.500014589.6133   20.1969
    0.0000    0.0000   37.500015017.5703   20.1589
    7.5000    0.0000   37.500014092.5996   20.1691
   -7.5000    7.5000   37.500014252.0938   20.2118
    0.0000    7.5000   37.500014728.1084   20.1642
    7.5000    7.5000   37.500013803.0811   20.1704
   -7.5000   15.0000   37.500013696.0225   20.2666
    0.0000   15.0000   37.500014181.1514   20.2187
    7.5000   15.0000   37.500013257.1387   20.2226
   -7.5000   22.5000   37.500012825.7842   20.3058
    0.0000   22.5000   37.500013280.3379   20.2691
    7.5000   22.5000   37.500012438.8008   20.2765
   -7.5000   30.0000   37.500011838.9746   20.0503
    0.0000   30.0000   37.500012252.0615   20.0242
    7.5000   30.0000   37.500011478.1670   20.0368
   -7.5000   37.5000   37.500011277.4727   19.9875
    0.0000   37.5000   37.500011664.9082   19.9599
    7.5000   37.5000   37.500010926.3105   19.9729
   -7.5000   45.0000   37.500010239.3018   19.4675
    0.0000   45.0000   37.500010587.0869   19.4308
    7.5000   45.0000   37.5000 9937.1104   19.4407
   -7.5000  -45.0000   45.0000 8629.0156   20.2358
    0.0000  -45.0000   45.0000 8906.1309   20.2051
    7.5000  -45.0000   45.0000 8426.8115   20.2186
   -7.5000  -37.5000   45.0000 9252.6670   20.2560
    0.0000  -37.5000   45.0000 9542.0967   20.2167
    7.5000  -37.5000   45.0000 9052.2568   20.2226
   -7.5000  -30.0000   45.000010211.3379   20.3183
    0.0000  -30.0000   45.000010562.2871   20.2827
    7.5000  -30.0000   45.000010039.0879   20.2909
   -7.5000  -22.5000   45.000011130.3672   20.3705
    0.0000  -22.5000   45.000011556.5928   20.3502
    7.5000  -22.5000   45.000010908.5449   20.3699
   -7.5000  -15.0000   45.000011957.2930   20.3654
    0.0000  -15.0000   45.000012342.4473   20.3554
    7.5000  -15.0000   45.000011611.1650   20.3842
   -7.5000   -7.5000   45.000012684.3115   20.2928
    0.0000   -7.5000   45.000013070.8496   20.2762
    7.5000   -7.5000   45.000012311.6455   20.3008
   -7.5000    0.0000   45.000013305.7021   20.2358
    0.0000    0.0000   45.000013772.7852   20.2051
    7.5000    0.0000   45.000012981.1377   20.2186
   -7.5000    7.5000   45.000013009.8115   20.2560
    0.0000    7.5000   45.000013454.4824   20.2167
    7.5000    7.5000   45.000012702.4219   20.2226
   -7.5000   15.0000   45.000012551.0381   20.3183
    0.0000   15.0000   45.000012962.3291   20.2827
    7.5000   15.0000   45.000012229.1367   20.2909
   -7.5000   22.5000   45.000011788.8408   20.3611
    0.0000   22.5000   45.000012171.7168   20.3408
    7.5000   22.5000   45.000011474.8809   20.3605
   -7.5000   30.0000   45.000010900.1572   20.1001
    0.0000   30.0000   45.000011259.0488   20.0903
    7.5000   30.0000   45.000010615.0518   20.1186
   -7.5000   37.5000   45.000010362.5215   20.0284
    0.0000   37.5000   45.000010695.5195   20.0120
    7.5000   37.5000   45.000010087.0781   20.0363
   -7.5000   45.0000   45.0000 9387.5400   19.5139
    0.0000   45.0000   45.0000 9704.8027   19.4843
    7.5000   45.0000   45.0000 9169.0000   19.4972

---------------------------------------------------------------------
imgreg_4dfp /opt/freesurfer/average/711-2C_as_mni_average_305 /opt/freesurfer/average/711-2B_as_mni_average_305_mask talsrcimg_g11 none talsrcimg_to_711-2C_as_mni_average_305_t4 4355
---------------------------------------------------------------------

freesurfer imgreg_4dfp.c
/opt/freesurfer/average/711-2C_as_mni_average_305.4dfp.img
       256       256       256         1
  1.000000  1.000000  1.000000
orientation T byte_order littleendian
Reading image: /opt/freesurfer/average/711-2C_as_mni_average_305.4dfp.img
dimensions:      256       256       256
mmppix:       1.0000   -1.0000   -1.0000
center:     128.0000 -129.0000 -129.0000
/opt/freesurfer/average/711-2B_as_mni_average_305_mask.4dfp.img
       256       256       256         1
  1.000000  1.000000  1.000000
orientation T byte_order littleendian
Reading mask: /opt/freesurfer/average/711-2B_as_mni_average_305_mask.4dfp.img (2306576 pixels)
talsrcimg_g11.4dfp.img
       256       256       256         1
  1.000000  1.000000  1.000000
orientation T byte_order littleendian
Reading image: talsrcimg_g11.4dfp.img
dimensions:      256       256       256
mmppix:       1.0000   -1.0000   -1.0000
center:     128.0000 -129.0000 -129.0000
rotation matrix determinant  1.000000
image alignment mode   4355 decimal     1103 hex
   -7.5000  -45.0000  -45.0000 2019.3958   25.7726
    0.0000  -45.0000  -45.0000 2001.7574   25.8427
    7.5000  -45.0000  -45.0000 1986.9454   26.3057
   -7.5000  -37.5000  -45.0000 2114.6008   23.5067
    0.0000  -37.5000  -45.0000 2097.5125   23.5714
    7.5000  -37.5000  -45.0000 2079.1011   23.9356
   -7.5000  -30.0000  -45.0000 2186.1755   21.8981
    0.0000  -30.0000  -45.0000 2172.3408   21.9286
    7.5000  -30.0000  -45.0000 2146.3997   22.2471
   -7.5000  -22.5000  -45.0000 2233.1750   20.6385
    0.0000  -22.5000  -45.0000 2217.3411   20.6812
    7.5000  -22.5000  -45.0000 2190.6438   21.0172
   -7.5000  -15.0000  -45.0000 2262.2893   19.7888
    0.0000  -15.0000  -45.0000 2245.7063   19.8450
    7.5000  -15.0000  -45.0000 2217.9602   20.2246
   -7.5000   -7.5000  -45.0000 2273.4377   19.4872
    0.0000   -7.5000  -45.0000 2256.1917   19.5465
    7.5000   -7.5000  -45.0000 2229.6851   19.9569
   -7.5000    0.0000  -45.0000 2266.4553   19.6333
    0.0000    0.0000  -45.0000 2254.0493   19.6945
    7.5000    0.0000  -45.0000 2224.1853   20.1110
   -7.5000    7.5000  -45.0000 2242.0959   20.1913
    0.0000    7.5000  -45.0000 2230.1904   20.2706
    7.5000    7.5000  -45.0000 2202.3442   20.6160
   -7.5000   15.0000  -45.0000 2198.0222   21.1339
    0.0000   15.0000  -45.0000 2184.8140   21.1220
    7.5000   15.0000  -45.0000 2159.3335   21.5203
   -7.5000   22.5000  -45.0000 2135.1152   22.3497
    0.0000   22.5000  -45.0000 2125.9717   22.3798
    7.5000   22.5000  -45.0000 2097.8513   22.8202
   -7.5000   30.0000  -45.0000 2049.9270   23.9888
    0.0000   30.0000  -45.0000 2045.2719   24.0207
    7.5000   30.0000  -45.0000 2016.1372   24.5089
   -7.5000   37.5000  -45.0000 1955.1428   26.0826
    0.0000   37.5000  -45.0000 1954.4639   26.1867
    7.5000   37.5000  -45.0000 1927.8149   26.7564
   -7.5000   45.0000  -45.0000 1847.1465   28.9918
    0.0000   45.0000  -45.0000 1850.9666   29.1351
    7.5000   45.0000  -45.0000 1823.7516   29.7925
   -7.5000  -45.0000  -37.5000 2109.7339   23.6281
    0.0000  -45.0000  -37.5000 2101.6016   23.6791
    7.5000  -45.0000  -37.5000 2075.7468   24.0876
   -7.5000  -37.5000  -37.5000 2211.2612   21.5129
    0.0000  -37.5000  -37.5000 2199.7976   21.5706
    7.5000  -37.5000  -37.5000 2173.4846   21.9031
   -7.5000  -30.0000  -37.5000 2290.7485   19.9668
    0.0000  -30.0000  -37.5000 2279.4307   20.0503
    7.5000  -30.0000  -37.5000 2249.4360   20.3098
   -7.5000  -22.5000  -37.5000 2337.9272   18.8210
    0.0000  -22.5000  -37.5000 2323.5940   18.9294
    7.5000  -22.5000  -37.5000 2292.6826   19.1843
   -7.5000  -15.0000  -37.5000 2364.7275   18.0367
    0.0000  -15.0000  -37.5000 2351.6860   18.1728
    7.5000  -15.0000  -37.5000 2319.9136   18.4785
   -7.5000   -7.5000  -37.5000 2376.9724   17.7386
    0.0000   -7.5000  -37.5000 2362.7603   17.8517
    7.5000   -7.5000  -37.5000 2338.5930   18.1953
   -7.5000    0.0000  -37.5000 2375.7283   17.8507
    0.0000    0.0000  -37.5000 2363.2258   17.9064
    7.5000    0.0000  -37.5000 2329.3381   18.2496
   -7.5000    7.5000  -37.5000 2350.4041   18.3071
    0.0000    7.5000  -37.5000 2342.8618   18.3821
    7.5000    7.5000  -37.5000 2309.9209   18.7105
   -7.5000   15.0000  -37.5000 2306.6201   19.1334
    0.0000   15.0000  -37.5000 2296.3833   19.1448
    7.5000   15.0000  -37.5000 2265.6584   19.5265
   -7.5000   22.5000  -37.5000 2236.5122   20.2959
    0.0000   22.5000  -37.5000 2229.9475   20.3141
    7.5000   22.5000  -37.5000 2200.0627   20.7244
   -7.5000   30.0000  -37.5000 2149.1445   21.8273
    0.0000   30.0000  -37.5000 2144.5701   21.8526
    7.5000   30.0000  -37.5000 2111.5889   22.2989
   -7.5000   37.5000  -37.5000 2047.8989   23.7459
    0.0000   37.5000  -37.5000 2048.6143   23.8175
    7.5000   37.5000  -37.5000 2018.1422   24.2999
   -7.5000   45.0000  -37.5000 1932.5879   26.3594
    0.0000   45.0000  -37.5000 1933.9768   26.3860
    7.5000   45.0000  -37.5000 1907.4937   26.9356
   -7.5000  -45.0000  -30.0000 2238.2920   22.6732
    0.0000  -45.0000  -30.0000 2233.0886   22.7010
    7.5000  -45.0000  -30.0000 2202.6565   23.0935
   -7.5000  -37.5000  -30.0000 2342.9390   20.5456
    0.0000  -37.5000  -30.0000 2336.0896   20.5794
    7.5000  -37.5000  -30.0000 2306.2566   20.9392
   -7.5000  -30.0000  -30.0000 2433.4946   18.9610
    0.0000  -30.0000  -30.0000 2421.6287   19.0445
    7.5000  -30.0000  -30.0000 2388.4717   19.3222
   -7.5000  -22.5000  -30.0000 2483.9880   17.8921
    0.0000  -22.5000  -30.0000 2474.7522   18.0234
    7.5000  -22.5000  -30.0000 2439.6526   18.2516
   -7.5000  -15.0000  -30.0000 2514.0220   17.1416
    0.0000  -15.0000  -30.0000 2503.7358   17.3044
    7.5000  -15.0000  -30.0000 2467.0481   17.5720
   -7.5000   -7.5000  -30.0000 2532.3425   16.8447
    0.0000   -7.5000  -30.0000 2521.7881   16.9822
    7.5000   -7.5000  -30.0000 2487.5872   17.2542
   -7.5000    0.0000  -30.0000 2532.6577   16.8803
    0.0000    0.0000  -30.0000 2521.2549   16.9665
    7.5000    0.0000  -30.0000 2485.3359   17.2600
   -7.5000    7.5000  -30.0000 2506.7424   17.2746
    0.0000    7.5000  -30.0000 2498.9006   17.3561
    7.5000    7.5000  -30.0000 2461.5020   17.6199
   -7.5000   15.0000  -30.0000 2457.3721   18.0407
    0.0000   15.0000  -30.0000 2449.3660   18.0855
    7.5000   15.0000  -30.0000 2413.8831   18.3989
   -7.5000   22.5000  -30.0000 2379.6406   19.1417
    0.0000   22.5000  -30.0000 2374.5112   19.2060
    7.5000   22.5000  -30.0000 2343.2368   19.5424
   -7.5000   30.0000  -30.0000 2284.2166   20.6152
    0.0000   30.0000  -30.0000 2282.5801   20.6548
    7.5000   30.0000  -30.0000 2252.2388   21.0377
   -7.5000   37.5000  -30.0000 2177.3577   22.3759
    0.0000   37.5000  -30.0000 2176.1321   22.4359
    7.5000   37.5000  -30.0000 2147.5857   22.8723
   -7.5000   45.0000  -30.0000 2058.8689   24.7695
    0.0000   45.0000  -30.0000 2052.4490   24.7648
    7.5000   45.0000  -30.0000 2027.5559   25.2534
   -7.5000  -45.0000  -22.5000 2340.9932   21.6460
    0.0000  -45.0000  -22.5000 2331.8186   21.6988
    7.5000  -45.0000  -22.5000 2299.9094   22.0422
   -7.5000  -37.5000  -22.5000 2452.9087   19.6050
    0.0000  -37.5000  -22.5000 2440.1167   19.6362
    7.5000  -37.5000  -22.5000 2405.2761   19.9412
   -7.5000  -30.0000  -22.5000 2546.0859   18.0077
    0.0000  -30.0000  -22.5000 2533.0220   18.0688
    7.5000  -30.0000  -22.5000 2492.0034   18.3309
   -7.5000  -22.5000  -22.5000 2602.9673   16.9304
    0.0000  -22.5000  -22.5000 2595.0886   16.9993
    7.5000  -22.5000  -22.5000 2554.7139   17.2105
   -7.5000  -15.0000  -22.5000 2639.7368   16.2067
    0.0000  -15.0000  -22.5000 2628.8579   16.3203
    7.5000  -15.0000  -22.5000 2593.0078   16.5280
   -7.5000   -7.5000  -22.5000 2659.6860   15.9067
    0.0000   -7.5000  -22.5000 2654.7722   16.0142
    7.5000   -7.5000  -22.5000 2615.6653   16.2309
   -7.5000    0.0000  -22.5000 2659.7556   15.9084
    0.0000    0.0000  -22.5000 2656.3967   16.0073
    7.5000    0.0000  -22.5000 2618.3586   16.2338
   -7.5000    7.5000  -22.5000 2635.7712   16.2704
    0.0000    7.5000  -22.5000 2632.0886   16.3528
    7.5000    7.5000  -22.5000 2595.3628   16.5770
   -7.5000   15.0000  -22.5000 2582.6199   16.9647
    0.0000   15.0000  -22.5000 2576.6099   17.0017
    7.5000   15.0000  -22.5000 2540.9902   17.2700
   -7.5000   22.5000  -22.5000 2500.8584   17.9929
    0.0000   22.5000  -22.5000 2500.5032   18.0561
    7.5000   22.5000  -22.5000 2465.1416   18.3337
   -7.5000   30.0000  -22.5000 2403.0239   19.2875
    0.0000   30.0000  -22.5000 2401.4155   19.3499
    7.5000   30.0000  -22.5000 2368.9365   19.6976
   -7.5000   37.5000  -22.5000 2284.3735   20.9204
    0.0000   37.5000  -22.5000 2281.6638   20.9923
    7.5000   37.5000  -22.5000 2258.4373   21.3628
   -7.5000   45.0000  -22.5000 2155.9448   23.1639
    0.0000   45.0000  -22.5000 2149.7119   23.1543
    7.5000   45.0000  -22.5000 2126.6111   23.5938
   -7.5000  -45.0000  -15.0000 2413.0759   20.6920
    0.0000  -45.0000  -15.0000 2397.2576   20.7789
    7.5000  -45.0000  -15.0000 2363.2305   21.0839
   -7.5000  -37.5000  -15.0000 2526.3450   18.6835
    0.0000  -37.5000  -15.0000 2511.1008   18.7688
    7.5000  -37.5000  -15.0000 2471.2827   19.0003
   -7.5000  -30.0000  -15.0000 2623.2844   17.1470
    0.0000  -30.0000  -15.0000 2609.9070   17.2185
    7.5000  -30.0000  -15.0000 2568.9988   17.4135
   -7.5000  -22.5000  -15.0000 2688.5203   16.0117
    0.0000  -22.5000  -15.0000 2679.0078   16.0441
    7.5000  -22.5000  -15.0000 2641.8557   16.2377
   -7.5000  -15.0000  -15.0000 2730.1633   15.3020
    0.0000  -15.0000  -15.0000 2721.8892   15.3412
    7.5000  -15.0000  -15.0000 2685.7810   15.5157
   -7.5000   -7.5000  -15.0000 2757.7788   14.9852
    0.0000   -7.5000  -15.0000 2757.6797   15.0272
    7.5000   -7.5000  -15.0000 2716.7686   15.2081
   -7.5000    0.0000  -15.0000 2759.2002   15.0053
    0.0000    0.0000  -15.0000 2762.3652   15.0582
    7.5000    0.0000  -15.0000 2717.5378   15.2526
   -7.5000    7.5000  -15.0000 2740.0574   15.3504
    0.0000    7.5000  -15.0000 2734.8328   15.4046
    7.5000    7.5000  -15.0000 2700.8018   15.6204
   -7.5000   15.0000  -15.0000 2685.1870   15.9768
    0.0000   15.0000  -15.0000 2680.6965   16.0394
    7.5000   15.0000  -15.0000 2647.7253   16.2688
   -7.5000   22.5000  -15.0000 2592.5488   16.8529
    0.0000   22.5000  -15.0000 2599.4685   16.9400
    7.5000   22.5000  -15.0000 2566.5767   17.1938
   -7.5000   30.0000  -15.0000 2489.6648   18.0451
    0.0000   30.0000  -15.0000 2489.2932   18.1227
    7.5000   30.0000  -15.0000 2461.6094   18.4075
   -7.5000   37.5000  -15.0000 2374.3870   19.5585
    0.0000   37.5000  -15.0000 2372.4143   19.6492
    7.5000   37.5000  -15.0000 2341.6392   19.9623
   -7.5000   45.0000  -15.0000 2225.5242   21.6875
    0.0000   45.0000  -15.0000 2224.5940   21.6832
    7.5000   45.0000  -15.0000 2203.5793   22.0558
   -7.5000  -45.0000   -7.5000 2460.1606   19.8456
    0.0000  -45.0000   -7.5000 2443.1868   19.9238
    7.5000  -45.0000   -7.5000 2399.9817   20.1554
   -7.5000  -37.5000   -7.5000 2570.7490   17.8678
    0.0000  -37.5000   -7.5000 2556.9924   17.9932
    7.5000  -37.5000   -7.5000 2513.7139   18.1885
   -7.5000  -30.0000   -7.5000 2674.3101   16.3408
    0.0000  -30.0000   -7.5000 2661.2183   16.4313
    7.5000  -30.0000   -7.5000 2615.3279   16.6056
   -7.5000  -22.5000   -7.5000 2757.8613   15.1997
    0.0000  -22.5000   -7.5000 2749.5193   15.2652
    7.5000  -22.5000   -7.5000 2701.6272   15.4555
   -7.5000  -15.0000   -7.5000 2802.0928   14.4419
    0.0000  -15.0000   -7.5000 2798.0828   14.4612
    7.5000  -15.0000   -7.5000 2751.1111   14.6773
   -7.5000   -7.5000   -7.5000 2839.1311   14.0737
    0.0000   -7.5000   -7.5000 2840.1641   14.0708
    7.5000   -7.5000   -7.5000 2787.1753   14.2999
   -7.5000    0.0000   -7.5000 2846.0618   14.0875
    0.0000    0.0000   -7.5000 2845.5339   14.1098
    7.5000    0.0000   -7.5000 2800.0649   14.3289
   -7.5000    7.5000   -7.5000 2825.6836   14.4272
    0.0000    7.5000   -7.5000 2824.4167   14.4837
    7.5000    7.5000   -7.5000 2787.4512   14.7041
   -7.5000   15.0000   -7.5000 2764.9363   14.9982
    0.0000   15.0000   -7.5000 2766.7327   15.0798
    7.5000   15.0000   -7.5000 2732.5208   15.3166
   -7.5000   22.5000   -7.5000 2671.5027   15.8225
    0.0000   22.5000   -7.5000 2676.4602   15.8755
    7.5000   22.5000   -7.5000 2648.1943   16.1477
   -7.5000   30.0000   -7.5000 2562.8044   16.8998
    0.0000   30.0000   -7.5000 2563.2512   16.9681
    7.5000   30.0000   -7.5000 2533.6963   17.2623
   -7.5000   37.5000   -7.5000 2444.0500   18.3838
    0.0000   37.5000   -7.5000 2443.5725   18.4671
    7.5000   37.5000   -7.5000 2409.6821   18.7728
   -7.5000   45.0000   -7.5000 2291.6265   20.3725
    0.0000   45.0000   -7.5000 2291.5935   20.4648
    7.5000   45.0000   -7.5000 2265.9893   20.8027
   -7.5000  -45.0000    0.0000 2476.4641   19.1092
    0.0000  -45.0000    0.0000 2459.9448   19.1828
    7.5000  -45.0000    0.0000 2414.4314   19.4790
   -7.5000  -37.5000    0.0000 2597.0662   17.2230
    0.0000  -37.5000    0.0000 2576.2683   17.3047
    7.5000  -37.5000    0.0000 2533.5796   17.5593
   -7.5000  -30.0000    0.0000 2702.7400   15.7411
    0.0000  -30.0000    0.0000 2686.7568   15.8307
    7.5000  -30.0000    0.0000 2642.7207   16.0485
   -7.5000  -22.5000    0.0000 2800.0615   14.6161
    0.0000  -22.5000    0.0000 2788.6738   14.7201
    7.5000  -22.5000    0.0000 2737.3647   14.8885
   -7.5000  -15.0000    0.0000 2860.2571   13.8148
    0.0000  -15.0000    0.0000 2850.9387   13.8809
    7.5000  -15.0000    0.0000 2803.0410   14.0727
   -7.5000   -7.5000    0.0000 2905.4897   13.3298
    0.0000   -7.5000    0.0000 2903.0051   13.3934
    7.5000   -7.5000    0.0000 2847.6375   13.6330
   -7.5000    0.0000    0.0000 2917.1489   13.2937
    0.0000    0.0000    0.0000 2914.2654   13.3753
    7.5000    0.0000    0.0000 2865.9382   13.6376
   -7.5000    7.5000    0.0000 2889.4028   13.5960
    0.0000    7.5000    0.0000 2891.5737   13.7087
    7.5000    7.5000    0.0000 2849.8435   13.9737
   -7.5000   15.0000    0.0000 2821.2253   14.1712
    0.0000   15.0000    0.0000 2823.5930   14.2586
    7.5000   15.0000    0.0000 2791.3179   14.5282
   -7.5000   22.5000    0.0000 2728.1084   14.9686
    0.0000   22.5000    0.0000 2728.7085   15.0169
    7.5000   22.5000    0.0000 2701.8884   15.3056
   -7.5000   30.0000    0.0000 2622.8440   16.0286
    0.0000   30.0000    0.0000 2617.5215   16.1377
    7.5000   30.0000    0.0000 2590.2690   16.4606
   -7.5000   37.5000    0.0000 2500.0486   17.4824
    0.0000   37.5000    0.0000 2497.8589   17.5903
    7.5000   37.5000    0.0000 2465.3364   17.9784
   -7.5000   45.0000    0.0000 2344.4238   19.4330
    0.0000   45.0000    0.0000 2341.9702   19.4990
    7.5000   45.0000    0.0000 2314.9233   19.9013
   -7.5000  -45.0000    7.5000 2474.2241   18.6485
    0.0000  -45.0000    7.5000 2461.6440   18.7539
    7.5000  -45.0000    7.5000 2417.4514   19.0577
   -7.5000  -37.5000    7.5000 2596.7139   16.8164
    0.0000  -37.5000    7.5000 2583.5847   16.9088
    7.5000  -37.5000    7.5000 2539.7131   17.1589
   -7.5000  -30.0000    7.5000 2707.2588   15.3480
    0.0000  -30.0000    7.5000 2690.6172   15.4416
    7.5000  -30.0000    7.5000 2654.6621   15.6570
   -7.5000  -22.5000    7.5000 2812.6750   14.2840
    0.0000  -22.5000    7.5000 2799.7522   14.3764
    7.5000  -22.5000    7.5000 2760.9431   14.5038
   -7.5000  -15.0000    7.5000 2901.5637   13.4951
    0.0000  -15.0000    7.5000 2890.8291   13.5662
    7.5000  -15.0000    7.5000 2842.7617   13.6663
   -7.5000   -7.5000    7.5000 2954.9324   12.9118
    0.0000   -7.5000    7.5000 2944.3870   12.9962
    7.5000   -7.5000    7.5000 2896.8892   13.2026
   -7.5000    0.0000    7.5000 2961.0281   12.7263
    0.0000    0.0000    7.5000 2958.7842   12.8725
    7.5000    0.0000    7.5000 2912.1345   13.1182
   -7.5000    7.5000    7.5000 2925.9050   12.9730
    0.0000    7.5000    7.5000 2924.8049   13.0706
    7.5000    7.5000    7.5000 2886.7600   13.3463
   -7.5000   15.0000    7.5000 2861.9165   13.5777
    0.0000   15.0000    7.5000 2854.0496   13.5898
    7.5000   15.0000    7.5000 2825.7100   13.8734
   -7.5000   22.5000    7.5000 2770.8323   14.4302
    0.0000   22.5000    7.5000 2770.4519   14.4468
    7.5000   22.5000    7.5000 2744.9280   14.7630
   -7.5000   30.0000    7.5000 2660.9744   15.5371
    0.0000   30.0000    7.5000 2659.9390   15.5708
    7.5000   30.0000    7.5000 2635.8911   15.9512
   -7.5000   37.5000    7.5000 2538.3721   16.9749
    0.0000   37.5000    7.5000 2539.2729   17.0188
    7.5000   37.5000    7.5000 2508.6135   17.4124
   -7.5000   45.0000    7.5000 2381.2249   18.8430
    0.0000   45.0000    7.5000 2378.1318   18.8980
    7.5000   45.0000    7.5000 2349.2434   19.2585
   -7.5000  -45.0000   15.0000 2456.4734   18.4954
    0.0000  -45.0000   15.0000 2446.1335   18.6386
    7.5000  -45.0000   15.0000 2405.1829   18.9414
   -7.5000  -37.5000   15.0000 2578.7329   16.6280
    0.0000  -37.5000   15.0000 2567.1606   16.7301
    7.5000  -37.5000   15.0000 2531.1692   17.0020
   -7.5000  -30.0000   15.0000 2690.1863   15.1558
    0.0000  -30.0000   15.0000 2679.9316   15.2614
    7.5000  -30.0000   15.0000 2651.6528   15.5020
   -7.5000  -22.5000   15.0000 2803.3594   14.0945
    0.0000  -22.5000   15.0000 2794.9360   14.1738
    7.5000  -22.5000   15.0000 2769.1294   14.3459
   -7.5000  -15.0000   15.0000 2906.2241   13.3871
    0.0000  -15.0000   15.0000 2902.7793   13.4246
    7.5000  -15.0000   15.0000 2864.2305   13.4814
   -7.5000   -7.5000   15.0000 2969.9360   12.8806
    0.0000   -7.5000   15.0000 2965.6089   12.9156
    7.5000   -7.5000   15.0000 2915.4441   12.9745
   -7.5000    0.0000   15.0000 2970.5347   12.4681
    0.0000    0.0000   15.0000 2962.1121   12.5591
    7.5000    0.0000   15.0000 2926.7034   12.7787
   -7.5000    7.5000   15.0000 2938.7405   12.6630
    0.0000    7.5000   15.0000 2919.6836   12.5980
    7.5000    7.5000   15.0000 2893.0452   12.9360
   -7.5000   15.0000   15.0000 2874.9919   13.2712
    0.0000   15.0000   15.0000 2870.5261   13.1764
    7.5000   15.0000   15.0000 2848.1340   13.5201
   -7.5000   22.5000   15.0000 2780.9246   14.1542
    0.0000   22.5000   15.0000 2782.6731   14.1339
    7.5000   22.5000   15.0000 2764.3130   14.4623
   -7.5000   30.0000   15.0000 2671.1223   15.3204
    0.0000   30.0000   15.0000 2669.8013   15.3012
    7.5000   30.0000   15.0000 2647.3523   15.6459
   -7.5000   37.5000   15.0000 2549.5632   16.7730
    0.0000   37.5000   15.0000 2545.0276   16.7640
    7.5000   37.5000   15.0000 2521.1331   17.0755
   -7.5000   45.0000   15.0000 2391.2170   18.6243
    0.0000   45.0000   15.0000 2392.4814   18.6108
    7.5000   45.0000   15.0000 2363.0256   18.9384
   -7.5000  -45.0000   22.5000 2423.5820   18.4934
    0.0000  -45.0000   22.5000 2421.8169   18.7569
    7.5000  -45.0000   22.5000 2393.0867   19.1011
   -7.5000  -37.5000   22.5000 2546.4302   16.6204
    0.0000  -37.5000   22.5000 2544.3420   16.8277
    7.5000  -37.5000   22.5000 2520.4600   17.1069
   -7.5000  -30.0000   22.5000 2661.5251   15.2116
    0.0000  -30.0000   22.5000 2661.7078   15.3328
    7.5000  -30.0000   22.5000 2641.9922   15.5860
   -7.5000  -22.5000   22.5000 2776.4231   14.1718
    0.0000  -22.5000   22.5000 2774.6526   14.2317
    7.5000  -22.5000   22.5000 2755.8105   14.3998
   -7.5000  -15.0000   22.5000 2887.9678   13.5039
    0.0000  -15.0000   22.5000 2880.2739   13.5097
    7.5000  -15.0000   22.5000 2848.3303   13.5588
   -7.5000   -7.5000   22.5000 2950.2593   12.9930
    0.0000   -7.5000   22.5000 2943.9912   12.9894
    7.5000   -7.5000   22.5000 2894.0991   13.0148
   -7.5000    0.0000   22.5000 2961.5664   12.6448
    0.0000    0.0000   22.5000 2939.0955   12.5328
    7.5000    0.0000   22.5000 2904.4294   12.7580
   -7.5000    7.5000   22.5000 2930.9534   12.7935
    0.0000    7.5000   22.5000 2915.9380   12.6865
    7.5000    7.5000   22.5000 2892.1462   12.9649
   -7.5000   15.0000   22.5000 2865.8625   13.3070
    0.0000   15.0000   22.5000 2868.7144   13.2749
    7.5000   15.0000   22.5000 2843.9382   13.5300
   -7.5000   22.5000   22.5000 2771.6802   14.1537
    0.0000   22.5000   22.5000 2773.5842   14.1654
    7.5000   22.5000   22.5000 2756.4597   14.4156
   -7.5000   30.0000   22.5000 2658.5613   15.3039
    0.0000   30.0000   22.5000 2658.5781   15.3241
    7.5000   30.0000   22.5000 2636.6772   15.5955
   -7.5000   37.5000   22.5000 2533.7290   16.7670
    0.0000   37.5000   22.5000 2535.4939   16.7908
    7.5000   37.5000   22.5000 2511.6396   17.0544
   -7.5000   45.0000   22.5000 2382.3887   18.5915
    0.0000   45.0000   22.5000 2388.3545   18.6359
    7.5000   45.0000   22.5000 2361.4448   18.8938
   -7.5000  -45.0000   30.0000 2378.2893   18.8880
    0.0000  -45.0000   30.0000 2382.2952   19.1296
    7.5000  -45.0000   30.0000 2367.5129   19.5393
   -7.5000  -37.5000   30.0000 2505.2876   16.9678
    0.0000  -37.5000   30.0000 2505.7083   17.1629
    7.5000  -37.5000   30.0000 2495.7378   17.4921
   -7.5000  -30.0000   30.0000 2623.6692   15.5574
    0.0000  -30.0000   30.0000 2624.7998   15.6939
    7.5000  -30.0000   30.0000 2612.7336   15.9324
   -7.5000  -22.5000   30.0000 2735.9890   14.5123
    0.0000  -22.5000   30.0000 2736.7161   14.5667
    7.5000  -22.5000   30.0000 2720.8853   14.7433
   -7.5000  -15.0000   30.0000 2841.8472   13.7976
    0.0000  -15.0000   30.0000 2837.5090   13.8254
    7.5000  -15.0000   30.0000 2811.2952   13.9099
   -7.5000   -7.5000   30.0000 2899.7024   13.2301
    0.0000   -7.5000   30.0000 2884.4299   13.1561
    7.5000   -7.5000   30.0000 2846.9187   13.2998
   -7.5000    0.0000   30.0000 2929.2537   12.9711
    0.0000    0.0000   30.0000 2907.4629   12.8473
    7.5000    0.0000   30.0000 2873.3984   13.0864
   -7.5000    7.5000   30.0000 2901.9590   13.1173
    0.0000    7.5000   30.0000 2896.5693   13.0901
    7.5000    7.5000   30.0000 2865.8389   13.3139
   -7.5000   15.0000   30.0000 2830.6917   13.6679
    0.0000   15.0000   30.0000 2834.7163   13.6964
    7.5000   15.0000   30.0000 2803.6902   13.8940
   -7.5000   22.5000   30.0000 2732.9946   14.5035
    0.0000   22.5000   30.0000 2739.3413   14.5119
    7.5000   22.5000   30.0000 2718.4563   14.7455
   -7.5000   30.0000   30.0000 2619.6670   15.6041
    0.0000   30.0000   30.0000 2618.7634   15.6539
    7.5000   30.0000   30.0000 2596.3489   15.9009
   -7.5000   37.5000   30.0000 2502.4971   17.0093
    0.0000   37.5000   30.0000 2504.3435   17.0619
    7.5000   37.5000   30.0000 2479.4541   17.3263
   -7.5000   45.0000   30.0000 2351.2981   18.8421
    0.0000   45.0000   30.0000 2355.7314   18.8795
    7.5000   45.0000   30.0000 2335.4104   19.1574
   -7.5000  -45.0000   37.5000 2336.7249   19.5800
    0.0000  -45.0000   37.5000 2335.5771   19.7669
    7.5000  -45.0000   37.5000 2330.5417   20.2079
   -7.5000  -37.5000   37.5000 2463.2720   17.6139
    0.0000  -37.5000   37.5000 2462.3857   17.7439
    7.5000  -37.5000   37.5000 2455.8418   18.1197
   -7.5000  -30.0000   37.5000 2574.4856   16.1798
    0.0000  -30.0000   37.5000 2580.8713   16.2640
    7.5000  -30.0000   37.5000 2570.4785   16.5340
   -7.5000  -22.5000   37.5000 2684.9929   15.0996
    0.0000  -22.5000   37.5000 2691.1179   15.1332
    7.5000  -22.5000   37.5000 2676.5000   15.3247
   -7.5000  -15.0000   37.5000 2774.4067   14.2663
    0.0000  -15.0000   37.5000 2777.2456   14.2262
    7.5000  -15.0000   37.5000 2752.5830   14.4021
   -7.5000   -7.5000   37.5000 2835.9897   13.7056
    0.0000   -7.5000   37.5000 2828.9390   13.5413
    7.5000   -7.5000   37.5000 2801.0054   13.8058
   -7.5000    0.0000   37.5000 2862.4180   13.4588
    0.0000    0.0000   37.5000 2856.6470   13.3999
    7.5000    0.0000   37.5000 2835.7144   13.6804
   -7.5000    7.5000   37.5000 2840.1082   13.6793
    0.0000    7.5000   37.5000 2838.5774   13.6508
    7.5000    7.5000   37.5000 2813.9531   13.9239
   -7.5000   15.0000   37.5000 2771.8679   14.2376
    0.0000   15.0000   37.5000 2776.0671   14.2413
    7.5000   15.0000   37.5000 2746.7063   14.4760
   -7.5000   22.5000   37.5000 2679.4980   15.0890
    0.0000   22.5000   37.5000 2686.9861   15.0976
    7.5000   22.5000   37.5000 2663.8628   15.3228
   -7.5000   30.0000   37.5000 2569.7922   16.1909
    0.0000   30.0000   37.5000 2574.3982   16.2245
    7.5000   30.0000   37.5000 2549.4172   16.4703
   -7.5000   37.5000   37.5000 2451.9282   17.5740
    0.0000   37.5000   37.5000 2457.1738   17.6055
    7.5000   37.5000   37.5000 2433.8022   17.8460
   -7.5000   45.0000   37.5000 2303.2698   19.3577
    0.0000   45.0000   37.5000 2304.4177   19.3500
    7.5000   45.0000   37.5000 2286.7368   19.6098
   -7.5000  -45.0000   45.0000 2284.7996   20.5286
    0.0000  -45.0000   45.0000 2284.2415   20.5857
    7.5000  -45.0000   45.0000 2281.0801   21.1795
   -7.5000  -37.5000   45.0000 2407.9480   18.5002
    0.0000  -37.5000   45.0000 2411.7695   18.4974
    7.5000  -37.5000   45.0000 2406.0464   18.9810
   -7.5000  -30.0000   45.0000 2509.8376   16.9873
    0.0000  -30.0000   45.0000 2520.9875   16.9685
    7.5000  -30.0000   45.0000 2512.1606   17.3372
   -7.5000  -22.5000   45.0000 2617.0291   15.8072
    0.0000  -22.5000   45.0000 2627.5637   15.7986
    7.5000  -22.5000   45.0000 2611.3118   16.0624
   -7.5000  -15.0000   45.0000 2699.0796   14.8907
    0.0000  -15.0000   45.0000 2705.0869   14.7993
    7.5000  -15.0000   45.0000 2682.9636   15.0855
   -7.5000   -7.5000   45.0000 2757.4431   14.3433
    0.0000   -7.5000   45.0000 2761.6248   14.2448
    7.5000   -7.5000   45.0000 2740.2202   14.5439
   -7.5000    0.0000   45.0000 2772.5649   14.1756
    0.0000    0.0000   45.0000 2774.7939   14.1316
    7.5000    0.0000   45.0000 2760.1086   14.4301
   -7.5000    7.5000   45.0000 2752.7141   14.4087
    0.0000    7.5000   45.0000 2748.6738   14.3639
    7.5000    7.5000   45.0000 2736.8872   14.6704
   -7.5000   15.0000   45.0000 2692.4529   14.9758
    0.0000   15.0000   45.0000 2692.8074   14.9537
    7.5000   15.0000   45.0000 2671.8020   15.2110
   -7.5000   22.5000   45.0000 2609.3743   15.8279
    0.0000   22.5000   45.0000 2612.8796   15.8278
    7.5000   22.5000   45.0000 2592.8755   16.0628
   -7.5000   30.0000   45.0000 2506.8230   16.9529
    0.0000   30.0000   45.0000 2517.8374   16.9638
    7.5000   30.0000   45.0000 2496.0559   17.2433
   -7.5000   37.5000   45.0000 2386.7068   18.3365
    0.0000   37.5000   45.0000 2396.0186   18.3526
    7.5000   37.5000   45.0000 2374.4741   18.6256
   -7.5000   45.0000   45.0000 2236.3076   20.0963
    0.0000   45.0000   45.0000 2243.8943   20.0680
    7.5000   45.0000   45.0000 2222.0215   20.3413

---------------------------------------------------------------------
imgreg_4dfp /opt/freesurfer/average/711-2C_as_mni_average_305 /opt/freesurfer/average/711-2B_as_mni_average_305_mask talsrcimg_g11 none talsrcimg_to_711-2C_as_mni_average_305_t4 1283
---------------------------------------------------------------------

freesurfer imgreg_4dfp.c
/opt/freesurfer/average/711-2C_as_mni_average_305.4dfp.img
       256       256       256         1
  1.000000  1.000000  1.000000
orientation T byte_order littleendian
Reading image: /opt/freesurfer/average/711-2C_as_mni_average_305.4dfp.img
dimensions:      256       256       256
mmppix:       1.0000   -1.0000   -1.0000
center:     128.0000 -129.0000 -129.0000
/opt/freesurfer/average/711-2B_as_mni_average_305_mask.4dfp.img
       256       256       256         1
  1.000000  1.000000  1.000000
orientation T byte_order littleendian
Reading mask: /opt/freesurfer/average/711-2B_as_mni_average_305_mask.4dfp.img (2306576 pixels)
talsrcimg_g11.4dfp.img
       256       256       256         1
  1.000000  1.000000  1.000000
orientation T byte_order littleendian
Reading image: talsrcimg_g11.4dfp.img
dimensions:      256       256       256
mmppix:       1.0000   -1.0000   -1.0000
center:     128.0000 -129.0000 -129.0000
rotation matrix determinant  1.000000
fimgreg.f
image alignment mode   1283 decimal      503 hex
parameters
   -7.5000    0.0000   15.0000    0.0000    0.0000    0.0000
eta,q 0.93209 12.58472
niter,ni,del,rscale     5    3   12.0000    1.2000
parameter  1 -4.708110 -> -0.500000 qaram    1.1500
parameter  2  1.578098 ->  0.500000 qaram    1.1500
parameter  4  0.873447 ->  0.500000 qaram    1.1500
parameter  5  1.574415 ->  0.500000 qaram    1.1500
parameters
   -4.0500   -3.4500   17.9572   -3.4500   -3.4500   -1.3420
eta,q 0.94659 12.61561
  0.0767  0.0627  0.0705  0.0576  0.0524  0.0561
  0.0768  0.0627  0.0683  0.0588  0.0534  0.0541
  0.0757  0.0648  0.0658  0.0597  0.0554  0.0534
  0.0716  0.0677  0.0629  0.0607  0.0591  0.0538
  0.0682  0.0731  0.0608  0.0632  0.0644  0.0551
  0.0674  0.0793  0.0613  0.0675  0.0695  0.0569
  0.0680  0.0801  0.0637  0.0721  0.0733  0.0588
niter,ni,del,rscale     7    3   12.0000    1.2000
parameter  4  0.730525 ->  0.500000 qaram    1.3225
parameter  5  0.620922 ->  0.500000 qaram    1.3225
parameters
   -2.9857   -2.9845   18.0014   -7.4175   -7.4175   -3.4293
eta,q 0.95393 12.75362
  0.0736  0.0707  0.0606  0.0517  0.0486  0.0481
  0.0678  0.0615  0.0565  0.0505  0.0468  0.0465
  0.0586  0.0547  0.0542  0.0507  0.0471  0.0461
  0.0534  0.0533  0.0535  0.0535  0.0503  0.0466
  0.0549  0.0552  0.0530  0.0566  0.0546  0.0483
  0.0602  0.0589  0.0555  0.0599  0.0609  0.0504
  0.0654  0.0660  0.0613  0.0640  0.0676  0.0529
niter,ni,del,rscale     7    3   12.0000    1.2000
parameters
   -2.2374   -2.5018   17.2047   -9.0710   -8.5425   -3.3293
eta,q 0.95478 12.80349
  0.0708  0.0646  0.0547  0.0510  0.0540  0.0491
  0.0615  0.0552  0.0493  0.0480  0.0492  0.0468
  0.0520  0.0489  0.0461  0.0458  0.0458  0.0455
  0.0461  0.0460  0.0460  0.0459  0.0456  0.0452
  0.0483  0.0474  0.0477  0.0481  0.0492  0.0457
  0.0551  0.0525  0.0536  0.0526  0.0541  0.0468
  0.0630  0.0600  0.0615  0.0585  0.0587  0.0487
niter,ni,del,rscale     6    3   12.0000    1.2000
parameters
   -2.1006   -2.0853   16.2133  -10.3283   -8.9146   -3.1949
eta,q 0.95529 12.82037
  0.0678  0.0626  0.0525  0.0508  0.0548  0.0483
  0.0581  0.0538  0.0478  0.0480  0.0496  0.0459
  0.0493  0.0478  0.0450  0.0453  0.0461  0.0449
  0.0452  0.0453  0.0454  0.0449  0.0447  0.0447
  0.0493  0.0472  0.0478  0.0467  0.0469  0.0449
  0.0579  0.0518  0.0524  0.0512  0.0517  0.0459
  0.0654  0.0585  0.0594  0.0569  0.0561  0.0478
niter,ni,del,rscale     5    3   12.0000    1.2000
parameters
   -2.1093   -1.5681   15.6482  -11.4166   -9.0795   -3.3294
eta,q 0.95522 12.80640
  0.0663  0.0615  0.0538  0.0506  0.0548  0.0480
  0.0564  0.0531  0.0486  0.0479  0.0500  0.0459
  0.0482  0.0471  0.0455  0.0457  0.0463  0.0450
  0.0447  0.0447  0.0449  0.0447  0.0448  0.0448
  0.0493  0.0468  0.0475  0.0464  0.0464  0.0450
  0.0579  0.0507  0.0515  0.0501  0.0507  0.0462
  0.0651  0.0567  0.0571  0.0560  0.0557  0.0483
niter,ni,del,rscale     4    3   12.0000    1.2000
parameters
   -2.0976   -1.0559   15.3165  -12.4616   -9.0156   -3.7633
eta,q 0.95485 12.78506
  0.0658  0.0601  0.0546  0.0500  0.0552  0.0482
  0.0561  0.0528  0.0493  0.0478  0.0505  0.0460
  0.0483  0.0468  0.0461  0.0460  0.0467  0.0451
  0.0448  0.0448  0.0449  0.0450  0.0451  0.0451
  0.0488  0.0467  0.0472  0.0464  0.0463  0.0455
  0.0574  0.0502  0.0511  0.0495  0.0499  0.0468
  0.0646  0.0559  0.0565  0.0545  0.0552  0.0491
niter,ni,del,rscale     3    3   12.0000    1.2000
parameters
   -2.1815   -0.5418   14.9980  -13.6487   -8.6336   -4.2687
eta,q 0.95495 12.77242
  0.0652  0.0594  0.0544  0.0496  0.0561  0.0487
  0.0559  0.0524  0.0493  0.0474  0.0514  0.0460
  0.0484  0.0469  0.0464  0.0458  0.0471  0.0448
  0.0451  0.0451  0.0452  0.0452  0.0452  0.0452
  0.0491  0.0467  0.0472  0.0468  0.0463  0.0461
  0.0578  0.0500  0.0507  0.0495  0.0497  0.0473
  0.0651  0.0554  0.0564  0.0535  0.0546  0.0495
niter,ni,del,rscale     2    3   12.0000    1.2000
parameters
   -2.3966    0.0108   14.7018  -14.8870   -8.2924   -4.3248
eta,q 0.95477 12.77319
  0.0646  0.0587  0.0543  0.0496  0.0569  0.0498
  0.0563  0.0521  0.0494  0.0471  0.0519  0.0469
  0.0484  0.0471  0.0462  0.0458  0.0472  0.0451
  0.0450  0.0450  0.0451  0.0451  0.0453  0.0453
  0.0493  0.0469  0.0470  0.0470  0.0469  0.0464
  0.0586  0.0499  0.0504  0.0496  0.0505  0.0475
  0.0665  0.0547  0.0563  0.0531  0.0551  0.0492
niter,ni,del,rscale     1    3   12.0000    1.2000
parameters
   -2.5169    0.5510   14.2534  -15.8530   -8.1832   -4.0309
eta,q 0.95428 12.77575
  0.0652  0.0582  0.0539  0.0502  0.0569  0.0501
  0.0579  0.0523  0.0494  0.0472  0.0514  0.0476
  0.0498  0.0470  0.0465  0.0456  0.0467  0.0457
  0.0452  0.0453  0.0455  0.0455  0.0456  0.0456
  0.0488  0.0473  0.0474  0.0465  0.0476  0.0466
  0.0584  0.0498  0.0510  0.0496  0.0512  0.0474
  0.0673  0.0545  0.0571  0.0529  0.0557  0.0488
registration optimization eta report
parameter search radius
    6.9000    6.9000    6.0000    7.9350    7.9350    6.0000
100000*second partial in parameter space
       42.       22.       27.       10.       17.       10.
  0.0652  0.0582  0.0539  0.0502  0.0569  0.0501
  0.0579  0.0523  0.0494  0.0472  0.0514  0.0476
  0.0498  0.0470  0.0465  0.0456  0.0467  0.0457
  0.0452  0.0453  0.0455  0.0455  0.0456  0.0456
  0.0488  0.0473  0.0474  0.0465  0.0476  0.0466
  0.0584  0.0498  0.0510  0.0496  0.0512  0.0474
  0.0673  0.0545  0.0571  0.0529  0.0557  0.0488
   -2.5169    0.5510   14.2534  -15.8530   -8.1832   -4.0309
eta,q 0.95428 12.77575

---------------------------------------------------------------------
imgreg_4dfp /opt/freesurfer/average/711-2C_as_mni_average_305 /opt/freesurfer/average/711-2B_as_mni_average_305_mask talsrcimg_g11 none talsrcimg_to_711-2C_as_mni_average_305_t4 3335
---------------------------------------------------------------------

freesurfer imgreg_4dfp.c
/opt/freesurfer/average/711-2C_as_mni_average_305.4dfp.img
       256       256       256         1
  1.000000  1.000000  1.000000
orientation T byte_order littleendian
Reading image: /opt/freesurfer/average/711-2C_as_mni_average_305.4dfp.img
dimensions:      256       256       256
mmppix:       1.0000   -1.0000   -1.0000
center:     128.0000 -129.0000 -129.0000
/opt/freesurfer/average/711-2B_as_mni_average_305_mask.4dfp.img
       256       256       256         1
  1.000000  1.000000  1.000000
orientation T byte_order littleendian
Reading mask: /opt/freesurfer/average/711-2B_as_mni_average_305_mask.4dfp.img (2306576 pixels)
talsrcimg_g11.4dfp.img
       256       256       256         1
  1.000000  1.000000  1.000000
orientation T byte_order littleendian
Reading image: talsrcimg_g11.4dfp.img
dimensions:      256       256       256
mmppix:       1.0000   -1.0000   -1.0000
center:     128.0000 -129.0000 -129.0000
fimgreg.f
image alignment mode   3335 decimal      D07 hex
parameters
   -2.5169    0.5510   14.2534   -1.2630   -3.7681   -4.7829
    2.8835   15.5788   -6.9579   26.2869  -14.2338  -27.0388
eta,q 0.95412 12.89484
niter,ni,del,rscale     5    3    5.0000    1.2000
parameter  4  0.983280 ->  0.500000 qaram    1.1500
parameter  5  2.558575 ->  0.500000 qaram    1.1500
parameter  6  0.846010 ->  0.500000 qaram    1.1500
parameter  9 -0.522463 -> -0.500000 qaram    1.1500
parameter 10  0.556026 ->  0.500000 qaram    1.1500
parameters
   -2.1486    0.1552   13.9373   -5.4030   -7.9081   -8.9229
    2.1019   15.4298   -2.8179   22.1469  -13.7953  -24.2842
eta,q 0.96949 12.66968
  0.0502  0.0473  0.0472  0.0417  0.0319  0.0321  0.0342  0.0360  0.0357  0.0313  0.0321  0.0333
  0.0482  0.0462  0.0463  0.0419  0.0343  0.0322  0.0330  0.0342  0.0342  0.0307  0.0313  0.0321
  0.0467  0.0457  0.0457  0.0431  0.0378  0.0331  0.0324  0.0328  0.0331  0.0308  0.0308  0.0312
  0.0459  0.0458  0.0457  0.0456  0.0421  0.0352  0.0323  0.0323  0.0323  0.0318  0.0307  0.0307
  0.0459  0.0464  0.0461  0.0495  0.0470  0.0388  0.0328  0.0327  0.0319  0.0336  0.0308  0.0305
  0.0467  0.0473  0.0470  0.0540  0.0522  0.0432  0.0338  0.0342  0.0318  0.0363  0.0312  0.0307
  0.0483  0.0485  0.0482  0.0586  0.0574  0.0481  0.0352  0.0365  0.0322  0.0400  0.0317  0.0310
niter,ni,del,rscale     7    3    5.0000    1.2000
parameter  2 -1.009812 -> -0.500000 qaram    1.1500
parameter  3 -0.604809 -> -0.500000 qaram    1.1500
parameter  5  1.019139 ->  0.500000 qaram    1.3225
parameters
   -2.0297    1.5352   15.3173   -7.7756  -12.6691  -11.1939
    1.0570   15.3414   -2.8407   21.2991  -14.3005  -26.5103
eta,q 0.97610 12.27444
  0.0336  0.0369  0.0321  0.0296  0.0233  0.0256  0.0256  0.0270  0.0263  0.0271  0.0247  0.0245
  0.0320  0.0343  0.0306  0.0289  0.0239  0.0246  0.0246  0.0254  0.0251  0.0254  0.0243  0.0240
  0.0309  0.0322  0.0295  0.0282  0.0254  0.0241  0.0241  0.0243  0.0243  0.0244  0.0241  0.0239
  0.0305  0.0305  0.0287  0.0281  0.0282  0.0242  0.0241  0.0240  0.0240  0.0240  0.0240  0.0240
  0.0307  0.0293  0.0282  0.0290  0.0322  0.0248  0.0245  0.0245  0.0243  0.0246  0.0242  0.0245
  0.0316  0.0285  0.0281  0.0316  0.0372  0.0271  0.0255  0.0255  0.0251  0.0262  0.0245  0.0251
  0.0331  0.0284  0.0283  0.0365  0.0427  0.0309  0.0269  0.0272  0.0264  0.0290  0.0249  0.0260
niter,ni,del,rscale     7    3    5.0000    1.2000
parameter  2 -0.664890 -> -0.500000 qaram    1.3225
parameters
   -1.6237    3.1222   16.1237   -8.0326  -17.1325  -10.8824
    0.4049   15.6042   -3.0216   23.0028  -14.5758  -28.8896
eta,q 0.97932 12.12011
  0.0274  0.0310  0.0254  0.0246  0.0227  0.0244  0.0231  0.0246  0.0232  0.0263  0.0216  0.0213
  0.0257  0.0281  0.0242  0.0236  0.0214  0.0230  0.0219  0.0229  0.0221  0.0240  0.0212  0.0208
  0.0245  0.0256  0.0231  0.0228  0.0212  0.0218  0.0212  0.0216  0.0213  0.0222  0.0209  0.0207
  0.0239  0.0238  0.0224  0.0222  0.0223  0.0212  0.0211  0.0211  0.0211  0.0211  0.0208  0.0208
  0.0239  0.0227  0.0222  0.0223  0.0249  0.0215  0.0216  0.0215  0.0214  0.0208  0.0210  0.0213
  0.0245  0.0224  0.0225  0.0232  0.0294  0.0225  0.0226  0.0226  0.0222  0.0215  0.0213  0.0220
  0.0257  0.0229  0.0233  0.0257  0.0347  0.0242  0.0239  0.0241  0.0234  0.0236  0.0218  0.0230
niter,ni,del,rscale     7    3    5.0000    1.2000
parameters
   -1.4359    3.6608   15.9778   -7.3740  -18.3632  -10.3174
    0.0038   15.7320   -2.9840   23.8146  -14.9707  -30.1701
eta,q 0.97964 12.14433
  0.0241  0.0263  0.0224  0.0233  0.0244  0.0242  0.0226  0.0239  0.0226  0.0252  0.0211  0.0212
  0.0224  0.0235  0.0214  0.0222  0.0224  0.0225  0.0214  0.0222  0.0214  0.0229  0.0207  0.0207
  0.0212  0.0216  0.0208  0.0213  0.0209  0.0212  0.0207  0.0209  0.0207  0.0213  0.0205  0.0204
  0.0207  0.0207  0.0206  0.0206  0.0205  0.0205  0.0205  0.0205  0.0205  0.0205  0.0204  0.0204
  0.0209  0.0207  0.0208  0.0204  0.0213  0.0208  0.0209  0.0209  0.0207  0.0205  0.0205  0.0207
  0.0217  0.0217  0.0216  0.0211  0.0238  0.0217  0.0218  0.0220  0.0215  0.0215  0.0208  0.0213
  0.0232  0.0234  0.0230  0.0230  0.0281  0.0235  0.0231  0.0237  0.0226  0.0239  0.0213  0.0222
niter,ni,del,rscale     6    3    5.0000    1.2000
parameters
   -1.4381    3.6561   15.7328   -7.2048  -18.8240  -10.0919
   -0.1492   15.7782   -2.9468   24.2803  -15.3020  -30.9003
eta,q 0.97965 12.16488
  0.0233  0.0245  0.0220  0.0230  0.0249  0.0238  0.0227  0.0237  0.0225  0.0247  0.0210  0.0214
  0.0217  0.0221  0.0211  0.0219  0.0228  0.0222  0.0214  0.0220  0.0213  0.0225  0.0206  0.0207
  0.0207  0.0207  0.0206  0.0210  0.0211  0.0209  0.0206  0.0208  0.0206  0.0211  0.0204  0.0204
  0.0204  0.0204  0.0204  0.0204  0.0203  0.0204  0.0204  0.0204  0.0204  0.0204  0.0203  0.0203
  0.0207  0.0209  0.0206  0.0203  0.0207  0.0206  0.0207  0.0208  0.0206  0.0205  0.0204  0.0206
  0.0217  0.0223  0.0215  0.0212  0.0228  0.0216  0.0216  0.0218  0.0214  0.0216  0.0207  0.0211
  0.0233  0.0243  0.0229  0.0234  0.0268  0.0237  0.0228  0.0237  0.0224  0.0241  0.0212  0.0219
niter,ni,del,rscale     5    3    5.0000    1.2000
parameters
   -1.4470    3.6441   15.5499   -7.0685  -19.0270  -10.0349
   -0.2097   15.8011   -2.8853   24.5520  -15.5219  -31.2890
eta,q 0.97965 12.17961
  0.0233  0.0244  0.0220  0.0230  0.0251  0.0236  0.0227  0.0236  0.0225  0.0245  0.0210  0.0215
  0.0217  0.0221  0.0211  0.0219  0.0230  0.0220  0.0214  0.0219  0.0213  0.0223  0.0206  0.0207
  0.0207  0.0207  0.0206  0.0210  0.0213  0.0208  0.0206  0.0207  0.0206  0.0210  0.0204  0.0204
  0.0204  0.0203  0.0203  0.0204  0.0203  0.0204  0.0204  0.0204  0.0204  0.0204  0.0203  0.0203
  0.0207  0.0209  0.0205  0.0203  0.0206  0.0205  0.0207  0.0208  0.0206  0.0205  0.0204  0.0205
  0.0217  0.0223  0.0213  0.0212  0.0225  0.0215  0.0215  0.0218  0.0213  0.0217  0.0206  0.0210
  0.0233  0.0243  0.0227  0.0235  0.0264  0.0239  0.0227  0.0236  0.0224  0.0242  0.0210  0.0217
niter,ni,del,rscale     4    3    5.0000    1.2000
parameters
   -1.4567    3.6397   15.4340   -6.9907  -19.1259  -10.0338
   -0.2474   15.8165   -2.8314   24.7091  -15.6227  -31.5084
eta,q 0.97965 12.18784
  0.0232  0.0244  0.0220  0.0230  0.0252  0.0235  0.0227  0.0236  0.0225  0.0243  0.0210  0.0215
  0.0217  0.0221  0.0211  0.0219  0.0231  0.0219  0.0214  0.0218  0.0213  0.0222  0.0206  0.0208
  0.0207  0.0207  0.0206  0.0210  0.0213  0.0207  0.0206  0.0207  0.0206  0.0209  0.0204  0.0204
  0.0203  0.0204  0.0203  0.0204  0.0204  0.0204  0.0204  0.0204  0.0204  0.0204  0.0204  0.0204
  0.0207  0.0209  0.0205  0.0203  0.0205  0.0204  0.0207  0.0208  0.0206  0.0206  0.0204  0.0205
  0.0217  0.0222  0.0212  0.0212  0.0224  0.0215  0.0215  0.0218  0.0213  0.0217  0.0206  0.0209
  0.0233  0.0242  0.0225  0.0236  0.0262  0.0240  0.0227  0.0236  0.0224  0.0243  0.0210  0.0217
niter,ni,del,rscale     3    3    5.0000    1.2000
parameters
   -1.4663    3.6384   15.3691   -6.9468  -19.1745  -10.0377
   -0.2695   15.8222   -2.7979   24.7938  -15.6971  -31.6166
eta,q 0.97964 12.19250
  0.0232  0.0244  0.0220  0.0230  0.0252  0.0235  0.0227  0.0236  0.0225  0.0243  0.0210  0.0216
  0.0217  0.0220  0.0212  0.0220  0.0231  0.0219  0.0214  0.0218  0.0213  0.0221  0.0206  0.0208
  0.0207  0.0207  0.0206  0.0210  0.0213  0.0207  0.0206  0.0207  0.0206  0.0209  0.0204  0.0204
  0.0204  0.0203  0.0203  0.0204  0.0204  0.0204  0.0204  0.0204  0.0204  0.0204  0.0204  0.0204
  0.0207  0.0209  0.0205  0.0203  0.0205  0.0203  0.0207  0.0208  0.0206  0.0206  0.0204  0.0205
  0.0217  0.0222  0.0211  0.0212  0.0223  0.0215  0.0215  0.0218  0.0213  0.0218  0.0206  0.0209
  0.0233  0.0242  0.0223  0.0237  0.0261  0.0240  0.0227  0.0236  0.0224  0.0244  0.0210  0.0216
niter,ni,del,rscale     2    3    5.0000    1.2000
parameters
   -1.4689    3.6384   15.3373   -6.9272  -19.2011  -10.0425
   -0.2808   15.8297   -2.7779   24.8351  -15.7266  -31.6719
eta,q 0.97964 12.19448
  0.0233  0.0243  0.0220  0.0230  0.0252  0.0235  0.0227  0.0236  0.0225  0.0242  0.0210  0.0216
  0.0217  0.0220  0.0212  0.0220  0.0231  0.0219  0.0215  0.0218  0.0213  0.0221  0.0206  0.0208
  0.0207  0.0207  0.0206  0.0210  0.0214  0.0207  0.0206  0.0207  0.0206  0.0209  0.0204  0.0204
  0.0204  0.0204  0.0204  0.0204  0.0204  0.0204  0.0204  0.0204  0.0204  0.0204  0.0204  0.0204
  0.0207  0.0209  0.0205  0.0203  0.0205  0.0203  0.0207  0.0208  0.0206  0.0206  0.0204  0.0205
  0.0217  0.0222  0.0211  0.0212  0.0223  0.0214  0.0215  0.0218  0.0213  0.0218  0.0206  0.0209
  0.0233  0.0242  0.0223  0.0237  0.0261  0.0240  0.0227  0.0236  0.0224  0.0244  0.0210  0.0216
niter,ni,del,rscale     1    3    5.0000    1.2000
parameters
   -1.4723    3.6390   15.3191   -6.9157  -19.2147  -10.0456
   -0.2913   15.8280   -2.7679   24.8625  -15.7342  -31.7051
eta,q 0.97963 12.19561
  0.0232  0.0243  0.0220  0.0230  0.0252  0.0235  0.0227  0.0236  0.0225  0.0242  0.0210  0.0216
  0.0217  0.0220  0.0212  0.0220  0.0231  0.0219  0.0215  0.0218  0.0213  0.0221  0.0206  0.0208
  0.0207  0.0207  0.0206  0.0210  0.0214  0.0207  0.0206  0.0207  0.0206  0.0209  0.0204  0.0204
  0.0204  0.0204  0.0204  0.0204  0.0204  0.0204  0.0204  0.0204  0.0204  0.0204  0.0204  0.0204
  0.0207  0.0209  0.0205  0.0203  0.0205  0.0203  0.0207  0.0208  0.0206  0.0206  0.0204  0.0205
  0.0217  0.0222  0.0210  0.0213  0.0223  0.0214  0.0215  0.0218  0.0213  0.0218  0.0206  0.0209
  0.0233  0.0242  0.0222  0.0237  0.0261  0.0240  0.0227  0.0236  0.0224  0.0244  0.0209  0.0216
registration optimization eta report
parameter search radius
    2.4000    3.1740    2.7600    8.2800    9.5220    8.2800
    7.2000    7.2000    8.2800    8.2800    7.2000    7.2000
100000*second partial in parameter space
       51.       39.       23.        4.        6.        5.
        5.        6.        3.        6.        1.        2.
  0.0232  0.0243  0.0220  0.0230  0.0252  0.0235  0.0227  0.0236  0.0225  0.0242  0.0210  0.0216
  0.0217  0.0220  0.0212  0.0220  0.0231  0.0219  0.0215  0.0218  0.0213  0.0221  0.0206  0.0208
  0.0207  0.0207  0.0206  0.0210  0.0214  0.0207  0.0206  0.0207  0.0206  0.0209  0.0204  0.0204
  0.0204  0.0204  0.0204  0.0204  0.0204  0.0204  0.0204  0.0204  0.0204  0.0204  0.0204  0.0204
  0.0207  0.0209  0.0205  0.0203  0.0205  0.0203  0.0207  0.0208  0.0206  0.0206  0.0204  0.0205
  0.0217  0.0222  0.0210  0.0213  0.0223  0.0214  0.0215  0.0218  0.0213  0.0218  0.0206  0.0209
  0.0233  0.0242  0.0222  0.0237  0.0261  0.0240  0.0227  0.0236  0.0224  0.0244  0.0209  0.0216
   -1.4723    3.6390   15.3191   -6.9157  -19.2147  -10.0456
   -0.2913   15.8280   -2.7679   24.8625  -15.7342  -31.7051
eta,q 0.97963 12.19561

---------------------------------------------------------------------
imgreg_4dfp /opt/freesurfer/average/711-2C_as_mni_average_305 /opt/freesurfer/average/711-2B_as_mni_average_305_mask talsrcimg_g11 none talsrcimg_to_711-2C_as_mni_average_305_t4 2311
---------------------------------------------------------------------

freesurfer imgreg_4dfp.c
/opt/freesurfer/average/711-2C_as_mni_average_305.4dfp.img
       256       256       256         1
  1.000000  1.000000  1.000000
orientation T byte_order littleendian
Reading image: /opt/freesurfer/average/711-2C_as_mni_average_305.4dfp.img
dimensions:      256       256       256
mmppix:       1.0000   -1.0000   -1.0000
center:     128.0000 -129.0000 -129.0000
/opt/freesurfer/average/711-2B_as_mni_average_305_mask.4dfp.img
       256       256       256         1
  1.000000  1.000000  1.000000
orientation T byte_order littleendian
Reading mask: /opt/freesurfer/average/711-2B_as_mni_average_305_mask.4dfp.img (2306576 pixels)
talsrcimg_g11.4dfp.img
       256       256       256         1
  1.000000  1.000000  1.000000
orientation T byte_order littleendian
Reading image: talsrcimg_g11.4dfp.img
dimensions:      256       256       256
mmppix:       1.0000   -1.0000   -1.0000
center:     128.0000 -129.0000 -129.0000
fimgreg.f
image alignment mode   2311 decimal      907 hex
parameters
   -1.4723    3.6390   15.3191   -6.9157  -19.2147  -10.0456
   -0.2913   15.8280   -2.7679   24.8625  -15.7342  -31.7051
eta,q 0.97963 12.19561
niter,ni,del,rscale     5    3    5.0000    0.8000
parameters
   -1.4529    3.5511   15.4518   -5.8233  -18.2908   -9.1860
   -0.1281   15.9277   -2.8762   25.0359  -15.4722  -31.3568
eta,q 0.97989 12.31020
  0.0217  0.0213  0.0210  0.0217  0.0221  0.0215  0.0213  0.0217  0.0209  0.0215  0.0205  0.0208
  0.0210  0.0207  0.0207  0.0211  0.0212  0.0208  0.0207  0.0208  0.0205  0.0208  0.0202  0.0204
  0.0205  0.0204  0.0205  0.0207  0.0206  0.0204  0.0203  0.0202  0.0202  0.0203  0.0201  0.0202
  0.0204  0.0204  0.0204  0.0203  0.0203  0.0202  0.0201  0.0201  0.0201  0.0201  0.0201  0.0201
  0.0205  0.0205  0.0204  0.0203  0.0202  0.0201  0.0202  0.0203  0.0202  0.0202  0.0201  0.0202
  0.0209  0.0209  0.0205  0.0204  0.0205  0.0201  0.0206  0.0207  0.0205  0.0206  0.0202  0.0203
  0.0217  0.0215  0.0208  0.0209  0.0211  0.0209  0.0212  0.0215  0.0210  0.0214  0.0204  0.0206
niter,ni,del,rscale     4    3    5.0000    0.7000
parameters
   -1.5405    3.4747   15.0390   -5.3983  -18.1943   -9.0290
   -0.0888   16.0205   -2.7752   25.3825  -15.4320  -32.0432
eta,q 0.98003 12.35848
  0.0210  0.0209  0.0203  0.0211  0.0212  0.0208  0.0209  0.0213  0.0207  0.0212  0.0203  0.0203
  0.0205  0.0204  0.0201  0.0207  0.0206  0.0204  0.0204  0.0205  0.0203  0.0206  0.0201  0.0201
  0.0202  0.0202  0.0201  0.0203  0.0202  0.0202  0.0201  0.0201  0.0201  0.0202  0.0200  0.0200
  0.0201  0.0201  0.0201  0.0201  0.0200  0.0200  0.0200  0.0200  0.0200  0.0200  0.0200  0.0200
  0.0203  0.0202  0.0202  0.0201  0.0201  0.0199  0.0201  0.0201  0.0201  0.0200  0.0200  0.0201
  0.0207  0.0206  0.0205  0.0203  0.0205  0.0201  0.0204  0.0205  0.0203  0.0203  0.0201  0.0203
  0.0213  0.0210  0.0209  0.0209  0.0212  0.0209  0.0209  0.0212  0.0206  0.0209  0.0202  0.0206
niter,ni,del,rscale     3    3    5.0000    0.6000
parameters
   -1.6292    3.4443   14.7108   -5.0737  -18.2759   -8.5040
   -0.2621   16.1732   -2.7757   25.7584  -15.2928  -32.7027
eta,q 0.98025 12.40163
  0.0206  0.0206  0.0201  0.0208  0.0208  0.0206  0.0204  0.0209  0.0203  0.0209  0.0201  0.0201
  0.0202  0.0202  0.0200  0.0204  0.0203  0.0204  0.0201  0.0203  0.0200  0.0203  0.0199  0.0198
  0.0200  0.0200  0.0199  0.0201  0.0200  0.0202  0.0199  0.0200  0.0199  0.0200  0.0198  0.0197
  0.0200  0.0200  0.0200  0.0199  0.0199  0.0199  0.0198  0.0198  0.0198  0.0198  0.0198  0.0198
  0.0201  0.0200  0.0201  0.0199  0.0200  0.0197  0.0199  0.0199  0.0199  0.0198  0.0198  0.0199
  0.0204  0.0203  0.0202  0.0201  0.0203  0.0198  0.0202  0.0202  0.0200  0.0200  0.0199  0.0201
  0.0209  0.0206  0.0205  0.0206  0.0209  0.0205  0.0206  0.0208  0.0203  0.0206  0.0201  0.0203
niter,ni,del,rscale     2    3    5.0000    0.5000
parameters
   -1.7302    3.3859   14.5081   -4.9256  -18.4366   -8.2220
   -0.3963   16.2376   -2.7558   26.0004  -15.1790  -33.1057
eta,q 0.98036 12.41848
  0.0202  0.0202  0.0199  0.0204  0.0203  0.0205  0.0201  0.0205  0.0201  0.0205  0.0200  0.0199
  0.0199  0.0199  0.0198  0.0201  0.0200  0.0202  0.0199  0.0201  0.0198  0.0201  0.0198  0.0197
  0.0198  0.0198  0.0197  0.0198  0.0198  0.0200  0.0197  0.0198  0.0197  0.0198  0.0197  0.0196
  0.0198  0.0197  0.0197  0.0197  0.0197  0.0197  0.0197  0.0197  0.0197  0.0197  0.0197  0.0197
  0.0199  0.0198  0.0198  0.0197  0.0198  0.0196  0.0197  0.0197  0.0197  0.0197  0.0197  0.0197
  0.0201  0.0200  0.0200  0.0199  0.0201  0.0198  0.0199  0.0200  0.0198  0.0199  0.0198  0.0199
  0.0205  0.0203  0.0202  0.0203  0.0206  0.0204  0.0202  0.0205  0.0200  0.0203  0.0199  0.0201
niter,ni,del,rscale     1    3    5.0000    0.4000
parameters
   -1.7735    3.3703   14.4604   -4.8692  -18.5347   -7.9957
   -0.4635   16.2537   -2.7714   26.1271  -15.1228  -33.3374
eta,q 0.98041 12.42581
  0.0200  0.0199  0.0199  0.0201  0.0201  0.0203  0.0199  0.0202  0.0199  0.0202  0.0198  0.0198
  0.0198  0.0198  0.0197  0.0199  0.0198  0.0201  0.0197  0.0199  0.0197  0.0199  0.0197  0.0197
  0.0197  0.0197  0.0197  0.0197  0.0197  0.0198  0.0196  0.0197  0.0196  0.0197  0.0196  0.0196
  0.0196  0.0196  0.0196  0.0196  0.0196  0.0196  0.0196  0.0196  0.0196  0.0196  0.0196  0.0196
  0.0197  0.0197  0.0197  0.0197  0.0197  0.0196  0.0196  0.0197  0.0196  0.0196  0.0196  0.0197
  0.0198  0.0198  0.0198  0.0198  0.0199  0.0198  0.0198  0.0199  0.0197  0.0198  0.0197  0.0198
  0.0201  0.0200  0.0199  0.0201  0.0202  0.0202  0.0200  0.0202  0.0199  0.0201  0.0198  0.0199
registration optimization eta report
parameter search radius
    0.8000    0.8000    0.8000    2.4000    2.4000    2.4000
    2.4000    2.4000    2.4000    2.4000    2.4000    2.4000
100000*second partial in parameter space
       61.       51.       38.        8.        9.       10.
        6.       10.        4.        9.        3.        5.
  0.0200  0.0199  0.0199  0.0201  0.0201  0.0203  0.0199  0.0202  0.0199  0.0202  0.0198  0.0198
  0.0198  0.0198  0.0197  0.0199  0.0198  0.0201  0.0197  0.0199  0.0197  0.0199  0.0197  0.0197
  0.0197  0.0197  0.0197  0.0197  0.0197  0.0198  0.0196  0.0197  0.0196  0.0197  0.0196  0.0196
  0.0196  0.0196  0.0196  0.0196  0.0196  0.0196  0.0196  0.0196  0.0196  0.0196  0.0196  0.0196
  0.0197  0.0197  0.0197  0.0197  0.0197  0.0196  0.0196  0.0197  0.0196  0.0196  0.0196  0.0197
  0.0198  0.0198  0.0198  0.0198  0.0199  0.0198  0.0198  0.0199  0.0197  0.0198  0.0197  0.0198
  0.0201  0.0200  0.0199  0.0201  0.0202  0.0202  0.0200  0.0202  0.0199  0.0201  0.0198  0.0199
   -1.7735    3.3703   14.4604   -4.8692  -18.5347   -7.9957
   -0.4635   16.2537   -2.7714   26.1271  -15.1228  -33.3374
eta,q 0.98041 12.42581

---------------------------------------------------------------------
imgreg_4dfp /opt/freesurfer/average/711-2C_as_mni_average_305 /opt/freesurfer/average/711-2B_as_mni_average_305_mask talsrcimg_g11 none talsrcimg_to_711-2C_as_mni_average_305_t4 2311
---------------------------------------------------------------------

freesurfer imgreg_4dfp.c
/opt/freesurfer/average/711-2C_as_mni_average_305.4dfp.img
       256       256       256         1
  1.000000  1.000000  1.000000
orientation T byte_order littleendian
Reading image: /opt/freesurfer/average/711-2C_as_mni_average_305.4dfp.img
dimensions:      256       256       256
mmppix:       1.0000   -1.0000   -1.0000
center:     128.0000 -129.0000 -129.0000
/opt/freesurfer/average/711-2B_as_mni_average_305_mask.4dfp.img
       256       256       256         1
  1.000000  1.000000  1.000000
orientation T byte_order littleendian
Reading mask: /opt/freesurfer/average/711-2B_as_mni_average_305_mask.4dfp.img (2306576 pixels)
talsrcimg_g11.4dfp.img
       256       256       256         1
  1.000000  1.000000  1.000000
orientation T byte_order littleendian
Reading image: talsrcimg_g11.4dfp.img
dimensions:      256       256       256
mmppix:       1.0000   -1.0000   -1.0000
center:     128.0000 -129.0000 -129.0000
fimgreg.f
image alignment mode   2311 decimal      907 hex
parameters
   -1.7735    3.3703   14.4604   -4.8692  -18.5347   -7.9957
   -0.4635   16.2537   -2.7714   26.1271  -15.1228  -33.3374
eta,q 0.98041 12.42582
niter,ni,del,rscale     5    3    5.0000    0.8000
parameters
   -1.7823    3.3585   14.4705   -5.3880  -18.9077   -8.8138
   -0.3785   16.0856   -2.6777   26.0358  -15.1672  -33.0425
eta,q 0.98017 12.37283
  0.0212  0.0209  0.0207  0.0209  0.0211  0.0209  0.0211  0.0215  0.0207  0.0213  0.0203  0.0208
  0.0203  0.0202  0.0201  0.0203  0.0204  0.0205  0.0204  0.0206  0.0202  0.0205  0.0200  0.0202
  0.0198  0.0197  0.0197  0.0198  0.0198  0.0201  0.0200  0.0200  0.0199  0.0200  0.0199  0.0199
  0.0196  0.0196  0.0196  0.0196  0.0196  0.0196  0.0198  0.0198  0.0198  0.0198  0.0198  0.0198
  0.0198  0.0197  0.0197  0.0198  0.0198  0.0198  0.0199  0.0200  0.0199  0.0199  0.0199  0.0199
  0.0203  0.0202  0.0201  0.0205  0.0206  0.0210  0.0203  0.0207  0.0202  0.0205  0.0201  0.0202
  0.0212  0.0209  0.0206  0.0220  0.0219  0.0230  0.0210  0.0219  0.0207  0.0216  0.0203  0.0205
niter,ni,del,rscale     4    3    5.0000    0.7000
parameters
   -1.7265    3.4077   14.4919   -5.0234  -18.6452   -8.7915
   -0.3859   16.1368   -2.7043   26.0267  -15.1904  -32.9856
eta,q 0.98023 12.39330
  0.0210  0.0208  0.0204  0.0211  0.0212  0.0208  0.0207  0.0213  0.0205  0.0210  0.0202  0.0205
  0.0204  0.0203  0.0201  0.0205  0.0205  0.0205  0.0202  0.0205  0.0201  0.0204  0.0200  0.0200
  0.0200  0.0200  0.0199  0.0201  0.0201  0.0202  0.0199  0.0200  0.0198  0.0200  0.0198  0.0198
  0.0198  0.0198  0.0198  0.0198  0.0198  0.0198  0.0198  0.0198  0.0198  0.0198  0.0198  0.0198
  0.0199  0.0199  0.0199  0.0198  0.0198  0.0196  0.0199  0.0199  0.0199  0.0198  0.0198  0.0199
  0.0203  0.0202  0.0201  0.0201  0.0202  0.0201  0.0202  0.0204  0.0201  0.0203  0.0200  0.0201
  0.0209  0.0207  0.0204  0.0208  0.0210  0.0213  0.0207  0.0213  0.0205  0.0211  0.0202  0.0203
niter,ni,del,rscale     3    3    5.0000    0.6000
parameters
   -1.7576    3.4073   14.4509   -4.9160  -18.5589   -8.4984
   -0.4181   16.1827   -2.7213   26.0748  -15.1495  -33.1194
eta,q 0.98031 12.40996
  0.0206  0.0204  0.0202  0.0207  0.0208  0.0207  0.0204  0.0209  0.0202  0.0207  0.0201  0.0202
  0.0201  0.0201  0.0199  0.0203  0.0203  0.0204  0.0200  0.0203  0.0199  0.0202  0.0199  0.0199
  0.0198  0.0198  0.0198  0.0199  0.0199  0.0201  0.0198  0.0199  0.0198  0.0199  0.0197  0.0197
  0.0198  0.0198  0.0198  0.0198  0.0198  0.0198  0.0197  0.0197  0.0197  0.0197  0.0197  0.0197
  0.0199  0.0198  0.0198  0.0198  0.0198  0.0196  0.0198  0.0198  0.0198  0.0198  0.0197  0.0198
  0.0202  0.0201  0.0200  0.0201  0.0201  0.0199  0.0200  0.0202  0.0199  0.0201  0.0199  0.0200
  0.0207  0.0204  0.0202  0.0207  0.0208  0.0207  0.0204  0.0209  0.0202  0.0207  0.0200  0.0202
niter,ni,del,rscale     2    3    5.0000    0.5000
parameters
   -1.7736    3.3901   14.4316   -4.8656  -18.5667   -8.2383
   -0.4565   16.2150   -2.7441   26.1348  -15.1243  -33.2791
eta,q 0.98037 12.41961
  0.0203  0.0202  0.0200  0.0203  0.0204  0.0205  0.0201  0.0205  0.0200  0.0204  0.0199  0.0200
  0.0199  0.0199  0.0198  0.0200  0.0200  0.0202  0.0199  0.0201  0.0198  0.0200  0.0198  0.0198
  0.0197  0.0197  0.0197  0.0198  0.0198  0.0200  0.0197  0.0197  0.0197  0.0198  0.0197  0.0196
  0.0197  0.0197  0.0197  0.0197  0.0197  0.0197  0.0196  0.0196  0.0196  0.0196  0.0196  0.0196
  0.0198  0.0198  0.0197  0.0197  0.0197  0.0196  0.0197  0.0197  0.0197  0.0197  0.0197  0.0197
  0.0200  0.0199  0.0199  0.0199  0.0200  0.0198  0.0199  0.0200  0.0198  0.0199  0.0198  0.0199
  0.0203  0.0202  0.0201  0.0204  0.0204  0.0205  0.0202  0.0205  0.0200  0.0204  0.0199  0.0200
niter,ni,del,rscale     1    3    5.0000    0.4000
parameters
   -1.7906    3.3762   14.4310   -4.8506  -18.5938   -8.0050
   -0.4899   16.2397   -2.7543   26.1929  -15.0783  -33.4102
eta,q 0.98041 12.42602
  0.0200  0.0199  0.0199  0.0201  0.0201  0.0203  0.0199  0.0202  0.0198  0.0201  0.0198  0.0199
  0.0198  0.0198  0.0197  0.0198  0.0198  0.0201  0.0197  0.0199  0.0197  0.0199  0.0197  0.0197
  0.0197  0.0197  0.0197  0.0197  0.0197  0.0198  0.0196  0.0197  0.0196  0.0197  0.0196  0.0196
  0.0196  0.0196  0.0196  0.0196  0.0196  0.0196  0.0196  0.0196  0.0196  0.0196  0.0196  0.0196
  0.0197  0.0197  0.0197  0.0197  0.0197  0.0196  0.0196  0.0197  0.0196  0.0196  0.0196  0.0196
  0.0198  0.0198  0.0197  0.0198  0.0198  0.0198  0.0197  0.0199  0.0197  0.0198  0.0197  0.0197
  0.0200  0.0200  0.0199  0.0201  0.0201  0.0202  0.0199  0.0202  0.0198  0.0201  0.0198  0.0199
registration optimization eta report
parameter search radius
    0.8000    0.8000    0.8000    2.4000    2.4000    2.4000
    2.4000    2.4000    2.4000    2.4000    2.4000    2.4000
100000*second partial in parameter space
       62.       51.       39.        8.        8.       11.
        6.       10.        4.        9.        3.        5.
  0.0200  0.0199  0.0199  0.0201  0.0201  0.0203  0.0199  0.0202  0.0198  0.0201  0.0198  0.0199
  0.0198  0.0198  0.0197  0.0198  0.0198  0.0201  0.0197  0.0199  0.0197  0.0199  0.0197  0.0197
  0.0197  0.0197  0.0197  0.0197  0.0197  0.0198  0.0196  0.0197  0.0196  0.0197  0.0196  0.0196
  0.0196  0.0196  0.0196  0.0196  0.0196  0.0196  0.0196  0.0196  0.0196  0.0196  0.0196  0.0196
  0.0197  0.0197  0.0197  0.0197  0.0197  0.0196  0.0196  0.0197  0.0196  0.0196  0.0196  0.0196
  0.0198  0.0198  0.0197  0.0198  0.0198  0.0198  0.0197  0.0199  0.0197  0.0198  0.0197  0.0197
  0.0200  0.0200  0.0199  0.0201  0.0201  0.0202  0.0199  0.0202  0.0198  0.0201  0.0198  0.0199
   -1.7906    3.3762   14.4310   -4.8506  -18.5938   -8.0050
   -0.4899   16.2397   -2.7543   26.1929  -15.0783  -33.4102
eta,q 0.98041 12.42602

---------------------------------------------------------------------
compute_vox2vox talsrcimg talsrcimg_to_711-2C_as_mni_average_305_t4 /opt/freesurfer/average/711-2C_as_mni_average_305
---------------------------------------------------------------------

freesurfer compute_vox2vox.c
Reading: talsrcimg.4dfp.ifh
Reading: talsrcimg_to_711-2C_as_mni_average_305_t4
Reading: /opt/freesurfer/average/711-2C_as_mni_average_305.4dfp.ifh
Writing: talsrcimg_to_711-2C_as_mni_average_305_t4_vox2vox.txt

start time Mon Mar 9 09:12:11 CET 2026
end		time Mon Mar 9 09:13:39 CET 2026

mpr2mni305 success

avi2talxfm orig_nu.mgz /opt/freesurfer/average/mni305.cor.mgz talsrcimg_to_711-2C_as_mni_average_305_t4_vox2vox.txt transforms/talairach.auto.xfm
avi2talxfm done
mv -f /out/sourcedata/freesurfer/sub-v1s21x0050385_ses-1/mri/talsrcimg_to_711-2C_as_mni_average_305_t4_vox2vox.txt /out/sourcedata/freesurfer/sub-v1s21x0050385_ses-1/mri/transforms/talsrcimg_to_711-2C_as_mni_average_305_t4_vox2vox.txt
lta_convert --src orig_nu.mgz --trg /opt/freesurfer/average/mni305.cor.mgz --inxfm transforms/talairach.auto.xfm --outlta transforms/talairach.auto.xfm.lta --subject fsaverage
7.3.2

--src: orig_nu.mgz src image (geometry).
--trg: /opt/freesurfer/average/mni305.cor.mgz trg image (geometry).
--inmni: transforms/talairach.auto.xfm input MNI/XFM transform.
--outlta: transforms/talairach.auto.xfm.lta output LTA.
--s: fsaverage subject name
 LTA read, type : 1
 1.02334  -0.16332  -0.06087   3.83122;
 0.16144   0.94752   0.38985  -15.55034;
-0.01732  -0.31040   1.10091  -0.07309;
 0.00000   0.00000   0.00000   1.00000;
setting subject to fsaverage
Writing  LTA to file transforms/talairach.auto.xfm.lta...
lta_convert successful.
 
 
Started at Mon Mar 9 09:12:11 CET 2026
Ended   at Mon Mar  9 09:13:39 CET 2026
talairach_avi done
