/out/sourcedata/freesurfer/sub-v1s21x0050426_ses-1/mri
/opt/freesurfer/bin/talairach_avi
--i orig_nu.mgz --xfm transforms/talairach.auto.xfm
talairach_avi 7.3.2
Linux dna040 5.14.0-427.37.1.el9_4.x86_64 #1 SMP PREEMPT_DYNAMIC Fri Sep 13 12:41:50 EDT 2024 x86_64 x86_64 x86_64 GNU/Linux
Mon Mar  9 11:43:05 CET 2026
mri_convert orig_nu.mgz talsrcimg.img 
reading from orig_nu.mgz...
TR=0.00, TE=0.00, TI=0.00, flip angle=0.00
i_ras = (-1, 0, 0)
j_ras = (0, 0, -1)
k_ras = (0, 1, 0)
writing to talsrcimg.img...
Analyze Output Matrix
-1.00000   0.00000   0.00000   129.50000;
 0.00000   0.00000   1.00000  -128.50000;
 0.00000  -1.00000   0.00000   129.60001;
 0.00000   0.00000   0.00000   1.00000;
--------------------
INFO: set hdr.hist.orient to -1
mpr2mni305 talsrcimg
Mon Mar  9 11:43:06 CET 2026
/opt/freesurfer/bin/mpr2mni305 talsrcimg
mpr2mni305 7.3.2
target=711-2C_as_mni_average_305

---------------------------------------------------------------------
analyzeto4dfp talsrcimg -O0 -y
---------------------------------------------------------------------

freesurfer ifh2hdr.c
Mon Mar  9 11:43:06 2026
Writing: talsrcimg.4dfp.hdr
freesurfer analyzeto4dfp.c
Reading: talsrcimg.hdr
header size 348 bytes
hdr.dime.datatype	offset=70	value=2
hdr.dime.bitpix		offset=72	value=8
hdr.hist.orient		offset=252	value=-1
dimensionality     4
dimensions       256       256       256         1
Reading: talsrcimg.img
Writing: talsrcimg.4dfp.img
Writing: talsrcimg.4dfp.ifh
ifh2hdr talsrcimg -r0to229
ori=2

---------------------------------------------------------------------
gauss_4dfp talsrcimg 1.1
---------------------------------------------------------------------

freesurfer gauss_4dfp.c
Reading: talsrcimg.4dfp.img
Writing: talsrcimg_g11.4dfp.img
image dimensions 256 256 256 padded to 288 288 288
processing volume 1freesurfer ifh2hdr.c
Mon Mar  9 11:43:08 2026
Writing: talsrcimg_g11.4dfp.hdr

Writing: talsrcimg_g11.4dfp.ifh
including: talsrcimg.4dfp.img.rec in talsrcimg_g11.4dfp.img.rec

---------------------------------------------------------------------
imgreg_4dfp /opt/freesurfer/average/711-2C_as_mni_average_305 none talsrcimg_g11 none talsrcimg_to_711-2C_as_mni_average_305_t4 4355
---------------------------------------------------------------------

freesurfer imgreg_4dfp.c
/opt/freesurfer/average/711-2C_as_mni_average_305.4dfp.img
       256       256       256         1
  1.000000  1.000000  1.000000
orientation T byte_order littleendian
Reading image: /opt/freesurfer/average/711-2C_as_mni_average_305.4dfp.img
dimensions:      256       256       256
mmppix:       1.0000   -1.0000   -1.0000
center:     128.0000 -129.0000 -129.0000
talsrcimg_g11.4dfp.img
       256       256       256         1
  1.000000  1.000000  1.000000
orientation T byte_order littleendian
Reading image: talsrcimg_g11.4dfp.img
dimensions:      256       256       256
mmppix:       1.0000   -1.0000   -1.0000
center:     128.0000 -129.0000 -129.0000
t4_read: open error in t4_sub.f l:  41 t4_file(1:l)talsrcimg_to_711-2C_as_mni_average_305_t4 
t4_read: transform initialized to I4
rotation matrix determinant  1.000000
image alignment mode   4355 decimal     1103 hex
   -7.5000  -45.0000  -45.0000 7829.1279   21.8515
    0.0000  -45.0000  -45.0000 8188.8228   21.8815
    7.5000  -45.0000  -45.0000 7790.8721   21.8901
   -7.5000  -37.5000  -45.0000 8332.8711   21.8039
    0.0000  -37.5000  -45.0000 8705.1260   21.8346
    7.5000  -37.5000  -45.0000 8284.2275   21.8373
   -7.5000  -30.0000  -45.0000 9043.0811   21.8263
    0.0000  -30.0000  -45.0000 9457.2168   21.8480
    7.5000  -30.0000  -45.0000 8990.8447   21.8458
   -7.5000  -22.5000  -45.0000 9649.7393   21.9054
    0.0000  -22.5000  -45.000010112.5742   21.9169
    7.5000  -22.5000  -45.0000 9600.5674   21.9176
   -7.5000  -15.0000  -45.000010215.6553   21.9686
    0.0000  -15.0000  -45.000010696.4395   21.9779
    7.5000  -15.0000  -45.000010148.8350   21.9842
   -7.5000   -7.5000  -45.000010761.0088   21.9372
    0.0000   -7.5000  -45.000011262.5215   21.9558
    7.5000   -7.5000  -45.000010661.9854   21.9653
   -7.5000    0.0000  -45.000011284.6045   21.8515
    0.0000    0.0000  -45.000011818.7031   21.8815
    7.5000    0.0000  -45.000011187.6943   21.8901
   -7.5000    7.5000  -45.000010983.6807   21.8039
    0.0000    7.5000  -45.000011535.2744   21.8346
    7.5000    7.5000  -45.000010927.8164   21.8373
   -7.5000   15.0000  -45.000010544.7363   21.8263
    0.0000   15.0000  -45.000011066.3076   21.8480
    7.5000   15.0000  -45.000010467.3291   21.8458
   -7.5000   22.5000  -45.0000 9811.4102   21.9024
    0.0000   22.5000  -45.000010288.0176   21.9139
    7.5000   22.5000  -45.0000 9712.8213   21.9145
   -7.5000   30.0000  -45.0000 8991.4443   21.6759
    0.0000   30.0000  -45.0000 9425.8213   21.6850
    7.5000   30.0000  -45.0000 8908.0322   21.6912
   -7.5000   37.5000  -45.0000 8476.1494   21.6449
    0.0000   37.5000  -45.0000 8892.5498   21.6633
    7.5000   37.5000  -45.0000 8406.8066   21.6726
   -7.5000   45.0000  -45.0000 7673.0161   21.0128
    0.0000   45.0000  -45.0000 8031.2524   21.0417
    7.5000   45.0000  -45.0000 7593.0693   21.0499
   -7.5000  -45.0000  -37.5000 8440.0400   21.8272
    0.0000  -45.0000  -37.5000 8839.9189   21.8447
    7.5000  -45.0000  -37.5000 8384.6318   21.8490
   -7.5000  -37.5000  -37.5000 8969.5078   21.7706
    0.0000  -37.5000  -37.5000 9381.2441   21.7944
    7.5000  -37.5000  -37.5000 8901.0010   21.8015
   -7.5000  -30.0000  -37.5000 9730.6143   21.7909
    0.0000  -30.0000  -37.500010166.9736   21.8105
    7.5000  -30.0000  -37.5000 9662.8184   21.8151
   -7.5000  -22.5000  -37.500010386.8008   21.8812
    0.0000  -22.5000  -37.500010873.1436   21.8896
    7.5000  -22.5000  -37.500010336.0703   21.8883
   -7.5000  -15.0000  -37.500011000.0449   21.9527
    0.0000  -15.0000  -37.500011506.6357   21.9532
    7.5000  -15.0000  -37.500010904.6035   21.9476
   -7.5000   -7.5000  -37.500011526.0674   21.9190
    0.0000   -7.5000  -37.500012063.5547   21.9245
    7.5000   -7.5000  -37.500011423.7646   21.9220
   -7.5000    0.0000  -37.500012026.4922   21.8272
    0.0000    0.0000  -37.500012602.0234   21.8447
    7.5000    0.0000  -37.500011944.6953   21.8490
   -7.5000    7.5000  -37.500011701.1152   21.7706
    0.0000    7.5000  -37.500012267.7871   21.7944
    7.5000    7.5000  -37.500011630.4834   21.8015
   -7.5000   15.0000  -37.500011211.9639   21.7909
    0.0000   15.0000  -37.500011761.6211   21.8105
    7.5000   15.0000  -37.500011148.8691   21.8151
   -7.5000   22.5000  -37.500010411.4268   21.8781
    0.0000   22.5000  -37.500010908.7393   21.8866
    7.5000   22.5000  -37.500010324.6562   21.8853
   -7.5000   30.0000  -37.5000 9499.1904   21.6601
    0.0000   30.0000  -37.5000 9953.2754   21.6607
    7.5000   30.0000  -37.5000 9417.8203   21.6552
   -7.5000   37.5000  -37.5000 8934.1309   21.6269
    0.0000   37.5000  -37.5000 9345.1904   21.6324
    7.5000   37.5000  -37.5000 8842.8652   21.6298
   -7.5000   45.0000  -37.5000 8058.1309   20.9894
    0.0000   45.0000  -37.5000 8429.2168   21.0063
    7.5000   45.0000  -37.5000 7960.2485   21.0105
   -7.5000  -45.0000  -30.0000 9191.8262   22.7594
    0.0000  -45.0000  -30.0000 9630.4287   22.7612
    7.5000  -45.0000  -30.0000 9124.6611   22.7570
   -7.5000  -37.5000  -30.0000 9744.9648   22.6919
    0.0000  -37.5000  -30.000010202.0557   22.7026
    7.5000  -37.5000  -30.0000 9677.3086   22.7098
   -7.5000  -30.0000  -30.000010557.0381   22.7067
    0.0000  -30.0000  -30.000011024.0527   22.7136
    7.5000  -30.0000  -30.000010474.3330   22.7177
   -7.5000  -22.5000  -30.000011318.8057   22.8041
    0.0000  -22.5000  -30.000011840.0801   22.7983
    7.5000  -22.5000  -30.000011214.6367   22.7860
   -7.5000  -15.0000  -30.000011973.1162   22.8863
    0.0000  -15.0000  -30.000012565.8584   22.8696
    7.5000  -15.0000  -30.000011845.9727   22.8434
   -7.5000   -7.5000  -30.000012541.7197   22.8563
    0.0000   -7.5000  -30.000013151.9092   22.8436
    7.5000   -7.5000  -30.000012393.9580   22.8224
   -7.5000    0.0000  -30.000013028.2070   22.7594
    0.0000    0.0000  -30.000013680.4844   22.7612
    7.5000    0.0000  -30.000012903.6777   22.7570
   -7.5000    7.5000  -30.000012618.3984   22.6919
    0.0000    7.5000  -30.000013273.8545   22.7026
    7.5000    7.5000  -30.000012533.4141   22.7098
   -7.5000   15.0000  -30.000012071.3740   22.7067
    0.0000   15.0000  -30.000012669.3789   22.7136
    7.5000   15.0000  -30.000011980.6865   22.7177
   -7.5000   22.5000  -30.000011202.7520   22.7986
    0.0000   22.5000  -30.000011737.7285   22.7928
    7.5000   22.5000  -30.000011107.8193   22.7805
   -7.5000   30.0000  -30.000010195.6133   22.5834
    0.0000   30.0000  -30.000010690.6631   22.5670
    7.5000   30.0000  -30.000010115.0342   22.5412
   -7.5000   37.5000  -30.0000 9548.4727   22.5539
    0.0000   37.5000  -30.000010027.3818   22.5413
    7.5000   37.5000  -30.0000 9480.0127   22.5204
   -7.5000   45.0000  -30.0000 8572.4639   21.9019
    0.0000   45.0000  -30.0000 8991.3613   21.9037
    7.5000   45.0000  -30.0000 8493.0098   21.8997
   -7.5000  -45.0000  -22.5000 9899.9463   23.5856
    0.0000  -45.0000  -22.500010386.5586   23.5860
    7.5000  -45.0000  -22.5000 9859.5039   23.5759
   -7.5000  -37.5000  -22.500010496.1104   23.5181
    0.0000  -37.5000  -22.500011029.5977   23.5213
    7.5000  -37.5000  -22.500010449.9824   23.5204
   -7.5000  -30.0000  -22.500011377.4111   23.5275
    0.0000  -30.0000  -22.500011936.7168   23.5224
    7.5000  -30.0000  -22.500011313.3604   23.5147
   -7.5000  -22.5000  -22.500012189.6123   23.6166
    0.0000  -22.5000  -22.500012805.6592   23.6009
    7.5000  -22.5000  -22.500012095.2207   23.5767
   -7.5000  -15.0000  -22.500012886.9297   23.6994
    0.0000  -15.0000  -22.500013567.4561   23.6784
    7.5000  -15.0000  -22.500012744.8721   23.6429
   -7.5000   -7.5000  -22.500013497.2725   23.6779
    0.0000   -7.5000  -22.500014233.4697   23.6645
    7.5000   -7.5000  -22.500013348.7500   23.6366
   -7.5000    0.0000  -22.500014042.7656   23.5856
    0.0000    0.0000  -22.500014815.4395   23.5860
    7.5000    0.0000  -22.500013913.5703   23.5759
   -7.5000    7.5000  -22.500013550.2031   23.5181
    0.0000    7.5000  -22.500014282.7441   23.5213
    7.5000    7.5000  -22.500013446.5088   23.5204
   -7.5000   15.0000  -22.500012932.5332   23.5275
    0.0000   15.0000  -22.500013580.8271   23.5224
    7.5000   15.0000  -22.500012797.9873   23.5147
   -7.5000   22.5000  -22.500011984.8926   23.6093
    0.0000   22.5000  -22.500012594.6357   23.5936
    7.5000   22.5000  -22.500011888.7734   23.5694
   -7.5000   30.0000  -22.500010901.7119   23.3894
    0.0000   30.0000  -22.500011470.6289   23.3686
    7.5000   30.0000  -22.500010841.5713   23.3337
   -7.5000   37.5000  -22.500010158.8018   23.3681
    0.0000   37.5000  -22.500010689.8262   23.3549
    7.5000   37.5000  -22.500010097.1953   23.3275
   -7.5000   45.0000  -22.5000 9084.0312   22.7141
    0.0000   45.0000  -22.5000 9554.2764   22.7145
    7.5000   45.0000  -22.5000 9021.0898   22.7048
   -7.5000  -45.0000  -15.000010623.7910   24.1914
    0.0000  -45.0000  -15.000011177.3828   24.2018
    7.5000  -45.0000  -15.000010590.5488   24.1906
   -7.5000  -37.5000  -15.000011243.3887   24.1305
    0.0000  -37.5000  -15.000011843.2139   24.1377
    7.5000  -37.5000  -15.000011212.7852   24.1258
   -7.5000  -30.0000  -15.000012194.0977   24.1366
    0.0000  -30.0000  -15.000012830.9121   24.1312
    7.5000  -30.0000  -15.000012155.8271   24.1108
   -7.5000  -22.5000  -15.000013034.1855   24.2115
    0.0000  -22.5000  -15.000013748.0859   24.1981
    7.5000  -22.5000  -15.000012955.6016   24.1710
   -7.5000  -15.0000  -15.000013710.8945   24.2885
    0.0000  -15.0000  -15.000014568.7158   24.2758
    7.5000  -15.0000  -15.000013642.5000   24.2485
   -7.5000   -7.5000  -15.000014364.7725   24.2747
    0.0000   -7.5000  -15.000015289.9736   24.2732
    7.5000   -7.5000  -15.000014323.7549   24.2530
   -7.5000    0.0000  -15.000014933.3242   24.1914
    0.0000    0.0000  -15.000015867.1055   24.2018
    7.5000    0.0000  -15.000014886.7793   24.1906
   -7.5000    7.5000  -15.000014415.6182   24.1305
    0.0000    7.5000  -15.000015223.6914   24.1377
    7.5000    7.5000  -15.000014331.5381   24.1258
   -7.5000   15.0000  -15.000013716.3115   24.1366
    0.0000   15.0000  -15.000014438.2246   24.1312
    7.5000   15.0000  -15.000013602.1045   24.1108
   -7.5000   22.5000  -15.000012707.6367   24.2030
    0.0000   22.5000  -15.000013405.3828   24.1895
    7.5000   22.5000  -15.000012647.7129   24.1624
   -7.5000   30.0000  -15.000011605.4238   23.9741
    0.0000   30.0000  -15.000012246.9756   23.9616
    7.5000   30.0000  -15.000011558.2344   23.9347
   -7.5000   37.5000  -15.000010757.9053   23.9605
    0.0000   37.5000  -15.000011324.8955   23.9590
    7.5000   37.5000  -15.000010716.1855   23.9391
   -7.5000   45.0000  -15.0000 9546.2148   23.3116
    0.0000   45.0000  -15.000010039.6660   23.3216
    7.5000   45.0000  -15.0000 9496.0439   23.3108
   -7.5000  -45.0000   -7.500011359.4629   24.4574
    0.0000  -45.0000   -7.500011937.4150   24.4834
    7.5000  -45.0000   -7.500011329.1836   24.4826
   -7.5000  -37.5000   -7.500012003.1758   24.4033
    0.0000  -37.5000   -7.500012616.7559   24.4266
    7.5000  -37.5000   -7.500011985.9414   24.4183
   -7.5000  -30.0000   -7.500013051.3057   24.4180
    0.0000  -30.0000   -7.500013745.4512   24.4278
    7.5000  -30.0000   -7.500013010.7734   24.4116
   -7.5000  -22.5000   -7.500013970.1895   24.4934
    0.0000  -22.5000   -7.500014867.8740   24.4934
    7.5000  -22.5000   -7.500013911.2275   24.4799
   -7.5000  -15.0000   -7.500014633.7178   24.5644
    0.0000  -15.0000   -7.500015650.0820   24.5653
    7.5000  -15.0000   -7.500014622.8037   24.5596
   -7.5000   -7.5000   -7.500015238.9902   24.5431
    0.0000   -7.5000   -7.500016296.4512   24.5565
    7.5000   -7.5000   -7.500015289.9707   24.5556
   -7.5000    0.0000   -7.500015812.5527   24.4574
    0.0000    0.0000   -7.500016861.9336   24.4834
    7.5000    0.0000   -7.500015850.3770   24.4826
   -7.5000    7.5000   -7.500015234.9395   24.4033
    0.0000    7.5000   -7.500016153.8457   24.4266
    7.5000    7.5000   -7.500015205.8721   24.4183
   -7.5000   15.0000   -7.500014447.2852   24.4180
    0.0000   15.0000   -7.500015305.9775   24.4278
    7.5000   15.0000   -7.500014386.7451   24.4116
   -7.5000   22.5000   -7.500013410.3135   24.4821
    0.0000   22.5000   -7.500014208.9883   24.4821
    7.5000   22.5000   -7.500013369.7012   24.4686
   -7.5000   30.0000   -7.500012273.4268   24.2459
    0.0000   30.0000   -7.500012997.1943   24.2467
    7.5000   30.0000   -7.500012234.0977   24.2411
   -7.5000   37.5000   -7.500011397.8447   24.2248
    0.0000   37.5000   -7.500012019.4502   24.2380
    7.5000   37.5000   -7.500011335.6230   24.2372
   -7.5000   45.0000   -7.500010051.6289   23.5723
    0.0000   45.0000   -7.500010596.9219   23.5974
    7.5000   45.0000   -7.5000 9998.4189   23.5966
   -7.5000  -45.0000    0.000012007.2578   24.4524
    0.0000  -45.0000    0.000012604.5156   24.4860
    7.5000  -45.0000    0.000012012.6016   24.4956
   -7.5000  -37.5000    0.000012692.8076   24.3991
    0.0000  -37.5000    0.000013312.2031   24.4335
    7.5000  -37.5000    0.000012698.2627   24.4365
   -7.5000  -30.0000    0.000013835.4502   24.4242
    0.0000  -30.0000    0.000014710.1465   24.4485
    7.5000  -30.0000    0.000013841.4971   24.4460
   -7.5000  -22.5000    0.000014807.0469   24.5128
    0.0000  -22.5000    0.000015877.3516   24.5257
    7.5000  -22.5000    0.000014800.3115   24.5263
   -7.5000  -15.0000    0.000015443.4893   24.5835
    0.0000  -15.0000    0.000016457.2031   24.5938
    7.5000  -15.0000    0.000015530.7646   24.6009
   -7.5000   -7.5000    0.000016060.8223   24.5484
    0.0000   -7.5000    0.000017107.1836   24.5692
    7.5000   -7.5000    0.000016184.3066   24.5798
   -7.5000    0.0000    0.000016638.4941   24.4524
    0.0000    0.0000    0.000017671.2871   24.4860
    7.5000    0.0000    0.000016718.2969   24.4956
   -7.5000    7.5000    0.000015985.2422   24.3991
    0.0000    7.5000    0.000016898.0254   24.4335
    7.5000    7.5000    0.000015972.3037   24.4365
   -7.5000   15.0000    0.000015064.1709   24.4242
    0.0000   15.0000    0.000015938.9736   24.4485
    7.5000   15.0000    0.000015022.9648   24.4460
   -7.5000   22.5000    0.000013978.7939   24.5015
    0.0000   22.5000    0.000014789.0068   24.5144
    7.5000   22.5000    0.000013905.9971   24.5150
   -7.5000   30.0000    0.000012769.5400   24.2653
    0.0000   30.0000    0.000013521.4736   24.2755
    7.5000   30.0000    0.000012694.0791   24.2825
   -7.5000   37.5000    0.000011923.2900   24.2307
    0.0000   37.5000    0.000012587.4023   24.2512
    7.5000   37.5000    0.000011854.3564   24.2617
   -7.5000   45.0000    0.000010514.6924   23.5693
    0.0000   45.0000    0.000011085.6279   23.6017
    7.5000   45.0000    0.000010452.4932   23.6109
   -7.5000  -45.0000    7.500011753.7012   24.4252
    0.0000  -45.0000    7.500012266.2334   24.4449
    7.5000  -45.0000    7.500011729.5723   24.4496
   -7.5000  -37.5000    7.500012401.6924   24.3619
    0.0000  -37.5000    7.500012971.7402   24.3885
    7.5000  -37.5000    7.500012408.5195   24.3965
   -7.5000  -30.0000    7.500013492.2471   24.3846
    0.0000  -30.0000    7.500014251.3506   24.4066
    7.5000  -30.0000    7.500013445.9326   24.4117
   -7.5000  -22.5000    7.500014391.0537   24.4856
    0.0000  -22.5000    7.500015161.8525   24.4951
    7.5000  -22.5000    7.500014327.6768   24.4936
   -7.5000  -15.0000    7.500014969.6836   24.5656
    0.0000  -15.0000    7.500015639.0869   24.5663
    7.5000  -15.0000    7.500014995.5869   24.5600
   -7.5000   -7.5000    7.500015633.7158   24.5280
    0.0000   -7.5000    7.500016435.0625   24.5341
    7.5000   -7.5000    7.500015731.4316   24.5313
   -7.5000    0.0000    7.500016200.5986   24.4252
    0.0000    0.0000    7.500017088.0156   24.4449
    7.5000    0.0000    7.500016274.3447   24.4496
   -7.5000    7.5000    7.500015599.4072   24.3619
    0.0000    7.5000    7.500016384.8984   24.3885
    7.5000    7.5000    7.500015564.1553   24.3965
   -7.5000   15.0000    7.500014672.5723   24.3846
    0.0000   15.0000    7.500015403.1279   24.4066
    7.5000   15.0000    7.500014573.6982   24.4117
   -7.5000   22.5000    7.500013587.2061   24.4743
    0.0000   22.5000    7.500014291.1748   24.4838
    7.5000   22.5000    7.500013478.4717   24.4823
   -7.5000   30.0000    7.500012404.5791   24.2477
    0.0000   30.0000    7.500013085.5527   24.2483
    7.5000   30.0000    7.500012304.3008   24.2422
   -7.5000   37.5000    7.500011569.8711   24.2105
    0.0000   37.5000    7.500012211.9277   24.2166
    7.5000   37.5000    7.500011492.4326   24.2138
   -7.5000   45.0000    7.500010190.8096   23.5430
    0.0000   45.0000    7.500010720.2510   23.5620
    7.5000   45.0000    7.500010114.5410   23.5666
   -7.5000  -45.0000   15.000011323.2148   24.4398
    0.0000  -45.0000   15.000011798.9043   24.4418
    7.5000  -45.0000   15.000011313.8047   24.4373
   -7.5000  -37.5000   15.000011970.5684   24.3673
    0.0000  -37.5000   15.000012486.6172   24.3788
    7.5000  -37.5000   15.000011952.0889   24.3866
   -7.5000  -30.0000   15.000013023.0264   24.3832
    0.0000  -30.0000   15.000013630.6650   24.3907
    7.5000  -30.0000   15.000012902.2100   24.3951
   -7.5000  -22.5000   15.000013925.0068   24.4878
    0.0000  -22.5000   15.000014489.9688   24.4817
    7.5000  -22.5000   15.000013711.1387   24.4684
   -7.5000  -15.0000   15.000014518.1357   24.5761
    0.0000  -15.0000   15.000015051.3076   24.5582
    7.5000  -15.0000   15.000014363.4346   24.5301
   -7.5000   -7.5000   15.000015143.0771   24.5439
    0.0000   -7.5000   15.000015822.5771   24.5302
    7.5000   -7.5000   15.000015076.9707   24.5075
   -7.5000    0.0000   15.000015687.2266   24.4398
    0.0000    0.0000   15.000016468.8828   24.4418
    7.5000    0.0000   15.000015656.0176   24.4373
   -7.5000    7.5000   15.000015082.4150   24.3673
    0.0000    7.5000   15.000015792.8105   24.3788
    7.5000    7.5000   15.000015013.4238   24.3866
   -7.5000   15.0000   15.000014162.8398   24.3832
    0.0000   15.0000   15.000014797.4170   24.3907
    7.5000   15.0000   15.000014063.3535   24.3951
   -7.5000   22.5000   15.000013065.5879   24.4765
    0.0000   22.5000   15.000013662.4531   24.4704
    7.5000   22.5000   15.000012964.5117   24.4571
   -7.5000   30.0000   15.000011901.9043   24.2580
    0.0000   30.0000   15.000012480.1943   24.2404
    7.5000   30.0000   15.000011787.5059   24.2126
   -7.5000   37.5000   15.000011070.1357   24.2263
    0.0000   37.5000   15.000011595.6104   24.2128
    7.5000   37.5000   15.000010956.7939   24.1903
   -7.5000   45.0000   15.0000 9746.5078   23.5572
    0.0000   45.0000   15.000010200.7002   23.5591
    7.5000   45.0000   15.0000 9614.2568   23.5547
   -7.5000  -45.0000   22.500010781.0986   24.4837
    0.0000  -45.0000   22.500011241.0459   24.4841
    7.5000  -45.0000   22.500010750.0283   24.4737
   -7.5000  -37.5000   22.500011394.0586   24.4136
    0.0000  -37.5000   22.500011892.4707   24.4170
    7.5000  -37.5000   22.500011332.3398   24.4160
   -7.5000  -30.0000   22.500012400.9736   24.4235
    0.0000  -30.0000   22.500012930.8955   24.4181
    7.5000  -30.0000   22.500012253.0000   24.4102
   -7.5000  -22.5000   22.500013250.0850   24.5159
    0.0000  -22.5000   22.500013748.6621   24.4996
    7.5000  -22.5000   22.500013019.2656   24.4745
   -7.5000  -15.0000   22.500013905.7236   24.6019
    0.0000  -15.0000   22.500014420.6367   24.5800
    7.5000  -15.0000   22.500013661.0801   24.5433
   -7.5000   -7.5000   22.500014514.0195   24.5795
    0.0000   -7.5000   22.500015108.1211   24.5656
    7.5000   -7.5000   22.500014316.1885   24.5367
   -7.5000    0.0000   22.500015014.3750   24.4837
    0.0000    0.0000   22.500015678.3311   24.4841
    7.5000    0.0000   22.500014851.7754   24.4737
   -7.5000    7.5000   22.500014394.7617   24.4136
    0.0000    7.5000   22.500015051.5352   24.4170
    7.5000    7.5000   22.500014258.2305   24.4160
   -7.5000   15.0000   22.500013485.7227   24.4235
    0.0000   15.0000   22.500014110.7178   24.4181
    7.5000   15.0000   22.500013360.6924   24.4102
   -7.5000   22.5000   22.500012415.6533   24.5046
    0.0000   22.5000   22.500012991.6680   24.4883
    7.5000   22.5000   22.500012302.3447   24.4632
   -7.5000   30.0000   22.500011259.2900   24.2835
    0.0000   30.0000   22.500011784.8838   24.2619
    7.5000   30.0000   22.500011128.8574   24.2256
   -7.5000   37.5000   22.500010442.0488   24.2614
    0.0000   37.5000   22.500010879.2021   24.2477
    7.5000   37.5000   22.500010307.9678   24.2192
   -7.5000   45.0000   22.5000 9228.9561   23.5995
    0.0000   45.0000   22.5000 9580.0566   23.5999
    7.5000   45.0000   22.5000 9049.3691   23.5898
   -7.5000  -45.0000   30.000010083.3213   24.5237
    0.0000  -45.0000   30.000010527.2119   24.5342
    7.5000  -45.0000   30.000010044.5977   24.5229
   -7.5000  -37.5000   30.000010653.9180   24.4618
    0.0000  -37.5000   30.000011107.2334   24.4692
    7.5000  -37.5000   30.000010599.9297   24.4572
   -7.5000  -30.0000   30.000011547.2764   24.4681
    0.0000  -30.0000   30.000012007.8115   24.4626
    7.5000  -30.0000   30.000011440.9922   24.4419
   -7.5000  -22.5000   30.000012285.6572   24.5440
    0.0000  -22.5000   30.000012728.6250   24.5303
    7.5000  -22.5000   30.000012163.1543   24.5029
   -7.5000  -15.0000   30.000012893.2441   24.6220
    0.0000  -15.0000   30.000013366.3809   24.6092
    7.5000  -15.0000   30.000012776.0439   24.5816
   -7.5000   -7.5000   30.000013506.2822   24.6081
    0.0000   -7.5000   30.000014041.5820   24.6066
    7.5000   -7.5000   30.000013390.8252   24.5861
   -7.5000    0.0000   30.000014061.0000   24.5237
    0.0000    0.0000   30.000014637.2129   24.5342
    7.5000    0.0000   30.000013914.8896   24.5229
   -7.5000    7.5000   30.000013545.5488   24.4618
    0.0000    7.5000   30.000014107.2812   24.4692
    7.5000    7.5000   30.000013373.8047   24.4572
   -7.5000   15.0000   30.000012683.2764   24.4681
    0.0000   15.0000   30.000013244.1055   24.4626
    7.5000   15.0000   30.000012546.7158   24.4419
   -7.5000   22.5000   30.000011654.3555   24.5327
    0.0000   22.5000   30.000012166.3096   24.5190
    7.5000   22.5000   30.000011516.7100   24.4917
   -7.5000   30.0000   30.000010511.6299   24.3034
    0.0000   30.0000   30.000010974.0703   24.2907
    7.5000   30.0000   30.000010380.4414   24.2634
   -7.5000   37.5000   30.0000 9721.7744   24.2896
    0.0000   37.5000   30.000010125.2334   24.2881
    7.5000   37.5000   30.0000 9589.9629   24.2680
   -7.5000   45.0000   30.0000 8585.5938   23.6380
    0.0000   45.0000   30.0000 8924.3809   23.6481
    7.5000   45.0000   30.0000 8450.7695   23.6373
   -7.5000  -45.0000   37.5000 9654.5293   24.5363
    0.0000  -45.0000   37.500010115.9912   24.5625
    7.5000  -45.0000   37.5000 9632.4521   24.5617
   -7.5000  -37.5000   37.500010185.4229   24.4821
    0.0000  -37.5000   37.500010643.0254   24.5053
    7.5000  -37.5000   37.500010154.4443   24.4969
   -7.5000  -30.0000   37.500011002.7578   24.4967
    0.0000  -30.0000   37.500011454.1992   24.5064
    7.5000  -30.0000   37.500010933.9844   24.4901
   -7.5000  -22.5000   37.500011714.5166   24.5723
    0.0000  -22.5000   37.500012148.8105   24.5722
    7.5000  -22.5000   37.500011629.8438   24.5586
   -7.5000  -15.0000   37.500012303.7285   24.6437
    0.0000  -15.0000   37.500012763.4609   24.6446
    7.5000  -15.0000   37.500012221.2158   24.6389
   -7.5000   -7.5000   37.500012921.3262   24.6224
    0.0000   -7.5000   37.500013388.2061   24.6359
    7.5000   -7.5000   37.500012815.5449   24.6350
   -7.5000    0.0000   37.500013491.8125   24.5363
    0.0000    0.0000   37.500013998.1934   24.5625
    7.5000    0.0000   37.500013389.4102   24.5617
   -7.5000    7.5000   37.500013008.3037   24.4821
    0.0000    7.5000   37.500013542.6904   24.5053
    7.5000    7.5000   37.500012911.1182   24.4969
   -7.5000   15.0000   37.500012181.9697   24.4967
    0.0000   15.0000   37.500012731.5684   24.5064
    7.5000   15.0000   37.500012109.9678   24.4901
   -7.5000   22.5000   37.500011198.7734   24.5610
    0.0000   22.5000   37.500011700.4521   24.5609
    7.5000   22.5000   37.500011120.0654   24.5473
   -7.5000   30.0000   37.500010105.2246   24.3248
    0.0000   30.0000   37.500010577.1689   24.3256
    7.5000   30.0000   37.500010032.2217   24.3200
   -7.5000   37.5000   37.5000 9383.6504   24.3037
    0.0000   37.5000   37.5000 9794.2383   24.3170
    7.5000   37.5000   37.5000 9286.7373   24.3162
   -7.5000   45.0000   37.5000 8269.4766   23.6502
    0.0000   45.0000   37.5000 8603.2686   23.6754
    7.5000   45.0000   37.5000 8181.8945   23.6746
   -7.5000  -45.0000   45.0000 8785.5508   24.5583
    0.0000  -45.0000   45.0000 9263.4346   24.5925
    7.5000  -45.0000   45.0000 8821.8691   24.6015
   -7.5000  -37.5000   45.0000 9260.1885   24.5062
    0.0000  -37.5000   45.0000 9726.6201   24.5410
    7.5000  -37.5000   45.0000 9253.2217   24.5433
   -7.5000  -30.0000   45.0000 9997.4580   24.5309
    0.0000  -30.0000   45.000010443.9189   24.5550
    7.5000  -30.0000   45.0000 9943.2090   24.5519
   -7.5000  -22.5000   45.000010627.0459   24.6178
    0.0000  -22.5000   45.000011071.5205   24.6301
    7.5000  -22.5000   45.000010563.5020   24.6305
   -7.5000  -15.0000   45.000011175.6582   24.6874
    0.0000  -15.0000   45.000011638.9746   24.6972
    7.5000  -15.0000   45.000011111.6660   24.7042
   -7.5000   -7.5000   45.000011738.3926   24.6527
    0.0000   -7.5000   45.000012201.6611   24.6737
    7.5000   -7.5000   45.000011657.3438   24.6840
   -7.5000    0.0000   45.000012275.9189   24.5583
    0.0000    0.0000   45.000012774.2520   24.5925
    7.5000    0.0000   45.000012209.7080   24.6015
   -7.5000    7.5000   45.000011865.2012   24.5062
    0.0000    7.5000   45.000012369.7793   24.5410
    7.5000    7.5000   45.000011802.0410   24.5433
   -7.5000   15.0000   45.000011123.0771   24.5309
    0.0000   15.0000   45.000011611.6846   24.5550
    7.5000   15.0000   45.000011057.1143   24.5519
   -7.5000   22.5000   45.000010233.7686   24.6064
    0.0000   22.5000   45.000010688.1338   24.6187
    7.5000   22.5000   45.000010179.4092   24.6191
   -7.5000   30.0000   45.0000 9252.2783   24.3658
    0.0000   30.0000   45.0000 9669.7070   24.3755
    7.5000   30.0000   45.0000 9197.6270   24.3823
   -7.5000   37.5000   45.0000 8576.7920   24.3315
    0.0000   37.5000   45.0000 8963.9189   24.3522
    7.5000   37.5000   45.0000 8508.9561   24.3624
   -7.5000   45.0000   45.0000 7575.3149   23.6821
    0.0000   45.0000   45.0000 7906.3882   23.7151
    7.5000   45.0000   45.0000 7513.7896   23.7238

---------------------------------------------------------------------
imgreg_4dfp /opt/freesurfer/average/711-2C_as_mni_average_305 /opt/freesurfer/average/711-2B_as_mni_average_305_mask talsrcimg_g11 none talsrcimg_to_711-2C_as_mni_average_305_t4 4355
---------------------------------------------------------------------

freesurfer imgreg_4dfp.c
/opt/freesurfer/average/711-2C_as_mni_average_305.4dfp.img
       256       256       256         1
  1.000000  1.000000  1.000000
orientation T byte_order littleendian
Reading image: /opt/freesurfer/average/711-2C_as_mni_average_305.4dfp.img
dimensions:      256       256       256
mmppix:       1.0000   -1.0000   -1.0000
center:     128.0000 -129.0000 -129.0000
/opt/freesurfer/average/711-2B_as_mni_average_305_mask.4dfp.img
       256       256       256         1
  1.000000  1.000000  1.000000
orientation T byte_order littleendian
Reading mask: /opt/freesurfer/average/711-2B_as_mni_average_305_mask.4dfp.img (2306576 pixels)
talsrcimg_g11.4dfp.img
       256       256       256         1
  1.000000  1.000000  1.000000
orientation T byte_order littleendian
Reading image: talsrcimg_g11.4dfp.img
dimensions:      256       256       256
mmppix:       1.0000   -1.0000   -1.0000
center:     128.0000 -129.0000 -129.0000
rotation matrix determinant  1.000000
image alignment mode   4355 decimal     1103 hex
   -7.5000  -45.0000  -45.0000 2064.5630   24.6960
    0.0000  -45.0000  -45.0000 2077.6001   24.8484
    7.5000  -45.0000  -45.0000 2056.2529   25.0082
   -7.5000  -37.5000  -45.0000 2142.5728   22.8733
    0.0000  -37.5000  -45.0000 2152.4094   23.0034
    7.5000  -37.5000  -45.0000 2134.6091   23.1005
   -7.5000  -30.0000  -45.0000 2188.7322   21.6179
    0.0000  -30.0000  -45.0000 2199.2397   21.6794
    7.5000  -30.0000  -45.0000 2176.9800   21.7790
   -7.5000  -22.5000  -45.0000 2212.3821   20.8336
    0.0000  -22.5000  -45.0000 2224.8035   20.8414
    7.5000  -22.5000  -45.0000 2199.5801   21.0118
   -7.5000  -15.0000  -45.0000 2217.8782   20.5303
    0.0000  -15.0000  -45.0000 2229.9565   20.4842
    7.5000  -15.0000  -45.0000 2207.3184   20.6548
   -7.5000   -7.5000  -45.0000 2216.4089   20.4240
    0.0000   -7.5000  -45.0000 2223.5728   20.4395
    7.5000   -7.5000  -45.0000 2199.4182   20.6367
   -7.5000    0.0000  -45.0000 2199.1194   20.9096
    0.0000    0.0000  -45.0000 2206.2417   20.8785
    7.5000    0.0000  -45.0000 2180.8223   21.1520
   -7.5000    7.5000  -45.0000 2161.0867   21.8364
    0.0000    7.5000  -45.0000 2171.6309   21.8507
    7.5000    7.5000  -45.0000 2150.1897   22.1038
   -7.5000   15.0000  -45.0000 2097.6628   23.2944
    0.0000   15.0000  -45.0000 2108.5967   23.2310
    7.5000   15.0000  -45.0000 2087.5083   23.4646
   -7.5000   22.5000  -45.0000 2019.4597   25.2550
    0.0000   22.5000  -45.0000 2028.3895   25.1126
    7.5000   22.5000  -45.0000 2004.3864   25.4649
   -7.5000   30.0000  -45.0000 1921.8202   27.8816
    0.0000   30.0000  -45.0000 1928.7637   27.7190
    7.5000   30.0000  -45.0000 1906.3182   28.0951
   -7.5000   37.5000  -45.0000 1812.2073   31.5291
    0.0000   37.5000  -45.0000 1822.6278   31.3452
    7.5000   37.5000  -45.0000 1802.1870   31.8404
   -7.5000   45.0000  -45.0000 1684.9003   36.4534
    0.0000   45.0000  -45.0000 1690.6498   36.2624
    7.5000   45.0000  -45.0000 1678.7993   36.9162
   -7.5000  -45.0000  -37.5000 2163.7029   22.6221
    0.0000  -45.0000  -37.5000 2175.3259   22.7253
    7.5000  -45.0000  -37.5000 2151.2095   22.8437
   -7.5000  -37.5000  -37.5000 2243.7869   20.9330
    0.0000  -37.5000  -37.5000 2252.7639   21.0358
    7.5000  -37.5000  -37.5000 2226.8535   21.1053
   -7.5000  -30.0000  -37.5000 2295.5205   19.7876
    0.0000  -30.0000  -37.5000 2301.9236   19.8123
    7.5000  -30.0000  -37.5000 2279.1064   19.9527
   -7.5000  -22.5000  -37.5000 2319.8342   19.1155
    0.0000  -22.5000  -37.5000 2330.8000   19.1248
    7.5000  -22.5000  -37.5000 2306.9233   19.2170
   -7.5000  -15.0000  -37.5000 2333.5669   18.8093
    0.0000  -15.0000  -37.5000 2340.7383   18.7630
    7.5000  -15.0000  -37.5000 2318.9805   18.9143
   -7.5000   -7.5000  -37.5000 2327.7803   18.7540
    0.0000   -7.5000  -37.5000 2335.1970   18.7167
    7.5000   -7.5000  -37.5000 2312.3220   18.8974
   -7.5000    0.0000  -37.5000 2307.1282   19.0931
    0.0000    0.0000  -37.5000 2317.5515   19.0835
    7.5000    0.0000  -37.5000 2293.7300   19.2900
   -7.5000    7.5000  -37.5000 2268.9539   19.9524
    0.0000    7.5000  -37.5000 2279.0244   19.8972
    7.5000    7.5000  -37.5000 2256.1448   20.1502
   -7.5000   15.0000  -37.5000 2204.4761   21.2588
    0.0000   15.0000  -37.5000 2213.7437   21.2213
    7.5000   15.0000  -37.5000 2196.0771   21.4612
   -7.5000   22.5000  -37.5000 2117.5603   23.1159
    0.0000   22.5000  -37.5000 2126.2568   23.0579
    7.5000   22.5000  -37.5000 2107.1616   23.2944
   -7.5000   30.0000  -37.5000 2009.5623   25.6269
    0.0000   30.0000  -37.5000 2020.3604   25.4820
    7.5000   30.0000  -37.5000 1995.7825   25.7588
   -7.5000   37.5000  -37.5000 1893.1224   28.8846
    0.0000   37.5000  -37.5000 1899.7090   28.7409
    7.5000   37.5000  -37.5000 1878.2598   29.0858
   -7.5000   45.0000  -37.5000 1759.2175   33.2439
    0.0000   45.0000  -37.5000 1763.8037   33.1419
    7.5000   45.0000  -37.5000 1741.7164   33.6379
   -7.5000  -45.0000  -30.0000 2292.3191   21.5291
    0.0000  -45.0000  -30.0000 2300.8110   21.6191
    7.5000  -45.0000  -30.0000 2273.0359   21.6473
   -7.5000  -37.5000  -30.0000 2373.1777   19.8713
    0.0000  -37.5000  -30.0000 2380.6663   19.8620
    7.5000  -37.5000  -30.0000 2357.6494   19.9835
   -7.5000  -30.0000  -30.0000 2428.1790   18.7943
    0.0000  -30.0000  -30.0000 2428.8704   18.7406
    7.5000  -30.0000  -30.0000 2411.3279   18.8988
   -7.5000  -22.5000  -30.0000 2470.5940   18.1371
    0.0000  -22.5000  -30.0000 2475.8108   18.0628
    7.5000  -22.5000  -30.0000 2452.1599   18.1900
   -7.5000  -15.0000  -30.0000 2492.5786   17.8402
    0.0000  -15.0000  -30.0000 2502.0483   17.7352
    7.5000  -15.0000  -30.0000 2474.4243   17.8529
   -7.5000   -7.5000  -30.0000 2491.3455   17.8208
    0.0000   -7.5000  -30.0000 2500.6462   17.7189
    7.5000   -7.5000  -30.0000 2470.7751   17.8947
   -7.5000    0.0000  -30.0000 2467.7888   18.1929
    0.0000    0.0000  -30.0000 2482.1262   18.0776
    7.5000    0.0000  -30.0000 2447.6763   18.2998
   -7.5000    7.5000  -30.0000 2422.8623   18.9714
    0.0000    7.5000  -30.0000 2440.0925   18.8858
    7.5000    7.5000  -30.0000 2407.2183   19.1013
   -7.5000   15.0000  -30.0000 2350.5134   20.2333
    0.0000   15.0000  -30.0000 2366.7083   20.1560
    7.5000   15.0000  -30.0000 2339.4211   20.3663
   -7.5000   22.5000  -30.0000 2256.6599   22.0011
    0.0000   22.5000  -30.0000 2270.1289   21.9496
    7.5000   22.5000  -30.0000 2242.7732   22.1081
   -7.5000   30.0000  -30.0000 2133.7991   24.3868
    0.0000   30.0000  -30.0000 2148.9050   24.2594
    7.5000   30.0000  -30.0000 2120.2004   24.4489
   -7.5000   37.5000  -30.0000 1999.5576   27.4339
    0.0000   37.5000  -30.0000 2012.6831   27.3277
    7.5000   37.5000  -30.0000 1985.2885   27.5376
   -7.5000   45.0000  -30.0000 1856.9004   31.5772
    0.0000   45.0000  -30.0000 1865.9729   31.4400
    7.5000   45.0000  -30.0000 1840.4796   31.7545
   -7.5000  -45.0000  -22.5000 2379.4282   20.3591
    0.0000  -45.0000  -22.5000 2385.0344   20.4133
    7.5000  -45.0000  -22.5000 2361.4036   20.5047
   -7.5000  -37.5000  -22.5000 2472.0825   18.7295
    0.0000  -37.5000  -22.5000 2480.4006   18.7334
    7.5000  -37.5000  -22.5000 2454.8438   18.8256
   -7.5000  -30.0000  -22.5000 2535.4370   17.6475
    0.0000  -30.0000  -22.5000 2544.1345   17.5970
    7.5000  -30.0000  -22.5000 2519.5710   17.7335
   -7.5000  -22.5000  -22.5000 2589.6587   17.0443
    0.0000  -22.5000  -22.5000 2599.8455   16.9478
    7.5000  -22.5000  -22.5000 2572.3318   17.0897
   -7.5000  -15.0000  -22.5000 2621.8015   16.7508
    0.0000  -15.0000  -22.5000 2636.1589   16.6352
    7.5000  -15.0000  -22.5000 2605.3123   16.7687
   -7.5000   -7.5000  -22.5000 2626.5664   16.7905
    0.0000   -7.5000  -22.5000 2641.0195   16.6617
    7.5000   -7.5000  -22.5000 2603.1824   16.7992
   -7.5000    0.0000  -22.5000 2605.5476   17.1844
    0.0000    0.0000  -22.5000 2624.6465   17.0221
    7.5000    0.0000  -22.5000 2586.9883   17.2381
   -7.5000    7.5000  -22.5000 2554.7014   17.9516
    0.0000    7.5000  -22.5000 2575.5955   17.8009
    7.5000    7.5000  -22.5000 2539.8625   18.0050
   -7.5000   15.0000  -22.5000 2476.6562   19.1313
    0.0000   15.0000  -22.5000 2490.9138   19.0106
    7.5000   15.0000  -22.5000 2463.2039   19.2248
   -7.5000   22.5000  -22.5000 2370.6929   20.9053
    0.0000   22.5000  -22.5000 2384.6931   20.7251
    7.5000   22.5000  -22.5000 2356.9453   20.9109
   -7.5000   30.0000  -22.5000 2233.6685   23.1470
    0.0000   30.0000  -22.5000 2247.5972   22.9855
    7.5000   30.0000  -22.5000 2220.8967   23.1542
   -7.5000   37.5000  -22.5000 2085.8096   26.0540
    0.0000   37.5000  -22.5000 2099.8794   25.9433
    7.5000   37.5000  -22.5000 2074.0398   26.1082
   -7.5000   45.0000  -22.5000 1934.8224   29.7838
    0.0000   45.0000  -22.5000 1946.3279   29.7072
    7.5000   45.0000  -22.5000 1922.5679   29.9222
   -7.5000  -45.0000  -15.0000 2436.7227   19.2917
    0.0000  -45.0000  -15.0000 2447.6934   19.3084
    7.5000  -45.0000  -15.0000 2418.9265   19.4571
   -7.5000  -37.5000  -15.0000 2543.4900   17.7325
    0.0000  -37.5000  -15.0000 2557.8457   17.7284
    7.5000  -37.5000  -15.0000 2523.9856   17.8147
   -7.5000  -30.0000  -15.0000 2625.2837   16.6453
    0.0000  -30.0000  -15.0000 2638.0681   16.5887
    7.5000  -30.0000  -15.0000 2608.8379   16.7049
   -7.5000  -22.5000  -15.0000 2686.7329   16.0035
    0.0000  -22.5000  -15.0000 2696.3496   15.9281
    7.5000  -22.5000  -15.0000 2667.6538   16.0779
   -7.5000  -15.0000  -15.0000 2722.8584   15.7277
    0.0000  -15.0000  -15.0000 2746.6350   15.6413
    7.5000  -15.0000  -15.0000 2709.3218   15.7487
   -7.5000   -7.5000  -15.0000 2735.8010   15.8119
    0.0000   -7.5000  -15.0000 2759.1299   15.6841
    7.5000   -7.5000  -15.0000 2723.7874   15.8343
   -7.5000    0.0000  -15.0000 2712.9492   16.1955
    0.0000    0.0000  -15.0000 2732.2712   16.0225
    7.5000    0.0000  -15.0000 2701.5713   16.2346
   -7.5000    7.5000  -15.0000 2653.8860   16.9811
    0.0000    7.5000  -15.0000 2668.0566   16.7841
    7.5000    7.5000  -15.0000 2642.9741   17.0025
   -7.5000   15.0000  -15.0000 2567.0042   18.1890
    0.0000   15.0000  -15.0000 2577.3770   17.9713
    7.5000   15.0000  -15.0000 2557.1528   18.1814
   -7.5000   22.5000  -15.0000 2449.9624   19.8844
    0.0000   22.5000  -15.0000 2462.5039   19.6495
    7.5000   22.5000  -15.0000 2438.1694   19.8703
   -7.5000   30.0000  -15.0000 2313.3198   22.0872
    0.0000   30.0000  -15.0000 2325.2786   21.8294
    7.5000   30.0000  -15.0000 2298.4944   22.0566
   -7.5000   37.5000  -15.0000 2151.9236   24.8513
    0.0000   37.5000  -15.0000 2162.2451   24.6872
    7.5000   37.5000  -15.0000 2139.2446   24.8609
   -7.5000   45.0000  -15.0000 1982.9082   28.3554
    0.0000   45.0000  -15.0000 1992.6261   28.2459
    7.5000   45.0000  -15.0000 1973.4556   28.4885
   -7.5000  -45.0000   -7.5000 2478.0859   18.3735
    0.0000  -45.0000   -7.5000 2489.3232   18.3283
    7.5000  -45.0000   -7.5000 2464.8672   18.4735
   -7.5000  -37.5000   -7.5000 2595.7075   16.8346
    0.0000  -37.5000   -7.5000 2612.3750   16.7943
    7.5000  -37.5000   -7.5000 2583.3694   16.9219
   -7.5000  -30.0000   -7.5000 2700.1030   15.7767
    0.0000  -30.0000   -7.5000 2716.4426   15.7508
    7.5000  -30.0000   -7.5000 2685.9604   15.8721
   -7.5000  -22.5000   -7.5000 2777.1633   15.1729
    0.0000  -22.5000   -7.5000 2794.7627   15.0887
    7.5000  -22.5000   -7.5000 2758.9792   15.2029
   -7.5000  -15.0000   -7.5000 2820.0005   14.8733
    0.0000  -15.0000   -7.5000 2854.1001   14.8011
    7.5000  -15.0000   -7.5000 2803.6980   14.9513
   -7.5000   -7.5000   -7.5000 2830.0120   14.8824
    0.0000   -7.5000   -7.5000 2862.9709   14.8260
    7.5000   -7.5000   -7.5000 2823.9919   15.0146
   -7.5000    0.0000   -7.5000 2800.8730   15.2745
    0.0000    0.0000   -7.5000 2822.7468   15.0890
    7.5000    0.0000   -7.5000 2793.5728   15.3361
   -7.5000    7.5000   -7.5000 2730.6248   16.0791
    0.0000    7.5000   -7.5000 2747.4475   15.8248
    7.5000    7.5000   -7.5000 2723.9456   16.0967
   -7.5000   15.0000   -7.5000 2629.4802   17.3318
    0.0000   15.0000   -7.5000 2645.7651   17.0680
    7.5000   15.0000   -7.5000 2621.1631   17.3447
   -7.5000   22.5000   -7.5000 2504.4622   19.0190
    0.0000   22.5000   -7.5000 2519.7068   18.7476
    7.5000   22.5000   -7.5000 2494.6008   19.0190
   -7.5000   30.0000   -7.5000 2364.4456   21.1115
    0.0000   30.0000   -7.5000 2378.9387   20.8663
    7.5000   30.0000   -7.5000 2351.3770   21.1309
   -7.5000   37.5000   -7.5000 2199.5552   23.7332
    0.0000   37.5000   -7.5000 2208.8408   23.5689
    7.5000   37.5000   -7.5000 2185.6448   23.8350
   -7.5000   45.0000   -7.5000 2022.0602   27.1692
    0.0000   45.0000   -7.5000 2036.3572   26.9956
    7.5000   45.0000   -7.5000 2014.5857   27.2936
   -7.5000  -45.0000    0.0000 2508.5579   17.7251
    0.0000  -45.0000    0.0000 2519.7776   17.5702
    7.5000  -45.0000    0.0000 2496.0254   17.8379
   -7.5000  -37.5000    0.0000 2630.7180   16.1771
    0.0000  -37.5000    0.0000 2645.1914   16.0858
    7.5000  -37.5000    0.0000 2617.6472   16.3367
   -7.5000  -30.0000    0.0000 2743.1289   15.1690
    0.0000  -30.0000    0.0000 2765.4724   15.0974
    7.5000  -30.0000    0.0000 2728.6909   15.2791
   -7.5000  -22.5000    0.0000 2841.4863   14.5620
    0.0000  -22.5000    0.0000 2878.2515   14.5137
    7.5000  -22.5000    0.0000 2825.0532   14.6124
   -7.5000  -15.0000    0.0000 2903.0667   14.1460
    0.0000  -15.0000    0.0000 2957.3865   14.0800
    7.5000  -15.0000    0.0000 2889.5569   14.3070
   -7.5000   -7.5000    0.0000 2903.3850   14.1816
    0.0000   -7.5000    0.0000 2950.4563   14.0362
    7.5000   -7.5000    0.0000 2896.1550   14.3938
   -7.5000    0.0000    0.0000 2854.5269   14.6437
    0.0000    0.0000    0.0000 2883.7781   14.4189
    7.5000    0.0000    0.0000 2845.8179   14.7679
   -7.5000    7.5000    0.0000 2776.5771   15.4352
    0.0000    7.5000    0.0000 2800.8425   15.1875
    7.5000    7.5000    0.0000 2772.6338   15.5072
   -7.5000   15.0000    0.0000 2666.3198   16.6690
    0.0000   15.0000    0.0000 2688.1736   16.4320
    7.5000   15.0000    0.0000 2662.7175   16.7528
   -7.5000   22.5000    0.0000 2538.5857   18.3426
    0.0000   22.5000    0.0000 2554.6882   18.1228
    7.5000   22.5000    0.0000 2527.7974   18.4131
   -7.5000   30.0000    0.0000 2392.4692   20.3947
    0.0000   30.0000    0.0000 2407.8694   20.2010
    7.5000   30.0000    0.0000 2375.3755   20.5191
   -7.5000   37.5000    0.0000 2228.5171   22.9766
    0.0000   37.5000    0.0000 2240.1265   22.8001
    7.5000   37.5000    0.0000 2214.7786   23.1545
   -7.5000   45.0000    0.0000 2047.9241   26.2060
    0.0000   45.0000    0.0000 2061.5598   26.1174
    7.5000   45.0000    0.0000 2039.0459   26.4136
   -7.5000  -45.0000    7.5000 2516.6370   17.4547
    0.0000  -45.0000    7.5000 2525.0449   17.1549
    7.5000  -45.0000    7.5000 2508.2346   17.4969
   -7.5000  -37.5000    7.5000 2644.5088   15.9369
    0.0000  -37.5000    7.5000 2659.7407   15.6642
    7.5000  -37.5000    7.5000 2634.9695   15.9838
   -7.5000  -30.0000    7.5000 2762.3372   14.8669
    0.0000  -30.0000    7.5000 2785.0005   14.6532
    7.5000  -30.0000    7.5000 2752.3926   14.9136
   -7.5000  -22.5000    7.5000 2869.3018   14.1890
    0.0000  -22.5000    7.5000 2915.5237   14.0137
    7.5000  -22.5000    7.5000 2857.8296   14.1897
   -7.5000  -15.0000    7.5000 2935.5833   13.7061
    0.0000  -15.0000    7.5000 2990.1746   13.4498
    7.5000  -15.0000    7.5000 2917.5928   13.8279
   -7.5000   -7.5000    7.5000 2945.6096   13.8010
    0.0000   -7.5000    7.5000 2994.6240   13.5391
    7.5000   -7.5000    7.5000 2928.2695   13.9747
   -7.5000    0.0000    7.5000 2889.0125   14.3021
    0.0000    0.0000    7.5000 2920.9888   14.1237
    7.5000    0.0000    7.5000 2878.9878   14.4501
   -7.5000    7.5000    7.5000 2804.7097   15.1063
    0.0000    7.5000    7.5000 2825.4897   14.9095
    7.5000    7.5000    7.5000 2795.9011   15.2041
   -7.5000   15.0000    7.5000 2682.4229   16.3433
    0.0000   15.0000    7.5000 2698.3657   16.1338
    7.5000   15.0000    7.5000 2679.7092   16.4283
   -7.5000   22.5000    7.5000 2550.1289   18.0092
    0.0000   22.5000    7.5000 2567.3940   17.7547
    7.5000   22.5000    7.5000 2544.1755   18.0640
   -7.5000   30.0000    7.5000 2404.6604   20.0534
    0.0000   30.0000    7.5000 2419.9739   19.8219
    7.5000   30.0000    7.5000 2392.9436   20.1274
   -7.5000   37.5000    7.5000 2234.2776   22.4947
    0.0000   37.5000    7.5000 2249.2803   22.3689
    7.5000   37.5000    7.5000 2232.0950   22.6604
   -7.5000   45.0000    7.5000 2052.7944   25.5478
    0.0000   45.0000    7.5000 2067.8425   25.4611
    7.5000   45.0000    7.5000 2047.0416   25.8060
   -7.5000  -45.0000   15.0000 2508.7949   17.5718
    0.0000  -45.0000   15.0000 2516.9600   17.0922
    7.5000  -45.0000   15.0000 2506.7524   17.4854
   -7.5000  -37.5000   15.0000 2640.5156   16.0371
    0.0000  -37.5000   15.0000 2650.1284   15.6227
    7.5000  -37.5000   15.0000 2639.8115   15.9828
   -7.5000  -30.0000   15.0000 2754.3528   14.9684
    0.0000  -30.0000   15.0000 2770.0615   14.6527
    7.5000  -30.0000   15.0000 2756.1130   14.9031
   -7.5000  -22.5000   15.0000 2851.7603   14.3006
    0.0000  -22.5000   15.0000 2884.3125   14.0170
    7.5000  -22.5000   15.0000 2847.0176   14.2019
   -7.5000  -15.0000   15.0000 2913.0837   13.8402
    0.0000  -15.0000   15.0000 2951.0879   13.5468
    7.5000  -15.0000   15.0000 2898.7888   13.8229
   -7.5000   -7.5000   15.0000 2926.0923   13.8220
    0.0000   -7.5000   15.0000 2971.6289   13.6265
    7.5000   -7.5000   15.0000 2918.8723   13.8948
   -7.5000    0.0000   15.0000 2874.3354   14.2998
    0.0000    0.0000   15.0000 2911.8586   14.1457
    7.5000    0.0000   15.0000 2867.5610   14.4016
   -7.5000    7.5000   15.0000 2788.2339   15.1217
    0.0000    7.5000   15.0000 2814.5044   14.9430
    7.5000    7.5000   15.0000 2784.5171   15.2113
   -7.5000   15.0000   15.0000 2669.0029   16.3114
    0.0000   15.0000   15.0000 2685.6948   16.1258
    7.5000   15.0000   15.0000 2670.9758   16.4153
   -7.5000   22.5000   15.0000 2541.2073   17.8903
    0.0000   22.5000   15.0000 2559.7795   17.6842
    7.5000   22.5000   15.0000 2540.7446   17.9652
   -7.5000   30.0000   15.0000 2392.5396   19.8937
    0.0000   30.0000   15.0000 2408.0657   19.6771
    7.5000   30.0000   15.0000 2387.3201   19.9036
   -7.5000   37.5000   15.0000 2222.2600   22.3641
    0.0000   37.5000   15.0000 2234.0654   22.1570
    7.5000   37.5000   15.0000 2222.3982   22.3732
   -7.5000   45.0000   15.0000 2042.4094   25.3985
    0.0000   45.0000   15.0000 2060.2151   25.2511
    7.5000   45.0000   15.0000 2037.5374   25.5222
   -7.5000  -45.0000   22.5000 2487.7197   18.0208
    0.0000  -45.0000   22.5000 2496.4316   17.4915
    7.5000  -45.0000   22.5000 2488.6694   17.8535
   -7.5000  -37.5000   22.5000 2612.4272   16.5106
    0.0000  -37.5000   22.5000 2622.1743   16.0558
    7.5000  -37.5000   22.5000 2613.5596   16.3497
   -7.5000  -30.0000   22.5000 2725.4690   15.4698
    0.0000  -30.0000   22.5000 2734.3687   15.0672
    7.5000  -30.0000   22.5000 2726.6619   15.2949
   -7.5000  -22.5000   22.5000 2809.2144   14.7821
    0.0000  -22.5000   22.5000 2823.7419   14.3329
    7.5000  -22.5000   22.5000 2804.4102   14.6024
   -7.5000  -15.0000   22.5000 2853.0098   14.3564
    0.0000  -15.0000   22.5000 2872.8916   14.0124
    7.5000  -15.0000   22.5000 2847.9658   14.2494
   -7.5000   -7.5000   22.5000 2858.7888   14.3360
    0.0000   -7.5000   22.5000 2895.3499   14.0935
    7.5000   -7.5000   22.5000 2861.4910   14.2930
   -7.5000    0.0000   22.5000 2812.3325   14.7140
    0.0000    0.0000   22.5000 2850.7234   14.5359
    7.5000    0.0000   22.5000 2813.8452   14.7116
   -7.5000    7.5000   22.5000 2738.5098   15.4917
    0.0000    7.5000   22.5000 2764.4329   15.2904
    7.5000    7.5000   22.5000 2742.2822   15.5130
   -7.5000   15.0000   22.5000 2631.9741   16.6206
    0.0000   15.0000   22.5000 2658.4658   16.4017
    7.5000   15.0000   22.5000 2641.5852   16.6518
   -7.5000   22.5000   22.5000 2508.8269   18.1079
    0.0000   22.5000   22.5000 2532.7622   17.9079
    7.5000   22.5000   22.5000 2517.7827   18.1256
   -7.5000   30.0000   22.5000 2361.4656   20.0547
    0.0000   30.0000   22.5000 2378.2322   19.7909
    7.5000   30.0000   22.5000 2361.8450   20.0046
   -7.5000   37.5000   22.5000 2191.4365   22.4960
    0.0000   37.5000   22.5000 2203.8108   22.2427
    7.5000   37.5000   22.5000 2194.0103   22.4699
   -7.5000   45.0000   22.5000 2020.8248   25.5660
    0.0000   45.0000   22.5000 2036.8273   25.3604
    7.5000   45.0000   22.5000 2018.7096   25.6109
   -7.5000  -45.0000   30.0000 2443.8074   18.8101
    0.0000  -45.0000   30.0000 2457.5142   18.2552
    7.5000  -45.0000   30.0000 2443.2126   18.6063
   -7.5000  -37.5000   30.0000 2562.5498   17.2456
    0.0000  -37.5000   30.0000 2575.1018   16.7890
    7.5000  -37.5000   30.0000 2565.5464   17.0923
   -7.5000  -30.0000   30.0000 2662.5476   16.1672
    0.0000  -30.0000   30.0000 2679.5811   15.6746
    7.5000  -30.0000   30.0000 2668.0491   15.9987
   -7.5000  -22.5000   30.0000 2736.9595   15.4415
    0.0000  -22.5000   30.0000 2753.6433   14.9401
    7.5000  -22.5000   30.0000 2736.7065   15.3142
   -7.5000  -15.0000   30.0000 2774.6455   15.0182
    0.0000  -15.0000   30.0000 2784.7583   14.6448
    7.5000  -15.0000   30.0000 2772.2280   14.9520
   -7.5000   -7.5000   30.0000 2765.5596   15.0509
    0.0000   -7.5000   30.0000 2791.9253   14.7336
    7.5000   -7.5000   30.0000 2770.2800   14.9962
   -7.5000    0.0000   30.0000 2718.4919   15.4187
    0.0000    0.0000   30.0000 2750.2019   15.2001
    7.5000    0.0000   30.0000 2727.2083   15.3856
   -7.5000    7.5000   30.0000 2657.5542   16.2353
    0.0000    7.5000   30.0000 2682.5432   15.9781
    7.5000    7.5000   30.0000 2660.4275   16.1546
   -7.5000   15.0000   30.0000 2565.3074   17.2925
    0.0000   15.0000   30.0000 2593.0918   17.0119
    7.5000   15.0000   30.0000 2578.6877   17.2036
   -7.5000   22.5000   30.0000 2447.9863   18.7138
    0.0000   22.5000   30.0000 2472.9849   18.4490
    7.5000   22.5000   30.0000 2460.6914   18.6192
   -7.5000   30.0000   30.0000 2305.3633   20.5406
    0.0000   30.0000   30.0000 2327.2610   20.2827
    7.5000   30.0000   30.0000 2313.3882   20.4639
   -7.5000   37.5000   30.0000 2145.0691   22.9547
    0.0000   37.5000   30.0000 2167.2517   22.7409
    7.5000   37.5000   30.0000 2153.0437   22.9503
   -7.5000   45.0000   30.0000 1992.7766   26.0825
    0.0000   45.0000   30.0000 2007.3544   25.9113
    7.5000   45.0000   30.0000 1992.6982   26.1109
   -7.5000  -45.0000   37.5000 2391.6472   19.7096
    0.0000  -45.0000   37.5000 2414.7974   19.2292
    7.5000  -45.0000   37.5000 2393.7976   19.5081
   -7.5000  -37.5000   37.5000 2497.4287   18.1823
    0.0000  -37.5000   37.5000 2522.0793   17.6901
    7.5000  -37.5000   37.5000 2505.9417   17.9788
   -7.5000  -30.0000   37.5000 2581.2107   17.0795
    0.0000  -30.0000   37.5000 2609.0039   16.5746
    7.5000  -30.0000   37.5000 2595.6863   16.9083
   -7.5000  -22.5000   37.5000 2649.5037   16.3387
    0.0000  -22.5000   37.5000 2666.3320   15.9019
    7.5000  -22.5000   37.5000 2653.0088   16.2190
   -7.5000  -15.0000   37.5000 2677.1785   15.9569
    0.0000  -15.0000   37.5000 2684.8887   15.5988
    7.5000  -15.0000   37.5000 2677.3477   15.8691
   -7.5000   -7.5000   37.5000 2669.1040   15.9354
    0.0000   -7.5000   37.5000 2689.9995   15.6094
    7.5000   -7.5000   37.5000 2674.7966   15.8427
   -7.5000    0.0000   37.5000 2629.3127   16.2979
    0.0000    0.0000   37.5000 2655.7419   16.0232
    7.5000    0.0000   37.5000 2643.7456   16.2559
   -7.5000    7.5000   37.5000 2571.1587   17.0562
    0.0000    7.5000   37.5000 2594.6453   16.7638
    7.5000    7.5000   37.5000 2577.4324   16.9961
   -7.5000   15.0000   37.5000 2486.2808   18.0849
    0.0000   15.0000   37.5000 2509.9050   17.7953
    7.5000   15.0000   37.5000 2494.8057   18.0058
   -7.5000   22.5000   37.5000 2373.7876   19.6013
    0.0000   22.5000   37.5000 2395.6594   19.3355
    7.5000   22.5000   37.5000 2384.3025   19.4813
   -7.5000   30.0000   37.5000 2235.6272   21.4840
    0.0000   30.0000   37.5000 2260.2104   21.2400
    7.5000   30.0000   37.5000 2247.9055   21.3802
   -7.5000   37.5000   37.5000 2098.5530   23.9024
    0.0000   37.5000   37.5000 2115.8508   23.6976
    7.5000   37.5000   37.5000 2105.4360   23.8614
   -7.5000   45.0000   37.5000 1944.9479   27.0816
    0.0000   45.0000   37.5000 1955.3267   26.8764
    7.5000   45.0000   37.5000 1950.1779   27.0645
   -7.5000  -45.0000   45.0000 2324.2046   20.8761
    0.0000  -45.0000   45.0000 2361.8777   20.4698
    7.5000  -45.0000   45.0000 2340.5642   20.6087
   -7.5000  -37.5000   45.0000 2420.4131   19.3140
    0.0000  -37.5000   45.0000 2455.6782   18.8767
    7.5000  -37.5000   45.0000 2436.1831   19.0710
   -7.5000  -30.0000   45.0000 2496.2349   18.2270
    0.0000  -30.0000   45.0000 2528.6729   17.7966
    7.5000  -30.0000   45.0000 2510.7898   18.0384
   -7.5000  -22.5000   45.0000 2551.4739   17.4809
    0.0000  -22.5000   45.0000 2570.3726   17.1488
    7.5000  -22.5000   45.0000 2556.4988   17.3631
   -7.5000  -15.0000   45.0000 2570.4116   17.1349
    0.0000  -15.0000   45.0000 2585.5356   16.8094
    7.5000  -15.0000   45.0000 2574.7129   17.0093
   -7.5000   -7.5000   45.0000 2560.4329   17.1141
    0.0000   -7.5000   45.0000 2581.7449   16.8407
    7.5000   -7.5000   45.0000 2569.0715   16.9846
   -7.5000    0.0000   45.0000 2524.9810   17.4453
    0.0000    0.0000   45.0000 2557.9863   17.1786
    7.5000    0.0000   45.0000 2547.3870   17.3234
   -7.5000    7.5000   45.0000 2472.3420   18.1485
    0.0000    7.5000   45.0000 2503.0149   17.8751
    7.5000    7.5000   45.0000 2488.6431   18.0247
   -7.5000   15.0000   45.0000 2396.4580   19.1796
    0.0000   15.0000   45.0000 2419.5801   18.9132
    7.5000   15.0000   45.0000 2405.3882   19.0791
   -7.5000   22.5000   45.0000 2288.7778   20.7308
    0.0000   22.5000   45.0000 2311.6873   20.4508
    7.5000   22.5000   45.0000 2298.8650   20.6190
   -7.5000   30.0000   45.0000 2157.7471   22.7533
    0.0000   30.0000   45.0000 2175.7209   22.5387
    7.5000   30.0000   45.0000 2168.7439   22.6550
   -7.5000   37.5000   45.0000 2028.7240   25.2767
    0.0000   37.5000   45.0000 2045.4097   25.0754
    7.5000   37.5000   45.0000 2037.2087   25.1737
   -7.5000   45.0000   45.0000 1887.5973   28.4742
    0.0000   45.0000   45.0000 1901.6670   28.2631
    7.5000   45.0000   45.0000 1897.2657   28.3782

---------------------------------------------------------------------
imgreg_4dfp /opt/freesurfer/average/711-2C_as_mni_average_305 /opt/freesurfer/average/711-2B_as_mni_average_305_mask talsrcimg_g11 none talsrcimg_to_711-2C_as_mni_average_305_t4 1283
---------------------------------------------------------------------

freesurfer imgreg_4dfp.c
/opt/freesurfer/average/711-2C_as_mni_average_305.4dfp.img
       256       256       256         1
  1.000000  1.000000  1.000000
orientation T byte_order littleendian
Reading image: /opt/freesurfer/average/711-2C_as_mni_average_305.4dfp.img
dimensions:      256       256       256
mmppix:       1.0000   -1.0000   -1.0000
center:     128.0000 -129.0000 -129.0000
/opt/freesurfer/average/711-2B_as_mni_average_305_mask.4dfp.img
       256       256       256         1
  1.000000  1.000000  1.000000
orientation T byte_order littleendian
Reading mask: /opt/freesurfer/average/711-2B_as_mni_average_305_mask.4dfp.img (2306576 pixels)
talsrcimg_g11.4dfp.img
       256       256       256         1
  1.000000  1.000000  1.000000
orientation T byte_order littleendian
Reading image: talsrcimg_g11.4dfp.img
dimensions:      256       256       256
mmppix:       1.0000   -1.0000   -1.0000
center:     128.0000 -129.0000 -129.0000
rotation matrix determinant  1.000000
fimgreg.f
image alignment mode   1283 decimal      503 hex
parameters
    0.0000   -7.5000    7.5000    0.0000    0.0000    0.0000
eta,q 0.94122 13.50905
niter,ni,del,rscale     5    3   12.0000    1.2000
parameters
   -0.1134  -10.3430    7.4480   -1.2759   -1.8993   -0.0962
eta,q 0.94626 13.25675
  0.0718  0.0576  0.0634  0.0587  0.0578  0.0587
  0.0653  0.0554  0.0576  0.0557  0.0553  0.0565
  0.0592  0.0541  0.0546  0.0544  0.0538  0.0546
  0.0568  0.0567  0.0544  0.0544  0.0542  0.0537
  0.0591  0.0621  0.0562  0.0572  0.0575  0.0540
  0.0651  0.0691  0.0589  0.0599  0.0632  0.0560
  0.0738  0.0777  0.0625  0.0628  0.0700  0.0597
niter,ni,del,rscale     4    3   12.0000    1.2000
parameters
   -0.0719  -10.7724    7.0625   -1.4654   -2.3236   -0.4042
eta,q 0.94627 13.28556
  0.0703  0.0616  0.0619  0.0599  0.0599  0.0579
  0.0607  0.0571  0.0562  0.0562  0.0571  0.0557
  0.0551  0.0548  0.0533  0.0540  0.0548  0.0543
  0.0537  0.0537  0.0539  0.0536  0.0536  0.0537
  0.0557  0.0546  0.0561  0.0548  0.0543  0.0540
  0.0615  0.0592  0.0591  0.0576  0.0576  0.0559
  0.0689  0.0644  0.0624  0.0600  0.0632  0.0596
niter,ni,del,rscale     3    3   12.0000    1.2000
parameters
   -0.0361  -10.8856    6.9954   -1.5154   -2.4608   -0.5034
eta,q 0.94624 13.29252
  0.0701  0.0628  0.0629  0.0601  0.0604  0.0582
  0.0605  0.0570  0.0569  0.0563  0.0574  0.0559
  0.0551  0.0545  0.0535  0.0541  0.0550  0.0544
  0.0537  0.0537  0.0537  0.0537  0.0537  0.0538
  0.0557  0.0544  0.0558  0.0546  0.0540  0.0540
  0.0612  0.0582  0.0585  0.0573  0.0570  0.0556
  0.0688  0.0631  0.0616  0.0596  0.0621  0.0590
niter,ni,del,rscale     2    3   12.0000    1.2000
parameters
   -0.0173  -10.8984    6.9964   -1.5325   -2.4971   -0.5284
eta,q 0.94623 13.29342
  0.0699  0.0632  0.0631  0.0602  0.0606  0.0583
  0.0604  0.0571  0.0571  0.0563  0.0576  0.0559
  0.0551  0.0545  0.0535  0.0541  0.0551  0.0544
  0.0538  0.0538  0.0538  0.0538  0.0538  0.0538
  0.0557  0.0544  0.0558  0.0546  0.0540  0.0540
  0.0612  0.0580  0.0584  0.0572  0.0568  0.0556
  0.0688  0.0628  0.0615  0.0595  0.0618  0.0588
registration optimization eta report
parameter search radius
    6.0000    6.0000    6.0000    6.0000    6.0000    6.0000
100000*second partial in parameter space
       43.       26.       24.       17.       21.       14.
  0.0699  0.0632  0.0631  0.0602  0.0606  0.0583
  0.0604  0.0571  0.0571  0.0563  0.0576  0.0559
  0.0551  0.0545  0.0535  0.0541  0.0551  0.0544
  0.0538  0.0538  0.0538  0.0538  0.0538  0.0538
  0.0557  0.0544  0.0558  0.0546  0.0540  0.0540
  0.0612  0.0580  0.0584  0.0572  0.0568  0.0556
  0.0688  0.0628  0.0615  0.0595  0.0618  0.0588
   -0.0173  -10.8984    6.9964   -1.5325   -2.4971   -0.5284
eta,q 0.94623 13.29342

---------------------------------------------------------------------
imgreg_4dfp /opt/freesurfer/average/711-2C_as_mni_average_305 /opt/freesurfer/average/711-2B_as_mni_average_305_mask talsrcimg_g11 none talsrcimg_to_711-2C_as_mni_average_305_t4 3335
---------------------------------------------------------------------

freesurfer imgreg_4dfp.c
/opt/freesurfer/average/711-2C_as_mni_average_305.4dfp.img
       256       256       256         1
  1.000000  1.000000  1.000000
orientation T byte_order littleendian
Reading image: /opt/freesurfer/average/711-2C_as_mni_average_305.4dfp.img
dimensions:      256       256       256
mmppix:       1.0000   -1.0000   -1.0000
center:     128.0000 -129.0000 -129.0000
/opt/freesurfer/average/711-2B_as_mni_average_305_mask.4dfp.img
       256       256       256         1
  1.000000  1.000000  1.000000
orientation T byte_order littleendian
Reading mask: /opt/freesurfer/average/711-2B_as_mni_average_305_mask.4dfp.img (2306576 pixels)
talsrcimg_g11.4dfp.img
       256       256       256         1
  1.000000  1.000000  1.000000
orientation T byte_order littleendian
Reading image: talsrcimg_g11.4dfp.img
dimensions:      256       256       256
mmppix:       1.0000   -1.0000   -1.0000
center:     128.0000 -129.0000 -129.0000
fimgreg.f
image alignment mode   3335 decimal      D07 hex
parameters
   -0.0173  -10.8984    6.9964   -0.0992   -0.0389   -0.1307
    0.8053    4.3797   -0.9213    2.6342   -4.3568   -2.6719
eta,q 0.94679 13.36869
niter,ni,del,rscale     5    3    5.0000    1.2000
parameter  4  1.218122 ->  0.500000 qaram    1.1500
parameter  5  5.617045 ->  0.500000 qaram    1.1500
parameter  6  2.311148 ->  0.500000 qaram    1.1500
parameter 12  0.700062 ->  0.500000 qaram    1.1500
parameters
    0.4148  -10.4820    7.0348   -4.2392   -4.1789   -4.2707
   -1.0562    5.6366   -0.3761    0.4553   -3.1512   -6.8119
eta,q 0.96590 12.88292
  0.0574  0.0559  0.0546  0.0480  0.0390  0.0326  0.0373  0.0430  0.0378  0.0368  0.0375  0.0343
  0.0553  0.0545  0.0538  0.0486  0.0422  0.0349  0.0362  0.0397  0.0365  0.0355  0.0363  0.0341
  0.0539  0.0536  0.0533  0.0503  0.0456  0.0386  0.0357  0.0371  0.0357  0.0350  0.0354  0.0343
  0.0532  0.0531  0.0531  0.0531  0.0490  0.0431  0.0358  0.0356  0.0354  0.0354  0.0350  0.0349
  0.0532  0.0532  0.0533  0.0566  0.0527  0.0485  0.0367  0.0355  0.0355  0.0365  0.0350  0.0359
  0.0539  0.0536  0.0538  0.0610  0.0568  0.0541  0.0382  0.0369  0.0361  0.0385  0.0354  0.0372
  0.0552  0.0544  0.0544  0.0656  0.0610  0.0598  0.0403  0.0395  0.0372  0.0412  0.0362  0.0387
niter,ni,del,rscale     7    3    5.0000    1.2000
parameter  5  1.125640 ->  0.500000 qaram    1.3225
parameter  6  0.603631 ->  0.500000 qaram    1.3225
parameters
    0.2118  -11.5197    5.8561   -6.7858   -8.9399   -9.0317
   -0.8861    5.7933   -0.2445    1.4013   -2.3253   -5.3394
eta,q 0.97459 12.60870
  0.0376  0.0345  0.0336  0.0351  0.0274  0.0268  0.0293  0.0304  0.0284  0.0305  0.0270  0.0288
  0.0355  0.0337  0.0329  0.0337  0.0279  0.0258  0.0274  0.0279  0.0269  0.0282  0.0262  0.0273
  0.0343  0.0335  0.0329  0.0327  0.0295  0.0260  0.0261  0.0263  0.0260  0.0266  0.0257  0.0261
  0.0341  0.0341  0.0335  0.0328  0.0326  0.0283  0.0257  0.0257  0.0256  0.0256  0.0255  0.0255
  0.0349  0.0352  0.0346  0.0347  0.0367  0.0324  0.0260  0.0260  0.0259  0.0256  0.0255  0.0255
  0.0365  0.0370  0.0362  0.0384  0.0412  0.0381  0.0272  0.0276  0.0268  0.0267  0.0259  0.0261
  0.0390  0.0392  0.0382  0.0433  0.0466  0.0450  0.0290  0.0301  0.0282  0.0286  0.0264  0.0271
niter,ni,del,rscale     7    3    5.0000    1.2000
parameters
    0.3216  -11.1476    5.8338   -5.1547  -12.5015  -10.2984
   -0.6764    5.5371   -0.3247    1.2871   -2.7756   -5.5754
eta,q 0.97558 12.43929
  0.0295  0.0299  0.0274  0.0306  0.0266  0.0295  0.0281  0.0287  0.0266  0.0279  0.0253  0.0264
  0.0274  0.0277  0.0263  0.0286  0.0248  0.0273  0.0263  0.0264  0.0254  0.0259  0.0248  0.0252
  0.0260  0.0261  0.0256  0.0268  0.0241  0.0253  0.0250  0.0250  0.0247  0.0247  0.0245  0.0245
  0.0254  0.0254  0.0254  0.0254  0.0248  0.0241  0.0244  0.0244  0.0244  0.0244  0.0244  0.0244
  0.0257  0.0255  0.0256  0.0247  0.0273  0.0251  0.0248  0.0250  0.0247  0.0249  0.0246  0.0248
  0.0269  0.0263  0.0264  0.0255  0.0315  0.0289  0.0260  0.0268  0.0255  0.0262  0.0250  0.0255
  0.0289  0.0277  0.0275  0.0283  0.0361  0.0352  0.0277  0.0295  0.0267  0.0280  0.0255  0.0265
niter,ni,del,rscale     6    3    5.0000    1.2000
parameters
    0.3525  -10.9009    5.7195   -4.2484  -13.0140  -10.6998
   -0.7145    5.5039   -0.3308    1.5575   -2.8753   -5.7550
eta,q 0.97576 12.42276
  0.0284  0.0278  0.0259  0.0294  0.0291  0.0300  0.0278  0.0288  0.0265  0.0280  0.0253  0.0263
  0.0263  0.0261  0.0250  0.0275  0.0268  0.0276  0.0259  0.0264  0.0252  0.0259  0.0247  0.0251
  0.0249  0.0249  0.0245  0.0258  0.0249  0.0255  0.0247  0.0249  0.0245  0.0246  0.0244  0.0244
  0.0244  0.0244  0.0244  0.0244  0.0241  0.0241  0.0242  0.0242  0.0242  0.0242  0.0242  0.0242
  0.0248  0.0245  0.0246  0.0240  0.0247  0.0242  0.0247  0.0247  0.0245  0.0246  0.0244  0.0246
  0.0261  0.0253  0.0252  0.0254  0.0270  0.0271  0.0260  0.0264  0.0253  0.0257  0.0247  0.0253
  0.0282  0.0267  0.0262  0.0284  0.0310  0.0327  0.0279  0.0290  0.0264  0.0273  0.0253  0.0263
niter,ni,del,rscale     5    3    5.0000    1.2000
parameters
    0.3195  -10.8359    5.5494   -4.0744  -13.0653  -10.8663
   -0.7161    5.4769   -0.3211    1.7384   -2.8149   -5.8595
eta,q 0.97575 12.41921
  0.0282  0.0272  0.0256  0.0289  0.0295  0.0302  0.0278  0.0288  0.0265  0.0278  0.0253  0.0263
  0.0260  0.0256  0.0248  0.0272  0.0272  0.0277  0.0260  0.0264  0.0253  0.0258  0.0247  0.0251
  0.0246  0.0246  0.0243  0.0255  0.0252  0.0256  0.0247  0.0249  0.0245  0.0246  0.0244  0.0244
  0.0242  0.0242  0.0242  0.0242  0.0242  0.0242  0.0242  0.0242  0.0242  0.0242  0.0243  0.0243
  0.0248  0.0245  0.0245  0.0243  0.0246  0.0241  0.0247  0.0247  0.0245  0.0246  0.0244  0.0246
  0.0262  0.0254  0.0251  0.0261  0.0265  0.0267  0.0260  0.0264  0.0253  0.0257  0.0247  0.0253
  0.0284  0.0269  0.0261  0.0294  0.0303  0.0321  0.0278  0.0290  0.0264  0.0273  0.0253  0.0262
niter,ni,del,rscale     4    3    5.0000    1.2000
parameters
    0.3033  -10.7971    5.4546   -4.0233  -13.0667  -10.9531
   -0.7175    5.4514   -0.3372    1.8408   -2.7648   -5.9218
eta,q 0.97573 12.41734
  0.0283  0.0271  0.0258  0.0289  0.0295  0.0302  0.0278  0.0288  0.0265  0.0277  0.0253  0.0263
  0.0260  0.0255  0.0249  0.0271  0.0272  0.0277  0.0260  0.0264  0.0253  0.0257  0.0248  0.0251
  0.0247  0.0246  0.0244  0.0255  0.0252  0.0257  0.0247  0.0249  0.0245  0.0245  0.0244  0.0244
  0.0242  0.0242  0.0243  0.0242  0.0242  0.0242  0.0243  0.0243  0.0243  0.0243  0.0243  0.0243
  0.0248  0.0245  0.0245  0.0244  0.0246  0.0241  0.0247  0.0247  0.0245  0.0247  0.0244  0.0246
  0.0261  0.0254  0.0250  0.0263  0.0265  0.0266  0.0260  0.0264  0.0253  0.0258  0.0247  0.0253
  0.0283  0.0269  0.0260  0.0296  0.0302  0.0319  0.0279  0.0290  0.0264  0.0273  0.0253  0.0262
niter,ni,del,rscale     3    3    5.0000    1.2000
parameters
    0.2952  -10.7754    5.4037   -4.0024  -13.0676  -10.9974
   -0.7130    5.4384   -0.3586    1.9003   -2.7372   -5.9584
eta,q 0.97573 12.41630
  0.0283  0.0270  0.0258  0.0289  0.0295  0.0302  0.0278  0.0289  0.0265  0.0276  0.0254  0.0263
  0.0261  0.0255  0.0249  0.0271  0.0273  0.0277  0.0260  0.0264  0.0252  0.0257  0.0248  0.0251
  0.0247  0.0246  0.0244  0.0255  0.0252  0.0257  0.0248  0.0249  0.0245  0.0245  0.0244  0.0244
  0.0243  0.0243  0.0243  0.0243  0.0243  0.0243  0.0243  0.0243  0.0243  0.0243  0.0243  0.0243
  0.0248  0.0246  0.0245  0.0244  0.0246  0.0241  0.0247  0.0247  0.0245  0.0247  0.0244  0.0246
  0.0261  0.0255  0.0250  0.0263  0.0265  0.0266  0.0260  0.0264  0.0253  0.0258  0.0248  0.0253
  0.0283  0.0269  0.0260  0.0297  0.0302  0.0318  0.0279  0.0290  0.0264  0.0273  0.0253  0.0262
niter,ni,del,rscale     2    3    5.0000    1.2000
parameters
    0.2906  -10.7604    5.3733   -3.9925  -13.0668  -11.0279
   -0.7057    5.4299   -0.3697    1.9357   -2.7187   -5.9742
eta,q 0.97572 12.41540
  0.0283  0.0270  0.0259  0.0289  0.0295  0.0302  0.0278  0.0289  0.0265  0.0276  0.0254  0.0263
  0.0261  0.0255  0.0249  0.0271  0.0273  0.0278  0.0260  0.0265  0.0253  0.0257  0.0248  0.0251
  0.0247  0.0246  0.0244  0.0255  0.0253  0.0257  0.0248  0.0249  0.0245  0.0245  0.0244  0.0244
  0.0243  0.0243  0.0243  0.0243  0.0243  0.0243  0.0243  0.0243  0.0243  0.0243  0.0243  0.0243
  0.0248  0.0246  0.0245  0.0244  0.0246  0.0241  0.0247  0.0247  0.0245  0.0247  0.0244  0.0246
  0.0261  0.0255  0.0250  0.0264  0.0265  0.0266  0.0260  0.0264  0.0253  0.0258  0.0248  0.0253
  0.0283  0.0269  0.0259  0.0297  0.0302  0.0317  0.0279  0.0290  0.0264  0.0273  0.0254  0.0262
niter,ni,del,rscale     1    3    5.0000    1.2000
parameters
    0.2885  -10.7525    5.3559   -3.9860  -13.0695  -11.0439
   -0.7000    5.4247   -0.3751    1.9570   -2.6977   -5.9911
eta,q 0.97572 12.41473
  0.0283  0.0270  0.0259  0.0289  0.0295  0.0303  0.0278  0.0289  0.0265  0.0275  0.0254  0.0263
  0.0261  0.0255  0.0250  0.0271  0.0272  0.0278  0.0260  0.0265  0.0253  0.0257  0.0248  0.0251
  0.0247  0.0246  0.0244  0.0255  0.0253  0.0257  0.0248  0.0249  0.0245  0.0245  0.0244  0.0244
  0.0243  0.0243  0.0243  0.0243  0.0243  0.0243  0.0243  0.0243  0.0243  0.0243  0.0243  0.0243
  0.0248  0.0246  0.0245  0.0244  0.0246  0.0241  0.0247  0.0247  0.0245  0.0247  0.0244  0.0246
  0.0261  0.0255  0.0250  0.0264  0.0265  0.0265  0.0260  0.0264  0.0253  0.0258  0.0248  0.0253
  0.0283  0.0269  0.0259  0.0297  0.0302  0.0317  0.0279  0.0290  0.0264  0.0273  0.0254  0.0262
registration optimization eta report
parameter search radius
    2.4000    2.4000    2.4000    8.2800    9.5220    9.5220
    7.2000    7.2000    7.2000    7.2000    7.2000    8.2800
100000*second partial in parameter space
       70.       47.       28.        7.        6.        7.
        7.        9.        4.        6.        2.        3.
  0.0283  0.0270  0.0259  0.0289  0.0295  0.0303  0.0278  0.0289  0.0265  0.0275  0.0254  0.0263
  0.0261  0.0255  0.0250  0.0271  0.0272  0.0278  0.0260  0.0265  0.0253  0.0257  0.0248  0.0251
  0.0247  0.0246  0.0244  0.0255  0.0253  0.0257  0.0248  0.0249  0.0245  0.0245  0.0244  0.0244
  0.0243  0.0243  0.0243  0.0243  0.0243  0.0243  0.0243  0.0243  0.0243  0.0243  0.0243  0.0243
  0.0248  0.0246  0.0245  0.0244  0.0246  0.0241  0.0247  0.0247  0.0245  0.0247  0.0244  0.0246
  0.0261  0.0255  0.0250  0.0264  0.0265  0.0265  0.0260  0.0264  0.0253  0.0258  0.0248  0.0253
  0.0283  0.0269  0.0259  0.0297  0.0302  0.0317  0.0279  0.0290  0.0264  0.0273  0.0254  0.0262
    0.2885  -10.7525    5.3559   -3.9860  -13.0695  -11.0439
   -0.7000    5.4247   -0.3751    1.9570   -2.6977   -5.9911
eta,q 0.97572 12.41473

---------------------------------------------------------------------
imgreg_4dfp /opt/freesurfer/average/711-2C_as_mni_average_305 /opt/freesurfer/average/711-2B_as_mni_average_305_mask talsrcimg_g11 none talsrcimg_to_711-2C_as_mni_average_305_t4 2311
---------------------------------------------------------------------

freesurfer imgreg_4dfp.c
/opt/freesurfer/average/711-2C_as_mni_average_305.4dfp.img
       256       256       256         1
  1.000000  1.000000  1.000000
orientation T byte_order littleendian
Reading image: /opt/freesurfer/average/711-2C_as_mni_average_305.4dfp.img
dimensions:      256       256       256
mmppix:       1.0000   -1.0000   -1.0000
center:     128.0000 -129.0000 -129.0000
/opt/freesurfer/average/711-2B_as_mni_average_305_mask.4dfp.img
       256       256       256         1
  1.000000  1.000000  1.000000
orientation T byte_order littleendian
Reading mask: /opt/freesurfer/average/711-2B_as_mni_average_305_mask.4dfp.img (2306576 pixels)
talsrcimg_g11.4dfp.img
       256       256       256         1
  1.000000  1.000000  1.000000
orientation T byte_order littleendian
Reading image: talsrcimg_g11.4dfp.img
dimensions:      256       256       256
mmppix:       1.0000   -1.0000   -1.0000
center:     128.0000 -129.0000 -129.0000
fimgreg.f
image alignment mode   2311 decimal      907 hex
parameters
    0.2885  -10.7525    5.3559   -3.9860  -13.0695  -11.0439
   -0.7000    5.4247   -0.3751    1.9570   -2.6977   -5.9911
eta,q 0.97572 12.41474
niter,ni,del,rscale     5    3    5.0000    0.8000
parameters
    0.2761  -10.7655    5.3406   -3.2002  -12.6158   -9.7283
   -0.6924    5.5382   -0.4578    2.1442   -2.5836   -6.3605
eta,q 0.97616 12.50199
  0.0261  0.0255  0.0250  0.0267  0.0260  0.0266  0.0256  0.0263  0.0249  0.0256  0.0245  0.0246
  0.0251  0.0248  0.0246  0.0257  0.0251  0.0256  0.0247  0.0250  0.0243  0.0246  0.0242  0.0241
  0.0245  0.0244  0.0244  0.0249  0.0244  0.0247  0.0241  0.0242  0.0239  0.0240  0.0239  0.0239
  0.0243  0.0243  0.0243  0.0243  0.0242  0.0241  0.0239  0.0239  0.0238  0.0238  0.0238  0.0239
  0.0245  0.0244  0.0244  0.0242  0.0242  0.0238  0.0240  0.0240  0.0240  0.0240  0.0239  0.0240
  0.0251  0.0248  0.0246  0.0246  0.0246  0.0240  0.0247  0.0248  0.0243  0.0245  0.0241  0.0243
  0.0261  0.0255  0.0250  0.0257  0.0254  0.0250  0.0257  0.0261  0.0250  0.0253  0.0245  0.0248
niter,ni,del,rscale     4    3    5.0000    0.7000
parameters
    0.2338  -10.9287    5.6135   -3.3419  -12.5886   -9.3801
   -0.6030    5.5472   -0.4657    1.9090   -2.6672   -6.2325
eta,q 0.97627 12.51478
  0.0253  0.0246  0.0248  0.0254  0.0250  0.0257  0.0252  0.0256  0.0246  0.0249  0.0242  0.0245
  0.0245  0.0241  0.0243  0.0246  0.0244  0.0248  0.0245  0.0246  0.0241  0.0242  0.0240  0.0241
  0.0240  0.0239  0.0240  0.0240  0.0239  0.0242  0.0240  0.0240  0.0238  0.0238  0.0238  0.0238
  0.0238  0.0238  0.0238  0.0238  0.0238  0.0238  0.0238  0.0238  0.0238  0.0237  0.0237  0.0237
  0.0240  0.0240  0.0238  0.0240  0.0239  0.0237  0.0239  0.0239  0.0238  0.0239  0.0238  0.0238
  0.0246  0.0244  0.0240  0.0247  0.0243  0.0242  0.0244  0.0246  0.0241  0.0244  0.0240  0.0240
  0.0254  0.0250  0.0243  0.0258  0.0250  0.0253  0.0251  0.0257  0.0246  0.0252  0.0243  0.0244
niter,ni,del,rscale     3    3    5.0000    0.6000
parameters
    0.2437  -10.9942    5.7335   -3.3296  -12.6298   -9.1717
   -0.5776    5.5970   -0.4605    1.7833   -2.7422   -6.1766
eta,q 0.97630 12.51982
  0.0249  0.0244  0.0244  0.0251  0.0246  0.0251  0.0248  0.0251  0.0243  0.0246  0.0241  0.0242
  0.0243  0.0240  0.0240  0.0244  0.0241  0.0245  0.0242  0.0244  0.0240  0.0241  0.0239  0.0239
  0.0239  0.0238  0.0238  0.0239  0.0238  0.0240  0.0239  0.0239  0.0238  0.0238  0.0237  0.0238
  0.0237  0.0237  0.0237  0.0237  0.0237  0.0237  0.0237  0.0237  0.0237  0.0237  0.0237  0.0237
  0.0239  0.0238  0.0238  0.0238  0.0238  0.0237  0.0238  0.0238  0.0238  0.0238  0.0237  0.0238
  0.0242  0.0241  0.0239  0.0243  0.0241  0.0241  0.0242  0.0243  0.0240  0.0242  0.0239  0.0239
  0.0249  0.0246  0.0242  0.0252  0.0247  0.0250  0.0248  0.0251  0.0243  0.0247  0.0241  0.0242
niter,ni,del,rscale     2    3    5.0000    0.5000
parameters
    0.2509  -11.0272    5.7934   -3.2908  -12.6706   -9.0225
   -0.5560    5.6400   -0.4431    1.7349   -2.7972   -6.1536
eta,q 0.97632 12.52377
  0.0245  0.0242  0.0241  0.0247  0.0243  0.0247  0.0245  0.0247  0.0241  0.0243  0.0239  0.0241
  0.0241  0.0239  0.0239  0.0242  0.0240  0.0242  0.0240  0.0242  0.0239  0.0239  0.0238  0.0238
  0.0238  0.0237  0.0238  0.0239  0.0238  0.0239  0.0238  0.0238  0.0237  0.0237  0.0237  0.0237
  0.0237  0.0237  0.0237  0.0237  0.0237  0.0237  0.0237  0.0237  0.0237  0.0237  0.0237  0.0237
  0.0238  0.0238  0.0237  0.0238  0.0238  0.0237  0.0238  0.0238  0.0237  0.0238  0.0237  0.0237
  0.0241  0.0240  0.0238  0.0241  0.0240  0.0240  0.0240  0.0241  0.0239  0.0240  0.0238  0.0238
  0.0245  0.0243  0.0240  0.0247  0.0244  0.0246  0.0244  0.0247  0.0241  0.0244  0.0240  0.0240
niter,ni,del,rscale     1    3    5.0000    0.4000
parameters
    0.2525  -11.0480    5.8254   -3.2443  -12.7096   -8.8996
   -0.5352    5.6732   -0.4384    1.7027   -2.8292   -6.1511
eta,q 0.97633 12.52677
  0.0242  0.0240  0.0240  0.0243  0.0241  0.0243  0.0242  0.0243  0.0240  0.0241  0.0238  0.0239
  0.0239  0.0238  0.0238  0.0240  0.0239  0.0240  0.0239  0.0240  0.0238  0.0238  0.0237  0.0238
  0.0237  0.0237  0.0237  0.0238  0.0237  0.0238  0.0237  0.0238  0.0237  0.0237  0.0237  0.0237
  0.0237  0.0237  0.0237  0.0237  0.0237  0.0237  0.0237  0.0237  0.0237  0.0237  0.0237  0.0237
  0.0237  0.0237  0.0237  0.0237  0.0237  0.0237  0.0237  0.0237  0.0237  0.0237  0.0237  0.0237
  0.0239  0.0238  0.0238  0.0239  0.0239  0.0239  0.0239  0.0239  0.0238  0.0239  0.0238  0.0238
  0.0242  0.0240  0.0239  0.0243  0.0241  0.0243  0.0242  0.0243  0.0240  0.0241  0.0238  0.0239
registration optimization eta report
parameter search radius
    0.8000    0.8000    0.8000    2.4000    2.4000    2.4000
    2.4000    2.4000    2.4000    2.4000    2.4000    2.4000
100000*second partial in parameter space
       82.       52.       40.       11.        7.       11.
        9.       11.        5.        7.        3.        4.
  0.0242  0.0240  0.0240  0.0243  0.0241  0.0243  0.0242  0.0243  0.0240  0.0241  0.0238  0.0239
  0.0239  0.0238  0.0238  0.0240  0.0239  0.0240  0.0239  0.0240  0.0238  0.0238  0.0237  0.0238
  0.0237  0.0237  0.0237  0.0238  0.0237  0.0238  0.0237  0.0238  0.0237  0.0237  0.0237  0.0237
  0.0237  0.0237  0.0237  0.0237  0.0237  0.0237  0.0237  0.0237  0.0237  0.0237  0.0237  0.0237
  0.0237  0.0237  0.0237  0.0237  0.0237  0.0237  0.0237  0.0237  0.0237  0.0237  0.0237  0.0237
  0.0239  0.0238  0.0238  0.0239  0.0239  0.0239  0.0239  0.0239  0.0238  0.0239  0.0238  0.0238
  0.0242  0.0240  0.0239  0.0243  0.0241  0.0243  0.0242  0.0243  0.0240  0.0241  0.0238  0.0239
    0.2525  -11.0480    5.8254   -3.2443  -12.7096   -8.8996
   -0.5352    5.6732   -0.4384    1.7027   -2.8292   -6.1511
eta,q 0.97633 12.52677

---------------------------------------------------------------------
imgreg_4dfp /opt/freesurfer/average/711-2C_as_mni_average_305 /opt/freesurfer/average/711-2B_as_mni_average_305_mask talsrcimg_g11 none talsrcimg_to_711-2C_as_mni_average_305_t4 2311
---------------------------------------------------------------------

freesurfer imgreg_4dfp.c
/opt/freesurfer/average/711-2C_as_mni_average_305.4dfp.img
       256       256       256         1
  1.000000  1.000000  1.000000
orientation T byte_order littleendian
Reading image: /opt/freesurfer/average/711-2C_as_mni_average_305.4dfp.img
dimensions:      256       256       256
mmppix:       1.0000   -1.0000   -1.0000
center:     128.0000 -129.0000 -129.0000
/opt/freesurfer/average/711-2B_as_mni_average_305_mask.4dfp.img
       256       256       256         1
  1.000000  1.000000  1.000000
orientation T byte_order littleendian
Reading mask: /opt/freesurfer/average/711-2B_as_mni_average_305_mask.4dfp.img (2306576 pixels)
talsrcimg_g11.4dfp.img
       256       256       256         1
  1.000000  1.000000  1.000000
orientation T byte_order littleendian
Reading image: talsrcimg_g11.4dfp.img
dimensions:      256       256       256
mmppix:       1.0000   -1.0000   -1.0000
center:     128.0000 -129.0000 -129.0000
fimgreg.f
image alignment mode   2311 decimal      907 hex
parameters
    0.2525  -11.0480    5.8254   -3.2443  -12.7096   -8.8996
   -0.5352    5.6732   -0.4384    1.7027   -2.8292   -6.1511
eta,q 0.97633 12.52676
niter,ni,del,rscale     5    3    5.0000    0.8000
parameters
    0.2718  -11.0581    5.8858   -3.5459  -12.7134   -9.2240
   -0.6067    5.5974   -0.3858    1.6378   -2.8260   -6.0238
eta,q 0.97627 12.51010
  0.0258  0.0250  0.0248  0.0257  0.0253  0.0257  0.0255  0.0261  0.0249  0.0254  0.0244  0.0247
  0.0246  0.0243  0.0242  0.0247  0.0244  0.0247  0.0246  0.0248  0.0242  0.0244  0.0240  0.0241
  0.0239  0.0238  0.0238  0.0240  0.0239  0.0240  0.0239  0.0240  0.0239  0.0239  0.0238  0.0238
  0.0237  0.0237  0.0237  0.0237  0.0237  0.0237  0.0237  0.0237  0.0237  0.0237  0.0237  0.0237
  0.0239  0.0238  0.0238  0.0240  0.0239  0.0239  0.0239  0.0240  0.0238  0.0239  0.0238  0.0238
  0.0246  0.0243  0.0241  0.0249  0.0244  0.0249  0.0246  0.0249  0.0242  0.0245  0.0240  0.0241
  0.0257  0.0250  0.0246  0.0265  0.0253  0.0267  0.0256  0.0263  0.0248  0.0255  0.0244  0.0245
niter,ni,del,rscale     4    3    5.0000    0.7000
parameters
    0.2760  -11.0254    5.8382   -3.4354  -12.6730   -9.2040
   -0.6251    5.6154   -0.3949    1.6623   -2.8269   -6.0788
eta,q 0.97629 12.51368
  0.0253  0.0248  0.0244  0.0255  0.0250  0.0255  0.0251  0.0256  0.0246  0.0251  0.0242  0.0244
  0.0244  0.0242  0.0240  0.0247  0.0243  0.0246  0.0244  0.0246  0.0241  0.0243  0.0239  0.0240
  0.0239  0.0239  0.0238  0.0241  0.0239  0.0241  0.0239  0.0240  0.0238  0.0238  0.0238  0.0238
  0.0237  0.0237  0.0237  0.0237  0.0237  0.0237  0.0237  0.0237  0.0237  0.0237  0.0237  0.0237
  0.0239  0.0238  0.0238  0.0238  0.0238  0.0238  0.0239  0.0239  0.0238  0.0238  0.0238  0.0238
  0.0244  0.0241  0.0241  0.0244  0.0242  0.0244  0.0244  0.0245  0.0241  0.0243  0.0239  0.0240
  0.0253  0.0247  0.0245  0.0255  0.0249  0.0257  0.0252  0.0256  0.0246  0.0250  0.0242  0.0244
niter,ni,del,rscale     3    3    5.0000    0.6000
parameters
    0.2661  -11.0306    5.8213   -3.3588  -12.6733   -9.1091
   -0.6019    5.6343   -0.4036    1.6915   -2.8241   -6.1076
eta,q 0.97630 12.51886
  0.0248  0.0245  0.0242  0.0251  0.0246  0.0251  0.0248  0.0251  0.0243  0.0247  0.0241  0.0242
  0.0242  0.0240  0.0239  0.0244  0.0241  0.0244  0.0242  0.0244  0.0240  0.0241  0.0239  0.0239
  0.0238  0.0238  0.0238  0.0239  0.0238  0.0240  0.0238  0.0239  0.0238  0.0238  0.0237  0.0237
  0.0237  0.0237  0.0237  0.0237  0.0237  0.0237  0.0237  0.0237  0.0237  0.0237  0.0237  0.0237
  0.0238  0.0238  0.0238  0.0238  0.0238  0.0237  0.0238  0.0238  0.0238  0.0238  0.0237  0.0238
  0.0242  0.0241  0.0240  0.0243  0.0241  0.0242  0.0242  0.0243  0.0240  0.0241  0.0239  0.0239
  0.0249  0.0245  0.0243  0.0251  0.0246  0.0251  0.0248  0.0251  0.0243  0.0246  0.0241  0.0242
niter,ni,del,rscale     2    3    5.0000    0.5000
parameters
    0.2595  -11.0404    5.8244   -3.2971  -12.6898   -9.0049
   -0.5759    5.6586   -0.4114    1.6911   -2.8309   -6.1418
eta,q 0.97632 12.52279
  0.0245  0.0242  0.0241  0.0247  0.0243  0.0247  0.0245  0.0247  0.0241  0.0243  0.0240  0.0240
  0.0240  0.0239  0.0239  0.0242  0.0240  0.0242  0.0240  0.0241  0.0239  0.0240  0.0238  0.0238
  0.0238  0.0237  0.0237  0.0239  0.0238  0.0239  0.0238  0.0238  0.0237  0.0237  0.0237  0.0237
  0.0237  0.0237  0.0237  0.0237  0.0237  0.0237  0.0237  0.0237  0.0237  0.0237  0.0237  0.0237
  0.0238  0.0238  0.0237  0.0238  0.0238  0.0237  0.0238  0.0238  0.0237  0.0238  0.0237  0.0237
  0.0241  0.0239  0.0239  0.0241  0.0240  0.0240  0.0240  0.0241  0.0239  0.0240  0.0238  0.0239
  0.0245  0.0242  0.0241  0.0247  0.0243  0.0247  0.0244  0.0247  0.0241  0.0243  0.0240  0.0240
niter,ni,del,rscale     1    3    5.0000    0.4000
parameters
    0.2567  -11.0542    5.8385   -3.2499  -12.7162   -8.8826
   -0.5567    5.6793   -0.4241    1.6915   -2.8487   -6.1503
eta,q 0.97633 12.52695
  0.0242  0.0240  0.0239  0.0243  0.0241  0.0243  0.0242  0.0243  0.0239  0.0241  0.0238  0.0239
  0.0239  0.0238  0.0238  0.0240  0.0239  0.0240  0.0239  0.0240  0.0238  0.0238  0.0237  0.0238
  0.0237  0.0237  0.0237  0.0238  0.0237  0.0238  0.0237  0.0238  0.0237  0.0237  0.0237  0.0237
  0.0237  0.0237  0.0237  0.0237  0.0237  0.0237  0.0237  0.0237  0.0237  0.0237  0.0237  0.0237
  0.0237  0.0237  0.0237  0.0237  0.0237  0.0237  0.0237  0.0237  0.0237  0.0237  0.0237  0.0237
  0.0239  0.0238  0.0238  0.0239  0.0239  0.0239  0.0239  0.0239  0.0238  0.0239  0.0237  0.0238
  0.0242  0.0240  0.0239  0.0243  0.0241  0.0243  0.0242  0.0243  0.0240  0.0241  0.0238  0.0239
registration optimization eta report
parameter search radius
    0.8000    0.8000    0.8000    2.4000    2.4000    2.4000
    2.4000    2.4000    2.4000    2.4000    2.4000    2.4000
100000*second partial in parameter space
       82.       53.       40.       11.        7.       11.
        9.       11.        5.        7.        3.        4.
  0.0242  0.0240  0.0239  0.0243  0.0241  0.0243  0.0242  0.0243  0.0239  0.0241  0.0238  0.0239
  0.0239  0.0238  0.0238  0.0240  0.0239  0.0240  0.0239  0.0240  0.0238  0.0238  0.0237  0.0238
  0.0237  0.0237  0.0237  0.0238  0.0237  0.0238  0.0237  0.0238  0.0237  0.0237  0.0237  0.0237
  0.0237  0.0237  0.0237  0.0237  0.0237  0.0237  0.0237  0.0237  0.0237  0.0237  0.0237  0.0237
  0.0237  0.0237  0.0237  0.0237  0.0237  0.0237  0.0237  0.0237  0.0237  0.0237  0.0237  0.0237
  0.0239  0.0238  0.0238  0.0239  0.0239  0.0239  0.0239  0.0239  0.0238  0.0239  0.0237  0.0238
  0.0242  0.0240  0.0239  0.0243  0.0241  0.0243  0.0242  0.0243  0.0240  0.0241  0.0238  0.0239
    0.2567  -11.0542    5.8385   -3.2499  -12.7162   -8.8826
   -0.5567    5.6793   -0.4241    1.6915   -2.8487   -6.1503
eta,q 0.97633 12.52695

---------------------------------------------------------------------
compute_vox2vox talsrcimg talsrcimg_to_711-2C_as_mni_average_305_t4 /opt/freesurfer/average/711-2C_as_mni_average_305
---------------------------------------------------------------------

freesurfer compute_vox2vox.c
Reading: talsrcimg.4dfp.ifh
Reading: talsrcimg_to_711-2C_as_mni_average_305_t4
Reading: /opt/freesurfer/average/711-2C_as_mni_average_305.4dfp.ifh
Writing: talsrcimg_to_711-2C_as_mni_average_305_t4_vox2vox.txt

start time Mon Mar 9 11:43:06 CET 2026
end		time Mon Mar 9 11:44:31 CET 2026

mpr2mni305 success

avi2talxfm orig_nu.mgz /opt/freesurfer/average/mni305.cor.mgz talsrcimg_to_711-2C_as_mni_average_305_t4_vox2vox.txt transforms/talairach.auto.xfm
avi2talxfm done
mv -f /out/sourcedata/freesurfer/sub-v1s21x0050426_ses-1/mri/talsrcimg_to_711-2C_as_mni_average_305_t4_vox2vox.txt /out/sourcedata/freesurfer/sub-v1s21x0050426_ses-1/mri/transforms/talsrcimg_to_711-2C_as_mni_average_305_t4_vox2vox.txt
lta_convert --src orig_nu.mgz --trg /opt/freesurfer/average/mni305.cor.mgz --inxfm transforms/talairach.auto.xfm --outlta transforms/talairach.auto.xfm.lta --subject fsaverage
7.3.2

--src: orig_nu.mgz src image (geometry).
--trg: /opt/freesurfer/average/mni305.cor.mgz trg image (geometry).
--inmni: transforms/talairach.auto.xfm input MNI/XFM transform.
--outlta: transforms/talairach.auto.xfm.lta output LTA.
--s: fsaverage subject name
 LTA read, type : 1
 1.03171  -0.06434   0.00205  -0.41576;
 0.03255   1.09402   0.07730  -6.05701;
 0.00438  -0.02151   1.14420   12.07324;
 0.00000   0.00000   0.00000   1.00000;
setting subject to fsaverage
Writing  LTA to file transforms/talairach.auto.xfm.lta...
lta_convert successful.
 
 
Started at Mon Mar 9 11:43:05 CET 2026
Ended   at Mon Mar  9 11:44:31 CET 2026
talairach_avi done
