status file for recon-all
Mon Mar  9 09:43:57 CET 2026
#@# MotionCor Mon Mar  9 09:43:59 CET 2026
#@# Talairach Mon Mar  9 09:44:04 CET 2026
#@# Talairach Failure Detection Mon Mar  9 09:46:55 CET 2026
#@# Nu Intensity Correction Mon Mar  9 09:46:55 CET 2026
#@# Intensity Normalization Mon Mar  9 09:49:41 CET 2026
recon-all -s sub-v1s21x0050391_ses-1 finished without error at Mon Mar  9 09:50:39 CET 2026



#New# invocation of recon-all 



status file for recon-all
Mon Mar  9 09:56:22 CET 2026
#@# EM Registration Mon Mar  9 09:56:22 CET 2026
recon-all -s sub-v1s21x0050391_ses-1 finished without error at Mon Mar  9 09:59:16 CET 2026



#New# invocation of recon-all 



status file for recon-all
Mon Mar  9 09:59:19 CET 2026
#@# CA Normalize Mon Mar  9 09:59:19 CET 2026
#@# CA Reg Mon Mar  9 10:00:12 CET 2026
#@# SubCort Seg Mon Mar  9 10:45:58 CET 2026
#@# CC Seg Mon Mar  9 11:07:57 CET 2026
#@# Merge ASeg Mon Mar  9 11:08:40 CET 2026
#@# Intensity Normalization2 Mon Mar  9 11:08:40 CET 2026
#@# Mask BFS Mon Mar  9 11:10:05 CET 2026
#@# WM Segmentation Mon Mar  9 11:10:06 CET 2026
#@# Fill Mon Mar  9 11:11:41 CET 2026
recon-all -s sub-v1s21x0050391_ses-1 finished without error at Mon Mar  9 11:12:20 CET 2026



#New# invocation of recon-all 



status file for recon-all
Mon Mar  9 11:57:03 CET 2026
#@# white curv lh Mon Mar  9 11:57:03 CET 2026
#@# white area lh Mon Mar  9 11:57:03 CET 2026
#@# pial curv lh Mon Mar  9 11:57:03 CET 2026
#@# pial area lh Mon Mar  9 11:57:03 CET 2026
#@# thickness lh Mon Mar  9 11:57:03 CET 2026
#@# area and vertex vol lh Mon Mar  9 11:57:03 CET 2026
#@# white curv rh Mon Mar  9 11:57:03 CET 2026
#@# white area rh Mon Mar  9 11:57:03 CET 2026
#@# pial curv rh Mon Mar  9 11:57:03 CET 2026
#@# pial area rh Mon Mar  9 11:57:04 CET 2026
#@# thickness rh Mon Mar  9 11:57:04 CET 2026
#@# area and vertex vol rh Mon Mar  9 11:57:04 CET 2026
#@# Cortical ribbon mask Mon Mar  9 11:57:04 CET 2026
recon-all -s sub-v1s21x0050391_ses-1 finished without error at Mon Mar  9 12:00:50 CET 2026



#New# invocation of recon-all 



status file for recon-all
Mon Mar  9 12:06:10 CET 2026
#@# white curv lh Mon Mar  9 12:06:10 CET 2026
#@# white area lh Mon Mar  9 12:06:10 CET 2026
#@# pial curv lh Mon Mar  9 12:06:10 CET 2026
#@# pial area lh Mon Mar  9 12:06:10 CET 2026
#@# thickness lh Mon Mar  9 12:06:10 CET 2026
#@# area and vertex vol lh Mon Mar  9 12:06:10 CET 2026
#@# white curv rh Mon Mar  9 12:06:10 CET 2026
#@# white area rh Mon Mar  9 12:06:10 CET 2026
#@# pial curv rh Mon Mar  9 12:06:10 CET 2026
#@# pial area rh Mon Mar  9 12:06:10 CET 2026
#@# thickness rh Mon Mar  9 12:06:10 CET 2026
#@# area and vertex vol rh Mon Mar  9 12:06:10 CET 2026
#@# Curvature Stats lh Mon Mar  9 12:06:10 CET 2026
#@# Curvature Stats rh Mon Mar  9 12:06:12 CET 2026
#@# Relabel Hypointensities Mon Mar  9 12:06:13 CET 2026
#@# APas-to-ASeg Mon Mar  9 12:06:24 CET 2026
#@# AParc-to-ASeg aparc Mon Mar  9 12:06:30 CET 2026
#@# AParc-to-ASeg aparc.a2009s Mon Mar  9 12:06:58 CET 2026
#@# AParc-to-ASeg aparc.DKTatlas Mon Mar  9 12:07:24 CET 2026
#@# WMParc Mon Mar  9 12:07:53 CET 2026
#@# ASeg Stats Mon Mar  9 12:09:49 CET 2026
recon-all -s sub-v1s21x0050391_ses-1 finished without error at Mon Mar  9 12:10:09 CET 2026
