status file for recon-all
Mon Mar  9 11:33:58 CET 2026
#@# Tessellate rh Mon Mar  9 11:33:58 CET 2026
#@# Smooth1 rh Mon Mar  9 11:34:00 CET 2026
#@# Inflation1 rh Mon Mar  9 11:34:03 CET 2026
#@# QSphere rh Mon Mar  9 11:34:16 CET 2026
#@# Fix Topology rh Mon Mar  9 11:35:42 CET 2026
#@# Smooth2 rh Mon Mar  9 11:41:27 CET 2026
#@# Inflation2 rh Mon Mar  9 11:41:29 CET 2026
#@# Curv .H and .K rh Mon Mar  9 11:41:43 CET 2026
#@# Sphere rh Mon Mar  9 11:42:22 CET 2026
#@# Surf Reg rh Mon Mar  9 11:45:38 CET 2026
#@# Jacobian white rh Mon Mar  9 11:50:37 CET 2026
#@# AvgCurv rh Mon Mar  9 11:50:37 CET 2026
#@# Cortical Parc rh Mon Mar  9 11:50:38 CET 2026
#@# white curv rh Mon Mar  9 11:56:11 CET 2026
#@# white area rh Mon Mar  9 11:56:13 CET 2026
#@# pial curv rh Mon Mar  9 11:56:13 CET 2026
#@# pial area rh Mon Mar  9 11:56:15 CET 2026
#@# thickness rh Mon Mar  9 11:56:15 CET 2026
#@# area and vertex vol rh Mon Mar  9 11:56:35 CET 2026
#@# Curvature Stats rh Mon Mar  9 11:56:36 CET 2026
#@# Cortical Parc 2 rh Mon Mar  9 11:56:38 CET 2026
#@# Cortical Parc 3 rh Mon Mar  9 11:56:48 CET 2026
#@# WM/GM Contrast rh Mon Mar  9 11:56:56 CET 2026
recon-all -s sub-v1s21x0050391_ses-1 finished without error at Mon Mar  9 11:56:58 CET 2026



#New# invocation of recon-all 



status file for recon-all
Mon Mar  9 12:03:32 CET 2026
#@# white curv rh Mon Mar  9 12:03:32 CET 2026
#@# white area rh Mon Mar  9 12:03:32 CET 2026
#@# pial curv rh Mon Mar  9 12:03:32 CET 2026
#@# pial area rh Mon Mar  9 12:03:32 CET 2026
#@# thickness rh Mon Mar  9 12:03:32 CET 2026
#@# area and vertex vol rh Mon Mar  9 12:03:32 CET 2026
#@# Parcellation Stats rh Mon Mar  9 12:03:32 CET 2026
#@# Parcellation Stats 2 rh Mon Mar  9 12:03:48 CET 2026
#@# Parcellation Stats 3 rh Mon Mar  9 12:03:55 CET 2026
#@# BA_exvivo Labels rh Mon Mar  9 12:04:04 CET 2026
recon-all -s sub-v1s21x0050391_ses-1 finished without error at Mon Mar  9 12:06:04 CET 2026
