status file for recon-all
Mon Mar  9 11:12:24 CET 2026
#@# Tessellate lh Mon Mar  9 11:12:24 CET 2026
#@# Smooth1 lh Mon Mar  9 11:12:27 CET 2026
#@# Inflation1 lh Mon Mar  9 11:12:29 CET 2026
#@# QSphere lh Mon Mar  9 11:12:46 CET 2026
#@# Fix Topology lh Mon Mar  9 11:14:15 CET 2026
#@# Smooth2 lh Mon Mar  9 11:19:32 CET 2026
#@# Inflation2 lh Mon Mar  9 11:19:34 CET 2026
#@# Curv .H and .K lh Mon Mar  9 11:19:48 CET 2026
#@# Sphere lh Mon Mar  9 11:20:29 CET 2026
#@# Surf Reg lh Mon Mar  9 11:23:04 CET 2026
#@# Jacobian white lh Mon Mar  9 11:26:57 CET 2026
#@# AvgCurv lh Mon Mar  9 11:26:58 CET 2026
#@# Cortical Parc lh Mon Mar  9 11:26:59 CET 2026
#@# white curv lh Mon Mar  9 11:33:07 CET 2026
#@# white area lh Mon Mar  9 11:33:09 CET 2026
#@# pial curv lh Mon Mar  9 11:33:09 CET 2026
#@# pial area lh Mon Mar  9 11:33:11 CET 2026
#@# thickness lh Mon Mar  9 11:33:12 CET 2026
#@# area and vertex vol lh Mon Mar  9 11:33:32 CET 2026
#@# Curvature Stats lh Mon Mar  9 11:33:33 CET 2026
#@# Cortical Parc 2 lh Mon Mar  9 11:33:36 CET 2026
#@# Cortical Parc 3 lh Mon Mar  9 11:33:46 CET 2026
#@# WM/GM Contrast lh Mon Mar  9 11:33:55 CET 2026
recon-all -s sub-v1s21x0050391_ses-1 finished without error at Mon Mar  9 11:33:57 CET 2026



#New# invocation of recon-all 



status file for recon-all
Mon Mar  9 12:00:54 CET 2026
#@# white curv lh Mon Mar  9 12:00:54 CET 2026
#@# white area lh Mon Mar  9 12:00:54 CET 2026
#@# pial curv lh Mon Mar  9 12:00:54 CET 2026
#@# pial area lh Mon Mar  9 12:00:54 CET 2026
#@# thickness lh Mon Mar  9 12:00:54 CET 2026
#@# area and vertex vol lh Mon Mar  9 12:00:54 CET 2026
#@# Parcellation Stats lh Mon Mar  9 12:00:54 CET 2026
#@# Parcellation Stats 2 lh Mon Mar  9 12:01:11 CET 2026
#@# Parcellation Stats 3 lh Mon Mar  9 12:01:19 CET 2026
#@# BA_exvivo Labels lh Mon Mar  9 12:01:27 CET 2026
recon-all -s sub-v1s21x0050391_ses-1 finished without error at Mon Mar  9 12:03:30 CET 2026
