status file for recon-all
Mon Mar  9 13:41:13 CET 2026
#@# Tessellate rh Mon Mar  9 13:41:13 CET 2026
#@# Smooth1 rh Mon Mar  9 13:41:15 CET 2026
#@# Inflation1 rh Mon Mar  9 13:41:17 CET 2026
#@# QSphere rh Mon Mar  9 13:41:28 CET 2026
#@# Fix Topology rh Mon Mar  9 13:42:09 CET 2026
#@# Smooth2 rh Mon Mar  9 13:50:26 CET 2026
#@# Inflation2 rh Mon Mar  9 13:50:28 CET 2026
#@# Curv .H and .K rh Mon Mar  9 13:50:36 CET 2026
#@# Sphere rh Mon Mar  9 13:51:12 CET 2026
#@# Surf Reg rh Mon Mar  9 13:53:37 CET 2026
#@# Jacobian white rh Mon Mar  9 13:55:59 CET 2026
#@# AvgCurv rh Mon Mar  9 13:56:00 CET 2026
#@# Cortical Parc rh Mon Mar  9 13:56:00 CET 2026
#@# white curv rh Mon Mar  9 14:01:10 CET 2026
#@# white area rh Mon Mar  9 14:01:11 CET 2026
#@# pial curv rh Mon Mar  9 14:01:12 CET 2026
#@# pial area rh Mon Mar  9 14:01:13 CET 2026
#@# thickness rh Mon Mar  9 14:01:13 CET 2026
#@# area and vertex vol rh Mon Mar  9 14:01:32 CET 2026
#@# Curvature Stats rh Mon Mar  9 14:01:33 CET 2026
#@# Cortical Parc 2 rh Mon Mar  9 14:01:35 CET 2026
#@# Cortical Parc 3 rh Mon Mar  9 14:01:44 CET 2026
#@# WM/GM Contrast rh Mon Mar  9 14:01:51 CET 2026
recon-all -s sub-v1s21x0050423_ses-1 finished without error at Mon Mar  9 14:01:53 CET 2026



#New# invocation of recon-all 



status file for recon-all
Mon Mar  9 14:09:01 CET 2026
#@# white curv rh Mon Mar  9 14:09:02 CET 2026
#@# white area rh Mon Mar  9 14:09:02 CET 2026
#@# pial curv rh Mon Mar  9 14:09:02 CET 2026
#@# pial area rh Mon Mar  9 14:09:02 CET 2026
#@# thickness rh Mon Mar  9 14:09:02 CET 2026
#@# area and vertex vol rh Mon Mar  9 14:09:02 CET 2026
#@# Parcellation Stats rh Mon Mar  9 14:09:02 CET 2026
#@# Parcellation Stats 2 rh Mon Mar  9 14:09:15 CET 2026
#@# Parcellation Stats 3 rh Mon Mar  9 14:09:23 CET 2026
#@# BA_exvivo Labels rh Mon Mar  9 14:09:30 CET 2026
recon-all -s sub-v1s21x0050423_ses-1 finished without error at Mon Mar  9 14:11:18 CET 2026
