status file for recon-all
Mon Mar  9 09:15:40 CET 2026
#@# MotionCor Mon Mar  9 09:15:41 CET 2026
#@# Talairach Mon Mar  9 09:15:47 CET 2026
#@# Talairach Failure Detection Mon Mar  9 09:18:38 CET 2026
#@# Nu Intensity Correction Mon Mar  9 09:18:38 CET 2026
#@# Intensity Normalization Mon Mar  9 09:21:25 CET 2026
recon-all -s sub-v1s21x0050387_ses-1 finished without error at Mon Mar  9 09:22:21 CET 2026



#New# invocation of recon-all 



status file for recon-all
Mon Mar  9 09:28:10 CET 2026
#@# EM Registration Mon Mar  9 09:28:10 CET 2026
recon-all -s sub-v1s21x0050387_ses-1 finished without error at Mon Mar  9 09:34:41 CET 2026



#New# invocation of recon-all 



status file for recon-all
Mon Mar  9 09:34:44 CET 2026
#@# CA Normalize Mon Mar  9 09:34:44 CET 2026
#@# CA Reg Mon Mar  9 09:35:37 CET 2026
#@# SubCort Seg Mon Mar  9 10:15:34 CET 2026
#@# CC Seg Mon Mar  9 10:37:07 CET 2026
#@# Merge ASeg Mon Mar  9 10:37:42 CET 2026
#@# Intensity Normalization2 Mon Mar  9 10:37:42 CET 2026
#@# Mask BFS Mon Mar  9 10:39:02 CET 2026
#@# WM Segmentation Mon Mar  9 10:39:03 CET 2026
#@# Fill Mon Mar  9 10:40:43 CET 2026
recon-all -s sub-v1s21x0050387_ses-1 finished without error at Mon Mar  9 10:41:21 CET 2026



#New# invocation of recon-all 



status file for recon-all
Mon Mar  9 11:22:10 CET 2026
#@# white curv lh Mon Mar  9 11:22:11 CET 2026
#@# white area lh Mon Mar  9 11:22:11 CET 2026
#@# pial curv lh Mon Mar  9 11:22:11 CET 2026
#@# pial area lh Mon Mar  9 11:22:11 CET 2026
#@# thickness lh Mon Mar  9 11:22:11 CET 2026
#@# area and vertex vol lh Mon Mar  9 11:22:11 CET 2026
#@# white curv rh Mon Mar  9 11:22:11 CET 2026
#@# white area rh Mon Mar  9 11:22:11 CET 2026
#@# pial curv rh Mon Mar  9 11:22:11 CET 2026
#@# pial area rh Mon Mar  9 11:22:11 CET 2026
#@# thickness rh Mon Mar  9 11:22:11 CET 2026
#@# area and vertex vol rh Mon Mar  9 11:22:11 CET 2026
#@# Cortical ribbon mask Mon Mar  9 11:22:11 CET 2026
recon-all -s sub-v1s21x0050387_ses-1 finished without error at Mon Mar  9 11:25:09 CET 2026



#New# invocation of recon-all 



status file for recon-all
Mon Mar  9 11:30:16 CET 2026
#@# white curv lh Mon Mar  9 11:30:17 CET 2026
#@# white area lh Mon Mar  9 11:30:17 CET 2026
#@# pial curv lh Mon Mar  9 11:30:17 CET 2026
#@# pial area lh Mon Mar  9 11:30:17 CET 2026
#@# thickness lh Mon Mar  9 11:30:17 CET 2026
#@# area and vertex vol lh Mon Mar  9 11:30:17 CET 2026
#@# white curv rh Mon Mar  9 11:30:17 CET 2026
#@# white area rh Mon Mar  9 11:30:17 CET 2026
#@# pial curv rh Mon Mar  9 11:30:17 CET 2026
#@# pial area rh Mon Mar  9 11:30:17 CET 2026
#@# thickness rh Mon Mar  9 11:30:17 CET 2026
#@# area and vertex vol rh Mon Mar  9 11:30:17 CET 2026
#@# Curvature Stats lh Mon Mar  9 11:30:17 CET 2026
#@# Curvature Stats rh Mon Mar  9 11:30:19 CET 2026
#@# Relabel Hypointensities Mon Mar  9 11:30:20 CET 2026
#@# APas-to-ASeg Mon Mar  9 11:30:32 CET 2026
#@# AParc-to-ASeg aparc Mon Mar  9 11:30:38 CET 2026
#@# AParc-to-ASeg aparc.a2009s Mon Mar  9 11:31:13 CET 2026
#@# AParc-to-ASeg aparc.DKTatlas Mon Mar  9 11:31:44 CET 2026
#@# WMParc Mon Mar  9 11:32:09 CET 2026
#@# ASeg Stats Mon Mar  9 11:33:59 CET 2026
recon-all -s sub-v1s21x0050387_ses-1 finished without error at Mon Mar  9 11:34:21 CET 2026
