status file for recon-all
Mon Mar  9 11:01:14 CET 2026
#@# Tessellate rh Mon Mar  9 11:01:14 CET 2026
#@# Smooth1 rh Mon Mar  9 11:01:17 CET 2026
#@# Inflation1 rh Mon Mar  9 11:01:19 CET 2026
#@# QSphere rh Mon Mar  9 11:01:32 CET 2026
#@# Fix Topology rh Mon Mar  9 11:02:23 CET 2026
#@# Smooth2 rh Mon Mar  9 11:08:10 CET 2026
#@# Inflation2 rh Mon Mar  9 11:08:12 CET 2026
#@# Curv .H and .K rh Mon Mar  9 11:08:24 CET 2026
#@# Sphere rh Mon Mar  9 11:09:00 CET 2026
#@# Surf Reg rh Mon Mar  9 11:12:00 CET 2026
#@# Jacobian white rh Mon Mar  9 11:16:01 CET 2026
#@# AvgCurv rh Mon Mar  9 11:16:01 CET 2026
#@# Cortical Parc rh Mon Mar  9 11:16:02 CET 2026
#@# white curv rh Mon Mar  9 11:21:20 CET 2026
#@# white area rh Mon Mar  9 11:21:21 CET 2026
#@# pial curv rh Mon Mar  9 11:21:22 CET 2026
#@# pial area rh Mon Mar  9 11:21:23 CET 2026
#@# thickness rh Mon Mar  9 11:21:24 CET 2026
#@# area and vertex vol rh Mon Mar  9 11:21:43 CET 2026
#@# Curvature Stats rh Mon Mar  9 11:21:44 CET 2026
#@# Cortical Parc 2 rh Mon Mar  9 11:21:46 CET 2026
#@# Cortical Parc 3 rh Mon Mar  9 11:21:55 CET 2026
#@# WM/GM Contrast rh Mon Mar  9 11:22:03 CET 2026
recon-all -s sub-v1s21x0050387_ses-1 finished without error at Mon Mar  9 11:22:06 CET 2026



#New# invocation of recon-all 



status file for recon-all
Mon Mar  9 11:27:46 CET 2026
#@# white curv rh Mon Mar  9 11:27:47 CET 2026
#@# white area rh Mon Mar  9 11:27:47 CET 2026
#@# pial curv rh Mon Mar  9 11:27:47 CET 2026
#@# pial area rh Mon Mar  9 11:27:47 CET 2026
#@# thickness rh Mon Mar  9 11:27:47 CET 2026
#@# area and vertex vol rh Mon Mar  9 11:27:47 CET 2026
#@# Parcellation Stats rh Mon Mar  9 11:27:47 CET 2026
#@# Parcellation Stats 2 rh Mon Mar  9 11:28:01 CET 2026
#@# Parcellation Stats 3 rh Mon Mar  9 11:28:08 CET 2026
#@# BA_exvivo Labels rh Mon Mar  9 11:28:15 CET 2026
recon-all -s sub-v1s21x0050387_ses-1 finished without error at Mon Mar  9 11:30:13 CET 2026
