status file for recon-all
Mon Mar  9 12:50:42 CET 2026
#@# Tessellate lh Mon Mar  9 12:50:42 CET 2026
#@# Smooth1 lh Mon Mar  9 12:50:45 CET 2026
#@# Inflation1 lh Mon Mar  9 12:50:47 CET 2026
#@# QSphere lh Mon Mar  9 12:51:01 CET 2026
#@# Fix Topology lh Mon Mar  9 12:51:58 CET 2026
#@# Smooth2 lh Mon Mar  9 12:59:01 CET 2026
#@# Inflation2 lh Mon Mar  9 12:59:03 CET 2026
#@# Curv .H and .K lh Mon Mar  9 12:59:18 CET 2026
#@# Sphere lh Mon Mar  9 13:00:00 CET 2026
#@# Surf Reg lh Mon Mar  9 13:03:49 CET 2026
#@# Jacobian white lh Mon Mar  9 13:08:05 CET 2026
#@# AvgCurv lh Mon Mar  9 13:08:06 CET 2026
#@# Cortical Parc lh Mon Mar  9 13:08:06 CET 2026
#@# white curv lh Mon Mar  9 13:15:22 CET 2026
#@# white area lh Mon Mar  9 13:15:23 CET 2026
#@# pial curv lh Mon Mar  9 13:15:24 CET 2026
#@# pial area lh Mon Mar  9 13:15:25 CET 2026
#@# thickness lh Mon Mar  9 13:15:26 CET 2026
#@# area and vertex vol lh Mon Mar  9 13:15:48 CET 2026
#@# Curvature Stats lh Mon Mar  9 13:15:49 CET 2026
#@# Cortical Parc 2 lh Mon Mar  9 13:15:51 CET 2026
#@# Cortical Parc 3 lh Mon Mar  9 13:16:02 CET 2026
#@# WM/GM Contrast lh Mon Mar  9 13:16:11 CET 2026
recon-all -s sub-v1s21x0050416_ses-1 finished without error at Mon Mar  9 13:16:13 CET 2026



#New# invocation of recon-all 



status file for recon-all
Mon Mar  9 13:47:42 CET 2026
#@# white curv lh Mon Mar  9 13:47:42 CET 2026
#@# white area lh Mon Mar  9 13:47:42 CET 2026
#@# pial curv lh Mon Mar  9 13:47:42 CET 2026
#@# pial area lh Mon Mar  9 13:47:42 CET 2026
#@# thickness lh Mon Mar  9 13:47:42 CET 2026
#@# area and vertex vol lh Mon Mar  9 13:47:42 CET 2026
#@# Parcellation Stats lh Mon Mar  9 13:47:42 CET 2026
#@# Parcellation Stats 2 lh Mon Mar  9 13:48:08 CET 2026
#@# Parcellation Stats 3 lh Mon Mar  9 13:48:17 CET 2026
#@# BA_exvivo Labels lh Mon Mar  9 13:48:30 CET 2026
recon-all -s sub-v1s21x0050416_ses-1 finished without error at Mon Mar  9 13:50:42 CET 2026
