status file for recon-all
Mon Mar  9 11:21:44 CET 2026
#@# MotionCor Mon Mar  9 11:21:45 CET 2026
#@# Talairach Mon Mar  9 11:21:50 CET 2026
#@# Talairach Failure Detection Mon Mar  9 11:24:39 CET 2026
#@# Nu Intensity Correction Mon Mar  9 11:24:39 CET 2026
#@# Intensity Normalization Mon Mar  9 11:27:24 CET 2026
recon-all -s sub-v1s21x0050416_ses-1 finished without error at Mon Mar  9 11:28:23 CET 2026



#New# invocation of recon-all 



status file for recon-all
Mon Mar  9 11:34:09 CET 2026
#@# EM Registration Mon Mar  9 11:34:09 CET 2026
recon-all -s sub-v1s21x0050416_ses-1 finished without error at Mon Mar  9 11:35:48 CET 2026



#New# invocation of recon-all 



status file for recon-all
Mon Mar  9 11:35:49 CET 2026
#@# CA Normalize Mon Mar  9 11:35:49 CET 2026
#@# CA Reg Mon Mar  9 11:36:42 CET 2026
#@# SubCort Seg Mon Mar  9 12:22:43 CET 2026
#@# CC Seg Mon Mar  9 12:46:26 CET 2026
#@# Merge ASeg Mon Mar  9 12:46:47 CET 2026
#@# Intensity Normalization2 Mon Mar  9 12:46:47 CET 2026
#@# Mask BFS Mon Mar  9 12:48:12 CET 2026
#@# WM Segmentation Mon Mar  9 12:48:13 CET 2026
#@# Fill Mon Mar  9 12:49:59 CET 2026
recon-all -s sub-v1s21x0050416_ses-1 finished without error at Mon Mar  9 12:50:38 CET 2026



#New# invocation of recon-all 



status file for recon-all
Mon Mar  9 13:41:38 CET 2026
#@# white curv lh Mon Mar  9 13:41:38 CET 2026
#@# white area lh Mon Mar  9 13:41:38 CET 2026
#@# pial curv lh Mon Mar  9 13:41:38 CET 2026
#@# pial area lh Mon Mar  9 13:41:38 CET 2026
#@# thickness lh Mon Mar  9 13:41:38 CET 2026
#@# area and vertex vol lh Mon Mar  9 13:41:38 CET 2026
#@# white curv rh Mon Mar  9 13:41:38 CET 2026
#@# white area rh Mon Mar  9 13:41:38 CET 2026
#@# pial curv rh Mon Mar  9 13:41:38 CET 2026
#@# pial area rh Mon Mar  9 13:41:38 CET 2026
#@# thickness rh Mon Mar  9 13:41:38 CET 2026
#@# area and vertex vol rh Mon Mar  9 13:41:38 CET 2026
#@# Cortical ribbon mask Mon Mar  9 13:41:38 CET 2026
recon-all -s sub-v1s21x0050416_ses-1 finished without error at Mon Mar  9 13:47:39 CET 2026



#New# invocation of recon-all 



status file for recon-all
Mon Mar  9 13:53:28 CET 2026
#@# white curv lh Mon Mar  9 13:53:28 CET 2026
#@# white area lh Mon Mar  9 13:53:28 CET 2026
#@# pial curv lh Mon Mar  9 13:53:28 CET 2026
#@# pial area lh Mon Mar  9 13:53:28 CET 2026
#@# thickness lh Mon Mar  9 13:53:28 CET 2026
#@# area and vertex vol lh Mon Mar  9 13:53:28 CET 2026
#@# white curv rh Mon Mar  9 13:53:28 CET 2026
#@# white area rh Mon Mar  9 13:53:28 CET 2026
#@# pial curv rh Mon Mar  9 13:53:28 CET 2026
#@# pial area rh Mon Mar  9 13:53:28 CET 2026
#@# thickness rh Mon Mar  9 13:53:28 CET 2026
#@# area and vertex vol rh Mon Mar  9 13:53:28 CET 2026
#@# Curvature Stats lh Mon Mar  9 13:53:28 CET 2026
#@# Curvature Stats rh Mon Mar  9 13:53:30 CET 2026
#@# Relabel Hypointensities Mon Mar  9 13:53:32 CET 2026
#@# APas-to-ASeg Mon Mar  9 13:53:43 CET 2026
#@# AParc-to-ASeg aparc Mon Mar  9 13:53:50 CET 2026
#@# AParc-to-ASeg aparc.a2009s Mon Mar  9 13:54:13 CET 2026
#@# AParc-to-ASeg aparc.DKTatlas Mon Mar  9 13:54:39 CET 2026
#@# WMParc Mon Mar  9 13:55:05 CET 2026
#@# ASeg Stats Mon Mar  9 13:56:56 CET 2026
recon-all -s sub-v1s21x0050416_ses-1 finished without error at Mon Mar  9 13:57:15 CET 2026
