/out/sourcedata/freesurfer/sub-v1s21x0050387_ses-1/mri
/opt/freesurfer/bin/talairach_avi
--i orig_nu.mgz --xfm transforms/talairach.auto.xfm
talairach_avi 7.3.2
Linux dna065 5.14.0-427.37.1.el9_4.x86_64 #1 SMP PREEMPT_DYNAMIC Fri Sep 13 12:41:50 EDT 2024 x86_64 x86_64 x86_64 GNU/Linux
Mon Mar  9 09:18:22 CET 2026
mri_convert orig_nu.mgz talsrcimg.img 
reading from orig_nu.mgz...
TR=0.00, TE=0.00, TI=0.00, flip angle=0.00
i_ras = (-1, 0, 0)
j_ras = (0, 0, -1)
k_ras = (0, 1, 0)
writing to talsrcimg.img...
Analyze Output Matrix
-1.00000   0.00000   0.00000   129.50781;
 0.00000   0.00000   1.00000  -128.49219;
 0.00000  -1.00000   0.00000   129.60004;
 0.00000   0.00000   0.00000   1.00000;
--------------------
INFO: set hdr.hist.orient to -1
mpr2mni305 talsrcimg
Mon Mar  9 09:18:22 CET 2026
/opt/freesurfer/bin/mpr2mni305 talsrcimg
mpr2mni305 7.3.2
target=711-2C_as_mni_average_305

---------------------------------------------------------------------
analyzeto4dfp talsrcimg -O0 -y
---------------------------------------------------------------------

freesurfer ifh2hdr.c
Mon Mar  9 09:18:22 2026
Writing: talsrcimg.4dfp.hdr
freesurfer analyzeto4dfp.c
Reading: talsrcimg.hdr
header size 348 bytes
hdr.dime.datatype	offset=70	value=2
hdr.dime.bitpix		offset=72	value=8
hdr.hist.orient		offset=252	value=-1
dimensionality     4
dimensions       256       256       256         1
Reading: talsrcimg.img
Writing: talsrcimg.4dfp.img
Writing: talsrcimg.4dfp.ifh
ifh2hdr talsrcimg -r0to227
ori=2

---------------------------------------------------------------------
gauss_4dfp talsrcimg 1.1
---------------------------------------------------------------------

freesurfer gauss_4dfp.c
Reading: talsrcimg.4dfp.img
Writing: talsrcimg_g11.4dfp.img
image dimensions 256 256 256 padded to 288 288 288
processing volume 1freesurfer ifh2hdr.c
Mon Mar  9 09:18:23 2026
Writing: talsrcimg_g11.4dfp.hdr

Writing: talsrcimg_g11.4dfp.ifh
including: talsrcimg.4dfp.img.rec in talsrcimg_g11.4dfp.img.rec

---------------------------------------------------------------------
imgreg_4dfp /opt/freesurfer/average/711-2C_as_mni_average_305 none talsrcimg_g11 none talsrcimg_to_711-2C_as_mni_average_305_t4 4355
---------------------------------------------------------------------

freesurfer imgreg_4dfp.c
/opt/freesurfer/average/711-2C_as_mni_average_305.4dfp.img
       256       256       256         1
  1.000000  1.000000  1.000000
orientation T byte_order littleendian
Reading image: /opt/freesurfer/average/711-2C_as_mni_average_305.4dfp.img
dimensions:      256       256       256
mmppix:       1.0000   -1.0000   -1.0000
center:     128.0000 -129.0000 -129.0000
talsrcimg_g11.4dfp.img
       256       256       256         1
  1.000000  1.000000  1.000000
orientation T byte_order littleendian
Reading image: talsrcimg_g11.4dfp.img
dimensions:      256       256       256
mmppix:       1.0000   -1.0000   -1.0000
center:     128.0000 -129.0000 -129.0000
t4_read: open error in t4_sub.f l:  41 t4_file(1:l)talsrcimg_to_711-2C_as_mni_average_305_t4 
t4_read: transform initialized to I4
rotation matrix determinant  1.000000
image alignment mode   4355 decimal     1103 hex
   -7.5000  -45.0000  -45.0000 7637.6611   17.7751
    0.0000  -45.0000  -45.0000 8033.8325   17.8093
    7.5000  -45.0000  -45.0000 7765.8652   17.7872
   -7.5000  -37.5000  -45.0000 8185.6289   17.7553
    0.0000  -37.5000  -45.0000 8603.4062   17.7965
    7.5000  -37.5000  -45.0000 8320.8018   17.7746
   -7.5000  -30.0000  -45.0000 8970.1934   17.7521
    0.0000  -30.0000  -45.0000 9429.0029   17.7991
    7.5000  -30.0000  -45.0000 9106.6279   17.7764
   -7.5000  -22.5000  -45.0000 9651.3232   17.7709
    0.0000  -22.5000  -45.000010149.3174   17.8170
    7.5000  -22.5000  -45.0000 9814.1787   17.7938
   -7.5000  -15.0000  -45.000010231.3125   17.7921
    0.0000  -15.0000  -45.000010772.9912   17.8320
    7.5000  -15.0000  -45.000010417.2178   17.8088
   -7.5000   -7.5000  -45.000010811.6582   17.7931
    0.0000   -7.5000  -45.000011377.7744   17.8268
    7.5000   -7.5000  -45.000010996.9326   17.8040
   -7.5000    0.0000  -45.000011325.4102   17.7751
    0.0000    0.0000  -45.000011902.3184   17.8093
    7.5000    0.0000  -45.000011522.3594   17.7872
   -7.5000    7.5000  -45.000011040.6621   17.7553
    0.0000    7.5000  -45.000011595.7109   17.7965
    7.5000    7.5000  -45.000011219.0000   17.7746
   -7.5000   15.0000  -45.000010662.2891   17.7521
    0.0000   15.0000  -45.000011185.1562   17.7991
    7.5000   15.0000  -45.000010790.4902   17.7764
   -7.5000   22.5000  -45.000010019.9404   17.7685
    0.0000   22.5000  -45.000010507.2207   17.8146
    7.5000   22.5000  -45.000010105.8340   17.7914
   -7.5000   30.0000  -45.0000 9204.8506   17.5550
    0.0000   30.0000  -45.0000 9664.1250   17.5944
    7.5000   30.0000  -45.0000 9297.6982   17.5715
   -7.5000   37.5000  -45.0000 8718.2979   17.5560
    0.0000   37.5000  -45.0000 9149.7139   17.5892
    7.5000   37.5000  -45.0000 8783.5742   17.5667
   -7.5000   45.0000  -45.0000 7910.9297   17.0929
    0.0000   45.0000  -45.0000 8319.0381   17.1257
    7.5000   45.0000  -45.0000 7984.4565   17.1045
   -7.5000  -45.0000  -37.5000 8252.2383   17.6413
    0.0000  -45.0000  -37.5000 8683.7207   17.6824
    7.5000  -45.0000  -37.5000 8377.1035   17.6632
   -7.5000  -37.5000  -37.5000 8813.4092   17.6250
    0.0000  -37.5000  -37.5000 9272.2510   17.6740
    7.5000  -37.5000  -37.5000 8952.6562   17.6539
   -7.5000  -30.0000  -37.5000 9640.3066   17.6160
    0.0000  -30.0000  -37.500010149.0986   17.6690
    7.5000  -30.0000  -37.5000 9793.4795   17.6476
   -7.5000  -22.5000  -37.500010351.4346   17.6243
    0.0000  -22.5000  -37.500010917.6895   17.6734
    7.5000  -22.5000  -37.500010540.4668   17.6523
   -7.5000  -15.0000  -37.500010969.9404   17.6410
    0.0000  -15.0000  -37.500011560.8398   17.6826
    7.5000  -15.0000  -37.500011159.4463   17.6628
   -7.5000   -7.5000  -37.500011522.0273   17.6489
    0.0000   -7.5000  -37.500012140.0596   17.6866
    7.5000   -7.5000  -37.500011722.0322   17.6675
   -7.5000    0.0000  -37.500012043.8984   17.6413
    0.0000    0.0000  -37.500012661.8652   17.6824
    7.5000    0.0000  -37.500012244.7031   17.6632
   -7.5000    7.5000  -37.500011737.0869   17.6250
    0.0000    7.5000  -37.500012323.1494   17.6740
    7.5000    7.5000  -37.500011913.7178   17.6539
   -7.5000   15.0000  -37.500011307.7471   17.6160
    0.0000   15.0000  -37.500011862.6211   17.6690
    7.5000   15.0000  -37.500011447.8623   17.6476
   -7.5000   22.5000  -37.500010612.4365   17.6219
    0.0000   22.5000  -37.500011118.9971   17.6710
    7.5000   22.5000  -37.500010700.7900   17.6498
   -7.5000   30.0000  -37.5000 9719.5264   17.4059
    0.0000   30.0000  -37.500010199.8496   17.4469
    7.5000   30.0000  -37.5000 9806.3877   17.4275
   -7.5000   37.5000  -37.5000 9161.4062   17.4137
    0.0000   37.5000  -37.5000 9606.7900   17.4509
    7.5000   37.5000  -37.5000 9245.8086   17.4320
   -7.5000   45.0000  -37.5000 8297.1602   16.9642
    0.0000   45.0000  -37.5000 8709.5674   17.0037
    7.5000   45.0000  -37.5000 8379.1797   16.9853
   -7.5000  -45.0000  -30.0000 9038.8984   18.3664
    0.0000  -45.0000  -30.0000 9518.9697   18.4075
    7.5000  -45.0000  -30.0000 9159.0352   18.3863
   -7.5000  -37.5000  -30.0000 9626.7119   18.3533
    0.0000  -37.5000  -30.000010139.8066   18.4005
    7.5000  -37.5000  -30.0000 9762.0254   18.3804
   -7.5000  -30.0000  -30.000010501.5244   18.3412
    0.0000  -30.0000  -30.000011068.9277   18.3915
    7.5000  -30.0000  -30.000010661.4131   18.3732
   -7.5000  -22.5000  -30.000011257.3848   18.3431
    0.0000  -22.5000  -30.000011874.5098   18.3894
    7.5000  -22.5000  -30.000011441.3994   18.3729
   -7.5000  -15.0000  -30.000011916.0020   18.3562
    0.0000  -15.0000  -30.000012570.3242   18.3967
    7.5000  -15.0000  -30.000012121.9473   18.3800
   -7.5000   -7.5000  -30.000012472.6289   18.3675
    0.0000   -7.5000  -30.000013167.5186   18.4057
    7.5000   -7.5000  -30.000012690.5684   18.3862
   -7.5000    0.0000  -30.000013012.0889   18.3664
    0.0000    0.0000  -30.000013700.9980   18.4075
    7.5000    0.0000  -30.000013232.9688   18.3863
   -7.5000    7.5000  -30.000012658.7197   18.3533
    0.0000    7.5000  -30.000013318.6006   18.4005
    7.5000    7.5000  -30.000012866.6230   18.3804
   -7.5000   15.0000  -30.000012157.0596   18.3412
    0.0000   15.0000  -30.000012775.0605   18.3915
    7.5000   15.0000  -30.000012343.1738   18.3732
   -7.5000   22.5000  -30.000011386.5400   18.3387
    0.0000   22.5000  -30.000011943.4404   18.3850
    7.5000   22.5000  -30.000011532.1816   18.3685
   -7.5000   30.0000  -30.000010409.2773   18.1133
    0.0000   30.0000  -30.000010913.8945   18.1533
    7.5000   30.0000  -30.000010537.0713   18.1368
   -7.5000   37.5000  -30.0000 9776.6631   18.1245
    0.0000   37.5000  -30.000010243.7715   18.1621
    7.5000   37.5000  -30.0000 9875.5000   18.1430
   -7.5000   45.0000  -30.0000 8828.6074   17.6744
    0.0000   45.0000  -30.0000 9261.8467   17.7140
    7.5000   45.0000  -30.0000 8924.5137   17.6937
   -7.5000  -45.0000  -22.5000 9805.4482   19.0301
    0.0000  -45.0000  -22.500010342.3623   19.0623
    7.5000  -45.0000  -22.5000 9936.6836   19.0352
   -7.5000  -37.5000  -22.500010434.0254   19.0178
    0.0000  -37.5000  -22.500011002.6797   19.0535
    7.5000  -37.5000  -22.500010576.9219   19.0306
   -7.5000  -30.0000  -22.500011357.4658   19.0097
    0.0000  -30.0000  -22.500011995.1406   19.0492
    7.5000  -30.0000  -22.500011531.7793   19.0327
   -7.5000  -22.5000  -22.500012161.8955   19.0150
    0.0000  -22.5000  -22.500012848.2314   19.0549
    7.5000  -22.5000  -22.500012349.9004   19.0411
   -7.5000  -15.0000  -22.500012845.3379   19.0278
    0.0000  -15.0000  -22.500013617.5420   19.0653
    7.5000  -15.0000  -22.500013078.4443   19.0481
   -7.5000   -7.5000  -22.500013453.3721   19.0348
    0.0000   -7.5000  -22.500014219.0205   19.0686
    7.5000   -7.5000  -22.500013669.7676   19.0445
   -7.5000    0.0000  -22.500014026.0459   19.0301
    0.0000    0.0000  -22.500014797.5195   19.0623
    7.5000    0.0000  -22.500014237.6367   19.0352
   -7.5000    7.5000  -22.500013602.4922   19.0178
    0.0000    7.5000  -22.500014328.8398   19.0535
    7.5000    7.5000  -22.500013813.3291   19.0306
   -7.5000   15.0000  -22.500013018.5186   19.0097
    0.0000   15.0000  -22.500013693.6602   19.0492
    7.5000   15.0000  -22.500013198.7822   19.0327
   -7.5000   22.5000  -22.500012152.4570   19.0091
    0.0000   22.5000  -22.500012800.5527   19.0490
    7.5000   22.5000  -22.500012323.7080   19.0352
   -7.5000   30.0000  -22.500011105.5449   18.7789
    0.0000   30.0000  -22.500011675.5908   18.8159
    7.5000   30.0000  -22.500011243.6670   18.7990
   -7.5000   37.5000  -22.500010406.5742   18.7858
    0.0000   37.5000  -22.500010911.7490   18.8191
    7.5000   37.5000  -22.500010524.8057   18.7954
   -7.5000   45.0000  -22.5000 9377.5869   18.3269
    0.0000   45.0000  -22.5000 9821.0986   18.3580
    7.5000   45.0000  -22.5000 9463.7803   18.3318
   -7.5000  -45.0000  -15.000010580.5039   19.5273
    0.0000  -45.0000  -15.000011169.0000   19.5515
    7.5000  -45.0000  -15.000010740.2334   19.5188
   -7.5000  -37.5000  -15.000011217.0771   19.5112
    0.0000  -37.5000  -15.000011874.0391   19.5374
    7.5000  -37.5000  -15.000011408.3770   19.5106
   -7.5000  -30.0000  -15.000012194.1865   19.5083
    0.0000  -30.0000  -15.000012931.6514   19.5408
    7.5000  -30.0000  -15.000012431.4990   19.5223
   -7.5000  -22.5000  -15.000013041.0068   19.5237
    0.0000  -22.5000  -15.000013854.1777   19.5614
    7.5000  -22.5000  -15.000013287.2412   19.5454
   -7.5000  -15.0000  -15.000013744.6523   19.5413
    0.0000  -15.0000  -15.000014623.0723   19.5790
    7.5000  -15.0000  -15.000014009.2002   19.5577
   -7.5000   -7.5000  -15.000014389.6719   19.5419
    0.0000   -7.5000  -15.000015246.1836   19.5726
    7.5000   -7.5000  -15.000014643.8193   19.5428
   -7.5000    0.0000  -15.000015020.9336   19.5273
    0.0000    0.0000  -15.000015872.0371   19.5515
    7.5000    0.0000  -15.000015253.0166   19.5188
   -7.5000    7.5000  -15.000014530.0107   19.5112
    0.0000    7.5000  -15.000015366.1230   19.5374
    7.5000    7.5000  -15.000014767.6436   19.5106
   -7.5000   15.0000  -15.000013849.5166   19.5083
    0.0000   15.0000  -15.000014625.9199   19.5408
    7.5000   15.0000  -15.000014050.2803   19.5223
   -7.5000   22.5000  -15.000012918.1270   19.5168
    0.0000   22.5000  -15.000013636.4180   19.5545
    7.5000   22.5000  -15.000013098.1182   19.5384
   -7.5000   30.0000  -15.000011813.3027   19.2884
    0.0000   30.0000  -15.000012441.5264   19.3256
    7.5000   30.0000  -15.000011970.9570   19.3045
   -7.5000   37.5000  -15.000011045.6191   19.2890
    0.0000   37.5000  -15.000011602.9404   19.3193
    7.5000   37.5000  -15.000011183.8672   19.2899
   -7.5000   45.0000  -15.0000 9896.2002   18.8171
    0.0000   45.0000  -15.000010368.5234   18.8404
    7.5000   45.0000  -15.000010002.2510   18.8089
   -7.5000  -45.0000   -7.500011354.0791   19.7580
    0.0000  -45.0000   -7.500011977.3877   19.7847
    7.5000  -45.0000   -7.500011550.3164   19.7536
   -7.5000  -37.5000   -7.500012022.4619   19.7367
    0.0000  -37.5000   -7.500012720.3330   19.7677
    7.5000  -37.5000   -7.500012258.5713   19.7405
   -7.5000  -30.0000   -7.500013082.4365   19.7359
    0.0000  -30.0000   -7.500013856.3691   19.7743
    7.5000  -30.0000   -7.500013360.5957   19.7516
   -7.5000  -22.5000   -7.500013962.0879   19.7592
    0.0000  -22.5000   -7.500014842.9678   19.8019
    7.5000  -22.5000   -7.500014257.4170   19.7797
   -7.5000  -15.0000   -7.500014672.4180   19.7824
    0.0000  -15.0000   -7.500015574.2822   19.8227
    7.5000  -15.0000   -7.500014953.9365   19.7970
   -7.5000   -7.5000   -7.500015353.9512   19.7804
    0.0000   -7.5000   -7.500016210.3857   19.8121
    7.5000   -7.5000   -7.500015616.8994   19.7819
   -7.5000    0.0000   -7.500015986.7998   19.7580
    0.0000    0.0000   -7.500016888.7715   19.7847
    7.5000    0.0000   -7.500016241.4111   19.7536
   -7.5000    7.5000   -7.500015466.0928   19.7367
    0.0000    7.5000   -7.500016367.6074   19.7677
    7.5000    7.5000   -7.500015716.7178   19.7405
   -7.5000   15.0000   -7.500014718.0322   19.7359
    0.0000   15.0000   -7.500015560.8203   19.7743
    7.5000   15.0000   -7.500014915.7207   19.7516
   -7.5000   22.5000   -7.500013679.7207   19.7501
    0.0000   22.5000   -7.500014461.1445   19.7928
    7.5000   22.5000   -7.500013861.5342   19.7706
   -7.5000   30.0000   -7.500012502.3740   19.5258
    0.0000   30.0000   -7.500013215.6982   19.5656
    7.5000   30.0000   -7.500012691.7109   19.5402
   -7.5000   37.5000   -7.500011683.1514   19.5239
    0.0000   37.5000   -7.500012301.1670   19.5551
    7.5000   37.5000   -7.500011840.2559   19.5254
   -7.5000   45.0000   -7.500010428.4541   19.0430
    0.0000   45.0000   -7.500010929.3467   19.0687
    7.5000   45.0000   -7.500010539.7705   19.0387
   -7.5000  -45.0000    0.000012022.6855   19.7644
    0.0000  -45.0000    0.000012687.7549   19.8018
    7.5000  -45.0000    0.000012262.6846   19.7769
   -7.5000  -37.5000    0.000012710.2041   19.7425
    0.0000  -37.5000    0.000013421.8203   19.7879
    7.5000  -37.5000    0.000012978.0186   19.7631
   -7.5000  -30.0000    0.000013836.6699   19.7388
    0.0000  -30.0000    0.000014635.8770   19.7908
    7.5000  -30.0000    0.000014166.1416   19.7653
   -7.5000  -22.5000    0.000014765.3740   19.7595
    0.0000  -22.5000    0.000015733.0117   19.8106
    7.5000  -22.5000    0.000015157.8359   19.7846
   -7.5000  -15.0000    0.000015520.9072   19.7829
    0.0000  -15.0000    0.000016397.6426   19.8271
    7.5000  -15.0000    0.000015831.0137   19.8010
   -7.5000   -7.5000    0.000016216.4258   19.7841
    0.0000   -7.5000    0.000017030.6445   19.8212
    7.5000   -7.5000    0.000016449.0117   19.7955
   -7.5000    0.0000    0.000016851.9199   19.7644
    0.0000    0.0000    0.000017726.4668   19.8018
    7.5000    0.0000    0.000017088.3242   19.7769
   -7.5000    7.5000    0.000016268.9766   19.7425
    0.0000    7.5000    0.000017155.0312   19.7879
    7.5000    7.5000    0.000016516.4707   19.7631
   -7.5000   15.0000    0.000015442.5557   19.7388
    0.0000   15.0000    0.000016291.0020   19.7908
    7.5000   15.0000    0.000015648.8867   19.7653
   -7.5000   22.5000    0.000014324.5020   19.7504
    0.0000   22.5000    0.000015120.1602   19.8015
    7.5000   22.5000    0.000014528.8604   19.7755
   -7.5000   30.0000    0.000013107.4805   19.5268
    0.0000   30.0000    0.000013837.4717   19.5705
    7.5000   30.0000    0.000013289.3174   19.5448
   -7.5000   37.5000    0.000012252.2734   19.5281
    0.0000   37.5000    0.000012887.7529   19.5647
    7.5000   37.5000    0.000012401.7539   19.5393
   -7.5000   45.0000    0.000010905.9932   19.0506
    0.0000   45.0000    0.000011428.3408   19.0867
    7.5000   45.0000    0.000011019.2734   19.0626
   -7.5000  -45.0000    7.500011788.6514   19.7286
    0.0000  -45.0000    7.500012408.8213   19.7746
    7.5000  -45.0000    7.500012018.7588   19.7532
   -7.5000  -37.5000    7.500012435.0371   19.7103
    0.0000  -37.5000    7.500013059.9951   19.7651
    7.5000  -37.5000    7.500012667.9893   19.7427
   -7.5000  -30.0000    7.500013528.9590   19.7003
    0.0000  -30.0000    7.500014290.5029   19.7596
    7.5000  -30.0000    7.500013879.6035   19.7357
   -7.5000  -22.5000    7.500014490.6191   19.7097
    0.0000  -22.5000    7.500015386.7881   19.7646
    7.5000  -22.5000    7.500014902.4316   19.7411
   -7.5000  -15.0000    7.500015264.1670   19.7283
    0.0000  -15.0000    7.500015999.9961   19.7749
    7.5000  -15.0000    7.500015533.6436   19.7530
   -7.5000   -7.5000    7.500015937.5107   19.7372
    0.0000   -7.5000    7.500016577.4043   19.7795
    7.5000   -7.5000    7.500016081.3965   19.7581
   -7.5000    0.0000    7.500016502.2676   19.7286
    0.0000    0.0000    7.500017212.2793   19.7746
    7.5000    0.0000    7.500016672.3066   19.7532
   -7.5000    7.5000    7.500015894.7578   19.7103
    0.0000    7.5000    7.500016637.3926   19.7651
    7.5000    7.5000    7.500016073.7275   19.7427
   -7.5000   15.0000    7.500015022.2959   19.7003
    0.0000   15.0000    7.500015762.5635   19.7596
    7.5000   15.0000    7.500015192.9170   19.7357
   -7.5000   22.5000    7.500013912.7139   19.7006
    0.0000   22.5000    7.500014613.3076   19.7555
    7.5000   22.5000    7.500014088.2852   19.7320
   -7.5000   30.0000    7.500012714.7607   19.4730
    0.0000   30.0000    7.500013399.5928   19.5190
    7.5000   30.0000    7.500012895.2275   19.4973
   -7.5000   37.5000    7.500011885.3984   19.4818
    0.0000   37.5000    7.500012500.9453   19.5235
    7.5000   37.5000    7.500012042.1201   19.5024
   -7.5000   45.0000    7.500010574.6279   19.0161
    0.0000   45.0000    7.500011097.0283   19.0604
    7.5000   45.0000    7.500010679.5469   19.0398
   -7.5000  -45.0000   15.000011392.4482   19.7217
    0.0000  -45.0000   15.000011973.8057   19.7659
    7.5000  -45.0000   15.000011614.3994   19.7432
   -7.5000  -37.5000   15.000012004.1367   19.7076
    0.0000  -37.5000   15.000012590.5488   19.7584
    7.5000  -37.5000   15.000012226.0400   19.7368
   -7.5000  -30.0000   15.000013026.9150   19.6948
    0.0000  -30.0000   15.000013703.4775   19.7487
    7.5000  -30.0000   15.000013318.2939   19.7291
   -7.5000  -22.5000   15.000013950.7646   19.6967
    0.0000  -22.5000   15.000014618.7061   19.7465
    7.5000  -22.5000   15.000014219.2080   19.7287
   -7.5000  -15.0000   15.000014729.8750   19.7108
    0.0000  -15.0000   15.000015308.2207   19.7543
    7.5000  -15.0000   15.000014920.1074   19.7363
   -7.5000   -7.5000   15.000015413.4980   19.7230
    0.0000   -7.5000   15.000015992.5518   19.7639
    7.5000   -7.5000   15.000015547.2842   19.7431
   -7.5000    0.0000   15.000015982.3711   19.7217
    0.0000    0.0000   15.000016623.4668   19.7659
    7.5000    0.0000   15.000016091.1133   19.7432
   -7.5000    7.5000   15.000015399.3027   19.7076
    0.0000    7.5000   15.000016062.1807   19.7584
    7.5000    7.5000   15.000015497.4775   19.7368
   -7.5000   15.0000   15.000014483.7109   19.6948
    0.0000   15.0000   15.000015150.8340   19.7487
    7.5000   15.0000   15.000014597.9590   19.7291
   -7.5000   22.5000   15.000013397.2900   19.6876
    0.0000   22.5000   15.000014047.3193   19.7374
    7.5000   22.5000   15.000013520.4277   19.7197
   -7.5000   30.0000   15.000012223.3350   19.4557
    0.0000   30.0000   15.000012864.8877   19.4986
    7.5000   30.0000   15.000012379.9277   19.4809
   -7.5000   37.5000   15.000011421.2295   19.4677
    0.0000   37.5000   15.000011981.1973   19.5082
    7.5000   37.5000   15.000011543.6553   19.4876
   -7.5000   45.0000   15.000010154.6016   19.0095
    0.0000   45.0000   15.000010625.0801   19.0520
    7.5000   45.0000   15.000010219.3818   19.0301
   -7.5000  -45.0000   22.500010865.8037   19.7580
    0.0000  -45.0000   22.500011445.3613   19.7914
    7.5000  -45.0000   22.500011114.6074   19.7632
   -7.5000  -37.5000   22.500011456.5820   19.7453
    0.0000  -37.5000   22.500012031.0615   19.7823
    7.5000  -37.5000   22.500011718.9277   19.7584
   -7.5000  -30.0000   22.500012415.6299   19.7368
    0.0000  -30.0000   22.500013039.1445   19.7778
    7.5000  -30.0000   22.500012698.5889   19.7607
   -7.5000  -22.5000   22.500013299.4014   19.7423
    0.0000  -22.5000   22.500013880.9189   19.7837
    7.5000  -22.5000   22.500013511.4404   19.7694
   -7.5000  -15.0000   22.500014036.2129   19.7556
    0.0000  -15.0000   22.500014637.5322   19.7945
    7.5000  -15.0000   22.500014254.4141   19.7767
   -7.5000   -7.5000   22.500014693.2305   19.7628
    0.0000   -7.5000   22.500015400.7246   19.7978
    7.5000   -7.5000   22.500014946.1035   19.7729
   -7.5000    0.0000   22.500015260.2686   19.7580
    0.0000    0.0000   22.500016026.3086   19.7914
    7.5000    0.0000   22.500015485.1182   19.7632
   -7.5000    7.5000   22.500014703.5488   19.7453
    0.0000    7.5000   22.500015441.7139   19.7823
    7.5000    7.5000   22.500014871.1250   19.7584
   -7.5000   15.0000   22.500013809.3740   19.7368
    0.0000   15.0000   22.500014501.8096   19.7778
    7.5000   15.0000   22.500013977.6904   19.7607
   -7.5000   22.5000   22.500012733.6348   19.7332
    0.0000   22.5000   22.500013378.8154   19.7746
    7.5000   22.5000   22.500012869.6631   19.7603
   -7.5000   30.0000   22.500011590.8623   19.5000
    0.0000   30.0000   22.500012197.4570   19.5383
    7.5000   30.0000   22.500011755.7617   19.5207
   -7.5000   37.5000   22.500010832.2334   19.5070
    0.0000   37.5000   22.500011358.0576   19.5416
    7.5000   37.5000   22.500010942.9922   19.5170
   -7.5000   45.0000   22.5000 9628.9541   19.0444
    0.0000   45.0000   22.500010079.4092   19.0766
    7.5000   45.0000   22.5000 9704.2285   19.0494
   -7.5000  -45.0000   30.000010249.0254   19.8129
    0.0000  -45.0000   30.000010813.3701   19.8374
    7.5000  -45.0000   30.000010483.0186   19.8044
   -7.5000  -37.5000   30.000010779.1064   19.7966
    0.0000  -37.5000   30.000011374.6982   19.8231
    7.5000  -37.5000   30.000011047.6387   19.7961
   -7.5000  -30.0000   30.000011669.2764   19.7935
    0.0000  -30.0000   30.000012298.0879   19.8266
    7.5000  -30.0000   30.000011951.1719   19.8080
   -7.5000  -22.5000   30.000012495.0693   19.8092
    0.0000  -22.5000   30.000013095.8145   19.8474
    7.5000  -22.5000   30.000012726.8701   19.8313
   -7.5000  -15.0000   30.000013177.7051   19.8270
    0.0000  -15.0000   30.000013820.7266   19.8653
    7.5000  -15.0000   30.000013437.9414   19.8438
   -7.5000   -7.5000   30.000013802.7705   19.8277
    0.0000   -7.5000   30.000014499.6084   19.8588
    7.5000   -7.5000   30.000014080.7529   19.8287
   -7.5000    0.0000   30.000014349.5186   19.8129
    0.0000    0.0000   30.000015079.7871   19.8374
    7.5000    0.0000   30.000014613.4648   19.8044
   -7.5000    7.5000   30.000013824.0840   19.7966
    0.0000    7.5000   30.000014528.6055   19.8231
    7.5000    7.5000   30.000014064.2949   19.7961
   -7.5000   15.0000   30.000012999.8018   19.7935
    0.0000   15.0000   30.000013662.1133   19.8266
    7.5000   15.0000   30.000013206.0928   19.8080
   -7.5000   22.5000   30.000011965.4502   19.8000
    0.0000   22.5000   30.000012593.2412   19.8383
    7.5000   22.5000   30.000012153.3105   19.8222
   -7.5000   30.0000   30.000010881.6123   19.5704
    0.0000   30.0000   30.000011439.1514   19.6082
    7.5000   30.0000   30.000011041.3115   19.5869
   -7.5000   37.5000   30.000010150.6025   19.5711
    0.0000   37.5000   30.000010653.8184   19.6018
    7.5000   37.5000   30.000010275.1797   19.5721
   -7.5000   45.0000   30.0000 9030.0547   19.0973
    0.0000   45.0000   30.0000 9459.3457   19.1210
    7.5000   45.0000   30.0000 9125.1865   19.0891
   -7.5000  -45.0000   37.5000 9903.0869   19.8750
    0.0000  -45.0000   37.500010482.2881   19.9019
    7.5000  -45.0000   37.500010131.3066   19.8708
   -7.5000  -37.5000   37.500010430.8369   19.8537
    0.0000  -37.5000   37.500011026.8818   19.8849
    7.5000  -37.5000   37.500010674.8545   19.8578
   -7.5000  -30.0000   37.500011282.8604   19.8529
    0.0000  -30.0000   37.500011895.3818   19.8917
    7.5000  -30.0000   37.500011526.3193   19.8690
   -7.5000  -22.5000   37.500012063.7314   19.8764
    0.0000  -22.5000   37.500012647.6650   19.9195
    7.5000  -22.5000   37.500012275.8350   19.8973
   -7.5000  -15.0000   37.500012738.0850   19.8997
    0.0000  -15.0000   37.500013347.4346   19.9404
    7.5000  -15.0000   37.500012974.8662   19.9146
   -7.5000   -7.5000   37.500013327.2266   19.8975
    0.0000   -7.5000   37.500013982.5381   19.9295
    7.5000   -7.5000   37.500013600.6396   19.8994
   -7.5000    0.0000   37.500013856.5664   19.8750
    0.0000    0.0000   37.500014534.5781   19.9019
    7.5000    0.0000   37.500014118.4111   19.8708
   -7.5000    7.5000   37.500013369.7861   19.8537
    0.0000    7.5000   37.500014040.4941   19.8849
    7.5000    7.5000   37.500013606.2324   19.8578
   -7.5000   15.0000   37.500012596.0586   19.8529
    0.0000   15.0000   37.500013240.6953   19.8917
    7.5000   15.0000   37.500012810.3770   19.8690
   -7.5000   22.5000   37.500011626.1729   19.8672
    0.0000   22.5000   37.500012204.8252   19.9103
    7.5000   22.5000   37.500011811.6533   19.8881
   -7.5000   30.0000   37.500010576.1182   19.6421
    0.0000   30.0000   37.500011092.8994   19.6823
    7.5000   30.0000   37.500010730.7861   19.6569
   -7.5000   37.5000   37.5000 9849.1963   19.6400
    0.0000   37.5000   37.500010315.7939   19.6716
    7.5000   37.5000   37.5000 9977.9600   19.6418
   -7.5000   45.0000   37.5000 8752.7686   19.1572
    0.0000   45.0000   37.5000 9144.3369   19.1832
    7.5000   45.0000   37.5000 8837.8213   19.1532
   -7.5000  -45.0000   45.0000 9112.3203   19.8717
    0.0000  -45.0000   45.0000 9625.1621   19.9098
    7.5000  -45.0000   45.0000 9299.4482   19.8853
   -7.5000  -37.5000   45.0000 9588.6406   19.8488
    0.0000  -37.5000   45.000010115.2715   19.8952
    7.5000  -37.5000   45.0000 9782.6055   19.8710
   -7.5000  -30.0000   45.000010360.3760   19.8440
    0.0000  -30.0000   45.000010909.0342   19.8971
    7.5000  -30.0000   45.000010572.3750   19.8722
   -7.5000  -22.5000   45.000011059.9365   19.8646
    0.0000  -22.5000   45.000011600.7510   19.9166
    7.5000  -22.5000   45.000011251.6836   19.8911
   -7.5000  -15.0000   45.000011673.9619   19.8888
    0.0000  -15.0000   45.000012219.2920   19.9337
    7.5000  -15.0000   45.000011856.4775   19.9080
   -7.5000   -7.5000   45.000012219.4736   19.8912
    0.0000   -7.5000   45.000012806.3525   19.9288
    7.5000   -7.5000   45.000012444.7910   19.9034
   -7.5000    0.0000   45.000012731.7949   19.8717
    0.0000    0.0000   45.000013347.3516   19.9098
    7.5000    0.0000   45.000012962.8184   19.8853
   -7.5000    7.5000   45.000012299.0098   19.8488
    0.0000    7.5000   45.000012900.0830   19.8952
    7.5000    7.5000   45.000012512.0654   19.8710
   -7.5000   15.0000   45.000011602.7363   19.8440
    0.0000   15.0000   45.000012181.7510   19.8971
    7.5000   15.0000   45.000011801.8164   19.8722
   -7.5000   22.5000   45.000010706.7988   19.8554
    0.0000   22.5000   45.000011243.8086   19.9074
    7.5000   22.5000   45.000010901.7500   19.8818
   -7.5000   30.0000   45.0000 9742.5127   19.6297
    0.0000   30.0000   45.000010224.6934   19.6740
    7.5000   30.0000   45.0000 9899.9600   19.6487
   -7.5000   37.5000   45.0000 9093.2490   19.6320
    0.0000   37.5000   45.0000 9533.1895   19.6692
    7.5000   37.5000   45.0000 9229.2568   19.6441
   -7.5000   45.0000   45.0000 8072.9160   19.1627
    0.0000   45.0000   45.0000 8449.3857   19.1994
    7.5000   45.0000   45.0000 8166.6680   19.1758

---------------------------------------------------------------------
imgreg_4dfp /opt/freesurfer/average/711-2C_as_mni_average_305 /opt/freesurfer/average/711-2B_as_mni_average_305_mask talsrcimg_g11 none talsrcimg_to_711-2C_as_mni_average_305_t4 4355
---------------------------------------------------------------------

freesurfer imgreg_4dfp.c
/opt/freesurfer/average/711-2C_as_mni_average_305.4dfp.img
       256       256       256         1
  1.000000  1.000000  1.000000
orientation T byte_order littleendian
Reading image: /opt/freesurfer/average/711-2C_as_mni_average_305.4dfp.img
dimensions:      256       256       256
mmppix:       1.0000   -1.0000   -1.0000
center:     128.0000 -129.0000 -129.0000
/opt/freesurfer/average/711-2B_as_mni_average_305_mask.4dfp.img
       256       256       256         1
  1.000000  1.000000  1.000000
orientation T byte_order littleendian
Reading mask: /opt/freesurfer/average/711-2B_as_mni_average_305_mask.4dfp.img (2306576 pixels)
talsrcimg_g11.4dfp.img
       256       256       256         1
  1.000000  1.000000  1.000000
orientation T byte_order littleendian
Reading image: talsrcimg_g11.4dfp.img
dimensions:      256       256       256
mmppix:       1.0000   -1.0000   -1.0000
center:     128.0000 -129.0000 -129.0000
rotation matrix determinant  1.000000
image alignment mode   4355 decimal     1103 hex
   -7.5000  -45.0000  -45.0000 2011.0718   21.2725
    0.0000  -45.0000  -45.0000 2034.2273   20.9497
    7.5000  -45.0000  -45.0000 2029.3862   20.9099
   -7.5000  -37.5000  -45.0000 2099.7852   19.5603
    0.0000  -37.5000  -45.0000 2118.9673   19.3113
    7.5000  -37.5000  -45.0000 2118.0327   19.2849
   -7.5000  -30.0000  -45.0000 2153.6597   18.3856
    0.0000  -30.0000  -45.0000 2176.5630   18.0917
    7.5000  -30.0000  -45.0000 2176.3318   18.0512
   -7.5000  -22.5000  -45.0000 2189.0859   17.5636
    0.0000  -22.5000  -45.0000 2210.2646   17.2896
    7.5000  -22.5000  -45.0000 2212.3103   17.2650
   -7.5000  -15.0000  -45.0000 2198.8655   17.1449
    0.0000  -15.0000  -45.0000 2224.5845   16.8707
    7.5000  -15.0000  -45.0000 2229.0112   16.8378
   -7.5000   -7.5000  -45.0000 2204.3271   17.0210
    0.0000   -7.5000  -45.0000 2231.2319   16.7485
    7.5000   -7.5000  -45.0000 2235.4917   16.7333
   -7.5000    0.0000  -45.0000 2191.1226   17.3573
    0.0000    0.0000  -45.0000 2216.3870   17.0305
    7.5000    0.0000  -45.0000 2224.8875   16.9980
   -7.5000    7.5000  -45.0000 2162.3220   18.0410
    0.0000    7.5000  -45.0000 2188.5269   17.6819
    7.5000    7.5000  -45.0000 2194.6099   17.6532
   -7.5000   15.0000  -45.0000 2113.5347   19.0820
    0.0000   15.0000  -45.0000 2141.2253   18.7051
    7.5000   15.0000  -45.0000 2144.6877   18.6636
   -7.5000   22.5000  -45.0000 2039.1398   20.5579
    0.0000   22.5000  -45.0000 2071.1360   20.1461
    7.5000   22.5000  -45.0000 2074.8135   20.1187
   -7.5000   30.0000  -45.0000 1945.2427   22.4779
    0.0000   30.0000  -45.0000 1977.8269   22.0487
    7.5000   30.0000  -45.0000 1980.7329   22.0287
   -7.5000   37.5000  -45.0000 1844.1932   25.0543
    0.0000   37.5000  -45.0000 1874.4104   24.5751
    7.5000   37.5000  -45.0000 1876.7908   24.5141
   -7.5000   45.0000  -45.0000 1728.8593   28.6064
    0.0000   45.0000  -45.0000 1757.1255   28.0601
    7.5000   45.0000  -45.0000 1758.2383   27.9418
   -7.5000  -45.0000  -37.5000 2111.9590   19.4381
    0.0000  -45.0000  -37.5000 2134.2603   19.1269
    7.5000  -45.0000  -37.5000 2127.8789   19.1405
   -7.5000  -37.5000  -37.5000 2199.6411   17.8696
    0.0000  -37.5000  -37.5000 2221.0496   17.6341
    7.5000  -37.5000  -37.5000 2215.4358   17.6293
   -7.5000  -30.0000  -37.5000 2258.4246   16.7542
    0.0000  -30.0000  -37.5000 2282.8467   16.5212
    7.5000  -30.0000  -37.5000 2277.5278   16.4970
   -7.5000  -22.5000  -37.5000 2290.6602   16.0108
    0.0000  -22.5000  -37.5000 2321.7114   15.7564
    7.5000  -22.5000  -37.5000 2321.2397   15.7345
   -7.5000  -15.0000  -37.5000 2308.4380   15.6114
    0.0000  -15.0000  -37.5000 2335.9163   15.3522
    7.5000  -15.0000  -37.5000 2340.6987   15.3501
   -7.5000   -7.5000  -37.5000 2309.8506   15.5335
    0.0000   -7.5000  -37.5000 2337.6433   15.2719
    7.5000   -7.5000  -37.5000 2343.0359   15.2592
   -7.5000    0.0000  -37.5000 2293.9900   15.8261
    0.0000    0.0000  -37.5000 2324.9250   15.5081
    7.5000    0.0000  -37.5000 2330.0964   15.5138
   -7.5000    7.5000  -37.5000 2263.9666   16.4582
    0.0000    7.5000  -37.5000 2294.8191   16.1267
    7.5000    7.5000  -37.5000 2298.7466   16.1368
   -7.5000   15.0000  -37.5000 2213.5725   17.4366
    0.0000   15.0000  -37.5000 2242.0100   17.0980
    7.5000   15.0000  -37.5000 2245.9504   17.0912
   -7.5000   22.5000  -37.5000 2136.0889   18.8237
    0.0000   22.5000  -37.5000 2167.5105   18.4511
    7.5000   22.5000  -37.5000 2169.6714   18.4605
   -7.5000   30.0000  -37.5000 2035.8441   20.6070
    0.0000   30.0000  -37.5000 2068.6311   20.2105
    7.5000   30.0000  -37.5000 2070.5537   20.2137
   -7.5000   37.5000  -37.5000 1920.3459   23.0072
    0.0000   37.5000  -37.5000 1951.7708   22.5593
    7.5000   37.5000  -37.5000 1954.7274   22.5321
   -7.5000   45.0000  -37.5000 1797.1810   26.1932
    0.0000   45.0000  -37.5000 1826.4924   25.6977
    7.5000   45.0000  -37.5000 1828.1906   25.6572
   -7.5000  -45.0000  -30.0000 2238.5398   18.4032
    0.0000  -45.0000  -30.0000 2262.2383   18.1595
    7.5000  -45.0000  -30.0000 2256.6040   18.0996
   -7.5000  -37.5000  -30.0000 2329.3831   16.8975
    0.0000  -37.5000  -30.0000 2356.6189   16.6815
    7.5000  -37.5000  -30.0000 2350.6194   16.6564
   -7.5000  -30.0000  -30.0000 2394.7454   15.7985
    0.0000  -30.0000  -30.0000 2423.7986   15.5897
    7.5000  -30.0000  -30.0000 2421.1746   15.6021
   -7.5000  -22.5000  -30.0000 2436.4795   15.1078
    0.0000  -22.5000  -30.0000 2467.9185   14.8729
    7.5000  -22.5000  -30.0000 2467.5366   14.8711
   -7.5000  -15.0000  -30.0000 2464.3425   14.7340
    0.0000  -15.0000  -30.0000 2492.5068   14.4808
    7.5000  -15.0000  -30.0000 2496.5872   14.4801
   -7.5000   -7.5000  -30.0000 2466.5623   14.6927
    0.0000   -7.5000  -30.0000 2497.1897   14.4388
    7.5000   -7.5000  -30.0000 2504.8867   14.4430
   -7.5000    0.0000  -30.0000 2449.6431   14.9991
    0.0000    0.0000  -30.0000 2484.5664   14.7085
    7.5000    0.0000  -30.0000 2493.3113   14.7155
   -7.5000    7.5000  -30.0000 2413.6621   15.6394
    0.0000    7.5000  -30.0000 2449.1648   15.3038
    7.5000    7.5000  -30.0000 2456.3167   15.3344
   -7.5000   15.0000  -30.0000 2356.3555   16.6032
    0.0000   15.0000  -30.0000 2390.7661   16.2588
    7.5000   15.0000  -30.0000 2396.0676   16.2714
   -7.5000   22.5000  -30.0000 2271.6499   17.9150
    0.0000   22.5000  -30.0000 2305.0015   17.5808
    7.5000   22.5000  -30.0000 2310.8711   17.6181
   -7.5000   30.0000  -30.0000 2163.6392   19.6780
    0.0000   30.0000  -30.0000 2196.0298   19.3010
    7.5000   30.0000  -30.0000 2202.1377   19.3106
   -7.5000   37.5000  -30.0000 2036.0001   21.9501
    0.0000   37.5000  -30.0000 2068.8496   21.5271
    7.5000   37.5000  -30.0000 2069.0249   21.5238
   -7.5000   45.0000  -30.0000 1897.8799   24.9193
    0.0000   45.0000  -30.0000 1930.1312   24.4822
    7.5000   45.0000  -30.0000 1931.3300   24.4688
   -7.5000  -45.0000  -22.5000 2335.1321   17.2873
    0.0000  -45.0000  -22.5000 2360.0269   17.0740
    7.5000  -45.0000  -22.5000 2353.1858   17.0350
   -7.5000  -37.5000  -22.5000 2434.2017   15.8635
    0.0000  -37.5000  -22.5000 2459.5491   15.6708
    7.5000  -37.5000  -22.5000 2457.7166   15.6365
   -7.5000  -30.0000  -22.5000 2507.5435   14.8345
    0.0000  -30.0000  -22.5000 2536.3604   14.6438
    7.5000  -30.0000  -22.5000 2537.4087   14.6313
   -7.5000  -22.5000  -22.5000 2557.2673   14.1870
    0.0000  -22.5000  -22.5000 2591.5889   13.9684
    7.5000  -22.5000  -22.5000 2591.8884   13.9772
   -7.5000  -15.0000  -22.5000 2593.3682   13.8309
    0.0000  -15.0000  -22.5000 2628.1350   13.5982
    7.5000  -15.0000  -22.5000 2632.4443   13.6146
   -7.5000   -7.5000  -22.5000 2603.6177   13.8256
    0.0000   -7.5000  -22.5000 2638.1367   13.5814
    7.5000   -7.5000  -22.5000 2643.9753   13.5925
   -7.5000    0.0000  -22.5000 2588.1760   14.1424
    0.0000    0.0000  -22.5000 2626.1130   13.8620
    7.5000    0.0000  -22.5000 2632.4426   13.8808
   -7.5000    7.5000  -22.5000 2546.5737   14.7687
    0.0000    7.5000  -22.5000 2584.9297   14.4805
    7.5000    7.5000  -22.5000 2591.1497   14.4840
   -7.5000   15.0000  -22.5000 2474.5857   15.7162
    0.0000   15.0000  -22.5000 2513.4543   15.4076
    7.5000   15.0000  -22.5000 2519.3823   15.4347
   -7.5000   22.5000  -22.5000 2380.0369   17.0161
    0.0000   22.5000  -22.5000 2420.2571   16.7019
    7.5000   22.5000  -22.5000 2426.2449   16.7205
   -7.5000   30.0000  -22.5000 2262.1047   18.7096
    0.0000   30.0000  -22.5000 2299.5537   18.3578
    7.5000   30.0000  -22.5000 2306.9075   18.3709
   -7.5000   37.5000  -22.5000 2127.2712   20.8559
    0.0000   37.5000  -22.5000 2161.4812   20.4578
    7.5000   37.5000  -22.5000 2161.9250   20.4872
   -7.5000   45.0000  -22.5000 1979.6918   23.6292
    0.0000   45.0000  -22.5000 2011.4987   23.1851
    7.5000   45.0000  -22.5000 2012.8104   23.1816
   -7.5000  -45.0000  -15.0000 2403.2058   16.3194
    0.0000  -45.0000  -15.0000 2427.0413   16.1278
    7.5000  -45.0000  -15.0000 2425.4041   16.0810
   -7.5000  -37.5000  -15.0000 2508.5317   14.9358
    0.0000  -37.5000  -15.0000 2536.4700   14.7752
    7.5000  -37.5000  -15.0000 2538.1125   14.7355
   -7.5000  -30.0000  -15.0000 2590.2351   13.9533
    0.0000  -30.0000  -15.0000 2622.9912   13.8033
    7.5000  -30.0000  -15.0000 2631.0562   13.7724
   -7.5000  -22.5000  -15.0000 2649.1580   13.3393
    0.0000  -22.5000  -15.0000 2693.1287   13.1435
    7.5000  -22.5000  -15.0000 2695.8503   13.1518
   -7.5000  -15.0000  -15.0000 2693.1802   13.0097
    0.0000  -15.0000  -15.0000 2738.3997   12.8099
    7.5000  -15.0000  -15.0000 2740.3909   12.8091
   -7.5000   -7.5000  -15.0000 2711.7432   13.0098
    0.0000   -7.5000  -15.0000 2752.2771   12.7735
    7.5000   -7.5000  -15.0000 2757.7148   12.8066
   -7.5000    0.0000  -15.0000 2699.1589   13.3364
    0.0000    0.0000  -15.0000 2742.3152   13.0766
    7.5000    0.0000  -15.0000 2747.5544   13.0957
   -7.5000    7.5000  -15.0000 2649.9565   13.9673
    0.0000    7.5000  -15.0000 2696.0981   13.6962
    7.5000    7.5000  -15.0000 2701.7209   13.7069
   -7.5000   15.0000  -15.0000 2566.7166   14.9029
    0.0000   15.0000  -15.0000 2611.5950   14.6192
    7.5000   15.0000  -15.0000 2617.0151   14.6328
   -7.5000   22.5000  -15.0000 2460.2407   16.1785
    0.0000   22.5000  -15.0000 2503.4158   15.8727
    7.5000   22.5000  -15.0000 2508.4849   15.8882
   -7.5000   30.0000  -15.0000 2338.4209   17.8194
    0.0000   30.0000  -15.0000 2377.3496   17.4690
    7.5000   30.0000  -15.0000 2380.6829   17.4927
   -7.5000   37.5000  -15.0000 2191.0798   19.8673
    0.0000   37.5000  -15.0000 2224.7573   19.4810
    7.5000   37.5000  -15.0000 2228.6394   19.4941
   -7.5000   45.0000  -15.0000 2034.7322   22.4650
    0.0000   45.0000  -15.0000 2062.6772   22.0155
    7.5000   45.0000  -15.0000 2068.5637   22.0081
   -7.5000  -45.0000   -7.5000 2450.9578   15.4754
    0.0000  -45.0000   -7.5000 2474.8345   15.2639
    7.5000  -45.0000   -7.5000 2479.4282   15.2368
   -7.5000  -37.5000   -7.5000 2563.6868   14.1642
    0.0000  -37.5000   -7.5000 2595.3752   13.9803
    7.5000  -37.5000   -7.5000 2603.2417   13.9471
   -7.5000  -30.0000   -7.5000 2658.7412   13.2068
    0.0000  -30.0000   -7.5000 2697.6284   13.0436
    7.5000  -30.0000   -7.5000 2708.8030   13.0124
   -7.5000  -22.5000   -7.5000 2731.7646   12.6260
    0.0000  -22.5000   -7.5000 2776.3879   12.4229
    7.5000  -22.5000   -7.5000 2784.8567   12.4161
   -7.5000  -15.0000   -7.5000 2781.9670   12.2919
    0.0000  -15.0000   -7.5000 2832.9485   12.0802
    7.5000  -15.0000   -7.5000 2839.0122   12.0694
   -7.5000   -7.5000   -7.5000 2803.5405   12.2957
    0.0000   -7.5000   -7.5000 2850.5654   12.0363
    7.5000   -7.5000   -7.5000 2856.0312   12.0686
   -7.5000    0.0000   -7.5000 2788.7300   12.6066
    0.0000    0.0000   -7.5000 2838.3762   12.3307
    7.5000    0.0000   -7.5000 2842.7246   12.3501
   -7.5000    7.5000   -7.5000 2731.2471   13.2344
    0.0000    7.5000   -7.5000 2781.2639   12.9556
    7.5000    7.5000   -7.5000 2787.2144   12.9737
   -7.5000   15.0000   -7.5000 2641.2148   14.1559
    0.0000   15.0000   -7.5000 2687.7092   13.8834
    7.5000   15.0000   -7.5000 2692.6863   13.8958
   -7.5000   22.5000   -7.5000 2524.1257   15.3794
    0.0000   22.5000   -7.5000 2568.5190   15.1134
    7.5000   22.5000   -7.5000 2572.6062   15.1314
   -7.5000   30.0000   -7.5000 2388.5508   16.9978
    0.0000   30.0000   -7.5000 2431.0276   16.6873
    7.5000   30.0000   -7.5000 2434.1003   16.6970
   -7.5000   37.5000   -7.5000 2234.4829   18.9852
    0.0000   37.5000   -7.5000 2272.1196   18.6140
    7.5000   37.5000   -7.5000 2277.0923   18.6191
   -7.5000   45.0000   -7.5000 2070.6147   21.5034
    0.0000   45.0000   -7.5000 2098.5825   21.0364
    7.5000   45.0000   -7.5000 2106.7419   21.0344
   -7.5000  -45.0000    0.0000 2486.3923   14.8675
    0.0000  -45.0000    0.0000 2513.2993   14.5994
    7.5000  -45.0000    0.0000 2520.7319   14.6259
   -7.5000  -37.5000    0.0000 2604.2131   13.5835
    0.0000  -37.5000    0.0000 2638.6384   13.3441
    7.5000  -37.5000    0.0000 2646.3203   13.3545
   -7.5000  -30.0000    0.0000 2709.0566   12.6770
    0.0000  -30.0000    0.0000 2752.8125   12.4575
    7.5000  -30.0000    0.0000 2763.1321   12.4652
   -7.5000  -22.5000    0.0000 2798.8909   12.0846
    0.0000  -22.5000    0.0000 2853.6179   11.8601
    7.5000  -22.5000    0.0000 2863.0205   11.8594
   -7.5000  -15.0000    0.0000 2859.6724   11.7628
    0.0000  -15.0000    0.0000 2921.1819   11.5048
    7.5000  -15.0000    0.0000 2929.3206   11.4949
   -7.5000   -7.5000    0.0000 2882.1592   11.7543
    0.0000   -7.5000    0.0000 2939.1643   11.4436
    7.5000   -7.5000    0.0000 2941.6960   11.4974
   -7.5000    0.0000    0.0000 2856.8540   12.0636
    0.0000    0.0000    0.0000 2914.5618   11.7526
    7.5000    0.0000    0.0000 2917.4673   11.7807
   -7.5000    7.5000    0.0000 2790.3145   12.6748
    0.0000    7.5000    0.0000 2845.7749   12.3729
    7.5000    7.5000    0.0000 2851.8689   12.3941
   -7.5000   15.0000    0.0000 2690.8147   13.5762
    0.0000   15.0000    0.0000 2738.3281   13.3069
    7.5000   15.0000    0.0000 2743.9673   13.3315
   -7.5000   22.5000    0.0000 2565.4741   14.8091
    0.0000   22.5000    0.0000 2610.4321   14.5226
    7.5000   22.5000    0.0000 2616.1299   14.5436
   -7.5000   30.0000    0.0000 2421.4438   16.3913
    0.0000   30.0000    0.0000 2467.1851   16.0433
    7.5000   30.0000    0.0000 2469.6018   16.0616
   -7.5000   37.5000    0.0000 2262.5527   18.3298
    0.0000   37.5000    0.0000 2303.1348   17.9080
    7.5000   37.5000    0.0000 2304.4722   17.9413
   -7.5000   45.0000    0.0000 2091.0879   20.7692
    0.0000   45.0000    0.0000 2127.3801   20.2786
    7.5000   45.0000    0.0000 2132.1177   20.3109
   -7.5000  -45.0000    7.5000 2516.5244   14.5287
    0.0000  -45.0000    7.5000 2546.3145   14.1656
    7.5000  -45.0000    7.5000 2552.9766   14.2387
   -7.5000  -37.5000    7.5000 2635.9241   13.2585
    0.0000  -37.5000    7.5000 2672.4158   12.9334
    7.5000  -37.5000    7.5000 2681.3945   12.9780
   -7.5000  -30.0000    7.5000 2748.5408   12.3597
    0.0000  -30.0000    7.5000 2792.7871   12.0325
    7.5000  -30.0000    7.5000 2805.7754   12.0700
   -7.5000  -22.5000    7.5000 2845.4695   11.7760
    0.0000  -22.5000    7.5000 2904.1760   11.5131
    7.5000  -22.5000    7.5000 2916.2288   11.5153
   -7.5000  -15.0000    7.5000 2911.6814   11.4229
    0.0000  -15.0000    7.5000 2991.1650   11.1384
    7.5000  -15.0000    7.5000 2996.8887   11.1753
   -7.5000   -7.5000    7.5000 2940.1326   11.4320
    0.0000   -7.5000    7.5000 3010.7151   11.0617
    7.5000   -7.5000    7.5000 3007.0818   11.1224
   -7.5000    0.0000    7.5000 2900.6650   11.7576
    0.0000    0.0000    7.5000 2967.7056   11.4064
    7.5000    0.0000    7.5000 2968.2263   11.4289
   -7.5000    7.5000    7.5000 2824.2188   12.3273
    0.0000    7.5000    7.5000 2880.5818   12.0198
    7.5000    7.5000    7.5000 2888.1021   12.0427
   -7.5000   15.0000    7.5000 2712.9680   13.2088
    0.0000   15.0000    7.5000 2765.1206   12.9132
    7.5000   15.0000    7.5000 2773.1033   12.9355
   -7.5000   22.5000    7.5000 2579.1921   14.4205
    0.0000   22.5000    7.5000 2628.3525   14.1020
    7.5000   22.5000    7.5000 2635.1423   14.1259
   -7.5000   30.0000    7.5000 2431.9902   15.9692
    0.0000   30.0000    7.5000 2479.3259   15.6101
    7.5000   30.0000    7.5000 2483.2842   15.6336
   -7.5000   37.5000    7.5000 2272.7068   17.8969
    0.0000   37.5000    7.5000 2313.7871   17.4579
    7.5000   37.5000    7.5000 2320.6165   17.4826
   -7.5000   45.0000    7.5000 2103.5710   20.2680
    0.0000   45.0000    7.5000 2137.9585   19.7946
    7.5000   45.0000    7.5000 2142.7910   19.7918
   -7.5000  -45.0000   15.0000 2529.5525   14.4438
    0.0000  -45.0000   15.0000 2559.8606   14.0541
    7.5000  -45.0000   15.0000 2569.8765   14.1157
   -7.5000  -37.5000   15.0000 2651.2959   13.1980
    0.0000  -37.5000   15.0000 2685.4507   12.8221
    7.5000  -37.5000   15.0000 2696.9771   12.8750
   -7.5000  -30.0000   15.0000 2764.1438   12.2817
    0.0000  -30.0000   15.0000 2807.5088   11.9116
    7.5000  -30.0000   15.0000 2820.8640   11.9580
   -7.5000  -22.5000   15.0000 2862.5303   11.6608
    0.0000  -22.5000   15.0000 2918.9741   11.3490
    7.5000  -22.5000   15.0000 2931.6450   11.3687
   -7.5000  -15.0000   15.0000 2925.6929   11.3611
    0.0000  -15.0000   15.0000 2999.8452   10.9778
    7.5000  -15.0000   15.0000 3005.1211   11.0273
   -7.5000   -7.5000   15.0000 2946.8486   11.3776
    0.0000   -7.5000   15.0000 3018.8701   11.0260
    7.5000   -7.5000   15.0000 3017.5249   11.0597
   -7.5000    0.0000   15.0000 2907.3958   11.6911
    0.0000    0.0000   15.0000 2976.6277   11.3659
    7.5000    0.0000   15.0000 2975.8088   11.3401
   -7.5000    7.5000   15.0000 2827.3955   12.2180
    0.0000    7.5000   15.0000 2882.8972   11.9190
    7.5000    7.5000   15.0000 2887.2844   11.8985
   -7.5000   15.0000   15.0000 2709.8467   13.0707
    0.0000   15.0000   15.0000 2758.2190   12.7730
    7.5000   15.0000   15.0000 2769.3401   12.7662
   -7.5000   22.5000   15.0000 2570.1038   14.2633
    0.0000   22.5000   15.0000 2618.4087   13.9316
    7.5000   22.5000   15.0000 2628.2727   13.9302
   -7.5000   30.0000   15.0000 2422.8291   15.7964
    0.0000   30.0000   15.0000 2472.0750   15.4164
    7.5000   30.0000   15.0000 2477.6641   15.4184
   -7.5000   37.5000   15.0000 2265.6941   17.6983
    0.0000   37.5000   15.0000 2303.8137   17.3040
    7.5000   37.5000   15.0000 2314.4570   17.2995
   -7.5000   45.0000   15.0000 2095.8213   20.0778
    0.0000   45.0000   15.0000 2131.4019   19.5764
    7.5000   45.0000   15.0000 2135.4160   19.5675
   -7.5000  -45.0000   22.5000 2525.9221   14.6377
    0.0000  -45.0000   22.5000 2564.6567   14.2140
    7.5000  -45.0000   22.5000 2572.4893   14.2808
   -7.5000  -37.5000   22.5000 2647.1521   13.4219
    0.0000  -37.5000   22.5000 2686.5593   13.0045
    7.5000  -37.5000   22.5000 2699.6370   13.0820
   -7.5000  -30.0000   22.5000 2760.3489   12.4995
    0.0000  -30.0000   22.5000 2803.3589   12.1192
    7.5000  -30.0000   22.5000 2816.0828   12.1994
   -7.5000  -22.5000   22.5000 2848.1709   11.9102
    0.0000  -22.5000   22.5000 2895.5969   11.5149
    7.5000  -22.5000   22.5000 2907.1997   11.5706
   -7.5000  -15.0000   22.5000 2896.9521   11.5839
    0.0000  -15.0000   22.5000 2953.6482   11.2140
    7.5000  -15.0000   22.5000 2962.8435   11.2835
   -7.5000   -7.5000   22.5000 2906.5342   11.5861
    0.0000   -7.5000   22.5000 2968.4604   11.3028
    7.5000   -7.5000   22.5000 2974.0955   11.3182
   -7.5000    0.0000   22.5000 2868.2642   11.8706
    0.0000    0.0000   22.5000 2928.5449   11.6028
    7.5000    0.0000   22.5000 2930.6877   11.5658
   -7.5000    7.5000   22.5000 2791.8945   12.4044
    0.0000    7.5000   22.5000 2842.6555   12.1224
    7.5000    7.5000   22.5000 2846.3794   12.0992
   -7.5000   15.0000   22.5000 2677.5947   13.2354
    0.0000   15.0000   22.5000 2723.3164   12.9286
    7.5000   15.0000   22.5000 2733.4270   12.9233
   -7.5000   22.5000   22.5000 2544.2476   14.3844
    0.0000   22.5000   22.5000 2592.8711   14.0433
    7.5000   22.5000   22.5000 2596.4922   14.0398
   -7.5000   30.0000   22.5000 2397.7302   15.8830
    0.0000   30.0000   22.5000 2443.7454   15.4958
    7.5000   30.0000   22.5000 2450.5935   15.4808
   -7.5000   37.5000   22.5000 2242.3567   17.7721
    0.0000   37.5000   22.5000 2279.2944   17.3217
    7.5000   37.5000   22.5000 2286.2986   17.3155
   -7.5000   45.0000   22.5000 2076.1296   20.1587
    0.0000   45.0000   22.5000 2111.5972   19.6208
    7.5000   45.0000   22.5000 2114.5820   19.5953
   -7.5000  -45.0000   30.0000 2509.1479   15.0630
    0.0000  -45.0000   30.0000 2546.8618   14.6887
    7.5000  -45.0000   30.0000 2551.7842   14.7198
   -7.5000  -37.5000   30.0000 2624.5620   13.8457
    0.0000  -37.5000   30.0000 2667.7329   13.4882
    7.5000  -37.5000   30.0000 2673.6584   13.5581
   -7.5000  -30.0000   30.0000 2726.5581   12.9553
    0.0000  -30.0000   30.0000 2771.3381   12.6068
    7.5000  -30.0000   30.0000 2776.6567   12.6717
   -7.5000  -22.5000   30.0000 2807.4856   12.3658
    0.0000  -22.5000   30.0000 2850.7407   11.9647
    7.5000  -22.5000   30.0000 2855.0679   12.0518
   -7.5000  -15.0000   30.0000 2842.8931   12.0401
    0.0000  -15.0000   30.0000 2888.5056   11.7099
    7.5000  -15.0000   30.0000 2896.5747   11.7706
   -7.5000   -7.5000   30.0000 2840.4954   12.0159
    0.0000   -7.5000   30.0000 2888.4050   11.7563
    7.5000   -7.5000   30.0000 2897.5002   11.7712
   -7.5000    0.0000   30.0000 2797.2522   12.2644
    0.0000    0.0000   30.0000 2848.0647   12.0081
    7.5000    0.0000   30.0000 2852.4412   11.9986
   -7.5000    7.5000   30.0000 2722.4653   12.7866
    0.0000    7.5000   30.0000 2768.2544   12.5207
    7.5000    7.5000   30.0000 2771.8389   12.5104
   -7.5000   15.0000   30.0000 2619.4802   13.6366
    0.0000   15.0000   30.0000 2660.1638   13.3470
    7.5000   15.0000   30.0000 2665.7402   13.3385
   -7.5000   22.5000   30.0000 2495.5945   14.7569
    0.0000   22.5000   30.0000 2537.1836   14.4453
    7.5000   22.5000   30.0000 2541.9487   14.4384
   -7.5000   30.0000   30.0000 2354.2090   16.2097
    0.0000   30.0000   30.0000 2394.3132   15.8230
    7.5000   30.0000   30.0000 2398.9548   15.8059
   -7.5000   37.5000   30.0000 2203.3293   18.1021
    0.0000   37.5000   30.0000 2239.2747   17.5999
    7.5000   37.5000   30.0000 2245.0598   17.5907
   -7.5000   45.0000   30.0000 2047.0166   20.5010
    0.0000   45.0000   30.0000 2076.9949   19.9242
    7.5000   45.0000   30.0000 2082.5396   19.9123
   -7.5000  -45.0000   37.5000 2469.9880   15.6832
    0.0000  -45.0000   37.5000 2510.8247   15.3787
    7.5000  -45.0000   37.5000 2511.5627   15.3878
   -7.5000  -37.5000   37.5000 2579.0610   14.4748
    0.0000  -37.5000   37.5000 2625.7551   14.1560
    7.5000  -37.5000   37.5000 2628.7532   14.2037
   -7.5000  -30.0000   37.5000 2671.4004   13.6039
    0.0000  -30.0000   37.5000 2720.4280   13.2334
    7.5000  -30.0000   37.5000 2725.3188   13.2925
   -7.5000  -22.5000   37.5000 2742.2729   12.9837
    0.0000  -22.5000   37.5000 2784.8040   12.6117
    7.5000  -22.5000   37.5000 2789.2795   12.6932
   -7.5000  -15.0000   37.5000 2775.6309   12.6517
    0.0000  -15.0000   37.5000 2815.5171   12.3315
    7.5000  -15.0000   37.5000 2823.0415   12.3798
   -7.5000   -7.5000   37.5000 2759.0481   12.6239
    0.0000   -7.5000   37.5000 2803.4382   12.3432
    7.5000   -7.5000   37.5000 2813.9097   12.3574
   -7.5000    0.0000   37.5000 2711.8855   12.8198
    0.0000    0.0000   37.5000 2754.6062   12.5705
    7.5000    0.0000   37.5000 2764.9717   12.5766
   -7.5000    7.5000   37.5000 2638.9290   13.3500
    0.0000    7.5000   37.5000 2677.4749   13.0763
    7.5000    7.5000   37.5000 2684.2261   13.0751
   -7.5000   15.0000   37.5000 2545.1606   14.1573
    0.0000   15.0000   37.5000 2580.2590   13.8916
    7.5000   15.0000   37.5000 2584.1716   13.8914
   -7.5000   22.5000   37.5000 2432.9402   15.3052
    0.0000   22.5000   37.5000 2465.6272   15.0183
    7.5000   22.5000   37.5000 2471.3616   14.9979
   -7.5000   30.0000   37.5000 2302.5383   16.7707
    0.0000   30.0000   37.5000 2332.5049   16.3846
    7.5000   30.0000   37.5000 2338.7935   16.3781
   -7.5000   37.5000   37.5000 2156.5081   18.6369
    0.0000   37.5000   37.5000 2183.7524   18.1742
    7.5000   37.5000   37.5000 2190.9612   18.1817
   -7.5000   45.0000   37.5000 2009.0787   21.0519
    0.0000   45.0000   37.5000 2030.6156   20.5042
    7.5000   45.0000   37.5000 2035.8551   20.5136
   -7.5000  -45.0000   45.0000 2415.9517   16.4592
    0.0000  -45.0000   45.0000 2456.5593   16.1904
    7.5000  -45.0000   45.0000 2459.3823   16.1895
   -7.5000  -37.5000   45.0000 2518.9668   15.2550
    0.0000  -37.5000   45.0000 2561.9800   14.9430
    7.5000  -37.5000   45.0000 2566.0239   14.9753
   -7.5000  -30.0000   45.0000 2604.7251   14.3529
    0.0000  -30.0000   45.0000 2646.7771   14.0366
    7.5000  -30.0000   45.0000 2654.6030   14.0813
   -7.5000  -22.5000   45.0000 2663.9766   13.7419
    0.0000  -22.5000   45.0000 2698.1929   13.4230
    7.5000  -22.5000   45.0000 2704.0442   13.4886
   -7.5000  -15.0000   45.0000 2688.2209   13.4111
    0.0000  -15.0000   45.0000 2717.4741   13.1179
    7.5000  -15.0000   45.0000 2725.6628   13.1386
   -7.5000   -7.5000   45.0000 2668.8896   13.3739
    0.0000   -7.5000   45.0000 2706.9712   13.0848
    7.5000   -7.5000   45.0000 2717.9104   13.0873
   -7.5000    0.0000   45.0000 2628.3989   13.5388
    0.0000    0.0000   45.0000 2663.9897   13.2938
    7.5000    0.0000   45.0000 2674.3430   13.2910
   -7.5000    7.5000   45.0000 2553.6047   14.0680
    0.0000    7.5000   45.0000 2587.7656   13.7988
    7.5000    7.5000   45.0000 2594.4849   13.7961
   -7.5000   15.0000   45.0000 2461.8940   14.8901
    0.0000   15.0000   45.0000 2493.4707   14.6073
    7.5000   15.0000   45.0000 2496.6221   14.6022
   -7.5000   22.5000   45.0000 2354.0381   16.0508
    0.0000   22.5000   45.0000 2385.1902   15.7482
    7.5000   22.5000   45.0000 2390.1228   15.7280
   -7.5000   30.0000   45.0000 2229.4778   17.5211
    0.0000   30.0000   45.0000 2257.3306   17.1578
    7.5000   30.0000   45.0000 2259.6980   17.1518
   -7.5000   37.5000   45.0000 2096.1733   19.4684
    0.0000   37.5000   45.0000 2120.5798   18.9958
    7.5000   37.5000   45.0000 2122.5757   18.9989
   -7.5000   45.0000   45.0000 1953.8760   21.9431
    0.0000   45.0000   45.0000 1972.5083   21.4091
    7.5000   45.0000   45.0000 1974.6671   21.4053

---------------------------------------------------------------------
imgreg_4dfp /opt/freesurfer/average/711-2C_as_mni_average_305 /opt/freesurfer/average/711-2B_as_mni_average_305_mask talsrcimg_g11 none talsrcimg_to_711-2C_as_mni_average_305_t4 1283
---------------------------------------------------------------------

freesurfer imgreg_4dfp.c
/opt/freesurfer/average/711-2C_as_mni_average_305.4dfp.img
       256       256       256         1
  1.000000  1.000000  1.000000
orientation T byte_order littleendian
Reading image: /opt/freesurfer/average/711-2C_as_mni_average_305.4dfp.img
dimensions:      256       256       256
mmppix:       1.0000   -1.0000   -1.0000
center:     128.0000 -129.0000 -129.0000
/opt/freesurfer/average/711-2B_as_mni_average_305_mask.4dfp.img
       256       256       256         1
  1.000000  1.000000  1.000000
orientation T byte_order littleendian
Reading mask: /opt/freesurfer/average/711-2B_as_mni_average_305_mask.4dfp.img (2306576 pixels)
talsrcimg_g11.4dfp.img
       256       256       256         1
  1.000000  1.000000  1.000000
orientation T byte_order littleendian
Reading image: talsrcimg_g11.4dfp.img
dimensions:      256       256       256
mmppix:       1.0000   -1.0000   -1.0000
center:     128.0000 -129.0000 -129.0000
rotation matrix determinant  1.000000
fimgreg.f
image alignment mode   1283 decimal      503 hex
parameters
    0.0000   -7.5000   15.0000    0.0000    0.0000    0.0000
eta,q 0.94892 10.96919
niter,ni,del,rscale     5    3   12.0000    1.2000
parameter  1 -0.843488 -> -0.500000 qaram    1.1500
parameter  4 -1.160671 -> -0.500000 qaram    1.1500
parameter  5  0.635891 ->  0.500000 qaram    1.1500
parameter  6  1.084031 ->  0.500000 qaram    1.1500
parameters
    3.4500   -8.7566   12.7233    3.4500   -3.4500   -3.4500
eta,q 0.95867 10.77896
  0.0712  0.0530  0.0514  0.0539  0.0453  0.0411
  0.0659  0.0507  0.0488  0.0515  0.0442  0.0411
  0.0602  0.0496  0.0483  0.0496  0.0442  0.0422
  0.0541  0.0497  0.0495  0.0481  0.0459  0.0441
  0.0506  0.0513  0.0523  0.0467  0.0490  0.0466
  0.0500  0.0535  0.0558  0.0457  0.0523  0.0496
  0.0508  0.0579  0.0606  0.0457  0.0553  0.0525
niter,ni,del,rscale     7    3   12.0000    1.2000
parameters
    4.6450  -10.8681   12.7404    4.2474   -3.9075   -4.8366
eta,q 0.96170 10.69409
  0.0617  0.0439  0.0488  0.0488  0.0465  0.0435
  0.0536  0.0398  0.0438  0.0445  0.0427  0.0402
  0.0463  0.0389  0.0400  0.0409  0.0400  0.0384
  0.0413  0.0406  0.0388  0.0388  0.0387  0.0388
  0.0412  0.0444  0.0405  0.0393  0.0402  0.0411
  0.0452  0.0492  0.0441  0.0419  0.0441  0.0447
  0.0525  0.0544  0.0483  0.0453  0.0492  0.0483
niter,ni,del,rscale     6    3   12.0000    1.2000
parameters
    4.6851  -10.9457   12.8152    4.3542   -4.0071   -4.9685
eta,q 0.96171 10.69108
  0.0561  0.0491  0.0482  0.0467  0.0472  0.0456
  0.0479  0.0433  0.0431  0.0426  0.0427  0.0421
  0.0410  0.0393  0.0396  0.0393  0.0397  0.0392
  0.0383  0.0383  0.0383  0.0383  0.0383  0.0383
  0.0407  0.0400  0.0397  0.0395  0.0393  0.0395
  0.0473  0.0439  0.0431  0.0425  0.0429  0.0424
  0.0561  0.0493  0.0474  0.0459  0.0480  0.0461
niter,ni,del,rscale     5    3   12.0000    1.2000
parameters
    4.6970  -10.9709   12.8368    4.3664   -4.0277   -4.9872
eta,q 0.96171 10.69032
  0.0560  0.0492  0.0479  0.0464  0.0474  0.0458
  0.0478  0.0434  0.0429  0.0423  0.0429  0.0423
  0.0410  0.0394  0.0395  0.0392  0.0397  0.0393
  0.0383  0.0383  0.0383  0.0383  0.0383  0.0383
  0.0407  0.0399  0.0398  0.0396  0.0392  0.0394
  0.0473  0.0437  0.0432  0.0426  0.0428  0.0422
  0.0562  0.0491  0.0475  0.0460  0.0478  0.0459
registration optimization eta report
parameter search radius
    6.9000    6.0000    6.0000    6.9000    6.9000    6.9000
100000*second partial in parameter space
       37.       30.       26.       16.       19.       16.
  0.0560  0.0492  0.0479  0.0464  0.0474  0.0458
  0.0478  0.0434  0.0429  0.0423  0.0429  0.0423
  0.0410  0.0394  0.0395  0.0392  0.0397  0.0393
  0.0383  0.0383  0.0383  0.0383  0.0383  0.0383
  0.0407  0.0399  0.0398  0.0396  0.0392  0.0394
  0.0473  0.0437  0.0432  0.0426  0.0428  0.0422
  0.0562  0.0491  0.0475  0.0460  0.0478  0.0459
    4.6970  -10.9709   12.8368    4.3664   -4.0277   -4.9872
eta,q 0.96171 10.69032

---------------------------------------------------------------------
imgreg_4dfp /opt/freesurfer/average/711-2C_as_mni_average_305 /opt/freesurfer/average/711-2B_as_mni_average_305_mask talsrcimg_g11 none talsrcimg_to_711-2C_as_mni_average_305_t4 3335
---------------------------------------------------------------------

freesurfer imgreg_4dfp.c
/opt/freesurfer/average/711-2C_as_mni_average_305.4dfp.img
       256       256       256         1
  1.000000  1.000000  1.000000
orientation T byte_order littleendian
Reading image: /opt/freesurfer/average/711-2C_as_mni_average_305.4dfp.img
dimensions:      256       256       256
mmppix:       1.0000   -1.0000   -1.0000
center:     128.0000 -129.0000 -129.0000
/opt/freesurfer/average/711-2B_as_mni_average_305_mask.4dfp.img
       256       256       256         1
  1.000000  1.000000  1.000000
orientation T byte_order littleendian
Reading mask: /opt/freesurfer/average/711-2B_as_mni_average_305_mask.4dfp.img (2306576 pixels)
talsrcimg_g11.4dfp.img
       256       256       256         1
  1.000000  1.000000  1.000000
orientation T byte_order littleendian
Reading image: talsrcimg_g11.4dfp.img
dimensions:      256       256       256
mmppix:       1.0000   -1.0000   -1.0000
center:     128.0000 -129.0000 -129.0000
fimgreg.f
image alignment mode   3335 decimal      D07 hex
parameters
    4.6970  -10.9709   12.8368   -0.6246   -0.7142   -0.5365
    9.2008    6.3151   -8.6718   -8.1934   -7.0238    7.5946
eta,q 0.96093 10.80225
niter,ni,del,rscale     5    3    5.0000    1.2000
parameter  4  1.734574 ->  0.500000 qaram    1.1500
parameter  5  2.975927 ->  0.500000 qaram    1.1500
parameter  6  1.013744 ->  0.500000 qaram    1.1500
parameter 12  1.334213 ->  0.500000 qaram    1.1500
parameters
    4.7292  -10.9613   12.8271   -4.7646   -4.8542   -4.6765
    5.9034    5.4670   -5.9697   -9.7128  -10.6001    3.4546
eta,q 0.97617 10.24162
  0.0413  0.0406  0.0405  0.0331  0.0272  0.0258  0.0268  0.0296  0.0295  0.0274  0.0255  0.0235
  0.0401  0.0398  0.0397  0.0342  0.0293  0.0263  0.0261  0.0275  0.0279  0.0262  0.0252  0.0237
  0.0394  0.0392  0.0392  0.0363  0.0318  0.0275  0.0260  0.0262  0.0267  0.0256  0.0252  0.0243
  0.0391  0.0391  0.0391  0.0391  0.0347  0.0299  0.0265  0.0260  0.0259  0.0256  0.0255  0.0251
  0.0392  0.0392  0.0392  0.0423  0.0378  0.0332  0.0275  0.0270  0.0256  0.0265  0.0262  0.0262
  0.0400  0.0398  0.0397  0.0460  0.0413  0.0373  0.0289  0.0290  0.0258  0.0279  0.0272  0.0274
  0.0413  0.0406  0.0405  0.0499  0.0451  0.0422  0.0306  0.0318  0.0265  0.0299  0.0284  0.0288
niter,ni,del,rscale     7    3    5.0000    1.2000
parameter  5  1.025026 ->  0.500000 qaram    1.3225
parameters
    4.5759  -11.1786   12.7164   -8.3434   -9.6152   -7.3145
    6.1174    6.3443   -5.2286   -8.8974  -10.4815    0.2714
eta,q 0.98009  9.88492
  0.0269  0.0256  0.0254  0.0245  0.0199  0.0214  0.0229  0.0246  0.0227  0.0236  0.0214  0.0206
  0.0251  0.0245  0.0245  0.0237  0.0201  0.0207  0.0216  0.0226  0.0215  0.0219  0.0208  0.0201
  0.0241  0.0239  0.0240  0.0232  0.0213  0.0203  0.0207  0.0212  0.0206  0.0207  0.0203  0.0199
  0.0238  0.0238  0.0238  0.0238  0.0233  0.0204  0.0203  0.0203  0.0202  0.0202  0.0202  0.0202
  0.0244  0.0242  0.0240  0.0260  0.0261  0.0211  0.0206  0.0203  0.0203  0.0203  0.0203  0.0209
  0.0257  0.0251  0.0247  0.0292  0.0296  0.0235  0.0213  0.0212  0.0209  0.0211  0.0207  0.0219
  0.0277  0.0264  0.0257  0.0334  0.0334  0.0274  0.0226  0.0231  0.0219  0.0224  0.0213  0.0230
niter,ni,del,rscale     7    3    5.0000    1.2000
parameters
    4.7347  -11.3809   12.4866   -7.9924  -12.1775   -7.3315
    6.1690    6.3547   -5.3273   -8.6592  -10.7518    0.4856
eta,q 0.98062  9.81018
  0.0230  0.0219  0.0210  0.0230  0.0223  0.0220  0.0219  0.0230  0.0213  0.0224  0.0205  0.0212
  0.0214  0.0207  0.0203  0.0216  0.0205  0.0207  0.0206  0.0212  0.0202  0.0208  0.0199  0.0203
  0.0204  0.0200  0.0199  0.0206  0.0194  0.0198  0.0197  0.0199  0.0196  0.0197  0.0195  0.0196
  0.0199  0.0199  0.0199  0.0198  0.0198  0.0194  0.0194  0.0194  0.0194  0.0194  0.0194  0.0194
  0.0201  0.0203  0.0201  0.0196  0.0214  0.0194  0.0196  0.0197  0.0196  0.0197  0.0195  0.0196
  0.0209  0.0213  0.0207  0.0207  0.0242  0.0202  0.0205  0.0209  0.0203  0.0206  0.0200  0.0202
  0.0223  0.0226  0.0215  0.0231  0.0280  0.0225  0.0219  0.0231  0.0214  0.0220  0.0207  0.0211
niter,ni,del,rscale     6    3    5.0000    1.2000
parameters
    4.7598  -11.5226   12.7743   -7.4728  -12.6812   -7.1497
    6.2095    6.3807   -5.2913   -8.7361  -10.8874    1.0196
eta,q 0.98079  9.82247
  0.0222  0.0215  0.0211  0.0226  0.0236  0.0220  0.0218  0.0230  0.0212  0.0221  0.0204  0.0212
  0.0207  0.0202  0.0202  0.0212  0.0216  0.0207  0.0205  0.0211  0.0201  0.0205  0.0197  0.0202
  0.0197  0.0195  0.0196  0.0202  0.0199  0.0198  0.0196  0.0198  0.0195  0.0195  0.0194  0.0195
  0.0194  0.0194  0.0194  0.0193  0.0192  0.0193  0.0192  0.0192  0.0192  0.0192  0.0192  0.0192
  0.0196  0.0198  0.0194  0.0190  0.0199  0.0192  0.0195  0.0195  0.0194  0.0197  0.0194  0.0193
  0.0205  0.0207  0.0198  0.0201  0.0220  0.0200  0.0204  0.0209  0.0201  0.0207  0.0198  0.0199
  0.0221  0.0220  0.0204  0.0224  0.0251  0.0223  0.0218  0.0231  0.0212  0.0221  0.0205  0.0208
niter,ni,del,rscale     5    3    5.0000    1.2000
parameters
    4.7623  -11.6121   12.9269   -7.4088  -12.8531   -7.0933
    6.2167    6.3977   -5.2720   -8.8258  -10.9131    1.3334
eta,q 0.98082  9.82333
  0.0221  0.0215  0.0208  0.0223  0.0238  0.0220  0.0217  0.0229  0.0212  0.0220  0.0204  0.0211
  0.0205  0.0202  0.0199  0.0210  0.0218  0.0207  0.0204  0.0211  0.0201  0.0204  0.0197  0.0201
  0.0196  0.0194  0.0194  0.0200  0.0201  0.0197  0.0195  0.0198  0.0194  0.0195  0.0193  0.0195
  0.0192  0.0192  0.0192  0.0192  0.0192  0.0192  0.0192  0.0192  0.0192  0.0192  0.0192  0.0192
  0.0195  0.0196  0.0193  0.0191  0.0197  0.0191  0.0195  0.0195  0.0194  0.0196  0.0193  0.0194
  0.0205  0.0205  0.0197  0.0204  0.0216  0.0200  0.0203  0.0209  0.0201  0.0206  0.0197  0.0200
  0.0221  0.0218  0.0204  0.0229  0.0246  0.0225  0.0217  0.0231  0.0212  0.0221  0.0205  0.0208
niter,ni,del,rscale     4    3    5.0000    1.2000
parameters
    4.7660  -11.6572   12.9967   -7.3806  -12.9274   -7.0805
    6.2227    6.4011   -5.2686   -8.8782  -10.8991    1.4924
eta,q 0.98082  9.82335
  0.0221  0.0215  0.0207  0.0223  0.0239  0.0219  0.0217  0.0229  0.0212  0.0221  0.0204  0.0210
  0.0205  0.0202  0.0199  0.0210  0.0218  0.0207  0.0204  0.0210  0.0201  0.0205  0.0197  0.0201
  0.0195  0.0194  0.0194  0.0200  0.0201  0.0197  0.0195  0.0197  0.0194  0.0195  0.0193  0.0194
  0.0192  0.0192  0.0192  0.0192  0.0192  0.0192  0.0192  0.0192  0.0192  0.0192  0.0192  0.0192
  0.0195  0.0195  0.0193  0.0191  0.0197  0.0191  0.0194  0.0195  0.0194  0.0196  0.0193  0.0194
  0.0205  0.0204  0.0198  0.0204  0.0215  0.0200  0.0203  0.0209  0.0201  0.0206  0.0197  0.0200
  0.0221  0.0217  0.0205  0.0229  0.0245  0.0225  0.0217  0.0231  0.0212  0.0220  0.0204  0.0209
niter,ni,del,rscale     3    3    5.0000    1.2000
parameters
    4.7673  -11.6780   13.0288   -7.3735  -12.9615   -7.0757
    6.2270    6.4012   -5.2716   -8.9020  -10.8993    1.5576
eta,q 0.98083  9.82310
  0.0220  0.0216  0.0206  0.0223  0.0239  0.0219  0.0217  0.0229  0.0212  0.0221  0.0204  0.0210
  0.0205  0.0202  0.0198  0.0210  0.0218  0.0206  0.0204  0.0210  0.0201  0.0205  0.0197  0.0200
  0.0195  0.0194  0.0193  0.0200  0.0201  0.0197  0.0195  0.0197  0.0194  0.0195  0.0193  0.0194
  0.0192  0.0192  0.0192  0.0192  0.0192  0.0192  0.0192  0.0192  0.0192  0.0192  0.0192  0.0192
  0.0195  0.0195  0.0193  0.0191  0.0196  0.0191  0.0194  0.0195  0.0194  0.0196  0.0193  0.0194
  0.0205  0.0203  0.0198  0.0204  0.0215  0.0200  0.0203  0.0209  0.0201  0.0206  0.0197  0.0200
  0.0221  0.0216  0.0205  0.0229  0.0244  0.0225  0.0217  0.0231  0.0212  0.0220  0.0204  0.0209
niter,ni,del,rscale     2    3    5.0000    1.2000
parameters
    4.7693  -11.6893   13.0418   -7.3671  -12.9776   -7.0765
    6.2306    6.4010   -5.2723   -8.9174  -10.9003    1.5903
eta,q 0.98082  9.82293
  0.0220  0.0216  0.0206  0.0223  0.0239  0.0219  0.0217  0.0229  0.0212  0.0221  0.0204  0.0209
  0.0205  0.0202  0.0198  0.0210  0.0219  0.0206  0.0204  0.0210  0.0201  0.0205  0.0197  0.0200
  0.0195  0.0194  0.0193  0.0200  0.0201  0.0197  0.0195  0.0197  0.0194  0.0195  0.0193  0.0194
  0.0192  0.0192  0.0192  0.0192  0.0192  0.0192  0.0192  0.0192  0.0192  0.0192  0.0192  0.0192
  0.0195  0.0195  0.0193  0.0191  0.0196  0.0191  0.0194  0.0195  0.0194  0.0196  0.0193  0.0194
  0.0205  0.0203  0.0198  0.0204  0.0215  0.0200  0.0203  0.0209  0.0201  0.0206  0.0197  0.0200
  0.0221  0.0216  0.0205  0.0229  0.0244  0.0225  0.0217  0.0231  0.0212  0.0220  0.0204  0.0209
registration optimization eta report
parameter search radius
    2.4000    2.4000    2.4000    8.2800    9.5220    8.2800
    7.2000    7.2000    7.2000    7.2000    7.2000    8.2800
100000*second partial in parameter space
       50.       42.       24.        5.        5.        5.
        5.        7.        4.        5.        2.        3.
  0.0220  0.0216  0.0206  0.0223  0.0239  0.0219  0.0217  0.0229  0.0212  0.0221  0.0204  0.0209
  0.0205  0.0202  0.0198  0.0210  0.0219  0.0206  0.0204  0.0210  0.0201  0.0205  0.0197  0.0200
  0.0195  0.0194  0.0193  0.0200  0.0201  0.0197  0.0195  0.0197  0.0194  0.0195  0.0193  0.0194
  0.0192  0.0192  0.0192  0.0192  0.0192  0.0192  0.0192  0.0192  0.0192  0.0192  0.0192  0.0192
  0.0195  0.0195  0.0193  0.0191  0.0196  0.0191  0.0194  0.0195  0.0194  0.0196  0.0193  0.0194
  0.0205  0.0203  0.0198  0.0204  0.0215  0.0200  0.0203  0.0209  0.0201  0.0206  0.0197  0.0200
  0.0221  0.0216  0.0205  0.0229  0.0244  0.0225  0.0217  0.0231  0.0212  0.0220  0.0204  0.0209
    4.7693  -11.6893   13.0418   -7.3671  -12.9776   -7.0765
    6.2306    6.4010   -5.2723   -8.9174  -10.9003    1.5903
eta,q 0.98082  9.82293

---------------------------------------------------------------------
imgreg_4dfp /opt/freesurfer/average/711-2C_as_mni_average_305 /opt/freesurfer/average/711-2B_as_mni_average_305_mask talsrcimg_g11 none talsrcimg_to_711-2C_as_mni_average_305_t4 2311
---------------------------------------------------------------------

freesurfer imgreg_4dfp.c
/opt/freesurfer/average/711-2C_as_mni_average_305.4dfp.img
       256       256       256         1
  1.000000  1.000000  1.000000
orientation T byte_order littleendian
Reading image: /opt/freesurfer/average/711-2C_as_mni_average_305.4dfp.img
dimensions:      256       256       256
mmppix:       1.0000   -1.0000   -1.0000
center:     128.0000 -129.0000 -129.0000
/opt/freesurfer/average/711-2B_as_mni_average_305_mask.4dfp.img
       256       256       256         1
  1.000000  1.000000  1.000000
orientation T byte_order littleendian
Reading mask: /opt/freesurfer/average/711-2B_as_mni_average_305_mask.4dfp.img (2306576 pixels)
talsrcimg_g11.4dfp.img
       256       256       256         1
  1.000000  1.000000  1.000000
orientation T byte_order littleendian
Reading image: talsrcimg_g11.4dfp.img
dimensions:      256       256       256
mmppix:       1.0000   -1.0000   -1.0000
center:     128.0000 -129.0000 -129.0000
fimgreg.f
image alignment mode   2311 decimal      907 hex
parameters
    4.7693  -11.6893   13.0418   -7.3671  -12.9776   -7.0765
    6.2306    6.4010   -5.2723   -8.9174  -10.9003    1.5903
eta,q 0.98083  9.82293
niter,ni,del,rscale     5    3    5.0000    0.8000
parameters
    4.7899  -11.7257   13.0437   -6.3277  -12.6397   -6.1646
    6.2627    6.5805   -5.2350   -9.0046  -11.0283    1.5916
eta,q 0.98110  9.90353
  0.0205  0.0202  0.0198  0.0207  0.0207  0.0202  0.0202  0.0211  0.0199  0.0203  0.0196  0.0196
  0.0198  0.0196  0.0195  0.0201  0.0199  0.0196  0.0195  0.0200  0.0193  0.0195  0.0192  0.0192
  0.0193  0.0193  0.0192  0.0196  0.0193  0.0192  0.0191  0.0193  0.0190  0.0190  0.0190  0.0190
  0.0192  0.0192  0.0192  0.0192  0.0190  0.0190  0.0189  0.0189  0.0189  0.0189  0.0189  0.0189
  0.0193  0.0193  0.0192  0.0190  0.0191  0.0189  0.0190  0.0191  0.0190  0.0191  0.0190  0.0190
  0.0197  0.0197  0.0195  0.0192  0.0195  0.0190  0.0195  0.0197  0.0193  0.0196  0.0192  0.0192
  0.0205  0.0203  0.0198  0.0199  0.0204  0.0196  0.0202  0.0209  0.0199  0.0203  0.0196  0.0196
niter,ni,del,rscale     4    3    5.0000    0.7000
parameters
    4.7568  -11.7022   13.1736   -6.4585  -12.6137   -5.9978
    6.2663    6.6303   -5.2403   -9.0127  -11.0757    1.7139
eta,q 0.98110  9.90927
  0.0200  0.0198  0.0195  0.0200  0.0201  0.0197  0.0199  0.0206  0.0196  0.0200  0.0194  0.0194
  0.0194  0.0193  0.0192  0.0195  0.0195  0.0193  0.0194  0.0197  0.0192  0.0194  0.0191  0.0192
  0.0190  0.0190  0.0190  0.0191  0.0191  0.0191  0.0190  0.0191  0.0190  0.0190  0.0190  0.0190
  0.0189  0.0189  0.0189  0.0189  0.0189  0.0189  0.0189  0.0189  0.0189  0.0189  0.0189  0.0189
  0.0190  0.0190  0.0189  0.0190  0.0190  0.0189  0.0190  0.0191  0.0190  0.0190  0.0189  0.0189
  0.0195  0.0193  0.0191  0.0194  0.0195  0.0191  0.0193  0.0196  0.0192  0.0194  0.0191  0.0191
  0.0201  0.0198  0.0193  0.0203  0.0202  0.0197  0.0199  0.0205  0.0197  0.0200  0.0194  0.0194
niter,ni,del,rscale     3    3    5.0000    0.6000
parameters
    4.7667  -11.7191   13.2177   -6.3607  -12.6265   -5.8712
    6.2833    6.6673   -5.2373   -9.0499  -11.0881    1.8028
eta,q 0.98113  9.91722
  0.0198  0.0195  0.0193  0.0198  0.0198  0.0195  0.0196  0.0201  0.0194  0.0197  0.0193  0.0193
  0.0193  0.0192  0.0191  0.0194  0.0193  0.0192  0.0192  0.0195  0.0191  0.0192  0.0191  0.0191
  0.0190  0.0190  0.0189  0.0191  0.0190  0.0190  0.0190  0.0190  0.0189  0.0190  0.0189  0.0189
  0.0189  0.0189  0.0189  0.0189  0.0189  0.0189  0.0189  0.0189  0.0189  0.0189  0.0189  0.0189
  0.0190  0.0190  0.0189  0.0189  0.0190  0.0189  0.0190  0.0190  0.0189  0.0190  0.0189  0.0189
  0.0193  0.0192  0.0190  0.0192  0.0193  0.0191  0.0192  0.0194  0.0191  0.0193  0.0191  0.0190
  0.0197  0.0196  0.0193  0.0198  0.0198  0.0195  0.0196  0.0201  0.0194  0.0197  0.0193  0.0193
niter,ni,del,rscale     2    3    5.0000    0.5000
parameters
    4.7641  -11.7337   13.2530   -6.2547  -12.6475   -5.7502
    6.2817    6.6845   -5.2274   -9.0793  -11.1426    1.8537
eta,q 0.98114  9.92446
  0.0195  0.0193  0.0192  0.0196  0.0195  0.0193  0.0194  0.0198  0.0193  0.0194  0.0191  0.0191
  0.0191  0.0191  0.0190  0.0193  0.0192  0.0191  0.0191  0.0193  0.0190  0.0191  0.0190  0.0190
  0.0189  0.0189  0.0189  0.0190  0.0189  0.0189  0.0189  0.0190  0.0189  0.0189  0.0189  0.0189
  0.0189  0.0189  0.0189  0.0189  0.0189  0.0189  0.0189  0.0189  0.0189  0.0189  0.0189  0.0189
  0.0189  0.0189  0.0189  0.0189  0.0189  0.0189  0.0189  0.0190  0.0189  0.0189  0.0189  0.0189
  0.0191  0.0191  0.0190  0.0191  0.0192  0.0190  0.0191  0.0193  0.0190  0.0191  0.0190  0.0190
  0.0195  0.0193  0.0191  0.0196  0.0196  0.0193  0.0194  0.0198  0.0193  0.0194  0.0192  0.0191
niter,ni,del,rscale     1    3    5.0000    0.4000
parameters
    4.7619  -11.7396   13.2795   -6.1606  -12.6559   -5.6602
    6.2797    6.7060   -5.2327   -9.1048  -11.1541    1.9006
eta,q 0.98114  9.93048
  0.0193  0.0192  0.0191  0.0193  0.0193  0.0191  0.0192  0.0195  0.0191  0.0192  0.0190  0.0190
  0.0190  0.0190  0.0190  0.0191  0.0191  0.0190  0.0190  0.0191  0.0190  0.0190  0.0189  0.0189
  0.0189  0.0189  0.0189  0.0189  0.0189  0.0189  0.0189  0.0189  0.0189  0.0189  0.0189  0.0189
  0.0189  0.0189  0.0189  0.0189  0.0189  0.0189  0.0189  0.0189  0.0189  0.0189  0.0189  0.0189
  0.0189  0.0189  0.0189  0.0189  0.0189  0.0189  0.0189  0.0189  0.0189  0.0189  0.0189  0.0189
  0.0190  0.0190  0.0189  0.0190  0.0191  0.0189  0.0190  0.0191  0.0190  0.0190  0.0189  0.0189
  0.0193  0.0192  0.0190  0.0193  0.0193  0.0191  0.0192  0.0194  0.0191  0.0192  0.0190  0.0190
registration optimization eta report
parameter search radius
    0.8000    0.8000    0.8000    2.4000    2.4000    2.4000
    2.4000    2.4000    2.4000    2.4000    2.4000    2.4000
100000*second partial in parameter space
       61.       46.       29.        8.        8.        5.
        6.       10.        4.        6.        3.        3.
  0.0193  0.0192  0.0191  0.0193  0.0193  0.0191  0.0192  0.0195  0.0191  0.0192  0.0190  0.0190
  0.0190  0.0190  0.0190  0.0191  0.0191  0.0190  0.0190  0.0191  0.0190  0.0190  0.0189  0.0189
  0.0189  0.0189  0.0189  0.0189  0.0189  0.0189  0.0189  0.0189  0.0189  0.0189  0.0189  0.0189
  0.0189  0.0189  0.0189  0.0189  0.0189  0.0189  0.0189  0.0189  0.0189  0.0189  0.0189  0.0189
  0.0189  0.0189  0.0189  0.0189  0.0189  0.0189  0.0189  0.0189  0.0189  0.0189  0.0189  0.0189
  0.0190  0.0190  0.0189  0.0190  0.0191  0.0189  0.0190  0.0191  0.0190  0.0190  0.0189  0.0189
  0.0193  0.0192  0.0190  0.0193  0.0193  0.0191  0.0192  0.0194  0.0191  0.0192  0.0190  0.0190
    4.7619  -11.7396   13.2795   -6.1606  -12.6559   -5.6602
    6.2797    6.7060   -5.2327   -9.1048  -11.1541    1.9006
eta,q 0.98114  9.93048

---------------------------------------------------------------------
imgreg_4dfp /opt/freesurfer/average/711-2C_as_mni_average_305 /opt/freesurfer/average/711-2B_as_mni_average_305_mask talsrcimg_g11 none talsrcimg_to_711-2C_as_mni_average_305_t4 2311
---------------------------------------------------------------------

freesurfer imgreg_4dfp.c
/opt/freesurfer/average/711-2C_as_mni_average_305.4dfp.img
       256       256       256         1
  1.000000  1.000000  1.000000
orientation T byte_order littleendian
Reading image: /opt/freesurfer/average/711-2C_as_mni_average_305.4dfp.img
dimensions:      256       256       256
mmppix:       1.0000   -1.0000   -1.0000
center:     128.0000 -129.0000 -129.0000
/opt/freesurfer/average/711-2B_as_mni_average_305_mask.4dfp.img
       256       256       256         1
  1.000000  1.000000  1.000000
orientation T byte_order littleendian
Reading mask: /opt/freesurfer/average/711-2B_as_mni_average_305_mask.4dfp.img (2306576 pixels)
talsrcimg_g11.4dfp.img
       256       256       256         1
  1.000000  1.000000  1.000000
orientation T byte_order littleendian
Reading image: talsrcimg_g11.4dfp.img
dimensions:      256       256       256
mmppix:       1.0000   -1.0000   -1.0000
center:     128.0000 -129.0000 -129.0000
fimgreg.f
image alignment mode   2311 decimal      907 hex
parameters
    4.7619  -11.7396   13.2795   -6.1606  -12.6559   -5.6602
    6.2797    6.7060   -5.2327   -9.1048  -11.1541    1.9006
eta,q 0.98114  9.93048
niter,ni,del,rscale     5    3    5.0000    0.8000
parameters
    4.7584  -11.7292   13.2837   -6.6589  -12.6938   -6.0567
    6.2884    6.6218   -5.2208   -9.0396  -11.0791    1.8627
eta,q 0.98108  9.89974
  0.0204  0.0200  0.0196  0.0201  0.0204  0.0198  0.0202  0.0209  0.0199  0.0204  0.0196  0.0196
  0.0196  0.0194  0.0192  0.0195  0.0196  0.0194  0.0195  0.0199  0.0194  0.0196  0.0192  0.0192
  0.0190  0.0190  0.0189  0.0191  0.0191  0.0190  0.0191  0.0192  0.0190  0.0191  0.0190  0.0190
  0.0189  0.0189  0.0189  0.0189  0.0189  0.0189  0.0189  0.0189  0.0189  0.0189  0.0189  0.0189
  0.0190  0.0190  0.0189  0.0191  0.0191  0.0190  0.0191  0.0191  0.0190  0.0191  0.0190  0.0190
  0.0196  0.0194  0.0192  0.0198  0.0196  0.0194  0.0195  0.0199  0.0193  0.0196  0.0192  0.0192
  0.0204  0.0200  0.0196  0.0210  0.0205  0.0204  0.0202  0.0211  0.0199  0.0203  0.0196  0.0196
niter,ni,del,rscale     4    3    5.0000    0.7000
parameters
    4.7726  -11.7407   13.2344   -6.4846  -12.6690   -5.9782
    6.2873    6.6455   -5.2285   -9.0578  -11.0954    1.8306
eta,q 0.98111  9.90823
  0.0201  0.0198  0.0194  0.0201  0.0201  0.0197  0.0199  0.0205  0.0196  0.0200  0.0194  0.0194
  0.0194  0.0193  0.0191  0.0196  0.0195  0.0193  0.0194  0.0197  0.0192  0.0194  0.0191  0.0191
  0.0191  0.0190  0.0190  0.0192  0.0191  0.0190  0.0190  0.0191  0.0190  0.0190  0.0190  0.0190
  0.0189  0.0189  0.0189  0.0189  0.0189  0.0189  0.0189  0.0189  0.0189  0.0189  0.0189  0.0189
  0.0190  0.0190  0.0190  0.0189  0.0190  0.0189  0.0190  0.0190  0.0190  0.0190  0.0189  0.0190
  0.0194  0.0193  0.0192  0.0193  0.0194  0.0192  0.0193  0.0196  0.0192  0.0194  0.0191  0.0191
  0.0200  0.0198  0.0195  0.0201  0.0201  0.0198  0.0199  0.0206  0.0197  0.0200  0.0194  0.0194
niter,ni,del,rscale     3    3    5.0000    0.6000
parameters
    4.7687  -11.7369   13.2373   -6.3566  -12.6544   -5.8640
    6.2917    6.6731   -5.2289   -9.0648  -11.1054    1.8393
eta,q 0.98113  9.91695
  0.0197  0.0196  0.0193  0.0198  0.0198  0.0195  0.0196  0.0201  0.0194  0.0197  0.0193  0.0193
  0.0193  0.0192  0.0191  0.0194  0.0193  0.0192  0.0192  0.0195  0.0191  0.0192  0.0190  0.0191
  0.0190  0.0190  0.0189  0.0191  0.0190  0.0190  0.0190  0.0190  0.0189  0.0190  0.0189  0.0189
  0.0189  0.0189  0.0189  0.0189  0.0189  0.0189  0.0189  0.0189  0.0189  0.0189  0.0189  0.0189
  0.0190  0.0190  0.0189  0.0189  0.0190  0.0189  0.0190  0.0190  0.0189  0.0190  0.0189  0.0189
  0.0193  0.0192  0.0191  0.0192  0.0193  0.0191  0.0192  0.0194  0.0191  0.0192  0.0191  0.0191
  0.0197  0.0195  0.0193  0.0198  0.0198  0.0195  0.0196  0.0201  0.0194  0.0197  0.0193  0.0193
niter,ni,del,rscale     2    3    5.0000    0.5000
parameters
    4.7671  -11.7360   13.2665   -6.2585  -12.6534   -5.7398
    6.2942    6.6906   -5.2305   -9.0815  -11.1531    1.8698
eta,q 0.98114  9.92478
  0.0195  0.0193  0.0192  0.0196  0.0195  0.0193  0.0194  0.0198  0.0193  0.0194  0.0191  0.0191
  0.0191  0.0191  0.0190  0.0193  0.0192  0.0191  0.0191  0.0193  0.0190  0.0191  0.0190  0.0190
  0.0189  0.0189  0.0189  0.0190  0.0189  0.0189  0.0189  0.0190  0.0189  0.0189  0.0189  0.0189
  0.0189  0.0189  0.0189  0.0189  0.0189  0.0189  0.0189  0.0189  0.0189  0.0189  0.0189  0.0189
  0.0189  0.0189  0.0189  0.0189  0.0189  0.0189  0.0189  0.0190  0.0189  0.0189  0.0189  0.0189
  0.0191  0.0191  0.0190  0.0191  0.0192  0.0190  0.0191  0.0193  0.0190  0.0191  0.0190  0.0190
  0.0195  0.0193  0.0191  0.0196  0.0195  0.0193  0.0194  0.0198  0.0193  0.0194  0.0192  0.0191
niter,ni,del,rscale     1    3    5.0000    0.4000
parameters
    4.7638  -11.7424   13.2842   -6.1647  -12.6637   -5.6626
    6.2828    6.7095   -5.2272   -9.1049  -11.1608    1.9029
eta,q 0.98114  9.93007
  0.0192  0.0192  0.0191  0.0193  0.0193  0.0191  0.0192  0.0195  0.0191  0.0192  0.0190  0.0190
  0.0190  0.0190  0.0189  0.0191  0.0191  0.0190  0.0190  0.0191  0.0190  0.0190  0.0189  0.0189
  0.0189  0.0189  0.0189  0.0190  0.0189  0.0189  0.0189  0.0189  0.0189  0.0189  0.0189  0.0189
  0.0189  0.0189  0.0189  0.0189  0.0189  0.0189  0.0189  0.0189  0.0189  0.0189  0.0189  0.0189
  0.0189  0.0189  0.0189  0.0189  0.0189  0.0189  0.0189  0.0189  0.0189  0.0189  0.0189  0.0189
  0.0190  0.0190  0.0189  0.0190  0.0191  0.0189  0.0190  0.0191  0.0190  0.0190  0.0189  0.0189
  0.0193  0.0192  0.0190  0.0193  0.0193  0.0191  0.0192  0.0194  0.0191  0.0192  0.0190  0.0190
registration optimization eta report
parameter search radius
    0.8000    0.8000    0.8000    2.4000    2.4000    2.4000
    2.4000    2.4000    2.4000    2.4000    2.4000    2.4000
100000*second partial in parameter space
       61.       46.       29.        8.        8.        5.
        6.       10.        4.        6.        3.        3.
  0.0192  0.0192  0.0191  0.0193  0.0193  0.0191  0.0192  0.0195  0.0191  0.0192  0.0190  0.0190
  0.0190  0.0190  0.0189  0.0191  0.0191  0.0190  0.0190  0.0191  0.0190  0.0190  0.0189  0.0189
  0.0189  0.0189  0.0189  0.0190  0.0189  0.0189  0.0189  0.0189  0.0189  0.0189  0.0189  0.0189
  0.0189  0.0189  0.0189  0.0189  0.0189  0.0189  0.0189  0.0189  0.0189  0.0189  0.0189  0.0189
  0.0189  0.0189  0.0189  0.0189  0.0189  0.0189  0.0189  0.0189  0.0189  0.0189  0.0189  0.0189
  0.0190  0.0190  0.0189  0.0190  0.0191  0.0189  0.0190  0.0191  0.0190  0.0190  0.0189  0.0189
  0.0193  0.0192  0.0190  0.0193  0.0193  0.0191  0.0192  0.0194  0.0191  0.0192  0.0190  0.0190
    4.7638  -11.7424   13.2842   -6.1647  -12.6637   -5.6626
    6.2828    6.7095   -5.2272   -9.1049  -11.1608    1.9029
eta,q 0.98114  9.93007

---------------------------------------------------------------------
compute_vox2vox talsrcimg talsrcimg_to_711-2C_as_mni_average_305_t4 /opt/freesurfer/average/711-2C_as_mni_average_305
---------------------------------------------------------------------

freesurfer compute_vox2vox.c
Reading: talsrcimg.4dfp.ifh
Reading: talsrcimg_to_711-2C_as_mni_average_305_t4
Reading: /opt/freesurfer/average/711-2C_as_mni_average_305.4dfp.ifh
Writing: talsrcimg_to_711-2C_as_mni_average_305_t4_vox2vox.txt

start time Mon Mar 9 09:18:22 CET 2026
end		time Mon Mar 9 09:18:36 CET 2026

mpr2mni305 success

avi2talxfm orig_nu.mgz /opt/freesurfer/average/mni305.cor.mgz talsrcimg_to_711-2C_as_mni_average_305_t4_vox2vox.txt transforms/talairach.auto.xfm
avi2talxfm done
mv -f /out/sourcedata/freesurfer/sub-v1s21x0050387_ses-1/mri/talsrcimg_to_711-2C_as_mni_average_305_t4_vox2vox.txt /out/sourcedata/freesurfer/sub-v1s21x0050387_ses-1/mri/transforms/talsrcimg_to_711-2C_as_mni_average_305_t4_vox2vox.txt
lta_convert --src orig_nu.mgz --trg /opt/freesurfer/average/mni305.cor.mgz --inxfm transforms/talairach.auto.xfm --outlta transforms/talairach.auto.xfm.lta --subject fsaverage
7.3.2

--src: orig_nu.mgz src image (geometry).
--trg: /opt/freesurfer/average/mni305.cor.mgz trg image (geometry).
--inmni: transforms/talairach.auto.xfm input MNI/XFM transform.
--outlta: transforms/talairach.auto.xfm.lta output LTA.
--s: fsaverage subject name
 LTA read, type : 1
 1.05184  -0.08194  -0.07388  -5.31992;
 0.12291   1.04823  -0.03168  -15.40987;
 0.07577   0.10437   1.13727   10.93733;
 0.00000   0.00000   0.00000   1.00000;
setting subject to fsaverage
Writing  LTA to file transforms/talairach.auto.xfm.lta...
lta_convert successful.
 
 
Started at Mon Mar 9 09:18:22 CET 2026
Ended   at Mon Mar  9 09:18:36 CET 2026
talairach_avi done
