status file for recon-all
Thu Mar 12 19:28:44 CET 2026
#@# MotionCor Thu Mar 12 19:28:45 CET 2026
#@# Talairach Thu Mar 12 19:28:54 CET 2026
#@# Talairach Failure Detection Thu Mar 12 19:33:21 CET 2026
#@# Nu Intensity Correction Thu Mar 12 19:33:22 CET 2026
#@# Intensity Normalization Thu Mar 12 19:36:38 CET 2026
recon-all -s sub-v1s21x0050382_ses-1 finished without error at Thu Mar 12 19:37:58 CET 2026



#New# invocation of recon-all 



status file for recon-all
Thu Mar 12 19:44:44 CET 2026
#@# EM Registration Thu Mar 12 19:44:44 CET 2026
recon-all -s sub-v1s21x0050382_ses-1 finished without error at Thu Mar 12 19:46:35 CET 2026



#New# invocation of recon-all 



status file for recon-all
Thu Mar 12 19:46:37 CET 2026
#@# CA Normalize Thu Mar 12 19:46:37 CET 2026
#@# CA Reg Thu Mar 12 19:47:55 CET 2026
#@# SubCort Seg Thu Mar 12 20:35:50 CET 2026
#@# CC Seg Thu Mar 12 21:09:00 CET 2026
#@# Merge ASeg Thu Mar 12 21:09:39 CET 2026
#@# Intensity Normalization2 Thu Mar 12 21:09:39 CET 2026
#@# Mask BFS Thu Mar 12 21:11:47 CET 2026
#@# WM Segmentation Thu Mar 12 21:11:47 CET 2026
#@# Fill Thu Mar 12 21:13:53 CET 2026
recon-all -s sub-v1s21x0050382_ses-1 finished without error at Thu Mar 12 21:14:55 CET 2026



#New# invocation of recon-all 



status file for recon-all
Thu Mar 12 22:08:26 CET 2026
#@# white curv lh Thu Mar 12 22:08:26 CET 2026
#@# white area lh Thu Mar 12 22:08:26 CET 2026
#@# pial curv lh Thu Mar 12 22:08:26 CET 2026
#@# pial area lh Thu Mar 12 22:08:26 CET 2026
#@# thickness lh Thu Mar 12 22:08:26 CET 2026
#@# area and vertex vol lh Thu Mar 12 22:08:26 CET 2026
#@# white curv rh Thu Mar 12 22:08:26 CET 2026
#@# white area rh Thu Mar 12 22:08:26 CET 2026
#@# pial curv rh Thu Mar 12 22:08:26 CET 2026
#@# pial area rh Thu Mar 12 22:08:26 CET 2026
#@# thickness rh Thu Mar 12 22:08:26 CET 2026
#@# area and vertex vol rh Thu Mar 12 22:08:26 CET 2026
#@# Cortical ribbon mask Thu Mar 12 22:08:26 CET 2026
recon-all -s sub-v1s21x0050382_ses-1 finished without error at Thu Mar 12 22:14:10 CET 2026



#New# invocation of recon-all 



status file for recon-all
Thu Mar 12 22:21:19 CET 2026
#@# white curv lh Thu Mar 12 22:21:19 CET 2026
#@# white area lh Thu Mar 12 22:21:19 CET 2026
#@# pial curv lh Thu Mar 12 22:21:19 CET 2026
#@# pial area lh Thu Mar 12 22:21:19 CET 2026
#@# thickness lh Thu Mar 12 22:21:19 CET 2026
#@# area and vertex vol lh Thu Mar 12 22:21:19 CET 2026
#@# white curv rh Thu Mar 12 22:21:19 CET 2026
#@# white area rh Thu Mar 12 22:21:19 CET 2026
#@# pial curv rh Thu Mar 12 22:21:19 CET 2026
#@# pial area rh Thu Mar 12 22:21:19 CET 2026
#@# thickness rh Thu Mar 12 22:21:19 CET 2026
#@# area and vertex vol rh Thu Mar 12 22:21:19 CET 2026
#@# Curvature Stats lh Thu Mar 12 22:21:19 CET 2026
#@# Curvature Stats rh Thu Mar 12 22:21:22 CET 2026
#@# Relabel Hypointensities Thu Mar 12 22:21:25 CET 2026
#@# APas-to-ASeg Thu Mar 12 22:21:41 CET 2026
#@# AParc-to-ASeg aparc Thu Mar 12 22:21:49 CET 2026
#@# AParc-to-ASeg aparc.a2009s Thu Mar 12 22:22:22 CET 2026
#@# AParc-to-ASeg aparc.DKTatlas Thu Mar 12 22:22:53 CET 2026
#@# WMParc Thu Mar 12 22:23:25 CET 2026
#@# ASeg Stats Thu Mar 12 22:27:16 CET 2026
recon-all -s sub-v1s21x0050382_ses-1 finished without error at Thu Mar 12 22:27:58 CET 2026
