status file for recon-all
Thu Mar 12 21:15:00 CET 2026
#@# Tessellate lh Thu Mar 12 21:15:00 CET 2026
#@# Smooth1 lh Thu Mar 12 21:15:04 CET 2026
#@# Inflation1 lh Thu Mar 12 21:15:07 CET 2026
#@# QSphere lh Thu Mar 12 21:15:21 CET 2026
#@# Fix Topology lh Thu Mar 12 21:16:23 CET 2026
#@# Smooth2 lh Thu Mar 12 21:22:14 CET 2026
#@# Inflation2 lh Thu Mar 12 21:22:17 CET 2026
#@# Curv .H and .K lh Thu Mar 12 21:22:35 CET 2026
#@# Sphere lh Thu Mar 12 21:23:23 CET 2026
#@# Surf Reg lh Thu Mar 12 21:27:15 CET 2026
#@# Jacobian white lh Thu Mar 12 21:32:24 CET 2026
#@# AvgCurv lh Thu Mar 12 21:32:25 CET 2026
#@# Cortical Parc lh Thu Mar 12 21:32:26 CET 2026
#@# white curv lh Thu Mar 12 21:39:05 CET 2026
#@# white area lh Thu Mar 12 21:39:07 CET 2026
#@# pial curv lh Thu Mar 12 21:39:08 CET 2026
#@# pial area lh Thu Mar 12 21:39:10 CET 2026
#@# thickness lh Thu Mar 12 21:39:11 CET 2026
#@# area and vertex vol lh Thu Mar 12 21:39:40 CET 2026
#@# Curvature Stats lh Thu Mar 12 21:39:42 CET 2026
#@# Cortical Parc 2 lh Thu Mar 12 21:39:45 CET 2026
#@# Cortical Parc 3 lh Thu Mar 12 21:39:58 CET 2026
#@# WM/GM Contrast lh Thu Mar 12 21:40:09 CET 2026
recon-all -s sub-v1s21x0050382_ses-1 finished without error at Thu Mar 12 21:40:14 CET 2026



#New# invocation of recon-all 



status file for recon-all
Thu Mar 12 22:14:15 CET 2026
#@# white curv lh Thu Mar 12 22:14:15 CET 2026
#@# white area lh Thu Mar 12 22:14:15 CET 2026
#@# pial curv lh Thu Mar 12 22:14:15 CET 2026
#@# pial area lh Thu Mar 12 22:14:15 CET 2026
#@# thickness lh Thu Mar 12 22:14:15 CET 2026
#@# area and vertex vol lh Thu Mar 12 22:14:15 CET 2026
#@# Parcellation Stats lh Thu Mar 12 22:14:15 CET 2026
#@# Parcellation Stats 2 lh Thu Mar 12 22:14:35 CET 2026
#@# Parcellation Stats 3 lh Thu Mar 12 22:14:46 CET 2026
#@# BA_exvivo Labels lh Thu Mar 12 22:14:55 CET 2026
recon-all -s sub-v1s21x0050382_ses-1 finished without error at Thu Mar 12 22:17:45 CET 2026
