status file for recon-all
Thu Mar 12 21:40:17 CET 2026
#@# Tessellate rh Thu Mar 12 21:40:17 CET 2026
#@# Smooth1 rh Thu Mar 12 21:40:21 CET 2026
#@# Inflation1 rh Thu Mar 12 21:40:24 CET 2026
#@# QSphere rh Thu Mar 12 21:40:38 CET 2026
#@# Fix Topology rh Thu Mar 12 21:41:51 CET 2026
#@# Smooth2 rh Thu Mar 12 21:50:23 CET 2026
#@# Inflation2 rh Thu Mar 12 21:50:26 CET 2026
#@# Curv .H and .K rh Thu Mar 12 21:50:43 CET 2026
#@# Sphere rh Thu Mar 12 21:51:30 CET 2026
#@# Surf Reg rh Thu Mar 12 21:55:43 CET 2026
#@# Jacobian white rh Thu Mar 12 22:00:27 CET 2026
#@# AvgCurv rh Thu Mar 12 22:00:28 CET 2026
#@# Cortical Parc rh Thu Mar 12 22:00:29 CET 2026
#@# white curv rh Thu Mar 12 22:07:11 CET 2026
#@# white area rh Thu Mar 12 22:07:13 CET 2026
#@# pial curv rh Thu Mar 12 22:07:14 CET 2026
#@# pial area rh Thu Mar 12 22:07:16 CET 2026
#@# thickness rh Thu Mar 12 22:07:17 CET 2026
#@# area and vertex vol rh Thu Mar 12 22:07:47 CET 2026
#@# Curvature Stats rh Thu Mar 12 22:07:48 CET 2026
#@# Cortical Parc 2 rh Thu Mar 12 22:07:51 CET 2026
#@# Cortical Parc 3 rh Thu Mar 12 22:08:05 CET 2026
#@# WM/GM Contrast rh Thu Mar 12 22:08:15 CET 2026
recon-all -s sub-v1s21x0050382_ses-1 finished without error at Thu Mar 12 22:08:19 CET 2026



#New# invocation of recon-all 



status file for recon-all
Thu Mar 12 22:17:47 CET 2026
#@# white curv rh Thu Mar 12 22:17:47 CET 2026
#@# white area rh Thu Mar 12 22:17:47 CET 2026
#@# pial curv rh Thu Mar 12 22:17:47 CET 2026
#@# pial area rh Thu Mar 12 22:17:47 CET 2026
#@# thickness rh Thu Mar 12 22:17:47 CET 2026
#@# area and vertex vol rh Thu Mar 12 22:17:47 CET 2026
#@# Parcellation Stats rh Thu Mar 12 22:17:47 CET 2026
#@# Parcellation Stats 2 rh Thu Mar 12 22:18:07 CET 2026
#@# Parcellation Stats 3 rh Thu Mar 12 22:18:17 CET 2026
#@# BA_exvivo Labels rh Thu Mar 12 22:18:27 CET 2026
recon-all -s sub-v1s21x0050382_ses-1 finished without error at Thu Mar 12 22:21:15 CET 2026
