/out/sourcedata/freesurfer/sub-v1s21x0050412_ses-1/mri
/opt/freesurfer/bin/talairach_avi
--i orig_nu.mgz --xfm transforms/talairach.auto.xfm
talairach_avi 7.3.2
Linux dna020 5.14.0-427.37.1.el9_4.x86_64 #1 SMP PREEMPT_DYNAMIC Fri Sep 13 12:41:50 EDT 2024 x86_64 x86_64 x86_64 GNU/Linux
Mon Mar  9 11:17:50 CET 2026
mri_convert orig_nu.mgz talsrcimg.img 
reading from orig_nu.mgz...
TR=0.00, TE=0.00, TI=0.00, flip angle=0.00
i_ras = (-1, 0, 0)
j_ras = (0, 0, -1)
k_ras = (0, 1, 0)
writing to talsrcimg.img...
Analyze Output Matrix
-1.00000   0.00000   0.00000   129.70000;
 0.00000   0.00000   1.00000  -128.50000;
 0.00000  -1.00000   0.00000   129.50000;
 0.00000   0.00000   0.00000   1.00000;
--------------------
INFO: set hdr.hist.orient to -1
mpr2mni305 talsrcimg
Mon Mar  9 11:17:51 CET 2026
/opt/freesurfer/bin/mpr2mni305 talsrcimg
mpr2mni305 7.3.2
target=711-2C_as_mni_average_305

---------------------------------------------------------------------
analyzeto4dfp talsrcimg -O0 -y
---------------------------------------------------------------------

freesurfer ifh2hdr.c
Mon Mar  9 11:17:51 2026
Writing: talsrcimg.4dfp.hdr
freesurfer analyzeto4dfp.c
Reading: talsrcimg.hdr
header size 348 bytes
hdr.dime.datatype	offset=70	value=2
hdr.dime.bitpix		offset=72	value=8
hdr.hist.orient		offset=252	value=-1
dimensionality     4
dimensions       256       256       256         1
Reading: talsrcimg.img
Writing: talsrcimg.4dfp.img
Writing: talsrcimg.4dfp.ifh
ifh2hdr talsrcimg -r0to233
ori=2

---------------------------------------------------------------------
gauss_4dfp talsrcimg 1.1
---------------------------------------------------------------------

freesurfer gauss_4dfp.c
Reading: talsrcimg.4dfp.img
Writing: talsrcimg_g11.4dfp.img
image dimensions 256 256 256 padded to 288 288 288
processing volume 1freesurfer ifh2hdr.c
Mon Mar  9 11:17:53 2026
Writing: talsrcimg_g11.4dfp.hdr

Writing: talsrcimg_g11.4dfp.ifh
including: talsrcimg.4dfp.img.rec in talsrcimg_g11.4dfp.img.rec

---------------------------------------------------------------------
imgreg_4dfp /opt/freesurfer/average/711-2C_as_mni_average_305 none talsrcimg_g11 none talsrcimg_to_711-2C_as_mni_average_305_t4 4355
---------------------------------------------------------------------

freesurfer imgreg_4dfp.c
/opt/freesurfer/average/711-2C_as_mni_average_305.4dfp.img
       256       256       256         1
  1.000000  1.000000  1.000000
orientation T byte_order littleendian
Reading image: /opt/freesurfer/average/711-2C_as_mni_average_305.4dfp.img
dimensions:      256       256       256
mmppix:       1.0000   -1.0000   -1.0000
center:     128.0000 -129.0000 -129.0000
talsrcimg_g11.4dfp.img
       256       256       256         1
  1.000000  1.000000  1.000000
orientation T byte_order littleendian
Reading image: talsrcimg_g11.4dfp.img
dimensions:      256       256       256
mmppix:       1.0000   -1.0000   -1.0000
center:     128.0000 -129.0000 -129.0000
t4_read: open error in t4_sub.f l:  41 t4_file(1:l)talsrcimg_to_711-2C_as_mni_average_305_t4 
t4_read: transform initialized to I4
rotation matrix determinant  1.000000
image alignment mode   4355 decimal     1103 hex
   -7.5000  -45.0000  -45.0000 7571.5234   27.5803
    0.0000  -45.0000  -45.0000 7906.0239   27.6004
    7.5000  -45.0000  -45.0000 7558.1323   27.6011
   -7.5000  -37.5000  -45.0000 8211.0117   27.5949
    0.0000  -37.5000  -45.0000 8583.3838   27.6253
    7.5000  -37.5000  -45.0000 8186.2690   27.6394
   -7.5000  -30.0000  -45.0000 9104.8984   27.6324
    0.0000  -30.0000  -45.0000 9511.3086   27.6641
    7.5000  -30.0000  -45.0000 9053.2910   27.6690
   -7.5000  -22.5000  -45.0000 9982.9297   27.6312
    0.0000  -22.5000  -45.000010428.8135   27.6556
    7.5000  -22.5000  -45.0000 9935.3740   27.6384
   -7.5000  -15.0000  -45.000010754.9551   27.6038
    0.0000  -15.0000  -45.000011221.0371   27.6175
    7.5000  -15.0000  -45.000010694.9814   27.5900
   -7.5000   -7.5000  -45.000011433.5195   27.5729
    0.0000   -7.5000  -45.000011949.5195   27.5831
    7.5000   -7.5000  -45.000011387.4697   27.5644
   -7.5000    0.0000  -45.000012047.1250   27.5627
    0.0000    0.0000  -45.000012577.3203   27.5822
    7.5000    0.0000  -45.000012008.7598   27.5829
   -7.5000    7.5000  -45.000011729.3066   27.5946
    0.0000    7.5000  -45.000012265.0107   27.6251
    7.5000    7.5000  -45.000011719.8438   27.6391
   -7.5000   15.0000  -45.000011346.2998   27.6324
    0.0000   15.0000  -45.000011882.7188   27.6641
    7.5000   15.0000  -45.000011326.5615   27.6690
   -7.5000   22.5000  -45.000010929.3652   27.6274
    0.0000   22.5000  -45.000011437.2393   27.6518
    7.5000   22.5000  -45.000010931.6348   27.6346
   -7.5000   30.0000  -45.000010433.9561   27.2359
    0.0000   30.0000  -45.000010914.0010   27.2495
    7.5000   30.0000  -45.000010416.4150   27.2224
   -7.5000   37.5000  -45.0000 9949.3809   27.2055
    0.0000   37.5000  -45.000010364.5088   27.2156
    7.5000   37.5000  -45.0000 9917.7910   27.1970
   -7.5000   45.0000  -45.0000 9090.5889   26.5048
    0.0000   45.0000  -45.0000 9465.3584   26.5236
    7.5000   45.0000  -45.0000 9076.8301   26.5243
   -7.5000  -45.0000  -37.5000 8041.4517   27.6580
    0.0000  -45.0000  -37.5000 8396.5059   27.6633
    7.5000  -45.0000  -37.5000 8018.7456   27.6561
   -7.5000  -37.5000  -37.5000 8719.3291   27.6573
    0.0000  -37.5000  -37.5000 9099.7783   27.6598
    7.5000  -37.5000  -37.5000 8670.3408   27.6684
   -7.5000  -30.0000  -37.5000 9675.1357   27.7031
    0.0000  -30.0000  -37.500010087.7158   27.7004
    7.5000  -30.0000  -37.5000 9598.4287   27.7005
   -7.5000  -22.5000  -37.500010590.6934   27.7297
    0.0000  -22.5000  -37.500011055.2930   27.7269
    7.5000  -22.5000  -37.500010519.1260   27.7038
   -7.5000  -15.0000  -37.500011381.2500   27.7229
    0.0000  -15.0000  -37.500011882.7910   27.7213
    7.5000  -15.0000  -37.500011313.7812   27.6844
   -7.5000   -7.5000  -37.500012102.9014   27.6796
    0.0000   -7.5000  -37.500012654.0234   27.6805
    7.5000   -7.5000  -37.500012037.5322   27.6509
   -7.5000    0.0000  -37.500012752.1953   27.6403
    0.0000    0.0000  -37.500013338.2656   27.6451
    7.5000    0.0000  -37.500012688.5752   27.6380
   -7.5000    7.5000  -37.500012435.9551   27.6570
    0.0000    7.5000  -37.500013001.2764   27.6595
    7.5000    7.5000  -37.500012373.0400   27.6681
   -7.5000   15.0000  -37.500012033.2695   27.7031
    0.0000   15.0000  -37.500012562.6855   27.7004
    7.5000   15.0000  -37.500011947.2227   27.7005
   -7.5000   22.5000  -37.500011507.4844   27.7259
    0.0000   22.5000  -37.500012010.7764   27.7231
    7.5000   22.5000  -37.500011460.9170   27.7000
   -7.5000   30.0000  -37.500010924.8047   27.3534
    0.0000   30.0000  -37.500011391.4980   27.3519
    7.5000   30.0000  -37.500010869.8877   27.3155
   -7.5000   37.5000  -37.500010429.4424   27.3107
    0.0000   37.5000  -37.500010871.4277   27.3116
    7.5000   37.5000  -37.500010380.4590   27.2824
   -7.5000   45.0000  -37.5000 9515.3262   26.5794
    0.0000   45.0000  -37.5000 9927.1338   26.5841
    7.5000   45.0000  -37.5000 9493.0352   26.5773
   -7.5000  -45.0000  -30.0000 8634.2549   28.8424
    0.0000  -45.0000  -30.0000 8990.8633   28.8302
    7.5000  -45.0000  -30.0000 8586.2031   28.8340
   -7.5000  -37.5000  -30.0000 9355.9229   28.8083
    0.0000  -37.5000  -30.0000 9738.4688   28.7839
    7.5000  -37.5000  -30.0000 9276.8389   28.8068
   -7.5000  -30.0000  -30.000010378.9736   28.8392
    0.0000  -30.0000  -30.000010780.7725   28.8055
    7.5000  -30.0000  -30.000010261.1211   28.8248
   -7.5000  -22.5000  -30.000011334.1768   28.8852
    0.0000  -22.5000  -30.000011781.2070   28.8590
    7.5000  -22.5000  -30.000011207.5615   28.8577
   -7.5000  -15.0000  -30.000012161.8047   28.9130
    0.0000  -15.0000  -30.000012660.5225   28.8985
    7.5000  -15.0000  -30.000012075.0781   28.8787
   -7.5000   -7.5000  -30.000012947.4902   28.8828
    0.0000   -7.5000  -30.000013516.6514   28.8727
    7.5000   -7.5000  -30.000012855.4932   28.8546
   -7.5000    0.0000  -30.000013630.2080   28.8240
    0.0000    0.0000  -30.000014235.1064   28.8116
    7.5000    0.0000  -30.000013536.5508   28.8156
   -7.5000    7.5000  -30.000013311.1543   28.8080
    0.0000    7.5000  -30.000013906.5166   28.7837
    7.5000    7.5000  -30.000013187.4395   28.8066
   -7.5000   15.0000  -30.000012905.3193   28.8392
    0.0000   15.0000  -30.000013406.8037   28.8055
    7.5000   15.0000  -30.000012726.1475   28.8248
   -7.5000   22.5000  -30.000012298.2148   28.8782
    0.0000   22.5000  -30.000012787.6396   28.8520
    7.5000   22.5000  -30.000012146.0723   28.8508
   -7.5000   30.0000  -30.000011609.1436   28.5304
    0.0000   30.0000  -30.000012058.7422   28.5161
    7.5000   30.0000  -30.000011482.3750   28.4966
   -7.5000   37.5000  -30.000011060.2275   28.5006
    0.0000   37.5000  -30.000011523.3936   28.4906
    7.5000   37.5000  -30.000010974.9814   28.4728
   -7.5000   45.0000  -30.000010083.3818   27.7381
    0.0000   45.0000  -30.000010501.2490   27.7262
    7.5000   45.0000  -30.000010022.2139   27.7300
   -7.5000  -45.0000  -22.5000 9214.8887   29.7632
    0.0000  -45.0000  -22.5000 9586.1836   29.7482
    7.5000  -45.0000  -22.5000 9139.5273   29.7712
   -7.5000  -37.5000  -22.5000 9976.9814   29.7159
    0.0000  -37.5000  -22.500010375.9209   29.6954
    7.5000  -37.5000  -22.5000 9887.1885   29.7370
   -7.5000  -30.0000  -22.500011044.5742   29.7214
    0.0000  -30.0000  -22.500011501.3691   29.6963
    7.5000  -30.0000  -22.500010930.3467   29.7396
   -7.5000  -22.5000  -22.500012077.8564   29.7518
    0.0000  -22.5000  -22.500012573.8301   29.7331
    7.5000  -22.5000  -22.500011946.7275   29.7618
   -7.5000  -15.0000  -22.500012939.2461   29.7880
    0.0000  -15.0000  -22.500013486.2783   29.7764
    7.5000  -15.0000  -22.500012841.0771   29.7871
   -7.5000   -7.5000  -22.500013727.7979   29.7866
    0.0000   -7.5000  -22.500014303.0010   29.7737
    7.5000   -7.5000  -22.500013611.3545   29.7804
   -7.5000    0.0000  -22.500014429.1357   29.7446
    0.0000    0.0000  -22.500015014.5635   29.7293
    7.5000    0.0000  -22.500014288.4424   29.7524
   -7.5000    7.5000  -22.500014118.7617   29.7156
    0.0000    7.5000  -22.500014691.3389   29.6951
    7.5000    7.5000  -22.500013903.9922   29.7367
   -7.5000   15.0000  -22.500013658.5869   29.7214
    0.0000   15.0000  -22.500014212.2588   29.6963
    7.5000   15.0000  -22.500013431.4609   29.7396
   -7.5000   22.5000  -22.500013021.9619   29.7426
    0.0000   22.5000  -22.500013522.6309   29.7239
    7.5000   22.5000  -22.500012834.3623   29.7526
   -7.5000   30.0000  -22.500012262.6436   29.3984
    0.0000   30.0000  -22.500012708.9580   29.3869
    7.5000   30.0000  -22.500012084.0547   29.3975
   -7.5000   37.5000  -22.500011651.2432   29.3970
    0.0000   37.5000  -22.500012121.7764   29.3842
    7.5000   37.5000  -22.500011527.5791   29.3909
   -7.5000   45.0000  -22.500010624.1670   28.6455
    0.0000   45.0000  -22.500011081.5029   28.6307
    7.5000   45.0000  -22.500010540.6514   28.6530
   -7.5000  -45.0000  -15.0000 9793.1113   30.3930
    0.0000  -45.0000  -15.000010209.0781   30.3934
    7.5000  -45.0000  -15.0000 9694.9004   30.4259
   -7.5000  -37.5000  -15.000010594.5908   30.3585
    0.0000  -37.5000  -15.000011038.9355   30.3682
    7.5000  -37.5000  -15.000010491.3955   30.4178
   -7.5000  -30.0000  -15.000011689.5420   30.3496
    0.0000  -30.0000  -15.000012180.7441   30.3616
    7.5000  -30.0000  -15.000011588.3457   30.4143
   -7.5000  -22.5000  -15.000012780.2754   30.3487
    0.0000  -22.5000  -15.000013297.1914   30.3584
    7.5000  -22.5000  -15.000012642.3330   30.3988
   -7.5000  -15.0000  -15.000013715.4004   30.3666
    0.0000  -15.0000  -15.000014298.0762   30.3700
    7.5000  -15.0000  -15.000013600.7090   30.3952
   -7.5000   -7.5000  -15.000014510.4062   30.3834
    0.0000   -7.5000  -15.000015088.4980   30.3793
    7.5000   -7.5000  -15.000014382.0586   30.3996
   -7.5000    0.0000  -15.000015187.3359   30.3741
    0.0000    0.0000  -15.000015722.3721   30.3740
    7.5000    0.0000  -15.000015002.6992   30.4065
   -7.5000    7.5000  -15.000014816.9482   30.3582
    0.0000    7.5000  -15.000015388.5186   30.3679
    7.5000    7.5000  -15.000014584.3447   30.4175
   -7.5000   15.0000  -15.000014301.7012   30.3496
    0.0000   15.0000  -15.000014867.8672   30.3616
    7.5000   15.0000  -15.000014110.3008   30.4143
   -7.5000   22.5000  -15.000013638.0449   30.3380
    0.0000   22.5000  -15.000014198.9424   30.3477
    7.5000   22.5000  -15.000013497.7031   30.3880
   -7.5000   30.0000  -15.000012804.0029   29.9736
    0.0000   30.0000  -15.000013326.2559   29.9769
    7.5000   30.0000  -15.000012672.8545   30.0019
   -7.5000   37.5000  -15.000012192.6328   29.9902
    0.0000   37.5000  -15.000012695.2305   29.9861
    7.5000   37.5000  -15.000012080.2686   30.0062
   -7.5000   45.0000  -15.000011154.9453   29.2694
    0.0000   45.0000  -15.000011641.9580   29.2693
    7.5000   45.0000  -15.000011066.3457   29.3007
   -7.5000  -45.0000   -7.500010348.9111   30.7363
    0.0000  -45.0000   -7.500010780.5527   30.7559
    7.5000  -45.0000   -7.500010255.6924   30.7780
   -7.5000  -37.5000   -7.500011178.7031   30.7312
    0.0000  -37.5000   -7.500011665.9062   30.7673
    7.5000  -37.5000   -7.500011084.6523   30.8052
   -7.5000  -30.0000   -7.500012303.2129   30.7401
    0.0000  -30.0000   -7.500012860.9863   30.7808
    7.5000  -30.0000   -7.500012207.9219   30.8154
   -7.5000  -22.5000   -7.500013422.8447   30.7261
    0.0000  -22.5000   -7.500013997.9873   30.7576
    7.5000  -22.5000   -7.500013299.8779   30.7739
   -7.5000  -15.0000   -7.500014456.5059   30.7135
    0.0000  -15.0000   -7.500015100.6416   30.7301
    7.5000  -15.0000   -7.500014335.8506   30.7340
   -7.5000   -7.5000   -7.500015399.1475   30.7135
    0.0000   -7.5000   -7.500016043.4922   30.7223
    7.5000   -7.5000   -7.500015270.0449   30.7285
   -7.5000    0.0000   -7.500016074.5664   30.7170
    0.0000    0.0000   -7.500016623.3047   30.7359
    7.5000    0.0000   -7.500015904.0400   30.7580
   -7.5000    7.5000   -7.500015610.9551   30.7309
    0.0000    7.5000   -7.500016167.5127   30.7670
    7.5000    7.5000   -7.500015424.6426   30.8049
   -7.5000   15.0000   -7.500015062.6807   30.7401
    0.0000   15.0000   -7.500015669.2168   30.7808
    7.5000   15.0000   -7.500014887.1465   30.8154
   -7.5000   22.5000   -7.500014342.4844   30.7119
    0.0000   22.5000   -7.500014937.0430   30.7434
    7.5000   22.5000   -7.500014211.9277   30.7597
   -7.5000   30.0000   -7.500013426.8311   30.3152
    0.0000   30.0000   -7.500013965.2568   30.3316
    7.5000   30.0000   -7.500013313.1016   30.3354
   -7.5000   37.5000   -7.500012818.8008   30.3152
    0.0000   37.5000   -7.500013340.5352   30.3239
    7.5000   37.5000   -7.500012706.5039   30.3300
   -7.5000   45.0000   -7.500011736.2295   29.6054
    0.0000   45.0000   -7.500012234.2373   29.6237
    7.5000   45.0000   -7.500011642.4609   29.6449
   -7.5000  -45.0000    0.000010772.4834   30.8631
    0.0000  -45.0000    0.000011230.7490   30.8855
    7.5000  -45.0000    0.000010659.8184   30.8864
   -7.5000  -37.5000    0.000011615.0293   30.8794
    0.0000  -37.5000    0.000012126.6006   30.9135
    7.5000  -37.5000    0.000011554.5605   30.9292
   -7.5000  -30.0000    0.000012779.4365   30.9213
    0.0000  -30.0000    0.000013325.5664   30.9569
    7.5000  -30.0000    0.000012733.4424   30.9624
   -7.5000  -22.5000    0.000013863.6924   30.9201
    0.0000  -22.5000    0.000014425.1260   30.9473
    7.5000  -22.5000    0.000013840.5166   30.9281
   -7.5000  -15.0000    0.000014952.1973   30.8894
    0.0000  -15.0000    0.000015602.1396   30.9047
    7.5000  -15.0000    0.000014861.6426   30.8740
   -7.5000   -7.5000    0.000016073.8740   30.8548
    0.0000   -7.5000    0.000016649.1152   30.8663
    7.5000   -7.5000    0.000015925.7949   30.8453
   -7.5000    0.0000    0.000016678.6758   30.8434
    0.0000    0.0000    0.000017233.5918   30.8652
    7.5000    0.0000    0.000016631.8301   30.8660
   -7.5000    7.5000    0.000016183.2373   30.8791
    0.0000    7.5000    0.000016725.2168   30.9132
    7.5000    7.5000    0.000016116.8506   30.9289
   -7.5000   15.0000    0.000015700.9863   30.9213
    0.0000   15.0000    0.000016243.4180   30.9569
    7.5000   15.0000    0.000015552.7705   30.9624
   -7.5000   22.5000    0.000014986.4746   30.9058
    0.0000   22.5000    0.000015489.3066   30.9331
    7.5000   22.5000    0.000014810.4834   30.9139
   -7.5000   30.0000    0.000013993.3115   30.4896
    0.0000   30.0000    0.000014419.8906   30.5047
    7.5000   30.0000    0.000013797.8271   30.4744
   -7.5000   37.5000    0.000013351.9199   30.4555
    0.0000   37.5000    0.000013757.6484   30.4668
    7.5000   37.5000    0.000013179.1719   30.4461
   -7.5000   45.0000    0.000012233.4473   29.7295
    0.0000   45.0000    0.000012676.8154   29.7505
    7.5000   45.0000    0.000012067.9316   29.7513
   -7.5000  -45.0000    7.500010337.5020   30.9501
    0.0000  -45.0000    7.500010795.4268   30.9560
    7.5000  -45.0000    7.500010265.8828   30.9479
   -7.5000  -37.5000    7.500011128.3164   30.9492
    0.0000  -37.5000    7.500011652.2344   30.9521
    7.5000  -37.5000    7.500011100.5508   30.9617
   -7.5000  -30.0000    7.500012221.2119   31.0006
    0.0000  -30.0000    7.500012783.2002   30.9975
    7.5000  -30.0000    7.500012237.6602   30.9976
   -7.5000  -22.5000    7.500013249.7090   31.0303
    0.0000  -22.5000    7.500013865.3477   31.0271
    7.5000  -22.5000    7.500013296.5293   31.0013
   -7.5000  -15.0000    7.500014277.3994   31.0227
    0.0000  -15.0000    7.500014906.0566   31.0209
    7.5000  -15.0000    7.500014257.3320   30.9796
   -7.5000   -7.5000    7.500015297.6621   30.9742
    0.0000   -7.5000    7.500015811.7539   30.9752
    7.5000   -7.5000    7.500015171.7295   30.9421
   -7.5000    0.0000    7.500016188.0156   30.9302
    0.0000    0.0000    7.500016652.7910   30.9356
    7.5000    0.0000    7.500015926.9609   30.9277
   -7.5000    7.5000    7.500015876.0947   30.9489
    0.0000    7.5000    7.500016280.4316   30.9518
    7.5000    7.5000    7.500015530.1631   30.9613
   -7.5000   15.0000    7.500015352.5947   31.0006
    0.0000   15.0000    7.500015735.7432   30.9975
    7.5000   15.0000    7.500015016.5859   30.9976
   -7.5000   22.5000    7.500014533.4883   31.0160
    0.0000   22.5000    7.500014929.6865   31.0128
    7.5000   22.5000    7.500014258.6416   30.9871
   -7.5000   30.0000    7.500013458.1191   30.6212
    0.0000   30.0000    7.500013827.4424   30.6194
    7.5000   30.0000    7.500013212.7383   30.5787
   -7.5000   37.5000    7.500012799.8750   30.5733
    0.0000   37.5000    7.500013207.4443   30.5743
    7.5000   37.5000    7.500012611.2949   30.5417
   -7.5000   45.0000    7.500011725.2539   29.8131
    0.0000   45.0000    7.500012138.5244   29.8184
    7.5000   45.0000    7.500011557.1045   29.8107
   -7.5000  -45.0000   15.0000 9756.4697   30.9729
    0.0000  -45.0000   15.000010216.0869   30.9599
    7.5000  -45.0000   15.0000 9733.0469   30.9640
   -7.5000  -37.5000   15.000010520.9395   30.9363
    0.0000  -37.5000   15.000011003.2051   30.9102
    7.5000  -37.5000   15.000010488.0039   30.9348
   -7.5000  -30.0000   15.000011577.9805   30.9694
    0.0000  -30.0000   15.000012082.4873   30.9334
    7.5000  -30.0000   15.000011545.7900   30.9541
   -7.5000  -22.5000   15.000012636.2900   31.0189
    0.0000  -22.5000   15.000013186.9619   30.9908
    7.5000  -22.5000   15.000012578.7080   30.9895
   -7.5000  -15.0000   15.000013638.5156   31.0487
    0.0000  -15.0000   15.000014148.7646   31.0332
    7.5000  -15.0000   15.000013525.3721   31.0120
   -7.5000   -7.5000   15.000014477.9951   31.0163
    0.0000   -7.5000   15.000014963.4219   31.0055
    7.5000   -7.5000   15.000014350.7305   30.9862
   -7.5000    0.0000   15.000015229.8027   30.9532
    0.0000    0.0000   15.000015707.2959   30.9400
    7.5000    0.0000   15.000015084.6221   30.9442
   -7.5000    7.5000   15.000014922.3613   30.9360
    0.0000    7.5000   15.000015405.2539   30.9099
    7.5000    7.5000   15.000014734.8301   30.9345
   -7.5000   15.0000   15.000014493.9658   30.9694
    0.0000   15.0000   15.000014930.4424   30.9334
    7.5000   15.0000   15.000014245.1055   30.9541
   -7.5000   22.5000   15.000013784.3223   31.0046
    0.0000   22.5000   15.000014180.2061   30.9765
    7.5000   22.5000   15.000013558.6201   30.9752
   -7.5000   30.0000   15.000012774.2617   30.6469
    0.0000   30.0000   15.000013123.1104   30.6316
    7.5000   30.0000   15.000012551.7344   30.6107
   -7.5000   37.5000   15.000012185.6504   30.6149
    0.0000   37.5000   15.000012518.7715   30.6042
    7.5000   37.5000   15.000011979.2881   30.5851
   -7.5000   45.0000   15.000011117.0977   29.8353
    0.0000   45.0000   15.000011450.4727   29.8226
    7.5000   45.0000   15.000010937.0381   29.8267
   -7.5000  -45.0000   22.5000 9130.6172   30.9199
    0.0000  -45.0000   22.5000 9555.5479   30.9047
    7.5000  -45.0000   22.5000 9104.1172   30.9284
   -7.5000  -37.5000   22.5000 9837.8662   30.8709
    0.0000  -37.5000   22.500010292.2021   30.8502
    7.5000  -37.5000   22.5000 9811.7891   30.8932
   -7.5000  -30.0000   22.500010818.5742   30.8765
    0.0000  -30.0000   22.500011348.7422   30.8511
    7.5000  -30.0000   22.500010791.0020   30.8958
   -7.5000  -22.5000   22.500011800.5967   30.9078
    0.0000  -22.5000   22.500012355.1484   30.8890
    7.5000  -22.5000   22.500011766.6152   30.9185
   -7.5000  -15.0000   22.500012681.1436   30.9453
    0.0000  -15.0000   22.500013216.8750   30.9337
    7.5000  -15.0000   22.500012631.7539   30.9446
   -7.5000   -7.5000   22.500013431.8330   30.9438
    0.0000   -7.5000   22.500013968.1328   30.9309
    7.5000   -7.5000   22.500013368.8691   30.9377
   -7.5000    0.0000   22.500014111.5537   30.9005
    0.0000    0.0000   22.500014669.5889   30.8850
    7.5000    0.0000   22.500014061.8369   30.9088
   -7.5000    7.5000   22.500013819.1133   30.8707
    0.0000    7.5000   22.500014354.1982   30.8499
    7.5000    7.5000   22.500013721.1084   30.8929
   -7.5000   15.0000   22.500013407.3291   30.8765
    0.0000   15.0000   22.500013912.5898   30.8511
    7.5000   15.0000   22.500013294.6475   30.8958
   -7.5000   22.5000   22.500012823.0918   30.8936
    0.0000   22.5000   22.500013305.2568   30.8747
    7.5000   22.5000   22.500012699.1465   30.9043
   -7.5000   30.0000   22.500011890.9229   30.5448
    0.0000   30.0000   22.500012305.6973   30.5334
    7.5000   30.0000   22.500011765.4814   30.5441
   -7.5000   37.5000   22.500011385.0518   30.5433
    0.0000   37.5000   22.500011761.9561   30.5306
    7.5000   37.5000   22.500011237.0996   30.5373
   -7.5000   45.0000   22.500010398.3691   29.7846
    0.0000   45.0000   22.500010715.9395   29.7696
    7.5000   45.0000   22.500010232.3164   29.7925
   -7.5000  -45.0000   30.0000 8459.1777   31.1137
    0.0000  -45.0000   30.0000 8854.4736   31.1180
    7.5000  -45.0000   30.0000 8453.0908   31.1519
   -7.5000  -37.5000   30.0000 9106.7061   31.0793
    0.0000  -37.5000   30.0000 9523.3887   31.0935
    7.5000  -37.5000   30.0000 9089.8789   31.1446
   -7.5000  -30.0000   30.000010029.5293   31.0692
    0.0000  -30.0000   30.000010493.1494   31.0860
    7.5000  -30.0000   30.000010012.9961   31.1400
   -7.5000  -22.5000   30.000010891.4238   31.0662
    0.0000  -22.5000   30.000011406.8223   31.0807
    7.5000  -22.5000   30.000010870.0596   31.1220
   -7.5000  -15.0000   30.000011688.4277   31.0834
    0.0000  -15.0000   30.000012173.4727   31.0913
    7.5000  -15.0000   30.000011659.9062   31.1175
   -7.5000   -7.5000   30.000012374.0986   31.1016
    0.0000   -7.5000   30.000012895.0811   31.1015
    7.5000   -7.5000   30.000012357.5273   31.1230
   -7.5000    0.0000   30.000013016.2812   31.0942
    0.0000    0.0000   30.000013549.7158   31.0981
    7.5000    0.0000   30.000013005.1836   31.1319
   -7.5000    7.5000   30.000012730.2705   31.0790
    0.0000    7.5000   30.000013250.1611   31.0932
    7.5000    7.5000   30.000012687.8252   31.1442
   -7.5000   15.0000   30.000012320.2100   31.0692
    0.0000   15.0000   30.000012818.2207   31.0860
    7.5000   15.0000   30.000012280.7100   31.1400
   -7.5000   22.5000   30.000011797.1943   31.0519
    0.0000   22.5000   30.000012262.8184   31.0664
    7.5000   22.5000   30.000011735.6230   31.1077
   -7.5000   30.0000   30.000010942.0938   30.6811
    0.0000   30.0000   30.000011361.1650   30.6889
    7.5000   30.0000   30.000010884.3662   30.7148
   -7.5000   37.5000   30.000010481.2227   30.6991
    0.0000   37.5000   30.000010852.1553   30.6990
    7.5000   37.5000   30.000010392.0752   30.7202
   -7.5000   45.0000   30.0000 9548.8809   29.9713
    0.0000   45.0000   30.0000 9893.9463   29.9750
    7.5000   45.0000   30.0000 9453.2549   30.0076
   -7.5000  -45.0000   37.5000 8118.6934   31.7149
    0.0000  -45.0000   37.5000 8484.1113   31.7392
    7.5000  -45.0000   37.5000 8107.0620   31.7591
   -7.5000  -37.5000   37.5000 8752.9199   31.7115
    0.0000  -37.5000   37.5000 9146.0381   31.7538
    7.5000  -37.5000   37.5000 8721.0684   31.7894
   -7.5000  -30.0000   37.5000 9610.4023   31.7156
    0.0000  -30.0000   37.500010054.8574   31.7644
    7.5000  -30.0000   37.5000 9593.1055   31.7972
   -7.5000  -22.5000   37.500010437.8564   31.6933
    0.0000  -22.5000   37.500010929.4980   31.7333
    7.5000  -22.5000   37.500010404.7168   31.7483
   -7.5000  -15.0000   37.500011178.8506   31.6771
    0.0000  -15.0000   37.500011647.7549   31.7012
    7.5000  -15.0000   37.500011125.5703   31.7042
   -7.5000   -7.5000   37.500011838.6895   31.6829
    0.0000   -7.5000   37.500012361.7891   31.6969
    7.5000   -7.5000   37.500011814.7588   31.7017
   -7.5000    0.0000   37.500012432.5381   31.6945
    0.0000    0.0000   37.500012976.5605   31.7181
    7.5000    0.0000   37.500012423.2666   31.7379
   -7.5000    7.5000   37.500012142.8359   31.7112
    0.0000    7.5000   37.500012654.7246   31.7535
    7.5000    7.5000   37.500012125.8994   31.7891
   -7.5000   15.0000   37.500011757.6123   31.7156
    0.0000   15.0000   37.500012263.1553   31.7644
    7.5000   15.0000   37.500011755.0020   31.7972
   -7.5000   22.5000   37.500011286.2305   31.6787
    0.0000   22.5000   37.500011744.9814   31.7187
    7.5000   22.5000   37.500011251.6494   31.7337
   -7.5000   30.0000   37.500010442.9707   31.2672
    0.0000   30.0000   37.500010856.5146   31.2909
    7.5000   30.0000   37.500010414.3564   31.2939
   -7.5000   37.5000   37.500010000.3398   31.2728
    0.0000   37.5000   37.500010390.5029   31.2867
    7.5000   37.5000   37.5000 9961.5391   31.2914
   -7.5000   45.0000   37.5000 9140.7891   30.5499
    0.0000   45.0000   37.5000 9467.9756   30.5726
    7.5000   45.0000   37.5000 9067.9648   30.5917
   -7.5000  -45.0000   45.0000 7435.2910   32.5575
    0.0000  -45.0000   45.0000 7766.0903   32.5915
    7.5000  -45.0000   45.0000 7423.1172   32.5896
   -7.5000  -37.5000   45.0000 8012.4780   32.5729
    0.0000  -37.5000   45.0000 8369.3613   32.6189
    7.5000  -37.5000   45.0000 7993.2930   32.6318
   -7.5000  -30.0000   45.0000 8807.5312   32.6134
    0.0000  -30.0000   45.0000 9208.5400   32.6591
    7.5000  -30.0000   45.0000 8771.2100   32.6600
   -7.5000  -22.5000   45.0000 9551.9580   32.6097
    0.0000  -22.5000   45.000010001.9590   32.6451
    7.5000  -22.5000   45.0000 9498.0283   32.6201
   -7.5000  -15.0000   45.000010215.2578   32.5781
    0.0000  -15.0000   45.000010653.9785   32.6010
    7.5000  -15.0000   45.000010176.5928   32.5651
   -7.5000   -7.5000   45.000010829.8564   32.5446
    0.0000   -7.5000   45.000011301.4180   32.5653
    7.5000   -7.5000   45.000010807.8086   32.5405
   -7.5000    0.0000   45.000011338.7920   32.5356
    0.0000    0.0000   45.000011845.1914   32.5689
    7.5000    0.0000   45.000011335.7051   32.5670
   -7.5000    7.5000   45.000011065.5381   32.5726
    0.0000    7.5000   45.000011547.7451   32.6186
    7.5000    7.5000   45.000011072.8389   32.6314
   -7.5000   15.0000   45.000010721.9189   32.6134
    0.0000   15.0000   45.000011188.8115   32.6591
    7.5000   15.0000   45.000010734.7627   32.6600
   -7.5000   22.5000   45.000010326.4189   32.5946
    0.0000   22.5000   45.000010755.5264   32.6300
    7.5000   22.5000   45.000010315.4912   32.6049
   -7.5000   30.0000   45.0000 9588.9092   32.1537
    0.0000   30.0000   45.0000 9972.3379   32.1763
    7.5000   30.0000   45.0000 9544.7256   32.1408
   -7.5000   37.5000   45.0000 9175.3340   32.1207
    0.0000   37.5000   45.0000 9543.1221   32.1410
    7.5000   37.5000   45.0000 9128.1641   32.1166
   -7.5000   45.0000   45.0000 8393.3271   31.3748
    0.0000   45.0000   45.0000 8711.5801   31.4069
    7.5000   45.0000   45.0000 8334.8867   31.4050

---------------------------------------------------------------------
imgreg_4dfp /opt/freesurfer/average/711-2C_as_mni_average_305 /opt/freesurfer/average/711-2B_as_mni_average_305_mask talsrcimg_g11 none talsrcimg_to_711-2C_as_mni_average_305_t4 4355
---------------------------------------------------------------------

freesurfer imgreg_4dfp.c
/opt/freesurfer/average/711-2C_as_mni_average_305.4dfp.img
       256       256       256         1
  1.000000  1.000000  1.000000
orientation T byte_order littleendian
Reading image: /opt/freesurfer/average/711-2C_as_mni_average_305.4dfp.img
dimensions:      256       256       256
mmppix:       1.0000   -1.0000   -1.0000
center:     128.0000 -129.0000 -129.0000
/opt/freesurfer/average/711-2B_as_mni_average_305_mask.4dfp.img
       256       256       256         1
  1.000000  1.000000  1.000000
orientation T byte_order littleendian
Reading mask: /opt/freesurfer/average/711-2B_as_mni_average_305_mask.4dfp.img (2306576 pixels)
talsrcimg_g11.4dfp.img
       256       256       256         1
  1.000000  1.000000  1.000000
orientation T byte_order littleendian
Reading image: talsrcimg_g11.4dfp.img
dimensions:      256       256       256
mmppix:       1.0000   -1.0000   -1.0000
center:     128.0000 -129.0000 -129.0000
rotation matrix determinant  1.000000
image alignment mode   4355 decimal     1103 hex
   -7.5000  -45.0000  -45.0000 2016.1254   31.8632
    0.0000  -45.0000  -45.0000 2022.6516   31.7724
    7.5000  -45.0000  -45.0000 1996.9424   32.1491
   -7.5000  -37.5000  -45.0000 2137.9448   28.6450
    0.0000  -37.5000  -45.0000 2143.4893   28.5778
    7.5000  -37.5000  -45.0000 2115.1594   28.9496
   -7.5000  -30.0000  -45.0000 2237.1335   26.2160
    0.0000  -30.0000  -45.0000 2241.5564   26.1881
    7.5000  -30.0000  -45.0000 2205.8418   26.5521
   -7.5000  -22.5000  -45.0000 2311.5701   24.4652
    0.0000  -22.5000  -45.0000 2319.6885   24.4037
    7.5000  -22.5000  -45.0000 2286.0974   24.8069
   -7.5000  -15.0000  -45.0000 2362.3850   23.1805
    0.0000  -15.0000  -45.0000 2362.5002   23.1222
    7.5000  -15.0000  -45.0000 2328.4458   23.4435
   -7.5000   -7.5000  -45.0000 2386.4143   22.3142
    0.0000   -7.5000  -45.0000 2392.4102   22.2836
    7.5000   -7.5000  -45.0000 2362.0471   22.6260
   -7.5000    0.0000  -45.0000 2397.6331   22.0504
    0.0000    0.0000  -45.0000 2405.0547   21.9365
    7.5000    0.0000  -45.0000 2372.4749   22.3035
   -7.5000    7.5000  -45.0000 2381.7759   22.2669
    0.0000    7.5000  -45.0000 2393.3577   22.2090
    7.5000    7.5000  -45.0000 2363.3552   22.5460
   -7.5000   15.0000  -45.0000 2356.9065   22.8512
    0.0000   15.0000  -45.0000 2368.9890   22.7437
    7.5000   15.0000  -45.0000 2333.5496   23.1684
   -7.5000   22.5000  -45.0000 2315.3411   23.9400
    0.0000   22.5000  -45.0000 2322.4753   23.8219
    7.5000   22.5000  -45.0000 2290.2310   24.1942
   -7.5000   30.0000  -45.0000 2237.1560   25.6312
    0.0000   30.0000  -45.0000 2249.6807   25.4238
    7.5000   30.0000  -45.0000 2215.8848   25.8065
   -7.5000   37.5000  -45.0000 2142.9043   27.8833
    0.0000   37.5000  -45.0000 2152.5227   27.7291
    7.5000   37.5000  -45.0000 2119.8630   28.1596
   -7.5000   45.0000  -45.0000 2021.1534   30.9124
    0.0000   45.0000  -45.0000 2030.6276   30.6984
    7.5000   45.0000  -45.0000 2000.5537   31.2535
   -7.5000  -45.0000  -37.5000 2082.6296   30.0021
    0.0000  -45.0000  -37.5000 2090.1277   29.7302
    7.5000  -45.0000  -37.5000 2065.3687   30.1042
   -7.5000  -37.5000  -37.5000 2212.1421   26.9040
    0.0000  -37.5000  -37.5000 2217.7000   26.7077
    7.5000  -37.5000  -37.5000 2185.7424   27.0883
   -7.5000  -30.0000  -37.5000 2317.4023   24.5769
    0.0000  -30.0000  -37.5000 2322.5581   24.4835
    7.5000  -30.0000  -37.5000 2283.7019   24.7850
   -7.5000  -22.5000  -37.5000 2392.3733   22.7860
    0.0000  -22.5000  -37.5000 2399.9065   22.7699
    7.5000  -22.5000  -37.5000 2365.2017   23.0065
   -7.5000  -15.0000  -37.5000 2443.4514   21.5288
    0.0000  -15.0000  -37.5000 2450.7976   21.4827
    7.5000  -15.0000  -37.5000 2412.1345   21.7726
   -7.5000   -7.5000  -37.5000 2486.8076   20.7307
    0.0000   -7.5000  -37.5000 2492.4753   20.6561
    7.5000   -7.5000  -37.5000 2454.0203   20.9479
   -7.5000    0.0000  -37.5000 2504.9629   20.4370
    0.0000    0.0000  -37.5000 2515.1621   20.3348
    7.5000    0.0000  -37.5000 2478.2415   20.6351
   -7.5000    7.5000  -37.5000 2491.2288   20.6572
    0.0000    7.5000  -37.5000 2507.8433   20.6053
    7.5000    7.5000  -37.5000 2470.1064   20.8976
   -7.5000   15.0000  -37.5000 2465.3613   21.2869
    0.0000   15.0000  -37.5000 2476.9531   21.1578
    7.5000   15.0000  -37.5000 2436.7158   21.4944
   -7.5000   22.5000  -37.5000 2412.6245   22.3168
    0.0000   22.5000  -37.5000 2423.0984   22.1867
    7.5000   22.5000  -37.5000 2383.6833   22.4773
   -7.5000   30.0000  -37.5000 2334.5217   23.8495
    0.0000   30.0000  -37.5000 2344.9470   23.6983
    7.5000   30.0000  -37.5000 2304.2651   24.0052
   -7.5000   37.5000  -37.5000 2228.6660   25.9442
    0.0000   37.5000  -37.5000 2236.5093   25.7893
    7.5000   37.5000  -37.5000 2201.4246   26.1454
   -7.5000   45.0000  -37.5000 2100.4961   28.7705
    0.0000   45.0000  -37.5000 2112.6238   28.6054
    7.5000   45.0000  -37.5000 2076.3201   28.9366
   -7.5000  -45.0000  -30.0000 2179.2849   29.1887
    0.0000  -45.0000  -30.0000 2190.1123   28.9310
    7.5000  -45.0000  -30.0000 2159.9155   29.4234
   -7.5000  -37.5000  -30.0000 2315.3242   26.1910
    0.0000  -37.5000  -30.0000 2324.7039   25.9145
    7.5000  -37.5000  -30.0000 2283.3384   26.3420
   -7.5000  -30.0000  -30.0000 2424.7024   23.8641
    0.0000  -30.0000  -30.0000 2427.7317   23.6318
    7.5000  -30.0000  -30.0000 2387.2468   23.9791
   -7.5000  -22.5000  -30.0000 2507.1965   22.0699
    0.0000  -22.5000  -30.0000 2512.9893   21.9247
    7.5000  -22.5000  -30.0000 2477.6252   22.1781
   -7.5000  -15.0000  -30.0000 2562.7183   20.7554
    0.0000  -15.0000  -30.0000 2573.4744   20.6936
    7.5000  -15.0000  -30.0000 2536.8411   20.9591
   -7.5000   -7.5000  -30.0000 2621.4602   19.9135
    0.0000   -7.5000  -30.0000 2630.8445   19.8528
    7.5000   -7.5000  -30.0000 2589.3325   20.1167
   -7.5000    0.0000  -30.0000 2648.3799   19.5919
    0.0000    0.0000  -30.0000 2660.8633   19.4839
    7.5000    0.0000  -30.0000 2620.4312   19.7954
   -7.5000    7.5000  -30.0000 2645.6826   19.8061
    0.0000    7.5000  -30.0000 2663.1846   19.7095
    7.5000    7.5000  -30.0000 2616.9668   20.0027
   -7.5000   15.0000  -30.0000 2621.4207   20.4173
    0.0000   15.0000  -30.0000 2630.1541   20.3045
    7.5000   15.0000  -30.0000 2584.7256   20.6173
   -7.5000   22.5000  -30.0000 2556.7627   21.4870
    0.0000   22.5000  -30.0000 2569.8335   21.3263
    7.5000   22.5000  -30.0000 2527.0408   21.6289
   -7.5000   30.0000  -30.0000 2463.2573   23.0005
    0.0000   30.0000  -30.0000 2471.6284   22.8338
    7.5000   30.0000  -30.0000 2436.8914   23.1437
   -7.5000   37.5000  -30.0000 2345.6274   25.1410
    0.0000   37.5000  -30.0000 2360.0488   24.9420
    7.5000   37.5000  -30.0000 2323.1326   25.3049
   -7.5000   45.0000  -30.0000 2215.9419   27.8257
    0.0000   45.0000  -30.0000 2228.3276   27.6692
    7.5000   45.0000  -30.0000 2193.8906   28.0568
   -7.5000  -45.0000  -22.5000 2251.7537   28.2804
    0.0000  -45.0000  -22.5000 2254.6868   28.0225
    7.5000  -45.0000  -22.5000 2220.6230   28.5508
   -7.5000  -37.5000  -22.5000 2383.7590   25.2984
    0.0000  -37.5000  -22.5000 2393.6987   25.0617
    7.5000  -37.5000  -22.5000 2354.9458   25.5688
   -7.5000  -30.0000  -22.5000 2493.9709   23.0017
    0.0000  -30.0000  -22.5000 2508.0825   22.7673
    7.5000  -30.0000  -22.5000 2463.8921   23.1847
   -7.5000  -22.5000  -22.5000 2590.4717   21.1577
    0.0000  -22.5000  -22.5000 2605.7812   21.0165
    7.5000  -22.5000  -22.5000 2564.9023   21.3191
   -7.5000  -15.0000  -22.5000 2663.5588   19.7839
    0.0000  -15.0000  -22.5000 2680.6333   19.7007
    7.5000  -15.0000  -22.5000 2643.7639   20.0348
   -7.5000   -7.5000  -22.5000 2728.5044   18.9348
    0.0000   -7.5000  -22.5000 2736.8992   18.8992
    7.5000   -7.5000  -22.5000 2694.9436   19.1647
   -7.5000    0.0000  -22.5000 2768.3870   18.5843
    0.0000    0.0000  -22.5000 2777.1294   18.5054
    7.5000    0.0000  -22.5000 2733.0085   18.7779
   -7.5000    7.5000  -22.5000 2773.6938   18.7591
    0.0000    7.5000  -22.5000 2793.8015   18.6532
    7.5000    7.5000  -22.5000 2738.4783   18.9543
   -7.5000   15.0000  -22.5000 2741.7095   19.3567
    0.0000   15.0000  -22.5000 2758.5188   19.2325
    7.5000   15.0000  -22.5000 2704.9829   19.5567
   -7.5000   22.5000  -22.5000 2671.6174   20.4184
    0.0000   22.5000  -22.5000 2686.2964   20.2981
    7.5000   22.5000  -22.5000 2643.5928   20.6147
   -7.5000   30.0000  -22.5000 2567.7571   21.9379
    0.0000   30.0000  -22.5000 2583.1125   21.8068
    7.5000   30.0000  -22.5000 2546.6082   22.1558
   -7.5000   37.5000  -22.5000 2437.2717   24.0965
    0.0000   37.5000  -22.5000 2452.8765   23.9605
    7.5000   37.5000  -22.5000 2416.9045   24.2936
   -7.5000   45.0000  -22.5000 2297.9856   26.7901
    0.0000   45.0000  -22.5000 2309.8362   26.6595
    7.5000   45.0000  -22.5000 2274.9937   27.0671
   -7.5000  -45.0000  -15.0000 2287.2808   27.4994
    0.0000  -45.0000  -15.0000 2297.1648   27.3009
    7.5000  -45.0000  -15.0000 2256.1331   27.8137
   -7.5000  -37.5000  -15.0000 2424.6379   24.5262
    0.0000  -37.5000  -15.0000 2432.2683   24.3186
    7.5000  -37.5000  -15.0000 2390.6995   24.7782
   -7.5000  -30.0000  -15.0000 2532.0142   22.1792
    0.0000  -30.0000  -15.0000 2544.6680   22.0051
    7.5000  -30.0000  -15.0000 2506.8550   22.4497
   -7.5000  -22.5000  -15.0000 2640.2488   20.3529
    0.0000  -22.5000  -15.0000 2655.4385   20.2030
    7.5000  -22.5000  -15.0000 2612.8311   20.6031
   -7.5000  -15.0000  -15.0000 2734.5420   18.9561
    0.0000  -15.0000  -15.0000 2750.2817   18.8398
    7.5000  -15.0000  -15.0000 2701.0125   19.2361
   -7.5000   -7.5000  -15.0000 2813.6443   18.0723
    0.0000   -7.5000  -15.0000 2831.4365   18.0056
    7.5000   -7.5000  -15.0000 2775.8748   18.3503
   -7.5000    0.0000  -15.0000 2861.6484   17.6598
    0.0000    0.0000  -15.0000 2874.6172   17.5833
    7.5000    0.0000  -15.0000 2816.9268   17.9480
   -7.5000    7.5000  -15.0000 2872.8159   17.8180
    0.0000    7.5000  -15.0000 2888.0286   17.7437
    7.5000    7.5000  -15.0000 2830.6558   18.0769
   -7.5000   15.0000  -15.0000 2830.3459   18.4281
    0.0000   15.0000  -15.0000 2845.8677   18.3298
    7.5000   15.0000  -15.0000 2792.0908   18.6827
   -7.5000   22.5000  -15.0000 2750.4314   19.4482
    0.0000   22.5000  -15.0000 2767.5139   19.3192
    7.5000   22.5000  -15.0000 2727.2053   19.6996
   -7.5000   30.0000  -15.0000 2633.4641   21.0164
    0.0000   30.0000  -15.0000 2656.9292   20.9172
    7.5000   30.0000  -15.0000 2617.4021   21.3108
   -7.5000   37.5000  -15.0000 2493.4814   23.1573
    0.0000   37.5000  -15.0000 2512.7222   23.0570
    7.5000   37.5000  -15.0000 2473.1077   23.4664
   -7.5000   45.0000  -15.0000 2348.8188   25.8534
    0.0000   45.0000  -15.0000 2362.3406   25.7573
    7.5000   45.0000  -15.0000 2321.6785   26.1746
   -7.5000  -45.0000   -7.5000 2301.8850   26.9920
    0.0000  -45.0000   -7.5000 2313.6953   26.7692
    7.5000  -45.0000   -7.5000 2278.0293   27.3631
   -7.5000  -37.5000   -7.5000 2436.6531   23.9208
    0.0000  -37.5000   -7.5000 2449.5149   23.7371
    7.5000  -37.5000   -7.5000 2410.4045   24.3020
   -7.5000  -30.0000   -7.5000 2548.4236   21.5522
    0.0000  -30.0000   -7.5000 2565.1567   21.4076
    7.5000  -30.0000   -7.5000 2522.1433   21.9143
   -7.5000  -22.5000   -7.5000 2665.0405   19.7207
    0.0000  -22.5000   -7.5000 2678.2578   19.5669
    7.5000  -22.5000   -7.5000 2636.2466   20.0331
   -7.5000  -15.0000   -7.5000 2772.9812   18.3098
    0.0000  -15.0000   -7.5000 2790.4761   18.1819
    7.5000  -15.0000   -7.5000 2741.6472   18.6326
   -7.5000   -7.5000   -7.5000 2873.7192   17.4534
    0.0000   -7.5000   -7.5000 2896.6189   17.3519
    7.5000   -7.5000   -7.5000 2827.0986   17.7472
   -7.5000    0.0000   -7.5000 2945.2644   16.9122
    0.0000    0.0000   -7.5000 2960.2092   16.8329
    7.5000    0.0000   -7.5000 2883.0110   17.3817
   -7.5000    7.5000   -7.5000 2948.2646   17.0216
    0.0000    7.5000   -7.5000 2965.1165   16.9881
    7.5000    7.5000   -7.5000 2897.8394   17.4350
   -7.5000   15.0000   -7.5000 2888.0420   17.6776
    0.0000   15.0000   -7.5000 2907.6580   17.6426
    7.5000   15.0000   -7.5000 2847.0391   18.0925
   -7.5000   22.5000   -7.5000 2797.8779   18.7769
    0.0000   22.5000   -7.5000 2820.5081   18.7179
    7.5000   22.5000   -7.5000 2771.7981   19.1436
   -7.5000   30.0000   -7.5000 2672.8687   20.3140
    0.0000   30.0000   -7.5000 2693.7971   20.2630
    7.5000   30.0000   -7.5000 2653.0107   20.6382
   -7.5000   37.5000   -7.5000 2527.9114   22.4469
    0.0000   37.5000   -7.5000 2546.0935   22.3972
    7.5000   37.5000   -7.5000 2508.3606   22.7798
   -7.5000   45.0000   -7.5000 2375.3232   25.0658
    0.0000   45.0000   -7.5000 2388.1787   25.0506
    7.5000   45.0000   -7.5000 2351.5627   25.4745
   -7.5000  -45.0000    0.0000 2303.4382   26.6987
    0.0000  -45.0000    0.0000 2322.9290   26.5088
    7.5000  -45.0000    0.0000 2280.8777   27.1286
   -7.5000  -37.5000    0.0000 2436.1362   23.6706
    0.0000  -37.5000    0.0000 2453.7405   23.4948
    7.5000  -37.5000    0.0000 2415.8442   24.1177
   -7.5000  -30.0000    0.0000 2545.3291   21.3637
    0.0000  -30.0000    0.0000 2565.0371   21.1753
    7.5000  -30.0000    0.0000 2526.6265   21.7735
   -7.5000  -22.5000    0.0000 2664.5107   19.4944
    0.0000  -22.5000    0.0000 2679.8440   19.2999
    7.5000  -22.5000    0.0000 2643.4463   19.9024
   -7.5000  -15.0000    0.0000 2780.4265   18.0619
    0.0000  -15.0000    0.0000 2796.7390   17.8788
    7.5000  -15.0000    0.0000 2751.5356   18.4425
   -7.5000   -7.5000    0.0000 2898.7642   17.2272
    0.0000   -7.5000    0.0000 2927.9822   17.0156
    7.5000   -7.5000    0.0000 2860.2974   17.5049
   -7.5000    0.0000    0.0000 2986.4915   16.7198
    0.0000    0.0000    0.0000 3007.4580   16.5467
    7.5000    0.0000    0.0000 2917.5327   17.1433
   -7.5000    7.5000    0.0000 2988.6660   16.7141
    0.0000    7.5000    0.0000 3007.1077   16.6455
    7.5000    7.5000    0.0000 2927.2126   17.2376
   -7.5000   15.0000    0.0000 2916.7319   17.4368
    0.0000   15.0000    0.0000 2932.8613   17.4054
    7.5000   15.0000    0.0000 2873.5942   17.8572
   -7.5000   22.5000    0.0000 2815.4761   18.5370
    0.0000   22.5000    0.0000 2831.6023   18.4459
    7.5000   22.5000    0.0000 2789.8801   18.8673
   -7.5000   30.0000    0.0000 2683.0374   20.0983
    0.0000   30.0000    0.0000 2698.1096   19.9555
    7.5000   30.0000    0.0000 2662.8398   20.3560
   -7.5000   37.5000    0.0000 2535.7695   22.2051
    0.0000   37.5000    0.0000 2550.6738   22.0568
    7.5000   37.5000    0.0000 2518.8259   22.4704
   -7.5000   45.0000    0.0000 2376.1653   24.8467
    0.0000   45.0000    0.0000 2392.5525   24.7035
    7.5000   45.0000    0.0000 2354.8752   25.1848
   -7.5000  -45.0000    7.5000 2301.4436   26.8182
    0.0000  -45.0000    7.5000 2320.8682   26.6985
    7.5000  -45.0000    7.5000 2280.0703   27.3624
   -7.5000  -37.5000    7.5000 2431.3223   23.8061
    0.0000  -37.5000    7.5000 2453.3296   23.7115
    7.5000  -37.5000    7.5000 2414.3672   24.2984
   -7.5000  -30.0000    7.5000 2541.4324   21.5017
    0.0000  -30.0000    7.5000 2561.8125   21.3677
    7.5000  -30.0000    7.5000 2526.4543   21.9721
   -7.5000  -22.5000    7.5000 2650.7593   19.6420
    0.0000  -22.5000    7.5000 2674.8003   19.4926
    7.5000  -22.5000    7.5000 2642.0977   20.1139
   -7.5000  -15.0000    7.5000 2765.9148   18.2834
    0.0000  -15.0000    7.5000 2788.3450   18.0897
    7.5000  -15.0000    7.5000 2748.8013   18.6577
   -7.5000   -7.5000    7.5000 2890.9219   17.5039
    0.0000   -7.5000    7.5000 2923.1846   17.2216
    7.5000   -7.5000    7.5000 2858.0459   17.7271
   -7.5000    0.0000    7.5000 2961.8198   17.1547
    0.0000    0.0000    7.5000 2982.2351   16.8069
    7.5000    0.0000    7.5000 2912.1951   17.3479
   -7.5000    7.5000    7.5000 2963.4751   17.2753
    0.0000    7.5000    7.5000 2974.4834   17.0204
    7.5000    7.5000    7.5000 2912.3896   17.4280
   -7.5000   15.0000    7.5000 2907.7046   17.8204
    0.0000   15.0000    7.5000 2920.0688   17.6907
    7.5000   15.0000    7.5000 2865.5283   18.0611
   -7.5000   22.5000    7.5000 2802.6128   18.7963
    0.0000   22.5000    7.5000 2816.5513   18.7226
    7.5000   22.5000    7.5000 2776.9895   19.0703
   -7.5000   30.0000    7.5000 2667.0286   20.2595
    0.0000   30.0000    7.5000 2682.3110   20.1374
    7.5000   30.0000    7.5000 2651.3643   20.4811
   -7.5000   37.5000    7.5000 2522.0999   22.2760
    0.0000   37.5000    7.5000 2542.6812   22.1949
    7.5000   37.5000    7.5000 2509.6382   22.5246
   -7.5000   45.0000    7.5000 2368.1650   24.7937
    0.0000   45.0000    7.5000 2385.0457   24.7397
    7.5000   45.0000    7.5000 2352.6313   25.1248
   -7.5000  -45.0000   15.0000 2282.3796   27.2006
    0.0000  -45.0000   15.0000 2303.6775   27.1145
    7.5000  -45.0000   15.0000 2264.7495   27.8228
   -7.5000  -37.5000   15.0000 2413.7139   24.2943
    0.0000  -37.5000   15.0000 2434.7798   24.1582
    7.5000  -37.5000   15.0000 2396.8418   24.7824
   -7.5000  -30.0000   15.0000 2520.5161   22.0289
    0.0000  -30.0000   15.0000 2540.7883   21.8996
    7.5000  -30.0000   15.0000 2503.8877   22.4582
   -7.5000  -22.5000   15.0000 2634.2043   20.2594
    0.0000  -22.5000   15.0000 2655.9387   20.0966
    7.5000  -22.5000   15.0000 2616.2148   20.6331
   -7.5000  -15.0000   15.0000 2741.3394   18.9316
    0.0000  -15.0000   15.0000 2762.1992   18.7688
    7.5000  -15.0000   15.0000 2719.8435   19.2409
   -7.5000   -7.5000   15.0000 2843.0796   18.0739
    0.0000   -7.5000   15.0000 2871.2615   17.8030
    7.5000   -7.5000   15.0000 2816.9058   18.3387
   -7.5000    0.0000   15.0000 2896.5757   17.6755
    0.0000    0.0000   15.0000 2917.3269   17.4047
    7.5000    0.0000   15.0000 2874.4800   17.8808
   -7.5000    7.5000   15.0000 2892.5439   17.8404
    0.0000    7.5000   15.0000 2915.9077   17.6268
    7.5000    7.5000   15.0000 2868.4043   17.9689
   -7.5000   15.0000   15.0000 2843.4216   18.3912
    0.0000   15.0000   15.0000 2859.2100   18.2566
    7.5000   15.0000   15.0000 2808.2832   18.5823
   -7.5000   22.5000   15.0000 2749.7852   19.3910
    0.0000   22.5000   15.0000 2762.4553   19.3008
    7.5000   22.5000   15.0000 2721.5972   19.5849
   -7.5000   30.0000   15.0000 2621.3569   20.8281
    0.0000   30.0000   15.0000 2636.8833   20.7419
    7.5000   30.0000   15.0000 2604.8425   21.0913
   -7.5000   37.5000   15.0000 2489.0640   22.7526
    0.0000   37.5000   15.0000 2503.2856   22.6507
    7.5000   37.5000   15.0000 2478.0403   23.0548
   -7.5000   45.0000   15.0000 2339.2168   25.1911
    0.0000   45.0000   15.0000 2354.2825   25.0824
    7.5000   45.0000   15.0000 2326.1506   25.5232
   -7.5000  -45.0000   22.5000 2250.8364   28.0366
    0.0000  -45.0000   22.5000 2267.7229   27.9109
    7.5000  -45.0000   22.5000 2231.3438   28.6176
   -7.5000  -37.5000   22.5000 2382.5913   25.1240
    0.0000  -37.5000   22.5000 2401.4436   24.9557
    7.5000  -37.5000   22.5000 2361.6785   25.5401
   -7.5000  -30.0000   22.5000 2489.9175   22.8815
    0.0000  -30.0000   22.5000 2514.6897   22.6993
    7.5000  -30.0000   22.5000 2471.7344   23.2330
   -7.5000  -22.5000   22.5000 2598.7798   21.0988
    0.0000  -22.5000   22.5000 2626.0010   20.9447
    7.5000  -22.5000   22.5000 2582.9382   21.4144
   -7.5000  -15.0000   22.5000 2698.1760   19.7228
    0.0000  -15.0000   22.5000 2727.9724   19.5500
    7.5000  -15.0000   22.5000 2681.2095   20.0460
   -7.5000   -7.5000   22.5000 2783.5581   18.7801
    0.0000   -7.5000   22.5000 2805.0332   18.5874
    7.5000   -7.5000   22.5000 2758.1580   19.0737
   -7.5000    0.0000   22.5000 2818.0662   18.4193
    0.0000    0.0000   22.5000 2840.1448   18.2301
    7.5000    0.0000   22.5000 2808.6897   18.6332
   -7.5000    7.5000   22.5000 2809.9326   18.6000
    0.0000    7.5000   22.5000 2832.2429   18.3964
    7.5000    7.5000   22.5000 2795.1187   18.7647
   -7.5000   15.0000   22.5000 2757.8186   19.1448
    0.0000   15.0000   22.5000 2771.1506   19.0050
    7.5000   15.0000   22.5000 2735.6279   19.3680
   -7.5000   22.5000   22.5000 2671.1748   20.0868
    0.0000   22.5000   22.5000 2690.8101   19.9912
    7.5000   22.5000   22.5000 2654.1631   20.3449
   -7.5000   30.0000   22.5000 2556.3887   21.4993
    0.0000   30.0000   22.5000 2576.4080   21.4530
    7.5000   30.0000   22.5000 2552.4700   21.7527
   -7.5000   37.5000   22.5000 2437.5134   23.4630
    0.0000   37.5000   22.5000 2452.9812   23.3873
    7.5000   37.5000   22.5000 2432.1841   23.7201
   -7.5000   45.0000   22.5000 2294.8022   25.9313
    0.0000   45.0000   22.5000 2310.8247   25.8271
    7.5000   45.0000   22.5000 2288.8159   26.1936
   -7.5000  -45.0000   30.0000 2204.5413   29.2143
    0.0000  -45.0000   30.0000 2224.3750   29.0833
    7.5000  -45.0000   30.0000 2187.4155   29.7665
   -7.5000  -37.5000   30.0000 2337.4932   26.1927
    0.0000  -37.5000   30.0000 2353.9109   26.0085
    7.5000  -37.5000   30.0000 2317.2351   26.6170
   -7.5000  -30.0000   30.0000 2447.4866   23.9414
    0.0000  -30.0000   30.0000 2470.3176   23.7554
    7.5000  -30.0000   30.0000 2429.4126   24.2714
   -7.5000  -22.5000   30.0000 2547.8416   22.1620
    0.0000  -22.5000   30.0000 2576.7856   22.0173
    7.5000  -22.5000   30.0000 2530.2903   22.4515
   -7.5000  -15.0000   30.0000 2638.6902   20.7696
    0.0000  -15.0000   30.0000 2667.2024   20.5863
    7.5000  -15.0000   30.0000 2620.3528   21.0854
   -7.5000   -7.5000   30.0000 2707.1775   19.7854
    0.0000   -7.5000   30.0000 2725.4111   19.7112
    7.5000   -7.5000   30.0000 2685.8943   20.1072
   -7.5000    0.0000   30.0000 2727.5879   19.4853
    0.0000    0.0000   30.0000 2751.2495   19.3191
    7.5000    0.0000   30.0000 2718.7512   19.7157
   -7.5000    7.5000   30.0000 2718.9543   19.6294
    0.0000    7.5000   30.0000 2739.1445   19.4611
    7.5000    7.5000   30.0000 2705.8650   19.8396
   -7.5000   15.0000   30.0000 2661.3591   20.1284
    0.0000   15.0000   30.0000 2679.4097   20.0383
    7.5000   15.0000   30.0000 2645.3125   20.4557
   -7.5000   22.5000   30.0000 2587.2061   21.0527
    0.0000   22.5000   30.0000 2601.7219   20.9368
    7.5000   22.5000   30.0000 2568.4268   21.3445
   -7.5000   30.0000   30.0000 2482.6274   22.4363
    0.0000   30.0000   30.0000 2501.5508   22.3230
    7.5000   30.0000   30.0000 2475.7732   22.6566
   -7.5000   37.5000   30.0000 2372.9517   24.3148
    0.0000   37.5000   30.0000 2388.8071   24.2030
    7.5000   37.5000   30.0000 2363.2705   24.6038
   -7.5000   45.0000   30.0000 2229.0979   26.8221
    0.0000   45.0000   30.0000 2250.7019   26.6919
    7.5000   45.0000   30.0000 2223.0740   27.0996
   -7.5000  -45.0000   37.5000 2158.3892   30.8993
    0.0000  -45.0000   37.5000 2173.4868   30.8020
    7.5000  -45.0000   37.5000 2142.2383   31.3641
   -7.5000  -37.5000   37.5000 2290.1052   27.7417
    0.0000  -37.5000   37.5000 2303.8882   27.5930
    7.5000  -37.5000   37.5000 2265.6094   28.0922
   -7.5000  -30.0000   37.5000 2390.9165   25.4564
    0.0000  -30.0000   37.5000 2410.4890   25.2973
    7.5000  -30.0000   37.5000 2373.1003   25.7521
   -7.5000  -22.5000   37.5000 2484.0144   23.6127
    0.0000  -22.5000   37.5000 2511.6648   23.5358
    7.5000  -22.5000   37.5000 2466.5657   23.8890
   -7.5000  -15.0000   37.5000 2565.4023   22.1983
    0.0000  -15.0000   37.5000 2592.1748   22.0658
    7.5000  -15.0000   37.5000 2545.2551   22.5009
   -7.5000   -7.5000   37.5000 2622.0251   21.2301
    0.0000   -7.5000   37.5000 2637.8540   21.1856
    7.5000   -7.5000   37.5000 2602.5244   21.5043
   -7.5000    0.0000   37.5000 2630.8486   20.8867
    0.0000    0.0000   37.5000 2654.8608   20.7766
    7.5000    0.0000   37.5000 2617.6511   21.1087
   -7.5000    7.5000   37.5000 2617.9319   21.0143
    0.0000    7.5000   37.5000 2638.3062   20.9065
    7.5000    7.5000   37.5000 2605.2297   21.2554
   -7.5000   15.0000   37.5000 2568.1025   21.5073
    0.0000   15.0000   37.5000 2588.8130   21.4471
    7.5000   15.0000   37.5000 2559.6409   21.8456
   -7.5000   22.5000   37.5000 2502.7493   22.3634
    0.0000   22.5000   37.5000 2519.8403   22.2847
    7.5000   22.5000   37.5000 2492.8367   22.7175
   -7.5000   30.0000   37.5000 2405.0884   23.7715
    0.0000   30.0000   37.5000 2421.9963   23.6686
    7.5000   30.0000   37.5000 2396.2961   23.9826
   -7.5000   37.5000   37.5000 2294.2563   25.5757
    0.0000   37.5000   37.5000 2313.1936   25.4905
    7.5000   37.5000   37.5000 2286.6394   25.8330
   -7.5000   45.0000   37.5000 2159.5796   28.1134
    0.0000   45.0000   37.5000 2175.6567   28.0027
    7.5000   45.0000   37.5000 2150.1375   28.3632
   -7.5000  -45.0000   45.0000 2093.5435   33.1681
    0.0000  -45.0000   45.0000 2110.7490   33.0055
    7.5000  -45.0000   45.0000 2082.8191   33.5739
   -7.5000  -37.5000   45.0000 2221.2273   29.9052
    0.0000  -37.5000   45.0000 2236.7166   29.6938
    7.5000  -37.5000   45.0000 2204.0483   30.1295
   -7.5000  -30.0000   45.0000 2318.2290   27.4642
    0.0000  -30.0000   45.0000 2336.8110   27.3655
    7.5000  -30.0000   45.0000 2297.0613   27.6689
   -7.5000  -22.5000   45.0000 2401.7847   25.5502
    0.0000  -22.5000   45.0000 2428.0237   25.4330
    7.5000  -22.5000   45.0000 2380.9636   25.8066
   -7.5000  -15.0000   45.0000 2470.7344   24.0272
    0.0000  -15.0000   45.0000 2494.1611   23.9634
    7.5000  -15.0000   45.0000 2456.4392   24.3118
   -7.5000   -7.5000   45.0000 2519.5483   23.0593
    0.0000   -7.5000   45.0000 2534.3462   23.0041
    7.5000   -7.5000   45.0000 2503.8071   23.3010
   -7.5000    0.0000   45.0000 2521.6277   22.6805
    0.0000    0.0000   45.0000 2541.5869   22.5629
    7.5000    0.0000   45.0000 2507.1753   22.8382
   -7.5000    7.5000   45.0000 2504.0581   22.8106
    0.0000    7.5000   45.0000 2523.5188   22.7099
    7.5000    7.5000   45.0000 2498.2698   22.9460
   -7.5000   15.0000   45.0000 2458.0461   23.2329
    0.0000   15.0000   45.0000 2477.3635   23.2602
    7.5000   15.0000   45.0000 2454.6118   23.5715
   -7.5000   22.5000   45.0000 2403.4451   24.0824
    0.0000   22.5000   45.0000 2418.4448   24.1037
    7.5000   22.5000   45.0000 2396.7556   24.4382
   -7.5000   30.0000   45.0000 2325.9612   25.5013
    0.0000   30.0000   45.0000 2337.5820   25.4000
    7.5000   30.0000   45.0000 2308.4297   25.7702
   -7.5000   37.5000   45.0000 2212.2708   27.3570
    0.0000   37.5000   45.0000 2231.2686   27.3128
    7.5000   37.5000   45.0000 2203.5469   27.6192
   -7.5000   45.0000   45.0000 2081.9514   29.9356
    0.0000   45.0000   45.0000 2098.3030   29.8285
    7.5000   45.0000   45.0000 2072.2878   30.2035

---------------------------------------------------------------------
imgreg_4dfp /opt/freesurfer/average/711-2C_as_mni_average_305 /opt/freesurfer/average/711-2B_as_mni_average_305_mask talsrcimg_g11 none talsrcimg_to_711-2C_as_mni_average_305_t4 1283
---------------------------------------------------------------------

freesurfer imgreg_4dfp.c
/opt/freesurfer/average/711-2C_as_mni_average_305.4dfp.img
       256       256       256         1
  1.000000  1.000000  1.000000
orientation T byte_order littleendian
Reading image: /opt/freesurfer/average/711-2C_as_mni_average_305.4dfp.img
dimensions:      256       256       256
mmppix:       1.0000   -1.0000   -1.0000
center:     128.0000 -129.0000 -129.0000
/opt/freesurfer/average/711-2B_as_mni_average_305_mask.4dfp.img
       256       256       256         1
  1.000000  1.000000  1.000000
orientation T byte_order littleendian
Reading mask: /opt/freesurfer/average/711-2B_as_mni_average_305_mask.4dfp.img (2306576 pixels)
talsrcimg_g11.4dfp.img
       256       256       256         1
  1.000000  1.000000  1.000000
orientation T byte_order littleendian
Reading image: talsrcimg_g11.4dfp.img
dimensions:      256       256       256
mmppix:       1.0000   -1.0000   -1.0000
center:     128.0000 -129.0000 -129.0000
rotation matrix determinant  1.000000
fimgreg.f
image alignment mode   1283 decimal      503 hex
parameters
    0.0000    0.0000    0.0000    0.0000    0.0000    0.0000
eta,q 0.94311 16.57235
niter,ni,del,rscale     5    3   12.0000    1.2000
parameter  2 -0.706316 -> -0.500000 qaram    1.1500
parameters
   -2.1223    3.4500    0.5486   -0.1736   -0.6678   -1.6639
eta,q 0.94989 16.30403
  0.0636  0.0741  0.0634  0.0560  0.0556  0.0530
  0.0584  0.0685  0.0584  0.0550  0.0522  0.0509
  0.0567  0.0619  0.0539  0.0527  0.0506  0.0501
  0.0586  0.0566  0.0510  0.0504  0.0506  0.0505
  0.0644  0.0527  0.0516  0.0506  0.0514  0.0520
  0.0733  0.0515  0.0547  0.0538  0.0543  0.0552
  0.0825  0.0544  0.0605  0.0588  0.0586  0.0593
niter,ni,del,rscale     5    3   12.0000    1.2000
parameters
   -2.2086    3.6733    0.7114   -0.4915   -0.0777   -2.3153
eta,q 0.95030 16.32651
  0.0632  0.0674  0.0618  0.0553  0.0578  0.0539
  0.0569  0.0584  0.0562  0.0540  0.0534  0.0516
  0.0514  0.0531  0.0521  0.0514  0.0513  0.0498
  0.0501  0.0501  0.0500  0.0500  0.0500  0.0499
  0.0521  0.0521  0.0513  0.0506  0.0497  0.0509
  0.0567  0.0601  0.0548  0.0535  0.0512  0.0527
  0.0644  0.0636  0.0612  0.0579  0.0556  0.0563
niter,ni,del,rscale     4    3   12.0000    1.2000
parameters
   -2.4547    3.9518    0.8026   -0.9000    0.3180   -2.8378
eta,q 0.95093 16.33533
  0.0619  0.0665  0.0612  0.0546  0.0570  0.0535
  0.0561  0.0575  0.0553  0.0529  0.0530  0.0513
  0.0510  0.0527  0.0511  0.0505  0.0512  0.0494
  0.0497  0.0496  0.0494  0.0494  0.0495  0.0492
  0.0520  0.0516  0.0507  0.0504  0.0489  0.0505
  0.0569  0.0591  0.0543  0.0530  0.0513  0.0521
  0.0645  0.0623  0.0609  0.0572  0.0560  0.0554
niter,ni,del,rscale     3    3   12.0000    1.2000
parameters
   -2.6609    4.1647    0.8013   -1.3411    0.5767   -3.1129
eta,q 0.95132 16.35403
  0.0617  0.0651  0.0606  0.0541  0.0566  0.0536
  0.0560  0.0567  0.0545  0.0523  0.0529  0.0512
  0.0510  0.0521  0.0505  0.0501  0.0511  0.0493
  0.0491  0.0490  0.0489  0.0489  0.0489  0.0488
  0.0515  0.0512  0.0502  0.0501  0.0486  0.0499
  0.0566  0.0582  0.0542  0.0528  0.0517  0.0516
  0.0640  0.0618  0.0609  0.0566  0.0562  0.0546
niter,ni,del,rscale     2    3   12.0000    1.2000
parameters
   -2.7588    4.3369    0.7589   -1.6703    0.6789   -3.2533
eta,q 0.95137 16.37129
  0.0622  0.0642  0.0603  0.0542  0.0561  0.0538
  0.0562  0.0563  0.0542  0.0522  0.0527  0.0512
  0.0511  0.0518  0.0503  0.0500  0.0509  0.0493
  0.0487  0.0487  0.0486  0.0486  0.0487  0.0486
  0.0511  0.0509  0.0498  0.0497  0.0488  0.0497
  0.0562  0.0575  0.0541  0.0525  0.0521  0.0514
  0.0636  0.0616  0.0610  0.0562  0.0564  0.0542
niter,ni,del,rscale     1    3   12.0000    1.2000
parameters
   -2.7762    4.4497    0.7051   -1.8875    0.7217   -3.3157
eta,q 0.95137 16.38851
  0.0625  0.0636  0.0602  0.0543  0.0560  0.0539
  0.0565  0.0560  0.0542  0.0523  0.0527  0.0511
  0.0513  0.0515  0.0505  0.0501  0.0508  0.0493
  0.0486  0.0486  0.0486  0.0486  0.0487  0.0486
  0.0509  0.0509  0.0497  0.0495  0.0490  0.0495
  0.0559  0.0572  0.0542  0.0522  0.0523  0.0513
  0.0633  0.0616  0.0611  0.0559  0.0565  0.0540
registration optimization eta report
parameter search radius
    6.0000    6.9000    6.0000    6.0000    6.0000    6.0000
100000*second partial in parameter space
       38.       28.       33.       17.       20.       14.
  0.0625  0.0636  0.0602  0.0543  0.0560  0.0539
  0.0565  0.0560  0.0542  0.0523  0.0527  0.0511
  0.0513  0.0515  0.0505  0.0501  0.0508  0.0493
  0.0486  0.0486  0.0486  0.0486  0.0487  0.0486
  0.0509  0.0509  0.0497  0.0495  0.0490  0.0495
  0.0559  0.0572  0.0542  0.0522  0.0523  0.0513
  0.0633  0.0616  0.0611  0.0559  0.0565  0.0540
   -2.7762    4.4497    0.7051   -1.8875    0.7217   -3.3157
eta,q 0.95137 16.38851

---------------------------------------------------------------------
imgreg_4dfp /opt/freesurfer/average/711-2C_as_mni_average_305 /opt/freesurfer/average/711-2B_as_mni_average_305_mask talsrcimg_g11 none talsrcimg_to_711-2C_as_mni_average_305_t4 3335
---------------------------------------------------------------------

freesurfer imgreg_4dfp.c
/opt/freesurfer/average/711-2C_as_mni_average_305.4dfp.img
       256       256       256         1
  1.000000  1.000000  1.000000
orientation T byte_order littleendian
Reading image: /opt/freesurfer/average/711-2C_as_mni_average_305.4dfp.img
dimensions:      256       256       256
mmppix:       1.0000   -1.0000   -1.0000
center:     128.0000 -129.0000 -129.0000
/opt/freesurfer/average/711-2B_as_mni_average_305_mask.4dfp.img
       256       256       256         1
  1.000000  1.000000  1.000000
orientation T byte_order littleendian
Reading mask: /opt/freesurfer/average/711-2B_as_mni_average_305_mask.4dfp.img (2306576 pixels)
talsrcimg_g11.4dfp.img
       256       256       256         1
  1.000000  1.000000  1.000000
orientation T byte_order littleendian
Reading image: talsrcimg_g11.4dfp.img
dimensions:      256       256       256
mmppix:       1.0000   -1.0000   -1.0000
center:     128.0000 -129.0000 -129.0000
fimgreg.f
image alignment mode   3335 decimal      D07 hex
parameters
   -2.7762    4.4497    0.7051   -0.1753   -0.2240   -0.0622
    5.8220   -1.0663   -5.7833    3.3610    1.2596   -3.2934
eta,q 0.95143 16.40707
niter,ni,del,rscale     5    3    5.0000    1.2000
parameter  4  1.635259 ->  0.500000 qaram    1.1500
parameter  5  5.779815 ->  0.500000 qaram    1.1500
parameter  6  0.859208 ->  0.500000 qaram    1.1500
parameters
   -2.6607    3.8860    0.4337   -4.3153   -4.3640   -4.2022
    4.7887    0.4513   -4.9444    2.7018    4.3615   -3.8109
eta,q 0.96933 15.79563
  0.0513  0.0493  0.0496  0.0412  0.0315  0.0322  0.0344  0.0391  0.0342  0.0343  0.0351  0.0326
  0.0499  0.0487  0.0488  0.0425  0.0345  0.0318  0.0327  0.0359  0.0328  0.0323  0.0335  0.0315
  0.0490  0.0484  0.0485  0.0448  0.0385  0.0328  0.0319  0.0335  0.0318  0.0313  0.0322  0.0308
  0.0486  0.0486  0.0484  0.0484  0.0430  0.0355  0.0319  0.0318  0.0312  0.0312  0.0312  0.0307
  0.0487  0.0490  0.0487  0.0528  0.0480  0.0395  0.0327  0.0312  0.0314  0.0319  0.0307  0.0310
  0.0495  0.0496  0.0493  0.0575  0.0524  0.0446  0.0341  0.0324  0.0320  0.0334  0.0308  0.0318
  0.0509  0.0503  0.0504  0.0623  0.0569  0.0494  0.0361  0.0352  0.0331  0.0355  0.0316  0.0332
niter,ni,del,rscale     7    3    5.0000    1.2000
parameter  5  0.848776 ->  0.500000 qaram    1.3225
parameters
   -2.7773    4.5269   -0.1931   -8.1020   -9.1250   -5.8124
    5.3591   -0.1689   -4.9024    4.6007    5.2883   -3.8163
eta,q 0.97378 15.28260
  0.0344  0.0346  0.0319  0.0308  0.0262  0.0292  0.0301  0.0298  0.0286  0.0305  0.0276  0.0278
  0.0323  0.0326  0.0307  0.0298  0.0259  0.0282  0.0284  0.0277  0.0275  0.0286  0.0269  0.0270
  0.0311  0.0313  0.0303  0.0294  0.0268  0.0271  0.0272  0.0267  0.0268  0.0274  0.0264  0.0264
  0.0307  0.0307  0.0305  0.0303  0.0294  0.0259  0.0266  0.0266  0.0265  0.0265  0.0262  0.0262
  0.0313  0.0305  0.0314  0.0330  0.0333  0.0265  0.0267  0.0272  0.0267  0.0262  0.0263  0.0264
  0.0329  0.0309  0.0328  0.0375  0.0381  0.0303  0.0276  0.0287  0.0274  0.0267  0.0265  0.0269
  0.0352  0.0318  0.0345  0.0430  0.0429  0.0357  0.0293  0.0311  0.0286  0.0278  0.0270  0.0278
niter,ni,del,rscale     7    3    5.0000    1.2000
parameters
   -2.9389    5.6700   -0.2816   -8.2783  -12.3317   -5.9482
    5.3374   -0.5143   -5.3202    6.3798    6.4356   -4.6843
eta,q 0.97503 15.08716
  0.0287  0.0315  0.0270  0.0284  0.0277  0.0287  0.0279  0.0287  0.0270  0.0291  0.0262  0.0260
  0.0272  0.0292  0.0261  0.0272  0.0262  0.0275  0.0266  0.0267  0.0261  0.0276  0.0256  0.0254
  0.0264  0.0274  0.0256  0.0262  0.0253  0.0265  0.0257  0.0256  0.0255  0.0263  0.0252  0.0250
  0.0262  0.0262  0.0255  0.0255  0.0256  0.0253  0.0254  0.0254  0.0253  0.0253  0.0250  0.0250
  0.0267  0.0256  0.0258  0.0253  0.0279  0.0245  0.0256  0.0258  0.0257  0.0250  0.0250  0.0252
  0.0278  0.0256  0.0263  0.0265  0.0317  0.0263  0.0265  0.0271  0.0264  0.0254  0.0252  0.0258
  0.0295  0.0264  0.0272  0.0297  0.0365  0.0306  0.0280  0.0294  0.0274  0.0269  0.0256  0.0267
niter,ni,del,rscale     6    3    5.0000    1.2000
parameters
   -2.9175    6.1025    0.0387   -7.8847  -13.1724   -5.6639
    5.3650   -0.7653   -5.4116    6.6408    6.1877   -5.0168
eta,q 0.97522 15.07913
  0.0277  0.0285  0.0267  0.0275  0.0292  0.0290  0.0275  0.0285  0.0266  0.0279  0.0256  0.0259
  0.0262  0.0268  0.0258  0.0264  0.0273  0.0275  0.0261  0.0263  0.0256  0.0264  0.0251  0.0253
  0.0253  0.0256  0.0252  0.0256  0.0257  0.0263  0.0252  0.0251  0.0250  0.0253  0.0248  0.0249
  0.0250  0.0250  0.0249  0.0249  0.0248  0.0249  0.0248  0.0248  0.0248  0.0248  0.0248  0.0248
  0.0252  0.0250  0.0249  0.0244  0.0253  0.0241  0.0251  0.0252  0.0250  0.0249  0.0249  0.0250
  0.0261  0.0256  0.0253  0.0251  0.0281  0.0257  0.0260  0.0266  0.0257  0.0258  0.0252  0.0254
  0.0276  0.0266  0.0260  0.0279  0.0319  0.0299  0.0275  0.0291  0.0267  0.0278  0.0257  0.0262
niter,ni,del,rscale     5    3    5.0000    1.2000
parameters
   -2.9148    6.1416    0.0843   -7.7778  -13.3047   -5.6149
    5.4066   -0.7663   -5.3331    6.7136    6.0840   -5.0693
eta,q 0.97525 15.08012
  0.0275  0.0273  0.0264  0.0273  0.0296  0.0289  0.0274  0.0287  0.0266  0.0278  0.0256  0.0260
  0.0260  0.0259  0.0255  0.0263  0.0276  0.0274  0.0260  0.0265  0.0256  0.0263  0.0251  0.0253
  0.0251  0.0250  0.0250  0.0255  0.0259  0.0262  0.0251  0.0251  0.0250  0.0252  0.0248  0.0249
  0.0248  0.0248  0.0248  0.0248  0.0248  0.0248  0.0248  0.0248  0.0248  0.0248  0.0248  0.0248
  0.0250  0.0251  0.0249  0.0243  0.0248  0.0241  0.0250  0.0251  0.0250  0.0249  0.0249  0.0249
  0.0259  0.0259  0.0254  0.0252  0.0271  0.0260  0.0259  0.0264  0.0256  0.0259  0.0251  0.0253
  0.0275  0.0271  0.0263  0.0282  0.0307  0.0304  0.0275  0.0288  0.0265  0.0279  0.0257  0.0260
niter,ni,del,rscale     4    3    5.0000    1.2000
parameters
   -2.9136    6.1448    0.0891   -7.7665  -13.3194   -5.6083
    5.4072   -0.7588   -5.3027    6.7252    6.0682   -5.0830
eta,q 0.97525 15.08019
  0.0275  0.0272  0.0263  0.0273  0.0296  0.0289  0.0274  0.0288  0.0266  0.0277  0.0257  0.0260
  0.0260  0.0258  0.0254  0.0263  0.0276  0.0274  0.0260  0.0265  0.0256  0.0262  0.0251  0.0253
  0.0251  0.0250  0.0249  0.0255  0.0259  0.0262  0.0251  0.0251  0.0250  0.0252  0.0248  0.0249
  0.0248  0.0248  0.0248  0.0248  0.0248  0.0248  0.0248  0.0248  0.0248  0.0248  0.0248  0.0248
  0.0250  0.0251  0.0249  0.0243  0.0247  0.0241  0.0250  0.0251  0.0250  0.0249  0.0249  0.0249
  0.0259  0.0259  0.0254  0.0253  0.0269  0.0260  0.0259  0.0264  0.0256  0.0260  0.0251  0.0253
  0.0275  0.0271  0.0263  0.0283  0.0306  0.0305  0.0275  0.0288  0.0265  0.0280  0.0257  0.0260
registration optimization eta report
parameter search radius
    2.4000    2.4000    2.4000    8.2800    9.5220    8.2800
    7.2000    7.2000    7.2000    7.2000    7.2000    7.2000
100000*second partial in parameter space
       47.       41.       27.        5.        6.        7.
        5.        8.        4.        6.        2.        2.
  0.0275  0.0272  0.0263  0.0273  0.0296  0.0289  0.0274  0.0288  0.0266  0.0277  0.0257  0.0260
  0.0260  0.0258  0.0254  0.0263  0.0276  0.0274  0.0260  0.0265  0.0256  0.0262  0.0251  0.0253
  0.0251  0.0250  0.0249  0.0255  0.0259  0.0262  0.0251  0.0251  0.0250  0.0252  0.0248  0.0249
  0.0248  0.0248  0.0248  0.0248  0.0248  0.0248  0.0248  0.0248  0.0248  0.0248  0.0248  0.0248
  0.0250  0.0251  0.0249  0.0243  0.0247  0.0241  0.0250  0.0251  0.0250  0.0249  0.0249  0.0249
  0.0259  0.0259  0.0254  0.0253  0.0269  0.0260  0.0259  0.0264  0.0256  0.0260  0.0251  0.0253
  0.0275  0.0271  0.0263  0.0283  0.0306  0.0305  0.0275  0.0288  0.0265  0.0280  0.0257  0.0260
   -2.9136    6.1448    0.0891   -7.7665  -13.3194   -5.6083
    5.4072   -0.7588   -5.3027    6.7252    6.0682   -5.0830
eta,q 0.97525 15.08019

---------------------------------------------------------------------
imgreg_4dfp /opt/freesurfer/average/711-2C_as_mni_average_305 /opt/freesurfer/average/711-2B_as_mni_average_305_mask talsrcimg_g11 none talsrcimg_to_711-2C_as_mni_average_305_t4 2311
---------------------------------------------------------------------

freesurfer imgreg_4dfp.c
/opt/freesurfer/average/711-2C_as_mni_average_305.4dfp.img
       256       256       256         1
  1.000000  1.000000  1.000000
orientation T byte_order littleendian
Reading image: /opt/freesurfer/average/711-2C_as_mni_average_305.4dfp.img
dimensions:      256       256       256
mmppix:       1.0000   -1.0000   -1.0000
center:     128.0000 -129.0000 -129.0000
/opt/freesurfer/average/711-2B_as_mni_average_305_mask.4dfp.img
       256       256       256         1
  1.000000  1.000000  1.000000
orientation T byte_order littleendian
Reading mask: /opt/freesurfer/average/711-2B_as_mni_average_305_mask.4dfp.img (2306576 pixels)
talsrcimg_g11.4dfp.img
       256       256       256         1
  1.000000  1.000000  1.000000
orientation T byte_order littleendian
Reading image: talsrcimg_g11.4dfp.img
dimensions:      256       256       256
mmppix:       1.0000   -1.0000   -1.0000
center:     128.0000 -129.0000 -129.0000
fimgreg.f
image alignment mode   2311 decimal      907 hex
parameters
   -2.9136    6.1448    0.0891   -7.7665  -13.3194   -5.6083
    5.4072   -0.7588   -5.3027    6.7252    6.0682   -5.0830
eta,q 0.97525 15.08019
niter,ni,del,rscale     5    3    5.0000    0.8000
parameter  4 -0.516121 -> -0.500000 qaram    1.1500
parameters
   -2.9014    6.0948    0.1047   -5.0065  -12.6183   -4.6375
    5.1250   -0.7991   -5.4838    6.6557    5.9818   -6.1056
eta,q 0.97616 15.33263
  0.0260  0.0258  0.0254  0.0260  0.0263  0.0270  0.0253  0.0268  0.0250  0.0255  0.0248  0.0243
  0.0253  0.0252  0.0251  0.0256  0.0254  0.0261  0.0245  0.0253  0.0243  0.0247  0.0243  0.0240
  0.0249  0.0248  0.0248  0.0251  0.0248  0.0251  0.0240  0.0243  0.0240  0.0241  0.0240  0.0239
  0.0248  0.0248  0.0247  0.0247  0.0243  0.0242  0.0239  0.0239  0.0239  0.0239  0.0239  0.0239
  0.0249  0.0249  0.0248  0.0244  0.0242  0.0238  0.0241  0.0242  0.0241  0.0240  0.0240  0.0241
  0.0253  0.0253  0.0250  0.0243  0.0246  0.0243  0.0247  0.0253  0.0245  0.0246  0.0243  0.0244
  0.0259  0.0259  0.0254  0.0248  0.0256  0.0259  0.0257  0.0269  0.0251  0.0257  0.0249  0.0249
niter,ni,del,rscale     5    3    5.0000    0.8000
parameters
   -2.8880    6.0176   -0.0211   -6.4025  -12.2323   -4.3430
    5.3800   -0.7596   -5.5490    6.6506    5.9485   -6.2245
eta,q 0.97625 15.29763
  0.0256  0.0250  0.0247  0.0250  0.0258  0.0265  0.0254  0.0265  0.0249  0.0254  0.0246  0.0244
  0.0247  0.0243  0.0242  0.0244  0.0250  0.0256  0.0246  0.0251  0.0243  0.0246  0.0241  0.0241
  0.0241  0.0239  0.0239  0.0240  0.0243  0.0246  0.0240  0.0241  0.0239  0.0240  0.0239  0.0238
  0.0238  0.0238  0.0238  0.0238  0.0239  0.0239  0.0238  0.0238  0.0238  0.0238  0.0238  0.0238
  0.0240  0.0240  0.0240  0.0244  0.0239  0.0237  0.0239  0.0241  0.0239  0.0239  0.0238  0.0238
  0.0246  0.0245  0.0244  0.0259  0.0243  0.0246  0.0243  0.0250  0.0243  0.0245  0.0241  0.0241
  0.0256  0.0252  0.0250  0.0284  0.0255  0.0264  0.0251  0.0265  0.0249  0.0255  0.0246  0.0245
niter,ni,del,rscale     4    3    5.0000    0.7000
parameters
   -2.8929    6.1085   -0.1174   -6.6562  -12.0538   -4.1392
    5.4150   -0.7166   -5.5962    6.6597    5.9747   -6.5385
eta,q 0.97630 15.30488
  0.0249  0.0249  0.0244  0.0251  0.0252  0.0260  0.0249  0.0259  0.0246  0.0250  0.0243  0.0241
  0.0243  0.0243  0.0240  0.0245  0.0246  0.0252  0.0243  0.0248  0.0241  0.0244  0.0240  0.0239
  0.0239  0.0239  0.0238  0.0241  0.0241  0.0244  0.0239  0.0240  0.0238  0.0239  0.0238  0.0238
  0.0238  0.0237  0.0238  0.0237  0.0238  0.0238  0.0237  0.0237  0.0237  0.0237  0.0237  0.0237
  0.0239  0.0238  0.0239  0.0238  0.0238  0.0237  0.0238  0.0239  0.0238  0.0238  0.0238  0.0238
  0.0243  0.0241  0.0242  0.0244  0.0242  0.0245  0.0242  0.0247  0.0241  0.0243  0.0240  0.0240
  0.0250  0.0246  0.0246  0.0258  0.0252  0.0260  0.0249  0.0259  0.0246  0.0251  0.0243  0.0243
niter,ni,del,rscale     3    3    5.0000    0.6000
parameters
   -2.8978    6.1513   -0.1722   -6.5548  -11.9257   -3.9869
    5.4316   -0.6958   -5.6367    6.6885    6.0170   -6.8068
eta,q 0.97635 15.32484
  0.0246  0.0245  0.0242  0.0248  0.0248  0.0255  0.0245  0.0254  0.0243  0.0246  0.0242  0.0240
  0.0241  0.0241  0.0239  0.0244  0.0243  0.0248  0.0241  0.0245  0.0240  0.0241  0.0239  0.0238
  0.0238  0.0238  0.0237  0.0240  0.0239  0.0242  0.0238  0.0239  0.0237  0.0238  0.0237  0.0237
  0.0237  0.0237  0.0237  0.0237  0.0237  0.0237  0.0236  0.0236  0.0236  0.0236  0.0236  0.0236
  0.0238  0.0238  0.0238  0.0237  0.0237  0.0237  0.0237  0.0238  0.0237  0.0237  0.0237  0.0237
  0.0241  0.0240  0.0240  0.0241  0.0241  0.0243  0.0240  0.0244  0.0240  0.0241  0.0239  0.0239
  0.0246  0.0244  0.0243  0.0250  0.0248  0.0255  0.0245  0.0254  0.0243  0.0247  0.0241  0.0241
niter,ni,del,rscale     2    3    5.0000    0.5000
parameters
   -2.8972    6.1674   -0.1948   -6.4468  -11.8191   -3.8564
    5.4355   -0.6811   -5.6620    6.7113    6.0613   -6.9728
eta,q 0.97640 15.34180
  0.0243  0.0242  0.0241  0.0245  0.0244  0.0251  0.0242  0.0249  0.0241  0.0243  0.0240  0.0238
  0.0239  0.0239  0.0238  0.0241  0.0241  0.0245  0.0239  0.0242  0.0238  0.0240  0.0238  0.0237
  0.0237  0.0237  0.0237  0.0238  0.0238  0.0240  0.0237  0.0238  0.0237  0.0237  0.0237  0.0236
  0.0236  0.0236  0.0237  0.0236  0.0236  0.0236  0.0236  0.0236  0.0236  0.0236  0.0236  0.0236
  0.0237  0.0237  0.0237  0.0236  0.0237  0.0237  0.0237  0.0237  0.0237  0.0237  0.0236  0.0236
  0.0239  0.0239  0.0239  0.0239  0.0239  0.0241  0.0239  0.0242  0.0238  0.0239  0.0238  0.0237
  0.0243  0.0241  0.0241  0.0245  0.0244  0.0250  0.0243  0.0249  0.0241  0.0243  0.0240  0.0239
niter,ni,del,rscale     1    3    5.0000    0.4000
parameters
   -2.8916    6.1719   -0.2019   -6.3564  -11.7522   -3.7488
    5.4419   -0.6639   -5.6837    6.7281    6.0967   -7.0627
eta,q 0.97642 15.35402
  0.0240  0.0240  0.0239  0.0242  0.0241  0.0246  0.0240  0.0245  0.0239  0.0241  0.0238  0.0237
  0.0238  0.0238  0.0237  0.0239  0.0239  0.0242  0.0238  0.0240  0.0237  0.0238  0.0237  0.0237
  0.0237  0.0236  0.0236  0.0237  0.0237  0.0238  0.0236  0.0237  0.0236  0.0237  0.0236  0.0236
  0.0236  0.0236  0.0236  0.0236  0.0236  0.0236  0.0236  0.0236  0.0236  0.0236  0.0236  0.0236
  0.0237  0.0236  0.0236  0.0236  0.0236  0.0236  0.0236  0.0237  0.0236  0.0236  0.0236  0.0236
  0.0238  0.0238  0.0237  0.0238  0.0238  0.0240  0.0238  0.0240  0.0237  0.0238  0.0237  0.0237
  0.0240  0.0239  0.0239  0.0242  0.0241  0.0246  0.0240  0.0244  0.0239  0.0241  0.0238  0.0238
registration optimization eta report
parameter search radius
    0.8000    0.8000    0.8000    2.7600    2.4000    2.4000
    2.4000    2.4000    2.4000    2.4000    2.4000    2.4000
100000*second partial in parameter space
       64.       53.       44.        8.        9.       17.
        7.       15.        6.        8.        4.        3.
  0.0240  0.0240  0.0239  0.0242  0.0241  0.0246  0.0240  0.0245  0.0239  0.0241  0.0238  0.0237
  0.0238  0.0238  0.0237  0.0239  0.0239  0.0242  0.0238  0.0240  0.0237  0.0238  0.0237  0.0237
  0.0237  0.0236  0.0236  0.0237  0.0237  0.0238  0.0236  0.0237  0.0236  0.0237  0.0236  0.0236
  0.0236  0.0236  0.0236  0.0236  0.0236  0.0236  0.0236  0.0236  0.0236  0.0236  0.0236  0.0236
  0.0237  0.0236  0.0236  0.0236  0.0236  0.0236  0.0236  0.0237  0.0236  0.0236  0.0236  0.0236
  0.0238  0.0238  0.0237  0.0238  0.0238  0.0240  0.0238  0.0240  0.0237  0.0238  0.0237  0.0237
  0.0240  0.0239  0.0239  0.0242  0.0241  0.0246  0.0240  0.0244  0.0239  0.0241  0.0238  0.0238
   -2.8916    6.1719   -0.2019   -6.3564  -11.7522   -3.7488
    5.4419   -0.6639   -5.6837    6.7281    6.0967   -7.0627
eta,q 0.97642 15.35402

---------------------------------------------------------------------
imgreg_4dfp /opt/freesurfer/average/711-2C_as_mni_average_305 /opt/freesurfer/average/711-2B_as_mni_average_305_mask talsrcimg_g11 none talsrcimg_to_711-2C_as_mni_average_305_t4 2311
---------------------------------------------------------------------

freesurfer imgreg_4dfp.c
/opt/freesurfer/average/711-2C_as_mni_average_305.4dfp.img
       256       256       256         1
  1.000000  1.000000  1.000000
orientation T byte_order littleendian
Reading image: /opt/freesurfer/average/711-2C_as_mni_average_305.4dfp.img
dimensions:      256       256       256
mmppix:       1.0000   -1.0000   -1.0000
center:     128.0000 -129.0000 -129.0000
/opt/freesurfer/average/711-2B_as_mni_average_305_mask.4dfp.img
       256       256       256         1
  1.000000  1.000000  1.000000
orientation T byte_order littleendian
Reading mask: /opt/freesurfer/average/711-2B_as_mni_average_305_mask.4dfp.img (2306576 pixels)
talsrcimg_g11.4dfp.img
       256       256       256         1
  1.000000  1.000000  1.000000
orientation T byte_order littleendian
Reading image: talsrcimg_g11.4dfp.img
dimensions:      256       256       256
mmppix:       1.0000   -1.0000   -1.0000
center:     128.0000 -129.0000 -129.0000
fimgreg.f
image alignment mode   2311 decimal      907 hex
parameters
   -2.8916    6.1719   -0.2019   -6.3564  -11.7522   -3.7488
    5.4419   -0.6639   -5.6837    6.7281    6.0967   -7.0627
eta,q 0.97642 15.35403
niter,ni,del,rscale     5    3    5.0000    0.8000
parameters
   -2.9088    6.2002   -0.1739   -6.9408  -12.1002   -4.1318
    5.5056   -0.7554   -5.6200    6.7424    6.0042   -6.7297
eta,q 0.97626 15.28910
  0.0252  0.0250  0.0248  0.0249  0.0252  0.0261  0.0253  0.0264  0.0249  0.0254  0.0245  0.0245
  0.0243  0.0242  0.0241  0.0243  0.0245  0.0252  0.0245  0.0250  0.0243  0.0246  0.0241  0.0241
  0.0238  0.0237  0.0237  0.0238  0.0239  0.0243  0.0240  0.0241  0.0239  0.0240  0.0238  0.0239
  0.0236  0.0236  0.0236  0.0236  0.0236  0.0237  0.0238  0.0238  0.0238  0.0238  0.0238  0.0238
  0.0238  0.0237  0.0237  0.0238  0.0238  0.0240  0.0239  0.0241  0.0239  0.0239  0.0238  0.0238
  0.0244  0.0242  0.0241  0.0246  0.0246  0.0254  0.0244  0.0251  0.0243  0.0244  0.0241  0.0240
  0.0253  0.0249  0.0247  0.0261  0.0261  0.0276  0.0253  0.0266  0.0248  0.0255  0.0246  0.0243
niter,ni,del,rscale     4    3    5.0000    0.7000
parameters
   -2.9169    6.2013   -0.1988   -6.5580  -12.0391   -4.1225
    5.4307   -0.7356   -5.6121    6.7418    6.0341   -6.8447
eta,q 0.97631 15.31385
  0.0249  0.0247  0.0245  0.0250  0.0251  0.0259  0.0249  0.0260  0.0246  0.0250  0.0243  0.0242
  0.0243  0.0242  0.0241  0.0245  0.0245  0.0251  0.0242  0.0248  0.0241  0.0243  0.0240  0.0239
  0.0239  0.0238  0.0238  0.0240  0.0240  0.0243  0.0238  0.0240  0.0238  0.0239  0.0238  0.0238
  0.0237  0.0237  0.0237  0.0237  0.0237  0.0237  0.0237  0.0237  0.0237  0.0237  0.0237  0.0237
  0.0239  0.0239  0.0238  0.0237  0.0237  0.0238  0.0238  0.0239  0.0238  0.0238  0.0237  0.0237
  0.0243  0.0242  0.0241  0.0240  0.0242  0.0247  0.0243  0.0247  0.0241  0.0242  0.0240  0.0239
  0.0249  0.0247  0.0246  0.0248  0.0252  0.0263  0.0250  0.0260  0.0246  0.0251  0.0243  0.0243
niter,ni,del,rscale     3    3    5.0000    0.6000
parameters
   -2.9039    6.1790   -0.1973   -6.3933  -11.9381   -3.9994
    5.4185   -0.7114   -5.6388    6.7450    6.0632   -6.9039
eta,q 0.97637 15.33283
  0.0246  0.0244  0.0243  0.0246  0.0248  0.0255  0.0245  0.0254  0.0243  0.0246  0.0241  0.0240
  0.0241  0.0240  0.0239  0.0242  0.0243  0.0248  0.0241  0.0245  0.0239  0.0241  0.0239  0.0238
  0.0238  0.0238  0.0238  0.0239  0.0239  0.0241  0.0237  0.0239  0.0237  0.0238  0.0237  0.0237
  0.0237  0.0237  0.0237  0.0237  0.0237  0.0237  0.0236  0.0236  0.0236  0.0236  0.0236  0.0236
  0.0238  0.0238  0.0238  0.0237  0.0237  0.0237  0.0237  0.0238  0.0237  0.0237  0.0237  0.0237
  0.0241  0.0240  0.0240  0.0239  0.0241  0.0244  0.0240  0.0244  0.0240  0.0241  0.0238  0.0238
  0.0246  0.0244  0.0243  0.0246  0.0248  0.0256  0.0246  0.0254  0.0243  0.0247  0.0241  0.0240
niter,ni,del,rscale     2    3    5.0000    0.5000
parameters
   -2.8958    6.1724   -0.1929   -6.3161  -11.8499   -3.8772
    5.4211   -0.6947   -5.6683    6.7420    6.0855   -6.9829
eta,q 0.97639 15.34620
  0.0243  0.0242  0.0241  0.0243  0.0244  0.0251  0.0242  0.0249  0.0241  0.0243  0.0240  0.0239
  0.0239  0.0239  0.0238  0.0240  0.0241  0.0245  0.0239  0.0242  0.0238  0.0239  0.0238  0.0237
  0.0237  0.0237  0.0237  0.0238  0.0238  0.0240  0.0237  0.0238  0.0237  0.0237  0.0237  0.0236
  0.0236  0.0236  0.0236  0.0236  0.0236  0.0236  0.0236  0.0236  0.0236  0.0236  0.0236  0.0236
  0.0237  0.0237  0.0237  0.0236  0.0237  0.0237  0.0237  0.0237  0.0237  0.0237  0.0236  0.0236
  0.0239  0.0239  0.0238  0.0238  0.0239  0.0241  0.0239  0.0242  0.0238  0.0239  0.0238  0.0237
  0.0243  0.0242  0.0241  0.0243  0.0244  0.0251  0.0243  0.0249  0.0241  0.0244  0.0240  0.0239
niter,ni,del,rscale     1    3    5.0000    0.4000
parameters
   -2.8916    6.1676   -0.1934   -6.2477  -11.7783   -3.7728
    5.4332   -0.6702   -5.6826    6.7459    6.1106   -7.0579
eta,q 0.97642 15.35737
  0.0240  0.0239  0.0239  0.0240  0.0241  0.0246  0.0240  0.0245  0.0239  0.0241  0.0238  0.0237
  0.0238  0.0238  0.0237  0.0238  0.0239  0.0242  0.0238  0.0240  0.0237  0.0238  0.0237  0.0237
  0.0237  0.0236  0.0236  0.0237  0.0237  0.0238  0.0236  0.0237  0.0236  0.0237  0.0236  0.0236
  0.0236  0.0236  0.0236  0.0236  0.0236  0.0236  0.0236  0.0236  0.0236  0.0236  0.0236  0.0236
  0.0236  0.0236  0.0236  0.0236  0.0236  0.0236  0.0236  0.0237  0.0236  0.0236  0.0236  0.0236
  0.0238  0.0238  0.0237  0.0238  0.0238  0.0240  0.0238  0.0240  0.0237  0.0238  0.0237  0.0237
  0.0240  0.0239  0.0239  0.0241  0.0241  0.0246  0.0240  0.0244  0.0239  0.0241  0.0238  0.0238
registration optimization eta report
parameter search radius
    0.8000    0.8000    0.8000    2.4000    2.4000    2.4000
    2.4000    2.4000    2.4000    2.4000    2.4000    2.4000
100000*second partial in parameter space
       66.       53.       44.        8.        9.       17.
        7.       15.        6.        8.        4.        3.
  0.0240  0.0239  0.0239  0.0240  0.0241  0.0246  0.0240  0.0245  0.0239  0.0241  0.0238  0.0237
  0.0238  0.0238  0.0237  0.0238  0.0239  0.0242  0.0238  0.0240  0.0237  0.0238  0.0237  0.0237
  0.0237  0.0236  0.0236  0.0237  0.0237  0.0238  0.0236  0.0237  0.0236  0.0237  0.0236  0.0236
  0.0236  0.0236  0.0236  0.0236  0.0236  0.0236  0.0236  0.0236  0.0236  0.0236  0.0236  0.0236
  0.0236  0.0236  0.0236  0.0236  0.0236  0.0236  0.0236  0.0237  0.0236  0.0236  0.0236  0.0236
  0.0238  0.0238  0.0237  0.0238  0.0238  0.0240  0.0238  0.0240  0.0237  0.0238  0.0237  0.0237
  0.0240  0.0239  0.0239  0.0241  0.0241  0.0246  0.0240  0.0244  0.0239  0.0241  0.0238  0.0238
   -2.8916    6.1676   -0.1934   -6.2477  -11.7783   -3.7728
    5.4332   -0.6702   -5.6826    6.7459    6.1106   -7.0579
eta,q 0.97642 15.35737

---------------------------------------------------------------------
compute_vox2vox talsrcimg talsrcimg_to_711-2C_as_mni_average_305_t4 /opt/freesurfer/average/711-2C_as_mni_average_305
---------------------------------------------------------------------

freesurfer compute_vox2vox.c
Reading: talsrcimg.4dfp.ifh
Reading: talsrcimg_to_711-2C_as_mni_average_305_t4
Reading: /opt/freesurfer/average/711-2C_as_mni_average_305.4dfp.ifh
Writing: talsrcimg_to_711-2C_as_mni_average_305_t4_vox2vox.txt

start time Mon Mar 9 11:17:51 CET 2026
end		time Mon Mar 9 11:19:17 CET 2026

mpr2mni305 success

avi2talxfm orig_nu.mgz /opt/freesurfer/average/mni305.cor.mgz talsrcimg_to_711-2C_as_mni_average_305_t4_vox2vox.txt transforms/talairach.auto.xfm
avi2talxfm done
mv -f /out/sourcedata/freesurfer/sub-v1s21x0050412_ses-1/mri/talsrcimg_to_711-2C_as_mni_average_305_t4_vox2vox.txt /out/sourcedata/freesurfer/sub-v1s21x0050412_ses-1/mri/transforms/talsrcimg_to_711-2C_as_mni_average_305_t4_vox2vox.txt
lta_convert --src orig_nu.mgz --trg /opt/freesurfer/average/mni305.cor.mgz --inxfm transforms/talairach.auto.xfm --outlta transforms/talairach.auto.xfm.lta --subject fsaverage
7.3.2

--src: orig_nu.mgz src image (geometry).
--trg: /opt/freesurfer/average/mni305.cor.mgz trg image (geometry).
--inmni: transforms/talairach.auto.xfm input MNI/XFM transform.
--outlta: transforms/talairach.auto.xfm.lta output LTA.
--s: fsaverage subject name
 LTA read, type : 1
 1.06196   0.01191  -0.06445   2.76537;
-0.06207   1.03271   0.08644  -0.99631;
 0.07315  -0.07820   1.12275  -7.37997;
 0.00000   0.00000   0.00000   1.00000;
setting subject to fsaverage
Writing  LTA to file transforms/talairach.auto.xfm.lta...
lta_convert successful.
 
 
Started at Mon Mar 9 11:17:50 CET 2026
Ended   at Mon Mar  9 11:19:17 CET 2026
talairach_avi done
