/out/sourcedata/freesurfer/sub-v1s21x0050428_ses-1/mri
/opt/freesurfer/bin/talairach_avi
--i orig_nu.mgz --xfm transforms/talairach.auto.xfm
talairach_avi 7.3.2
Linux dna061 5.14.0-427.37.1.el9_4.x86_64 #1 SMP PREEMPT_DYNAMIC Fri Sep 13 12:41:50 EDT 2024 x86_64 x86_64 x86_64 GNU/Linux
Mon Mar  9 11:43:45 CET 2026
mri_convert orig_nu.mgz talsrcimg.img 
reading from orig_nu.mgz...
TR=0.00, TE=0.00, TI=0.00, flip angle=0.00
i_ras = (-1, 0, 0)
j_ras = (0, 0, -1)
k_ras = (0, 1, 0)
writing to talsrcimg.img...
Analyze Output Matrix
-1.00000   0.00000   0.00000   129.50000;
 0.00000   0.00000   1.00000  -128.50000;
 0.00000  -1.00000   0.00000   129.70000;
 0.00000   0.00000   0.00000   1.00000;
--------------------
INFO: set hdr.hist.orient to -1
mpr2mni305 talsrcimg
Mon Mar  9 11:43:45 CET 2026
/opt/freesurfer/bin/mpr2mni305 talsrcimg
mpr2mni305 7.3.2
target=711-2C_as_mni_average_305

---------------------------------------------------------------------
analyzeto4dfp talsrcimg -O0 -y
---------------------------------------------------------------------

freesurfer ifh2hdr.c
Mon Mar  9 11:43:46 2026
Writing: talsrcimg.4dfp.hdr
freesurfer analyzeto4dfp.c
Reading: talsrcimg.hdr
header size 348 bytes
hdr.dime.datatype	offset=70	value=2
hdr.dime.bitpix		offset=72	value=8
hdr.hist.orient		offset=252	value=-1
dimensionality     4
dimensions       256       256       256         1
Reading: talsrcimg.img
Writing: talsrcimg.4dfp.img
Writing: talsrcimg.4dfp.ifh
ifh2hdr talsrcimg -r0to239
ori=2

---------------------------------------------------------------------
gauss_4dfp talsrcimg 1.1
---------------------------------------------------------------------

freesurfer gauss_4dfp.c
Reading: talsrcimg.4dfp.img
Writing: talsrcimg_g11.4dfp.img
image dimensions 256 256 256 padded to 288 288 288
processing volume 1freesurfer ifh2hdr.c
Mon Mar  9 11:43:47 2026
Writing: talsrcimg_g11.4dfp.hdr

Writing: talsrcimg_g11.4dfp.ifh
including: talsrcimg.4dfp.img.rec in talsrcimg_g11.4dfp.img.rec

---------------------------------------------------------------------
imgreg_4dfp /opt/freesurfer/average/711-2C_as_mni_average_305 none talsrcimg_g11 none talsrcimg_to_711-2C_as_mni_average_305_t4 4355
---------------------------------------------------------------------

freesurfer imgreg_4dfp.c
/opt/freesurfer/average/711-2C_as_mni_average_305.4dfp.img
       256       256       256         1
  1.000000  1.000000  1.000000
orientation T byte_order littleendian
Reading image: /opt/freesurfer/average/711-2C_as_mni_average_305.4dfp.img
dimensions:      256       256       256
mmppix:       1.0000   -1.0000   -1.0000
center:     128.0000 -129.0000 -129.0000
talsrcimg_g11.4dfp.img
       256       256       256         1
  1.000000  1.000000  1.000000
orientation T byte_order littleendian
Reading image: talsrcimg_g11.4dfp.img
dimensions:      256       256       256
mmppix:       1.0000   -1.0000   -1.0000
center:     128.0000 -129.0000 -129.0000
t4_read: open error in t4_sub.f l:  41 t4_file(1:l)talsrcimg_to_711-2C_as_mni_average_305_t4 
t4_read: transform initialized to I4
rotation matrix determinant  1.000000
image alignment mode   4355 decimal     1103 hex
   -7.5000  -45.0000  -45.0000 7355.6641   18.5544
    0.0000  -45.0000  -45.0000 7749.4238   18.5134
    7.5000  -45.0000  -45.0000 7467.5449   18.4683
   -7.5000  -37.5000  -45.0000 7885.3052   18.5605
    0.0000  -37.5000  -45.0000 8298.0273   18.5291
    7.5000  -37.5000  -45.0000 8014.5469   18.5007
   -7.5000  -30.0000  -45.0000 8626.5693   18.5660
    0.0000  -30.0000  -45.0000 9084.0566   18.5368
    7.5000  -30.0000  -45.0000 8760.9512   18.5148
   -7.5000  -22.5000  -45.0000 9290.4336   18.5642
    0.0000  -22.5000  -45.0000 9794.4697   18.5264
    7.5000  -22.5000  -45.0000 9439.9736   18.4919
   -7.5000  -15.0000  -45.0000 9957.4736   18.5600
    0.0000  -15.0000  -45.000010491.9551   18.5127
    7.5000  -15.0000  -45.000010138.1699   18.4597
   -7.5000   -7.5000  -45.000010547.4170   18.5557
    0.0000   -7.5000  -45.000011129.5596   18.5074
    7.5000   -7.5000  -45.000010754.1650   18.4502
   -7.5000    0.0000  -45.000011083.0244   18.5544
    0.0000    0.0000  -45.000011676.5625   18.5134
    7.5000    0.0000  -45.000011288.0820   18.4683
   -7.5000    7.5000  -45.000010794.3750   18.5605
    0.0000    7.5000  -45.000011362.3281   18.5291
    7.5000    7.5000  -45.000011012.2910   18.5007
   -7.5000   15.0000  -45.000010405.9082   18.5660
    0.0000   15.0000  -45.000010926.5869   18.5368
    7.5000   15.0000  -45.000010594.9600   18.5148
   -7.5000   22.5000  -45.0000 9844.1475   18.5617
    0.0000   22.5000  -45.000010347.6553   18.5238
    7.5000   22.5000  -45.000010015.5088   18.4893
   -7.5000   30.0000  -45.0000 9150.2168   18.3127
    0.0000   30.0000  -45.0000 9614.6309   18.2660
    7.5000   30.0000  -45.0000 9282.0605   18.2137
   -7.5000   37.5000  -45.0000 8716.3369   18.3084
    0.0000   37.5000  -45.0000 9197.4775   18.2608
    7.5000   37.5000  -45.0000 8863.1318   18.2043
   -7.5000   45.0000  -45.0000 7926.1577   17.8423
    0.0000   45.0000  -45.0000 8374.4189   17.8028
    7.5000   45.0000  -45.0000 8066.0581   17.7595
   -7.5000  -45.0000  -37.5000 7933.6084   18.5449
    0.0000  -45.0000  -37.5000 8355.9746   18.5007
    7.5000  -45.0000  -37.5000 8076.8364   18.4632
   -7.5000  -37.5000  -37.5000 8479.5439   18.5700
    0.0000  -37.5000  -37.5000 8921.7588   18.5316
    7.5000  -37.5000  -37.5000 8614.0811   18.5074
   -7.5000  -30.0000  -37.5000 9285.5693   18.5817
    0.0000  -30.0000  -37.5000 9767.5596   18.5502
    7.5000  -30.0000  -37.5000 9418.3164   18.5282
   -7.5000  -22.5000  -37.500010012.9209   18.5653
    0.0000  -22.5000  -37.500010536.4629   18.5351
    7.5000  -22.5000  -37.500010170.3115   18.4991
   -7.5000  -15.0000  -37.500010695.3916   18.5416
    0.0000  -15.0000  -37.500011300.5508   18.5068
    7.5000  -15.0000  -37.500010908.5762   18.4556
   -7.5000   -7.5000  -37.500011279.9502   18.5328
    0.0000   -7.5000  -37.500011942.2012   18.4911
    7.5000   -7.5000  -37.500011499.8564   18.4405
   -7.5000    0.0000  -37.500011792.8086   18.5449
    0.0000    0.0000  -37.500012452.7998   18.5007
    7.5000    0.0000  -37.500012023.9863   18.4632
   -7.5000    7.5000  -37.500011459.2900   18.5700
    0.0000    7.5000  -37.500012088.3271   18.5316
    7.5000    7.5000  -37.500011689.9229   18.5074
   -7.5000   15.0000  -37.500011017.4326   18.5817
    0.0000   15.0000  -37.500011629.1152   18.5502
    7.5000   15.0000  -37.500011238.6924   18.5282
   -7.5000   22.5000  -37.500010397.4668   18.5628
    0.0000   22.5000  -37.500011002.8418   18.5326
    7.5000   22.5000  -37.500010627.4648   18.4966
   -7.5000   30.0000  -37.5000 9623.1270   18.2945
    0.0000   30.0000  -37.500010168.5068   18.2602
    7.5000   30.0000  -37.5000 9835.3799   18.2097
   -7.5000   37.5000  -37.5000 9148.7402   18.2858
    0.0000   37.5000  -37.5000 9670.2295   18.2446
    7.5000   37.5000  -37.5000 9357.5908   18.1948
   -7.5000   45.0000  -37.5000 8285.6758   17.8331
    0.0000   45.0000  -37.5000 8736.9580   17.7906
    7.5000   45.0000  -37.5000 8444.5918   17.7546
   -7.5000  -45.0000  -30.0000 8671.4297   19.3129
    0.0000  -45.0000  -30.0000 9131.7891   19.2616
    7.5000  -45.0000  -30.0000 8810.0107   19.2247
   -7.5000  -37.5000  -30.0000 9241.0830   19.3512
    0.0000  -37.5000  -30.0000 9733.9326   19.3088
    7.5000  -37.5000  -30.0000 9391.6094   19.2824
   -7.5000  -30.0000  -30.000010112.4072   19.3695
    0.0000  -30.0000  -30.000010652.2354   19.3395
    7.5000  -30.0000  -30.000010272.7041   19.3156
   -7.5000  -22.5000  -30.000010947.9023   19.3440
    0.0000  -22.5000  -30.000011572.3398   19.3179
    7.5000  -22.5000  -30.000011149.0869   19.2834
   -7.5000  -15.0000  -30.000011630.5732   19.3055
    0.0000  -15.0000  -30.000012408.0576   19.2725
    7.5000  -15.0000  -30.000011874.4141   19.2268
   -7.5000   -7.5000  -30.000012185.2314   19.2928
    0.0000   -7.5000  -30.000012942.0293   19.2470
    7.5000   -7.5000  -30.000012412.4736   19.2012
   -7.5000    0.0000  -30.000012690.6094   19.3129
    0.0000    0.0000  -30.000013446.9951   19.2616
    7.5000    0.0000  -30.000012931.9023   19.2247
   -7.5000    7.5000  -30.000012327.9795   19.3512
    0.0000    7.5000  -30.000013066.7363   19.3088
    7.5000    7.5000  -30.000012581.4326   19.2824
   -7.5000   15.0000  -30.000011824.2031   19.3695
    0.0000   15.0000  -30.000012541.0234   19.3395
    7.5000   15.0000  -30.000012076.7578   19.3156
   -7.5000   22.5000  -30.000011139.8369   19.3393
    0.0000   22.5000  -30.000011810.7334   19.3132
    7.5000   22.5000  -30.000011380.7275   19.2787
   -7.5000   30.0000  -30.000010282.4424   19.0501
    0.0000   30.0000  -30.000010893.0088   19.0175
    7.5000   30.0000  -30.000010521.7793   18.9724
   -7.5000   37.5000  -30.0000 9746.1133   19.0375
    0.0000   37.5000  -30.000010315.9121   18.9923
    7.5000   37.5000  -30.0000 9977.0146   18.9471
   -7.5000   45.0000  -30.0000 8786.3584   18.5853
    0.0000   45.0000  -30.0000 9265.5410   18.5359
    7.5000   45.0000  -30.0000 8969.5361   18.5004
   -7.5000  -45.0000  -22.5000 9415.6543   19.9640
    0.0000  -45.0000  -22.5000 9924.2314   19.9091
    7.5000  -45.0000  -22.5000 9564.5889   19.8668
   -7.5000  -37.5000  -22.500010038.3105   19.9949
    0.0000  -37.5000  -22.500010561.4473   19.9562
    7.5000  -37.5000  -22.500010202.0684   19.9253
   -7.5000  -30.0000  -22.500010992.5732   20.0150
    0.0000  -30.0000  -22.500011589.5195   19.9881
    7.5000  -30.0000  -22.500011170.1631   19.9634
   -7.5000  -22.5000  -22.500011887.8320   19.9981
    0.0000  -22.5000  -22.500012673.2285   19.9657
    7.5000  -22.5000  -22.500012128.5576   19.9353
   -7.5000  -15.0000  -22.500012550.9082   19.9670
    0.0000  -15.0000  -22.500013417.5078   19.9194
    7.5000  -15.0000  -22.500012767.0703   19.8786
   -7.5000   -7.5000  -22.500013075.0410   19.9530
    0.0000   -7.5000  -22.500013928.3096   19.8948
    7.5000   -7.5000  -22.500013302.2803   19.8482
   -7.5000    0.0000  -22.500013598.7139   19.9640
    0.0000    0.0000  -22.500014460.1543   19.9091
    7.5000    0.0000  -22.500013850.7900   19.8668
   -7.5000    7.5000  -22.500013221.7070   19.9949
    0.0000    7.5000  -22.500014047.3994   19.9562
    7.5000    7.5000  -22.500013483.9600   19.9253
   -7.5000   15.0000  -22.500012660.7949   20.0150
    0.0000   15.0000  -22.500013461.2324   19.9881
    7.5000   15.0000  -22.500012939.6865   19.9634
   -7.5000   22.5000  -22.500011883.1133   19.9920
    0.0000   22.5000  -22.500012643.9512   19.9596
    7.5000   22.5000  -22.500012152.6855   19.9291
   -7.5000   30.0000  -22.500010945.2979   19.7058
    0.0000   30.0000  -22.500011638.0205   19.6589
    7.5000   30.0000  -22.500011212.7773   19.6186
   -7.5000   37.5000  -22.500010318.4111   19.6920
    0.0000   37.5000  -22.500010948.4785   19.6345
    7.5000   37.5000  -22.500010557.1807   19.5886
   -7.5000   45.0000  -22.5000 9271.0117   19.2263
    0.0000   45.0000  -22.5000 9809.8496   19.1734
    7.5000   45.0000  -22.5000 9479.0078   19.1327
   -7.5000  -45.0000  -15.000010137.3281   20.4422
    0.0000  -45.0000  -15.000010687.7793   20.3905
    7.5000  -45.0000  -15.000010315.0420   20.3405
   -7.5000  -37.5000  -15.000010840.8975   20.4528
    0.0000  -37.5000  -15.000011391.2686   20.4216
    7.5000  -37.5000  -15.000011025.2236   20.3868
   -7.5000  -30.0000  -15.000011909.5830   20.4684
    0.0000  -30.0000  -15.000012591.0518   20.4437
    7.5000  -30.0000  -15.000012127.6475   20.4197
   -7.5000  -22.5000  -15.000012809.9277   20.4687
    0.0000  -22.5000  -15.000013746.2578   20.4277
    7.5000  -22.5000  -15.000013069.8965   20.3997
   -7.5000  -15.0000  -15.000013382.3105   20.4586
    0.0000  -15.0000  -15.000014320.3213   20.3972
    7.5000  -15.0000  -15.000013594.6230   20.3555
   -7.5000   -7.5000  -15.000013939.2705   20.4478
    0.0000   -7.5000  -15.000014827.7881   20.3821
    7.5000   -7.5000  -15.000014140.6426   20.3292
   -7.5000    0.0000  -15.000014534.3779   20.4422
    0.0000    0.0000  -15.000015450.8730   20.3905
    7.5000    0.0000  -15.000014772.7803   20.3405
   -7.5000    7.5000  -15.000014114.8447   20.4528
    0.0000    7.5000  -15.000015007.2119   20.4216
    7.5000    7.5000  -15.000014366.8096   20.3868
   -7.5000   15.0000  -15.000013500.2549   20.4684
    0.0000   15.0000  -15.000014368.6035   20.4437
    7.5000   15.0000  -15.000013771.9004   20.4197
   -7.5000   22.5000  -15.000012666.5293   20.4615
    0.0000   22.5000  -15.000013482.7734   20.4205
    7.5000   22.5000  -15.000012932.2480   20.3925
   -7.5000   30.0000  -15.000011627.7539   20.1938
    0.0000   30.0000  -15.000012359.6992   20.1332
    7.5000   30.0000  -15.000011864.6670   20.0921
   -7.5000   37.5000  -15.000010911.6514   20.1831
    0.0000   37.5000  -15.000011561.8438   20.1183
    7.5000   37.5000  -15.000011127.1426   20.0661
   -7.5000   45.0000  -15.0000 9763.7920   19.6988
    0.0000   45.0000  -15.000010308.6748   19.6490
    7.5000   45.0000  -15.0000 9948.1348   19.6007
   -7.5000  -45.0000   -7.500010875.6367   20.6978
    0.0000  -45.0000   -7.500011469.2949   20.6511
    7.5000  -45.0000   -7.500011079.1904   20.5963
   -7.5000  -37.5000   -7.500011681.4482   20.6964
    0.0000  -37.5000   -7.500012307.6191   20.6673
    7.5000  -37.5000   -7.500011920.2158   20.6314
   -7.5000  -30.0000   -7.500012838.1797   20.7041
    0.0000  -30.0000   -7.500013796.7451   20.6775
    7.5000  -30.0000   -7.500013201.7275   20.6532
   -7.5000  -22.5000   -7.500013658.3662   20.7110
    0.0000  -22.5000   -7.500014784.9355   20.6666
    7.5000  -22.5000   -7.500013987.8682   20.6346
   -7.5000  -15.0000   -7.500014212.9199   20.7139
    0.0000  -15.0000   -7.500015115.6504   20.6514
    7.5000  -15.0000   -7.500014374.4893   20.6006
   -7.5000   -7.5000   -7.500014858.4785   20.7086
    0.0000   -7.5000   -7.500015704.1670   20.6461
    7.5000   -7.5000   -7.500014967.3633   20.5842
   -7.5000    0.0000   -7.500015476.4062   20.6978
    0.0000    0.0000   -7.500016430.7617   20.6511
    7.5000    0.0000   -7.500015674.9629   20.5963
   -7.5000    7.5000   -7.500014983.6768   20.6964
    0.0000    7.5000   -7.500015950.9346   20.6673
    7.5000    7.5000   -7.500015226.5303   20.6314
   -7.5000   15.0000   -7.500014341.8008   20.7041
    0.0000   15.0000   -7.500015273.1240   20.6775
    7.5000   15.0000   -7.500014577.3281   20.6532
   -7.5000   22.5000   -7.500013477.2725   20.7014
    0.0000   22.5000   -7.500014350.5615   20.6571
    7.5000   22.5000   -7.500013706.8428   20.6250
   -7.5000   30.0000   -7.500012338.6621   20.4452
    0.0000   30.0000   -7.500013118.7334   20.3836
    7.5000   30.0000   -7.500012555.0781   20.3335
   -7.5000   37.5000   -7.500011503.2295   20.4400
    0.0000   37.5000   -7.500012191.9873   20.3784
    7.5000   37.5000   -7.500011690.6943   20.3173
   -7.5000   45.0000   -7.500010242.5869   19.9488
    0.0000   45.0000   -7.500010834.3281   19.9038
    7.5000   45.0000   -7.500010394.0605   19.8510
   -7.5000  -45.0000    0.000011510.0576   20.7544
    0.0000  -45.0000    0.000012163.6318   20.7086
    7.5000  -45.0000    0.000011775.8564   20.6582
   -7.5000  -37.5000    0.000012444.8262   20.7612
    0.0000  -37.5000    0.000013331.0098   20.7261
    7.5000  -37.5000    0.000012873.2627   20.6945
   -7.5000  -30.0000    0.000013678.4590   20.7673
    0.0000  -30.0000    0.000014991.7852   20.7347
    7.5000  -30.0000    0.000014226.0742   20.7103
   -7.5000  -22.5000    0.000014507.8027   20.7655
    0.0000  -22.5000    0.000015631.7979   20.7232
    7.5000  -22.5000    0.000014817.1611   20.6847
   -7.5000  -15.0000    0.000015031.7266   20.7610
    0.0000  -15.0000    0.000015824.5527   20.7080
    7.5000  -15.0000    0.000015064.7588   20.6487
   -7.5000   -7.5000    0.000015694.5898   20.7560
    0.0000   -7.5000    0.000016485.0898   20.7020
    7.5000   -7.5000    0.000015733.1992   20.6380
   -7.5000    0.0000    0.000016360.6514   20.7544
    0.0000    0.0000    0.000017266.7949   20.7086
    7.5000    0.0000    0.000016504.0977   20.6582
   -7.5000    7.5000    0.000015837.4727   20.7612
    0.0000    7.5000    0.000016784.6797   20.7261
    7.5000    7.5000    0.000016018.0225   20.6945
   -7.5000   15.0000    0.000015108.9551   20.7673
    0.0000   15.0000    0.000016048.2412   20.7347
    7.5000   15.0000    0.000015293.4531   20.7103
   -7.5000   22.5000    0.000014170.4316   20.7560
    0.0000   22.5000    0.000015108.6084   20.7137
    7.5000   22.5000    0.000014372.8105   20.6751
   -7.5000   30.0000    0.000012980.9893   20.4923
    0.0000   30.0000    0.000013826.6777   20.4400
    7.5000   30.0000    0.000013170.7168   20.3815
   -7.5000   37.5000    0.000012039.5293   20.4874
    0.0000   37.5000    0.000012789.4834   20.4341
    7.5000   37.5000    0.000012234.7217   20.3709
   -7.5000   45.0000    0.000010680.0088   20.0049
    0.0000   45.0000    0.000011327.7061   19.9607
    7.5000   45.0000    0.000010815.2979   19.9121
   -7.5000  -45.0000    7.500011192.5508   20.7522
    0.0000  -45.0000    7.500011920.1885   20.7027
    7.5000  -45.0000    7.500011549.7070   20.6608
   -7.5000  -37.5000    7.500012082.7471   20.7803
    0.0000  -37.5000    7.500013122.8613   20.7373
    7.5000  -37.5000    7.500012651.4365   20.7102
   -7.5000  -30.0000    7.500013341.6523   20.7934
    0.0000  -30.0000    7.500014518.1758   20.7582
    7.5000  -30.0000    7.500013869.1875   20.7336
   -7.5000  -22.5000    7.500014147.8750   20.7751
    0.0000  -22.5000    7.500015058.5479   20.7413
    7.5000  -22.5000    7.500014417.3760   20.7010
   -7.5000  -15.0000    7.500014728.9951   20.7485
    0.0000  -15.0000    7.500015372.4648   20.7096
    7.5000  -15.0000    7.500014740.3184   20.6523
   -7.5000   -7.5000    7.500015384.6201   20.7387
    0.0000   -7.5000    7.500016025.0977   20.6920
    7.5000   -7.5000    7.500015364.4824   20.6354
   -7.5000    0.0000    7.500016006.8271   20.7522
    0.0000    0.0000    7.500016772.7500   20.7027
    7.5000    0.0000    7.500016049.2666   20.6608
   -7.5000    7.5000    7.500015470.2949   20.7803
    0.0000    7.5000    7.500016337.5000   20.7373
    7.5000    7.5000    7.500015585.2734   20.7102
   -7.5000   15.0000    7.500014720.5566   20.7934
    0.0000   15.0000    7.500015629.3057   20.7582
    7.5000   15.0000    7.500014883.3320   20.7336
   -7.5000   22.5000    7.500013803.6475   20.7655
    0.0000   22.5000    7.500014726.6533   20.7317
    7.5000   22.5000    7.500014009.0928   20.6914
   -7.5000   30.0000    7.500012626.9561   20.4800
    0.0000   30.0000    7.500013447.6611   20.4416
    7.5000   30.0000    7.500012825.4990   20.3850
   -7.5000   37.5000    7.500011680.4785   20.4703
    0.0000   37.5000    7.500012413.5654   20.4242
    7.5000   37.5000    7.500011875.8818   20.3684
   -7.5000   45.0000    7.500010334.9355   20.0028
    0.0000   45.0000    7.500010994.0596   19.9550
    7.5000   45.0000    7.500010506.2432   19.9146
   -7.5000  -45.0000   15.000010760.5068   20.7388
    0.0000  -45.0000   15.000011454.3525   20.6838
    7.5000  -45.0000   15.000011129.4268   20.6441
   -7.5000  -37.5000   15.000011542.4492   20.7800
    0.0000  -37.5000   15.000012397.9385   20.7344
    7.5000  -37.5000   15.000012035.6338   20.7061
   -7.5000  -30.0000   15.000012665.3506   20.7997
    0.0000  -30.0000   15.000013624.6289   20.7675
    7.5000  -30.0000   15.000013189.9980   20.7417
   -7.5000  -22.5000   15.000013573.3164   20.7722
    0.0000  -22.5000   15.000014432.5664   20.7442
    7.5000  -22.5000   15.000013991.7461   20.7072
   -7.5000  -15.0000   15.000014242.7363   20.7309
    0.0000  -15.0000   15.000014972.1992   20.6955
    7.5000  -15.0000   15.000014505.0234   20.6464
   -7.5000   -7.5000   15.000014925.0039   20.7173
    0.0000   -7.5000   15.000015638.7744   20.6681
    7.5000   -7.5000   15.000015073.5059   20.6189
   -7.5000    0.0000   15.000015492.6777   20.7388
    0.0000    0.0000   15.000016290.6885   20.6838
    7.5000    0.0000   15.000015599.1494   20.6441
   -7.5000    7.5000   15.000014931.4834   20.7800
    0.0000    7.5000   15.000015816.3594   20.7344
    7.5000    7.5000   15.000015100.2676   20.7061
   -7.5000   15.0000   15.000014183.8076   20.7997
    0.0000   15.0000   15.000015113.8125   20.7675
    7.5000   15.0000   15.000014384.8496   20.7417
   -7.5000   22.5000   15.000013243.9316   20.7627
    0.0000   22.5000   15.000014168.3535   20.7346
    7.5000   22.5000   15.000013485.0996   20.6976
   -7.5000   30.0000   15.000012055.1973   20.4627
    0.0000   30.0000   15.000012871.1533   20.4277
    7.5000   30.0000   15.000012283.6436   20.3792
   -7.5000   37.5000   15.000011124.7891   20.4491
    0.0000   37.5000   15.000011913.4443   20.4006
    7.5000   37.5000   15.000011384.7041   20.3521
   -7.5000   45.0000   15.0000 9861.9365   19.9898
    0.0000   45.0000   15.000010548.4424   19.9368
    7.5000   45.0000   15.000010094.2002   19.8986
   -7.5000  -45.0000   22.500010203.0039   20.7242
    0.0000  -45.0000   22.500010830.8564   20.6672
    7.5000  -45.0000   22.500010519.2520   20.6233
   -7.5000  -37.5000   22.500010902.2480   20.7563
    0.0000  -37.5000   22.500011631.3789   20.7161
    7.5000  -37.5000   22.500011265.9727   20.6841
   -7.5000  -30.0000   22.500011864.2568   20.7772
    0.0000  -30.0000   22.500012704.6816   20.7492
    7.5000  -30.0000   22.500012334.8818   20.7236
   -7.5000  -22.5000   22.500012727.5244   20.7596
    0.0000  -22.5000   22.500013725.0391   20.7260
    7.5000  -22.5000   22.500013362.5713   20.6944
   -7.5000  -15.0000   22.500013451.7373   20.7273
    0.0000  -15.0000   22.500014513.3281   20.6780
    7.5000  -15.0000   22.500014100.6621   20.6356
   -7.5000   -7.5000   22.500014091.9912   20.7128
    0.0000   -7.5000   22.500015147.7734   20.6524
    7.5000   -7.5000   22.500014612.5918   20.6040
   -7.5000    0.0000   22.500014639.8457   20.7242
    0.0000    0.0000   22.500015691.3320   20.6672
    7.5000    0.0000   22.500015058.0283   20.6233
   -7.5000    7.5000   22.500014110.6436   20.7563
    0.0000    7.5000   22.500015080.1260   20.7161
    7.5000    7.5000   22.500014454.0576   20.6841
   -7.5000   15.0000   22.500013389.8086   20.7772
    0.0000   15.0000   22.500014298.8350   20.7492
    7.5000   15.0000   22.500013682.0303   20.7236
   -7.5000   22.5000   22.500012466.5645   20.7501
    0.0000   22.5000   22.500013304.1934   20.7165
    7.5000   22.5000   22.500012741.4238   20.6849
   -7.5000   30.0000   22.500011335.6689   20.4591
    0.0000   30.0000   22.500012072.9824   20.4104
    7.5000   30.0000   22.500011582.0312   20.3685
   -7.5000   37.5000   22.500010528.5469   20.4447
    0.0000   37.5000   22.500011215.8232   20.3851
    7.5000   37.5000   22.500010791.5596   20.3374
   -7.5000   45.0000   22.5000 9364.3838   19.9758
    0.0000   45.0000   22.5000 9970.2363   19.9208
    7.5000   45.0000   22.5000 9603.1582   19.8785
   -7.5000  -45.0000   30.0000 9532.9785   20.7228
    0.0000  -45.0000   30.000010115.7607   20.6704
    7.5000  -45.0000   30.0000 9767.1406   20.6196
   -7.5000  -37.5000   30.000010152.8545   20.7335
    0.0000  -37.5000   30.000010786.0244   20.7019
    7.5000  -37.5000   30.000010399.6758   20.6666
   -7.5000  -30.0000   30.000011035.2754   20.7493
    0.0000  -30.0000   30.000011724.1270   20.7243
    7.5000  -30.0000   30.000011332.6953   20.6999
   -7.5000  -22.5000   30.000011835.8652   20.7496
    0.0000  -22.5000   30.000012629.3311   20.7081
    7.5000  -22.5000   30.000012223.1279   20.6797
   -7.5000  -15.0000   30.000012504.9277   20.7394
    0.0000  -15.0000   30.000013384.6113   20.6771
    7.5000  -15.0000   30.000012947.7627   20.6349
   -7.5000   -7.5000   30.000013122.9316   20.7284
    0.0000   -7.5000   30.000014038.1338   20.6618
    7.5000   -7.5000   30.000013575.8340   20.6081
   -7.5000    0.0000   30.000013647.7188   20.7228
    0.0000    0.0000   30.000014531.9375   20.6704
    7.5000    0.0000   30.000014075.4932   20.6196
   -7.5000    7.5000   30.000013165.4883   20.7335
    0.0000    7.5000   30.000014023.6572   20.7019
    7.5000    7.5000   30.000013554.0986   20.6666
   -7.5000   15.0000   30.000012477.6367   20.7493
    0.0000   15.0000   30.000013281.5889   20.7243
    7.5000   15.0000   30.000012834.7520   20.6999
   -7.5000   22.5000   30.000011580.0029   20.7401
    0.0000   22.5000   30.000012272.8174   20.6985
    7.5000   22.5000   30.000011857.5859   20.6701
   -7.5000   30.0000   30.000010526.0811   20.4710
    0.0000   30.0000   30.000011139.8076   20.4095
    7.5000   30.0000   30.000010759.5225   20.3678
   -7.5000   37.5000   30.0000 9826.4502   20.4601
    0.0000   37.5000   30.000010395.5039   20.3944
    7.5000   37.5000   30.000010038.1758   20.3414
   -7.5000   45.0000   30.0000 8732.4473   19.9743
    0.0000   45.0000   30.0000 9246.7617   19.9239
    7.5000   45.0000   30.0000 8929.2158   19.8749
   -7.5000  -45.0000   37.5000 9153.2598   20.7856
    0.0000  -45.0000   37.5000 9665.9092   20.7389
    7.5000  -45.0000   37.5000 9316.5068   20.6839
   -7.5000  -37.5000   37.5000 9714.9092   20.7842
    0.0000  -37.5000   37.500010214.2812   20.7552
    7.5000  -37.5000   37.5000 9866.1973   20.7190
   -7.5000  -30.0000   37.500010549.3047   20.7919
    0.0000  -30.0000   37.500011070.1934   20.7652
    7.5000  -30.0000   37.500010699.6182   20.7406
   -7.5000  -22.5000   37.500011292.2783   20.7988
    0.0000  -22.5000   37.500011855.9629   20.7541
    7.5000  -22.5000   37.500011486.1973   20.7216
   -7.5000  -15.0000   37.500011910.4941   20.8017
    0.0000  -15.0000   37.500012552.8809   20.7388
    7.5000  -15.0000   37.500012162.9902   20.6876
   -7.5000   -7.5000   37.500012498.3047   20.7964
    0.0000   -7.5000   37.500013176.8633   20.7337
    7.5000   -7.5000   37.500012759.8789   20.6714
   -7.5000    0.0000   37.500013045.6533   20.7856
    0.0000    0.0000   37.500013765.1914   20.7389
    7.5000    0.0000   37.500013328.2803   20.6839
   -7.5000    7.5000   37.500012598.8389   20.7842
    0.0000    7.5000   37.500013326.1846   20.7552
    7.5000    7.5000   37.500012883.2949   20.7190
   -7.5000   15.0000   37.500011938.4893   20.7919
    0.0000   15.0000   37.500012635.3916   20.7652
    7.5000   15.0000   37.500012220.2500   20.7406
   -7.5000   22.5000   37.500011073.0674   20.7892
    0.0000   22.5000   37.500011723.2100   20.7446
    7.5000   22.5000   37.500011324.2354   20.7121
   -7.5000   30.0000   37.500010083.2354   20.5325
    0.0000   30.0000   37.500010653.1758   20.4704
    7.5000   30.0000   37.500010293.8418   20.4198
   -7.5000   37.5000   37.5000 9410.4668   20.5272
    0.0000   37.5000   37.5000 9919.4092   20.4653
    7.5000   37.5000   37.5000 9592.4922   20.4039
   -7.5000   45.0000   37.5000 8365.2920   20.0349
    0.0000   45.0000   37.5000 8824.8828   19.9899
    7.5000   45.0000   37.5000 8532.7295   19.9369
   -7.5000  -45.0000   45.0000 8383.0068   20.9487
    0.0000  -45.0000   45.0000 8798.3047   20.9021
    7.5000  -45.0000   45.0000 8496.3438   20.8497
   -7.5000  -37.5000   45.0000 8854.2471   20.9559
    0.0000  -37.5000   45.0000 9267.7412   20.9202
    7.5000  -37.5000   45.0000 8963.6211   20.8872
   -7.5000  -30.0000   45.0000 9589.9365   20.9627
    0.0000  -30.0000   45.000010033.6064   20.9294
    7.5000  -30.0000   45.0000 9694.0557   20.9036
   -7.5000  -22.5000   45.000010246.0723   20.9610
    0.0000  -22.5000   45.000010728.4092   20.9176
    7.5000  -22.5000   45.000010361.0498   20.8772
   -7.5000  -15.0000   45.000010830.0010   20.9560
    0.0000  -15.0000   45.000011362.0156   20.9016
    7.5000  -15.0000   45.000010977.2783   20.8399
   -7.5000   -7.5000   45.000011384.3613   20.9505
    0.0000   -7.5000   45.000011950.5205   20.8953
    7.5000   -7.5000   45.000011534.0234   20.8288
   -7.5000    0.0000   45.000011876.0137   20.9487
    0.0000    0.0000   45.000012489.4307   20.9021
    7.5000    0.0000   45.000012041.1826   20.8497
   -7.5000    7.5000   45.000011516.7070   20.9559
    0.0000    7.5000   45.000012117.1934   20.9202
    7.5000    7.5000   45.000011658.8174   20.8872
   -7.5000   15.0000   45.000010921.8535   20.9627
    0.0000   15.0000   45.000011490.7070   20.9294
    7.5000   15.0000   45.000011051.6113   20.9036
   -7.5000   22.5000   45.000010142.9346   20.9513
    0.0000   22.5000   45.000010674.6816   20.9079
    7.5000   22.5000   45.000010270.9277   20.8675
   -7.5000   30.0000   45.0000 9257.8213   20.6830
    0.0000   30.0000   45.0000 9743.1182   20.6293
    7.5000   30.0000   45.0000 9379.4863   20.5684
   -7.5000   37.5000   45.0000 8619.3916   20.6775
    0.0000   37.5000   45.0000 9076.9951   20.6231
    7.5000   37.5000   45.0000 8743.5664   20.5574
   -7.5000   45.0000   45.0000 7647.6221   20.2013
    0.0000   45.0000   45.0000 8071.5483   20.1563
    7.5000   45.0000   45.0000 7749.5718   20.1058

---------------------------------------------------------------------
imgreg_4dfp /opt/freesurfer/average/711-2C_as_mni_average_305 /opt/freesurfer/average/711-2B_as_mni_average_305_mask talsrcimg_g11 none talsrcimg_to_711-2C_as_mni_average_305_t4 4355
---------------------------------------------------------------------

freesurfer imgreg_4dfp.c
/opt/freesurfer/average/711-2C_as_mni_average_305.4dfp.img
       256       256       256         1
  1.000000  1.000000  1.000000
orientation T byte_order littleendian
Reading image: /opt/freesurfer/average/711-2C_as_mni_average_305.4dfp.img
dimensions:      256       256       256
mmppix:       1.0000   -1.0000   -1.0000
center:     128.0000 -129.0000 -129.0000
/opt/freesurfer/average/711-2B_as_mni_average_305_mask.4dfp.img
       256       256       256         1
  1.000000  1.000000  1.000000
orientation T byte_order littleendian
Reading mask: /opt/freesurfer/average/711-2B_as_mni_average_305_mask.4dfp.img (2306576 pixels)
talsrcimg_g11.4dfp.img
       256       256       256         1
  1.000000  1.000000  1.000000
orientation T byte_order littleendian
Reading image: talsrcimg_g11.4dfp.img
dimensions:      256       256       256
mmppix:       1.0000   -1.0000   -1.0000
center:     128.0000 -129.0000 -129.0000
rotation matrix determinant  1.000000
image alignment mode   4355 decimal     1103 hex
   -7.5000  -45.0000  -45.0000 2039.0172   22.6293
    0.0000  -45.0000  -45.0000 2054.0054   22.4198
    7.5000  -45.0000  -45.0000 2051.2009   22.3013
   -7.5000  -37.5000  -45.0000 2112.2407   20.7367
    0.0000  -37.5000  -45.0000 2127.8813   20.5249
    7.5000  -37.5000  -45.0000 2132.1833   20.4504
   -7.5000  -30.0000  -45.0000 2160.2769   19.3118
    0.0000  -30.0000  -45.0000 2174.5298   19.1280
    7.5000  -30.0000  -45.0000 2178.8860   19.1044
   -7.5000  -22.5000  -45.0000 2187.2871   18.3873
    0.0000  -22.5000  -45.0000 2206.4268   18.1356
    7.5000  -22.5000  -45.0000 2214.0117   18.1425
   -7.5000  -15.0000  -45.0000 2202.6904   17.8364
    0.0000  -15.0000  -45.0000 2227.3137   17.5716
    7.5000  -15.0000  -45.0000 2231.5942   17.6024
   -7.5000   -7.5000  -45.0000 2198.7463   17.5929
    0.0000   -7.5000  -45.0000 2223.9880   17.3303
    7.5000   -7.5000  -45.0000 2228.6304   17.3802
   -7.5000    0.0000  -45.0000 2181.7625   17.8132
    0.0000    0.0000  -45.0000 2201.4705   17.5015
    7.5000    0.0000  -45.0000 2203.4780   17.5257
   -7.5000    7.5000  -45.0000 2141.2781   18.3231
    0.0000    7.5000  -45.0000 2161.1355   18.0073
    7.5000    7.5000  -45.0000 2165.0757   17.9973
   -7.5000   15.0000  -45.0000 2085.7229   19.2583
    0.0000   15.0000  -45.0000 2104.8120   18.8701
    7.5000   15.0000  -45.0000 2108.3518   18.9018
   -7.5000   22.5000  -45.0000 2008.5597   20.6135
    0.0000   22.5000  -45.0000 2030.4114   20.1656
    7.5000   22.5000  -45.0000 2031.5482   20.2041
   -7.5000   30.0000  -45.0000 1908.0977   22.5237
    0.0000   30.0000  -45.0000 1929.8955   22.0103
    7.5000   30.0000  -45.0000 1929.9838   21.9683
   -7.5000   37.5000  -45.0000 1796.2900   25.0229
    0.0000   37.5000  -45.0000 1822.0812   24.4946
    7.5000   37.5000  -45.0000 1819.5256   24.3944
   -7.5000   45.0000  -45.0000 1666.0806   28.3367
    0.0000   45.0000  -45.0000 1689.2224   27.7646
    7.5000   45.0000  -45.0000 1692.5461   27.7091
   -7.5000  -45.0000  -37.5000 2130.1921   20.7818
    0.0000  -45.0000  -37.5000 2151.5603   20.5760
    7.5000  -45.0000  -37.5000 2150.7512   20.4864
   -7.5000  -37.5000  -37.5000 2206.3762   19.0456
    0.0000  -37.5000  -37.5000 2225.4976   18.9040
    7.5000  -37.5000  -37.5000 2224.5012   18.8028
   -7.5000  -30.0000  -37.5000 2260.0535   17.7249
    0.0000  -30.0000  -37.5000 2283.3584   17.5834
    7.5000  -30.0000  -37.5000 2283.0859   17.4950
   -7.5000  -22.5000  -37.5000 2290.4316   16.8258
    0.0000  -22.5000  -37.5000 2313.8320   16.6445
    7.5000  -22.5000  -37.5000 2319.1975   16.5748
   -7.5000  -15.0000  -37.5000 2309.0337   16.3150
    0.0000  -15.0000  -37.5000 2329.3530   16.1111
    7.5000  -15.0000  -37.5000 2338.8755   16.1163
   -7.5000   -7.5000  -37.5000 2301.0769   16.1100
    0.0000   -7.5000  -37.5000 2326.7317   15.8795
    7.5000   -7.5000  -37.5000 2337.3574   15.8819
   -7.5000    0.0000  -37.5000 2279.6545   16.2664
    0.0000    0.0000  -37.5000 2308.3098   16.0164
    7.5000    0.0000  -37.5000 2314.4180   15.9995
   -7.5000    7.5000  -37.5000 2240.7397   16.7587
    0.0000    7.5000  -37.5000 2267.4404   16.4915
    7.5000    7.5000  -37.5000 2275.4277   16.5109
   -7.5000   15.0000  -37.5000 2182.9167   17.6630
    0.0000   15.0000  -37.5000 2207.6580   17.3717
    7.5000   15.0000  -37.5000 2213.6843   17.4366
   -7.5000   22.5000  -37.5000 2107.4338   19.0112
    0.0000   22.5000  -37.5000 2131.8745   18.6673
    7.5000   22.5000  -37.5000 2135.6812   18.6964
   -7.5000   30.0000  -37.5000 1999.4396   20.8478
    0.0000   30.0000  -37.5000 2022.5347   20.3999
    7.5000   30.0000  -37.5000 2024.0247   20.3948
   -7.5000   37.5000  -37.5000 1877.9634   23.1897
    0.0000   37.5000  -37.5000 1899.1646   22.7456
    7.5000   37.5000  -37.5000 1897.5557   22.6871
   -7.5000   45.0000  -37.5000 1733.0221   26.3103
    0.0000   45.0000  -37.5000 1751.0859   25.7847
    7.5000   45.0000  -37.5000 1751.8464   25.6924
   -7.5000  -45.0000  -30.0000 2254.2188   19.8162
    0.0000  -45.0000  -30.0000 2278.1013   19.5599
    7.5000  -45.0000  -30.0000 2281.0083   19.4931
   -7.5000  -37.5000  -30.0000 2334.9878   18.1534
    0.0000  -37.5000  -30.0000 2360.2336   17.9805
    7.5000  -37.5000  -30.0000 2364.2141   17.8940
   -7.5000  -30.0000  -30.0000 2390.5107   16.9083
    0.0000  -30.0000  -30.0000 2428.7622   16.7201
    7.5000  -30.0000  -30.0000 2429.5022   16.6501
   -7.5000  -22.5000  -30.0000 2434.1562   15.9419
    0.0000  -22.5000  -30.0000 2467.8577   15.7986
    7.5000  -22.5000  -30.0000 2472.0312   15.7298
   -7.5000  -15.0000  -30.0000 2459.7295   15.4397
    0.0000  -15.0000  -30.0000 2491.8462   15.2627
    7.5000  -15.0000  -30.0000 2498.0959   15.2203
   -7.5000   -7.5000  -30.0000 2451.5354   15.2587
    0.0000   -7.5000  -30.0000 2483.0090   15.0758
    7.5000   -7.5000  -30.0000 2490.7993   15.0039
   -7.5000    0.0000  -30.0000 2424.3765   15.3908
    0.0000    0.0000  -30.0000 2455.4417   15.1605
    7.5000    0.0000  -30.0000 2465.6470   15.1299
   -7.5000    7.5000  -30.0000 2386.1248   15.9766
    0.0000    7.5000  -30.0000 2417.4636   15.6935
    7.5000    7.5000  -30.0000 2427.8555   15.7335
   -7.5000   15.0000  -30.0000 2324.1458   16.9026
    0.0000   15.0000  -30.0000 2356.3777   16.6497
    7.5000   15.0000  -30.0000 2364.6858   16.7172
   -7.5000   22.5000  -30.0000 2237.1440   18.2629
    0.0000   22.5000  -30.0000 2268.3289   17.9485
    7.5000   22.5000  -30.0000 2274.0505   18.0307
   -7.5000   30.0000  -30.0000 2120.8547   20.0137
    0.0000   30.0000  -30.0000 2145.1287   19.6653
    7.5000   30.0000  -30.0000 2150.2415   19.7100
   -7.5000   37.5000  -30.0000 1984.0054   22.3253
    0.0000   37.5000  -30.0000 2009.8771   21.9280
    7.5000   37.5000  -30.0000 2008.4795   21.9355
   -7.5000   45.0000  -30.0000 1833.2554   25.2426
    0.0000   45.0000  -30.0000 1849.5330   24.8004
    7.5000   45.0000  -30.0000 1851.4303   24.7570
   -7.5000  -45.0000  -22.5000 2357.7312   18.7347
    0.0000  -45.0000  -22.5000 2385.0574   18.5003
    7.5000  -45.0000  -22.5000 2388.6606   18.4302
   -7.5000  -37.5000  -22.5000 2442.1243   17.1803
    0.0000  -37.5000  -22.5000 2468.8149   16.9450
    7.5000  -37.5000  -22.5000 2477.0891   16.8948
   -7.5000  -30.0000  -22.5000 2505.4470   15.9527
    0.0000  -30.0000  -22.5000 2544.8110   15.7554
    7.5000  -30.0000  -22.5000 2547.6223   15.6996
   -7.5000  -22.5000  -22.5000 2550.7283   15.0494
    0.0000  -22.5000  -22.5000 2593.6711   14.8658
    7.5000  -22.5000  -22.5000 2596.4282   14.7995
   -7.5000  -15.0000  -22.5000 2581.2178   14.5004
    0.0000  -15.0000  -22.5000 2622.8088   14.3486
    7.5000  -15.0000  -22.5000 2621.0400   14.2671
   -7.5000   -7.5000  -22.5000 2571.5647   14.2749
    0.0000   -7.5000  -22.5000 2608.9866   14.0981
    7.5000   -7.5000  -22.5000 2612.4514   14.0337
   -7.5000    0.0000  -22.5000 2549.4724   14.4708
    0.0000    0.0000  -22.5000 2584.0396   14.2371
    7.5000    0.0000  -22.5000 2595.4941   14.2353
   -7.5000    7.5000  -22.5000 2508.7705   15.0855
    0.0000    7.5000  -22.5000 2546.0857   14.8301
    7.5000    7.5000  -22.5000 2557.4822   14.8759
   -7.5000   15.0000  -22.5000 2438.4019   16.0669
    0.0000   15.0000  -22.5000 2476.1782   15.8034
    7.5000   15.0000  -22.5000 2489.6624   15.8742
   -7.5000   22.5000  -22.5000 2338.6758   17.3911
    0.0000   22.5000  -22.5000 2377.9263   17.1195
    7.5000   22.5000  -22.5000 2387.0298   17.1992
   -7.5000   30.0000  -22.5000 2211.1492   19.1276
    0.0000   30.0000  -22.5000 2244.9221   18.7983
    7.5000   30.0000  -22.5000 2250.2246   18.8794
   -7.5000   37.5000  -22.5000 2060.9734   21.2907
    0.0000   37.5000  -22.5000 2086.5972   20.9403
    7.5000   37.5000  -22.5000 2092.2185   20.9765
   -7.5000   45.0000  -22.5000 1900.9211   24.0483
    0.0000   45.0000  -22.5000 1921.2054   23.6485
    7.5000   45.0000  -22.5000 1927.1210   23.6959
   -7.5000  -45.0000  -15.0000 2427.9285   17.7810
    0.0000  -45.0000  -15.0000 2457.9285   17.5408
    7.5000  -45.0000  -15.0000 2467.1680   17.4801
   -7.5000  -37.5000  -15.0000 2518.1812   16.2544
    0.0000  -37.5000  -15.0000 2545.6155   16.0429
    7.5000  -37.5000  -15.0000 2559.9312   15.9779
   -7.5000  -30.0000  -15.0000 2593.9219   15.1134
    0.0000  -30.0000  -15.0000 2626.1343   14.8729
    7.5000  -30.0000  -15.0000 2633.8831   14.8364
   -7.5000  -22.5000  -15.0000 2642.7859   14.2022
    0.0000  -22.5000  -15.0000 2685.3357   14.0160
    7.5000  -22.5000  -15.0000 2686.9187   13.9482
   -7.5000  -15.0000  -15.0000 2666.7134   13.5545
    0.0000  -15.0000  -15.0000 2709.0215   13.4103
    7.5000  -15.0000  -15.0000 2705.7666   13.3338
   -7.5000   -7.5000  -15.0000 2664.9373   13.3706
    0.0000   -7.5000  -15.0000 2696.7927   13.1368
    7.5000   -7.5000  -15.0000 2702.0464   13.1218
   -7.5000    0.0000  -15.0000 2648.8364   13.6754
    0.0000    0.0000  -15.0000 2686.1143   13.3829
    7.5000    0.0000  -15.0000 2695.8289   13.4109
   -7.5000    7.5000  -15.0000 2606.6399   14.3076
    0.0000    7.5000  -15.0000 2643.8279   14.0374
    7.5000    7.5000  -15.0000 2655.8865   14.0493
   -7.5000   15.0000  -15.0000 2521.9832   15.2743
    0.0000   15.0000  -15.0000 2564.9294   15.0220
    7.5000   15.0000  -15.0000 2573.8186   15.0483
   -7.5000   22.5000  -15.0000 2414.0010   16.6027
    0.0000   22.5000  -15.0000 2456.4011   16.3368
    7.5000   22.5000  -15.0000 2462.7622   16.3708
   -7.5000   30.0000  -15.0000 2279.1667   18.2963
    0.0000   30.0000  -15.0000 2312.0793   17.9916
    7.5000   30.0000  -15.0000 2317.8096   17.9933
   -7.5000   37.5000  -15.0000 2119.6816   20.3930
    0.0000   37.5000  -15.0000 2140.9797   20.0549
    7.5000   37.5000  -15.0000 2150.5017   20.0502
   -7.5000   45.0000  -15.0000 1940.3269   23.0182
    0.0000   45.0000  -15.0000 1959.1250   22.6596
    7.5000   45.0000  -15.0000 1969.1654   22.6836
   -7.5000  -45.0000   -7.5000 2480.2603   16.9833
    0.0000  -45.0000   -7.5000 2511.3582   16.7167
    7.5000  -45.0000   -7.5000 2524.8892   16.6445
   -7.5000  -37.5000   -7.5000 2578.3264   15.5015
    0.0000  -37.5000   -7.5000 2612.8523   15.2577
    7.5000  -37.5000   -7.5000 2627.3623   15.2017
   -7.5000  -30.0000   -7.5000 2658.8889   14.3959
    0.0000  -30.0000   -7.5000 2702.7900   14.1696
    7.5000  -30.0000   -7.5000 2709.3564   14.0938
   -7.5000  -22.5000   -7.5000 2714.4529   13.4479
    0.0000  -22.5000   -7.5000 2763.1125   13.2909
    7.5000  -22.5000   -7.5000 2761.5881   13.1898
   -7.5000  -15.0000   -7.5000 2735.4839   12.7238
    0.0000  -15.0000   -7.5000 2766.3447   12.4788
    7.5000  -15.0000   -7.5000 2771.7908   12.4520
   -7.5000   -7.5000   -7.5000 2748.0942   12.6321
    0.0000   -7.5000   -7.5000 2774.5464   12.2756
    7.5000   -7.5000   -7.5000 2780.9653   12.3038
   -7.5000    0.0000   -7.5000 2729.6387   12.9743
    0.0000    0.0000   -7.5000 2769.8621   12.6315
    7.5000    0.0000   -7.5000 2777.1860   12.6457
   -7.5000    7.5000   -7.5000 2675.3342   13.6487
    0.0000    7.5000   -7.5000 2718.0542   13.3310
    7.5000    7.5000   -7.5000 2727.2239   13.3735
   -7.5000   15.0000   -7.5000 2589.4231   14.6267
    0.0000   15.0000   -7.5000 2628.8872   14.3437
    7.5000   15.0000   -7.5000 2634.2900   14.3771
   -7.5000   22.5000   -7.5000 2473.7854   15.9366
    0.0000   22.5000   -7.5000 2512.3528   15.6469
    7.5000   22.5000   -7.5000 2519.4590   15.6523
   -7.5000   30.0000   -7.5000 2327.2410   17.5732
    0.0000   30.0000   -7.5000 2364.0068   17.2746
    7.5000   30.0000   -7.5000 2369.6768   17.2504
   -7.5000   37.5000   -7.5000 2152.3330   19.6031
    0.0000   37.5000   -7.5000 2180.3489   19.2704
    7.5000   37.5000   -7.5000 2187.1973   19.2365
   -7.5000   45.0000   -7.5000 1965.2549   22.1136
    0.0000   45.0000   -7.5000 1982.7400   21.7786
    7.5000   45.0000   -7.5000 1990.0297   21.7545
   -7.5000  -45.0000    0.0000 2515.9121   16.4330
    0.0000  -45.0000    0.0000 2549.1228   16.1418
    7.5000  -45.0000    0.0000 2565.9473   16.0911
   -7.5000  -37.5000    0.0000 2630.7397   15.0350
    0.0000  -37.5000    0.0000 2667.9556   14.7896
    7.5000  -37.5000    0.0000 2684.5049   14.7303
   -7.5000  -30.0000    0.0000 2722.5366   13.9410
    0.0000  -30.0000    0.0000 2771.4106   13.7702
    7.5000  -30.0000    0.0000 2778.5015   13.6443
   -7.5000  -22.5000    0.0000 2768.4819   12.9306
    0.0000  -22.5000    0.0000 2813.3667   12.7471
    7.5000  -22.5000    0.0000 2811.9519   12.6131
   -7.5000  -15.0000    0.0000 2796.2363   12.2478
    0.0000  -15.0000    0.0000 2809.8887   11.7916
    7.5000  -15.0000    0.0000 2820.1238   11.8085
   -7.5000   -7.5000    0.0000 2810.7341   12.1804
    0.0000   -7.5000    0.0000 2837.2676   11.6970
    7.5000   -7.5000    0.0000 2845.1106   11.7272
   -7.5000    0.0000    0.0000 2789.8591   12.5196
    0.0000    0.0000    0.0000 2821.7773   12.1261
    7.5000    0.0000    0.0000 2836.0203   12.1507
   -7.5000    7.5000    0.0000 2726.1953   13.2200
    0.0000    7.5000    0.0000 2759.7097   12.8783
    7.5000    7.5000    0.0000 2770.2854   12.9045
   -7.5000   15.0000    0.0000 2629.6094   14.2381
    0.0000   15.0000    0.0000 2660.6182   13.9185
    7.5000   15.0000    0.0000 2670.0737   13.9240
   -7.5000   22.5000    0.0000 2505.7559   15.5502
    0.0000   22.5000    0.0000 2543.8357   15.2134
    7.5000   22.5000    0.0000 2547.9446   15.1920
   -7.5000   30.0000    0.0000 2357.4614   17.1311
    0.0000   30.0000    0.0000 2395.2378   16.7626
    7.5000   30.0000    0.0000 2397.2097   16.7344
   -7.5000   37.5000    0.0000 2172.5112   19.0711
    0.0000   37.5000    0.0000 2201.0728   18.7119
    7.5000   37.5000    0.0000 2211.1721   18.6659
   -7.5000   45.0000    0.0000 1975.6609   21.5293
    0.0000   45.0000    0.0000 2003.2988   21.1609
    7.5000   45.0000    0.0000 2004.4980   21.1554
   -7.5000  -45.0000    7.5000 2546.9485   16.1408
    0.0000  -45.0000    7.5000 2582.2136   15.8070
    7.5000  -45.0000    7.5000 2589.9092   15.8460
   -7.5000  -37.5000    7.5000 2666.3308   14.7841
    0.0000  -37.5000    7.5000 2705.8110   14.5492
    7.5000  -37.5000    7.5000 2718.1799   14.5440
   -7.5000  -30.0000    7.5000 2765.7954   13.7191
    0.0000  -30.0000    7.5000 2819.7261   13.5438
    7.5000  -30.0000    7.5000 2822.6094   13.4630
   -7.5000  -22.5000    7.5000 2810.8208   12.7439
    0.0000  -22.5000    7.5000 2849.6562   12.3165
    7.5000  -22.5000    7.5000 2843.5281   12.2724
   -7.5000  -15.0000    7.5000 2834.4841   12.1180
    0.0000  -15.0000    7.5000 2846.6262   11.4956
    7.5000  -15.0000    7.5000 2847.8667   11.5744
   -7.5000   -7.5000    7.5000 2847.7507   12.0072
    0.0000   -7.5000    7.5000 2867.2656   11.4810
    7.5000   -7.5000    7.5000 2875.8076   11.5150
   -7.5000    0.0000    7.5000 2816.6494   12.3510
    0.0000    0.0000    7.5000 2842.4124   11.9038
    7.5000    0.0000    7.5000 2854.9382   11.9163
   -7.5000    7.5000    7.5000 2746.4927   13.0561
    0.0000    7.5000    7.5000 2774.1047   12.6780
    7.5000    7.5000    7.5000 2784.5886   12.6778
   -7.5000   15.0000    7.5000 2640.9395   14.0966
    0.0000   15.0000    7.5000 2673.5017   13.7125
    7.5000   15.0000    7.5000 2680.1108   13.7170
   -7.5000   22.5000    7.5000 2521.9443   15.3833
    0.0000   22.5000    7.5000 2555.5571   14.9815
    7.5000   22.5000    7.5000 2558.4639   14.9756
   -7.5000   30.0000    7.5000 2374.3120   16.9509
    0.0000   30.0000    7.5000 2399.4038   16.5560
    7.5000   30.0000    7.5000 2403.6938   16.5067
   -7.5000   37.5000    7.5000 2182.3557   18.8433
    0.0000   37.5000    7.5000 2204.1494   18.4361
    7.5000   37.5000    7.5000 2212.7268   18.4217
   -7.5000   45.0000    7.5000 1988.7793   21.2953
    0.0000   45.0000    7.5000 2013.8142   20.8161
    7.5000   45.0000    7.5000 2020.1381   20.8253
   -7.5000  -45.0000   15.0000 2563.6948   16.1609
    0.0000  -45.0000   15.0000 2598.7493   15.8380
    7.5000  -45.0000   15.0000 2606.7346   15.9384
   -7.5000  -37.5000   15.0000 2679.4739   14.8092
    0.0000  -37.5000   15.0000 2717.9956   14.5543
    7.5000  -37.5000   15.0000 2725.7095   14.6130
   -7.5000  -30.0000   15.0000 2766.5767   13.7336
    0.0000  -30.0000   15.0000 2809.8091   13.4140
    7.5000  -30.0000   15.0000 2808.5530   13.4160
   -7.5000  -22.5000   15.0000 2817.8594   12.8731
    0.0000  -22.5000   15.0000 2850.7483   12.4080
    7.5000  -22.5000   15.0000 2853.6326   12.4808
   -7.5000  -15.0000   15.0000 2836.9609   12.2511
    0.0000  -15.0000   15.0000 2858.4148   11.7759
    7.5000  -15.0000   15.0000 2857.2922   11.8939
   -7.5000   -7.5000   15.0000 2844.2629   12.1806
    0.0000   -7.5000   15.0000 2857.7786   11.7397
    7.5000   -7.5000   15.0000 2855.9202   11.7831
   -7.5000    0.0000   15.0000 2802.6667   12.4729
    0.0000    0.0000   15.0000 2823.4917   12.1052
    7.5000    0.0000   15.0000 2823.9351   12.0895
   -7.5000    7.5000   15.0000 2727.8411   13.1196
    0.0000    7.5000   15.0000 2755.8650   12.7780
    7.5000    7.5000   15.0000 2760.5425   12.7524
   -7.5000   15.0000   15.0000 2624.0347   14.0746
    0.0000   15.0000   15.0000 2658.5293   13.7523
    7.5000   15.0000   15.0000 2659.4907   13.7320
   -7.5000   22.5000   15.0000 2504.1602   15.3141
    0.0000   22.5000   15.0000 2538.4241   15.0080
    7.5000   22.5000   15.0000 2537.7793   14.9788
   -7.5000   30.0000   15.0000 2349.7939   16.8726
    0.0000   30.0000   15.0000 2371.5208   16.5604
    7.5000   30.0000   15.0000 2375.3535   16.5232
   -7.5000   37.5000   15.0000 2167.5652   18.8128
    0.0000   37.5000   15.0000 2189.9658   18.4715
    7.5000   37.5000   15.0000 2195.8291   18.4278
   -7.5000   45.0000   15.0000 1991.8497   21.2676
    0.0000   45.0000   15.0000 2019.5321   20.8678
    7.5000   45.0000   15.0000 2025.8920   20.8141
   -7.5000  -45.0000   22.5000 2562.2275   16.4635
    0.0000  -45.0000   22.5000 2594.7412   16.1113
    7.5000  -45.0000   22.5000 2604.6104   16.2605
   -7.5000  -37.5000   22.5000 2669.1553   15.1200
    0.0000  -37.5000   22.5000 2704.4646   14.8248
    7.5000  -37.5000   22.5000 2710.8899   14.8887
   -7.5000  -30.0000   22.5000 2740.8752   14.0298
    0.0000  -30.0000   22.5000 2771.2275   13.6690
    7.5000  -30.0000   22.5000 2776.9802   13.7211
   -7.5000  -22.5000   22.5000 2782.3953   13.1505
    0.0000  -22.5000   22.5000 2829.4648   12.8846
    7.5000  -22.5000   22.5000 2833.7397   13.0248
   -7.5000  -15.0000   22.5000 2811.5149   12.6848
    0.0000  -15.0000   22.5000 2847.8103   12.4840
    7.5000  -15.0000   22.5000 2849.6882   12.6163
   -7.5000   -7.5000   22.5000 2795.6599   12.5981
    0.0000   -7.5000   22.5000 2822.2859   12.3728
    7.5000   -7.5000   22.5000 2822.5876   12.4261
   -7.5000    0.0000   22.5000 2747.3823   12.8415
    0.0000    0.0000   22.5000 2772.3503   12.6020
    7.5000    0.0000   22.5000 2772.9260   12.5812
   -7.5000    7.5000   22.5000 2680.4941   13.4098
    0.0000    7.5000   22.5000 2702.6582   13.1613
    7.5000    7.5000   22.5000 2701.5354   13.1302
   -7.5000   15.0000   22.5000 2581.9136   14.3045
    0.0000   15.0000   22.5000 2611.4619   14.0314
    7.5000   15.0000   22.5000 2606.6001   14.0199
   -7.5000   22.5000   22.5000 2461.0427   15.5449
    0.0000   22.5000   22.5000 2490.1348   15.2323
    7.5000   22.5000   22.5000 2491.6772   15.2124
   -7.5000   30.0000   22.5000 2302.8865   17.0975
    0.0000   30.0000   22.5000 2327.8860   16.7620
    7.5000   30.0000   22.5000 2335.2126   16.7408
   -7.5000   37.5000   22.5000 2140.0906   19.0559
    0.0000   37.5000   22.5000 2170.3149   18.6985
    7.5000   37.5000   22.5000 2175.3232   18.6860
   -7.5000   45.0000   22.5000 1981.3657   21.4789
    0.0000   45.0000   22.5000 2009.9910   21.1192
    7.5000   45.0000   22.5000 2018.8319   21.1302
   -7.5000  -45.0000   30.0000 2537.1558   17.0625
    0.0000  -45.0000   30.0000 2576.2722   16.6666
    7.5000  -45.0000   30.0000 2576.8938   16.8148
   -7.5000  -37.5000   30.0000 2635.0066   15.6937
    0.0000  -37.5000   30.0000 2674.1909   15.3105
    7.5000  -37.5000   30.0000 2673.2988   15.3973
   -7.5000  -30.0000   30.0000 2695.5479   14.5855
    0.0000  -30.0000   30.0000 2733.2864   14.2243
    7.5000  -30.0000   30.0000 2739.5713   14.3852
   -7.5000  -22.5000   30.0000 2734.9475   13.7767
    0.0000  -22.5000   30.0000 2780.2456   13.5429
    7.5000  -22.5000   30.0000 2786.5078   13.7084
   -7.5000  -15.0000   30.0000 2751.6250   13.3678
    0.0000  -15.0000   30.0000 2794.3127   13.1720
    7.5000  -15.0000   30.0000 2797.1272   13.2924
   -7.5000   -7.5000   30.0000 2732.5234   13.2802
    0.0000   -7.5000   30.0000 2773.5010   13.0862
    7.5000   -7.5000   30.0000 2771.8511   13.1463
   -7.5000    0.0000   30.0000 2677.2576   13.4839
    0.0000    0.0000   30.0000 2708.1792   13.2873
    7.5000    0.0000   30.0000 2713.8008   13.3592
   -7.5000    7.5000   30.0000 2603.5962   14.0300
    0.0000    7.5000   30.0000 2634.8269   13.8090
    7.5000    7.5000   30.0000 2640.3452   13.8989
   -7.5000   15.0000   30.0000 2511.9260   14.8767
    0.0000   15.0000   30.0000 2538.0237   14.6166
    7.5000   15.0000   30.0000 2541.6367   14.6714
   -7.5000   22.5000   30.0000 2395.4158   16.0310
    0.0000   22.5000   30.0000 2413.3787   15.7216
    7.5000   22.5000   30.0000 2419.8276   15.7699
   -7.5000   30.0000   30.0000 2243.1812   17.5829
    0.0000   30.0000   30.0000 2268.9387   17.2317
    7.5000   30.0000   30.0000 2273.6890   17.2734
   -7.5000   37.5000   30.0000 2105.1992   19.5474
    0.0000   37.5000   30.0000 2131.0349   19.1870
    7.5000   37.5000   30.0000 2132.5110   19.1967
   -7.5000   45.0000   30.0000 1955.1405   22.0699
    0.0000   45.0000   30.0000 1977.6995   21.7189
    7.5000   45.0000   30.0000 1982.0789   21.7023
   -7.5000  -45.0000   37.5000 2494.4507   17.8726
    0.0000  -45.0000   37.5000 2530.2419   17.4136
    7.5000  -45.0000   37.5000 2529.2368   17.5593
   -7.5000  -37.5000   37.5000 2580.2949   16.4766
    0.0000  -37.5000   37.5000 2614.9395   15.9761
    7.5000  -37.5000   37.5000 2616.2720   16.1590
   -7.5000  -30.0000   37.5000 2643.1677   15.3940
    0.0000  -30.0000   37.5000 2679.7498   14.9492
    7.5000  -30.0000   37.5000 2680.1248   15.1805
   -7.5000  -22.5000   37.5000 2674.4495   14.6375
    0.0000  -22.5000   37.5000 2714.2000   14.2532
    7.5000  -22.5000   37.5000 2715.8689   14.4804
   -7.5000  -15.0000   37.5000 2677.9009   14.2526
    0.0000  -15.0000   37.5000 2720.8413   13.9127
    7.5000  -15.0000   37.5000 2719.5771   14.0754
   -7.5000   -7.5000   37.5000 2654.1978   14.1174
    0.0000   -7.5000   37.5000 2693.1909   13.8295
    7.5000   -7.5000   37.5000 2690.1997   13.9210
   -7.5000    0.0000   37.5000 2600.6680   14.3253
    0.0000    0.0000   37.5000 2635.9150   14.0799
    7.5000    0.0000   37.5000 2636.9197   14.1508
   -7.5000    7.5000   37.5000 2521.8860   14.8484
    0.0000    7.5000   37.5000 2559.6235   14.6450
    7.5000    7.5000   37.5000 2559.7747   14.7280
   -7.5000   15.0000   37.5000 2426.5779   15.6623
    0.0000   15.0000   37.5000 2456.8491   15.5007
    7.5000   15.0000   37.5000 2460.9778   15.5715
   -7.5000   22.5000   37.5000 2315.2166   16.8080
    0.0000   22.5000   37.5000 2340.3298   16.6002
    7.5000   22.5000   37.5000 2343.5850   16.6780
   -7.5000   30.0000   37.5000 2187.0454   18.3723
    0.0000   30.0000   37.5000 2204.3940   18.0775
    7.5000   30.0000   37.5000 2210.5815   18.1367
   -7.5000   37.5000   37.5000 2054.9253   20.4093
    0.0000   37.5000   37.5000 2067.7046   20.0846
    7.5000   37.5000   37.5000 2072.8662   20.1159
   -7.5000   45.0000   37.5000 1908.1320   22.9769
    0.0000   45.0000   37.5000 1932.8606   22.6220
    7.5000   45.0000   37.5000 1933.1975   22.6758
   -7.5000  -45.0000   45.0000 2430.2417   18.8287
    0.0000  -45.0000   45.0000 2465.0164   18.3224
    7.5000  -45.0000   45.0000 2462.0103   18.4823
   -7.5000  -37.5000   45.0000 2508.7214   17.4536
    0.0000  -37.5000   45.0000 2543.2971   16.9086
    7.5000  -37.5000   45.0000 2546.5789   17.1459
   -7.5000  -30.0000   45.0000 2562.5825   16.3693
    0.0000  -30.0000   45.0000 2596.2917   15.9368
    7.5000  -30.0000   45.0000 2598.2495   16.1775
   -7.5000  -22.5000   45.0000 2592.5078   15.6198
    0.0000  -22.5000   45.0000 2627.0220   15.2175
    7.5000  -22.5000   45.0000 2626.1279   15.4243
   -7.5000  -15.0000   45.0000 2595.3193   15.2713
    0.0000  -15.0000   45.0000 2633.6782   14.8659
    7.5000  -15.0000   45.0000 2635.4707   15.0130
   -7.5000   -7.5000   45.0000 2571.5398   15.1150
    0.0000   -7.5000   45.0000 2605.6760   14.7810
    7.5000   -7.5000   45.0000 2605.0605   14.8806
   -7.5000    0.0000   45.0000 2513.9414   15.3121
    0.0000    0.0000   45.0000 2548.6580   15.0265
    7.5000    0.0000   45.0000 2547.3394   15.1195
   -7.5000    7.5000   45.0000 2439.4390   15.8677
    0.0000    7.5000   45.0000 2472.4321   15.6286
    7.5000    7.5000   45.0000 2472.2283   15.6976
   -7.5000   15.0000   45.0000 2341.4326   16.7395
    0.0000   15.0000   45.0000 2366.9880   16.5358
    7.5000   15.0000   45.0000 2370.0303   16.5909
   -7.5000   22.5000   45.0000 2231.3999   17.9169
    0.0000   22.5000   45.0000 2254.6541   17.7272
    7.5000   22.5000   45.0000 2259.0535   17.7495
   -7.5000   30.0000   45.0000 2114.0840   19.5264
    0.0000   30.0000   45.0000 2129.4558   19.3344
    7.5000   30.0000   45.0000 2134.7463   19.3338
   -7.5000   37.5000   45.0000 1983.9845   21.5420
    0.0000   37.5000   45.0000 2002.5751   21.3042
    7.5000   37.5000   45.0000 2006.3925   21.3011
   -7.5000   45.0000   45.0000 1844.5667   24.1874
    0.0000   45.0000   45.0000 1867.5901   23.8627
    7.5000   45.0000   45.0000 1861.3694   23.9210

---------------------------------------------------------------------
imgreg_4dfp /opt/freesurfer/average/711-2C_as_mni_average_305 /opt/freesurfer/average/711-2B_as_mni_average_305_mask talsrcimg_g11 none talsrcimg_to_711-2C_as_mni_average_305_t4 1283
---------------------------------------------------------------------

freesurfer imgreg_4dfp.c
/opt/freesurfer/average/711-2C_as_mni_average_305.4dfp.img
       256       256       256         1
  1.000000  1.000000  1.000000
orientation T byte_order littleendian
Reading image: /opt/freesurfer/average/711-2C_as_mni_average_305.4dfp.img
dimensions:      256       256       256
mmppix:       1.0000   -1.0000   -1.0000
center:     128.0000 -129.0000 -129.0000
/opt/freesurfer/average/711-2B_as_mni_average_305_mask.4dfp.img
       256       256       256         1
  1.000000  1.000000  1.000000
orientation T byte_order littleendian
Reading mask: /opt/freesurfer/average/711-2B_as_mni_average_305_mask.4dfp.img (2306576 pixels)
talsrcimg_g11.4dfp.img
       256       256       256         1
  1.000000  1.000000  1.000000
orientation T byte_order littleendian
Reading image: talsrcimg_g11.4dfp.img
dimensions:      256       256       256
mmppix:       1.0000   -1.0000   -1.0000
center:     128.0000 -129.0000 -129.0000
rotation matrix determinant  1.000000
fimgreg.f
image alignment mode   1283 decimal      503 hex
parameters
    7.5000   -7.5000    7.5000    0.0000    0.0000    0.0000
eta,q 0.90270 11.55832
niter,ni,del,rscale     5    3   12.0000    1.2000
parameter  4-10.365275 -> -0.500000 qaram    1.1500
parameter  5  1.602936 ->  0.500000 qaram    1.1500
parameter  6  3.340927 ->  0.500000 qaram    1.1500
parameters
    6.3616   -6.9505    7.5594    3.4500   -3.4500   -3.4500
eta,q 0.90331 11.22712
  0.0998  0.1042  0.1037  0.1042  0.0967  0.0956
  0.1018  0.1010  0.1016  0.1029  0.0973  0.0965
  0.1008  0.0989  0.1015  0.1014  0.0974  0.0972
  0.0982  0.0995  0.1002  0.1001  0.0973  0.0974
  0.0987  0.0992  0.0999  0.0985  0.0978  0.0978
  0.1009  0.0990  0.1015  0.0970  0.0983  0.0988
  0.1058  0.1028  0.1040  0.0962  0.0989  0.0998
niter,ni,del,rscale     7    3   12.0000    1.2000
parameter  5  0.582015 ->  0.500000 qaram    1.3225
parameters
    5.9708   -7.3996    8.2106    3.6638   -7.4175   -3.1617
eta,q 0.90480 11.20738
  0.0980  0.1042  0.1017  0.1020  0.0962  0.0976
  0.0963  0.1018  0.0991  0.0995  0.0951  0.0964
  0.0962  0.0984  0.0982  0.0972  0.0957  0.0956
  0.0967  0.0968  0.0969  0.0964  0.0965  0.0952
  0.0949  0.0975  0.0959  0.0975  0.0964  0.0954
  0.0956  0.1018  0.0971  0.0994  0.0961  0.0961
  0.1003  0.1092  0.1007  0.1010  0.0972  0.0973
niter,ni,del,rscale     7    3   12.0000    1.2000
parameter  6  0.793741 ->  0.500000 qaram    1.3225
parameters
    6.5819   -7.5483    8.4802    3.6299   -4.4486   -7.1292
eta,q 0.90545 11.24268
  0.0993  0.1062  0.1010  0.1021  0.1010  0.0956
  0.0993  0.1020  0.0981  0.0988  0.0981  0.0945
  0.0963  0.0972  0.0964  0.0961  0.0958  0.0951
  0.0952  0.0955  0.0955  0.0954  0.0954  0.0963
  0.0965  0.0970  0.0957  0.0964  0.0962  0.0967
  0.0971  0.1013  0.0976  0.0989  0.0962  0.0972
  0.0987  0.1085  0.1002  0.1021  0.0957  0.0986
niter,ni,del,rscale     7    3   12.0000    1.2000
parameters
    6.2238   -7.7222    8.6275    3.9105   -1.9475   -7.3488
eta,q 0.90564 11.25769
  0.0983  0.1040  0.1008  0.1020  0.0999  0.0973
  0.0973  0.1009  0.0990  0.0990  0.0974  0.0967
  0.0962  0.0969  0.0972  0.0961  0.0958  0.0952
  0.0946  0.0948  0.0949  0.0948  0.0948  0.0944
  0.0943  0.0959  0.0949  0.0960  0.0944  0.0957
  0.0966  0.0997  0.0976  0.0985  0.0944  0.0968
  0.1013  0.1070  0.1016  0.1008  0.0961  0.0974
niter,ni,del,rscale     6    3   12.0000    1.2000
parameters
    5.5667   -8.0464    8.6127    4.5762   -1.2534   -7.6634
eta,q 0.90502 11.24166
  0.0977  0.1025  0.1009  0.1018  0.0985  0.0973
  0.0973  0.1001  0.0991  0.0987  0.0967  0.0970
  0.0964  0.0965  0.0971  0.0960  0.0957  0.0957
  0.0944  0.0949  0.0950  0.0950  0.0951  0.0950
  0.0941  0.0958  0.0947  0.0958  0.0948  0.0960
  0.0971  0.0994  0.0975  0.0974  0.0954  0.0971
  0.1023  0.1064  0.1029  0.0994  0.0979  0.0977
niter,ni,del,rscale     5    3   12.0000    1.2000
parameters
    5.2477   -8.2973    8.6541    5.0886   -0.6029   -7.9030
eta,q 0.90470 11.23092
  0.0982  0.1022  0.1013  0.1015  0.0985  0.0975
  0.0975  0.1007  0.0992  0.0982  0.0969  0.0972
  0.0972  0.0971  0.0972  0.0959  0.0960  0.0962
  0.0950  0.0953  0.0954  0.0953  0.0955  0.0953
  0.0942  0.0962  0.0950  0.0960  0.0950  0.0960
  0.0967  0.0993  0.0975  0.0975  0.0957  0.0972
  0.1013  0.1056  0.1029  0.0996  0.0981  0.0979
niter,ni,del,rscale     4    3   12.0000    1.2000
parameters
    4.9831   -8.4817    8.6054    5.4223   -0.2088   -8.0877
eta,q 0.90434 11.21980
  0.0987  0.1021  0.1012  0.1011  0.0985  0.0976
  0.0977  0.1011  0.0990  0.0979  0.0970  0.0973
  0.0976  0.0977  0.0974  0.0958  0.0961  0.0966
  0.0953  0.0957  0.0957  0.0958  0.0958  0.0956
  0.0943  0.0965  0.0953  0.0962  0.0952  0.0961
  0.0970  0.0993  0.0979  0.0976  0.0960  0.0971
  0.1015  0.1051  0.1031  0.0997  0.0985  0.0982
niter,ni,del,rscale     3    3   12.0000    1.2000
parameters
    4.8494   -8.6688    8.5837    5.6986   -0.0225   -8.1570
eta,q 0.90405 11.21291
  0.0994  0.1017  0.1014  0.1008  0.0985  0.0977
  0.0978  0.1012  0.0992  0.0977  0.0970  0.0974
  0.0978  0.0981  0.0977  0.0960  0.0964  0.0969
  0.0957  0.0958  0.0959  0.0959  0.0960  0.0959
  0.0944  0.0966  0.0954  0.0963  0.0954  0.0961
  0.0971  0.0994  0.0980  0.0976  0.0964  0.0970
  0.1016  0.1048  0.1031  0.0996  0.0988  0.0983
niter,ni,del,rscale     2    3   12.0000    1.2000
parameters
    4.7743   -8.8448    8.5884    5.9259    0.0416   -8.1227
eta,q 0.90383 11.20792
  0.0997  0.1015  0.1015  0.1006  0.0986  0.0977
  0.0980  0.1013  0.0994  0.0976  0.0970  0.0976
  0.0980  0.0985  0.0980  0.0961  0.0966  0.0970
  0.0960  0.0961  0.0962  0.0962  0.0962  0.0962
  0.0945  0.0967  0.0955  0.0964  0.0956  0.0962
  0.0972  0.0995  0.0981  0.0976  0.0966  0.0970
  0.1018  0.1045  0.1031  0.0996  0.0990  0.0983
niter,ni,del,rscale     1    3   12.0000    1.2000
parameters
    4.7009   -8.9881    8.6060    6.1447    0.1450   -8.0093
eta,q 0.90370 11.20402
  0.0999  0.1015  0.1017  0.1006  0.0987  0.0977
  0.0981  0.1013  0.0996  0.0976  0.0972  0.0977
  0.0982  0.0989  0.0982  0.0963  0.0967  0.0972
  0.0962  0.0963  0.0964  0.0964  0.0964  0.0963
  0.0945  0.0967  0.0958  0.0965  0.0957  0.0963
  0.0973  0.0995  0.0983  0.0976  0.0967  0.0971
  0.1020  0.1044  0.1032  0.0997  0.0991  0.0983
registration optimization eta report
parameter search radius
    6.0000    6.0000    6.0000    6.9000    7.9350    7.9350
100000*second partial in parameter space
       14.       17.       17.        8.        4.        2.
  0.0999  0.1015  0.1017  0.1006  0.0987  0.0977
  0.0981  0.1013  0.0996  0.0976  0.0972  0.0977
  0.0982  0.0989  0.0982  0.0963  0.0967  0.0972
  0.0962  0.0963  0.0964  0.0964  0.0964  0.0963
  0.0945  0.0967  0.0958  0.0965  0.0957  0.0963
  0.0973  0.0995  0.0983  0.0976  0.0967  0.0971
  0.1020  0.1044  0.1032  0.0997  0.0991  0.0983
    4.7009   -8.9881    8.6060    6.1447    0.1450   -8.0093
eta,q 0.90370 11.20402

---------------------------------------------------------------------
imgreg_4dfp /opt/freesurfer/average/711-2C_as_mni_average_305 /opt/freesurfer/average/711-2B_as_mni_average_305_mask talsrcimg_g11 none talsrcimg_to_711-2C_as_mni_average_305_t4 3335
---------------------------------------------------------------------

freesurfer imgreg_4dfp.c
/opt/freesurfer/average/711-2C_as_mni_average_305.4dfp.img
       256       256       256         1
  1.000000  1.000000  1.000000
orientation T byte_order littleendian
Reading image: /opt/freesurfer/average/711-2C_as_mni_average_305.4dfp.img
dimensions:      256       256       256
mmppix:       1.0000   -1.0000   -1.0000
center:     128.0000 -129.0000 -129.0000
/opt/freesurfer/average/711-2B_as_mni_average_305_mask.4dfp.img
       256       256       256         1
  1.000000  1.000000  1.000000
orientation T byte_order littleendian
Reading mask: /opt/freesurfer/average/711-2B_as_mni_average_305_mask.4dfp.img (2306576 pixels)
talsrcimg_g11.4dfp.img
       256       256       256         1
  1.000000  1.000000  1.000000
orientation T byte_order littleendian
Reading image: talsrcimg_g11.4dfp.img
dimensions:      256       256       256
mmppix:       1.0000   -1.0000   -1.0000
center:     128.0000 -129.0000 -129.0000
fimgreg.f
image alignment mode   3335 decimal      D07 hex
parameters
    4.7009   -8.9881    8.6060   -0.9758   -1.5406   -0.5749
   13.8265   -1.7407  -13.9334  -10.5646    0.2532   10.7040
eta,q 0.90455 11.39968
niter,ni,del,rscale     5    3    5.0000    1.2000
parameter  3  0.664486 ->  0.500000 qaram    1.1500
parameter  4 24.033701 ->  0.500000 qaram    1.1500
parameter  5  0.631501 ->  0.500000 qaram    1.1500
parameter  6  0.949139 ->  0.500000 qaram    1.1500
parameter  7  0.861215 ->  0.500000 qaram    1.1500
parameter  8  0.403059 -> -0.500000 qaram    1.1500
parameter  9 -1.968839 -> -0.500000 qaram    1.1500
parameter 10 -9.684691 ->  0.500000 qaram    1.1500
parameter 11 -7.707920 -> -0.500000 qaram    1.1500
parameter 12  1.624162 ->  0.500000 qaram    1.1500
parameters
    4.2210   -7.8846    7.2260   -5.1158   -5.6806   -4.7149
    9.6865    2.3993   -9.7934  -14.7046    4.3932    6.5640
eta,q 0.91570 10.79294
  0.0957  0.0967  0.0950  0.0894  0.0910  0.0877  0.0886  0.0884  0.0881  0.0850  0.0865  0.0838
  0.0956  0.0962  0.0949  0.0913  0.0905  0.0885  0.0887  0.0887  0.0878  0.0856  0.0863  0.0842
  0.0956  0.0958  0.0950  0.0933  0.0909  0.0892  0.0887  0.0888  0.0876  0.0864  0.0861  0.0847
  0.0954  0.0955  0.0953  0.0949  0.0919  0.0905  0.0887  0.0887  0.0875  0.0873  0.0858  0.0853
  0.0955  0.0953  0.0959  0.0964  0.0934  0.0926  0.0887  0.0881  0.0874  0.0881  0.0855  0.0861
  0.0957  0.0953  0.0966  0.0985  0.0958  0.0955  0.0887  0.0872  0.0873  0.0889  0.0852  0.0871
  0.0962  0.0956  0.0975  0.1006  0.0989  0.0993  0.0888  0.0861  0.0871  0.0893  0.0851  0.0881
niter,ni,del,rscale     7    3    5.0000    1.2000
parameter  1  0.926101 ->  0.500000 qaram    1.1500
parameter  2 -0.986544 -> -0.500000 qaram    1.1500
parameter  3 -1.128837 -> -0.500000 qaram    1.3225
parameter  4  1.494568 ->  0.500000 qaram    1.3225
parameter  6  0.804764 ->  0.500000 qaram    1.3225
parameter  7  1.198936 ->  0.500000 qaram    1.3225
parameter  9  1.047043 ->  0.500000 qaram    1.3225
parameter 10 -0.611581 -> -0.500000 qaram    1.3225
parameter 12  0.750320 ->  0.500000 qaram    1.3225
parameters
    2.8410   -6.5046    8.8130   -9.8768   -6.7379   -9.4759
    4.9255    2.6063  -14.5544   -9.9436    7.5677    1.8030
eta,q 0.92307 10.54768
  0.0836  0.0852  0.0859  0.0781  0.0818  0.0775  0.0773  0.0792  0.0773  0.0784  0.0777  0.0770
  0.0836  0.0846  0.0848  0.0792  0.0808  0.0779  0.0775  0.0783  0.0773  0.0778  0.0775  0.0769
  0.0838  0.0841  0.0839  0.0804  0.0797  0.0784  0.0777  0.0777  0.0774  0.0775  0.0773  0.0770
  0.0843  0.0836  0.0832  0.0823  0.0795  0.0795  0.0780  0.0775  0.0775  0.0773  0.0772  0.0771
  0.0850  0.0833  0.0826  0.0852  0.0800  0.0816  0.0784  0.0777  0.0778  0.0772  0.0771  0.0773
  0.0859  0.0831  0.0823  0.0884  0.0815  0.0844  0.0789  0.0781  0.0781  0.0772  0.0771  0.0776
  0.0867  0.0831  0.0821  0.0914  0.0840  0.0881  0.0795  0.0791  0.0784  0.0771  0.0773  0.0779
niter,ni,del,rscale     7    3    5.0000    1.2000
parameter  3 -0.546597 -> -0.500000 qaram    1.5209
parameter  4  1.102276 ->  0.500000 qaram    1.5209
parameter  6  1.383507 ->  0.500000 qaram    1.5209
parameter  7 -0.583863 ->  0.500000 qaram    1.5209
parameter  9 37.941841 ->  0.500000 qaram    1.5209
parameter 10  7.994663 -> -0.500000 qaram    1.5209
parameter 11 19.860334 ->  0.500000 qaram    1.3225
parameter 12 -5.536285 -> -0.500000 qaram    1.5209
parameters
    2.4074   -6.0193   10.6381  -15.3519   -8.7649  -14.9510
   -0.5497   -0.5304  -20.0295   -4.4685    2.8067    7.2782
eta,q 0.93058 10.66971
  0.0774  0.0775  0.0780  0.0738  0.0754  0.0727  0.0735  0.0742  0.0732  0.0753  0.0700  0.0726
  0.0771  0.0775  0.0775  0.0746  0.0759  0.0740  0.0738  0.0738  0.0732  0.0747  0.0705  0.0722
  0.0769  0.0772  0.0771  0.0755  0.0754  0.0749  0.0741  0.0737  0.0734  0.0739  0.0711  0.0715
  0.0769  0.0769  0.0768  0.0766  0.0749  0.0753  0.0743  0.0739  0.0737  0.0732  0.0718  0.0707
  0.0770  0.0768  0.0766  0.0781  0.0752  0.0759  0.0744  0.0743  0.0740  0.0725  0.0724  0.0699
  0.0774  0.0770  0.0766  0.0804  0.0760  0.0776  0.0744  0.0747  0.0742  0.0716  0.0731  0.0693
  0.0779  0.0774  0.0768  0.0835  0.0779  0.0803  0.0744  0.0753  0.0742  0.0709  0.0737  0.0690
niter,ni,del,rscale     7    3    5.0000    1.2000
parameter  2  3.760111 ->  0.500000 qaram    1.3225
parameter  4  1.009143 ->  0.500000 qaram    1.7490
parameter  5 -6.679436 ->  0.500000 qaram    1.3225
parameter  7 -0.590806 -> -0.500000 qaram    1.7490
parameter  9 -1.078757 -> -0.500000 qaram    1.7490
parameter 10 -0.841377 -> -0.500000 qaram    1.7490
parameter 11  2.273131 ->  0.500000 qaram    1.5209
parameter 12  0.737200 ->  0.500000 qaram    1.7490
parameters
    2.8818   -7.6063   10.9968  -21.6484  -13.5259  -18.6965
    5.7468    0.5901  -13.7331    1.8280   -2.6684    0.9817
eta,q 0.94235 10.37442
  0.0709  0.0666  0.0698  0.0648  0.0571  0.0625  0.0638  0.0635  0.0637  0.0668  0.0573  0.0574
  0.0702  0.0675  0.0688  0.0656  0.0603  0.0618  0.0628  0.0623  0.0625  0.0638  0.0576  0.0576
  0.0697  0.0684  0.0680  0.0665  0.0634  0.0613  0.0619  0.0615  0.0616  0.0618  0.0579  0.0576
  0.0694  0.0694  0.0677  0.0677  0.0659  0.0612  0.0613  0.0610  0.0609  0.0602  0.0584  0.0577
  0.0694  0.0706  0.0678  0.0696  0.0681  0.0626  0.0610  0.0610  0.0605  0.0589  0.0589  0.0580
  0.0697  0.0718  0.0684  0.0723  0.0706  0.0655  0.0610  0.0615  0.0601  0.0583  0.0595  0.0583
  0.0701  0.0731  0.0691  0.0758  0.0734  0.0691  0.0611  0.0625  0.0599  0.0584  0.0601  0.0589
niter,ni,del,rscale     7    3    5.0000    1.2000
parameter  2 -9.063085 ->  0.500000 qaram    1.5209
parameter  3 17.112755 ->  0.500000 qaram    1.7490
parameter  5********** ->  0.500000 qaram    1.5209
parameter 10  0.506401 ->  0.500000 qaram    2.0114
parameters
    2.1472   -9.4313    8.8980  -26.3895  -19.0010  -20.9299
    9.6310    1.7417   -7.5515   -5.4129   -4.6495   -5.2823
eta,q 0.96171 10.26929
  0.0582  0.0520  0.0501  0.0524  0.0379  0.0433  0.0492  0.0440  0.0487  0.0405  0.0398  0.0395
  0.0578  0.0540  0.0514  0.0518  0.0408  0.0424  0.0463  0.0427  0.0453  0.0394  0.0395  0.0385
  0.0576  0.0558  0.0529  0.0515  0.0458  0.0420  0.0439  0.0417  0.0428  0.0393  0.0393  0.0383
  0.0577  0.0576  0.0545  0.0518  0.0515  0.0420  0.0420  0.0413  0.0412  0.0404  0.0393  0.0393
  0.0580  0.0593  0.0560  0.0527  0.0572  0.0426  0.0413  0.0413  0.0405  0.0429  0.0394  0.0416
  0.0586  0.0610  0.0575  0.0539  0.0621  0.0434  0.0420  0.0418  0.0405  0.0465  0.0398  0.0450
  0.0594  0.0625  0.0590  0.0557  0.0651  0.0452  0.0441  0.0429  0.0412  0.0506  0.0405  0.0485
niter,ni,del,rscale     7    3    5.0000    1.2000
parameter  2  0.600795 ->  0.500000 qaram    1.7490
parameter  3  0.570608 ->  0.500000 qaram    2.0114
parameter  4 -1.871109 -> -0.500000 qaram    2.0114
parameters
    2.6742  -11.5302    6.4844  -19.1486  -22.5174  -17.4568
    9.7918    1.6136   -8.0715    0.3944   -6.0612   -0.6904
eta,q 0.96781 10.49269
  0.0403  0.0370  0.0369  0.0419  0.0369  0.0391  0.0376  0.0368  0.0358  0.0488  0.0334  0.0368
  0.0394  0.0370  0.0367  0.0401  0.0359  0.0376  0.0359  0.0353  0.0346  0.0415  0.0330  0.0352
  0.0387  0.0374  0.0367  0.0383  0.0349  0.0361  0.0347  0.0344  0.0341  0.0366  0.0327  0.0338
  0.0383  0.0382  0.0371  0.0367  0.0345  0.0349  0.0341  0.0341  0.0341  0.0340  0.0327  0.0327
  0.0382  0.0399  0.0376  0.0353  0.0360  0.0340  0.0344  0.0344  0.0343  0.0328  0.0329  0.0322
  0.0386  0.0429  0.0383  0.0343  0.0431  0.0339  0.0356  0.0353  0.0350  0.0332  0.0334  0.0325
  0.0392  0.0475  0.0394  0.0337  0.0549  0.0364  0.0376  0.0371  0.0359  0.0353  0.0339  0.0336
niter,ni,del,rscale     7    3    5.0000    1.2000
parameters
    2.7412  -11.9521    7.0512  -12.6294  -25.8989  -16.9624
   10.3842    2.4813   -6.9749   -0.5820   -7.0766    1.4722
eta,q 0.96942 10.64916
  0.0341  0.0347  0.0352  0.0380  0.0330  0.0344  0.0351  0.0352  0.0338  0.0358  0.0319  0.0339
  0.0331  0.0333  0.0339  0.0358  0.0319  0.0329  0.0332  0.0327  0.0322  0.0331  0.0310  0.0325
  0.0325  0.0325  0.0329  0.0338  0.0309  0.0317  0.0317  0.0314  0.0312  0.0313  0.0307  0.0314
  0.0322  0.0322  0.0322  0.0321  0.0306  0.0309  0.0308  0.0308  0.0307  0.0307  0.0307  0.0307
  0.0324  0.0325  0.0322  0.0309  0.0320  0.0303  0.0310  0.0309  0.0309  0.0316  0.0309  0.0306
  0.0329  0.0338  0.0329  0.0302  0.0377  0.0311  0.0322  0.0316  0.0315  0.0337  0.0314  0.0312
  0.0339  0.0365  0.0343  0.0330  0.0472  0.0349  0.0348  0.0337  0.0329  0.0377  0.0324  0.0324
niter,ni,del,rscale     6    3    5.0000    1.2000
parameters
    2.4341  -12.7426    7.6484  -14.6280  -26.8838  -15.6526
   10.9942    2.2455   -6.0367   -1.4963   -7.5761    3.8322
eta,q 0.96914 10.57945
  0.0322  0.0322  0.0337  0.0354  0.0339  0.0346  0.0348  0.0338  0.0338  0.0354  0.0319  0.0337
  0.0312  0.0310  0.0320  0.0334  0.0328  0.0330  0.0329  0.0322  0.0322  0.0331  0.0313  0.0325
  0.0306  0.0305  0.0311  0.0317  0.0317  0.0318  0.0316  0.0313  0.0313  0.0315  0.0311  0.0315
  0.0306  0.0305  0.0304  0.0303  0.0308  0.0310  0.0309  0.0309  0.0309  0.0309  0.0310  0.0310
  0.0310  0.0312  0.0304  0.0299  0.0306  0.0305  0.0312  0.0312  0.0311  0.0317  0.0311  0.0309
  0.0319  0.0324  0.0311  0.0341  0.0321  0.0310  0.0323  0.0323  0.0318  0.0335  0.0315  0.0314
  0.0331  0.0343  0.0325  0.0436  0.0376  0.0339  0.0343  0.0343  0.0330  0.0372  0.0322  0.0323
niter,ni,del,rscale     5    3    5.0000    1.2000
parameters
    2.2059  -13.3711    8.5965  -14.8019  -27.5948  -14.8524
   11.0996    2.0452   -5.7597   -2.7960   -7.2193    5.3920
eta,q 0.96930 10.57181
  0.0326  0.0326  0.0342  0.0362  0.0339  0.0342  0.0344  0.0336  0.0333  0.0347  0.0319  0.0333
  0.0315  0.0314  0.0325  0.0341  0.0326  0.0326  0.0326  0.0320  0.0318  0.0327  0.0313  0.0322
  0.0309  0.0308  0.0313  0.0323  0.0315  0.0314  0.0312  0.0310  0.0309  0.0313  0.0309  0.0312
  0.0309  0.0308  0.0308  0.0306  0.0307  0.0308  0.0307  0.0307  0.0307  0.0307  0.0307  0.0307
  0.0313  0.0313  0.0306  0.0298  0.0304  0.0301  0.0312  0.0310  0.0310  0.0314  0.0308  0.0308
  0.0321  0.0324  0.0311  0.0314  0.0318  0.0309  0.0323  0.0320  0.0317  0.0333  0.0312  0.0314
  0.0331  0.0340  0.0323  0.0394  0.0367  0.0341  0.0344  0.0340  0.0330  0.0372  0.0318  0.0324
niter,ni,del,rscale     4    3    5.0000    1.2000
parameters
    2.1409  -14.0393    9.1460  -14.6388  -27.5893  -14.4026
   11.1519    1.8077   -5.9181   -3.9789   -6.7304    6.4054
eta,q 0.96953 10.59504
  0.0327  0.0324  0.0338  0.0363  0.0339  0.0339  0.0342  0.0333  0.0330  0.0345  0.0317  0.0330
  0.0316  0.0312  0.0320  0.0342  0.0326  0.0323  0.0324  0.0317  0.0315  0.0324  0.0311  0.0319
  0.0309  0.0307  0.0310  0.0323  0.0314  0.0311  0.0310  0.0308  0.0306  0.0310  0.0307  0.0309
  0.0307  0.0307  0.0306  0.0306  0.0305  0.0305  0.0304  0.0304  0.0304  0.0304  0.0305  0.0305
  0.0310  0.0312  0.0306  0.0296  0.0302  0.0297  0.0309  0.0307  0.0308  0.0311  0.0305  0.0306
  0.0318  0.0323  0.0312  0.0311  0.0312  0.0309  0.0321  0.0318  0.0316  0.0329  0.0309  0.0312
  0.0329  0.0339  0.0326  0.0387  0.0353  0.0343  0.0344  0.0338  0.0331  0.0368  0.0316  0.0324
niter,ni,del,rscale     3    3    5.0000    1.2000
parameters
    2.0786  -14.4750    9.4149  -14.6268  -27.4030  -14.1743
   11.2993    1.5891   -6.2107   -4.7707   -6.3283    6.9845
eta,q 0.96966 10.61277
  0.0326  0.0325  0.0334  0.0362  0.0338  0.0338  0.0342  0.0331  0.0329  0.0347  0.0316  0.0328
  0.0314  0.0312  0.0316  0.0340  0.0325  0.0322  0.0324  0.0316  0.0313  0.0324  0.0310  0.0316
  0.0307  0.0305  0.0307  0.0322  0.0313  0.0309  0.0309  0.0307  0.0305  0.0310  0.0305  0.0307
  0.0305  0.0305  0.0304  0.0304  0.0304  0.0304  0.0303  0.0303  0.0303  0.0303  0.0303  0.0303
  0.0308  0.0309  0.0305  0.0295  0.0300  0.0295  0.0307  0.0306  0.0307  0.0308  0.0304  0.0306
  0.0316  0.0319  0.0313  0.0311  0.0309  0.0309  0.0319  0.0316  0.0316  0.0326  0.0307  0.0312
  0.0327  0.0335  0.0328  0.0390  0.0349  0.0346  0.0343  0.0337  0.0331  0.0363  0.0315  0.0325
niter,ni,del,rscale     2    3    5.0000    1.2000
parameters
    2.0081  -14.7234    9.5557  -14.6536  -27.2929  -14.0265
   11.4945    1.4203   -6.4500   -5.1968   -6.0467    7.2875
eta,q 0.96972 10.62381
  0.0325  0.0327  0.0332  0.0361  0.0337  0.0337  0.0342  0.0331  0.0329  0.0349  0.0316  0.0327
  0.0313  0.0312  0.0314  0.0340  0.0325  0.0322  0.0324  0.0316  0.0313  0.0325  0.0309  0.0315
  0.0305  0.0305  0.0306  0.0321  0.0313  0.0309  0.0309  0.0307  0.0304  0.0310  0.0305  0.0306
  0.0303  0.0303  0.0303  0.0303  0.0303  0.0303  0.0303  0.0303  0.0303  0.0303  0.0303  0.0303
  0.0307  0.0308  0.0304  0.0294  0.0299  0.0294  0.0306  0.0305  0.0306  0.0307  0.0303  0.0305
  0.0315  0.0317  0.0313  0.0310  0.0309  0.0310  0.0318  0.0315  0.0315  0.0324  0.0307  0.0312
  0.0326  0.0332  0.0329  0.0391  0.0350  0.0347  0.0342  0.0336  0.0330  0.0360  0.0315  0.0325
niter,ni,del,rscale     1    3    5.0000    1.2000
parameters
    1.9422  -14.8574    9.6330  -14.6854  -27.2466  -13.9532
   11.6539    1.2987   -6.5917   -5.4135   -5.8819    7.4571
eta,q 0.96975 10.62912
  0.0324  0.0328  0.0332  0.0361  0.0337  0.0337  0.0342  0.0331  0.0330  0.0351  0.0315  0.0326
  0.0312  0.0313  0.0314  0.0340  0.0324  0.0321  0.0323  0.0316  0.0313  0.0325  0.0309  0.0315
  0.0305  0.0304  0.0305  0.0321  0.0312  0.0309  0.0309  0.0307  0.0304  0.0310  0.0304  0.0306
  0.0303  0.0303  0.0303  0.0303  0.0303  0.0303  0.0302  0.0302  0.0302  0.0302  0.0302  0.0303
  0.0306  0.0307  0.0304  0.0293  0.0299  0.0294  0.0306  0.0304  0.0306  0.0306  0.0303  0.0305
  0.0314  0.0316  0.0313  0.0310  0.0309  0.0310  0.0318  0.0315  0.0315  0.0323  0.0307  0.0312
  0.0325  0.0330  0.0330  0.0392  0.0350  0.0348  0.0343  0.0336  0.0330  0.0358  0.0316  0.0326
registration optimization eta report
parameter search radius
    2.7600    4.1976    4.8273   14.4818   10.9503   10.9503
   12.5928    8.2800   12.5928   14.4818   10.9503   12.5928
100000*second partial in parameter space
       29.       15.       12.        4.        3.        4.
        2.        5.        2.        2.        1.        1.
  0.0324  0.0328  0.0332  0.0361  0.0337  0.0337  0.0342  0.0331  0.0330  0.0351  0.0315  0.0326
  0.0312  0.0313  0.0314  0.0340  0.0324  0.0321  0.0323  0.0316  0.0313  0.0325  0.0309  0.0315
  0.0305  0.0304  0.0305  0.0321  0.0312  0.0309  0.0309  0.0307  0.0304  0.0310  0.0304  0.0306
  0.0303  0.0303  0.0303  0.0303  0.0303  0.0303  0.0302  0.0302  0.0302  0.0302  0.0302  0.0303
  0.0306  0.0307  0.0304  0.0293  0.0299  0.0294  0.0306  0.0304  0.0306  0.0306  0.0303  0.0305
  0.0314  0.0316  0.0313  0.0310  0.0309  0.0310  0.0318  0.0315  0.0315  0.0323  0.0307  0.0312
  0.0325  0.0330  0.0330  0.0392  0.0350  0.0348  0.0343  0.0336  0.0330  0.0358  0.0316  0.0326
    1.9422  -14.8574    9.6330  -14.6854  -27.2466  -13.9532
   11.6539    1.2987   -6.5917   -5.4135   -5.8819    7.4571
eta,q 0.96975 10.62912

---------------------------------------------------------------------
imgreg_4dfp /opt/freesurfer/average/711-2C_as_mni_average_305 /opt/freesurfer/average/711-2B_as_mni_average_305_mask talsrcimg_g11 none talsrcimg_to_711-2C_as_mni_average_305_t4 2311
---------------------------------------------------------------------

freesurfer imgreg_4dfp.c
/opt/freesurfer/average/711-2C_as_mni_average_305.4dfp.img
       256       256       256         1
  1.000000  1.000000  1.000000
orientation T byte_order littleendian
Reading image: /opt/freesurfer/average/711-2C_as_mni_average_305.4dfp.img
dimensions:      256       256       256
mmppix:       1.0000   -1.0000   -1.0000
center:     128.0000 -129.0000 -129.0000
/opt/freesurfer/average/711-2B_as_mni_average_305_mask.4dfp.img
       256       256       256         1
  1.000000  1.000000  1.000000
orientation T byte_order littleendian
Reading mask: /opt/freesurfer/average/711-2B_as_mni_average_305_mask.4dfp.img (2306576 pixels)
talsrcimg_g11.4dfp.img
       256       256       256         1
  1.000000  1.000000  1.000000
orientation T byte_order littleendian
Reading image: talsrcimg_g11.4dfp.img
dimensions:      256       256       256
mmppix:       1.0000   -1.0000   -1.0000
center:     128.0000 -129.0000 -129.0000
fimgreg.f
image alignment mode   2311 decimal      907 hex
parameters
    1.9422  -14.8574    9.6330  -14.6854  -27.2466  -13.9532
   11.6539    1.2987   -6.5917   -5.4135   -5.8819    7.4571
eta,q 0.96975 10.62912
niter,ni,del,rscale     5    3    5.0000    0.8000
parameter  4 -1.461477 -> -0.500000 qaram    1.1500
parameter  6 -1.064520 -> -0.500000 qaram    1.1500
parameters
    1.8403  -15.0835    9.9445  -11.9254  -24.8752  -11.1932
   11.4863    0.7671   -6.5963   -7.0363   -5.7270    5.3447
eta,q 0.97160 10.90555
  0.0310  0.0305  0.0305  0.0321  0.0308  0.0304  0.0296  0.0301  0.0292  0.0289  0.0291  0.0286
  0.0305  0.0303  0.0304  0.0315  0.0304  0.0300  0.0291  0.0292  0.0289  0.0286  0.0288  0.0284
  0.0303  0.0302  0.0303  0.0308  0.0299  0.0296  0.0287  0.0287  0.0287  0.0285  0.0286  0.0284
  0.0303  0.0302  0.0302  0.0302  0.0296  0.0293  0.0286  0.0286  0.0286  0.0286  0.0285  0.0285
  0.0304  0.0303  0.0302  0.0298  0.0294  0.0289  0.0288  0.0289  0.0287  0.0289  0.0286  0.0288
  0.0307  0.0305  0.0303  0.0295  0.0294  0.0286  0.0291  0.0297  0.0289  0.0293  0.0287  0.0291
  0.0311  0.0307  0.0304  0.0293  0.0296  0.0289  0.0297  0.0311  0.0292  0.0300  0.0291  0.0296
niter,ni,del,rscale     6    3    5.0000    0.9000
parameters
    2.1091  -15.4788    9.8153  -11.3079  -24.3008  -12.0380
   11.3858    1.0111   -6.8515   -6.7126   -5.1071    5.3726
eta,q 0.97162 10.94379
  0.0301  0.0288  0.0291  0.0306  0.0296  0.0300  0.0296  0.0310  0.0291  0.0295  0.0292  0.0291
  0.0293  0.0285  0.0287  0.0297  0.0290  0.0294  0.0290  0.0296  0.0287  0.0289  0.0288  0.0287
  0.0287  0.0283  0.0284  0.0289  0.0285  0.0289  0.0286  0.0288  0.0285  0.0286  0.0285  0.0285
  0.0284  0.0284  0.0283  0.0283  0.0282  0.0282  0.0284  0.0284  0.0284  0.0284  0.0284  0.0284
  0.0284  0.0286  0.0285  0.0281  0.0282  0.0283  0.0286  0.0285  0.0285  0.0285  0.0284  0.0285
  0.0287  0.0289  0.0288  0.0285  0.0285  0.0298  0.0290  0.0292  0.0288  0.0288  0.0286  0.0287
  0.0293  0.0294  0.0293  0.0303  0.0292  0.0324  0.0297  0.0306  0.0292  0.0293  0.0289  0.0291
niter,ni,del,rscale     5    3    5.0000    0.8000
parameters
    2.1354  -15.4291    9.4609  -10.9529  -24.0622  -12.3437
   11.2440    0.8624   -7.0882   -6.6965   -4.9781    5.1628
eta,q 0.97165 10.95322
  0.0295  0.0290  0.0287  0.0301  0.0293  0.0298  0.0293  0.0302  0.0289  0.0292  0.0290  0.0289
  0.0289  0.0287  0.0285  0.0294  0.0289  0.0293  0.0288  0.0292  0.0286  0.0287  0.0286  0.0286
  0.0285  0.0285  0.0284  0.0288  0.0285  0.0288  0.0285  0.0286  0.0284  0.0284  0.0284  0.0284
  0.0284  0.0284  0.0284  0.0283  0.0283  0.0283  0.0283  0.0283  0.0284  0.0283  0.0283  0.0283
  0.0285  0.0284  0.0286  0.0281  0.0283  0.0282  0.0285  0.0286  0.0284  0.0284  0.0284  0.0284
  0.0289  0.0286  0.0288  0.0286  0.0286  0.0289  0.0288  0.0293  0.0287  0.0287  0.0286  0.0286
  0.0294  0.0289  0.0292  0.0301  0.0292  0.0309  0.0294  0.0306  0.0290  0.0291  0.0289  0.0289
niter,ni,del,rscale     4    3    5.0000    0.7000
parameters
    2.1563  -15.3142    9.2740  -10.6209  -23.8298  -12.3219
   11.1745    0.8093   -7.2115   -6.6246   -5.0349    4.7839
eta,q 0.97175 10.96978
  0.0293  0.0288  0.0287  0.0298  0.0291  0.0295  0.0290  0.0299  0.0287  0.0289  0.0287  0.0286
  0.0288  0.0286  0.0285  0.0292  0.0287  0.0291  0.0286  0.0290  0.0284  0.0285  0.0285  0.0284
  0.0285  0.0284  0.0283  0.0287  0.0284  0.0288  0.0284  0.0285  0.0283  0.0283  0.0283  0.0283
  0.0283  0.0283  0.0283  0.0283  0.0283  0.0283  0.0283  0.0283  0.0283  0.0283  0.0282  0.0283
  0.0284  0.0284  0.0285  0.0282  0.0283  0.0281  0.0283  0.0284  0.0283  0.0283  0.0283  0.0283
  0.0287  0.0285  0.0286  0.0286  0.0285  0.0286  0.0286  0.0290  0.0285  0.0285  0.0285  0.0285
  0.0292  0.0287  0.0289  0.0298  0.0290  0.0300  0.0291  0.0301  0.0288  0.0289  0.0288  0.0288
niter,ni,del,rscale     3    3    5.0000    0.6000
parameters
    2.1960  -15.2581    9.2037  -10.4046  -23.6610  -12.0830
   11.1119    0.8213   -7.2019   -6.4975   -5.1239    4.4167
eta,q 0.97186 10.98920
  0.0290  0.0286  0.0286  0.0294  0.0288  0.0293  0.0287  0.0296  0.0285  0.0287  0.0286  0.0284
  0.0286  0.0284  0.0284  0.0290  0.0285  0.0290  0.0284  0.0288  0.0283  0.0284  0.0283  0.0283
  0.0283  0.0283  0.0283  0.0286  0.0283  0.0286  0.0282  0.0283  0.0282  0.0282  0.0282  0.0282
  0.0282  0.0282  0.0282  0.0282  0.0282  0.0282  0.0282  0.0282  0.0282  0.0282  0.0281  0.0281
  0.0283  0.0283  0.0283  0.0282  0.0282  0.0281  0.0282  0.0283  0.0282  0.0282  0.0282  0.0282
  0.0285  0.0284  0.0284  0.0285  0.0284  0.0285  0.0284  0.0288  0.0283  0.0284  0.0284  0.0284
  0.0289  0.0285  0.0286  0.0294  0.0288  0.0294  0.0288  0.0296  0.0285  0.0286  0.0286  0.0285
niter,ni,del,rscale     2    3    5.0000    0.5000
parameters
    2.2337  -15.2387    9.2550  -10.2578  -23.6118  -11.7101
   11.0160    0.8415   -7.1136   -6.3389   -5.1930    4.1073
eta,q 0.97194 11.00782
  0.0287  0.0284  0.0285  0.0290  0.0286  0.0291  0.0285  0.0291  0.0283  0.0285  0.0284  0.0283
  0.0284  0.0283  0.0283  0.0287  0.0283  0.0288  0.0283  0.0286  0.0282  0.0282  0.0282  0.0281
  0.0282  0.0282  0.0282  0.0284  0.0282  0.0285  0.0281  0.0282  0.0281  0.0281  0.0281  0.0281
  0.0281  0.0281  0.0281  0.0281  0.0281  0.0281  0.0281  0.0281  0.0281  0.0281  0.0281  0.0281
  0.0282  0.0282  0.0282  0.0281  0.0282  0.0281  0.0281  0.0282  0.0281  0.0281  0.0281  0.0281
  0.0283  0.0282  0.0283  0.0284  0.0283  0.0283  0.0283  0.0285  0.0282  0.0282  0.0282  0.0282
  0.0286  0.0284  0.0284  0.0291  0.0286  0.0289  0.0286  0.0291  0.0283  0.0284  0.0284  0.0283
niter,ni,del,rscale     1    3    5.0000    0.4000
parameters
    2.2751  -15.2623    9.3998  -10.1351  -23.6325  -11.2847
   10.9096    0.8893   -7.0007   -6.2327   -5.2520    3.9221
eta,q 0.97201 11.02591
  0.0284  0.0282  0.0283  0.0287  0.0283  0.0288  0.0283  0.0288  0.0282  0.0283  0.0282  0.0281
  0.0282  0.0281  0.0282  0.0284  0.0282  0.0286  0.0281  0.0283  0.0281  0.0281  0.0281  0.0280
  0.0281  0.0281  0.0281  0.0282  0.0281  0.0283  0.0280  0.0281  0.0280  0.0280  0.0280  0.0280
  0.0281  0.0281  0.0281  0.0281  0.0280  0.0280  0.0280  0.0280  0.0280  0.0280  0.0280  0.0280
  0.0281  0.0281  0.0281  0.0280  0.0281  0.0280  0.0280  0.0281  0.0280  0.0280  0.0280  0.0280
  0.0282  0.0281  0.0281  0.0282  0.0282  0.0282  0.0281  0.0283  0.0281  0.0281  0.0281  0.0281
  0.0284  0.0282  0.0282  0.0287  0.0283  0.0286  0.0283  0.0287  0.0282  0.0282  0.0282  0.0282
registration optimization eta report
parameter search radius
    0.8000    0.8000    0.8000    2.7600    2.4000    2.7600
    2.4000    2.4000    2.4000    2.4000    2.4000    2.4000
100000*second partial in parameter space
       54.       23.       31.        8.        5.        8.
        5.       13.        3.        4.        4.        3.
  0.0284  0.0282  0.0283  0.0287  0.0283  0.0288  0.0283  0.0288  0.0282  0.0283  0.0282  0.0281
  0.0282  0.0281  0.0282  0.0284  0.0282  0.0286  0.0281  0.0283  0.0281  0.0281  0.0281  0.0280
  0.0281  0.0281  0.0281  0.0282  0.0281  0.0283  0.0280  0.0281  0.0280  0.0280  0.0280  0.0280
  0.0281  0.0281  0.0281  0.0281  0.0280  0.0280  0.0280  0.0280  0.0280  0.0280  0.0280  0.0280
  0.0281  0.0281  0.0281  0.0280  0.0281  0.0280  0.0280  0.0281  0.0280  0.0280  0.0280  0.0280
  0.0282  0.0281  0.0281  0.0282  0.0282  0.0282  0.0281  0.0283  0.0281  0.0281  0.0281  0.0281
  0.0284  0.0282  0.0282  0.0287  0.0283  0.0286  0.0283  0.0287  0.0282  0.0282  0.0282  0.0282
    2.2751  -15.2623    9.3998  -10.1351  -23.6325  -11.2847
   10.9096    0.8893   -7.0007   -6.2327   -5.2520    3.9221
eta,q 0.97201 11.02591

---------------------------------------------------------------------
imgreg_4dfp /opt/freesurfer/average/711-2C_as_mni_average_305 /opt/freesurfer/average/711-2B_as_mni_average_305_mask talsrcimg_g11 none talsrcimg_to_711-2C_as_mni_average_305_t4 2311
---------------------------------------------------------------------

freesurfer imgreg_4dfp.c
/opt/freesurfer/average/711-2C_as_mni_average_305.4dfp.img
       256       256       256         1
  1.000000  1.000000  1.000000
orientation T byte_order littleendian
Reading image: /opt/freesurfer/average/711-2C_as_mni_average_305.4dfp.img
dimensions:      256       256       256
mmppix:       1.0000   -1.0000   -1.0000
center:     128.0000 -129.0000 -129.0000
/opt/freesurfer/average/711-2B_as_mni_average_305_mask.4dfp.img
       256       256       256         1
  1.000000  1.000000  1.000000
orientation T byte_order littleendian
Reading mask: /opt/freesurfer/average/711-2B_as_mni_average_305_mask.4dfp.img (2306576 pixels)
talsrcimg_g11.4dfp.img
       256       256       256         1
  1.000000  1.000000  1.000000
orientation T byte_order littleendian
Reading image: talsrcimg_g11.4dfp.img
dimensions:      256       256       256
mmppix:       1.0000   -1.0000   -1.0000
center:     128.0000 -129.0000 -129.0000
fimgreg.f
image alignment mode   2311 decimal      907 hex
parameters
    2.2751  -15.2623    9.3998  -10.1351  -23.6325  -11.2847
   10.9096    0.8893   -7.0007   -6.2327   -5.2520    3.9221
eta,q 0.97201 11.02591
niter,ni,del,rscale     5    3    5.0000    0.8000
parameters
    2.3193  -15.3496    9.6014  -10.8297  -23.8903  -11.6768
   11.0510    1.0679   -6.9868   -6.2292   -5.2716    4.4537
eta,q 0.97186 10.98955
  0.0295  0.0285  0.0290  0.0292  0.0289  0.0294  0.0292  0.0305  0.0288  0.0290  0.0288  0.0289
  0.0287  0.0282  0.0285  0.0287  0.0285  0.0290  0.0287  0.0292  0.0284  0.0285  0.0284  0.0285
  0.0282  0.0280  0.0282  0.0282  0.0282  0.0286  0.0283  0.0285  0.0282  0.0282  0.0282  0.0283
  0.0280  0.0280  0.0280  0.0280  0.0281  0.0281  0.0281  0.0281  0.0281  0.0281  0.0281  0.0281
  0.0281  0.0281  0.0280  0.0282  0.0282  0.0281  0.0282  0.0283  0.0282  0.0282  0.0282  0.0282
  0.0286  0.0283  0.0282  0.0291  0.0285  0.0289  0.0285  0.0290  0.0284  0.0285  0.0284  0.0283
  0.0293  0.0287  0.0286  0.0308  0.0293  0.0306  0.0291  0.0302  0.0287  0.0290  0.0288  0.0286
niter,ni,del,rscale     4    3    5.0000    0.7000
parameters
    2.2740  -15.3114    9.4718  -10.5519  -23.9552  -11.6865
   11.0274    0.9782   -6.9923   -6.3217   -5.2599    4.4745
eta,q 0.97191 10.99179
  0.0290  0.0286  0.0286  0.0293  0.0288  0.0293  0.0289  0.0299  0.0286  0.0287  0.0287  0.0286
  0.0285  0.0284  0.0283  0.0288  0.0285  0.0289  0.0285  0.0289  0.0283  0.0284  0.0283  0.0283
  0.0282  0.0282  0.0282  0.0284  0.0282  0.0285  0.0282  0.0283  0.0281  0.0282  0.0281  0.0281
  0.0281  0.0281  0.0281  0.0281  0.0281  0.0281  0.0281  0.0281  0.0281  0.0281  0.0281  0.0281
  0.0283  0.0282  0.0282  0.0280  0.0281  0.0281  0.0282  0.0283  0.0281  0.0282  0.0282  0.0281
  0.0286  0.0283  0.0285  0.0284  0.0284  0.0285  0.0284  0.0290  0.0283  0.0284  0.0283  0.0283
  0.0291  0.0286  0.0288  0.0293  0.0290  0.0297  0.0289  0.0300  0.0286  0.0288  0.0286  0.0285
niter,ni,del,rscale     3    3    5.0000    0.6000
parameters
    2.2861  -15.3038    9.4592  -10.3261  -23.8897  -11.4812
   10.9414    0.9463   -6.9545   -6.3323   -5.2856    4.2999
eta,q 0.97197 11.00642
  0.0288  0.0284  0.0285  0.0290  0.0287  0.0291  0.0286  0.0295  0.0284  0.0285  0.0285  0.0283
  0.0284  0.0282  0.0283  0.0287  0.0284  0.0288  0.0283  0.0287  0.0282  0.0283  0.0282  0.0282
  0.0282  0.0281  0.0281  0.0283  0.0282  0.0284  0.0281  0.0282  0.0281  0.0281  0.0281  0.0280
  0.0281  0.0281  0.0281  0.0281  0.0281  0.0281  0.0280  0.0280  0.0280  0.0280  0.0280  0.0280
  0.0282  0.0281  0.0281  0.0280  0.0281  0.0280  0.0281  0.0282  0.0281  0.0281  0.0281  0.0281
  0.0284  0.0282  0.0283  0.0283  0.0283  0.0284  0.0283  0.0287  0.0282  0.0283  0.0282  0.0282
  0.0288  0.0284  0.0285  0.0290  0.0287  0.0291  0.0287  0.0295  0.0284  0.0285  0.0285  0.0284
niter,ni,del,rscale     2    3    5.0000    0.5000
parameters
    2.3133  -15.3303    9.5351  -10.1822  -23.8367  -11.1769
   10.8583    0.9495   -6.9244   -6.3152   -5.3001    4.1319
eta,q 0.97203 11.02302
  0.0286  0.0282  0.0284  0.0287  0.0284  0.0289  0.0284  0.0291  0.0282  0.0284  0.0283  0.0282
  0.0283  0.0281  0.0282  0.0284  0.0282  0.0286  0.0282  0.0285  0.0281  0.0281  0.0281  0.0281
  0.0281  0.0281  0.0281  0.0282  0.0281  0.0283  0.0280  0.0281  0.0280  0.0280  0.0280  0.0280
  0.0280  0.0280  0.0280  0.0280  0.0280  0.0280  0.0280  0.0280  0.0280  0.0280  0.0280  0.0280
  0.0281  0.0281  0.0280  0.0280  0.0280  0.0280  0.0280  0.0281  0.0280  0.0280  0.0280  0.0280
  0.0282  0.0281  0.0281  0.0282  0.0282  0.0282  0.0282  0.0285  0.0281  0.0281  0.0281  0.0281
  0.0285  0.0283  0.0283  0.0287  0.0284  0.0287  0.0285  0.0291  0.0282  0.0283  0.0283  0.0282
niter,ni,del,rscale     1    3    5.0000    0.4000
parameters
    2.3445  -15.3892    9.6726  -10.0884  -23.8387  -10.8629
   10.7865    0.9790   -6.8666   -6.3176   -5.3185    4.0142
eta,q 0.97207 11.03750
  0.0284  0.0281  0.0283  0.0285  0.0282  0.0287  0.0282  0.0287  0.0281  0.0282  0.0282  0.0281
  0.0282  0.0280  0.0281  0.0282  0.0281  0.0284  0.0281  0.0283  0.0280  0.0280  0.0280  0.0280
  0.0280  0.0280  0.0280  0.0281  0.0280  0.0281  0.0280  0.0280  0.0280  0.0280  0.0280  0.0279
  0.0280  0.0280  0.0280  0.0280  0.0280  0.0280  0.0279  0.0279  0.0279  0.0279  0.0279  0.0279
  0.0280  0.0280  0.0280  0.0280  0.0280  0.0280  0.0280  0.0280  0.0280  0.0280  0.0280  0.0280
  0.0281  0.0281  0.0280  0.0281  0.0281  0.0281  0.0281  0.0283  0.0280  0.0281  0.0280  0.0280
  0.0283  0.0281  0.0281  0.0284  0.0282  0.0284  0.0283  0.0287  0.0281  0.0282  0.0282  0.0281
registration optimization eta report
parameter search radius
    0.8000    0.8000    0.8000    2.4000    2.4000    2.4000
    2.4000    2.4000    2.4000    2.4000    2.4000    2.4000
100000*second partial in parameter space
       56.       23.       33.        8.        5.       10.
        5.       13.        3.        4.        4.        3.
  0.0284  0.0281  0.0283  0.0285  0.0282  0.0287  0.0282  0.0287  0.0281  0.0282  0.0282  0.0281
  0.0282  0.0280  0.0281  0.0282  0.0281  0.0284  0.0281  0.0283  0.0280  0.0280  0.0280  0.0280
  0.0280  0.0280  0.0280  0.0281  0.0280  0.0281  0.0280  0.0280  0.0280  0.0280  0.0280  0.0279
  0.0280  0.0280  0.0280  0.0280  0.0280  0.0280  0.0279  0.0279  0.0279  0.0279  0.0279  0.0279
  0.0280  0.0280  0.0280  0.0280  0.0280  0.0280  0.0280  0.0280  0.0280  0.0280  0.0280  0.0280
  0.0281  0.0281  0.0280  0.0281  0.0281  0.0281  0.0281  0.0283  0.0280  0.0281  0.0280  0.0280
  0.0283  0.0281  0.0281  0.0284  0.0282  0.0284  0.0283  0.0287  0.0281  0.0282  0.0282  0.0281
    2.3445  -15.3892    9.6726  -10.0884  -23.8387  -10.8629
   10.7865    0.9790   -6.8666   -6.3176   -5.3185    4.0142
eta,q 0.97207 11.03750

---------------------------------------------------------------------
compute_vox2vox talsrcimg talsrcimg_to_711-2C_as_mni_average_305_t4 /opt/freesurfer/average/711-2C_as_mni_average_305
---------------------------------------------------------------------

freesurfer compute_vox2vox.c
Reading: talsrcimg.4dfp.ifh
Reading: talsrcimg_to_711-2C_as_mni_average_305_t4
Reading: /opt/freesurfer/average/711-2C_as_mni_average_305.4dfp.ifh
Writing: talsrcimg_to_711-2C_as_mni_average_305_t4_vox2vox.txt

start time Mon Mar 9 11:43:45 CET 2026
end		time Mon Mar 9 11:45:15 CET 2026

mpr2mni305 success

avi2talxfm orig_nu.mgz /opt/freesurfer/average/mni305.cor.mgz talsrcimg_to_711-2C_as_mni_average_305_t4_vox2vox.txt transforms/talairach.auto.xfm
avi2talxfm done
mv -f /out/sourcedata/freesurfer/sub-v1s21x0050428_ses-1/mri/talsrcimg_to_711-2C_as_mni_average_305_t4_vox2vox.txt /out/sourcedata/freesurfer/sub-v1s21x0050428_ses-1/mri/transforms/talsrcimg_to_711-2C_as_mni_average_305_t4_vox2vox.txt
lta_convert --src orig_nu.mgz --trg /opt/freesurfer/average/mni305.cor.mgz --inxfm transforms/talairach.auto.xfm --outlta transforms/talairach.auto.xfm.lta --subject fsaverage
7.3.2

--src: orig_nu.mgz src image (geometry).
--trg: /opt/freesurfer/average/mni305.cor.mgz trg image (geometry).
--inmni: transforms/talairach.auto.xfm input MNI/XFM transform.
--outlta: transforms/talairach.auto.xfm.lta output LTA.
--s: fsaverage subject name
 LTA read, type : 1
 1.09905  -0.02302  -0.15444  -5.18368;
 0.06089   1.11642  -0.06747  -12.40469;
 0.10414   0.09053   1.29348   17.87358;
 0.00000   0.00000   0.00000   1.00000;
setting subject to fsaverage
Writing  LTA to file transforms/talairach.auto.xfm.lta...
lta_convert successful.
 
 
Started at Mon Mar 9 11:43:45 CET 2026
Ended   at Mon Mar  9 11:45:15 CET 2026
talairach_avi done
