/out/sourcedata/freesurfer/sub-v1s21x0050399_ses-1/mri
/opt/freesurfer/bin/talairach_avi
--i orig_nu.mgz --xfm transforms/talairach.auto.xfm
talairach_avi 7.3.2
Linux dna018 5.14.0-427.37.1.el9_4.x86_64 #1 SMP PREEMPT_DYNAMIC Fri Sep 13 12:41:50 EDT 2024 x86_64 x86_64 x86_64 GNU/Linux
Mon Mar  9 09:55:03 CET 2026
mri_convert orig_nu.mgz talsrcimg.img 
reading from orig_nu.mgz...
TR=0.00, TE=0.00, TI=0.00, flip angle=0.00
i_ras = (-1, 0, 0)
j_ras = (0, 0, -1)
k_ras = (0, 1, 0)
writing to talsrcimg.img...
Analyze Output Matrix
-1.00000   0.00000   0.00000   129.50781;
 0.00000   0.00000   1.00000  -128.49219;
 0.00000  -1.00000   0.00000   129.60004;
 0.00000   0.00000   0.00000   1.00000;
--------------------
INFO: set hdr.hist.orient to -1
mpr2mni305 talsrcimg
Mon Mar  9 09:55:03 CET 2026
/opt/freesurfer/bin/mpr2mni305 talsrcimg
mpr2mni305 7.3.2
target=711-2C_as_mni_average_305

---------------------------------------------------------------------
analyzeto4dfp talsrcimg -O0 -y
---------------------------------------------------------------------

freesurfer ifh2hdr.c
Mon Mar  9 09:55:04 2026
Writing: talsrcimg.4dfp.hdr
freesurfer analyzeto4dfp.c
Reading: talsrcimg.hdr
header size 348 bytes
hdr.dime.datatype	offset=70	value=2
hdr.dime.bitpix		offset=72	value=8
hdr.hist.orient		offset=252	value=-1
dimensionality     4
dimensions       256       256       256         1
Reading: talsrcimg.img
Writing: talsrcimg.4dfp.img
Writing: talsrcimg.4dfp.ifh
ifh2hdr talsrcimg -r0to243
ori=2

---------------------------------------------------------------------
gauss_4dfp talsrcimg 1.1
---------------------------------------------------------------------

freesurfer gauss_4dfp.c
Reading: talsrcimg.4dfp.img
Writing: talsrcimg_g11.4dfp.img
image dimensions 256 256 256 padded to 288 288 288
processing volume 1freesurfer ifh2hdr.c
Mon Mar  9 09:55:05 2026
Writing: talsrcimg_g11.4dfp.hdr

Writing: talsrcimg_g11.4dfp.ifh
including: talsrcimg.4dfp.img.rec in talsrcimg_g11.4dfp.img.rec

---------------------------------------------------------------------
imgreg_4dfp /opt/freesurfer/average/711-2C_as_mni_average_305 none talsrcimg_g11 none talsrcimg_to_711-2C_as_mni_average_305_t4 4355
---------------------------------------------------------------------

freesurfer imgreg_4dfp.c
/opt/freesurfer/average/711-2C_as_mni_average_305.4dfp.img
       256       256       256         1
  1.000000  1.000000  1.000000
orientation T byte_order littleendian
Reading image: /opt/freesurfer/average/711-2C_as_mni_average_305.4dfp.img
dimensions:      256       256       256
mmppix:       1.0000   -1.0000   -1.0000
center:     128.0000 -129.0000 -129.0000
talsrcimg_g11.4dfp.img
       256       256       256         1
  1.000000  1.000000  1.000000
orientation T byte_order littleendian
Reading image: talsrcimg_g11.4dfp.img
dimensions:      256       256       256
mmppix:       1.0000   -1.0000   -1.0000
center:     128.0000 -129.0000 -129.0000
t4_read: open error in t4_sub.f l:  41 t4_file(1:l)talsrcimg_to_711-2C_as_mni_average_305_t4 
t4_read: transform initialized to I4
rotation matrix determinant  1.000000
image alignment mode   4355 decimal     1103 hex
   -7.5000  -45.0000  -45.0000 7470.6309   17.1074
    0.0000  -45.0000  -45.0000 7922.4204   17.1136
    7.5000  -45.0000  -45.0000 7616.5273   17.1221
   -7.5000  -37.5000  -45.0000 7950.0542   17.0688
    0.0000  -37.5000  -45.0000 8409.7217   17.0735
    7.5000  -37.5000  -45.0000 8079.6704   17.0765
   -7.5000  -30.0000  -45.0000 8672.3701   17.0549
    0.0000  -30.0000  -45.0000 9185.4697   17.0606
    7.5000  -30.0000  -45.0000 8818.3877   17.0604
   -7.5000  -22.5000  -45.0000 9316.2773   17.0860
    0.0000  -22.5000  -45.0000 9881.7188   17.0935
    7.5000  -22.5000  -45.0000 9481.6406   17.0949
   -7.5000  -15.0000  -45.0000 9905.0186   17.1271
    0.0000  -15.0000  -45.000010498.2510   17.1357
    7.5000  -15.0000  -45.000010076.1543   17.1407
   -7.5000   -7.5000  -45.000010534.5674   17.1346
    0.0000   -7.5000  -45.000011166.0645   17.1430
    7.5000   -7.5000  -45.000010690.6143   17.1519
   -7.5000    0.0000  -45.000011109.4941   17.1074
    0.0000    0.0000  -45.000011746.0586   17.1136
    7.5000    0.0000  -45.000011241.1885   17.1221
   -7.5000    7.5000  -45.000010843.3906   17.0688
    0.0000    7.5000  -45.000011469.6094   17.0735
    7.5000    7.5000  -45.000010947.2021   17.0765
   -7.5000   15.0000  -45.000010408.2363   17.0549
    0.0000   15.0000  -45.000011041.2100   17.0606
    7.5000   15.0000  -45.000010525.2998   17.0604
   -7.5000   22.5000  -45.0000 9749.9824   17.0837
    0.0000   22.5000  -45.000010349.8662   17.0911
    7.5000   22.5000  -45.0000 9885.0820   17.0926
   -7.5000   30.0000  -45.0000 8903.4795   16.8989
    0.0000   30.0000  -45.0000 9450.0361   16.9074
    7.5000   30.0000  -45.0000 9030.1660   16.9123
   -7.5000   37.5000  -45.0000 8434.1455   16.9062
    0.0000   37.5000  -45.0000 8952.0615   16.9146
    7.5000   37.5000  -45.0000 8531.5938   16.9233
   -7.5000   45.0000  -45.0000 7710.0854   16.4508
    0.0000   45.0000  -45.0000 8172.3540   16.4568
    7.5000   45.0000  -45.0000 7772.3862   16.4649
   -7.5000  -45.0000  -37.5000 8011.8647   16.9701
    0.0000  -45.0000  -37.5000 8475.2734   16.9796
    7.5000  -45.0000  -37.5000 8134.1704   16.9876
   -7.5000  -37.5000  -37.5000 8516.4902   16.9466
    0.0000  -37.5000  -37.5000 9019.1025   16.9557
    7.5000  -37.5000  -37.5000 8638.1221   16.9573
   -7.5000  -30.0000  -37.5000 9292.0166   16.9416
    0.0000  -30.0000  -37.5000 9850.6523   16.9524
    7.5000  -30.0000  -37.5000 9414.8594   16.9518
   -7.5000  -22.5000  -37.5000 9979.4082   16.9663
    0.0000  -22.5000  -37.500010558.7656   16.9789
    7.5000  -22.5000  -37.500010120.2451   16.9825
   -7.5000  -15.0000  -37.500010571.9570   16.9934
    0.0000  -15.0000  -37.500011200.0928   17.0065
    7.5000  -15.0000  -37.500010723.3311   17.0152
   -7.5000   -7.5000  -37.500011219.2275   16.9923
    0.0000   -7.5000  -37.500011896.8652   17.0038
    7.5000   -7.5000  -37.500011381.6494   17.0149
   -7.5000    0.0000  -37.500011796.2129   16.9701
    0.0000    0.0000  -37.500012488.1113   16.9796
    7.5000    0.0000  -37.500011945.5869   16.9876
   -7.5000    7.5000  -37.500011477.4316   16.9466
    0.0000    7.5000  -37.500012192.8438   16.9557
    7.5000    7.5000  -37.500011643.7461   16.9573
   -7.5000   15.0000  -37.500011011.5117   16.9416
    0.0000   15.0000  -37.500011698.0176   16.9524
    7.5000   15.0000  -37.500011165.0713   16.9518
   -7.5000   22.5000  -37.500010320.5010   16.9640
    0.0000   22.5000  -37.500010947.1562   16.9766
    7.5000   22.5000  -37.500010454.5244   16.9802
   -7.5000   30.0000  -37.5000 9428.3877   16.7670
    0.0000   30.0000  -37.5000 9979.3184   16.7798
    7.5000   30.0000  -37.5000 9546.0215   16.7884
   -7.5000   37.5000  -37.5000 8897.0771   16.7659
    0.0000   37.5000  -37.5000 9407.9424   16.7772
    7.5000   37.5000  -37.5000 9000.6230   16.7881
   -7.5000   45.0000  -37.5000 8117.4727   16.3188
    0.0000   45.0000  -37.5000 8588.0137   16.3279
    7.5000   45.0000  -37.5000 8192.5234   16.3356
   -7.5000  -45.0000  -30.0000 8710.6865   17.6293
    0.0000  -45.0000  -30.0000 9189.5889   17.6476
    7.5000  -45.0000  -30.0000 8843.1865   17.6591
   -7.5000  -37.5000  -30.0000 9260.3945   17.6264
    0.0000  -37.5000  -30.0000 9769.8027   17.6436
    7.5000  -37.5000  -30.0000 9375.8926   17.6474
   -7.5000  -30.0000  -30.000010118.9619   17.6373
    0.0000  -30.0000  -30.000010677.5918   17.6559
    7.5000  -30.0000  -30.000010219.3604   17.6589
   -7.5000  -22.5000  -30.000010877.8896   17.6564
    0.0000  -22.5000  -30.000011468.2158   17.6782
    7.5000  -22.5000  -30.000010980.9014   17.6888
   -7.5000  -15.0000  -30.000011516.2881   17.6638
    0.0000  -15.0000  -30.000012193.9219   17.6871
    7.5000  -15.0000  -30.000011650.6738   17.7053
   -7.5000   -7.5000  -30.000012176.2324   17.6478
    0.0000   -7.5000  -30.000012936.6787   17.6688
    7.5000   -7.5000  -30.000012334.7881   17.6871
   -7.5000    0.0000  -30.000012768.7930   17.6293
    0.0000    0.0000  -30.000013529.5566   17.6476
    7.5000    0.0000  -30.000012940.1777   17.6591
   -7.5000    7.5000  -30.000012386.2598   17.6264
    0.0000    7.5000  -30.000013144.4629   17.6436
    7.5000    7.5000  -30.000012565.2500   17.6474
   -7.5000   15.0000  -30.000011879.8350   17.6373
    0.0000   15.0000  -30.000012567.4375   17.6559
    7.5000   15.0000  -30.000012031.2988   17.6589
   -7.5000   22.5000  -30.000011120.6445   17.6521
    0.0000   22.5000  -30.000011740.3975   17.6739
    7.5000   22.5000  -30.000011237.2812   17.6846
   -7.5000   30.0000  -30.000010140.5918   17.4300
    0.0000   30.0000  -30.000010691.7344   17.4531
    7.5000   30.0000  -30.000010240.5596   17.4711
   -7.5000   37.5000  -30.0000 9534.0986   17.4142
    0.0000   37.5000  -30.000010081.4795   17.4350
    7.5000   37.5000  -30.0000 9640.2783   17.4531
   -7.5000   45.0000  -30.0000 8674.2168   16.9651
    0.0000   45.0000  -30.0000 9173.7793   16.9827
    7.5000   45.0000  -30.0000 8751.6533   16.9938
   -7.5000  -45.0000  -22.5000 9447.8633   18.2179
    0.0000  -45.0000  -22.5000 9936.1621   18.2424
    7.5000  -45.0000  -22.5000 9564.0234   18.2594
   -7.5000  -37.5000  -22.500010010.7461   18.2215
    0.0000  -37.5000  -22.500010548.8096   18.2427
    7.5000  -37.5000  -22.500010120.9580   18.2506
   -7.5000  -30.0000  -22.500010946.1299   18.2397
    0.0000  -30.0000  -22.500011524.3984   18.2615
    7.5000  -30.0000  -22.500011047.3682   18.2682
   -7.5000  -22.5000  -22.500011770.6309   18.2591
    0.0000  -22.5000  -22.500012385.8672   18.2859
    7.5000  -22.5000  -22.500011862.3740   18.3018
   -7.5000  -15.0000  -22.500012476.7949   18.2600
    0.0000  -15.0000  -22.500013185.2910   18.2908
    7.5000  -15.0000  -22.500012587.4023   18.3161
   -7.5000   -7.5000  -22.500013183.4609   18.2370
    0.0000   -7.5000  -22.500013975.5371   18.2661
    7.5000   -7.5000  -22.500013315.2676   18.2914
   -7.5000    0.0000  -22.500013801.1953   18.2179
    0.0000    0.0000  -22.500014627.2832   18.2424
    7.5000    0.0000  -22.500013949.1982   18.2594
   -7.5000    7.5000  -22.500013339.7373   18.2215
    0.0000    7.5000  -22.500014139.8711   18.2427
    7.5000    7.5000  -22.500013507.5986   18.2506
   -7.5000   15.0000  -22.500012756.5068   18.2397
    0.0000   15.0000  -22.500013479.5840   18.2615
    7.5000   15.0000  -22.500012895.4229   18.2682
   -7.5000   22.5000  -22.500011955.8896   18.2535
    0.0000   22.5000  -22.500012602.4512   18.2803
    7.5000   22.5000  -22.500012061.0977   18.2962
   -7.5000   30.0000  -22.500010895.6172   18.0211
    0.0000   30.0000  -22.500011461.5195   18.0516
    7.5000   30.0000  -22.500010975.7393   18.0766
   -7.5000   37.5000  -22.500010230.3809   17.9985
    0.0000   37.5000  -22.500010774.2539   18.0272
    7.5000   37.5000  -22.500010307.4219   18.0521
   -7.5000   45.0000  -22.5000 9268.6143   17.5447
    0.0000   45.0000  -22.5000 9800.3936   17.5683
    7.5000   45.0000  -22.5000 9349.2559   17.5847
   -7.5000  -45.0000  -15.000010169.2295   18.6563
    0.0000  -45.0000  -15.000010687.9834   18.6794
    7.5000  -45.0000  -15.000010284.6328   18.6988
   -7.5000  -37.5000  -15.000010782.0771   18.6467
    0.0000  -37.5000  -15.000011358.8604   18.6650
    7.5000  -37.5000  -15.000010899.5020   18.6754
   -7.5000  -30.0000  -15.000011769.9873   18.6576
    0.0000  -30.0000  -15.000012422.0137   18.6758
    7.5000  -30.0000  -15.000011900.7715   18.6832
   -7.5000  -22.5000  -15.000012625.7891   18.6835
    0.0000  -22.5000  -15.000013338.3311   18.7067
    7.5000  -22.5000  -15.000012744.9072   18.7211
   -7.5000  -15.0000  -15.000013385.9209   18.6970
    0.0000  -15.0000  -15.000014179.9258   18.7253
    7.5000  -15.0000  -15.000013505.6094   18.7481
   -7.5000   -7.5000  -15.000014158.1846   18.6808
    0.0000   -7.5000  -15.000015048.5605   18.7088
    7.5000   -7.5000  -15.000014315.8008   18.7338
   -7.5000    0.0000  -15.000014860.8750   18.6563
    0.0000    0.0000  -15.000015779.4590   18.6794
    7.5000    0.0000  -15.000015012.6826   18.6988
   -7.5000    7.5000  -15.000014363.8994   18.6467
    0.0000    7.5000  -15.000015232.2090   18.6650
    7.5000    7.5000  -15.000014521.6543   18.6754
   -7.5000   15.0000  -15.000013645.5059   18.6576
    0.0000   15.0000  -15.000014422.8809   18.6758
    7.5000   15.0000  -15.000013775.2754   18.6832
   -7.5000   22.5000  -15.000012766.1445   18.6769
    0.0000   22.5000  -15.000013455.8467   18.7001
    7.5000   22.5000  -15.000012851.8184   18.7145
   -7.5000   30.0000  -15.000011645.5625   18.4550
    0.0000   30.0000  -15.000012281.0938   18.4830
    7.5000   30.0000  -15.000011714.6074   18.5055
   -7.5000   37.5000  -15.000010943.4854   18.4390
    0.0000   37.5000  -15.000011522.1982   18.4667
    7.5000   37.5000  -15.000011000.5322   18.4914
   -7.5000   45.0000  -15.0000 9891.6592   17.9778
    0.0000   45.0000  -15.000010443.7988   18.0000
    7.5000   45.0000  -15.0000 9942.2109   18.0187
   -7.5000  -45.0000   -7.500010906.8652   18.8994
    0.0000  -45.0000   -7.500011500.0107   18.9136
    7.5000  -45.0000   -7.500011048.0771   18.9294
   -7.5000  -37.5000   -7.500011585.1006   18.8663
    0.0000  -37.5000   -7.500012238.6680   18.8767
    7.5000  -37.5000   -7.500011715.2568   18.8853
   -7.5000  -30.0000   -7.500012653.7822   18.8599
    0.0000  -30.0000   -7.500013408.9521   18.8706
    7.5000  -30.0000   -7.500012805.9072   18.8753
   -7.5000  -22.5000   -7.500013512.0635   18.8933
    0.0000  -22.5000   -7.500014379.8369   18.9072
    7.5000  -22.5000   -7.500013698.5723   18.9148
   -7.5000  -15.0000   -7.500014301.8867   18.9292
    0.0000  -15.0000   -7.500015233.1592   18.9466
    7.5000  -15.0000   -7.500014471.5146   18.9597
   -7.5000   -7.5000   -7.500015166.5420   18.9290
    0.0000   -7.5000   -7.500016177.9307   18.9471
    7.5000   -7.5000   -7.500015345.5449   18.9644
   -7.5000    0.0000   -7.500015959.8799   18.8994
    0.0000    0.0000   -7.500016980.1973   18.9136
    7.5000    0.0000   -7.500016089.4893   18.9294
   -7.5000    7.5000   -7.500015451.3232   18.8663
    0.0000    7.5000   -7.500016399.3672   18.8767
    7.5000    7.5000   -7.500015582.4785   18.8853
   -7.5000   15.0000   -7.500014613.2139   18.8599
    0.0000   15.0000   -7.500015470.0020   18.8706
    7.5000   15.0000   -7.500014734.4053   18.8753
   -7.5000   22.5000   -7.500013634.3389   18.8846
    0.0000   22.5000   -7.500014394.2109   18.8984
    7.5000   22.5000   -7.500013749.8652   18.9061
   -7.5000   30.0000   -7.500012466.6592   18.6837
    0.0000   30.0000   -7.500013195.3428   18.7009
    7.5000   30.0000   -7.500012579.4004   18.7138
   -7.5000   37.5000   -7.500011717.2090   18.6836
    0.0000   37.5000   -7.500012403.4053   18.7014
    7.5000   37.5000   -7.500011788.2822   18.7184
   -7.5000   45.0000   -7.500010569.1387   18.2154
    0.0000   45.0000   -7.500011211.2832   18.2292
    7.5000   45.0000   -7.500010619.5576   18.2443
   -7.5000  -45.0000    0.000011568.8721   18.9594
    0.0000  -45.0000    0.000012214.9355   18.9667
    7.5000  -45.0000    0.000011709.5791   18.9771
   -7.5000  -37.5000    0.000012311.8633   18.9172
    0.0000  -37.5000    0.000013014.5684   18.9227
    7.5000  -37.5000    0.000012444.3037   18.9265
   -7.5000  -30.0000    0.000013454.9150   18.9024
    0.0000  -30.0000    0.000014328.2148   18.9094
    7.5000  -30.0000    0.000013664.0391   18.9094
   -7.5000  -22.5000    0.000014393.9990   18.9369
    0.0000  -22.5000    0.000015404.6182   18.9460
    7.5000  -22.5000    0.000014639.0244   18.9482
   -7.5000  -15.0000    0.000015165.6846   18.9816
    0.0000  -15.0000    0.000016253.8506   18.9921
    7.5000  -15.0000    0.000015413.4141   18.9988
   -7.5000   -7.5000    0.000016085.4688   18.9894
    0.0000   -7.5000    0.000017206.8477   18.9995
    7.5000   -7.5000    0.000016269.5625   19.0106
   -7.5000    0.0000    0.000016958.1191   18.9594
    0.0000    0.0000    0.000018095.2930   18.9667
    7.5000    0.0000    0.000017099.2891   18.9771
   -7.5000    7.5000    0.000016423.9941   18.9172
    0.0000    7.5000    0.000017493.0059   18.9227
    7.5000    7.5000    0.000016556.0840   18.9265
   -7.5000   15.0000    0.000015511.1816   18.9024
    0.0000   15.0000    0.000016528.6113   18.9094
    7.5000   15.0000    0.000015637.5020   18.9094
   -7.5000   22.5000    0.000014450.8701   18.9282
    0.0000   22.5000    0.000015370.9053   18.9372
    7.5000   22.5000    0.000014569.2227   18.9395
   -7.5000   30.0000    0.000013232.7725   18.7359
    0.0000   30.0000    0.000014093.7773   18.7463
    7.5000   30.0000    0.000013385.8359   18.7530
   -7.5000   37.5000    0.000012431.6367   18.7436
    0.0000   37.5000    0.000013244.3926   18.7536
    7.5000   37.5000    0.000012570.4668   18.7646
   -7.5000   45.0000    0.000011206.8203   18.2747
    0.0000   45.0000    0.000011943.5020   18.2818
    7.5000   45.0000    0.000011289.0801   18.2917
   -7.5000  -45.0000    7.500011221.8330   18.9537
    0.0000  -45.0000    7.500011905.7539   18.9641
    7.5000  -45.0000    7.500011378.3516   18.9731
   -7.5000  -37.5000    7.500011987.1738   18.9279
    0.0000  -37.5000    7.500012727.3643   18.9379
    7.5000  -37.5000    7.500012140.7451   18.9396
   -7.5000  -30.0000    7.500013185.3848   18.9232
    0.0000  -30.0000    7.500014125.6514   18.9353
    7.5000  -30.0000    7.500013446.3887   18.9345
   -7.5000  -22.5000    7.500014239.4199   18.9509
    0.0000  -22.5000    7.500015479.6846   18.9652
    7.5000  -22.5000    7.500014633.5537   18.9694
   -7.5000  -15.0000    7.500015059.5264   18.9805
    0.0000  -15.0000    7.500016420.4238   18.9952
    7.5000  -15.0000    7.500015454.0195   19.0053
   -7.5000   -7.5000    7.500015960.7314   18.9786
    0.0000   -7.5000    7.500017213.6211   18.9914
    7.5000   -7.5000    7.500016195.2148   19.0041
   -7.5000    0.0000    7.500016771.4082   18.9537
    0.0000    0.0000    7.500017965.3809   18.9641
    7.5000    0.0000    7.500016927.7949   18.9731
   -7.5000    7.5000    7.500016192.4365   18.9279
    0.0000    7.5000    7.500017343.6133   18.9379
    7.5000    7.5000    7.500016317.3516   18.9396
   -7.5000   15.0000    7.500015230.9893   18.9232
    0.0000   15.0000    7.500016348.2930   18.9353
    7.5000   15.0000    7.500015374.6885   18.9345
   -7.5000   22.5000    7.500014161.1904   18.9422
    0.0000   22.5000    7.500015156.4658   18.9565
    7.5000   22.5000    7.500014271.0293   18.9606
   -7.5000   30.0000    7.500012965.9268   18.7348
    0.0000   30.0000    7.500013876.0410   18.7494
    7.5000   30.0000    7.500013105.2598   18.7593
   -7.5000   37.5000    7.500012180.5791   18.7330
    0.0000   37.5000    7.500013026.8525   18.7457
    7.5000   37.5000    7.500012329.6807   18.7581
   -7.5000   45.0000    7.500010964.0479   18.2692
    0.0000   45.0000    7.500011714.9736   18.2792
    7.5000   45.0000    7.500011071.1768   18.2879
   -7.5000  -45.0000   15.000010775.8359   18.9310
    0.0000  -45.0000   15.000011428.9590   18.9506
    7.5000  -45.0000   15.000010956.8447   18.9630
   -7.5000  -37.5000   15.000011490.8955   18.9278
    0.0000  -37.5000   15.000012172.7188   18.9463
    7.5000  -37.5000   15.000011646.0293   18.9504
   -7.5000  -30.0000   15.000012709.6494   18.9395
    0.0000  -30.0000   15.000013690.6631   18.9595
    7.5000  -30.0000   15.000012988.3477   18.9627
   -7.5000  -22.5000   15.000013867.5332   18.9600
    0.0000  -22.5000   15.000015459.8779   18.9834
    7.5000  -22.5000   15.000014446.5283   18.9949
   -7.5000  -15.0000   15.000014771.3477   18.9680
    0.0000  -15.0000   15.000016485.8945   18.9930
    7.5000  -15.0000   15.000015371.5918   19.0126
   -7.5000   -7.5000   15.000015562.8105   18.9508
    0.0000   -7.5000   15.000016958.6191   18.9734
    7.5000   -7.5000   15.000015904.3271   18.9930
   -7.5000    0.0000   15.000016190.8516   18.9310
    0.0000    0.0000   15.000017446.6992   18.9506
    7.5000    0.0000   15.000016437.6758   18.9630
   -7.5000    7.5000   15.000015611.3389   18.9278
    0.0000    7.5000   15.000016814.8965   18.9463
    7.5000    7.5000   15.000015830.0859   18.9504
   -7.5000   15.0000   15.000014700.3320   18.9395
    0.0000   15.0000   15.000015803.4443   18.9595
    7.5000   15.0000   15.000014890.6934   18.9627
   -7.5000   22.5000   15.000013648.3604   18.9513
    0.0000   22.5000   15.000014574.0400   18.9747
    7.5000   22.5000   15.000013776.7734   18.9861
   -7.5000   30.0000   15.000012522.2080   18.7225
    0.0000   30.0000   15.000013311.2910   18.7472
    7.5000   30.0000   15.000012617.5371   18.7666
   -7.5000   37.5000   15.000011734.9277   18.7055
    0.0000   37.5000   15.000012513.8828   18.7278
    7.5000   37.5000   15.000011862.2578   18.7472
   -7.5000   45.0000   15.000010559.6406   18.2473
    0.0000   45.0000   15.000011259.9932   18.2662
    7.5000   45.0000   15.000010659.2188   18.2781
   -7.5000  -45.0000   22.500010279.7070   18.9116
    0.0000  -45.0000   22.500010931.7246   18.9371
    7.5000  -45.0000   22.500010462.3594   18.9548
   -7.5000  -37.5000   22.500010928.2002   18.9153
    0.0000  -37.5000   22.500011600.9570   18.9374
    7.5000  -37.5000   22.500011069.9922   18.9456
   -7.5000  -30.0000   22.500012056.4404   18.9343
    0.0000  -30.0000   22.500012947.5654   18.9569
    7.5000  -30.0000   22.500012300.9893   18.9638
   -7.5000  -22.5000   22.500013164.3799   18.9544
    0.0000  -22.5000   22.500014543.9580   18.9823
    7.5000  -22.5000   22.500013698.6084   18.9988
   -7.5000  -15.0000   22.500014042.8926   18.9553
    0.0000  -15.0000   22.500015352.1543   18.9873
    7.5000  -15.0000   22.500014533.3857   19.0136
   -7.5000   -7.5000   22.500014814.6699   18.9315
    0.0000   -7.5000   22.500015847.2754   18.9617
    7.5000   -7.5000   22.500015101.2041   18.9879
   -7.5000    0.0000   22.500015457.2578   18.9116
    0.0000    0.0000   22.500016459.5195   18.9371
    7.5000    0.0000   22.500015715.6992   18.9548
   -7.5000    7.5000   22.500014889.3887   18.9153
    0.0000    7.5000   22.500015916.8047   18.9374
    7.5000    7.5000   22.500015153.8613   18.9456
   -7.5000   15.0000   22.500014029.8086   18.9343
    0.0000   15.0000   22.500014975.2197   18.9569
    7.5000   15.0000   22.500014248.1387   18.9638
   -7.5000   22.5000   22.500012969.3955   18.9457
    0.0000   22.5000   22.500013794.5791   18.9735
    7.5000   22.5000   22.500013140.9141   18.9900
   -7.5000   30.0000   22.500011917.0283   18.7100
    0.0000   30.0000   22.500012622.0361   18.7416
    7.5000   30.0000   22.500012043.7676   18.7675
   -7.5000   37.5000   22.500011230.4111   18.6865
    0.0000   37.5000   22.500011865.2891   18.7163
    7.5000   37.5000   22.500011327.7412   18.7422
   -7.5000   45.0000   22.500010098.6006   18.2286
    0.0000   45.0000   22.500010689.8115   18.2532
    7.5000   45.0000   22.500010177.7959   18.2702
   -7.5000  -45.0000   30.0000 9683.9033   18.9135
    0.0000  -45.0000   30.000010245.8359   18.9369
    7.5000  -45.0000   30.0000 9836.0156   18.9566
   -7.5000  -37.5000   30.000010294.3389   18.9038
    0.0000  -37.5000   30.000010822.5068   18.9224
    7.5000  -37.5000   30.000010391.8955   18.9329
   -7.5000  -30.0000   30.000011304.9561   18.9148
    0.0000  -30.0000   30.000011983.9287   18.9333
    7.5000  -30.0000   30.000011519.7246   18.9409
   -7.5000  -22.5000   30.000012284.6670   18.9411
    0.0000  -22.5000   30.000013170.9004   18.9646
    7.5000  -22.5000   30.000012648.4785   18.9793
   -7.5000  -15.0000   30.000013073.5547   18.9547
    0.0000  -15.0000   30.000013806.7861   18.9835
    7.5000  -15.0000   30.000013290.9873   19.0066
   -7.5000   -7.5000   30.000013810.0166   18.9383
    0.0000   -7.5000   30.000014436.6895   18.9667
    7.5000   -7.5000   30.000013949.4541   18.9921
   -7.5000    0.0000   30.000014491.8789   18.9135
    0.0000    0.0000   30.000015211.1953   18.9369
    7.5000    0.0000   30.000014653.8291   18.9566
   -7.5000    7.5000   30.000014034.3193   18.9038
    0.0000    7.5000   30.000014788.0908   18.9224
    7.5000    7.5000   30.000014195.6377   18.9329
   -7.5000   15.0000   30.000013246.3779   18.9148
    0.0000   15.0000   30.000013961.8945   18.9333
    7.5000   15.0000   30.000013404.2773   18.9409
   -7.5000   22.5000   30.000012194.7549   18.9324
    0.0000   22.5000   30.000012866.3721   18.9559
    7.5000   22.5000   30.000012353.3691   18.9706
   -7.5000   30.0000   30.000011178.4707   18.7094
    0.0000   30.0000   30.000011797.8730   18.7378
    7.5000   30.0000   30.000011320.8115   18.7607
   -7.5000   37.5000   30.000010534.4277   18.6932
    0.0000   37.5000   30.000011078.9727   18.7212
    7.5000   37.5000   30.000010627.1025   18.7463
   -7.5000   45.0000   30.0000 9456.4375   18.2305
    0.0000   45.0000   30.0000 9926.9346   18.2530
    7.5000   45.0000   30.0000 9510.4277   18.2720
   -7.5000  -45.0000   37.5000 9376.9678   19.0587
    0.0000  -45.0000   37.5000 9822.8008   19.0735
    7.5000  -45.0000   37.5000 9455.8887   19.0900
   -7.5000  -37.5000   37.5000 9946.3223   19.0250
    0.0000  -37.5000   37.500010391.3516   19.0358
    7.5000  -37.5000   37.500010014.7217   19.0452
   -7.5000  -30.0000   37.500010909.4365   19.0189
    0.0000  -30.0000   37.500011479.2852   19.0300
    7.5000  -30.0000   37.500011099.3477   19.0353
   -7.5000  -22.5000   37.500011796.3467   19.0530
    0.0000  -22.5000   37.500012449.9248   19.0674
    7.5000  -22.5000   37.500012048.8057   19.0756
   -7.5000  -15.0000   37.500012514.6719   19.0895
    0.0000  -15.0000   37.500013046.8809   19.1075
    7.5000  -15.0000   37.500012636.6895   19.1211
   -7.5000   -7.5000   37.500013222.3574   19.0892
    0.0000   -7.5000   37.500013755.0098   19.1078
    7.5000   -7.5000   37.500013306.5078   19.1258
   -7.5000    0.0000   37.500013923.9883   19.0587
    0.0000    0.0000   37.500014481.4990   19.0735
    7.5000    0.0000   37.500014013.0918   19.0900
   -7.5000    7.5000   37.500013549.6709   19.0250
    0.0000    7.5000   37.500014141.3320   19.0358
    7.5000    7.5000   37.500013627.1035   19.0452
   -7.5000   15.0000   37.500012848.4980   19.0189
    0.0000   15.0000   37.500013454.4893   19.0300
    7.5000   15.0000   37.500012922.4482   19.0353
   -7.5000   22.5000   37.500011816.0127   19.0442
    0.0000   22.5000   37.500012396.6211   19.0586
    7.5000   22.5000   37.500011899.3672   19.0668
   -7.5000   30.0000   37.500010806.5117   18.8424
    0.0000   30.0000   37.500011361.9434   18.8602
    7.5000   30.0000   37.500010901.8633   18.8737
   -7.5000   37.5000   37.500010165.9121   18.8421
    0.0000   37.5000   37.500010661.7207   18.8606
    7.5000   37.5000   37.500010229.2598   18.8782
   -7.5000   45.0000   37.5000 9090.9961   18.3704
    0.0000   45.0000   37.5000 9523.8105   18.3846
    7.5000   45.0000   37.5000 9128.2246   18.4006
   -7.5000  -45.0000   45.0000 8610.4609   19.2695
    0.0000  -45.0000   45.0000 8994.7754   19.2782
    7.5000  -45.0000   45.0000 8680.4209   19.2898
   -7.5000  -37.5000   45.0000 9169.0977   19.2263
    0.0000  -37.5000   45.0000 9578.1621   19.2332
    7.5000  -37.5000   45.0000 9223.2910   19.2379
   -7.5000  -30.0000   45.000010049.2549   19.2121
    0.0000  -30.0000   45.000010569.1484   19.2202
    7.5000  -30.0000   45.000010206.9365   19.2210
   -7.5000  -22.5000   45.000010830.6445   19.2482
    0.0000  -22.5000   45.000011364.5186   19.2583
    7.5000  -22.5000   45.000010983.1992   19.2615
   -7.5000  -15.0000   45.000011468.0645   19.2941
    0.0000  -15.0000   45.000011943.2393   19.3058
    7.5000  -15.0000   45.000011541.8193   19.3135
   -7.5000   -7.5000   45.000012108.6201   19.3012
    0.0000   -7.5000   45.000012604.3135   19.3127
    7.5000   -7.5000   45.000012181.0127   19.3251
   -7.5000    0.0000   45.000012745.9121   19.2695
    0.0000    0.0000   45.000013243.9238   19.2782
    7.5000    0.0000   45.000012808.3340   19.2898
   -7.5000    7.5000   45.000012422.4551   19.2263
    0.0000    7.5000   45.000012936.4258   19.2332
    7.5000    7.5000   45.000012466.4609   19.2379
   -7.5000   15.0000   45.000011786.2812   19.2121
    0.0000   15.0000   45.000012326.8984   19.2202
    7.5000   15.0000   45.000011845.4570   19.2210
   -7.5000   22.5000   45.000010845.9824   19.2393
    0.0000   22.5000   45.000011382.0264   19.2494
    7.5000   22.5000   45.000010926.4980   19.2525
   -7.5000   30.0000   45.0000 9949.5078   19.0427
    0.0000   30.0000   45.000010453.2266   19.0542
    7.5000   30.0000   45.000010025.4365   19.0619
   -7.5000   37.5000   45.0000 9368.8613   19.0498
    0.0000   37.5000   45.0000 9810.8252   19.0611
    7.5000   37.5000   45.0000 9398.5342   19.0733
   -7.5000   45.0000   45.0000 8361.3135   18.5820
    0.0000   45.0000   45.0000 8759.6416   18.5904
    7.5000   45.0000   45.0000 8381.2900   18.6016

---------------------------------------------------------------------
imgreg_4dfp /opt/freesurfer/average/711-2C_as_mni_average_305 /opt/freesurfer/average/711-2B_as_mni_average_305_mask talsrcimg_g11 none talsrcimg_to_711-2C_as_mni_average_305_t4 4355
---------------------------------------------------------------------

freesurfer imgreg_4dfp.c
/opt/freesurfer/average/711-2C_as_mni_average_305.4dfp.img
       256       256       256         1
  1.000000  1.000000  1.000000
orientation T byte_order littleendian
Reading image: /opt/freesurfer/average/711-2C_as_mni_average_305.4dfp.img
dimensions:      256       256       256
mmppix:       1.0000   -1.0000   -1.0000
center:     128.0000 -129.0000 -129.0000
/opt/freesurfer/average/711-2B_as_mni_average_305_mask.4dfp.img
       256       256       256         1
  1.000000  1.000000  1.000000
orientation T byte_order littleendian
Reading mask: /opt/freesurfer/average/711-2B_as_mni_average_305_mask.4dfp.img (2306576 pixels)
talsrcimg_g11.4dfp.img
       256       256       256         1
  1.000000  1.000000  1.000000
orientation T byte_order littleendian
Reading image: talsrcimg_g11.4dfp.img
dimensions:      256       256       256
mmppix:       1.0000   -1.0000   -1.0000
center:     128.0000 -129.0000 -129.0000
rotation matrix determinant  1.000000
image alignment mode   4355 decimal     1103 hex
   -7.5000  -45.0000  -45.0000 2111.3259   21.1009
    0.0000  -45.0000  -45.0000 2129.8198   21.0365
    7.5000  -45.0000  -45.0000 2123.3247   20.9304
   -7.5000  -37.5000  -45.0000 2187.4971   19.5747
    0.0000  -37.5000  -45.0000 2201.1750   19.5169
    7.5000  -37.5000  -45.0000 2196.6550   19.4183
   -7.5000  -30.0000  -45.0000 2230.7412   18.4727
    0.0000  -30.0000  -45.0000 2248.5959   18.3867
    7.5000  -30.0000  -45.0000 2241.5444   18.3200
   -7.5000  -22.5000  -45.0000 2256.3203   17.8100
    0.0000  -22.5000  -45.0000 2274.9814   17.6719
    7.5000  -22.5000  -45.0000 2270.0066   17.5918
   -7.5000  -15.0000  -45.0000 2269.3145   17.5171
    0.0000  -15.0000  -45.0000 2289.0161   17.3318
    7.5000  -15.0000  -45.0000 2283.4180   17.2501
   -7.5000   -7.5000  -45.0000 2263.5854   17.5859
    0.0000   -7.5000  -45.0000 2288.6472   17.4098
    7.5000   -7.5000  -45.0000 2279.0796   17.3710
   -7.5000    0.0000  -45.0000 2239.7031   18.0461
    0.0000    0.0000  -45.0000 2263.7988   17.8596
    7.5000    0.0000  -45.0000 2253.8079   17.8156
   -7.5000    7.5000  -45.0000 2198.3625   18.7537
    0.0000    7.5000  -45.0000 2223.3579   18.5843
    7.5000    7.5000  -45.0000 2210.1897   18.4956
   -7.5000   15.0000  -45.0000 2137.6067   19.7651
    0.0000   15.0000  -45.0000 2161.8447   19.6032
    7.5000   15.0000  -45.0000 2151.9280   19.4727
   -7.5000   22.5000  -45.0000 2052.9016   21.3033
    0.0000   22.5000  -45.0000 2071.4114   21.1053
    7.5000   22.5000  -45.0000 2069.3643   20.9453
   -7.5000   30.0000  -45.0000 1954.6135   23.3844
    0.0000   30.0000  -45.0000 1972.6229   23.1109
    7.5000   30.0000  -45.0000 1971.2579   23.0656
   -7.5000   37.5000  -45.0000 1857.2570   26.1159
    0.0000   37.5000  -45.0000 1873.7228   25.7507
    7.5000   37.5000  -45.0000 1868.1798   25.7563
   -7.5000   45.0000  -45.0000 1743.7733   29.4088
    0.0000   45.0000  -45.0000 1755.3678   29.0221
    7.5000   45.0000  -45.0000 1749.1444   28.9391
   -7.5000  -45.0000  -37.5000 2207.5034   19.5128
    0.0000  -45.0000  -37.5000 2224.3142   19.4052
    7.5000  -45.0000  -37.5000 2221.4043   19.2942
   -7.5000  -37.5000  -37.5000 2289.8879   18.0639
    0.0000  -37.5000  -37.5000 2309.4888   17.9975
    7.5000  -37.5000  -37.5000 2303.4668   17.9192
   -7.5000  -30.0000  -37.5000 2334.9001   17.1029
    0.0000  -30.0000  -37.5000 2356.9866   16.9849
    7.5000  -30.0000  -37.5000 2346.8010   16.9356
   -7.5000  -22.5000  -37.5000 2358.4771   16.4424
    0.0000  -22.5000  -37.5000 2378.7573   16.2897
    7.5000  -22.5000  -37.5000 2371.2134   16.2604
   -7.5000  -15.0000  -37.5000 2370.8855   16.1136
    0.0000  -15.0000  -37.5000 2394.6709   15.9002
    7.5000  -15.0000  -37.5000 2384.6143   15.8819
   -7.5000   -7.5000  -37.5000 2365.9399   16.1198
    0.0000   -7.5000  -37.5000 2394.8921   15.9230
    7.5000   -7.5000  -37.5000 2388.9192   15.8967
   -7.5000    0.0000  -37.5000 2343.9749   16.4496
    0.0000    0.0000  -37.5000 2370.0669   16.2554
    7.5000    0.0000  -37.5000 2363.4343   16.2506
   -7.5000    7.5000  -37.5000 2301.8506   17.0878
    0.0000    7.5000  -37.5000 2331.9390   16.9181
    7.5000    7.5000  -37.5000 2322.3213   16.8913
   -7.5000   15.0000  -37.5000 2237.7737   18.0223
    0.0000   15.0000  -37.5000 2263.3296   17.8747
    7.5000   15.0000  -37.5000 2254.1389   17.7773
   -7.5000   22.5000  -37.5000 2155.3538   19.3877
    0.0000   22.5000  -37.5000 2178.9460   19.2385
    7.5000   22.5000  -37.5000 2169.8984   19.1108
   -7.5000   30.0000  -37.5000 2055.4829   21.1891
    0.0000   30.0000  -37.5000 2077.1545   21.0240
    7.5000   30.0000  -37.5000 2070.6760   21.0158
   -7.5000   37.5000  -37.5000 1943.2373   23.5944
    0.0000   37.5000  -37.5000 1965.9019   23.3539
    7.5000   37.5000  -37.5000 1957.4624   23.3444
   -7.5000   45.0000  -37.5000 1827.5420   26.5808
    0.0000   45.0000  -37.5000 1842.5858   26.2912
    7.5000   45.0000  -37.5000 1837.9685   26.2138
   -7.5000  -45.0000  -30.0000 2333.5649   18.7533
    0.0000  -45.0000  -30.0000 2354.2837   18.5916
    7.5000  -45.0000  -30.0000 2353.3127   18.5425
   -7.5000  -37.5000  -30.0000 2424.3975   17.3308
    0.0000  -37.5000  -30.0000 2443.1985   17.2069
    7.5000  -37.5000  -30.0000 2443.0159   17.1467
   -7.5000  -30.0000  -30.0000 2479.6565   16.4020
    0.0000  -30.0000  -30.0000 2496.7236   16.2485
    7.5000  -30.0000  -30.0000 2490.7271   16.2122
   -7.5000  -22.5000  -30.0000 2510.7026   15.7436
    0.0000  -22.5000  -30.0000 2524.7051   15.5674
    7.5000  -22.5000  -30.0000 2520.1084   15.5647
   -7.5000  -15.0000  -30.0000 2523.0710   15.3638
    0.0000  -15.0000  -30.0000 2545.0691   15.1499
    7.5000  -15.0000  -30.0000 2533.5066   15.1917
   -7.5000   -7.5000  -30.0000 2514.9739   15.3178
    0.0000   -7.5000  -30.0000 2546.2859   15.1280
    7.5000   -7.5000  -30.0000 2537.1328   15.1761
   -7.5000    0.0000  -30.0000 2491.5798   15.5757
    0.0000    0.0000  -30.0000 2517.6721   15.3729
    7.5000    0.0000  -30.0000 2516.1785   15.4552
   -7.5000    7.5000  -30.0000 2447.9661   16.1489
    0.0000    7.5000  -30.0000 2483.1353   15.9664
    7.5000    7.5000  -30.0000 2472.2588   15.9957
   -7.5000   15.0000  -30.0000 2382.4890   17.0063
    0.0000   15.0000  -30.0000 2408.1755   16.8398
    7.5000   15.0000  -30.0000 2402.6458   16.8488
   -7.5000   22.5000  -30.0000 2294.7021   18.2654
    0.0000   22.5000  -30.0000 2319.4299   18.0798
    7.5000   22.5000  -30.0000 2309.5872   18.0620
   -7.5000   30.0000  -30.0000 2184.7246   19.9693
    0.0000   30.0000  -30.0000 2209.2588   19.7655
    7.5000   30.0000  -30.0000 2200.3413   19.8110
   -7.5000   37.5000  -30.0000 2063.5732   22.1671
    0.0000   37.5000  -30.0000 2095.3774   21.9518
    7.5000   37.5000  -30.0000 2082.3086   21.9342
   -7.5000   45.0000  -30.0000 1937.1494   24.9537
    0.0000   45.0000  -30.0000 1959.5293   24.6899
    7.5000   45.0000  -30.0000 1954.8245   24.6914
   -7.5000  -45.0000  -22.5000 2433.9084   17.9874
    0.0000  -45.0000  -22.5000 2452.8755   17.7874
    7.5000  -45.0000  -22.5000 2448.8416   17.7770
   -7.5000  -37.5000  -22.5000 2522.1799   16.5604
    0.0000  -37.5000  -22.5000 2544.3452   16.3728
    7.5000  -37.5000  -22.5000 2537.5449   16.3266
   -7.5000  -30.0000  -22.5000 2589.3042   15.5644
    0.0000  -30.0000  -22.5000 2601.9888   15.3713
    7.5000  -30.0000  -22.5000 2602.1440   15.3433
   -7.5000  -22.5000  -22.5000 2634.9502   14.8845
    0.0000  -22.5000  -22.5000 2644.1838   14.6831
    7.5000  -22.5000  -22.5000 2639.7771   14.7031
   -7.5000  -15.0000  -22.5000 2653.1597   14.4783
    0.0000  -15.0000  -22.5000 2667.7217   14.2990
    7.5000  -15.0000  -22.5000 2659.5369   14.3501
   -7.5000   -7.5000  -22.5000 2649.3357   14.4268
    0.0000   -7.5000  -22.5000 2673.5591   14.2799
    7.5000   -7.5000  -22.5000 2663.3359   14.3442
   -7.5000    0.0000  -22.5000 2621.8752   14.6593
    0.0000    0.0000  -22.5000 2646.6257   14.4725
    7.5000    0.0000  -22.5000 2640.1470   14.5742
   -7.5000    7.5000  -22.5000 2574.5398   15.2007
    0.0000    7.5000  -22.5000 2605.2131   14.9836
    7.5000    7.5000  -22.5000 2596.8203   15.0625
   -7.5000   15.0000  -22.5000 2504.1106   16.0034
    0.0000   15.0000  -22.5000 2532.7505   15.8009
    7.5000   15.0000  -22.5000 2527.2517   15.8348
   -7.5000   22.5000  -22.5000 2412.5571   17.1555
    0.0000   22.5000  -22.5000 2439.9231   16.9460
    7.5000   22.5000  -22.5000 2433.5771   16.9933
   -7.5000   30.0000  -22.5000 2294.7615   18.7647
    0.0000   30.0000  -22.5000 2319.2607   18.5595
    7.5000   30.0000  -22.5000 2310.8408   18.6017
   -7.5000   37.5000  -22.5000 2166.7739   20.7788
    0.0000   37.5000  -22.5000 2194.8542   20.6006
    7.5000   37.5000  -22.5000 2182.5598   20.5707
   -7.5000   45.0000  -22.5000 2029.5737   23.3740
    0.0000   45.0000  -22.5000 2062.5054   23.1991
    7.5000   45.0000  -22.5000 2050.3513   23.1103
   -7.5000  -45.0000  -15.0000 2487.7546   17.2790
    0.0000  -45.0000  -15.0000 2502.6526   17.0255
    7.5000  -45.0000  -15.0000 2502.8997   17.0511
   -7.5000  -37.5000  -15.0000 2581.3015   15.8353
    0.0000  -37.5000  -15.0000 2600.1011   15.6213
    7.5000  -37.5000  -15.0000 2600.1865   15.6051
   -7.5000  -30.0000  -15.0000 2654.5864   14.7633
    0.0000  -30.0000  -15.0000 2670.7175   14.5529
    7.5000  -30.0000  -15.0000 2675.3811   14.5201
   -7.5000  -22.5000  -15.0000 2704.0159   14.0428
    0.0000  -22.5000  -15.0000 2720.4473   13.8552
    7.5000  -22.5000  -15.0000 2720.2107   13.8460
   -7.5000  -15.0000  -15.0000 2734.4558   13.5852
    0.0000  -15.0000  -15.0000 2751.7803   13.4401
    7.5000  -15.0000  -15.0000 2744.2822   13.4562
   -7.5000   -7.5000  -15.0000 2745.9355   13.5798
    0.0000   -7.5000  -15.0000 2770.5044   13.4241
    7.5000   -7.5000  -15.0000 2761.2935   13.4741
   -7.5000    0.0000  -15.0000 2727.1077   13.8334
    0.0000    0.0000  -15.0000 2749.0242   13.6301
    7.5000    0.0000  -15.0000 2743.2375   13.7107
   -7.5000    7.5000  -15.0000 2677.0950   14.3313
    0.0000    7.5000  -15.0000 2704.7126   14.0782
    7.5000    7.5000  -15.0000 2698.3101   14.1651
   -7.5000   15.0000  -15.0000 2599.2029   15.0867
    0.0000   15.0000  -15.0000 2624.4434   14.8282
    7.5000   15.0000  -15.0000 2622.8982   14.8834
   -7.5000   22.5000  -15.0000 2502.6721   16.1649
    0.0000   22.5000  -15.0000 2524.9622   15.9130
    7.5000   22.5000  -15.0000 2525.5217   15.9754
   -7.5000   30.0000  -15.0000 2377.9514   17.6872
    0.0000   30.0000  -15.0000 2405.8381   17.4691
    7.5000   30.0000  -15.0000 2400.8376   17.5134
   -7.5000   37.5000  -15.0000 2245.0581   19.6281
    0.0000   37.5000  -15.0000 2269.0195   19.3972
    7.5000   37.5000  -15.0000 2259.1208   19.4325
   -7.5000   45.0000  -15.0000 2095.5962   22.1014
    0.0000   45.0000  -15.0000 2128.5369   21.8645
    7.5000   45.0000  -15.0000 2113.0354   21.8335
   -7.5000  -45.0000   -7.5000 2508.8364   16.6947
    0.0000  -45.0000   -7.5000 2530.4429   16.3810
    7.5000  -45.0000   -7.5000 2534.7412   16.4142
   -7.5000  -37.5000   -7.5000 2612.5984   15.2343
    0.0000  -37.5000   -7.5000 2632.7627   14.9720
    7.5000  -37.5000   -7.5000 2637.6284   14.9721
   -7.5000  -30.0000   -7.5000 2698.0295   14.0983
    0.0000  -30.0000   -7.5000 2722.3413   13.9218
    7.5000  -30.0000   -7.5000 2723.3435   13.8774
   -7.5000  -22.5000   -7.5000 2749.9902   13.2852
    0.0000  -22.5000   -7.5000 2780.1179   13.1085
    7.5000  -22.5000   -7.5000 2780.4980   13.0689
   -7.5000  -15.0000   -7.5000 2789.7664   12.8079
    0.0000  -15.0000   -7.5000 2815.2556   12.6331
    7.5000  -15.0000   -7.5000 2812.6265   12.6216
   -7.5000   -7.5000   -7.5000 2816.4038   12.7932
    0.0000   -7.5000   -7.5000 2842.0820   12.6024
    7.5000   -7.5000   -7.5000 2838.0894   12.6360
   -7.5000    0.0000   -7.5000 2804.1133   13.0907
    0.0000    0.0000   -7.5000 2829.8225   12.8443
    7.5000    0.0000   -7.5000 2825.5437   12.8947
   -7.5000    7.5000   -7.5000 2758.3215   13.5644
    0.0000    7.5000   -7.5000 2781.4988   13.2926
    7.5000    7.5000   -7.5000 2781.6953   13.3439
   -7.5000   15.0000   -7.5000 2677.2317   14.2811
    0.0000   15.0000   -7.5000 2699.7830   13.9969
    7.5000   15.0000   -7.5000 2702.5220   14.0553
   -7.5000   22.5000   -7.5000 2573.3740   15.3316
    0.0000   22.5000   -7.5000 2594.5933   15.0176
    7.5000   22.5000   -7.5000 2599.2710   15.1032
   -7.5000   30.0000   -7.5000 2443.8452   16.8112
    0.0000   30.0000   -7.5000 2476.8311   16.5094
    7.5000   30.0000   -7.5000 2473.9541   16.5941
   -7.5000   37.5000   -7.5000 2299.8582   18.7028
    0.0000   37.5000   -7.5000 2332.4810   18.3948
    7.5000   37.5000   -7.5000 2323.6687   18.4867
   -7.5000   45.0000   -7.5000 2146.7310   21.0279
    0.0000   45.0000   -7.5000 2178.5667   20.7513
    7.5000   45.0000   -7.5000 2164.4319   20.7694
   -7.5000  -45.0000    0.0000 2519.8406   16.3274
    0.0000  -45.0000    0.0000 2540.1616   16.0122
    7.5000  -45.0000    0.0000 2542.6694   15.9994
   -7.5000  -37.5000    0.0000 2629.3674   14.8646
    0.0000  -37.5000    0.0000 2646.2368   14.5971
    7.5000  -37.5000    0.0000 2652.3901   14.5832
   -7.5000  -30.0000    0.0000 2723.7410   13.7151
    0.0000  -30.0000    0.0000 2749.2175   13.5021
    7.5000  -30.0000    0.0000 2752.4319   13.4801
   -7.5000  -22.5000    0.0000 2791.7144   12.8324
    0.0000  -22.5000    0.0000 2825.3467   12.6606
    7.5000  -22.5000    0.0000 2822.8481   12.6281
   -7.5000  -15.0000    0.0000 2835.8894   12.2633
    0.0000  -15.0000    0.0000 2870.0684   12.0515
    7.5000  -15.0000    0.0000 2866.7507   12.0705
   -7.5000   -7.5000    0.0000 2868.8967   12.1979
    0.0000   -7.5000    0.0000 2900.0193   11.9561
    7.5000   -7.5000    0.0000 2893.1501   12.0179
   -7.5000    0.0000    0.0000 2856.6494   12.4898
    0.0000    0.0000    0.0000 2885.9653   12.2343
    7.5000    0.0000    0.0000 2880.7170   12.2829
   -7.5000    7.5000    0.0000 2818.7373   12.9696
    0.0000    7.5000    0.0000 2840.3879   12.6883
    7.5000    7.5000    0.0000 2839.9834   12.7429
   -7.5000   15.0000    0.0000 2736.1152   13.6835
    0.0000   15.0000    0.0000 2759.9438   13.3543
    7.5000   15.0000    0.0000 2758.7922   13.4266
   -7.5000   22.5000    0.0000 2627.1609   14.7168
    0.0000   22.5000    0.0000 2652.8184   14.3658
    7.5000   22.5000    0.0000 2655.3145   14.4645
   -7.5000   30.0000    0.0000 2494.2202   16.2069
    0.0000   30.0000    0.0000 2525.3928   15.8429
    7.5000   30.0000    0.0000 2523.5850   15.9499
   -7.5000   37.5000    0.0000 2346.3213   18.0329
    0.0000   37.5000    0.0000 2380.8210   17.7197
    7.5000   37.5000    0.0000 2373.6987   17.7978
   -7.5000   45.0000    0.0000 2185.1614   20.2555
    0.0000   45.0000    0.0000 2213.4719   19.9878
    7.5000   45.0000    0.0000 2203.2969   19.9821
   -7.5000  -45.0000    7.5000 2509.5356   16.1227
    0.0000  -45.0000    7.5000 2533.5662   15.8792
    7.5000  -45.0000    7.5000 2532.6028   15.8305
   -7.5000  -37.5000    7.5000 2627.3252   14.6826
    0.0000  -37.5000    7.5000 2645.1758   14.4562
    7.5000  -37.5000    7.5000 2647.2856   14.4260
   -7.5000  -30.0000    7.5000 2730.1697   13.5411
    0.0000  -30.0000    7.5000 2759.4983   13.4052
    7.5000  -30.0000    7.5000 2755.6257   13.3427
   -7.5000  -22.5000    7.5000 2817.0088   12.6657
    0.0000  -22.5000    7.5000 2861.6382   12.5993
    7.5000  -22.5000    7.5000 2850.4136   12.5057
   -7.5000  -15.0000    7.5000 2869.4233   12.0572
    0.0000  -15.0000    7.5000 2918.0991   11.9271
    7.5000  -15.0000    7.5000 2901.7683   11.9030
   -7.5000   -7.5000    7.5000 2904.1570   11.8640
    0.0000   -7.5000    7.5000 2948.2141   11.6650
    7.5000   -7.5000    7.5000 2927.8037   11.7226
   -7.5000    0.0000    7.5000 2894.1997   12.0862
    0.0000    0.0000    7.5000 2932.2063   11.8670
    7.5000    0.0000    7.5000 2912.8059   11.8992
   -7.5000    7.5000    7.5000 2851.8325   12.5501
    0.0000    7.5000    7.5000 2887.8132   12.2900
    7.5000    7.5000    7.5000 2870.0752   12.3309
   -7.5000   15.0000    7.5000 2770.4436   13.2620
    0.0000   15.0000    7.5000 2800.9480   12.9724
    7.5000   15.0000    7.5000 2794.8691   13.0310
   -7.5000   22.5000    7.5000 2660.2322   14.3442
    0.0000   22.5000    7.5000 2689.2649   14.0572
    7.5000   22.5000    7.5000 2686.5955   14.1265
   -7.5000   30.0000    7.5000 2528.1946   15.8079
    0.0000   30.0000    7.5000 2557.0632   15.5296
    7.5000   30.0000    7.5000 2555.5122   15.6023
   -7.5000   37.5000    7.5000 2377.4924   17.6076
    0.0000   37.5000    7.5000 2407.6982   17.3513
    7.5000   37.5000    7.5000 2404.8845   17.3822
   -7.5000   45.0000    7.5000 2211.6484   19.7777
    0.0000   45.0000    7.5000 2238.7961   19.5310
    7.5000   45.0000    7.5000 2231.2463   19.5076
   -7.5000  -45.0000   15.0000 2485.5427   16.1615
    0.0000  -45.0000   15.0000 2505.4399   15.9169
    7.5000  -45.0000   15.0000 2508.8123   15.9227
   -7.5000  -37.5000   15.0000 2605.5388   14.6953
    0.0000  -37.5000   15.0000 2622.2708   14.5054
    7.5000  -37.5000   15.0000 2620.8931   14.5205
   -7.5000  -30.0000   15.0000 2717.5281   13.5906
    0.0000  -30.0000   15.0000 2740.3435   13.4832
    7.5000  -30.0000   15.0000 2734.3809   13.4629
   -7.5000  -22.5000   15.0000 2819.2534   12.7575
    0.0000  -22.5000   15.0000 2871.2429   12.8073
    7.5000  -22.5000   15.0000 2845.2651   12.7113
   -7.5000  -15.0000   15.0000 2877.3481   12.1172
    0.0000  -15.0000   15.0000 2955.5657   12.2181
    7.5000  -15.0000   15.0000 2916.1711   12.0999
   -7.5000   -7.5000   15.0000 2915.0598   11.7724
    0.0000   -7.5000   15.0000 2972.5481   11.6764
    7.5000   -7.5000   15.0000 2932.3103   11.6886
   -7.5000    0.0000   15.0000 2900.5437   11.8374
    0.0000    0.0000   15.0000 2944.4988   11.5988
    7.5000    0.0000   15.0000 2917.5215   11.6854
   -7.5000    7.5000   15.0000 2854.8225   12.3159
    0.0000    7.5000   15.0000 2896.8557   11.9798
    7.5000    7.5000   15.0000 2877.9724   12.0982
   -7.5000   15.0000   15.0000 2772.0447   13.0942
    0.0000   15.0000   15.0000 2808.7117   12.8312
    7.5000   15.0000   15.0000 2799.8564   12.9024
   -7.5000   22.5000   15.0000 2671.2561   14.2178
    0.0000   22.5000   15.0000 2696.7527   13.9775
    7.5000   22.5000   15.0000 2694.9829   14.0497
   -7.5000   30.0000   15.0000 2542.0923   15.6569
    0.0000   30.0000   15.0000 2568.4377   15.4207
    7.5000   30.0000   15.0000 2566.5474   15.5021
   -7.5000   37.5000   15.0000 2385.5786   17.4447
    0.0000   37.5000   15.0000 2423.1758   17.2127
    7.5000   37.5000   15.0000 2419.5508   17.2749
   -7.5000   45.0000   15.0000 2217.8911   19.5715
    0.0000   45.0000   15.0000 2250.2063   19.3841
    7.5000   45.0000   15.0000 2242.6792   19.3744
   -7.5000  -45.0000   22.5000 2460.9744   16.4497
    0.0000  -45.0000   22.5000 2475.8992   16.2037
    7.5000  -45.0000   22.5000 2473.5618   16.2929
   -7.5000  -37.5000   22.5000 2576.6628   14.9775
    0.0000  -37.5000   22.5000 2597.4470   14.8002
    7.5000  -37.5000   22.5000 2586.8462   14.8519
   -7.5000  -30.0000   22.5000 2686.6401   13.8438
    0.0000  -30.0000   22.5000 2715.3596   13.7259
    7.5000  -30.0000   22.5000 2700.9402   13.7885
   -7.5000  -22.5000   22.5000 2794.2314   13.0242
    0.0000  -22.5000   22.5000 2841.2705   13.0120
    7.5000  -22.5000   22.5000 2818.9443   13.0405
   -7.5000  -15.0000   22.5000 2860.8867   12.3528
    0.0000  -15.0000   22.5000 2927.3843   12.3480
    7.5000  -15.0000   22.5000 2897.5908   12.4037
   -7.5000   -7.5000   22.5000 2909.7300   11.9798
    0.0000   -7.5000   22.5000 2948.8008   11.7433
    7.5000   -7.5000   22.5000 2923.0159   11.9185
   -7.5000    0.0000   22.5000 2895.1604   11.9830
    0.0000    0.0000   22.5000 2932.6780   11.6570
    7.5000    0.0000   22.5000 2915.8328   11.8437
   -7.5000    7.5000   22.5000 2840.4658   12.3869
    0.0000    7.5000   22.5000 2888.6316   12.1256
    7.5000    7.5000   22.5000 2872.1851   12.2451
   -7.5000   15.0000   22.5000 2761.7839   13.2187
    0.0000   15.0000   22.5000 2794.4653   12.9965
    7.5000   15.0000   22.5000 2786.6177   13.0667
   -7.5000   22.5000   22.5000 2656.4023   14.3715
    0.0000   22.5000   22.5000 2680.1025   14.1221
    7.5000   22.5000   22.5000 2680.0933   14.1992
   -7.5000   30.0000   22.5000 2532.5728   15.7652
    0.0000   30.0000   22.5000 2558.6494   15.5429
    7.5000   30.0000   22.5000 2557.1719   15.6097
   -7.5000   37.5000   22.5000 2384.3994   17.5131
    0.0000   37.5000   22.5000 2419.0974   17.2900
    7.5000   37.5000   22.5000 2415.6489   17.3454
   -7.5000   45.0000   22.5000 2215.4917   19.6043
    0.0000   45.0000   22.5000 2245.4641   19.4159
    7.5000   45.0000   22.5000 2241.5427   19.4267
   -7.5000  -45.0000   30.0000 2431.2715   16.9457
    0.0000  -45.0000   30.0000 2449.3525   16.6473
    7.5000  -45.0000   30.0000 2442.4766   16.8567
   -7.5000  -37.5000   30.0000 2544.3608   15.4216
    0.0000  -37.5000   30.0000 2563.5896   15.1466
    7.5000  -37.5000   30.0000 2556.4695   15.3396
   -7.5000  -30.0000   30.0000 2651.7358   14.2517
    0.0000  -30.0000   30.0000 2674.2537   13.9995
    7.5000  -30.0000   30.0000 2669.5879   14.1770
   -7.5000  -22.5000   30.0000 2757.8225   13.3983
    0.0000  -22.5000   30.0000 2792.9565   13.2056
    7.5000  -22.5000   30.0000 2781.0593   13.3558
   -7.5000  -15.0000   30.0000 2820.9009   12.7200
    0.0000  -15.0000   30.0000 2862.8579   12.4606
    7.5000  -15.0000   30.0000 2848.9011   12.6453
   -7.5000   -7.5000   30.0000 2867.6611   12.4084
    0.0000   -7.5000   30.0000 2891.5642   12.0024
    7.5000   -7.5000   30.0000 2883.2307   12.2396
   -7.5000    0.0000   30.0000 2856.8674   12.4456
    0.0000    0.0000   30.0000 2893.2322   12.1106
    7.5000    0.0000   30.0000 2880.9111   12.2697
   -7.5000    7.5000   30.0000 2806.9197   12.8379
    0.0000    7.5000   30.0000 2850.1086   12.5892
    7.5000    7.5000   30.0000 2834.8074   12.7075
   -7.5000   15.0000   30.0000 2726.0955   13.6085
    0.0000   15.0000   30.0000 2760.8196   13.3436
    7.5000   15.0000   30.0000 2750.9668   13.4554
   -7.5000   22.5000   30.0000 2614.2781   14.7246
    0.0000   22.5000   30.0000 2640.8918   14.4812
    7.5000   22.5000   30.0000 2643.5583   14.5590
   -7.5000   30.0000   30.0000 2493.4685   16.0984
    0.0000   30.0000   30.0000 2525.8760   15.8971
    7.5000   30.0000   30.0000 2524.7463   15.9609
   -7.5000   37.5000   30.0000 2355.8311   17.8196
    0.0000   37.5000   30.0000 2384.3928   17.6114
    7.5000   37.5000   30.0000 2381.9902   17.6591
   -7.5000   45.0000   30.0000 2192.1497   19.9021
    0.0000   45.0000   30.0000 2212.3132   19.6750
    7.5000   45.0000   30.0000 2208.7080   19.6621
   -7.5000  -45.0000   37.5000 2391.9624   17.6591
    0.0000  -45.0000   37.5000 2414.8926   17.2304
    7.5000  -45.0000   37.5000 2402.5112   17.5387
   -7.5000  -37.5000   37.5000 2501.7551   16.0465
    0.0000  -37.5000   37.5000 2524.8604   15.6259
    7.5000  -37.5000   37.5000 2515.8384   15.9250
   -7.5000  -30.0000   37.5000 2611.3596   14.8270
    0.0000  -30.0000   37.5000 2633.5486   14.4631
    7.5000  -30.0000   37.5000 2631.3840   14.7230
   -7.5000  -22.5000   37.5000 2707.6860   13.9153
    0.0000  -22.5000   37.5000 2737.5012   13.6134
    7.5000  -22.5000   37.5000 2731.2236   13.8026
   -7.5000  -15.0000   37.5000 2761.9819   13.2513
    0.0000  -15.0000   37.5000 2790.1992   12.8129
    7.5000  -15.0000   37.5000 2786.1387   13.0519
   -7.5000   -7.5000   37.5000 2793.6846   12.9933
    0.0000   -7.5000   37.5000 2819.8022   12.5907
    7.5000   -7.5000   37.5000 2814.6069   12.7942
   -7.5000    0.0000   37.5000 2795.3499   13.0570
    0.0000    0.0000   37.5000 2816.0171   12.7059
    7.5000    0.0000   37.5000 2818.5044   12.8776
   -7.5000    7.5000   37.5000 2748.3052   13.4857
    0.0000    7.5000   37.5000 2777.7742   13.1903
    7.5000    7.5000   37.5000 2769.3740   13.3190
   -7.5000   15.0000   37.5000 2671.6182   14.2482
    0.0000   15.0000   37.5000 2706.2659   13.9556
    7.5000   15.0000   37.5000 2693.3494   14.0685
   -7.5000   22.5000   37.5000 2562.9407   15.3329
    0.0000   22.5000   37.5000 2593.8940   15.0562
    7.5000   22.5000   37.5000 2588.5325   15.1338
   -7.5000   30.0000   37.5000 2440.4592   16.7122
    0.0000   30.0000   37.5000 2473.2732   16.4353
    7.5000   30.0000   37.5000 2476.3713   16.5150
   -7.5000   37.5000   37.5000 2307.5640   18.3976
    0.0000   37.5000   37.5000 2332.2913   18.1556
    7.5000   37.5000   37.5000 2332.5276   18.2000
   -7.5000   45.0000   37.5000 2146.6946   20.4514
    0.0000   45.0000   37.5000 2169.5647   20.2176
    7.5000   45.0000   37.5000 2164.5776   20.1842
   -7.5000  -45.0000   45.0000 2336.5310   18.5187
    0.0000  -45.0000   45.0000 2362.2087   18.0039
    7.5000  -45.0000   45.0000 2354.2053   18.3597
   -7.5000  -37.5000   45.0000 2451.4785   16.8585
    0.0000  -37.5000   45.0000 2478.7593   16.3624
    7.5000  -37.5000   45.0000 2466.2249   16.6892
   -7.5000  -30.0000   45.0000 2553.4758   15.5761
    0.0000  -30.0000   45.0000 2586.6067   15.1903
    7.5000  -30.0000   45.0000 2573.1462   15.4452
   -7.5000  -22.5000   45.0000 2637.5437   14.6392
    0.0000  -22.5000   45.0000 2669.1714   14.2139
    7.5000  -22.5000   45.0000 2661.5420   14.4571
   -7.5000  -15.0000   45.0000 2681.7585   13.9735
    0.0000  -15.0000   45.0000 2712.4812   13.5444
    7.5000  -15.0000   45.0000 2704.0312   13.7692
   -7.5000   -7.5000   45.0000 2706.5386   13.7650
    0.0000   -7.5000   45.0000 2734.1692   13.4038
    7.5000   -7.5000   45.0000 2727.8972   13.5862
   -7.5000    0.0000   45.0000 2701.6111   13.8587
    0.0000    0.0000   45.0000 2723.6807   13.5136
    7.5000    0.0000   45.0000 2725.5383   13.6678
   -7.5000    7.5000   45.0000 2663.7422   14.2520
    0.0000    7.5000   45.0000 2689.8445   13.9002
    7.5000    7.5000   45.0000 2684.4678   14.0451
   -7.5000   15.0000   45.0000 2590.0906   15.0029
    0.0000   15.0000   45.0000 2625.6350   14.6495
    7.5000   15.0000   45.0000 2615.0159   14.7857
   -7.5000   22.5000   45.0000 2491.0818   16.0614
    0.0000   22.5000   45.0000 2525.7261   15.7677
    7.5000   22.5000   45.0000 2520.9827   15.8720
   -7.5000   30.0000   45.0000 2378.1057   17.4671
    0.0000   30.0000   45.0000 2411.5972   17.2231
    7.5000   30.0000   45.0000 2408.8108   17.2546
   -7.5000   37.5000   45.0000 2247.9194   19.1565
    0.0000   37.5000   45.0000 2271.8599   18.9361
    7.5000   37.5000   45.0000 2265.5859   18.9505
   -7.5000   45.0000   45.0000 2093.5198   21.2513
    0.0000   45.0000   45.0000 2118.8181   21.0501
    7.5000   45.0000   45.0000 2106.1736   21.0028

---------------------------------------------------------------------
imgreg_4dfp /opt/freesurfer/average/711-2C_as_mni_average_305 /opt/freesurfer/average/711-2B_as_mni_average_305_mask talsrcimg_g11 none talsrcimg_to_711-2C_as_mni_average_305_t4 1283
---------------------------------------------------------------------

freesurfer imgreg_4dfp.c
/opt/freesurfer/average/711-2C_as_mni_average_305.4dfp.img
       256       256       256         1
  1.000000  1.000000  1.000000
orientation T byte_order littleendian
Reading image: /opt/freesurfer/average/711-2C_as_mni_average_305.4dfp.img
dimensions:      256       256       256
mmppix:       1.0000   -1.0000   -1.0000
center:     128.0000 -129.0000 -129.0000
/opt/freesurfer/average/711-2B_as_mni_average_305_mask.4dfp.img
       256       256       256         1
  1.000000  1.000000  1.000000
orientation T byte_order littleendian
Reading mask: /opt/freesurfer/average/711-2B_as_mni_average_305_mask.4dfp.img (2306576 pixels)
talsrcimg_g11.4dfp.img
       256       256       256         1
  1.000000  1.000000  1.000000
orientation T byte_order littleendian
Reading image: talsrcimg_g11.4dfp.img
dimensions:      256       256       256
mmppix:       1.0000   -1.0000   -1.0000
center:     128.0000 -129.0000 -129.0000
rotation matrix determinant  1.000000
fimgreg.f
image alignment mode   1283 decimal      503 hex
parameters
    0.0000   -7.5000   15.0000    0.0000    0.0000    0.0000
eta,q 0.93245 11.72842
niter,ni,del,rscale     5    3   12.0000    1.2000
parameter  2  1.341228 ->  0.500000 qaram    1.1500
parameter  4  0.905087 ->  0.500000 qaram    1.1500
parameters
    0.7134  -10.9500   16.8739   -3.4500    0.7694   -0.0222
eta,q 0.94098 11.99662
  0.0835  0.0670  0.0764  0.0598  0.0694  0.0635
  0.0761  0.0645  0.0722  0.0588  0.0647  0.0609
  0.0716  0.0654  0.0674  0.0598  0.0604  0.0596
  0.0695  0.0691  0.0648  0.0632  0.0589  0.0590
  0.0703  0.0728  0.0633  0.0664  0.0594  0.0592
  0.0735  0.0735  0.0644  0.0701  0.0613  0.0608
  0.0776  0.0748  0.0681  0.0746  0.0653  0.0638
niter,ni,del,rscale     6    3   12.0000    1.2000
parameters
    1.0680  -10.1420   15.8825   -6.8656    0.9116   -0.2642
eta,q 0.94174 12.08732
  0.0780  0.0811  0.0665  0.0592  0.0636  0.0606
  0.0701  0.0709  0.0616  0.0584  0.0610  0.0590
  0.0627  0.0625  0.0589  0.0580  0.0593  0.0583
  0.0590  0.0587  0.0593  0.0587  0.0582  0.0582
  0.0595  0.0619  0.0626  0.0620  0.0579  0.0582
  0.0660  0.0668  0.0666  0.0664  0.0595  0.0591
  0.0754  0.0718  0.0718  0.0708  0.0642  0.0613
niter,ni,del,rscale     5    3   12.0000    1.2000
parameters
    0.9871   -9.0258   15.0968   -9.4924    0.9459    0.3139
eta,q 0.94200 12.02231
  0.0737  0.0787  0.0666  0.0586  0.0627  0.0612
  0.0663  0.0689  0.0612  0.0580  0.0606  0.0592
  0.0601  0.0618  0.0582  0.0580  0.0584  0.0581
  0.0583  0.0582  0.0583  0.0579  0.0580  0.0580
  0.0606  0.0591  0.0605  0.0591  0.0580  0.0580
  0.0665  0.0631  0.0656  0.0620  0.0593  0.0584
  0.0747  0.0684  0.0718  0.0667  0.0635  0.0601
niter,ni,del,rscale     4    3   12.0000    1.2000
parameter  4  0.521219 ->  0.500000 qaram    1.3225
parameters
    0.7493   -7.8131   14.1893  -13.4599    0.9764   -1.5849
eta,q 0.94311 12.13819
  0.0731  0.0770  0.0659  0.0574  0.0666  0.0581
  0.0649  0.0661  0.0614  0.0573  0.0615  0.0571
  0.0597  0.0592  0.0587  0.0573  0.0579  0.0569
  0.0580  0.0580  0.0586  0.0584  0.0572  0.0572
  0.0603  0.0591  0.0607  0.0587  0.0592  0.0579
  0.0672  0.0613  0.0658  0.0604  0.0620  0.0594
  0.0753  0.0655  0.0721  0.0642  0.0655  0.0619
niter,ni,del,rscale     4    3   12.0000    1.2000
parameters
    0.9246   -6.6701   12.9775  -14.9835    0.9178   -1.1938
eta,q 0.94383 12.05125
  0.0769  0.0751  0.0630  0.0601  0.0654  0.0600
  0.0685  0.0645  0.0595  0.0568  0.0604  0.0576
  0.0611  0.0580  0.0568  0.0558  0.0570  0.0564
  0.0569  0.0568  0.0566  0.0564  0.0561  0.0561
  0.0582  0.0566  0.0593  0.0576  0.0574  0.0563
  0.0656  0.0594  0.0650  0.0605  0.0607  0.0570
  0.0763  0.0648  0.0720  0.0640  0.0656  0.0590
niter,ni,del,rscale     3    3   12.0000    1.2000
parameters
    0.9784   -6.2818   12.4142  -15.1231    0.6703   -1.0123
eta,q 0.94403 12.00176
  0.0758  0.0712  0.0644  0.0628  0.0643  0.0599
  0.0667  0.0613  0.0606  0.0587  0.0597  0.0576
  0.0592  0.0569  0.0573  0.0563  0.0567  0.0564
  0.0562  0.0562  0.0559  0.0561  0.0560  0.0560
  0.0584  0.0562  0.0575  0.0567  0.0571  0.0560
  0.0655  0.0612  0.0624  0.0589  0.0605  0.0571
  0.0757  0.0668  0.0694  0.0632  0.0660  0.0596
niter,ni,del,rscale     2    3   12.0000    1.2000
parameters
    0.9881   -6.1801   12.2856  -15.1383    0.5976   -0.9532
eta,q 0.94407 11.98886
  0.0754  0.0695  0.0655  0.0630  0.0647  0.0598
  0.0659  0.0603  0.0612  0.0589  0.0599  0.0576
  0.0584  0.0573  0.0579  0.0565  0.0569  0.0564
  0.0560  0.0560  0.0559  0.0560  0.0560  0.0559
  0.0587  0.0565  0.0568  0.0566  0.0568  0.0560
  0.0657  0.0623  0.0609  0.0588  0.0599  0.0572
  0.0753  0.0672  0.0675  0.0632  0.0654  0.0599
niter,ni,del,rscale     1    3   12.0000    1.2000
parameters
    0.9875   -6.1610   12.2659  -15.1290    0.5828   -0.9432
eta,q 0.94407 11.98605
  0.0753  0.0690  0.0658  0.0630  0.0648  0.0597
  0.0657  0.0602  0.0613  0.0589  0.0600  0.0575
  0.0583  0.0574  0.0581  0.0565  0.0569  0.0564
  0.0559  0.0559  0.0559  0.0559  0.0559  0.0559
  0.0588  0.0567  0.0566  0.0566  0.0567  0.0561
  0.0657  0.0627  0.0605  0.0587  0.0597  0.0573
  0.0752  0.0673  0.0670  0.0631  0.0652  0.0600
registration optimization eta report
parameter search radius
    6.0000    6.9000    6.0000    7.9350    6.0000    6.0000
100000*second partial in parameter space
       53.       26.       29.       12.       25.       11.
  0.0753  0.0690  0.0658  0.0630  0.0648  0.0597
  0.0657  0.0602  0.0613  0.0589  0.0600  0.0575
  0.0583  0.0574  0.0581  0.0565  0.0569  0.0564
  0.0559  0.0559  0.0559  0.0559  0.0559  0.0559
  0.0588  0.0567  0.0566  0.0566  0.0567  0.0561
  0.0657  0.0627  0.0605  0.0587  0.0597  0.0573
  0.0752  0.0673  0.0670  0.0631  0.0652  0.0600
    0.9875   -6.1610   12.2659  -15.1290    0.5828   -0.9432
eta,q 0.94407 11.98605

---------------------------------------------------------------------
imgreg_4dfp /opt/freesurfer/average/711-2C_as_mni_average_305 /opt/freesurfer/average/711-2B_as_mni_average_305_mask talsrcimg_g11 none talsrcimg_to_711-2C_as_mni_average_305_t4 3335
---------------------------------------------------------------------

freesurfer imgreg_4dfp.c
/opt/freesurfer/average/711-2C_as_mni_average_305.4dfp.img
       256       256       256         1
  1.000000  1.000000  1.000000
orientation T byte_order littleendian
Reading image: /opt/freesurfer/average/711-2C_as_mni_average_305.4dfp.img
dimensions:      256       256       256
mmppix:       1.0000   -1.0000   -1.0000
center:     128.0000 -129.0000 -129.0000
/opt/freesurfer/average/711-2B_as_mni_average_305_mask.4dfp.img
       256       256       256         1
  1.000000  1.000000  1.000000
orientation T byte_order littleendian
Reading mask: /opt/freesurfer/average/711-2B_as_mni_average_305_mask.4dfp.img (2306576 pixels)
talsrcimg_g11.4dfp.img
       256       256       256         1
  1.000000  1.000000  1.000000
orientation T byte_order littleendian
Reading image: talsrcimg_g11.4dfp.img
dimensions:      256       256       256
mmppix:       1.0000   -1.0000   -1.0000
center:     128.0000 -129.0000 -129.0000
fimgreg.f
image alignment mode   3335 decimal      D07 hex
parameters
    0.9875   -6.1610   12.2659   -0.0187   -3.4834   -3.4709
    1.8545   -0.5521   -1.6461   26.1119    1.0171  -26.0979
eta,q 0.94462 12.10788
niter,ni,del,rscale     5    3    5.0000    1.2000
parameter  4  1.337787 ->  0.500000 qaram    1.1500
parameter  5-31.288004 ->  0.500000 qaram    1.1500
parameter  6  0.556255 ->  0.500000 qaram    1.1500
parameter 12 -1.018745 -> -0.500000 qaram    1.1500
parameters
    1.2470   -6.1496   13.0650   -4.1587   -7.6234   -7.6109
    1.7127   -0.2048    0.4581   23.2781   -0.3348  -21.9579
eta,q 0.96671 12.10567
  0.0605  0.0566  0.0586  0.0466  0.0314  0.0367  0.0401  0.0424  0.0405  0.0366  0.0361  0.0413
  0.0579  0.0558  0.0572  0.0475  0.0356  0.0362  0.0379  0.0391  0.0384  0.0355  0.0354  0.0390
  0.0562  0.0554  0.0561  0.0502  0.0415  0.0359  0.0365  0.0369  0.0369  0.0351  0.0351  0.0369
  0.0554  0.0553  0.0553  0.0550  0.0480  0.0371  0.0361  0.0361  0.0360  0.0358  0.0351  0.0351
  0.0556  0.0555  0.0550  0.0614  0.0541  0.0401  0.0366  0.0364  0.0358  0.0373  0.0355  0.0338
  0.0567  0.0558  0.0553  0.0683  0.0593  0.0446  0.0381  0.0381  0.0362  0.0400  0.0362  0.0332
  0.0587  0.0565  0.0560  0.0745  0.0638  0.0489  0.0405  0.0414  0.0372  0.0436  0.0372  0.0331
niter,ni,del,rscale     7    3    5.0000    1.2000
parameter  5  1.137303 ->  0.500000 qaram    1.3225
parameters
    1.1692   -5.2885   12.7709   -7.7414  -12.3844   -6.9338
    1.0393   -0.1638    1.2493   21.2664   -0.6009  -20.9663
eta,q 0.97362 11.76290
  0.0376  0.0394  0.0342  0.0335  0.0259  0.0309  0.0293  0.0310  0.0296  0.0285  0.0273  0.0302
  0.0352  0.0367  0.0333  0.0326  0.0266  0.0290  0.0278  0.0287  0.0282  0.0270  0.0267  0.0281
  0.0337  0.0346  0.0329  0.0322  0.0283  0.0277  0.0270  0.0273  0.0273  0.0263  0.0264  0.0268
  0.0333  0.0333  0.0328  0.0328  0.0323  0.0269  0.0268  0.0268  0.0268  0.0267  0.0263  0.0263
  0.0339  0.0328  0.0332  0.0355  0.0384  0.0263  0.0272  0.0272  0.0268  0.0280  0.0265  0.0266
  0.0356  0.0332  0.0340  0.0411  0.0450  0.0271  0.0286  0.0286  0.0274  0.0301  0.0268  0.0274
  0.0382  0.0344  0.0351  0.0484  0.0506  0.0306  0.0306  0.0309  0.0287  0.0329  0.0274  0.0285
niter,ni,del,rscale     7    3    5.0000    1.2000
parameters
    1.3636   -4.2730   13.6037   -7.5838  -16.8452   -6.1002
    0.7242   -0.2235    1.0769   21.3121   -1.4562  -22.7579
eta,q 0.97553 11.56073
  0.0306  0.0323  0.0286  0.0299  0.0260  0.0283  0.0271  0.0286  0.0264  0.0279  0.0252  0.0258
  0.0284  0.0297  0.0273  0.0280  0.0249  0.0265  0.0257  0.0264  0.0254  0.0260  0.0249  0.0247
  0.0270  0.0277  0.0263  0.0265  0.0247  0.0252  0.0249  0.0251  0.0248  0.0249  0.0247  0.0245
  0.0264  0.0264  0.0257  0.0255  0.0255  0.0247  0.0246  0.0246  0.0246  0.0246  0.0246  0.0246
  0.0266  0.0257  0.0255  0.0252  0.0291  0.0244  0.0249  0.0251  0.0249  0.0249  0.0248  0.0251
  0.0276  0.0259  0.0257  0.0266  0.0359  0.0250  0.0259  0.0265  0.0255  0.0259  0.0251  0.0261
  0.0294  0.0269  0.0262  0.0307  0.0433  0.0275  0.0276  0.0287  0.0266  0.0278  0.0257  0.0272
niter,ni,del,rscale     6    3    5.0000    1.2000
parameters
    1.4115   -4.0371   13.4170   -6.6483  -18.3559   -6.2820
    0.7290   -0.2145    1.1356   21.9565   -1.7124  -23.5837
eta,q 0.97573 11.54118
  0.0281  0.0275  0.0257  0.0291  0.0283  0.0275  0.0270  0.0286  0.0262  0.0281  0.0251  0.0259
  0.0261  0.0259  0.0249  0.0272  0.0261  0.0258  0.0255  0.0261  0.0251  0.0260  0.0246  0.0247
  0.0249  0.0249  0.0245  0.0256  0.0247  0.0246  0.0246  0.0247  0.0245  0.0247  0.0244  0.0243
  0.0245  0.0245  0.0245  0.0245  0.0241  0.0243  0.0243  0.0243  0.0243  0.0243  0.0243  0.0243
  0.0248  0.0246  0.0247  0.0238  0.0247  0.0241  0.0245  0.0248  0.0245  0.0245  0.0244  0.0247
  0.0259  0.0253  0.0252  0.0248  0.0278  0.0253  0.0254  0.0262  0.0251  0.0253  0.0247  0.0254
  0.0278  0.0265  0.0261  0.0283  0.0344  0.0285  0.0271  0.0284  0.0261  0.0269  0.0252  0.0265
niter,ni,del,rscale     5    3    5.0000    1.2000
parameters
    1.4120   -4.0946   13.1133   -6.4993  -18.6256   -6.3034
    0.7290   -0.1896    1.1558   22.2671   -1.7386  -23.9262
eta,q 0.97577 11.55118
  0.0278  0.0266  0.0253  0.0286  0.0292  0.0276  0.0269  0.0285  0.0261  0.0278  0.0251  0.0262
  0.0259  0.0252  0.0246  0.0268  0.0268  0.0258  0.0254  0.0260  0.0251  0.0257  0.0246  0.0248
  0.0247  0.0244  0.0243  0.0253  0.0251  0.0247  0.0246  0.0246  0.0245  0.0245  0.0243  0.0242
  0.0243  0.0243  0.0243  0.0242  0.0242  0.0242  0.0242  0.0242  0.0242  0.0242  0.0243  0.0242
  0.0246  0.0246  0.0245  0.0238  0.0242  0.0239  0.0244  0.0248  0.0244  0.0246  0.0244  0.0246
  0.0258  0.0255  0.0251  0.0254  0.0260  0.0251  0.0254  0.0261  0.0251  0.0254  0.0246  0.0252
  0.0279  0.0267  0.0259  0.0295  0.0312  0.0284  0.0270  0.0283  0.0261  0.0271  0.0251  0.0263
niter,ni,del,rscale     4    3    5.0000    1.2000
parameters
    1.4121   -4.1373   13.0096   -6.4583  -18.6886   -6.2957
    0.7321   -0.1840    1.1576   22.3764   -1.7843  -24.0326
eta,q 0.97578 11.55680
  0.0277  0.0266  0.0255  0.0286  0.0293  0.0276  0.0269  0.0285  0.0261  0.0276  0.0251  0.0263
  0.0258  0.0252  0.0247  0.0268  0.0269  0.0258  0.0254  0.0259  0.0251  0.0255  0.0246  0.0249
  0.0247  0.0244  0.0243  0.0253  0.0251  0.0247  0.0246  0.0245  0.0244  0.0244  0.0243  0.0242
  0.0242  0.0242  0.0242  0.0242  0.0242  0.0242  0.0242  0.0242  0.0242  0.0242  0.0242  0.0242
  0.0246  0.0246  0.0244  0.0238  0.0241  0.0239  0.0244  0.0247  0.0244  0.0246  0.0243  0.0245
  0.0257  0.0254  0.0249  0.0255  0.0257  0.0251  0.0253  0.0260  0.0250  0.0255  0.0246  0.0252
  0.0278  0.0266  0.0257  0.0297  0.0307  0.0284  0.0270  0.0283  0.0261  0.0272  0.0251  0.0262
niter,ni,del,rscale     3    3    5.0000    1.2000
parameters
    1.4142   -4.1500   12.9775   -6.4450  -18.7117   -6.2917
    0.7380   -0.1781    1.1560   22.4047   -1.7899  -24.0582
eta,q 0.97579 11.55811
  0.0277  0.0266  0.0256  0.0286  0.0294  0.0276  0.0269  0.0285  0.0261  0.0275  0.0251  0.0264
  0.0258  0.0252  0.0248  0.0267  0.0269  0.0258  0.0254  0.0259  0.0250  0.0255  0.0246  0.0249
  0.0247  0.0244  0.0243  0.0253  0.0251  0.0247  0.0245  0.0245  0.0244  0.0244  0.0243  0.0243
  0.0242  0.0242  0.0242  0.0242  0.0242  0.0242  0.0242  0.0242  0.0242  0.0242  0.0242  0.0242
  0.0246  0.0246  0.0244  0.0238  0.0241  0.0239  0.0244  0.0247  0.0244  0.0246  0.0243  0.0245
  0.0257  0.0254  0.0248  0.0256  0.0257  0.0251  0.0253  0.0260  0.0250  0.0256  0.0246  0.0251
  0.0278  0.0266  0.0256  0.0298  0.0306  0.0284  0.0270  0.0283  0.0261  0.0273  0.0250  0.0262
niter,ni,del,rscale     2    3    5.0000    1.2000
parameters
    1.4136   -4.1540   12.9680   -6.4419  -18.7172   -6.2929
    0.7382   -0.1788    1.1595   22.4140   -1.7859  -24.0727
eta,q 0.97578 11.55853
  0.0277  0.0267  0.0256  0.0286  0.0294  0.0276  0.0269  0.0285  0.0261  0.0275  0.0251  0.0264
  0.0258  0.0252  0.0248  0.0267  0.0269  0.0258  0.0254  0.0259  0.0251  0.0254  0.0246  0.0249
  0.0246  0.0244  0.0243  0.0253  0.0251  0.0247  0.0245  0.0245  0.0244  0.0244  0.0243  0.0243
  0.0242  0.0242  0.0242  0.0242  0.0242  0.0242  0.0242  0.0242  0.0242  0.0242  0.0242  0.0242
  0.0245  0.0245  0.0244  0.0239  0.0241  0.0239  0.0244  0.0247  0.0244  0.0246  0.0243  0.0245
  0.0257  0.0253  0.0248  0.0256  0.0257  0.0251  0.0254  0.0260  0.0250  0.0256  0.0246  0.0251
  0.0278  0.0265  0.0256  0.0298  0.0306  0.0284  0.0270  0.0284  0.0261  0.0273  0.0250  0.0262
registration optimization eta report
parameter search radius
    2.4000    2.4000    2.4000    8.2800    9.5220    8.2800
    7.2000    7.2000    7.2000    7.2000    7.2000    8.2800
100000*second partial in parameter space
       62.       41.       24.        7.        7.        6.
        5.        8.        4.        6.        2.        3.
  0.0277  0.0267  0.0256  0.0286  0.0294  0.0276  0.0269  0.0285  0.0261  0.0275  0.0251  0.0264
  0.0258  0.0252  0.0248  0.0267  0.0269  0.0258  0.0254  0.0259  0.0251  0.0254  0.0246  0.0249
  0.0246  0.0244  0.0243  0.0253  0.0251  0.0247  0.0245  0.0245  0.0244  0.0244  0.0243  0.0243
  0.0242  0.0242  0.0242  0.0242  0.0242  0.0242  0.0242  0.0242  0.0242  0.0242  0.0242  0.0242
  0.0245  0.0245  0.0244  0.0239  0.0241  0.0239  0.0244  0.0247  0.0244  0.0246  0.0243  0.0245
  0.0257  0.0253  0.0248  0.0256  0.0257  0.0251  0.0254  0.0260  0.0250  0.0256  0.0246  0.0251
  0.0278  0.0265  0.0256  0.0298  0.0306  0.0284  0.0270  0.0284  0.0261  0.0273  0.0250  0.0262
    1.4136   -4.1540   12.9680   -6.4419  -18.7172   -6.2929
    0.7382   -0.1788    1.1595   22.4140   -1.7859  -24.0727
eta,q 0.97578 11.55853

---------------------------------------------------------------------
imgreg_4dfp /opt/freesurfer/average/711-2C_as_mni_average_305 /opt/freesurfer/average/711-2B_as_mni_average_305_mask talsrcimg_g11 none talsrcimg_to_711-2C_as_mni_average_305_t4 2311
---------------------------------------------------------------------

freesurfer imgreg_4dfp.c
/opt/freesurfer/average/711-2C_as_mni_average_305.4dfp.img
       256       256       256         1
  1.000000  1.000000  1.000000
orientation T byte_order littleendian
Reading image: /opt/freesurfer/average/711-2C_as_mni_average_305.4dfp.img
dimensions:      256       256       256
mmppix:       1.0000   -1.0000   -1.0000
center:     128.0000 -129.0000 -129.0000
/opt/freesurfer/average/711-2B_as_mni_average_305_mask.4dfp.img
       256       256       256         1
  1.000000  1.000000  1.000000
orientation T byte_order littleendian
Reading mask: /opt/freesurfer/average/711-2B_as_mni_average_305_mask.4dfp.img (2306576 pixels)
talsrcimg_g11.4dfp.img
       256       256       256         1
  1.000000  1.000000  1.000000
orientation T byte_order littleendian
Reading image: talsrcimg_g11.4dfp.img
dimensions:      256       256       256
mmppix:       1.0000   -1.0000   -1.0000
center:     128.0000 -129.0000 -129.0000
fimgreg.f
image alignment mode   2311 decimal      907 hex
parameters
    1.4136   -4.1540   12.9680   -6.4419  -18.7172   -6.2929
    0.7382   -0.1788    1.1595   22.4140   -1.7859  -24.0727
eta,q 0.97578 11.55853
niter,ni,del,rscale     5    3    5.0000    0.8000
parameters
    1.4458   -4.2143   12.9173   -4.8869  -17.5019   -5.2147
    0.5832    0.0006    1.0153   22.9112   -1.8675  -23.7444
eta,q 0.97653 11.75054
  0.0258  0.0252  0.0248  0.0263  0.0255  0.0250  0.0248  0.0260  0.0244  0.0254  0.0240  0.0245
  0.0250  0.0246  0.0244  0.0255  0.0247  0.0244  0.0241  0.0245  0.0239  0.0243  0.0237  0.0239
  0.0244  0.0243  0.0243  0.0248  0.0242  0.0240  0.0236  0.0237  0.0236  0.0237  0.0235  0.0235
  0.0242  0.0242  0.0242  0.0242  0.0238  0.0237  0.0235  0.0235  0.0235  0.0235  0.0235  0.0235
  0.0243  0.0244  0.0243  0.0238  0.0237  0.0234  0.0236  0.0237  0.0236  0.0235  0.0235  0.0236
  0.0248  0.0248  0.0245  0.0239  0.0238  0.0235  0.0241  0.0244  0.0239  0.0239  0.0237  0.0238
  0.0257  0.0253  0.0248  0.0249  0.0244  0.0244  0.0251  0.0256  0.0245  0.0247  0.0240  0.0242
niter,ni,del,rscale     4    3    5.0000    0.7000
parameters
    1.3550   -4.2726   12.6285   -5.0022  -17.5598   -5.0981
    0.7508   -0.0599    1.0769   23.0262   -1.6363  -24.0077
eta,q 0.97660 11.75606
  0.0247  0.0243  0.0238  0.0250  0.0244  0.0245  0.0245  0.0251  0.0242  0.0247  0.0239  0.0240
  0.0240  0.0238  0.0235  0.0244  0.0239  0.0242  0.0239  0.0241  0.0238  0.0240  0.0236  0.0236
  0.0236  0.0235  0.0234  0.0238  0.0236  0.0238  0.0236  0.0235  0.0235  0.0236  0.0235  0.0234
  0.0235  0.0235  0.0235  0.0234  0.0234  0.0234  0.0234  0.0234  0.0234  0.0234  0.0234  0.0234
  0.0237  0.0236  0.0236  0.0234  0.0235  0.0233  0.0235  0.0236  0.0235  0.0235  0.0234  0.0235
  0.0242  0.0239  0.0239  0.0241  0.0238  0.0237  0.0238  0.0242  0.0237  0.0239  0.0236  0.0238
  0.0251  0.0244  0.0243  0.0256  0.0246  0.0248  0.0244  0.0251  0.0241  0.0246  0.0238  0.0241
niter,ni,del,rscale     3    3    5.0000    0.6000
parameters
    1.3515   -4.3311   12.6209   -4.8133  -17.5733   -4.8243
    0.7506   -0.0518    1.0570   23.2006   -1.5559  -24.0778
eta,q 0.97670 11.77783
  0.0244  0.0240  0.0239  0.0248  0.0241  0.0243  0.0241  0.0247  0.0239  0.0243  0.0237  0.0238
  0.0239  0.0237  0.0236  0.0242  0.0237  0.0240  0.0237  0.0239  0.0236  0.0238  0.0235  0.0235
  0.0235  0.0234  0.0234  0.0237  0.0235  0.0237  0.0234  0.0234  0.0234  0.0235  0.0233  0.0233
  0.0234  0.0234  0.0234  0.0234  0.0234  0.0234  0.0233  0.0233  0.0233  0.0233  0.0233  0.0233
  0.0235  0.0235  0.0235  0.0233  0.0234  0.0233  0.0234  0.0235  0.0234  0.0234  0.0233  0.0234
  0.0239  0.0238  0.0236  0.0238  0.0236  0.0236  0.0236  0.0239  0.0236  0.0237  0.0234  0.0236
  0.0245  0.0242  0.0239  0.0247  0.0242  0.0243  0.0241  0.0246  0.0239  0.0242  0.0236  0.0238
niter,ni,del,rscale     2    3    5.0000    0.5000
parameters
    1.3286   -4.3535   12.6153   -4.6358  -17.5772   -4.5487
    0.7660   -0.0453    1.0457   23.3380   -1.5023  -24.1180
eta,q 0.97677 11.79594
  0.0240  0.0238  0.0237  0.0244  0.0238  0.0241  0.0238  0.0242  0.0236  0.0240  0.0235  0.0236
  0.0236  0.0235  0.0235  0.0239  0.0235  0.0238  0.0235  0.0237  0.0234  0.0236  0.0233  0.0234
  0.0234  0.0233  0.0233  0.0235  0.0234  0.0235  0.0233  0.0233  0.0233  0.0233  0.0233  0.0233
  0.0233  0.0233  0.0233  0.0233  0.0233  0.0233  0.0232  0.0232  0.0232  0.0232  0.0232  0.0232
  0.0234  0.0234  0.0233  0.0233  0.0233  0.0232  0.0233  0.0234  0.0233  0.0233  0.0233  0.0233
  0.0237  0.0235  0.0235  0.0236  0.0235  0.0235  0.0235  0.0237  0.0234  0.0235  0.0233  0.0234
  0.0241  0.0238  0.0237  0.0243  0.0239  0.0240  0.0238  0.0242  0.0237  0.0239  0.0235  0.0236
niter,ni,del,rscale     1    3    5.0000    0.4000
parameters
    1.3061   -4.3709   12.6399   -4.5050  -17.5945   -4.3186
    0.8022   -0.0404    1.0201   23.4302   -1.4560  -24.1213
eta,q 0.97681 11.80817
  0.0237  0.0235  0.0235  0.0240  0.0236  0.0239  0.0236  0.0239  0.0235  0.0237  0.0234  0.0235
  0.0234  0.0234  0.0233  0.0237  0.0234  0.0236  0.0234  0.0235  0.0233  0.0234  0.0233  0.0233
  0.0233  0.0233  0.0233  0.0234  0.0233  0.0234  0.0232  0.0233  0.0232  0.0233  0.0232  0.0232
  0.0232  0.0232  0.0232  0.0232  0.0232  0.0232  0.0232  0.0232  0.0232  0.0232  0.0232  0.0232
  0.0233  0.0233  0.0233  0.0232  0.0232  0.0232  0.0232  0.0233  0.0232  0.0232  0.0232  0.0232
  0.0235  0.0234  0.0233  0.0234  0.0234  0.0234  0.0233  0.0235  0.0233  0.0234  0.0233  0.0233
  0.0238  0.0236  0.0235  0.0239  0.0236  0.0238  0.0236  0.0238  0.0235  0.0236  0.0234  0.0235
registration optimization eta report
parameter search radius
    0.8000    0.8000    0.8000    2.4000    2.4000    2.4000
    2.4000    2.4000    2.4000    2.4000    2.4000    2.4000
100000*second partial in parameter space
       78.       51.       40.       13.        6.       10.
        6.       11.        5.        8.        3.        5.
  0.0237  0.0235  0.0235  0.0240  0.0236  0.0239  0.0236  0.0239  0.0235  0.0237  0.0234  0.0235
  0.0234  0.0234  0.0233  0.0237  0.0234  0.0236  0.0234  0.0235  0.0233  0.0234  0.0233  0.0233
  0.0233  0.0233  0.0233  0.0234  0.0233  0.0234  0.0232  0.0233  0.0232  0.0233  0.0232  0.0232
  0.0232  0.0232  0.0232  0.0232  0.0232  0.0232  0.0232  0.0232  0.0232  0.0232  0.0232  0.0232
  0.0233  0.0233  0.0233  0.0232  0.0232  0.0232  0.0232  0.0233  0.0232  0.0232  0.0232  0.0232
  0.0235  0.0234  0.0233  0.0234  0.0234  0.0234  0.0233  0.0235  0.0233  0.0234  0.0233  0.0233
  0.0238  0.0236  0.0235  0.0239  0.0236  0.0238  0.0236  0.0238  0.0235  0.0236  0.0234  0.0235
    1.3061   -4.3709   12.6399   -4.5050  -17.5945   -4.3186
    0.8022   -0.0404    1.0201   23.4302   -1.4560  -24.1213
eta,q 0.97681 11.80817

---------------------------------------------------------------------
imgreg_4dfp /opt/freesurfer/average/711-2C_as_mni_average_305 /opt/freesurfer/average/711-2B_as_mni_average_305_mask talsrcimg_g11 none talsrcimg_to_711-2C_as_mni_average_305_t4 2311
---------------------------------------------------------------------

freesurfer imgreg_4dfp.c
/opt/freesurfer/average/711-2C_as_mni_average_305.4dfp.img
       256       256       256         1
  1.000000  1.000000  1.000000
orientation T byte_order littleendian
Reading image: /opt/freesurfer/average/711-2C_as_mni_average_305.4dfp.img
dimensions:      256       256       256
mmppix:       1.0000   -1.0000   -1.0000
center:     128.0000 -129.0000 -129.0000
/opt/freesurfer/average/711-2B_as_mni_average_305_mask.4dfp.img
       256       256       256         1
  1.000000  1.000000  1.000000
orientation T byte_order littleendian
Reading mask: /opt/freesurfer/average/711-2B_as_mni_average_305_mask.4dfp.img (2306576 pixels)
talsrcimg_g11.4dfp.img
       256       256       256         1
  1.000000  1.000000  1.000000
orientation T byte_order littleendian
Reading image: talsrcimg_g11.4dfp.img
dimensions:      256       256       256
mmppix:       1.0000   -1.0000   -1.0000
center:     128.0000 -129.0000 -129.0000
fimgreg.f
image alignment mode   2311 decimal      907 hex
parameters
    1.3061   -4.3709   12.6399   -4.5050  -17.5945   -4.3186
    0.8022   -0.0404    1.0201   23.4302   -1.4560  -24.1213
eta,q 0.97681 11.80817
niter,ni,del,rscale     5    3    5.0000    0.8000
parameters
    1.2816   -4.3621   12.7314   -5.1675  -17.9168   -4.9587
    0.8330   -0.1491    1.1242   23.0133   -1.5557  -24.0432
eta,q 0.97658 11.73842
  0.0252  0.0245  0.0244  0.0250  0.0246  0.0246  0.0248  0.0256  0.0244  0.0247  0.0239  0.0244
  0.0241  0.0238  0.0237  0.0243  0.0239  0.0242  0.0240  0.0242  0.0239  0.0240  0.0236  0.0238
  0.0234  0.0233  0.0233  0.0236  0.0235  0.0237  0.0236  0.0236  0.0236  0.0235  0.0235  0.0235
  0.0232  0.0232  0.0232  0.0232  0.0233  0.0233  0.0234  0.0234  0.0234  0.0234  0.0234  0.0234
  0.0234  0.0233  0.0233  0.0235  0.0234  0.0235  0.0235  0.0237  0.0235  0.0237  0.0235  0.0236
  0.0241  0.0238  0.0236  0.0248  0.0240  0.0244  0.0240  0.0244  0.0238  0.0243  0.0237  0.0238
  0.0253  0.0245  0.0241  0.0272  0.0252  0.0263  0.0248  0.0257  0.0244  0.0254  0.0240  0.0242
niter,ni,del,rscale     4    3    5.0000    0.7000
parameters
    1.3629   -4.3357   12.6742   -5.0102  -17.6860   -5.0190
    0.7475   -0.0881    1.0887   23.0565   -1.6549  -24.0538
eta,q 0.97661 11.75403
  0.0250  0.0244  0.0240  0.0251  0.0245  0.0245  0.0244  0.0252  0.0241  0.0246  0.0238  0.0241
  0.0242  0.0239  0.0237  0.0245  0.0240  0.0241  0.0238  0.0241  0.0237  0.0240  0.0235  0.0237
  0.0236  0.0235  0.0235  0.0239  0.0236  0.0237  0.0235  0.0235  0.0235  0.0235  0.0234  0.0234
  0.0234  0.0234  0.0234  0.0234  0.0234  0.0234  0.0234  0.0234  0.0234  0.0234  0.0234  0.0234
  0.0235  0.0235  0.0235  0.0233  0.0234  0.0233  0.0235  0.0236  0.0235  0.0235  0.0234  0.0235
  0.0239  0.0238  0.0238  0.0239  0.0237  0.0238  0.0238  0.0241  0.0237  0.0239  0.0236  0.0237
  0.0247  0.0243  0.0241  0.0253  0.0244  0.0249  0.0245  0.0250  0.0242  0.0246  0.0238  0.0240
niter,ni,del,rscale     3    3    5.0000    0.6000
parameters
    1.3542   -4.3359   12.6278   -4.8113  -17.6118   -4.8108
    0.7362   -0.0514    1.0683   23.2096   -1.5953  -24.1008
eta,q 0.97670 11.77667
  0.0244  0.0241  0.0239  0.0248  0.0241  0.0243  0.0241  0.0247  0.0239  0.0243  0.0237  0.0238
  0.0238  0.0237  0.0236  0.0242  0.0237  0.0240  0.0237  0.0239  0.0236  0.0238  0.0234  0.0235
  0.0235  0.0234  0.0234  0.0237  0.0235  0.0237  0.0234  0.0234  0.0234  0.0235  0.0233  0.0233
  0.0234  0.0234  0.0234  0.0234  0.0233  0.0233  0.0233  0.0233  0.0233  0.0233  0.0233  0.0233
  0.0235  0.0235  0.0235  0.0233  0.0234  0.0233  0.0234  0.0235  0.0234  0.0234  0.0233  0.0234
  0.0238  0.0237  0.0236  0.0238  0.0236  0.0236  0.0236  0.0239  0.0236  0.0237  0.0234  0.0236
  0.0245  0.0241  0.0239  0.0247  0.0241  0.0244  0.0241  0.0246  0.0239  0.0242  0.0236  0.0238
niter,ni,del,rscale     2    3    5.0000    0.5000
parameters
    1.3316   -4.3534   12.6120   -4.6397  -17.5879   -4.5552
    0.7543   -0.0388    1.0490   23.3437   -1.5215  -24.1201
eta,q 0.97677 11.79541
  0.0240  0.0238  0.0237  0.0244  0.0238  0.0241  0.0238  0.0242  0.0236  0.0240  0.0235  0.0236
  0.0236  0.0235  0.0234  0.0239  0.0235  0.0238  0.0235  0.0237  0.0234  0.0236  0.0234  0.0234
  0.0234  0.0233  0.0233  0.0235  0.0234  0.0235  0.0233  0.0233  0.0233  0.0233  0.0233  0.0233
  0.0233  0.0233  0.0233  0.0233  0.0233  0.0233  0.0232  0.0232  0.0232  0.0232  0.0232  0.0232
  0.0234  0.0234  0.0233  0.0233  0.0233  0.0232  0.0233  0.0234  0.0233  0.0233  0.0233  0.0233
  0.0236  0.0235  0.0235  0.0236  0.0235  0.0235  0.0235  0.0237  0.0234  0.0235  0.0233  0.0234
  0.0241  0.0238  0.0237  0.0243  0.0238  0.0240  0.0238  0.0242  0.0237  0.0239  0.0235  0.0236
niter,ni,del,rscale     1    3    5.0000    0.4000
parameters
    1.3064   -4.3713   12.6412   -4.4993  -17.5910   -4.3194
    0.7888   -0.0373    1.0309   23.4252   -1.4574  -24.1190
eta,q 0.97681 11.80829
  0.0237  0.0235  0.0235  0.0240  0.0236  0.0239  0.0236  0.0239  0.0235  0.0237  0.0234  0.0235
  0.0234  0.0234  0.0233  0.0237  0.0234  0.0236  0.0234  0.0235  0.0233  0.0234  0.0233  0.0233
  0.0233  0.0233  0.0233  0.0234  0.0233  0.0234  0.0232  0.0233  0.0232  0.0233  0.0232  0.0232
  0.0232  0.0232  0.0232  0.0232  0.0232  0.0232  0.0232  0.0232  0.0232  0.0232  0.0232  0.0232
  0.0233  0.0233  0.0233  0.0232  0.0232  0.0232  0.0232  0.0233  0.0232  0.0232  0.0232  0.0232
  0.0235  0.0234  0.0233  0.0234  0.0234  0.0234  0.0233  0.0235  0.0233  0.0234  0.0233  0.0233
  0.0238  0.0236  0.0235  0.0239  0.0236  0.0238  0.0236  0.0238  0.0235  0.0236  0.0234  0.0234
registration optimization eta report
parameter search radius
    0.8000    0.8000    0.8000    2.4000    2.4000    2.4000
    2.4000    2.4000    2.4000    2.4000    2.4000    2.4000
100000*second partial in parameter space
       78.       51.       40.       13.        6.       11.
        6.       12.        5.        8.        3.        5.
  0.0237  0.0235  0.0235  0.0240  0.0236  0.0239  0.0236  0.0239  0.0235  0.0237  0.0234  0.0235
  0.0234  0.0234  0.0233  0.0237  0.0234  0.0236  0.0234  0.0235  0.0233  0.0234  0.0233  0.0233
  0.0233  0.0233  0.0233  0.0234  0.0233  0.0234  0.0232  0.0233  0.0232  0.0233  0.0232  0.0232
  0.0232  0.0232  0.0232  0.0232  0.0232  0.0232  0.0232  0.0232  0.0232  0.0232  0.0232  0.0232
  0.0233  0.0233  0.0233  0.0232  0.0232  0.0232  0.0232  0.0233  0.0232  0.0232  0.0232  0.0232
  0.0235  0.0234  0.0233  0.0234  0.0234  0.0234  0.0233  0.0235  0.0233  0.0234  0.0233  0.0233
  0.0238  0.0236  0.0235  0.0239  0.0236  0.0238  0.0236  0.0238  0.0235  0.0236  0.0234  0.0234
    1.3064   -4.3713   12.6412   -4.4993  -17.5910   -4.3194
    0.7888   -0.0373    1.0309   23.4252   -1.4574  -24.1190
eta,q 0.97681 11.80829

---------------------------------------------------------------------
compute_vox2vox talsrcimg talsrcimg_to_711-2C_as_mni_average_305_t4 /opt/freesurfer/average/711-2C_as_mni_average_305
---------------------------------------------------------------------

freesurfer compute_vox2vox.c
Reading: talsrcimg.4dfp.ifh
Reading: talsrcimg_to_711-2C_as_mni_average_305_t4
Reading: /opt/freesurfer/average/711-2C_as_mni_average_305.4dfp.ifh
Writing: talsrcimg_to_711-2C_as_mni_average_305_t4_vox2vox.txt

start time Mon Mar 9 09:55:03 CET 2026
end		time Mon Mar 9 09:56:28 CET 2026

mpr2mni305 success

avi2talxfm orig_nu.mgz /opt/freesurfer/average/mni305.cor.mgz talsrcimg_to_711-2C_as_mni_average_305_t4_vox2vox.txt transforms/talairach.auto.xfm
avi2talxfm done
mv -f /out/sourcedata/freesurfer/sub-v1s21x0050399_ses-1/mri/talsrcimg_to_711-2C_as_mni_average_305_t4_vox2vox.txt /out/sourcedata/freesurfer/sub-v1s21x0050399_ses-1/mri/transforms/talsrcimg_to_711-2C_as_mni_average_305_t4_vox2vox.txt
lta_convert --src orig_nu.mgz --trg /opt/freesurfer/average/mni305.cor.mgz --inxfm transforms/talairach.auto.xfm --outlta transforms/talairach.auto.xfm.lta --subject fsaverage
7.3.2

--src: orig_nu.mgz src image (geometry).
--trg: /opt/freesurfer/average/mni305.cor.mgz trg image (geometry).
--inmni: transforms/talairach.auto.xfm input MNI/XFM transform.
--outlta: transforms/talairach.auto.xfm.lta output LTA.
--s: fsaverage subject name
 LTA read, type : 1
 1.04725   0.00267  -0.00924  -1.96722;
 0.01180   0.97529   0.28533  -11.79425;
-0.01646  -0.27727   1.13247   7.66919;
 0.00000   0.00000   0.00000   1.00000;
setting subject to fsaverage
Writing  LTA to file transforms/talairach.auto.xfm.lta...
lta_convert successful.
 
 
Started at Mon Mar 9 09:55:03 CET 2026
Ended   at Mon Mar  9 09:56:29 CET 2026
talairach_avi done
