status file for recon-all
Mon Mar  9 13:02:48 CET 2026
#@# Tessellate lh Mon Mar  9 13:02:48 CET 2026
#@# Smooth1 lh Mon Mar  9 13:02:51 CET 2026
#@# Inflation1 lh Mon Mar  9 13:02:53 CET 2026
#@# QSphere lh Mon Mar  9 13:03:07 CET 2026
#@# Fix Topology lh Mon Mar  9 13:04:38 CET 2026
#@# Smooth2 lh Mon Mar  9 13:11:00 CET 2026
#@# Inflation2 lh Mon Mar  9 13:11:03 CET 2026
#@# Curv .H and .K lh Mon Mar  9 13:11:18 CET 2026
#@# Sphere lh Mon Mar  9 13:11:57 CET 2026
#@# Surf Reg lh Mon Mar  9 13:16:00 CET 2026
#@# Jacobian white lh Mon Mar  9 13:20:36 CET 2026
#@# AvgCurv lh Mon Mar  9 13:20:37 CET 2026
#@# Cortical Parc lh Mon Mar  9 13:20:38 CET 2026
#@# white curv lh Mon Mar  9 13:27:22 CET 2026
#@# white area lh Mon Mar  9 13:27:23 CET 2026
#@# pial curv lh Mon Mar  9 13:27:24 CET 2026
#@# pial area lh Mon Mar  9 13:27:25 CET 2026
#@# thickness lh Mon Mar  9 13:27:26 CET 2026
#@# area and vertex vol lh Mon Mar  9 13:27:46 CET 2026
#@# Curvature Stats lh Mon Mar  9 13:27:47 CET 2026
#@# Cortical Parc 2 lh Mon Mar  9 13:27:49 CET 2026
#@# Cortical Parc 3 lh Mon Mar  9 13:27:59 CET 2026
#@# WM/GM Contrast lh Mon Mar  9 13:28:07 CET 2026
recon-all -s sub-v1s21x0050421_ses-1 finished without error at Mon Mar  9 13:28:09 CET 2026



#New# invocation of recon-all 



status file for recon-all
Mon Mar  9 13:56:32 CET 2026
#@# white curv lh Mon Mar  9 13:56:32 CET 2026
#@# white area lh Mon Mar  9 13:56:32 CET 2026
#@# pial curv lh Mon Mar  9 13:56:32 CET 2026
#@# pial area lh Mon Mar  9 13:56:32 CET 2026
#@# thickness lh Mon Mar  9 13:56:32 CET 2026
#@# area and vertex vol lh Mon Mar  9 13:56:32 CET 2026
#@# Parcellation Stats lh Mon Mar  9 13:56:32 CET 2026
#@# Parcellation Stats 2 lh Mon Mar  9 13:56:49 CET 2026
#@# Parcellation Stats 3 lh Mon Mar  9 13:56:58 CET 2026
#@# BA_exvivo Labels lh Mon Mar  9 13:57:07 CET 2026
recon-all -s sub-v1s21x0050421_ses-1 finished without error at Mon Mar  9 13:59:23 CET 2026
