status file for recon-all
Mon Mar  9 13:28:12 CET 2026
#@# Tessellate rh Mon Mar  9 13:28:12 CET 2026
#@# Smooth1 rh Mon Mar  9 13:28:14 CET 2026
#@# Inflation1 rh Mon Mar  9 13:28:17 CET 2026
#@# QSphere rh Mon Mar  9 13:28:32 CET 2026
#@# Fix Topology rh Mon Mar  9 13:30:02 CET 2026
#@# Smooth2 rh Mon Mar  9 13:35:39 CET 2026
#@# Inflation2 rh Mon Mar  9 13:35:41 CET 2026
#@# Curv .H and .K rh Mon Mar  9 13:35:57 CET 2026
#@# Sphere rh Mon Mar  9 13:36:36 CET 2026
#@# Surf Reg rh Mon Mar  9 13:40:12 CET 2026
#@# Jacobian white rh Mon Mar  9 13:44:33 CET 2026
#@# AvgCurv rh Mon Mar  9 13:44:34 CET 2026
#@# Cortical Parc rh Mon Mar  9 13:44:35 CET 2026
#@# white curv rh Mon Mar  9 13:51:02 CET 2026
#@# white area rh Mon Mar  9 13:51:04 CET 2026
#@# pial curv rh Mon Mar  9 13:51:04 CET 2026
#@# pial area rh Mon Mar  9 13:51:06 CET 2026
#@# thickness rh Mon Mar  9 13:51:07 CET 2026
#@# area and vertex vol rh Mon Mar  9 13:51:30 CET 2026
#@# Curvature Stats rh Mon Mar  9 13:51:32 CET 2026
#@# Cortical Parc 2 rh Mon Mar  9 13:51:34 CET 2026
#@# Cortical Parc 3 rh Mon Mar  9 13:51:44 CET 2026
#@# WM/GM Contrast rh Mon Mar  9 13:51:53 CET 2026
recon-all -s sub-v1s21x0050421_ses-1 finished without error at Mon Mar  9 13:51:55 CET 2026



#New# invocation of recon-all 



status file for recon-all
Mon Mar  9 13:59:27 CET 2026
#@# white curv rh Mon Mar  9 13:59:27 CET 2026
#@# white area rh Mon Mar  9 13:59:27 CET 2026
#@# pial curv rh Mon Mar  9 13:59:27 CET 2026
#@# pial area rh Mon Mar  9 13:59:27 CET 2026
#@# thickness rh Mon Mar  9 13:59:27 CET 2026
#@# area and vertex vol rh Mon Mar  9 13:59:27 CET 2026
#@# Parcellation Stats rh Mon Mar  9 13:59:27 CET 2026
#@# Parcellation Stats 2 rh Mon Mar  9 13:59:44 CET 2026
#@# Parcellation Stats 3 rh Mon Mar  9 13:59:52 CET 2026
#@# BA_exvivo Labels rh Mon Mar  9 14:00:01 CET 2026
recon-all -s sub-v1s21x0050421_ses-1 finished without error at Mon Mar  9 14:02:15 CET 2026
