status file for recon-all
Mon Mar  9 09:28:54 CET 2026
#@# MotionCor Mon Mar  9 09:28:55 CET 2026
#@# Talairach Mon Mar  9 09:29:05 CET 2026
#@# Talairach Failure Detection Mon Mar  9 09:33:28 CET 2026
#@# Nu Intensity Correction Mon Mar  9 09:33:28 CET 2026
#@# Intensity Normalization Mon Mar  9 09:36:46 CET 2026
recon-all -s sub-v1s21x0050390_ses-1 finished without error at Mon Mar  9 09:38:14 CET 2026



#New# invocation of recon-all 



status file for recon-all
Mon Mar  9 09:44:53 CET 2026
#@# EM Registration Mon Mar  9 09:44:53 CET 2026
recon-all -s sub-v1s21x0050390_ses-1 finished without error at Mon Mar  9 09:46:29 CET 2026



#New# invocation of recon-all 



status file for recon-all
Mon Mar  9 09:46:33 CET 2026
#@# CA Normalize Mon Mar  9 09:46:33 CET 2026
#@# CA Reg Mon Mar  9 09:47:53 CET 2026
#@# SubCort Seg Mon Mar  9 10:33:08 CET 2026
#@# CC Seg Mon Mar  9 11:03:38 CET 2026
#@# Merge ASeg Mon Mar  9 11:04:27 CET 2026
#@# Intensity Normalization2 Mon Mar  9 11:04:28 CET 2026
#@# Mask BFS Mon Mar  9 11:06:36 CET 2026
#@# WM Segmentation Mon Mar  9 11:06:37 CET 2026
#@# Fill Mon Mar  9 11:08:44 CET 2026
recon-all -s sub-v1s21x0050390_ses-1 finished without error at Mon Mar  9 11:09:44 CET 2026



#New# invocation of recon-all 



status file for recon-all
Mon Mar  9 11:55:44 CET 2026
#@# white curv lh Mon Mar  9 11:55:44 CET 2026
#@# white area lh Mon Mar  9 11:55:44 CET 2026
#@# pial curv lh Mon Mar  9 11:55:44 CET 2026
#@# pial area lh Mon Mar  9 11:55:44 CET 2026
#@# thickness lh Mon Mar  9 11:55:44 CET 2026
#@# area and vertex vol lh Mon Mar  9 11:55:44 CET 2026
#@# white curv rh Mon Mar  9 11:55:44 CET 2026
#@# white area rh Mon Mar  9 11:55:44 CET 2026
#@# pial curv rh Mon Mar  9 11:55:44 CET 2026
#@# pial area rh Mon Mar  9 11:55:44 CET 2026
#@# thickness rh Mon Mar  9 11:55:44 CET 2026
#@# area and vertex vol rh Mon Mar  9 11:55:44 CET 2026
#@# Cortical ribbon mask Mon Mar  9 11:55:44 CET 2026
recon-all -s sub-v1s21x0050390_ses-1 finished without error at Mon Mar  9 12:00:52 CET 2026



#New# invocation of recon-all 



status file for recon-all
Mon Mar  9 12:07:16 CET 2026
#@# white curv lh Mon Mar  9 12:07:16 CET 2026
#@# white area lh Mon Mar  9 12:07:16 CET 2026
#@# pial curv lh Mon Mar  9 12:07:16 CET 2026
#@# pial area lh Mon Mar  9 12:07:16 CET 2026
#@# thickness lh Mon Mar  9 12:07:16 CET 2026
#@# area and vertex vol lh Mon Mar  9 12:07:16 CET 2026
#@# white curv rh Mon Mar  9 12:07:16 CET 2026
#@# white area rh Mon Mar  9 12:07:16 CET 2026
#@# pial curv rh Mon Mar  9 12:07:16 CET 2026
#@# pial area rh Mon Mar  9 12:07:16 CET 2026
#@# thickness rh Mon Mar  9 12:07:16 CET 2026
#@# area and vertex vol rh Mon Mar  9 12:07:16 CET 2026
#@# Curvature Stats lh Mon Mar  9 12:07:16 CET 2026
#@# Curvature Stats rh Mon Mar  9 12:07:19 CET 2026
#@# Relabel Hypointensities Mon Mar  9 12:07:21 CET 2026
#@# APas-to-ASeg Mon Mar  9 12:07:37 CET 2026
#@# AParc-to-ASeg aparc Mon Mar  9 12:07:44 CET 2026
#@# AParc-to-ASeg aparc.a2009s Mon Mar  9 12:08:24 CET 2026
#@# AParc-to-ASeg aparc.DKTatlas Mon Mar  9 12:08:54 CET 2026
#@# WMParc Mon Mar  9 12:09:34 CET 2026
#@# ASeg Stats Mon Mar  9 12:13:06 CET 2026
recon-all -s sub-v1s21x0050390_ses-1 finished without error at Mon Mar  9 12:13:44 CET 2026
