status file for recon-all
Mon Mar  9 11:09:49 CET 2026
#@# Tessellate lh Mon Mar  9 11:09:49 CET 2026
#@# Smooth1 lh Mon Mar  9 11:09:53 CET 2026
#@# Inflation1 lh Mon Mar  9 11:09:56 CET 2026
#@# QSphere lh Mon Mar  9 11:10:10 CET 2026
#@# Fix Topology lh Mon Mar  9 11:11:09 CET 2026
#@# Smooth2 lh Mon Mar  9 11:17:34 CET 2026
#@# Inflation2 lh Mon Mar  9 11:17:37 CET 2026
#@# Curv .H and .K lh Mon Mar  9 11:17:50 CET 2026
#@# Sphere lh Mon Mar  9 11:18:35 CET 2026
#@# Surf Reg lh Mon Mar  9 11:23:13 CET 2026
#@# Jacobian white lh Mon Mar  9 11:27:34 CET 2026
#@# AvgCurv lh Mon Mar  9 11:27:35 CET 2026
#@# Cortical Parc lh Mon Mar  9 11:27:36 CET 2026
#@# white curv lh Mon Mar  9 11:33:30 CET 2026
#@# white area lh Mon Mar  9 11:33:32 CET 2026
#@# pial curv lh Mon Mar  9 11:33:33 CET 2026
#@# pial area lh Mon Mar  9 11:33:35 CET 2026
#@# thickness lh Mon Mar  9 11:33:36 CET 2026
#@# area and vertex vol lh Mon Mar  9 11:34:04 CET 2026
#@# Curvature Stats lh Mon Mar  9 11:34:06 CET 2026
#@# Cortical Parc 2 lh Mon Mar  9 11:34:08 CET 2026
#@# Cortical Parc 3 lh Mon Mar  9 11:34:21 CET 2026
#@# WM/GM Contrast lh Mon Mar  9 11:34:31 CET 2026
recon-all -s sub-v1s21x0050390_ses-1 finished without error at Mon Mar  9 11:34:35 CET 2026



#New# invocation of recon-all 



status file for recon-all
Mon Mar  9 12:00:56 CET 2026
#@# white curv lh Mon Mar  9 12:00:56 CET 2026
#@# white area lh Mon Mar  9 12:00:56 CET 2026
#@# pial curv lh Mon Mar  9 12:00:56 CET 2026
#@# pial area lh Mon Mar  9 12:00:56 CET 2026
#@# thickness lh Mon Mar  9 12:00:56 CET 2026
#@# area and vertex vol lh Mon Mar  9 12:00:56 CET 2026
#@# Parcellation Stats lh Mon Mar  9 12:00:56 CET 2026
#@# Parcellation Stats 2 lh Mon Mar  9 12:01:14 CET 2026
#@# Parcellation Stats 3 lh Mon Mar  9 12:01:23 CET 2026
#@# BA_exvivo Labels lh Mon Mar  9 12:01:32 CET 2026
recon-all -s sub-v1s21x0050390_ses-1 finished without error at Mon Mar  9 12:04:09 CET 2026
