/out/sourcedata/freesurfer/sub-v1s21x0050407_ses-1/mri
/opt/freesurfer/bin/talairach_avi
--i orig_nu.mgz --xfm transforms/talairach.auto.xfm
talairach_avi 7.3.2
Linux dna030 5.14.0-427.37.1.el9_4.x86_64 #1 SMP PREEMPT_DYNAMIC Fri Sep 13 12:41:50 EDT 2024 x86_64 x86_64 x86_64 GNU/Linux
Mon Mar  9 10:23:18 CET 2026
mri_convert orig_nu.mgz talsrcimg.img 
reading from orig_nu.mgz...
TR=0.00, TE=0.00, TI=0.00, flip angle=0.00
i_ras = (-1, 0, 0)
j_ras = (0, 0, -1)
k_ras = (0, 1, 0)
writing to talsrcimg.img...
Analyze Output Matrix
-1.00000   0.00000   0.00000   129.70000;
 0.00000   0.00000   1.00000  -128.50000;
 0.00000  -1.00000   0.00000   129.50000;
 0.00000   0.00000   0.00000   1.00000;
--------------------
INFO: set hdr.hist.orient to -1
mpr2mni305 talsrcimg
Mon Mar  9 10:23:19 CET 2026
/opt/freesurfer/bin/mpr2mni305 talsrcimg
mpr2mni305 7.3.2
target=711-2C_as_mni_average_305

---------------------------------------------------------------------
analyzeto4dfp talsrcimg -O0 -y
---------------------------------------------------------------------

freesurfer ifh2hdr.c
Mon Mar  9 10:23:19 2026
Writing: talsrcimg.4dfp.hdr
freesurfer analyzeto4dfp.c
Reading: talsrcimg.hdr
header size 348 bytes
hdr.dime.datatype	offset=70	value=2
hdr.dime.bitpix		offset=72	value=8
hdr.hist.orient		offset=252	value=-1
dimensionality     4
dimensions       256       256       256         1
Reading: talsrcimg.img
Writing: talsrcimg.4dfp.img
Writing: talsrcimg.4dfp.ifh
ifh2hdr talsrcimg -r0to236
ori=2

---------------------------------------------------------------------
gauss_4dfp talsrcimg 1.1
---------------------------------------------------------------------

freesurfer gauss_4dfp.c
Reading: talsrcimg.4dfp.img
Writing: talsrcimg_g11.4dfp.img
image dimensions 256 256 256 padded to 288 288 288
processing volume 1freesurfer ifh2hdr.c
Mon Mar  9 10:23:20 2026
Writing: talsrcimg_g11.4dfp.hdr

Writing: talsrcimg_g11.4dfp.ifh
including: talsrcimg.4dfp.img.rec in talsrcimg_g11.4dfp.img.rec

---------------------------------------------------------------------
imgreg_4dfp /opt/freesurfer/average/711-2C_as_mni_average_305 none talsrcimg_g11 none talsrcimg_to_711-2C_as_mni_average_305_t4 4355
---------------------------------------------------------------------

freesurfer imgreg_4dfp.c
/opt/freesurfer/average/711-2C_as_mni_average_305.4dfp.img
       256       256       256         1
  1.000000  1.000000  1.000000
orientation T byte_order littleendian
Reading image: /opt/freesurfer/average/711-2C_as_mni_average_305.4dfp.img
dimensions:      256       256       256
mmppix:       1.0000   -1.0000   -1.0000
center:     128.0000 -129.0000 -129.0000
talsrcimg_g11.4dfp.img
       256       256       256         1
  1.000000  1.000000  1.000000
orientation T byte_order littleendian
Reading image: talsrcimg_g11.4dfp.img
dimensions:      256       256       256
mmppix:       1.0000   -1.0000   -1.0000
center:     128.0000 -129.0000 -129.0000
t4_read: open error in t4_sub.f l:  41 t4_file(1:l)talsrcimg_to_711-2C_as_mni_average_305_t4 
t4_read: transform initialized to I4
rotation matrix determinant  1.000000
image alignment mode   4355 decimal     1103 hex
   -7.5000  -45.0000  -45.0000 6627.5186   30.1694
    0.0000  -45.0000  -45.0000 6910.0410   30.2310
    7.5000  -45.0000  -45.0000 6668.9521   30.2290
   -7.5000  -37.5000  -45.0000 7190.0610   29.6721
    0.0000  -37.5000  -45.0000 7497.9644   29.7291
    7.5000  -37.5000  -45.0000 7211.6123   29.7117
   -7.5000  -30.0000  -45.0000 8138.0303   29.6069
    0.0000  -30.0000  -45.0000 8503.4834   29.6332
    7.5000  -30.0000  -45.0000 8146.1030   29.5953
   -7.5000  -22.5000  -45.0000 9038.3262   29.5026
    0.0000  -22.5000  -45.0000 9417.1025   29.5032
    7.5000  -22.5000  -45.0000 9038.3447   29.4626
   -7.5000  -15.0000  -45.0000 9870.5322   29.3984
    0.0000  -15.0000  -45.000010284.9023   29.3962
    7.5000  -15.0000  -45.0000 9896.0850   29.3717
   -7.5000   -7.5000  -45.000010723.4619   29.4043
    0.0000   -7.5000  -45.000011159.8740   29.4318
    7.5000   -7.5000  -45.000010762.8330   29.4254
   -7.5000    0.0000  -45.000011393.5469   29.5006
    0.0000    0.0000  -45.000011899.0254   29.5613
    7.5000    0.0000  -45.000011417.3662   29.5600
   -7.5000    7.5000  -45.000011261.2285   29.5991
    0.0000    7.5000  -45.000011752.5205   29.6557
    7.5000    7.5000  -45.000011248.4043   29.6389
   -7.5000   15.0000  -45.000011042.3447   29.6069
    0.0000   15.0000  -45.000011534.4736   29.6332
    7.5000   15.0000  -45.000011032.4775   29.5952
   -7.5000   22.5000  -45.000010621.0859   29.4986
    0.0000   22.5000  -45.000011065.1846   29.4991
    7.5000   22.5000  -45.000010629.9980   29.4586
   -7.5000   30.0000  -45.000010091.4775   29.0066
    0.0000   30.0000  -45.000010486.9219   29.0045
    7.5000   30.0000  -45.000010092.9668   28.9803
   -7.5000   37.5000  -45.0000 9929.5293   29.0124
    0.0000   37.5000  -45.000010290.7627   29.0396
    7.5000   37.5000  -45.0000 9939.4561   29.0332
   -7.5000   45.0000  -45.0000 9299.8896   28.3684
    0.0000   45.0000  -45.0000 9645.4316   28.4267
    7.5000   45.0000  -45.0000 9317.4951   28.4255
   -7.5000  -45.0000  -37.5000 6991.9644   30.0927
    0.0000  -45.0000  -37.5000 7291.0684   30.1321
    7.5000  -45.0000  -37.5000 7005.5044   30.1424
   -7.5000  -37.5000  -37.5000 7606.8447   29.5715
    0.0000  -37.5000  -37.5000 7947.5518   29.6201
    7.5000  -37.5000  -37.5000 7619.1841   29.6146
   -7.5000  -30.0000  -37.5000 8613.3643   29.5056
    0.0000  -30.0000  -37.5000 8988.6514   29.5406
    7.5000  -30.0000  -37.5000 8619.3730   29.5215
   -7.5000  -22.5000  -37.5000 9578.2344   29.4307
    0.0000  -22.5000  -37.5000 9980.9658   29.4418
    7.5000  -22.5000  -37.5000 9571.4395   29.4266
   -7.5000  -15.0000  -37.500010430.8203   29.3565
    0.0000  -15.0000  -37.500010900.1514   29.3532
    7.5000  -15.0000  -37.500010425.4170   29.3538
   -7.5000   -7.5000  -37.500011324.1084   29.3585
    0.0000   -7.5000  -37.500011830.6582   29.3705
    7.5000   -7.5000  -37.500011303.5176   29.3825
   -7.5000    0.0000  -37.500012032.9014   29.4254
    0.0000    0.0000  -37.500012571.2695   29.4651
    7.5000    0.0000  -37.500011970.2773   29.4755
   -7.5000    7.5000  -37.500011885.8760   29.4982
    0.0000    7.5000  -37.500012417.0674   29.5464
    7.5000    7.5000  -37.500011804.2070   29.5415
   -7.5000   15.0000  -37.500011623.3975   29.5056
    0.0000   15.0000  -37.500012156.0635   29.5406
    7.5000   15.0000  -37.500011570.9561   29.5214
   -7.5000   22.5000  -37.500011200.2178   29.4267
    0.0000   22.5000  -37.500011714.1553   29.4378
    7.5000   22.5000  -37.500011182.8340   29.4226
   -7.5000   30.0000  -37.500010612.1797   28.9653
    0.0000   30.0000  -37.500011085.9805   28.9621
    7.5000   30.0000  -37.500010580.1553   28.9626
   -7.5000   37.5000  -37.500010428.0352   28.9673
    0.0000   37.5000  -37.500010842.7217   28.9791
    7.5000   37.5000  -37.500010373.9668   28.9910
   -7.5000   45.0000  -37.5000 9772.4697   28.2960
    0.0000   45.0000  -37.500010165.5811   28.3342
    7.5000   45.0000  -37.5000 9716.2461   28.3442
   -7.5000  -45.0000  -30.0000 7498.8008   31.3392
    0.0000  -45.0000  -30.0000 7791.4751   31.3695
    7.5000  -45.0000  -30.0000 7476.0918   31.3920
   -7.5000  -37.5000  -30.0000 8142.2036   30.7683
    0.0000  -37.5000  -30.0000 8497.7021   30.8238
    7.5000  -37.5000  -30.0000 8154.6733   30.8347
   -7.5000  -30.0000  -30.0000 9212.2725   30.6816
    0.0000  -30.0000  -30.0000 9585.2422   30.7339
    7.5000  -30.0000  -30.0000 9197.9971   30.7417
   -7.5000  -22.5000  -30.000010259.8857   30.6196
    0.0000  -22.5000  -30.000010694.5869   30.6406
    7.5000  -22.5000  -30.000010231.8564   30.6570
   -7.5000  -15.0000  -30.000011119.1025   30.5703
    0.0000  -15.0000  -30.000011617.0850   30.5617
    7.5000  -15.0000  -30.000011113.1211   30.5900
   -7.5000   -7.5000  -30.000012030.6201   30.5854
    0.0000   -7.5000  -30.000012632.4170   30.5838
    7.5000   -7.5000  -30.000012032.8301   30.6144
   -7.5000    0.0000  -30.000012785.0928   30.6450
    0.0000    0.0000  -30.000013387.6670   30.6759
    7.5000    0.0000  -30.000012736.0947   30.6983
   -7.5000    7.5000  -30.000012587.4883   30.6917
    0.0000    7.5000  -30.000013162.7441   30.7469
    7.5000    7.5000  -30.000012545.8740   30.7582
   -7.5000   15.0000  -30.000012288.8750   30.6815
    0.0000   15.0000  -30.000012872.0654   30.7339
    7.5000   15.0000  -30.000012268.8076   30.7417
   -7.5000   22.5000  -30.000011900.9453   30.6122
    0.0000   22.5000  -30.000012476.4268   30.6332
    7.5000   22.5000  -30.000011870.7812   30.6497
   -7.5000   30.0000  -30.000011269.1064   30.1658
    0.0000   30.0000  -30.000011808.4160   30.1573
    7.5000   30.0000  -30.000011233.6260   30.1852
   -7.5000   37.5000  -30.000011015.0615   30.1807
    0.0000   37.5000  -30.000011511.6240   30.1791
    7.5000   37.5000  -30.000010973.7295   30.2093
   -7.5000   45.0000  -30.000010315.4072   29.4904
    0.0000   45.0000  -30.000010765.9961   29.5202
    7.5000   45.0000  -30.000010246.3223   29.5417
   -7.5000  -45.0000  -22.5000 7968.6465   32.4999
    0.0000  -45.0000  -22.5000 8309.7725   32.5452
    7.5000  -45.0000  -22.5000 7982.7441   32.5661
   -7.5000  -37.5000  -22.5000 8634.2451   31.9058
    0.0000  -37.5000  -22.5000 9003.8438   31.9777
    7.5000  -37.5000  -22.5000 8652.4307   31.9927
   -7.5000  -30.0000  -22.5000 9746.8799   31.7941
    0.0000  -30.0000  -22.500010157.4941   31.8541
    7.5000  -30.0000  -22.5000 9728.7471   31.8704
   -7.5000  -22.5000  -22.500010823.9512   31.7095
    0.0000  -22.5000  -22.500011288.5264   31.7280
    7.5000  -22.5000  -22.500010797.2148   31.7505
   -7.5000  -15.0000  -22.500011779.9336   31.6532
    0.0000  -15.0000  -22.500012280.5674   31.6399
    7.5000  -15.0000  -22.500011742.8955   31.6684
   -7.5000   -7.5000  -22.500012711.5273   31.6918
    0.0000   -7.5000  -22.500013324.4473   31.6937
    7.5000   -7.5000  -22.500012689.7158   31.7217
   -7.5000    0.0000  -22.500013493.7979   31.7808
    0.0000    0.0000  -22.500014117.7432   31.8260
    7.5000    0.0000  -22.500013450.7383   31.8470
   -7.5000    7.5000  -22.500013210.8027   31.8266
    0.0000    7.5000  -22.500013817.7021   31.8983
    7.5000    7.5000  -22.500013203.5635   31.9136
   -7.5000   15.0000  -22.500012945.1543   31.7941
    0.0000   15.0000  -22.500013530.8555   31.8541
    7.5000   15.0000  -22.500012883.2168   31.8703
   -7.5000   22.5000  -22.500012574.1445   31.6997
    0.0000   22.5000  -22.500013166.7598   31.7182
    7.5000   22.5000  -22.500012507.7598   31.7407
   -7.5000   30.0000  -22.500011861.8037   31.2391
    0.0000   30.0000  -22.500012425.9707   31.2261
    7.5000   30.0000  -22.500011836.8086   31.2542
   -7.5000   37.5000  -22.500011594.1182   31.2772
    0.0000   37.5000  -22.500012128.9961   31.2791
    7.5000   37.5000  -22.500011534.6172   31.3067
   -7.5000   45.0000  -22.500010830.7139   30.6065
    0.0000   45.0000  -22.500011323.5146   30.6500
    7.5000   45.0000  -22.500010757.3848   30.6702
   -7.5000  -45.0000  -15.0000 8363.9326   33.3700
    0.0000  -45.0000  -15.0000 8723.9268   33.4424
    7.5000  -45.0000  -15.0000 8379.2549   33.4509
   -7.5000  -37.5000  -15.0000 9087.7168   32.7875
    0.0000  -37.5000  -15.0000 9471.1680   32.8724
    7.5000  -37.5000  -15.0000 9080.7354   32.8751
   -7.5000  -30.0000  -15.000010253.5801   32.6734
    0.0000  -30.0000  -15.000010692.0186   32.7272
    7.5000  -30.0000  -15.000010229.1328   32.7242
   -7.5000  -22.5000  -15.000011345.8838   32.5534
    0.0000  -22.5000  -15.000011853.7949   32.5620
    7.5000  -22.5000  -15.000011336.9287   32.5587
   -7.5000  -15.0000  -15.000012333.8906   32.4617
    0.0000  -15.0000  -15.000012883.2363   32.4503
    7.5000  -15.0000  -15.000012336.7305   32.4529
   -7.5000   -7.5000  -15.000013356.1602   32.5067
    0.0000   -7.5000  -15.000013993.2637   32.5270
    7.5000   -7.5000  -15.000013363.5498   32.5357
   -7.5000    0.0000  -15.000014197.1475   32.6317
    0.0000    0.0000  -15.000014859.1299   32.7029
    7.5000    0.0000  -15.000014238.3350   32.7121
   -7.5000    7.5000  -15.000013864.2461   32.7066
    0.0000    7.5000  -15.000014486.8223   32.7913
    7.5000    7.5000  -15.000013943.9014   32.7944
   -7.5000   15.0000  -15.000013578.2236   32.6734
    0.0000   15.0000  -15.000014162.1621   32.7272
    7.5000   15.0000  -15.000013572.5127   32.7241
   -7.5000   22.5000  -15.000013168.4062   32.5419
    0.0000   22.5000  -15.000013761.8975   32.5504
    7.5000   22.5000  -15.000013150.6729   32.5471
   -7.5000   30.0000  -15.000012457.3467   32.0416
    0.0000   30.0000  -15.000013013.4912   32.0303
    7.5000   30.0000  -15.000012458.7695   32.0328
   -7.5000   37.5000  -15.000012125.8721   32.0860
    0.0000   37.5000  -15.000012665.4209   32.1060
    7.5000   37.5000  -15.000012102.7812   32.1146
   -7.5000   45.0000  -15.000011311.3906   31.4450
    0.0000   45.0000  -15.000011848.5342   31.5135
    7.5000   45.0000  -15.000011288.4834   31.5224
   -7.5000  -45.0000   -7.5000 8772.2920   33.7612
    0.0000  -45.0000   -7.5000 9145.8389   33.8446
    7.5000  -45.0000   -7.5000 8786.4404   33.8421
   -7.5000  -37.5000   -7.5000 9566.6836   33.2021
    0.0000  -37.5000   -7.5000 9994.0449   33.2826
    7.5000  -37.5000   -7.5000 9550.6299   33.2679
   -7.5000  -30.0000   -7.500010794.9785   33.1102
    0.0000  -30.0000   -7.500011268.7588   33.1491
    7.5000  -30.0000   -7.500010775.3291   33.1161
   -7.5000  -22.5000   -7.500011914.6162   32.9774
    0.0000  -22.5000   -7.500012448.5762   32.9776
    7.5000  -22.5000   -7.500011942.0039   32.9401
   -7.5000  -15.0000   -7.500012893.1230   32.8566
    0.0000  -15.0000   -7.500013433.6416   32.8511
    7.5000  -15.0000   -7.500012964.5508   32.8261
   -7.5000   -7.5000   -7.500014002.2607   32.8826
    0.0000   -7.5000   -7.500014635.5498   32.9170
    7.5000   -7.5000   -7.500014033.7314   32.9091
   -7.5000    0.0000   -7.500015097.2197   33.0137
    0.0000    0.0000   -7.500015826.8262   33.0954
    7.5000    0.0000   -7.500015217.8105   33.0938
   -7.5000    7.5000   -7.500014726.3145   33.1205
    0.0000    7.5000   -7.500015295.2852   33.2007
    7.5000    7.5000   -7.500014893.3057   33.1866
   -7.5000   15.0000   -7.500014283.5078   33.1102
    0.0000   15.0000   -7.500014722.4658   33.1491
    7.5000   15.0000   -7.500014321.9912   33.1161
   -7.5000   22.5000   -7.500013777.7080   32.9621
    0.0000   22.5000   -7.500014212.3027   32.9623
    7.5000   22.5000   -7.500013750.5908   32.9249
   -7.5000   30.0000   -7.500013043.7939   32.4306
    0.0000   30.0000   -7.500013501.1465   32.4251
    7.5000   30.0000   -7.500013063.0186   32.4004
   -7.5000   37.5000   -7.500012713.1182   32.4561
    0.0000   37.5000   -7.500013199.3086   32.4901
    7.5000   37.5000   -7.500012771.5762   32.4823
   -7.5000   45.0000   -7.500011869.7969   31.8190
    0.0000   45.0000   -7.500012358.6719   31.8977
    7.5000   45.0000   -7.500011904.4131   31.8961
   -7.5000  -45.0000    0.0000 9168.7109   33.7604
    0.0000  -45.0000    0.0000 9566.5098   33.8293
    7.5000  -45.0000    0.0000 9173.7842   33.8271
   -7.5000  -37.5000    0.0000 9954.2773   33.2039
    0.0000  -37.5000    0.000010386.9365   33.2677
    7.5000  -37.5000    0.0000 9963.2256   33.2482
   -7.5000  -30.0000    0.000011224.1533   33.1309
    0.0000  -30.0000    0.000011710.7744   33.1604
    7.5000  -30.0000    0.000011244.7207   33.1179
   -7.5000  -22.5000    0.000012367.8633   33.0142
    0.0000  -22.5000    0.000012910.6982   33.0149
    7.5000  -22.5000    0.000012412.4443   32.9695
   -7.5000  -15.0000    0.000013356.1299   32.8976
    0.0000  -15.0000    0.000013858.6074   32.8952
    7.5000  -15.0000    0.000013407.7500   32.8677
   -7.5000   -7.5000    0.000014477.2998   32.9042
    0.0000   -7.5000    0.000015094.9219   32.9350
    7.5000   -7.5000    0.000014502.4375   32.9278
   -7.5000    0.0000    0.000015752.0107   33.0120
    0.0000    0.0000    0.000016438.8965   33.0799
    7.5000    0.0000    0.000015847.7051   33.0784
   -7.5000    7.5000    0.000015434.4043   33.1222
    0.0000    7.5000    0.000015785.5020   33.1855
    7.5000    7.5000    0.000015537.8076   33.1667
   -7.5000   15.0000    0.000014826.9531   33.1309
    0.0000   15.0000    0.000015036.2402   33.1603
    7.5000   15.0000    0.000014900.6006   33.1179
   -7.5000   22.5000    0.000014297.2832   32.9990
    0.0000   22.5000    0.000014584.2344   32.9996
    7.5000   22.5000    0.000014330.4375   32.9543
   -7.5000   30.0000    0.000013566.1533   32.4718
    0.0000   30.0000    0.000013955.1436   32.4695
    7.5000   30.0000    0.000013602.9121   32.4424
   -7.5000   37.5000    0.000013218.5889   32.4784
    0.0000   37.5000    0.000013659.4902   32.5087
    7.5000   37.5000    0.000013239.5801   32.5016
   -7.5000   45.0000    0.000012291.0166   31.8198
    0.0000   45.0000    0.000012783.5127   31.8852
    7.5000   45.0000    0.000012266.8398   31.8838
   -7.5000  -45.0000    7.5000 8835.3662   33.6745
    0.0000  -45.0000    7.5000 9248.8350   33.7187
    7.5000  -45.0000    7.5000 8826.4238   33.7301
   -7.5000  -37.5000    7.5000 9593.4824   33.0913
    0.0000  -37.5000    7.500010028.8574   33.1457
    7.5000  -37.5000    7.5000 9589.9092   33.1395
   -7.5000  -30.0000    7.500010765.9482   33.0175
    0.0000  -30.0000    7.500011256.5361   33.0567
    7.5000  -30.0000    7.500010821.5713   33.0353
   -7.5000  -22.5000    7.500011865.3154   32.9338
    0.0000  -22.5000    7.500012358.1416   32.9462
    7.5000  -22.5000    7.500011935.5068   32.9292
   -7.5000  -15.0000    7.500012846.3203   32.8508
    0.0000  -15.0000    7.500013241.1963   32.8471
    7.5000  -15.0000    7.500012868.9414   32.8477
   -7.5000   -7.5000    7.500013884.4131   32.8530
    0.0000   -7.5000    7.500014388.4141   32.8663
    7.5000   -7.5000    7.500013919.9551   32.8799
   -7.5000    0.0000    7.500014971.8232   32.9278
    0.0000    0.0000    7.500015486.5752   32.9722
    7.5000    0.0000    7.500015019.4463   32.9838
   -7.5000    7.5000    7.500014779.2051   33.0093
    0.0000    7.5000    7.500015194.8818   33.0632
    7.5000    7.5000    7.500014815.4941   33.0577
   -7.5000   15.0000    7.500014456.9053   33.0175
    0.0000   15.0000    7.500014954.4521   33.0567
    7.5000   15.0000    7.500014532.2109   33.0353
   -7.5000   22.5000    7.500014017.7178   32.9186
    0.0000   22.5000    7.500014533.5000   32.9310
    7.5000   22.5000    7.500014047.2080   32.9140
   -7.5000   30.0000    7.500013260.5967   32.4256
    0.0000   30.0000    7.500013756.5615   32.4220
    7.5000   30.0000    7.500013237.3408   32.4226
   -7.5000   37.5000    7.500012819.5664   32.4278
    0.0000   37.5000    7.500013283.6455   32.4410
    7.5000   37.5000    7.500012797.1289   32.4543
   -7.5000   45.0000    7.500011836.6279   31.7386
    0.0000   45.0000    7.500012259.4600   31.7814
    7.5000   45.0000    7.500011799.3027   31.7926
   -7.5000  -45.0000   15.0000 8374.3604   33.6533
    0.0000  -45.0000   15.0000 8728.5791   33.6859
    7.5000  -45.0000   15.0000 8356.2705   33.7101
   -7.5000  -37.5000   15.0000 9075.3184   33.0402
    0.0000  -37.5000   15.0000 9459.0918   33.0999
    7.5000  -37.5000   15.0000 9080.0059   33.1116
   -7.5000  -30.0000   15.000010152.1621   32.9471
    0.0000  -30.0000   15.000010577.4248   33.0034
    7.5000  -30.0000   15.000010211.1084   33.0118
   -7.5000  -22.5000   15.000011182.3154   32.8806
    0.0000  -22.5000   15.000011642.2178   32.9031
    7.5000  -22.5000   15.000011250.2061   32.9208
   -7.5000  -15.0000   15.000012112.9980   32.8276
    0.0000  -15.0000   15.000012554.6855   32.8185
    7.5000  -15.0000   15.000012143.4824   32.8488
   -7.5000   -7.5000   15.000013116.5078   32.8438
    0.0000   -7.5000   15.000013696.2207   32.8422
    7.5000   -7.5000   15.000013200.2148   32.8750
   -7.5000    0.0000   15.000014088.5713   32.9078
    0.0000    0.0000   15.000014618.5205   32.9411
    7.5000    0.0000   15.000014074.6299   32.9651
   -7.5000    7.5000   15.000013837.4736   32.9580
    0.0000    7.5000   15.000014329.1572   33.0173
    7.5000    7.5000   15.000013751.3643   33.0295
   -7.5000   15.0000   15.000013593.9922   32.9471
    0.0000   15.0000   15.000014165.1895   33.0034
    7.5000   15.0000   15.000013509.7266   33.0117
   -7.5000   22.5000   15.000013287.0410   32.8654
    0.0000   22.5000   15.000013853.1777   32.8880
    7.5000   22.5000   15.000013167.0645   32.9057
   -7.5000   30.0000   15.000012590.7861   32.4028
    0.0000   30.0000   15.000013125.1553   32.3937
    7.5000   30.0000   15.000012468.7051   32.4237
   -7.5000   37.5000   15.000012119.9443   32.4188
    0.0000   37.5000   15.000012646.6963   32.4172
    7.5000   37.5000   15.000012060.6416   32.4496
   -7.5000   45.0000   15.000011144.7559   31.7193
    0.0000   45.0000   15.000011656.6963   31.7514
    7.5000   45.0000   15.000011095.6631   31.7746
   -7.5000  -45.0000   22.5000 7810.8818   33.7387
    0.0000  -45.0000   22.5000 8141.4565   33.7859
    7.5000  -45.0000   22.5000 7817.9648   33.8075
   -7.5000  -37.5000   22.5000 8470.6963   33.1218
    0.0000  -37.5000   22.5000 8873.8799   33.1967
    7.5000  -37.5000   22.5000 8514.9648   33.2123
   -7.5000  -30.0000   22.5000 9467.4453   33.0059
    0.0000  -30.0000   22.5000 9918.4111   33.0685
    7.5000  -30.0000   22.5000 9546.3232   33.0854
   -7.5000  -22.5000   22.500010461.8457   32.9181
    0.0000  -22.5000   22.500010912.1582   32.9376
    7.5000  -22.5000   22.500010495.0898   32.9609
   -7.5000  -15.0000   22.500011355.3398   32.8597
    0.0000  -15.0000   22.500011816.3027   32.8462
    7.5000  -15.0000   22.500011358.3916   32.8757
   -7.5000   -7.5000   22.500012363.8398   32.8998
    0.0000   -7.5000   22.500012884.1592   32.9020
    7.5000   -7.5000   22.500012409.8789   32.9309
   -7.5000    0.0000   22.500013221.1992   32.9922
    0.0000    0.0000   22.500013677.8350   33.0393
    7.5000    0.0000   22.500013164.5771   33.0610
   -7.5000    7.5000   22.500012966.1885   33.0396
    0.0000    7.5000   22.500013368.4375   33.1142
    7.5000    7.5000   22.500012855.9434   33.1302
   -7.5000   15.0000   22.500012634.2900   33.0059
    0.0000   15.0000   22.500013056.4551   33.0684
    7.5000   15.0000   22.500012546.3711   33.0853
   -7.5000   22.5000   22.500012276.0889   32.9030
    0.0000   22.5000   22.500012623.4170   32.9224
    7.5000   22.5000   22.500012169.6855   32.9457
   -7.5000   30.0000   22.500011665.8770   32.4345
    0.0000   30.0000   22.500011996.0322   32.4212
    7.5000   30.0000   22.500011563.1641   32.4502
   -7.5000   37.5000   22.500011316.5342   32.4740
    0.0000   37.5000   22.500011650.0869   32.4762
    7.5000   37.5000   22.500011241.4883   32.5047
   -7.5000   45.0000   22.500010443.6934   31.8007
    0.0000   45.0000   22.500010789.3027   31.8461
    7.5000   45.0000   22.500010383.5166   31.8670
   -7.5000  -45.0000   30.0000 7190.1313   34.0582
    0.0000  -45.0000   30.0000 7521.0337   34.1325
    7.5000  -45.0000   30.0000 7235.2578   34.1417
   -7.5000  -37.5000   30.0000 7821.7358   33.4585
    0.0000  -37.5000   30.0000 8191.5664   33.5459
    7.5000  -37.5000   30.0000 7885.4966   33.5495
   -7.5000  -30.0000   30.0000 8761.9414   33.3399
    0.0000  -30.0000   30.0000 9159.8174   33.3954
    7.5000  -30.0000   30.0000 8820.8447   33.3934
   -7.5000  -22.5000   30.0000 9684.4619   33.2167
    0.0000  -22.5000   30.000010095.0303   33.2254
    7.5000  -22.5000   30.0000 9705.5625   33.2230
   -7.5000  -15.0000   30.000010523.7480   33.1236
    0.0000  -15.0000   30.000010982.2822   33.1115
    7.5000  -15.0000   30.000010541.5410   33.1148
   -7.5000   -7.5000   30.000011449.1787   33.1710
    0.0000   -7.5000   30.000011952.2021   33.1914
    7.5000   -7.5000   30.000011465.5176   33.2008
   -7.5000    0.0000   30.000012204.1211   33.2997
    0.0000    0.0000   30.000012677.9160   33.3727
    7.5000    0.0000   30.000012146.3047   33.3826
   -7.5000    7.5000   30.000011960.1523   33.3754
    0.0000    7.5000   30.000012385.4502   33.4626
    7.5000    7.5000   30.000011892.7842   33.4666
   -7.5000   15.0000   30.000011611.3936   33.3399
    0.0000   15.0000   30.000012059.7227   33.3954
    7.5000   15.0000   30.000011572.0684   33.3933
   -7.5000   22.5000   30.000011206.1270   33.2014
    0.0000   22.5000   30.000011581.7998   33.2101
    7.5000   22.5000   30.000011175.4414   33.2077
   -7.5000   30.0000   30.000010658.5361   32.6949
    0.0000   30.0000   30.000011005.0615   32.6830
    7.5000   30.0000   30.000010611.5762   32.6862
   -7.5000   37.5000   30.000010389.0264   32.7417
    0.0000   37.5000   30.000010741.6455   32.7619
    7.5000   37.5000   30.000010375.1729   32.7711
   -7.5000   45.0000   30.0000 9570.8447   32.0971
    0.0000   45.0000   30.0000 9942.6846   32.1674
    7.5000   45.0000   30.0000 9589.4355   32.1770
   -7.5000  -45.0000   37.5000 6862.5283   34.6374
    0.0000  -45.0000   37.5000 7169.2671   34.7234
    7.5000  -45.0000   37.5000 6916.4595   34.7245
   -7.5000  -37.5000   37.5000 7476.2852   34.0488
    0.0000  -37.5000   37.5000 7813.7568   34.1323
    7.5000  -37.5000   37.5000 7528.3511   34.1211
   -7.5000  -30.0000   37.5000 8410.9053   33.9503
    0.0000  -30.0000   37.5000 8785.9521   33.9908
    7.5000  -30.0000   37.5000 8430.9229   33.9606
   -7.5000  -22.5000   37.5000 9281.1113   33.8103
    0.0000  -22.5000   37.5000 9689.4756   33.8107
    7.5000  -22.5000   37.5000 9280.3477   33.7755
   -7.5000  -15.0000   37.500010057.3164   33.6851
    0.0000  -15.0000   37.500010526.0254   33.6788
    7.5000  -15.0000   37.500010086.7559   33.6560
   -7.5000   -7.5000   37.500010907.7324   33.7143
    0.0000   -7.5000   37.500011404.7480   33.7490
    7.5000   -7.5000   37.500010956.2207   33.7440
   -7.5000    0.0000   37.500011624.8174   33.8526
    0.0000    0.0000   37.500012131.0430   33.9367
    7.5000    0.0000   37.500011615.4521   33.9387
   -7.5000    7.5000   37.500011393.1367   33.9631
    0.0000    7.5000   37.500011845.5166   34.0463
    7.5000    7.5000   37.500011383.6064   34.0358
   -7.5000   15.0000   37.500011074.0986   33.9503
    0.0000   15.0000   37.500011503.8301   33.9908
    7.5000   15.0000   37.500011054.3291   33.9606
   -7.5000   22.5000   37.500010694.3828   33.7947
    0.0000   22.5000   37.500011064.5889   33.7951
    7.5000   22.5000   37.500010663.4492   33.7599
   -7.5000   30.0000   37.500010147.1992   33.2491
    0.0000   30.0000   37.500010512.0781   33.2429
    7.5000   30.0000   37.500010152.8818   33.2205
   -7.5000   37.5000   37.5000 9880.5049   33.2780
    0.0000   37.5000   37.500010257.4229   33.3122
    7.5000   37.5000   37.5000 9892.8936   33.3072
   -7.5000   45.0000   37.5000 9147.2188   32.6300
    0.0000   45.0000   37.5000 9486.9033   32.7110
    7.5000   45.0000   37.5000 9171.0762   32.7130
   -7.5000  -45.0000   45.0000 6238.6230   35.3792
    0.0000  -45.0000   45.0000 6520.0542   35.4486
    7.5000  -45.0000   45.0000 6281.0322   35.4538
   -7.5000  -37.5000   45.0000 6793.9458   34.7618
    0.0000  -37.5000   45.0000 7097.1626   34.8248
    7.5000  -37.5000   45.0000 6825.6069   34.8116
   -7.5000  -30.0000   45.0000 7663.3560   34.6784
    0.0000  -30.0000   45.0000 7991.0679   34.7030
    7.5000  -30.0000   45.0000 7660.7290   34.6634
   -7.5000  -22.5000   45.0000 8472.0371   34.5501
    0.0000  -22.5000   45.0000 8839.0986   34.5435
    7.5000  -22.5000   45.0000 8461.2871   34.4986
   -7.5000  -15.0000   45.0000 9177.4277   34.4239
    0.0000  -15.0000   45.0000 9633.6328   34.4148
    7.5000  -15.0000   45.0000 9215.9248   34.3886
   -7.5000   -7.5000   45.0000 9936.4521   34.4335
    0.0000   -7.5000   45.000010399.0654   34.4614
    7.5000   -7.5000   45.0000 9994.6787   34.4586
   -7.5000    0.0000   45.000010603.2979   34.5529
    0.0000    0.0000   45.000011083.7178   34.6214
    7.5000    0.0000   45.000010623.0410   34.6271
   -7.5000    7.5000   45.000010398.9648   34.6716
    0.0000    7.5000   45.000010825.0459   34.7342
    7.5000    7.5000   45.000010419.7588   34.7217
   -7.5000   15.0000   45.000010111.9199   34.6784
    0.0000   15.0000   45.000010483.7461   34.7029
    7.5000   15.0000   45.000010112.1582   34.6633
   -7.5000   22.5000   45.0000 9766.1768   34.5341
    0.0000   22.5000   45.000010118.0430   34.5275
    7.5000   22.5000   45.0000 9752.2480   34.4826
   -7.5000   30.0000   45.0000 9269.4590   33.9755
    0.0000   30.0000   45.0000 9609.3779   33.9665
    7.5000   30.0000   45.0000 9297.7256   33.9406
   -7.5000   37.5000   45.0000 9038.5107   33.9849
    0.0000   37.5000   45.0000 9374.5479   34.0124
    7.5000   37.5000   45.0000 9062.4316   34.0097
   -7.5000   45.0000   45.0000 8363.4980   33.3201
    0.0000   45.0000   45.0000 8666.4023   33.3861
    7.5000   45.0000   45.0000 8400.3779   33.3916

---------------------------------------------------------------------
imgreg_4dfp /opt/freesurfer/average/711-2C_as_mni_average_305 /opt/freesurfer/average/711-2B_as_mni_average_305_mask talsrcimg_g11 none talsrcimg_to_711-2C_as_mni_average_305_t4 4355
---------------------------------------------------------------------

freesurfer imgreg_4dfp.c
/opt/freesurfer/average/711-2C_as_mni_average_305.4dfp.img
       256       256       256         1
  1.000000  1.000000  1.000000
orientation T byte_order littleendian
Reading image: /opt/freesurfer/average/711-2C_as_mni_average_305.4dfp.img
dimensions:      256       256       256
mmppix:       1.0000   -1.0000   -1.0000
center:     128.0000 -129.0000 -129.0000
/opt/freesurfer/average/711-2B_as_mni_average_305_mask.4dfp.img
       256       256       256         1
  1.000000  1.000000  1.000000
orientation T byte_order littleendian
Reading mask: /opt/freesurfer/average/711-2B_as_mni_average_305_mask.4dfp.img (2306576 pixels)
talsrcimg_g11.4dfp.img
       256       256       256         1
  1.000000  1.000000  1.000000
orientation T byte_order littleendian
Reading image: talsrcimg_g11.4dfp.img
dimensions:      256       256       256
mmppix:       1.0000   -1.0000   -1.0000
center:     128.0000 -129.0000 -129.0000
rotation matrix determinant  1.000000
image alignment mode   4355 decimal     1103 hex
   -7.5000  -45.0000  -45.0000 1845.9983   38.7172
    0.0000  -45.0000  -45.0000 1858.8740   38.5256
    7.5000  -45.0000  -45.0000 1846.6293   38.9722
   -7.5000  -37.5000  -45.0000 1964.1323   34.5300
    0.0000  -37.5000  -45.0000 1984.3977   34.2208
    7.5000  -37.5000  -45.0000 1964.3025   34.6510
   -7.5000  -30.0000  -45.0000 2080.1177   31.0048
    0.0000  -30.0000  -45.0000 2103.6221   30.7552
    7.5000  -30.0000  -45.0000 2081.3943   31.0334
   -7.5000  -22.5000  -45.0000 2176.6741   28.0097
    0.0000  -22.5000  -45.0000 2197.4834   27.7855
    7.5000  -22.5000  -45.0000 2180.5330   28.0818
   -7.5000  -15.0000  -45.0000 2252.8071   25.8249
    0.0000  -15.0000  -45.0000 2269.8469   25.5954
    7.5000  -15.0000  -45.0000 2260.0549   25.9079
   -7.5000   -7.5000  -45.0000 2305.7178   24.4911
    0.0000   -7.5000  -45.0000 2317.8640   24.3146
    7.5000   -7.5000  -45.0000 2304.5688   24.6744
   -7.5000    0.0000  -45.0000 2319.1284   23.9063
    0.0000    0.0000  -45.0000 2333.2544   23.8060
    7.5000    0.0000  -45.0000 2319.4634   24.1067
   -7.5000    7.5000  -45.0000 2324.4526   23.7128
    0.0000    7.5000  -45.0000 2344.5415   23.5281
    7.5000    7.5000  -45.0000 2322.3093   23.8928
   -7.5000   15.0000  -45.0000 2316.4954   24.0130
    0.0000   15.0000  -45.0000 2340.2595   23.8308
    7.5000   15.0000  -45.0000 2315.4253   24.0810
   -7.5000   22.5000  -45.0000 2289.0168   24.5699
    0.0000   22.5000  -45.0000 2305.6646   24.2363
    7.5000   22.5000  -45.0000 2288.4233   24.5927
   -7.5000   30.0000  -45.0000 2241.6130   25.5825
    0.0000   30.0000  -45.0000 2261.8359   25.2431
    7.5000   30.0000  -45.0000 2243.1318   25.6271
   -7.5000   37.5000  -45.0000 2177.0452   27.1851
    0.0000   37.5000  -45.0000 2198.4587   26.7998
    7.5000   37.5000  -45.0000 2180.4294   27.1402
   -7.5000   45.0000  -45.0000 2085.4241   29.3352
    0.0000   45.0000  -45.0000 2106.3276   28.9256
    7.5000   45.0000  -45.0000 2089.6113   29.4077
   -7.5000  -45.0000  -37.5000 1901.9579   36.2384
    0.0000  -45.0000  -37.5000 1914.7365   35.9965
    7.5000  -45.0000  -37.5000 1895.0021   36.4688
   -7.5000  -37.5000  -37.5000 2032.3149   32.2492
    0.0000  -37.5000  -37.5000 2048.5762   32.0858
    7.5000  -37.5000  -37.5000 2028.8191   32.3738
   -7.5000  -30.0000  -37.5000 2156.7627   28.9284
    0.0000  -30.0000  -37.5000 2171.1890   28.8738
    7.5000  -30.0000  -37.5000 2153.5508   29.0424
   -7.5000  -22.5000  -37.5000 2261.6099   26.2323
    0.0000  -22.5000  -37.5000 2278.0576   26.1563
    7.5000  -22.5000  -37.5000 2259.3713   26.3364
   -7.5000  -15.0000  -37.5000 2331.9141   24.0911
    0.0000  -15.0000  -37.5000 2349.9507   23.9845
    7.5000  -15.0000  -37.5000 2331.5725   24.1745
   -7.5000   -7.5000  -37.5000 2391.6570   22.6871
    0.0000   -7.5000  -37.5000 2411.0715   22.5806
    7.5000   -7.5000  -37.5000 2386.3606   22.7956
   -7.5000    0.0000  -37.5000 2407.8889   22.0963
    0.0000    0.0000  -37.5000 2429.5415   21.9788
    7.5000    0.0000  -37.5000 2401.7378   22.1399
   -7.5000    7.5000  -37.5000 2418.3879   21.7992
    0.0000    7.5000  -37.5000 2437.8362   21.7184
    7.5000    7.5000  -37.5000 2410.1074   21.8820
   -7.5000   15.0000  -37.5000 2415.4924   22.1062
    0.0000   15.0000  -37.5000 2437.8250   21.9900
    7.5000   15.0000  -37.5000 2407.0112   22.1220
   -7.5000   22.5000  -37.5000 2391.7910   22.7501
    0.0000   22.5000  -37.5000 2411.3362   22.4734
    7.5000   22.5000  -37.5000 2388.6516   22.7193
   -7.5000   30.0000  -37.5000 2339.3945   23.7364
    0.0000   30.0000  -37.5000 2364.3943   23.4441
    7.5000   30.0000  -37.5000 2338.2791   23.6930
   -7.5000   37.5000  -37.5000 2272.7058   25.1856
    0.0000   37.5000  -37.5000 2296.5962   24.8775
    7.5000   37.5000  -37.5000 2273.0051   25.1336
   -7.5000   45.0000  -37.5000 2172.7749   27.1416
    0.0000   45.0000  -37.5000 2200.0977   26.8131
    7.5000   45.0000  -37.5000 2175.2710   27.2049
   -7.5000  -45.0000  -30.0000 1985.5712   35.6623
    0.0000  -45.0000  -30.0000 1998.3768   35.3279
    7.5000  -45.0000  -30.0000 1980.8163   35.7836
   -7.5000  -37.5000  -30.0000 2125.0476   31.6413
    0.0000  -37.5000  -30.0000 2139.0361   31.3571
    7.5000  -37.5000  -30.0000 2126.3103   31.7174
   -7.5000  -30.0000  -30.0000 2255.0725   28.2451
    0.0000  -30.0000  -30.0000 2260.7336   28.0662
    7.5000  -30.0000  -30.0000 2247.1570   28.3105
   -7.5000  -22.5000  -30.0000 2371.1555   25.4967
    0.0000  -22.5000  -30.0000 2376.9150   25.4010
    7.5000  -22.5000  -30.0000 2357.7856   25.5963
   -7.5000  -15.0000  -30.0000 2433.3770   23.3297
    0.0000  -15.0000  -30.0000 2454.3567   23.3286
    7.5000  -15.0000  -30.0000 2436.1860   23.5018
   -7.5000   -7.5000  -30.0000 2499.9514   21.9440
    0.0000   -7.5000  -30.0000 2530.7546   21.8687
    7.5000   -7.5000  -30.0000 2506.3767   22.0401
   -7.5000    0.0000  -30.0000 2532.6938   21.1500
    0.0000    0.0000  -30.0000 2559.8018   21.0165
    7.5000    0.0000  -30.0000 2533.9988   21.2581
   -7.5000    7.5000  -30.0000 2554.1968   20.7484
    0.0000    7.5000  -30.0000 2573.8335   20.7032
    7.5000    7.5000  -30.0000 2546.6545   20.8933
   -7.5000   15.0000  -30.0000 2550.8611   21.0222
    0.0000   15.0000  -30.0000 2576.7029   20.9350
    7.5000   15.0000  -30.0000 2546.6169   21.0863
   -7.5000   22.5000  -30.0000 2529.0459   21.7818
    0.0000   22.5000  -30.0000 2551.2244   21.5878
    7.5000   22.5000  -30.0000 2524.0750   21.7519
   -7.5000   30.0000  -30.0000 2475.5574   22.8086
    0.0000   30.0000  -30.0000 2500.3853   22.6016
    7.5000   30.0000  -30.0000 2475.4900   22.7458
   -7.5000   37.5000  -30.0000 2404.0376   24.2151
    0.0000   37.5000  -30.0000 2429.3591   23.9217
    7.5000   37.5000  -30.0000 2400.9392   24.1748
   -7.5000   45.0000  -30.0000 2295.0098   26.0594
    0.0000   45.0000  -30.0000 2316.0215   25.7931
    7.5000   45.0000  -30.0000 2288.8999   26.1292
   -7.5000  -45.0000  -22.5000 2038.8210   34.9984
    0.0000  -45.0000  -22.5000 2050.6233   34.7908
    7.5000  -45.0000  -22.5000 2043.7944   35.2333
   -7.5000  -37.5000  -22.5000 2179.8086   30.8557
    0.0000  -37.5000  -22.5000 2192.0095   30.6365
    7.5000  -37.5000  -22.5000 2183.4717   31.0184
   -7.5000  -30.0000  -22.5000 2312.8872   27.4663
    0.0000  -30.0000  -22.5000 2320.3899   27.2292
    7.5000  -30.0000  -22.5000 2303.6943   27.5401
   -7.5000  -22.5000  -22.5000 2427.0432   24.7913
    0.0000  -22.5000  -22.5000 2439.6218   24.6180
    7.5000  -22.5000  -22.5000 2420.5061   24.8752
   -7.5000  -15.0000  -22.5000 2511.3284   22.6589
    0.0000  -15.0000  -22.5000 2525.2656   22.5541
    7.5000  -15.0000  -22.5000 2508.1509   22.7669
   -7.5000   -7.5000  -22.5000 2585.1370   21.1975
    0.0000   -7.5000  -22.5000 2606.5940   21.0989
    7.5000   -7.5000  -22.5000 2589.8992   21.2924
   -7.5000    0.0000  -22.5000 2634.8455   20.3157
    0.0000    0.0000  -22.5000 2664.6785   20.1979
    7.5000    0.0000  -22.5000 2633.2173   20.4183
   -7.5000    7.5000  -22.5000 2660.7715   19.7791
    0.0000    7.5000  -22.5000 2682.7234   19.6848
    7.5000    7.5000  -22.5000 2655.5332   19.9125
   -7.5000   15.0000  -22.5000 2659.6055   20.0140
    0.0000   15.0000  -22.5000 2685.0686   19.8981
    7.5000   15.0000  -22.5000 2651.4214   20.0800
   -7.5000   22.5000  -22.5000 2636.2478   20.7449
    0.0000   22.5000  -22.5000 2667.7644   20.6547
    7.5000   22.5000  -22.5000 2635.0530   20.7589
   -7.5000   30.0000  -22.5000 2570.8088   21.7601
    0.0000   30.0000  -22.5000 2600.8499   21.6053
    7.5000   30.0000  -22.5000 2577.7297   21.7512
   -7.5000   37.5000  -22.5000 2499.9839   23.2094
    0.0000   37.5000  -22.5000 2528.5911   22.9205
    7.5000   37.5000  -22.5000 2503.6694   23.2072
   -7.5000   45.0000  -22.5000 2392.4138   25.0672
    0.0000   45.0000  -22.5000 2414.1226   24.7574
    7.5000   45.0000  -22.5000 2386.7483   25.0494
   -7.5000  -45.0000  -15.0000 2061.4385   34.4518
    0.0000  -45.0000  -15.0000 2074.8696   34.2027
    7.5000  -45.0000  -15.0000 2068.0591   34.5552
   -7.5000  -37.5000  -15.0000 2207.7346   30.2859
    0.0000  -37.5000  -15.0000 2213.2190   30.0201
    7.5000  -37.5000  -15.0000 2196.4685   30.3342
   -7.5000  -30.0000  -15.0000 2343.2268   26.8914
    0.0000  -30.0000  -15.0000 2350.0981   26.6217
    7.5000  -30.0000  -15.0000 2331.5840   26.9465
   -7.5000  -22.5000  -15.0000 2457.6008   24.2336
    0.0000  -22.5000  -15.0000 2473.0205   24.0201
    7.5000  -22.5000  -15.0000 2455.5559   24.3041
   -7.5000  -15.0000  -15.0000 2551.5632   22.1333
    0.0000  -15.0000  -15.0000 2572.3916   21.9777
    7.5000  -15.0000  -15.0000 2554.9521   22.2607
   -7.5000   -7.5000  -15.0000 2633.1941   20.6618
    0.0000   -7.5000  -15.0000 2658.6030   20.5238
    7.5000   -7.5000  -15.0000 2647.6797   20.7596
   -7.5000    0.0000  -15.0000 2696.6624   19.6943
    0.0000    0.0000  -15.0000 2733.8828   19.5537
    7.5000    0.0000  -15.0000 2716.0569   19.7966
   -7.5000    7.5000  -15.0000 2737.1953   19.0735
    0.0000    7.5000  -15.0000 2769.1262   18.8567
    7.5000    7.5000  -15.0000 2748.2539   19.2532
   -7.5000   15.0000  -15.0000 2740.6133   19.1735
    0.0000   15.0000  -15.0000 2767.0864   19.0143
    7.5000   15.0000  -15.0000 2741.7349   19.2722
   -7.5000   22.5000  -15.0000 2710.9312   19.8556
    0.0000   22.5000  -15.0000 2746.0239   19.7406
    7.5000   22.5000  -15.0000 2712.6726   19.9221
   -7.5000   30.0000  -15.0000 2642.0305   20.8665
    0.0000   30.0000  -15.0000 2670.9927   20.6383
    7.5000   30.0000  -15.0000 2652.9260   20.8784
   -7.5000   37.5000  -15.0000 2558.9832   22.2950
    0.0000   37.5000  -15.0000 2588.1902   21.9937
    7.5000   37.5000  -15.0000 2566.9204   22.2451
   -7.5000   45.0000  -15.0000 2448.8384   24.2008
    0.0000   45.0000  -15.0000 2476.0544   23.9648
    7.5000   45.0000  -15.0000 2452.7886   24.2648
   -7.5000  -45.0000   -7.5000 2066.1030   33.7992
    0.0000  -45.0000   -7.5000 2078.8972   33.6181
    7.5000  -45.0000   -7.5000 2072.2009   33.9934
   -7.5000  -37.5000   -7.5000 2219.6709   29.7587
    0.0000  -37.5000   -7.5000 2229.0459   29.4661
    7.5000  -37.5000   -7.5000 2204.0679   29.7754
   -7.5000  -30.0000   -7.5000 2353.5386   26.5149
    0.0000  -30.0000   -7.5000 2368.2844   26.1465
    7.5000  -30.0000   -7.5000 2346.7598   26.4763
   -7.5000  -22.5000   -7.5000 2473.5334   23.8275
    0.0000  -22.5000   -7.5000 2492.5425   23.4957
    7.5000  -22.5000   -7.5000 2474.1038   23.8683
   -7.5000  -15.0000   -7.5000 2571.3862   21.6947
    0.0000  -15.0000   -7.5000 2596.1147   21.4124
    7.5000  -15.0000   -7.5000 2583.8174   21.8438
   -7.5000   -7.5000   -7.5000 2666.1055   20.2010
    0.0000   -7.5000   -7.5000 2693.4299   19.9090
    7.5000   -7.5000   -7.5000 2683.6443   20.2996
   -7.5000    0.0000   -7.5000 2748.5471   19.2824
    0.0000    0.0000   -7.5000 2791.4841   19.0373
    7.5000    0.0000   -7.5000 2772.1060   19.3498
   -7.5000    7.5000   -7.5000 2803.4602   18.6768
    0.0000    7.5000   -7.5000 2844.3848   18.2867
    7.5000    7.5000   -7.5000 2820.3340   18.8670
   -7.5000   15.0000   -7.5000 2805.5439   18.4872
    0.0000   15.0000   -7.5000 2831.7820   18.1579
    7.5000   15.0000   -7.5000 2810.9412   18.6612
   -7.5000   22.5000   -7.5000 2758.0046   19.1186
    0.0000   22.5000   -7.5000 2786.3416   18.7137
    7.5000   22.5000   -7.5000 2765.8291   19.1344
   -7.5000   30.0000   -7.5000 2683.1990   20.1923
    0.0000   30.0000   -7.5000 2712.2527   19.8158
    7.5000   30.0000   -7.5000 2696.8030   20.1339
   -7.5000   37.5000   -7.5000 2601.4775   21.6196
    0.0000   37.5000   -7.5000 2634.7000   21.3233
    7.5000   37.5000   -7.5000 2618.5508   21.6520
   -7.5000   45.0000   -7.5000 2486.4653   23.5693
    0.0000   45.0000   -7.5000 2514.5354   23.2909
    7.5000   45.0000   -7.5000 2495.3604   23.6675
   -7.5000  -45.0000    0.0000 2064.7373   33.5750
    0.0000  -45.0000    0.0000 2076.3123   33.2345
    7.5000  -45.0000    0.0000 2061.0427   33.7626
   -7.5000  -37.5000    0.0000 2206.9961   29.5053
    0.0000  -37.5000    0.0000 2219.9353   29.0673
    7.5000  -37.5000    0.0000 2204.3713   29.6038
   -7.5000  -30.0000    0.0000 2345.5579   26.2854
    0.0000  -30.0000    0.0000 2360.8342   25.7965
    7.5000  -30.0000    0.0000 2347.3528   26.2840
   -7.5000  -22.5000    0.0000 2462.0657   23.6078
    0.0000  -22.5000    0.0000 2484.3230   23.1552
    7.5000  -22.5000    0.0000 2467.1384   23.6413
   -7.5000  -15.0000    0.0000 2568.9600   21.4742
    0.0000  -15.0000    0.0000 2592.7029   21.0547
    7.5000  -15.0000    0.0000 2581.3198   21.5557
   -7.5000   -7.5000    0.0000 2675.7773   19.9579
    0.0000   -7.5000    0.0000 2703.0105   19.5271
    7.5000   -7.5000    0.0000 2686.2339   20.0128
   -7.5000    0.0000    0.0000 2773.4548   19.0919
    0.0000    0.0000    0.0000 2810.6318   18.7309
    7.5000    0.0000    0.0000 2784.4006   19.1182
   -7.5000    7.5000    0.0000 2822.0491   18.5526
    0.0000    7.5000    0.0000 2869.4675   18.1138
    7.5000    7.5000    0.0000 2840.5315   18.7315
   -7.5000   15.0000    0.0000 2819.6040   18.3054
    0.0000   15.0000    0.0000 2838.2812   17.6724
    7.5000   15.0000    0.0000 2837.5930   18.4487
   -7.5000   22.5000    0.0000 2778.9080   18.7204
    0.0000   22.5000    0.0000 2795.7686   18.1923
    7.5000   22.5000    0.0000 2787.8372   18.7701
   -7.5000   30.0000    0.0000 2699.7258   19.7336
    0.0000   30.0000    0.0000 2725.8953   19.3565
    7.5000   30.0000    0.0000 2711.1719   19.7710
   -7.5000   37.5000    0.0000 2608.5205   21.1926
    0.0000   37.5000    0.0000 2641.0879   20.9278
    7.5000   37.5000    0.0000 2621.2808   21.2179
   -7.5000   45.0000    0.0000 2483.0774   23.2058
    0.0000   45.0000    0.0000 2518.6360   23.0348
    7.5000   45.0000    0.0000 2492.5176   23.2912
   -7.5000  -45.0000    7.5000 2047.9833   33.8188
    0.0000  -45.0000    7.5000 2062.7363   33.3912
    7.5000  -45.0000    7.5000 2048.2598   34.1224
   -7.5000  -37.5000    7.5000 2192.9644   29.7021
    0.0000  -37.5000    7.5000 2207.8923   29.2026
    7.5000  -37.5000    7.5000 2193.8027   29.8977
   -7.5000  -30.0000    7.5000 2324.0886   26.3676
    0.0000  -30.0000    7.5000 2344.7485   25.8777
    7.5000  -30.0000    7.5000 2328.6121   26.4601
   -7.5000  -22.5000    7.5000 2443.1279   23.6569
    0.0000  -22.5000    7.5000 2466.0569   23.1233
    7.5000  -22.5000    7.5000 2452.0474   23.7570
   -7.5000  -15.0000    7.5000 2556.7993   21.5695
    0.0000  -15.0000    7.5000 2575.5503   21.0023
    7.5000  -15.0000    7.5000 2564.3801   21.6366
   -7.5000   -7.5000    7.5000 2662.5999   20.0555
    0.0000   -7.5000    7.5000 2687.7383   19.5122
    7.5000   -7.5000    7.5000 2672.8110   20.0999
   -7.5000    0.0000    7.5000 2753.6309   19.2279
    0.0000    0.0000    7.5000 2784.3494   18.8106
    7.5000    0.0000    7.5000 2763.3916   19.2858
   -7.5000    7.5000    7.5000 2809.9187   18.7245
    0.0000    7.5000    7.5000 2835.3948   18.2918
    7.5000    7.5000    7.5000 2827.0681   18.8869
   -7.5000   15.0000    7.5000 2814.2483   18.7094
    0.0000   15.0000    7.5000 2845.3726   18.3560
    7.5000   15.0000    7.5000 2832.8057   18.7216
   -7.5000   22.5000    7.5000 2779.4678   19.0534
    0.0000   22.5000    7.5000 2819.7146   18.8177
    7.5000   22.5000    7.5000 2801.3848   19.1178
   -7.5000   30.0000    7.5000 2693.8125   19.8600
    0.0000   30.0000    7.5000 2737.1233   19.5969
    7.5000   30.0000    7.5000 2720.8474   19.9225
   -7.5000   37.5000    7.5000 2595.9729   21.2068
    0.0000   37.5000    7.5000 2634.0938   20.8694
    7.5000   37.5000    7.5000 2620.2742   21.2186
   -7.5000   45.0000    7.5000 2470.5654   23.1622
    0.0000   45.0000    7.5000 2499.6414   22.8521
    7.5000   45.0000    7.5000 2487.7053   23.2068
   -7.5000  -45.0000   15.0000 2017.8466   34.6037
    0.0000  -45.0000   15.0000 2037.8524   34.1109
    7.5000  -45.0000   15.0000 2020.6997   34.9279
   -7.5000  -37.5000   15.0000 2167.6790   30.2667
    0.0000  -37.5000   15.0000 2185.9248   29.6945
    7.5000  -37.5000   15.0000 2167.3372   30.4055
   -7.5000  -30.0000   15.0000 2291.8157   26.8357
    0.0000  -30.0000   15.0000 2311.4373   26.3077
    7.5000  -30.0000   15.0000 2300.1985   26.9832
   -7.5000  -22.5000   15.0000 2406.7917   24.1754
    0.0000  -22.5000   15.0000 2430.8826   23.6530
    7.5000  -22.5000   15.0000 2419.6011   24.2622
   -7.5000  -15.0000   15.0000 2512.0200   22.1056
    0.0000  -15.0000   15.0000 2535.5808   21.6321
    7.5000  -15.0000   15.0000 2523.3867   22.2099
   -7.5000   -7.5000   15.0000 2608.4421   20.7333
    0.0000   -7.5000   15.0000 2638.9592   20.3100
    7.5000   -7.5000   15.0000 2624.2446   20.8128
   -7.5000    0.0000   15.0000 2693.0574   19.9169
    0.0000    0.0000   15.0000 2732.7498   19.6004
    7.5000    0.0000   15.0000 2710.8821   20.0053
   -7.5000    7.5000   15.0000 2754.6941   19.3503
    0.0000    7.5000   15.0000 2782.3833   18.9468
    7.5000    7.5000   15.0000 2759.6975   19.3343
   -7.5000   15.0000   15.0000 2761.8411   19.3765
    0.0000   15.0000   15.0000 2798.8789   19.1906
    7.5000   15.0000   15.0000 2773.3047   19.3613
   -7.5000   22.5000   15.0000 2736.4099   19.8820
    0.0000   22.5000   15.0000 2769.7766   19.7293
    7.5000   22.5000   15.0000 2751.5796   19.8616
   -7.5000   30.0000   15.0000 2654.8657   20.7489
    0.0000   30.0000   15.0000 2685.1047   20.5407
    7.5000   30.0000   15.0000 2669.4792   20.7386
   -7.5000   37.5000   15.0000 2551.0359   21.9262
    0.0000   37.5000   15.0000 2587.6841   21.7324
    7.5000   37.5000   15.0000 2573.0037   21.9771
   -7.5000   45.0000   15.0000 2426.0945   23.6427
    0.0000   45.0000   15.0000 2464.5781   23.3791
    7.5000   45.0000   15.0000 2439.6453   23.7051
   -7.5000  -45.0000   22.5000 1975.5626   35.9164
    0.0000  -45.0000   22.5000 1994.6252   35.4027
    7.5000  -45.0000   22.5000 1979.4801   36.1771
   -7.5000  -37.5000   22.5000 2121.2544   31.3914
    0.0000  -37.5000   22.5000 2146.6133   30.8818
    7.5000  -37.5000   22.5000 2131.4900   31.6027
   -7.5000  -30.0000   22.5000 2245.0461   27.8040
    0.0000  -30.0000   22.5000 2269.7478   27.3723
    7.5000  -30.0000   22.5000 2258.1458   28.0288
   -7.5000  -22.5000   22.5000 2361.3718   25.1748
    0.0000  -22.5000   22.5000 2387.6992   24.7962
    7.5000  -22.5000   22.5000 2370.5579   25.2909
   -7.5000  -15.0000   22.5000 2458.6096   23.2342
    0.0000  -15.0000   22.5000 2486.3445   22.8492
    7.5000  -15.0000   22.5000 2467.5420   23.2727
   -7.5000   -7.5000   22.5000 2548.8325   21.8689
    0.0000   -7.5000   22.5000 2583.5161   21.5383
    7.5000   -7.5000   22.5000 2571.6948   21.9072
   -7.5000    0.0000   22.5000 2629.4929   20.9415
    0.0000    0.0000   22.5000 2670.2568   20.5379
    7.5000    0.0000   22.5000 2651.5645   20.9701
   -7.5000    7.5000   22.5000 2683.0488   20.3011
    0.0000    7.5000   22.5000 2711.0493   19.9598
    7.5000    7.5000   22.5000 2690.2109   20.3343
   -7.5000   15.0000   22.5000 2679.1575   20.4312
    0.0000   15.0000   22.5000 2717.8413   20.1477
    7.5000   15.0000   22.5000 2697.1028   20.4256
   -7.5000   22.5000   22.5000 2654.5820   20.8764
    0.0000   22.5000   22.5000 2684.0417   20.5986
    7.5000   22.5000   22.5000 2670.3425   20.8591
   -7.5000   30.0000   22.5000 2588.5439   21.7255
    0.0000   30.0000   22.5000 2614.5347   21.3867
    7.5000   30.0000   22.5000 2596.9780   21.6354
   -7.5000   37.5000   22.5000 2488.7920   22.9707
    0.0000   37.5000   22.5000 2518.3552   22.6068
    7.5000   37.5000   22.5000 2502.5583   22.8982
   -7.5000   45.0000   22.5000 2377.9268   24.7573
    0.0000   45.0000   22.5000 2405.5344   24.3888
    7.5000   45.0000   22.5000 2389.3235   24.7714
   -7.5000  -45.0000   30.0000 1909.3632   37.7966
    0.0000  -45.0000   30.0000 1930.2341   37.3706
    7.5000  -45.0000   30.0000 1920.0709   38.1577
   -7.5000  -37.5000   30.0000 2060.7019   33.0436
    0.0000  -37.5000   30.0000 2083.3938   32.6780
    7.5000  -37.5000   30.0000 2076.0134   33.3478
   -7.5000  -30.0000   30.0000 2179.3779   29.3913
    0.0000  -30.0000   30.0000 2205.7529   29.0501
    7.5000  -30.0000   30.0000 2193.7764   29.5963
   -7.5000  -22.5000   30.0000 2298.7947   26.7118
    0.0000  -22.5000   30.0000 2326.6216   26.3941
    7.5000  -22.5000   30.0000 2306.7720   26.8154
   -7.5000  -15.0000   30.0000 2394.7117   24.6507
    0.0000  -15.0000   30.0000 2428.5076   24.3620
    7.5000  -15.0000   30.0000 2406.4087   24.7419
   -7.5000   -7.5000   30.0000 2485.9954   23.2436
    0.0000   -7.5000   30.0000 2527.7317   22.9114
    7.5000   -7.5000   30.0000 2502.8521   23.2728
   -7.5000    0.0000   30.0000 2558.0942   22.2836
    0.0000    0.0000   30.0000 2589.0610   21.9150
    7.5000    0.0000   30.0000 2563.2444   22.2308
   -7.5000    7.5000   30.0000 2595.1875   21.6931
    0.0000    7.5000   30.0000 2617.0027   21.3807
    7.5000    7.5000   30.0000 2594.3799   21.7071
   -7.5000   15.0000   30.0000 2584.5874   21.7279
    0.0000   15.0000   30.0000 2618.4363   21.4378
    7.5000   15.0000   30.0000 2594.5828   21.7087
   -7.5000   22.5000   30.0000 2549.3572   22.0699
    0.0000   22.5000   30.0000 2574.0833   21.8095
    7.5000   22.5000   30.0000 2564.1177   22.1136
   -7.5000   30.0000   30.0000 2492.5850   22.9228
    0.0000   30.0000   30.0000 2513.7334   22.6341
    7.5000   30.0000   30.0000 2501.8662   22.9013
   -7.5000   37.5000   30.0000 2408.3743   24.2245
    0.0000   37.5000   30.0000 2433.9097   23.8121
    7.5000   37.5000   30.0000 2419.7722   24.1084
   -7.5000   45.0000   30.0000 2305.9854   25.8599
    0.0000   45.0000   30.0000 2338.8340   25.5663
    7.5000   45.0000   30.0000 2327.1577   25.9133
   -7.5000  -45.0000   37.5000 1837.8600   40.0939
    0.0000  -45.0000   37.5000 1855.9600   39.7175
    7.5000  -45.0000   37.5000 1853.7217   40.5926
   -7.5000  -37.5000   37.5000 1991.5603   35.2536
    0.0000  -37.5000   37.5000 2008.8009   34.8809
    7.5000  -37.5000   37.5000 2002.9033   35.5208
   -7.5000  -30.0000   37.5000 2116.3323   31.5735
    0.0000  -30.0000   37.5000 2140.8809   31.2004
    7.5000  -30.0000   37.5000 2127.4297   31.6202
   -7.5000  -22.5000   37.5000 2232.9890   28.6585
    0.0000  -22.5000   37.5000 2258.4954   28.3536
    7.5000  -22.5000   37.5000 2237.9700   28.6781
   -7.5000  -15.0000   37.5000 2322.7676   26.4567
    0.0000  -15.0000   37.5000 2356.5667   26.1432
    7.5000  -15.0000   37.5000 2338.4617   26.4998
   -7.5000   -7.5000   37.5000 2404.3503   24.9166
    0.0000   -7.5000   37.5000 2445.5735   24.6044
    7.5000   -7.5000   37.5000 2426.6653   24.9219
   -7.5000    0.0000   37.5000 2469.3938   23.9434
    0.0000    0.0000   37.5000 2500.0989   23.6670
    7.5000    0.0000   37.5000 2477.9792   23.9477
   -7.5000    7.5000   37.5000 2497.0088   23.3364
    0.0000    7.5000   37.5000 2521.1165   22.9814
    7.5000    7.5000   37.5000 2500.8064   23.3180
   -7.5000   15.0000   37.5000 2490.1814   23.2887
    0.0000   15.0000   37.5000 2517.3430   22.9387
    7.5000   15.0000   37.5000 2499.0693   23.2167
   -7.5000   22.5000   37.5000 2457.6738   23.6475
    0.0000   22.5000   37.5000 2478.1057   23.3093
    7.5000   22.5000   37.5000 2465.1401   23.6168
   -7.5000   30.0000   37.5000 2396.3616   24.5052
    0.0000   30.0000   37.5000 2416.9031   24.1910
    7.5000   30.0000   37.5000 2407.7861   24.4437
   -7.5000   37.5000   37.5000 2321.3137   25.8086
    0.0000   37.5000   37.5000 2342.2410   25.3867
    7.5000   37.5000   37.5000 2331.1252   25.7205
   -7.5000   45.0000   37.5000 2233.9790   27.4538
    0.0000   45.0000   37.5000 2255.7227   27.0796
    7.5000   45.0000   37.5000 2249.3884   27.3840
   -7.5000  -45.0000   45.0000 1759.9244   43.4631
    0.0000  -45.0000   45.0000 1776.2244   42.8606
    7.5000  -45.0000   45.0000 1771.5796   43.7279
   -7.5000  -37.5000   45.0000 1910.0642   38.1651
    0.0000  -37.5000   45.0000 1928.4985   37.6256
    7.5000  -37.5000   45.0000 1924.1177   38.1954
   -7.5000  -30.0000   45.0000 2044.0490   34.2051
    0.0000  -30.0000   45.0000 2062.8696   33.6988
    7.5000  -30.0000   45.0000 2050.9934   34.1098
   -7.5000  -22.5000   45.0000 2152.8125   31.1004
    0.0000  -22.5000   45.0000 2175.9785   30.6732
    7.5000  -22.5000   45.0000 2159.0256   31.0400
   -7.5000  -15.0000   45.0000 2233.8088   28.6915
    0.0000  -15.0000   45.0000 2271.7524   28.3736
    7.5000  -15.0000   45.0000 2253.7009   28.7022
   -7.5000   -7.5000   45.0000 2314.7800   27.0989
    0.0000   -7.5000   45.0000 2351.9014   26.7013
    7.5000   -7.5000   45.0000 2339.6973   27.0256
   -7.5000    0.0000   45.0000 2367.5166   26.0045
    0.0000    0.0000   45.0000 2396.8362   25.6714
    7.5000    0.0000   45.0000 2383.8281   25.9710
   -7.5000    7.5000   45.0000 2391.3574   25.3014
    0.0000    7.5000   45.0000 2419.3491   24.8623
    7.5000    7.5000   45.0000 2408.7957   25.2181
   -7.5000   15.0000   45.0000 2390.7708   25.1878
    0.0000   15.0000   45.0000 2411.8577   24.7707
    7.5000   15.0000   45.0000 2405.4036   25.0801
   -7.5000   22.5000   45.0000 2360.7288   25.5245
    0.0000   22.5000   45.0000 2376.1890   25.1563
    7.5000   22.5000   45.0000 2365.8708   25.4515
   -7.5000   30.0000   45.0000 2297.0081   26.3928
    0.0000   30.0000   45.0000 2314.9197   26.0537
    7.5000   30.0000   45.0000 2309.5420   26.3088
   -7.5000   37.5000   45.0000 2233.5928   27.7627
    0.0000   37.5000   45.0000 2246.4216   27.2951
    7.5000   37.5000   45.0000 2240.1238   27.6937
   -7.5000   45.0000   45.0000 2143.9695   29.4816
    0.0000   45.0000   45.0000 2161.0413   29.0370
    7.5000   45.0000   45.0000 2158.4585   29.3440

---------------------------------------------------------------------
imgreg_4dfp /opt/freesurfer/average/711-2C_as_mni_average_305 /opt/freesurfer/average/711-2B_as_mni_average_305_mask talsrcimg_g11 none talsrcimg_to_711-2C_as_mni_average_305_t4 1283
---------------------------------------------------------------------

freesurfer imgreg_4dfp.c
/opt/freesurfer/average/711-2C_as_mni_average_305.4dfp.img
       256       256       256         1
  1.000000  1.000000  1.000000
orientation T byte_order littleendian
Reading image: /opt/freesurfer/average/711-2C_as_mni_average_305.4dfp.img
dimensions:      256       256       256
mmppix:       1.0000   -1.0000   -1.0000
center:     128.0000 -129.0000 -129.0000
/opt/freesurfer/average/711-2B_as_mni_average_305_mask.4dfp.img
       256       256       256         1
  1.000000  1.000000  1.000000
orientation T byte_order littleendian
Reading mask: /opt/freesurfer/average/711-2B_as_mni_average_305_mask.4dfp.img (2306576 pixels)
talsrcimg_g11.4dfp.img
       256       256       256         1
  1.000000  1.000000  1.000000
orientation T byte_order littleendian
Reading image: talsrcimg_g11.4dfp.img
dimensions:      256       256       256
mmppix:       1.0000   -1.0000   -1.0000
center:     128.0000 -129.0000 -129.0000
rotation matrix determinant  1.000000
fimgreg.f
image alignment mode   1283 decimal      503 hex
parameters
    0.0000    7.5000    0.0000    0.0000    0.0000    0.0000
eta,q 0.90325 18.02892
niter,ni,del,rscale     5    3   12.0000    1.2000
parameter  1 -4.016027 -> -0.500000 qaram    1.1500
parameter  4  2.620941 ->  0.500000 qaram    1.1500
parameter  6  0.860399 ->  0.500000 qaram    1.1500
parameters
    3.4500    9.4155   -1.1302   -3.4500   -0.8890   -3.4500
eta,q 0.90858 17.95330
  0.1080  0.1178  0.0990  0.0913  0.0945  0.0927
  0.1043  0.1125  0.0969  0.0926  0.0939  0.0915
  0.1026  0.1053  0.0982  0.0954  0.0939  0.0919
  0.1037  0.1018  0.0993  0.0987  0.0931  0.0937
  0.1044  0.0992  0.0983  0.1010  0.0932  0.0956
  0.1017  0.1001  0.0973  0.1047  0.0942  0.0971
  0.0998  0.1065  0.0993  0.1086  0.0966  0.0984
niter,ni,del,rscale     7    3   12.0000    1.2000
parameter  4  0.835265 ->  0.500000 qaram    1.3225
parameter  5  1.124606 ->  0.500000 qaram    1.1500
parameters
    1.1783   10.1456   -2.8356   -7.4175   -4.3390   -2.6557
eta,q 0.91451 17.98415
  0.0942  0.1108  0.0966  0.0880  0.0875  0.0897
  0.0930  0.1038  0.0903  0.0881  0.0856  0.0876
  0.0933  0.0966  0.0898  0.0891  0.0863  0.0864
  0.0914  0.0933  0.0933  0.0901  0.0883  0.0856
  0.0934  0.0950  0.0970  0.0941  0.0900  0.0857
  0.1004  0.0998  0.0959  0.0999  0.0904  0.0866
  0.1097  0.1038  0.0948  0.1027  0.0910  0.0883
niter,ni,del,rscale     7    3   12.0000    1.2000
parameters
    1.2535   10.5782   -2.7071   -9.0507   -3.0820   -2.2875
eta,q 0.91402 17.96500
  0.1005  0.1035  0.1006  0.0909  0.0955  0.0893
  0.0936  0.0957  0.0926  0.0885  0.0917  0.0873
  0.0860  0.0903  0.0862  0.0863  0.0876  0.0863
  0.0855  0.0856  0.0853  0.0855  0.0858  0.0860
  0.0883  0.0885  0.0889  0.0890  0.0867  0.0861
  0.0933  0.0951  0.0931  0.0928  0.0890  0.0865
  0.0990  0.0982  0.0976  0.0970  0.0901  0.0889
niter,ni,del,rscale     6    3   12.0000    1.2000
parameters
    1.0155   10.8058   -2.8899  -10.1477   -2.5487   -2.8656
eta,q 0.91386 18.03565
  0.0988  0.1013  0.0990  0.0896  0.0940  0.0886
  0.0915  0.0938  0.0912  0.0896  0.0895  0.0866
  0.0862  0.0888  0.0857  0.0871  0.0865  0.0858
  0.0860  0.0859  0.0858  0.0855  0.0860  0.0863
  0.0875  0.0875  0.0896  0.0863  0.0877  0.0868
  0.0933  0.0940  0.0942  0.0905  0.0897  0.0873
  0.1002  0.0984  0.0981  0.0947  0.0905  0.0892
niter,ni,del,rscale     5    3   12.0000    1.2000
parameters
    0.7778   10.9380   -2.9395  -10.9434   -2.3473   -3.6075
eta,q 0.91378 18.09474
  0.0980  0.1006  0.1003  0.0889  0.0934  0.0884
  0.0903  0.0931  0.0927  0.0899  0.0891  0.0868
  0.0861  0.0888  0.0875  0.0881  0.0864  0.0858
  0.0861  0.0861  0.0860  0.0860  0.0865  0.0866
  0.0867  0.0875  0.0894  0.0863  0.0885  0.0872
  0.0921  0.0937  0.0949  0.0891  0.0903  0.0878
  0.0994  0.0988  0.0989  0.0928  0.0910  0.0889
niter,ni,del,rscale     4    3   12.0000    1.2000
parameters
    0.4905   11.0722   -2.9255  -11.3301   -2.1277   -4.3572
eta,q 0.91377 18.09831
  0.0981  0.1006  0.1008  0.0896  0.0936  0.0882
  0.0898  0.0940  0.0935  0.0894  0.0889  0.0872
  0.0862  0.0891  0.0886  0.0883  0.0861  0.0859
  0.0862  0.0862  0.0862  0.0862  0.0864  0.0866
  0.0869  0.0879  0.0893  0.0865  0.0886  0.0874
  0.0923  0.0936  0.0950  0.0887  0.0902  0.0880
  0.0996  0.0994  0.0993  0.0919  0.0908  0.0885
niter,ni,del,rscale     3    3   12.0000    1.2000
parameters
    0.3041   11.1521   -2.9558  -11.3369   -1.8221   -4.6566
eta,q 0.91369 18.07759
  0.0987  0.1009  0.1006  0.0908  0.0933  0.0885
  0.0899  0.0949  0.0936  0.0892  0.0881  0.0877
  0.0864  0.0893  0.0888  0.0880  0.0854  0.0865
  0.0862  0.0862  0.0862  0.0862  0.0862  0.0865
  0.0869  0.0886  0.0896  0.0866  0.0882  0.0875
  0.0921  0.0945  0.0953  0.0887  0.0894  0.0880
  0.0994  0.1003  0.0996  0.0916  0.0899  0.0884
niter,ni,del,rscale     2    3   12.0000    1.2000
parameters
    0.2200   11.1637   -2.9441  -11.2857   -1.7563   -4.6978
eta,q 0.91365 18.06648
  0.0990  0.1009  0.1009  0.0914  0.0925  0.0886
  0.0897  0.0950  0.0938  0.0893  0.0872  0.0879
  0.0863  0.0894  0.0889  0.0878  0.0851  0.0867
  0.0863  0.0863  0.0863  0.0863  0.0863  0.0864
  0.0868  0.0890  0.0896  0.0871  0.0882  0.0874
  0.0916  0.0951  0.0952  0.0890  0.0892  0.0880
  0.0987  0.1008  0.0996  0.0917  0.0898  0.0884
niter,ni,del,rscale     1    3   12.0000    1.2000
parameters
    0.2141   11.1639   -2.9238  -11.2725   -1.7697   -4.6868
eta,q 0.91366 18.06433
  0.0993  0.1009  0.1010  0.0915  0.0923  0.0886
  0.0898  0.0950  0.0938  0.0894  0.0871  0.0879
  0.0863  0.0894  0.0889  0.0877  0.0850  0.0867
  0.0864  0.0864  0.0864  0.0864  0.0864  0.0863
  0.0868  0.0892  0.0897  0.0872  0.0883  0.0873
  0.0913  0.0952  0.0952  0.0891  0.0891  0.0879
  0.0983  0.1009  0.0995  0.0918  0.0899  0.0884
registration optimization eta report
parameter search radius
    6.9000    6.0000    6.0000    7.9350    6.9000    6.9000
100000*second partial in parameter space
       28.       38.       36.        8.       10.        4.
  0.0993  0.1009  0.1010  0.0915  0.0923  0.0886
  0.0898  0.0950  0.0938  0.0894  0.0871  0.0879
  0.0863  0.0894  0.0889  0.0877  0.0850  0.0867
  0.0864  0.0864  0.0864  0.0864  0.0864  0.0863
  0.0868  0.0892  0.0897  0.0872  0.0883  0.0873
  0.0913  0.0952  0.0952  0.0891  0.0891  0.0879
  0.0983  0.1009  0.0995  0.0918  0.0899  0.0884
    0.2141   11.1639   -2.9238  -11.2725   -1.7697   -4.6868
eta,q 0.91366 18.06433

---------------------------------------------------------------------
imgreg_4dfp /opt/freesurfer/average/711-2C_as_mni_average_305 /opt/freesurfer/average/711-2B_as_mni_average_305_mask talsrcimg_g11 none talsrcimg_to_711-2C_as_mni_average_305_t4 3335
---------------------------------------------------------------------

freesurfer imgreg_4dfp.c
/opt/freesurfer/average/711-2C_as_mni_average_305.4dfp.img
       256       256       256         1
  1.000000  1.000000  1.000000
orientation T byte_order littleendian
Reading image: /opt/freesurfer/average/711-2C_as_mni_average_305.4dfp.img
dimensions:      256       256       256
mmppix:       1.0000   -1.0000   -1.0000
center:     128.0000 -129.0000 -129.0000
/opt/freesurfer/average/711-2B_as_mni_average_305_mask.4dfp.img
       256       256       256         1
  1.000000  1.000000  1.000000
orientation T byte_order littleendian
Reading mask: /opt/freesurfer/average/711-2B_as_mni_average_305_mask.4dfp.img (2306576 pixels)
talsrcimg_g11.4dfp.img
       256       256       256         1
  1.000000  1.000000  1.000000
orientation T byte_order littleendian
Reading image: talsrcimg_g11.4dfp.img
dimensions:      256       256       256
mmppix:       1.0000   -1.0000   -1.0000
center:     128.0000 -129.0000 -129.0000
fimgreg.f
image alignment mode   3335 decimal      D07 hex
parameters
    0.2141   11.1639   -2.9238   -0.3819   -2.2077   -1.9759
    7.4116    4.6157   -8.1670   19.2346   -3.0882  -19.5381
eta,q 0.91335 18.02207
niter,ni,del,rscale     5    3    5.0000    1.2000
parameter  4  4.377568 ->  0.500000 qaram    1.1500
parameter  5  1.071473 ->  0.500000 qaram    1.1500
parameter  6  1.458763 ->  0.500000 qaram    1.1500
parameter 10  2.697667 ->  0.500000 qaram    1.1500
parameter 11  0.954668 ->  0.500000 qaram    1.1500
parameter 12 -0.975253 -> -0.500000 qaram    1.1500
parameters
    0.2800   11.9081   -2.6510   -4.5219   -6.3477   -6.1159
    5.5350    1.8048   -4.7088   15.0946   -7.2282  -15.3981
eta,q 0.93457 17.08955
  0.0885  0.0902  0.0887  0.0755  0.0718  0.0663  0.0699  0.0687  0.0708  0.0655  0.0663  0.0699
  0.0875  0.0885  0.0873  0.0785  0.0732  0.0681  0.0689  0.0683  0.0696  0.0666  0.0663  0.0682
  0.0868  0.0873  0.0866  0.0823  0.0754  0.0701  0.0684  0.0681  0.0687  0.0671  0.0665  0.0671
  0.0866  0.0867  0.0864  0.0864  0.0795  0.0737  0.0686  0.0684  0.0681  0.0679  0.0667  0.0663
  0.0868  0.0864  0.0866  0.0907  0.0856  0.0773  0.0694  0.0690  0.0679  0.0692  0.0670  0.0658
  0.0874  0.0866  0.0870  0.0953  0.0929  0.0823  0.0708  0.0697  0.0680  0.0703  0.0675  0.0653
  0.0883  0.0875  0.0877  0.1001  0.1012  0.0881  0.0726  0.0711  0.0682  0.0716  0.0680  0.0651
niter,ni,del,rscale     7    3    5.0000    1.2000
parameter  2 -2.552333 -> -0.500000 qaram    1.1500
parameter  3 -1.168517 -> -0.500000 qaram    1.1500
parameter  4  1.769357 ->  0.500000 qaram    1.3225
parameter  5  0.887683 ->  0.500000 qaram    1.3225
parameter  6  0.918696 ->  0.500000 qaram    1.3225
parameter 11 -0.550418 -> -0.500000 qaram    1.3225
parameters
    0.5026   13.2881   -1.2710   -9.2829  -11.1087  -10.8769
    3.3954    3.6947   -3.8514   11.2636   -2.4672  -12.9328
eta,q 0.95435 16.52541
  0.0677  0.0720  0.0655  0.0531  0.0498  0.0474  0.0483  0.0531  0.0484  0.0475  0.0502  0.0485
  0.0665  0.0697  0.0642  0.0544  0.0511  0.0476  0.0477  0.0509  0.0478  0.0467  0.0487  0.0473
  0.0657  0.0676  0.0631  0.0572  0.0525  0.0484  0.0475  0.0490  0.0472  0.0464  0.0474  0.0464
  0.0654  0.0654  0.0622  0.0611  0.0550  0.0515  0.0476  0.0475  0.0469  0.0468  0.0464  0.0458
  0.0656  0.0634  0.0614  0.0656  0.0594  0.0565  0.0481  0.0468  0.0469  0.0488  0.0459  0.0457
  0.0662  0.0618  0.0610  0.0703  0.0657  0.0618  0.0491  0.0475  0.0473  0.0515  0.0459  0.0459
  0.0669  0.0610  0.0608  0.0754  0.0735  0.0671  0.0506  0.0497  0.0479  0.0537  0.0464  0.0465
niter,ni,del,rscale     7    3    5.0000    1.2000
parameter  2 -1.966848 -> -0.500000 qaram    1.3225
parameters
    0.8073   14.8751   -0.7882  -12.5436  -15.5845  -14.1205
    3.4953    3.5399   -3.4266   15.0812   -2.3764  -14.2509
eta,q 0.95966 15.90016
  0.0497  0.0538  0.0447  0.0445  0.0417  0.0416  0.0425  0.0435  0.0427  0.0454  0.0420  0.0417
  0.0477  0.0507  0.0434  0.0433  0.0411  0.0409  0.0417  0.0420  0.0420  0.0436  0.0412  0.0407
  0.0464  0.0480  0.0425  0.0420  0.0411  0.0409  0.0412  0.0412  0.0413  0.0421  0.0406  0.0403
  0.0457  0.0456  0.0421  0.0420  0.0421  0.0410  0.0409  0.0409  0.0409  0.0409  0.0404  0.0404
  0.0457  0.0434  0.0420  0.0447  0.0439  0.0413  0.0411  0.0412  0.0411  0.0405  0.0406  0.0409
  0.0466  0.0417  0.0424  0.0501  0.0482  0.0445  0.0416  0.0421  0.0416  0.0405  0.0411  0.0417
  0.0481  0.0407  0.0433  0.0559  0.0553  0.0511  0.0425  0.0438  0.0424  0.0413  0.0420  0.0425
niter,ni,del,rscale     7    3    5.0000    1.2000
parameter  2 -1.268983 -> -0.500000 qaram    1.5209
parameter 10 -0.848027 -> -0.500000 qaram    1.3225
parameters
    0.7618   16.7001   -1.1741  -13.3770  -18.0819  -15.5038
    2.6307    3.6719   -3.5408   19.8422   -1.7375  -17.5695
eta,q 0.96455 15.75211
  0.0426  0.0499  0.0379  0.0399  0.0391  0.0386  0.0384  0.0395  0.0387  0.0416  0.0370  0.0362
  0.0414  0.0464  0.0373  0.0390  0.0378  0.0375  0.0376  0.0381  0.0379  0.0398  0.0364  0.0356
  0.0407  0.0432  0.0370  0.0381  0.0372  0.0370  0.0372  0.0373  0.0373  0.0383  0.0360  0.0355
  0.0403  0.0403  0.0370  0.0370  0.0372  0.0372  0.0371  0.0370  0.0370  0.0371  0.0358  0.0358
  0.0406  0.0381  0.0372  0.0368  0.0380  0.0371  0.0374  0.0373  0.0372  0.0363  0.0359  0.0365
  0.0415  0.0367  0.0378  0.0385  0.0405  0.0375  0.0381  0.0380  0.0379  0.0357  0.0362  0.0374
  0.0428  0.0363  0.0387  0.0430  0.0457  0.0414  0.0392  0.0393  0.0389  0.0360  0.0368  0.0383
niter,ni,del,rscale     7    3    5.0000    1.2000
parameter  2 -0.827752 -> -0.500000 qaram    1.7490
parameter  3  0.542735 ->  0.500000 qaram    1.3225
parameter 10 -0.571863 -> -0.500000 qaram    1.5209
parameter 12  0.740215 ->  0.500000 qaram    1.3225
parameters
    0.8677   18.7989   -2.7611  -14.0269  -20.6365  -17.4663
    2.0504    4.2281   -4.1778   25.3173   -1.4944  -22.3305
eta,q 0.97036 15.63376
  0.0378  0.0473  0.0323  0.0340  0.0339  0.0336  0.0335  0.0351  0.0336  0.0393  0.0315  0.0300
  0.0366  0.0427  0.0321  0.0332  0.0328  0.0323  0.0326  0.0335  0.0327  0.0364  0.0310  0.0296
  0.0358  0.0386  0.0321  0.0327  0.0322  0.0319  0.0321  0.0324  0.0321  0.0336  0.0307  0.0299
  0.0354  0.0354  0.0325  0.0320  0.0322  0.0322  0.0319  0.0319  0.0319  0.0319  0.0305  0.0305
  0.0356  0.0333  0.0331  0.0315  0.0331  0.0325  0.0323  0.0321  0.0322  0.0308  0.0306  0.0314
  0.0363  0.0324  0.0341  0.0324  0.0353  0.0334  0.0330  0.0328  0.0331  0.0305  0.0309  0.0325
  0.0375  0.0326  0.0353  0.0363  0.0403  0.0369  0.0341  0.0343  0.0344  0.0315  0.0315  0.0337
niter,ni,del,rscale     7    3    5.0000    1.2000
parameters
    1.0798   19.9418   -3.5851  -14.2563  -21.4091  -16.6912
    2.2798    4.8242   -4.0682   25.7492   -1.8639  -24.2179
eta,q 0.97151 15.69254
  0.0326  0.0421  0.0303  0.0311  0.0330  0.0329  0.0315  0.0328  0.0315  0.0360  0.0302  0.0305
  0.0312  0.0366  0.0294  0.0301  0.0310  0.0309  0.0302  0.0310  0.0301  0.0325  0.0295  0.0290
  0.0302  0.0321  0.0290  0.0294  0.0295  0.0296  0.0293  0.0297  0.0292  0.0301  0.0290  0.0285
  0.0296  0.0296  0.0291  0.0289  0.0290  0.0290  0.0289  0.0289  0.0288  0.0288  0.0288  0.0288
  0.0297  0.0292  0.0298  0.0285  0.0296  0.0287  0.0292  0.0289  0.0291  0.0289  0.0289  0.0297
  0.0304  0.0306  0.0310  0.0292  0.0315  0.0294  0.0300  0.0298  0.0299  0.0313  0.0296  0.0308
  0.0318  0.0334  0.0326  0.0324  0.0352  0.0323  0.0312  0.0321  0.0314  0.0354  0.0306  0.0321
niter,ni,del,rscale     6    3    5.0000    1.2000
parameters
    1.1661   19.9539   -3.6718  -14.1761  -21.4445  -16.7631
    2.3325    4.8462   -4.0858   26.0363   -1.8736  -24.3011
eta,q 0.97159 15.70420
  0.0313  0.0369  0.0311  0.0310  0.0332  0.0323  0.0311  0.0321  0.0312  0.0357  0.0302  0.0317
  0.0299  0.0321  0.0296  0.0299  0.0311  0.0303  0.0297  0.0303  0.0298  0.0321  0.0294  0.0297
  0.0289  0.0292  0.0287  0.0290  0.0293  0.0291  0.0288  0.0291  0.0288  0.0296  0.0287  0.0286
  0.0285  0.0285  0.0285  0.0285  0.0285  0.0285  0.0285  0.0285  0.0285  0.0285  0.0284  0.0284
  0.0287  0.0298  0.0289  0.0280  0.0289  0.0283  0.0288  0.0287  0.0288  0.0287  0.0286  0.0291
  0.0295  0.0327  0.0299  0.0287  0.0307  0.0296  0.0297  0.0299  0.0297  0.0312  0.0292  0.0301
  0.0311  0.0361  0.0313  0.0320  0.0338  0.0333  0.0310  0.0325  0.0313  0.0354  0.0303  0.0314
niter,ni,del,rscale     5    3    5.0000    1.2000
parameters
    1.1513   19.9515   -3.7030  -14.1626  -21.4591  -16.7401
    2.3711    4.8513   -4.0765   26.0611   -1.8636  -24.3140
eta,q 0.97161 15.70741
  0.0311  0.0368  0.0312  0.0310  0.0333  0.0324  0.0310  0.0320  0.0311  0.0354  0.0302  0.0317
  0.0297  0.0321  0.0296  0.0298  0.0311  0.0304  0.0297  0.0303  0.0298  0.0319  0.0293  0.0297
  0.0288  0.0291  0.0287  0.0290  0.0293  0.0291  0.0287  0.0291  0.0288  0.0295  0.0287  0.0286
  0.0284  0.0284  0.0284  0.0284  0.0284  0.0284  0.0284  0.0284  0.0284  0.0284  0.0284  0.0284
  0.0287  0.0299  0.0288  0.0279  0.0288  0.0282  0.0287  0.0286  0.0287  0.0288  0.0286  0.0290
  0.0296  0.0327  0.0298  0.0287  0.0307  0.0295  0.0296  0.0298  0.0297  0.0315  0.0292  0.0301
  0.0313  0.0362  0.0312  0.0320  0.0338  0.0332  0.0310  0.0325  0.0312  0.0359  0.0303  0.0313
registration optimization eta report
parameter search radius
    2.4000    4.1976    3.1740    9.5220    9.5220    9.5220
    7.2000    7.2000    7.2000   10.9503    9.5220    9.5220
100000*second partial in parameter space
       48.       45.       27.        4.        6.        5.
        5.        7.        5.        6.        2.        3.
  0.0311  0.0368  0.0312  0.0310  0.0333  0.0324  0.0310  0.0320  0.0311  0.0354  0.0302  0.0317
  0.0297  0.0321  0.0296  0.0298  0.0311  0.0304  0.0297  0.0303  0.0298  0.0319  0.0293  0.0297
  0.0288  0.0291  0.0287  0.0290  0.0293  0.0291  0.0287  0.0291  0.0288  0.0295  0.0287  0.0286
  0.0284  0.0284  0.0284  0.0284  0.0284  0.0284  0.0284  0.0284  0.0284  0.0284  0.0284  0.0284
  0.0287  0.0299  0.0288  0.0279  0.0288  0.0282  0.0287  0.0286  0.0287  0.0288  0.0286  0.0290
  0.0296  0.0327  0.0298  0.0287  0.0307  0.0295  0.0296  0.0298  0.0297  0.0315  0.0292  0.0301
  0.0313  0.0362  0.0312  0.0320  0.0338  0.0332  0.0310  0.0325  0.0312  0.0359  0.0303  0.0313
    1.1513   19.9515   -3.7030  -14.1626  -21.4591  -16.7401
    2.3711    4.8513   -4.0765   26.0611   -1.8636  -24.3140
eta,q 0.97161 15.70741

---------------------------------------------------------------------
imgreg_4dfp /opt/freesurfer/average/711-2C_as_mni_average_305 /opt/freesurfer/average/711-2B_as_mni_average_305_mask talsrcimg_g11 none talsrcimg_to_711-2C_as_mni_average_305_t4 2311
---------------------------------------------------------------------

freesurfer imgreg_4dfp.c
/opt/freesurfer/average/711-2C_as_mni_average_305.4dfp.img
       256       256       256         1
  1.000000  1.000000  1.000000
orientation T byte_order littleendian
Reading image: /opt/freesurfer/average/711-2C_as_mni_average_305.4dfp.img
dimensions:      256       256       256
mmppix:       1.0000   -1.0000   -1.0000
center:     128.0000 -129.0000 -129.0000
/opt/freesurfer/average/711-2B_as_mni_average_305_mask.4dfp.img
       256       256       256         1
  1.000000  1.000000  1.000000
orientation T byte_order littleendian
Reading mask: /opt/freesurfer/average/711-2B_as_mni_average_305_mask.4dfp.img (2306576 pixels)
talsrcimg_g11.4dfp.img
       256       256       256         1
  1.000000  1.000000  1.000000
orientation T byte_order littleendian
Reading image: talsrcimg_g11.4dfp.img
dimensions:      256       256       256
mmppix:       1.0000   -1.0000   -1.0000
center:     128.0000 -129.0000 -129.0000
fimgreg.f
image alignment mode   2311 decimal      907 hex
parameters
    1.1513   19.9515   -3.7030  -14.1626  -21.4591  -16.7401
    2.3711    4.8513   -4.0765   26.0611   -1.8636  -24.3140
eta,q 0.97161 15.70741
niter,ni,del,rscale     5    3    5.0000    0.8000
parameter  4 -0.838323 -> -0.500000 qaram    1.1500
parameters
    1.1988   19.7082   -3.8310  -11.4026  -20.9832  -15.4032
    2.6907    4.8407   -3.9315   27.0073   -2.5406  -24.5876
eta,q 0.97254 16.11298
  0.0297  0.0294  0.0290  0.0294  0.0297  0.0294  0.0291  0.0299  0.0291  0.0301  0.0280  0.0284
  0.0290  0.0287  0.0286  0.0290  0.0289  0.0287  0.0284  0.0288  0.0284  0.0291  0.0277  0.0278
  0.0286  0.0284  0.0284  0.0287  0.0282  0.0282  0.0279  0.0281  0.0279  0.0283  0.0275  0.0275
  0.0284  0.0284  0.0284  0.0283  0.0279  0.0279  0.0277  0.0277  0.0277  0.0277  0.0275  0.0275
  0.0285  0.0287  0.0285  0.0280  0.0279  0.0277  0.0277  0.0278  0.0278  0.0274  0.0276  0.0276
  0.0289  0.0293  0.0288  0.0279  0.0284  0.0278  0.0281  0.0285  0.0282  0.0279  0.0279  0.0280
  0.0296  0.0302  0.0293  0.0281  0.0292  0.0284  0.0288  0.0302  0.0290  0.0289  0.0284  0.0286
niter,ni,del,rscale     5    3    5.0000    0.8000
parameters
    1.0369   19.8416   -3.5397  -12.1269  -21.2014  -14.8287
    2.4585    4.7937   -3.9537   27.3752   -2.5676  -24.4915
eta,q 0.97262 16.10384
  0.0287  0.0293  0.0287  0.0286  0.0291  0.0290  0.0286  0.0295  0.0288  0.0297  0.0280  0.0285
  0.0280  0.0283  0.0280  0.0282  0.0283  0.0284  0.0280  0.0285  0.0281  0.0288  0.0277  0.0278
  0.0275  0.0277  0.0276  0.0278  0.0277  0.0279  0.0276  0.0278  0.0276  0.0280  0.0275  0.0275
  0.0275  0.0274  0.0274  0.0274  0.0275  0.0275  0.0274  0.0274  0.0274  0.0274  0.0274  0.0274
  0.0277  0.0276  0.0274  0.0275  0.0278  0.0274  0.0276  0.0275  0.0276  0.0274  0.0274  0.0275
  0.0284  0.0280  0.0276  0.0284  0.0285  0.0278  0.0281  0.0283  0.0281  0.0281  0.0277  0.0278
  0.0294  0.0288  0.0280  0.0303  0.0294  0.0287  0.0289  0.0299  0.0289  0.0293  0.0280  0.0283
niter,ni,del,rscale     4    3    5.0000    0.7000
parameters
    1.0732   19.8912   -3.2726  -11.8152  -21.3598  -14.1679
    2.4216    4.6802   -4.0417   27.6861   -3.0988  -24.3577
eta,q 0.97284 16.17313
  0.0286  0.0287  0.0283  0.0286  0.0286  0.0287  0.0282  0.0289  0.0283  0.0292  0.0276  0.0280
  0.0280  0.0280  0.0279  0.0282  0.0279  0.0282  0.0277  0.0280  0.0277  0.0283  0.0273  0.0275
  0.0275  0.0275  0.0275  0.0278  0.0275  0.0277  0.0273  0.0275  0.0273  0.0276  0.0272  0.0272
  0.0274  0.0274  0.0274  0.0274  0.0273  0.0273  0.0272  0.0272  0.0272  0.0272  0.0272  0.0272
  0.0275  0.0275  0.0274  0.0272  0.0275  0.0272  0.0273  0.0273  0.0273  0.0272  0.0273  0.0272
  0.0279  0.0279  0.0275  0.0276  0.0280  0.0275  0.0277  0.0280  0.0277  0.0278  0.0275  0.0275
  0.0285  0.0285  0.0278  0.0286  0.0288  0.0282  0.0283  0.0293  0.0284  0.0288  0.0279  0.0279
niter,ni,del,rscale     3    3    5.0000    0.6000
parameters
    1.0491   19.9916   -2.9204  -11.4458  -21.4698  -13.4226
    2.3042    4.6048   -4.1010   27.9574   -3.5520  -24.0794
eta,q 0.97309 16.24589
  0.0281  0.0283  0.0280  0.0283  0.0280  0.0285  0.0277  0.0284  0.0278  0.0286  0.0273  0.0276
  0.0276  0.0277  0.0276  0.0279  0.0275  0.0280  0.0273  0.0276  0.0273  0.0279  0.0270  0.0272
  0.0273  0.0273  0.0273  0.0275  0.0272  0.0275  0.0270  0.0271  0.0270  0.0273  0.0269  0.0270
  0.0272  0.0272  0.0272  0.0271  0.0271  0.0271  0.0269  0.0269  0.0269  0.0270  0.0269  0.0269
  0.0273  0.0272  0.0271  0.0270  0.0272  0.0269  0.0270  0.0271  0.0270  0.0270  0.0270  0.0270
  0.0276  0.0275  0.0272  0.0274  0.0276  0.0272  0.0273  0.0276  0.0274  0.0274  0.0272  0.0271
  0.0282  0.0279  0.0274  0.0282  0.0282  0.0278  0.0278  0.0286  0.0279  0.0283  0.0275  0.0274
niter,ni,del,rscale     2    3    5.0000    0.5000
parameters
    1.0300   20.1091   -2.5884  -11.3210  -21.4978  -13.0104
    2.2739    4.6603   -4.0915   28.0923   -3.6779  -23.7593
eta,q 0.97323 16.27415
  0.0276  0.0277  0.0276  0.0279  0.0275  0.0281  0.0273  0.0280  0.0274  0.0280  0.0271  0.0273
  0.0272  0.0273  0.0273  0.0275  0.0272  0.0276  0.0270  0.0273  0.0271  0.0274  0.0269  0.0270
  0.0270  0.0270  0.0270  0.0271  0.0269  0.0271  0.0269  0.0270  0.0269  0.0270  0.0268  0.0268
  0.0269  0.0269  0.0269  0.0268  0.0268  0.0268  0.0268  0.0268  0.0268  0.0268  0.0268  0.0268
  0.0270  0.0269  0.0268  0.0269  0.0269  0.0268  0.0269  0.0269  0.0269  0.0269  0.0268  0.0268
  0.0273  0.0271  0.0269  0.0272  0.0272  0.0271  0.0270  0.0272  0.0271  0.0272  0.0270  0.0269
  0.0277  0.0274  0.0270  0.0279  0.0276  0.0277  0.0274  0.0279  0.0274  0.0279  0.0272  0.0271
niter,ni,del,rscale     1    3    5.0000    0.4000
parameters
    1.0334   20.1650   -2.4177  -11.2781  -21.4919  -12.8612
    2.2869    4.7175   -4.0721   28.1434   -3.7326  -23.5924
eta,q 0.97325 16.28256
  0.0273  0.0273  0.0272  0.0275  0.0272  0.0276  0.0271  0.0275  0.0272  0.0275  0.0270  0.0270
  0.0270  0.0270  0.0270  0.0272  0.0270  0.0272  0.0269  0.0271  0.0270  0.0271  0.0269  0.0269
  0.0268  0.0268  0.0269  0.0269  0.0268  0.0269  0.0268  0.0269  0.0268  0.0269  0.0268  0.0268
  0.0268  0.0268  0.0268  0.0268  0.0268  0.0268  0.0268  0.0268  0.0268  0.0268  0.0268  0.0267
  0.0268  0.0268  0.0268  0.0268  0.0268  0.0268  0.0268  0.0268  0.0268  0.0268  0.0268  0.0268
  0.0270  0.0269  0.0268  0.0271  0.0270  0.0270  0.0269  0.0271  0.0269  0.0271  0.0269  0.0268
  0.0273  0.0271  0.0269  0.0275  0.0272  0.0275  0.0271  0.0275  0.0272  0.0275  0.0270  0.0270
registration optimization eta report
parameter search radius
    0.8000    0.8000    0.8000    2.7600    2.4000    2.4000
    2.4000    2.4000    2.4000    2.4000    2.4000    2.4000
100000*second partial in parameter space
       76.       67.       46.       10.        8.       14.
        6.       13.        7.       13.        4.        4.
  0.0273  0.0273  0.0272  0.0275  0.0272  0.0276  0.0271  0.0275  0.0272  0.0275  0.0270  0.0270
  0.0270  0.0270  0.0270  0.0272  0.0270  0.0272  0.0269  0.0271  0.0270  0.0271  0.0269  0.0269
  0.0268  0.0268  0.0269  0.0269  0.0268  0.0269  0.0268  0.0269  0.0268  0.0269  0.0268  0.0268
  0.0268  0.0268  0.0268  0.0268  0.0268  0.0268  0.0268  0.0268  0.0268  0.0268  0.0268  0.0267
  0.0268  0.0268  0.0268  0.0268  0.0268  0.0268  0.0268  0.0268  0.0268  0.0268  0.0268  0.0268
  0.0270  0.0269  0.0268  0.0271  0.0270  0.0270  0.0269  0.0271  0.0269  0.0271  0.0269  0.0268
  0.0273  0.0271  0.0269  0.0275  0.0272  0.0275  0.0271  0.0275  0.0272  0.0275  0.0270  0.0270
    1.0334   20.1650   -2.4177  -11.2781  -21.4919  -12.8612
    2.2869    4.7175   -4.0721   28.1434   -3.7326  -23.5924
eta,q 0.97325 16.28256

---------------------------------------------------------------------
imgreg_4dfp /opt/freesurfer/average/711-2C_as_mni_average_305 /opt/freesurfer/average/711-2B_as_mni_average_305_mask talsrcimg_g11 none talsrcimg_to_711-2C_as_mni_average_305_t4 2311
---------------------------------------------------------------------

freesurfer imgreg_4dfp.c
/opt/freesurfer/average/711-2C_as_mni_average_305.4dfp.img
       256       256       256         1
  1.000000  1.000000  1.000000
orientation T byte_order littleendian
Reading image: /opt/freesurfer/average/711-2C_as_mni_average_305.4dfp.img
dimensions:      256       256       256
mmppix:       1.0000   -1.0000   -1.0000
center:     128.0000 -129.0000 -129.0000
/opt/freesurfer/average/711-2B_as_mni_average_305_mask.4dfp.img
       256       256       256         1
  1.000000  1.000000  1.000000
orientation T byte_order littleendian
Reading mask: /opt/freesurfer/average/711-2B_as_mni_average_305_mask.4dfp.img (2306576 pixels)
talsrcimg_g11.4dfp.img
       256       256       256         1
  1.000000  1.000000  1.000000
orientation T byte_order littleendian
Reading image: talsrcimg_g11.4dfp.img
dimensions:      256       256       256
mmppix:       1.0000   -1.0000   -1.0000
center:     128.0000 -129.0000 -129.0000
fimgreg.f
image alignment mode   2311 decimal      907 hex
parameters
    1.0334   20.1650   -2.4177  -11.2781  -21.4919  -12.8612
    2.2869    4.7175   -4.0721   28.1434   -3.7326  -23.5924
eta,q 0.97325 16.28256
niter,ni,del,rscale     5    3    5.0000    0.8000
parameters
    1.0291   20.2169   -2.3914  -11.9031  -21.6231  -13.3253
    2.2995    4.6789   -4.0757   27.9826   -3.4194  -23.3080
eta,q 0.97310 16.20003
  0.0286  0.0286  0.0280  0.0281  0.0284  0.0290  0.0282  0.0295  0.0284  0.0292  0.0279  0.0280
  0.0276  0.0276  0.0273  0.0276  0.0276  0.0281  0.0275  0.0281  0.0276  0.0282  0.0274  0.0274
  0.0270  0.0270  0.0269  0.0271  0.0270  0.0273  0.0271  0.0272  0.0271  0.0273  0.0270  0.0270
  0.0268  0.0267  0.0267  0.0267  0.0268  0.0268  0.0269  0.0269  0.0269  0.0269  0.0269  0.0269
  0.0270  0.0269  0.0269  0.0270  0.0270  0.0271  0.0270  0.0271  0.0270  0.0271  0.0270  0.0270
  0.0276  0.0275  0.0272  0.0279  0.0276  0.0283  0.0275  0.0280  0.0276  0.0281  0.0272  0.0273
  0.0287  0.0283  0.0279  0.0297  0.0287  0.0306  0.0282  0.0297  0.0285  0.0299  0.0276  0.0277
niter,ni,del,rscale     4    3    5.0000    0.7000
parameters
    1.0270   20.1228   -2.4202  -11.5871  -21.5182  -13.2662
    2.3058    4.6290   -4.0914   27.9439   -3.4920  -23.3106
eta,q 0.97317 16.22697
  0.0282  0.0280  0.0277  0.0282  0.0282  0.0288  0.0279  0.0289  0.0280  0.0288  0.0275  0.0276
  0.0275  0.0273  0.0273  0.0278  0.0275  0.0280  0.0273  0.0278  0.0274  0.0279  0.0271  0.0271
  0.0271  0.0270  0.0270  0.0273  0.0271  0.0273  0.0270  0.0271  0.0270  0.0272  0.0269  0.0269
  0.0269  0.0269  0.0269  0.0269  0.0268  0.0268  0.0268  0.0268  0.0268  0.0268  0.0268  0.0268
  0.0271  0.0271  0.0270  0.0268  0.0269  0.0269  0.0269  0.0270  0.0270  0.0270  0.0269  0.0269
  0.0275  0.0276  0.0273  0.0272  0.0273  0.0276  0.0273  0.0278  0.0274  0.0277  0.0272  0.0272
  0.0283  0.0283  0.0278  0.0282  0.0281  0.0290  0.0279  0.0291  0.0281  0.0291  0.0275  0.0276
niter,ni,del,rscale     3    3    5.0000    0.6000
parameters
    1.0246   20.1327   -2.4248  -11.4103  -21.4686  -13.1014
    2.2930    4.6568   -4.0842   27.9837   -3.6038  -23.3843
eta,q 0.97322 16.25453
  0.0279  0.0278  0.0275  0.0279  0.0278  0.0284  0.0276  0.0284  0.0277  0.0284  0.0273  0.0273
  0.0273  0.0273  0.0271  0.0275  0.0273  0.0278  0.0272  0.0276  0.0272  0.0276  0.0270  0.0270
  0.0270  0.0269  0.0269  0.0271  0.0270  0.0272  0.0269  0.0270  0.0269  0.0271  0.0268  0.0268
  0.0268  0.0268  0.0268  0.0268  0.0268  0.0268  0.0268  0.0268  0.0268  0.0268  0.0268  0.0268
  0.0270  0.0270  0.0269  0.0268  0.0269  0.0269  0.0269  0.0269  0.0269  0.0269  0.0269  0.0269
  0.0273  0.0273  0.0271  0.0272  0.0272  0.0273  0.0272  0.0275  0.0272  0.0274  0.0270  0.0271
  0.0279  0.0278  0.0275  0.0279  0.0278  0.0284  0.0276  0.0284  0.0277  0.0284  0.0273  0.0274
niter,ni,del,rscale     2    3    5.0000    0.5000
parameters
    1.0289   20.1552   -2.3922  -11.2983  -21.4549  -12.9525
    2.2801    4.6925   -4.0808   28.0415   -3.6882  -23.4325
eta,q 0.97324 16.27345
  0.0275  0.0275  0.0273  0.0276  0.0274  0.0280  0.0273  0.0279  0.0274  0.0279  0.0271  0.0271
  0.0271  0.0271  0.0270  0.0273  0.0271  0.0275  0.0270  0.0273  0.0271  0.0274  0.0269  0.0269
  0.0269  0.0269  0.0269  0.0270  0.0269  0.0270  0.0268  0.0269  0.0268  0.0270  0.0268  0.0268
  0.0268  0.0268  0.0268  0.0268  0.0268  0.0268  0.0268  0.0268  0.0268  0.0268  0.0268  0.0268
  0.0269  0.0269  0.0268  0.0268  0.0268  0.0268  0.0268  0.0269  0.0268  0.0268  0.0268  0.0268
  0.0271  0.0271  0.0270  0.0271  0.0271  0.0272  0.0270  0.0272  0.0270  0.0272  0.0269  0.0269
  0.0275  0.0274  0.0272  0.0276  0.0275  0.0279  0.0273  0.0279  0.0274  0.0279  0.0272  0.0272
niter,ni,del,rscale     1    3    5.0000    0.4000
parameters
    1.0315   20.1717   -2.3629  -11.2352  -21.4642  -12.8562
    2.2760    4.7246   -4.0682   28.0986   -3.7515  -23.4834
eta,q 0.97325 16.28405
  0.0272  0.0272  0.0271  0.0273  0.0272  0.0276  0.0271  0.0275  0.0272  0.0275  0.0270  0.0270
  0.0270  0.0270  0.0269  0.0271  0.0270  0.0272  0.0269  0.0271  0.0269  0.0271  0.0269  0.0268
  0.0268  0.0268  0.0268  0.0269  0.0268  0.0269  0.0268  0.0269  0.0268  0.0269  0.0268  0.0268
  0.0268  0.0268  0.0268  0.0268  0.0268  0.0268  0.0268  0.0268  0.0268  0.0268  0.0267  0.0267
  0.0268  0.0268  0.0268  0.0268  0.0268  0.0268  0.0268  0.0268  0.0268  0.0268  0.0268  0.0268
  0.0270  0.0270  0.0269  0.0270  0.0269  0.0271  0.0269  0.0271  0.0269  0.0271  0.0269  0.0269
  0.0272  0.0272  0.0270  0.0273  0.0272  0.0275  0.0271  0.0275  0.0272  0.0275  0.0270  0.0270
registration optimization eta report
parameter search radius
    0.8000    0.8000    0.8000    2.4000    2.4000    2.4000
    2.4000    2.4000    2.4000    2.4000    2.4000    2.4000
100000*second partial in parameter space
       76.       68.       47.       10.        7.       14.
        6.       13.        7.       14.        4.        4.
  0.0272  0.0272  0.0271  0.0273  0.0272  0.0276  0.0271  0.0275  0.0272  0.0275  0.0270  0.0270
  0.0270  0.0270  0.0269  0.0271  0.0270  0.0272  0.0269  0.0271  0.0269  0.0271  0.0269  0.0268
  0.0268  0.0268  0.0268  0.0269  0.0268  0.0269  0.0268  0.0269  0.0268  0.0269  0.0268  0.0268
  0.0268  0.0268  0.0268  0.0268  0.0268  0.0268  0.0268  0.0268  0.0268  0.0268  0.0267  0.0267
  0.0268  0.0268  0.0268  0.0268  0.0268  0.0268  0.0268  0.0268  0.0268  0.0268  0.0268  0.0268
  0.0270  0.0270  0.0269  0.0270  0.0269  0.0271  0.0269  0.0271  0.0269  0.0271  0.0269  0.0269
  0.0272  0.0272  0.0270  0.0273  0.0272  0.0275  0.0271  0.0275  0.0272  0.0275  0.0270  0.0270
    1.0315   20.1717   -2.3629  -11.2352  -21.4642  -12.8562
    2.2760    4.7246   -4.0682   28.0986   -3.7515  -23.4834
eta,q 0.97325 16.28405

---------------------------------------------------------------------
compute_vox2vox talsrcimg talsrcimg_to_711-2C_as_mni_average_305_t4 /opt/freesurfer/average/711-2C_as_mni_average_305
---------------------------------------------------------------------

freesurfer compute_vox2vox.c
Reading: talsrcimg.4dfp.ifh
Reading: talsrcimg_to_711-2C_as_mni_average_305_t4
Reading: /opt/freesurfer/average/711-2C_as_mni_average_305.4dfp.ifh
Writing: talsrcimg_to_711-2C_as_mni_average_305_t4_vox2vox.txt

start time Mon Mar 9 10:23:19 CET 2026
end		time Mon Mar 9 10:24:47 CET 2026

mpr2mni305 success

avi2talxfm orig_nu.mgz /opt/freesurfer/average/mni305.cor.mgz talsrcimg_to_711-2C_as_mni_average_305_t4_vox2vox.txt transforms/talairach.auto.xfm
avi2talxfm done
mv -f /out/sourcedata/freesurfer/sub-v1s21x0050407_ses-1/mri/talsrcimg_to_711-2C_as_mni_average_305_t4_vox2vox.txt /out/sourcedata/freesurfer/sub-v1s21x0050407_ses-1/mri/transforms/talsrcimg_to_711-2C_as_mni_average_305_t4_vox2vox.txt
lta_convert --src orig_nu.mgz --trg /opt/freesurfer/average/mni305.cor.mgz --inxfm transforms/talairach.auto.xfm --outlta transforms/talairach.auto.xfm.lta --subject fsaverage
7.3.2

--src: orig_nu.mgz src image (geometry).
--trg: /opt/freesurfer/average/mni305.cor.mgz trg image (geometry).
--inmni: transforms/talairach.auto.xfm input MNI/XFM transform.
--outlta: transforms/talairach.auto.xfm.lta output LTA.
--s: fsaverage subject name
 LTA read, type : 1
 1.12251  -0.04594  -0.04627  -1.11874;
 0.05837   1.04423   0.31055  -4.53112;
 0.03726  -0.37598   1.15980  -25.11595;
 0.00000   0.00000   0.00000   1.00000;
setting subject to fsaverage
Writing  LTA to file transforms/talairach.auto.xfm.lta...
lta_convert successful.
 
 
Started at Mon Mar 9 10:23:18 CET 2026
Ended   at Mon Mar  9 10:24:47 CET 2026
talairach_avi done
