/out/sourcedata/freesurfer/sub-v1s21x0050382_ses-1/mri
/opt/freesurfer/bin/talairach_avi
--i orig_nu.mgz --xfm transforms/talairach.auto.xfm
talairach_avi 7.3.2
Linux dna056 5.14.0-427.37.1.el9_4.x86_64 #1 SMP PREEMPT_DYNAMIC Fri Sep 13 12:41:50 EDT 2024 x86_64 x86_64 x86_64 GNU/Linux
Thu Mar 12 19:31:49 CET 2026
mri_convert orig_nu.mgz talsrcimg.img 
reading from orig_nu.mgz...
TR=0.00, TE=0.00, TI=0.00, flip angle=0.00
i_ras = (-1, 0, 0)
j_ras = (0, 0, -1)
k_ras = (0, 1, 0)
writing to talsrcimg.img...
Analyze Output Matrix
-1.00000   0.00000   0.00000   129.50781;
 0.00000   0.00000   1.00000  -128.49219;
 0.00000  -1.00000   0.00000   129.60004;
 0.00000   0.00000   0.00000   1.00000;
--------------------
INFO: set hdr.hist.orient to -1
mpr2mni305 talsrcimg
Thu Mar 12 19:31:50 CET 2026
/opt/freesurfer/bin/mpr2mni305 talsrcimg
mpr2mni305 7.3.2
target=711-2C_as_mni_average_305

---------------------------------------------------------------------
analyzeto4dfp talsrcimg -O0 -y
---------------------------------------------------------------------

freesurfer ifh2hdr.c
Thu Mar 12 19:31:50 2026
Writing: talsrcimg.4dfp.hdr
freesurfer analyzeto4dfp.c
Reading: talsrcimg.hdr
header size 348 bytes
hdr.dime.datatype	offset=70	value=2
hdr.dime.bitpix		offset=72	value=8
hdr.hist.orient		offset=252	value=-1
dimensionality     4
dimensions       256       256       256         1
Reading: talsrcimg.img
Writing: talsrcimg.4dfp.img
Writing: talsrcimg.4dfp.ifh
ifh2hdr talsrcimg -r0to233
ori=2

---------------------------------------------------------------------
gauss_4dfp talsrcimg 1.1
---------------------------------------------------------------------

freesurfer gauss_4dfp.c
Reading: talsrcimg.4dfp.img
Writing: talsrcimg_g11.4dfp.img
image dimensions 256 256 256 padded to 288 288 288
processing volume 1freesurfer ifh2hdr.c
Thu Mar 12 19:31:52 2026
Writing: talsrcimg_g11.4dfp.hdr

Writing: talsrcimg_g11.4dfp.ifh
including: talsrcimg.4dfp.img.rec in talsrcimg_g11.4dfp.img.rec

---------------------------------------------------------------------
imgreg_4dfp /opt/freesurfer/average/711-2C_as_mni_average_305 none talsrcimg_g11 none talsrcimg_to_711-2C_as_mni_average_305_t4 4355
---------------------------------------------------------------------

freesurfer imgreg_4dfp.c
/opt/freesurfer/average/711-2C_as_mni_average_305.4dfp.img
       256       256       256         1
  1.000000  1.000000  1.000000
orientation T byte_order littleendian
Reading image: /opt/freesurfer/average/711-2C_as_mni_average_305.4dfp.img
dimensions:      256       256       256
mmppix:       1.0000   -1.0000   -1.0000
center:     128.0000 -129.0000 -129.0000
talsrcimg_g11.4dfp.img
       256       256       256         1
  1.000000  1.000000  1.000000
orientation T byte_order littleendian
Reading image: talsrcimg_g11.4dfp.img
dimensions:      256       256       256
mmppix:       1.0000   -1.0000   -1.0000
center:     128.0000 -129.0000 -129.0000
t4_read: open error in t4_sub.f l:  41 t4_file(1:l)talsrcimg_to_711-2C_as_mni_average_305_t4 
t4_read: transform initialized to I4
rotation matrix determinant  1.000000
image alignment mode   4355 decimal     1103 hex
   -7.5000  -45.0000  -45.0000 7684.3911   16.7927
    0.0000  -45.0000  -45.0000 7988.8965   16.8174
    7.5000  -45.0000  -45.0000 7589.7334   16.8050
   -7.5000  -37.5000  -45.0000 8185.8135   16.8281
    0.0000  -37.5000  -45.0000 8503.6934   16.8487
    7.5000  -37.5000  -45.0000 8077.6802   16.8317
   -7.5000  -30.0000  -45.0000 8928.6553   16.8744
    0.0000  -30.0000  -45.0000 9276.4561   16.8913
    7.5000  -30.0000  -45.0000 8807.4453   16.8681
   -7.5000  -22.5000  -45.0000 9583.8652   16.8851
    0.0000  -22.5000  -45.0000 9952.3496   16.9011
    7.5000  -22.5000  -45.0000 9434.6357   16.8750
   -7.5000  -15.0000  -45.000010167.2910   16.8556
    0.0000  -15.0000  -45.000010558.8555   16.8756
    7.5000  -15.0000  -45.0000 9966.2412   16.8527
   -7.5000   -7.5000  -45.000010780.6562   16.8095
    0.0000   -7.5000  -45.000011177.9424   16.8344
    7.5000   -7.5000  -45.000010545.5938   16.8192
   -7.5000    0.0000  -45.000011313.1670   16.7927
    0.0000    0.0000  -45.000011732.0381   16.8174
    7.5000    0.0000  -45.000011098.7510   16.8050
   -7.5000    7.5000  -45.000010995.2686   16.8281
    0.0000    7.5000  -45.000011395.7725   16.8487
    7.5000    7.5000  -45.000010804.9307   16.8317
   -7.5000   15.0000  -45.000010532.4365   16.8744
    0.0000   15.0000  -45.000010909.4326   16.8913
    7.5000   15.0000  -45.000010342.2266   16.8681
   -7.5000   22.5000  -45.0000 9904.0410   16.8828
    0.0000   22.5000  -45.000010244.7920   16.8988
    7.5000   22.5000  -45.0000 9680.3096   16.8727
   -7.5000   30.0000  -45.0000 9047.9600   16.6310
    0.0000   30.0000  -45.0000 9372.6855   16.6507
    7.5000   30.0000  -45.0000 8826.7617   16.6281
   -7.5000   37.5000  -45.0000 8525.0312   16.5855
    0.0000   37.5000  -45.0000 8834.7324   16.6100
    7.5000   37.5000  -45.0000 8315.5508   16.5950
   -7.5000   45.0000  -45.0000 7767.9590   16.1482
    0.0000   45.0000  -45.0000 8038.7197   16.1719
    7.5000   45.0000  -45.0000 7578.2651   16.1600
   -7.5000  -45.0000  -37.5000 8246.7285   16.5858
    0.0000  -45.0000  -37.5000 8569.2461   16.6071
    7.5000  -45.0000  -37.5000 8126.9326   16.5932
   -7.5000  -37.5000  -37.5000 8776.7305   16.6224
    0.0000  -37.5000  -37.5000 9130.0713   16.6403
    7.5000  -37.5000  -37.5000 8653.4990   16.6194
   -7.5000  -30.0000  -37.5000 9586.3760   16.6724
    0.0000  -30.0000  -37.5000 9956.1699   16.6879
    7.5000  -30.0000  -37.5000 9394.9365   16.6595
   -7.5000  -22.5000  -37.500010275.9648   16.6868
    0.0000  -22.5000  -37.500010659.0068   16.7019
    7.5000  -22.5000  -37.500010047.3887   16.6710
   -7.5000  -15.0000  -37.500010866.1045   16.6557
    0.0000  -15.0000  -37.500011270.8750   16.6740
    7.5000  -15.0000  -37.500010608.0664   16.6487
   -7.5000   -7.5000  -37.500011489.3887   16.6046
    0.0000   -7.5000  -37.500011902.4834   16.6266
    7.5000   -7.5000  -37.500011212.0576   16.6109
   -7.5000    0.0000  -37.500012045.6689   16.5858
    0.0000    0.0000  -37.500012485.0215   16.6071
    7.5000    0.0000  -37.500011781.2627   16.5932
   -7.5000    7.5000  -37.500011705.0264   16.6224
    0.0000    7.5000  -37.500012140.1484   16.6403
    7.5000    7.5000  -37.500011452.2383   16.6194
   -7.5000   15.0000  -37.500011232.4414   16.6724
    0.0000   15.0000  -37.500011639.6943   16.6879
    7.5000   15.0000  -37.500010969.6699   16.6595
   -7.5000   22.5000  -37.500010528.2334   16.6845
    0.0000   22.5000  -37.500010906.1680   16.6996
    7.5000   22.5000  -37.500010271.3936   16.6687
   -7.5000   30.0000  -37.5000 9574.4053   16.4337
    0.0000   30.0000  -37.5000 9928.3232   16.4518
    7.5000   30.0000  -37.5000 9349.6396   16.4269
   -7.5000   37.5000  -37.5000 9006.3604   16.3833
    0.0000   37.5000  -37.5000 9337.4971   16.4051
    7.5000   37.5000  -37.5000 8780.5020   16.3895
   -7.5000   45.0000  -37.5000 8178.9902   15.9492
    0.0000   45.0000  -37.5000 8481.2461   15.9697
    7.5000   45.0000  -37.5000 7985.5337   15.9563
   -7.5000  -45.0000  -30.0000 9003.8535   17.1593
    0.0000  -45.0000  -30.0000 9349.2119   17.1755
    7.5000  -45.0000  -30.0000 8859.2510   17.1615
   -7.5000  -37.5000  -30.0000 9591.7305   17.1977
    0.0000  -37.5000  -30.0000 9964.2607   17.2108
    7.5000  -37.5000  -30.0000 9417.7891   17.1889
   -7.5000  -30.0000  -30.000010467.8818   17.2471
    0.0000  -30.0000  -30.000010858.0859   17.2589
    7.5000  -30.0000  -30.000010238.0039   17.2294
   -7.5000  -22.5000  -30.000011193.6279   17.2599
    0.0000  -22.5000  -30.000011604.3320   17.2723
    7.5000  -22.5000  -30.000010935.7705   17.2410
   -7.5000  -15.0000  -30.000011842.5977   17.2265
    0.0000  -15.0000  -30.000012254.0664   17.2419
    7.5000  -15.0000  -30.000011537.2158   17.2170
   -7.5000   -7.5000  -30.000012500.0488   17.1751
    0.0000   -7.5000  -30.000012913.7861   17.1932
    7.5000   -7.5000  -30.000012153.9561   17.1779
   -7.5000    0.0000  -30.000013075.2725   17.1593
    0.0000    0.0000  -30.000013537.0430   17.1755
    7.5000    0.0000  -30.000012740.5479   17.1615
   -7.5000    7.5000  -30.000012672.5469   17.1977
    0.0000    7.5000  -30.000013141.3125   17.2108
    7.5000    7.5000  -30.000012368.0889   17.1889
   -7.5000   15.0000  -30.000012146.1162   17.2471
    0.0000   15.0000  -30.000012603.1475   17.2589
    7.5000   15.0000  -30.000011836.2480   17.2294
   -7.5000   22.5000  -30.000011378.8955   17.2558
    0.0000   22.5000  -30.000011800.4229   17.2682
    7.5000   22.5000  -30.000011076.0430   17.2369
   -7.5000   30.0000  -30.000010325.7002   16.9986
    0.0000   30.0000  -30.000010714.8115   17.0138
    7.5000   30.0000  -30.000010070.9424   16.9892
   -7.5000   37.5000  -30.0000 9663.4229   16.9479
    0.0000   37.5000  -30.000010025.8154   16.9657
    7.5000   37.5000  -30.0000 9425.0664   16.9506
   -7.5000   45.0000  -30.0000 8753.7393   16.5128
    0.0000   45.0000  -30.0000 9097.2373   16.5285
    7.5000   45.0000  -30.0000 8547.3057   16.5150
   -7.5000  -45.0000  -22.5000 9782.3789   17.7197
    0.0000  -45.0000  -22.500010139.1396   17.7346
    7.5000  -45.0000  -22.5000 9601.8555   17.7215
   -7.5000  -37.5000  -22.500010411.4033   17.7552
    0.0000  -37.5000  -22.500010802.6035   17.7664
    7.5000  -37.5000  -22.500010198.4102   17.7487
   -7.5000  -30.0000  -22.500011368.7773   17.7998
    0.0000  -30.0000  -22.500011782.9961   17.8109
    7.5000  -30.0000  -22.500011109.6211   17.7881
   -7.5000  -22.5000  -22.500012139.7119   17.8111
    0.0000  -22.5000  -22.500012594.5449   17.8243
    7.5000  -22.5000  -22.500011867.5400   17.7991
   -7.5000  -15.0000  -22.500012841.1309   17.7812
    0.0000  -15.0000  -22.500013298.9736   17.7976
    7.5000  -15.0000  -22.500012517.8350   17.7753
   -7.5000   -7.5000  -22.500013538.4004   17.7345
    0.0000   -7.5000  -22.500013985.1514   17.7524
    7.5000   -7.5000  -22.500013143.0137   17.7371
   -7.5000    0.0000  -22.500014147.2617   17.7197
    0.0000    0.0000  -22.500014616.1309   17.7346
    7.5000    0.0000  -22.500013758.4189   17.7215
   -7.5000    7.5000  -22.500013696.9141   17.7552
    0.0000    7.5000  -22.500014176.1357   17.7664
    7.5000    7.5000  -22.500013332.4395   17.7487
   -7.5000   15.0000  -22.500013092.0244   17.7998
    0.0000   15.0000  -22.500013556.4805   17.8109
    7.5000   15.0000  -22.500012739.8574   17.7881
   -7.5000   22.5000  -22.500012266.7314   17.8056
    0.0000   22.5000  -22.500012701.8379   17.8188
    7.5000   22.5000  -22.500011897.0742   17.7936
   -7.5000   30.0000  -22.500011123.3320   17.5486
    0.0000   30.0000  -22.500011523.3115   17.5648
    7.5000   30.0000  -22.500010809.4150   17.5428
   -7.5000   37.5000  -22.500010364.9863   17.5025
    0.0000   37.5000  -22.500010740.8936   17.5202
    7.5000   37.5000  -22.500010102.0625   17.5051
   -7.5000   45.0000  -22.5000 9358.9795   17.0650
    0.0000   45.0000  -22.5000 9716.7109   17.0793
    7.5000   45.0000  -22.5000 9146.1562   17.0667
   -7.5000  -45.0000  -15.000010572.3418   18.1741
    0.0000  -45.0000  -15.000010949.2002   18.1920
    7.5000  -45.0000  -15.000010359.5928   18.1803
   -7.5000  -37.5000  -15.000011247.8994   18.2055
    0.0000  -37.5000  -15.000011644.0820   18.2194
    7.5000  -37.5000  -15.000010978.9316   18.2071
   -7.5000  -30.0000  -15.000012298.0098   18.2450
    0.0000  -30.0000  -15.000012715.0518   18.2580
    7.5000  -30.0000  -15.000011971.0557   18.2434
   -7.5000  -22.5000  -15.000013113.9785   18.2542
    0.0000  -22.5000  -15.000013599.1240   18.2690
    7.5000  -22.5000  -15.000012788.0010   18.2509
   -7.5000  -15.0000  -15.000013853.5176   18.2292
    0.0000  -15.0000  -15.000014347.4521   18.2475
    7.5000  -15.0000  -15.000013472.5566   18.2280
   -7.5000   -7.5000  -15.000014606.9443   18.1886
    0.0000   -7.5000  -15.000015092.8760   18.2090
    7.5000   -7.5000  -15.000014163.3770   18.1935
   -7.5000    0.0000  -15.000015298.8643   18.1741
    0.0000    0.0000  -15.000015774.7490   18.1920
    7.5000    0.0000  -15.000014822.3398   18.1803
   -7.5000    7.5000  -15.000014793.7051   18.2055
    0.0000    7.5000  -15.000015268.4141   18.2194
    7.5000    7.5000  -15.000014350.9561   18.2071
   -7.5000   15.0000  -15.000014077.1807   18.2450
    0.0000   15.0000  -15.000014550.4463   18.2580
    7.5000   15.0000  -15.000013664.8633   18.2434
   -7.5000   22.5000  -15.000013141.3818   18.2477
    0.0000   22.5000  -15.000013582.8232   18.2626
    7.5000   22.5000  -15.000012757.0811   18.2444
   -7.5000   30.0000  -15.000011922.6982   17.9933
    0.0000   30.0000  -15.000012333.2471   18.0113
    7.5000   30.0000  -15.000011602.1787   17.9921
   -7.5000   37.5000  -15.000011131.0547   17.9532
    0.0000   37.5000  -15.000011520.0352   17.9733
    7.5000   37.5000  -15.000010827.0381   17.9580
   -7.5000   45.0000  -15.000010031.4932   17.5131
    0.0000   45.0000  -15.000010402.8848   17.5304
    7.5000   45.0000  -15.0000 9793.6973   17.5191
   -7.5000  -45.0000   -7.500011430.2451   18.4068
    0.0000  -45.0000   -7.500011782.3242   18.4306
    7.5000  -45.0000   -7.500011131.5986   18.4195
   -7.5000  -37.5000   -7.500012152.9697   18.4395
    0.0000  -37.5000   -7.500012523.5645   18.4589
    7.5000  -37.5000   -7.500011796.1309   18.4469
   -7.5000  -30.0000   -7.500013294.1816   18.4818
    0.0000  -30.0000   -7.500013714.5430   18.4981
    7.5000  -30.0000   -7.500012872.5117   18.4830
   -7.5000  -22.5000   -7.500014194.0938   18.4914
    0.0000  -22.5000   -7.500014677.8594   18.5080
    7.5000  -22.5000   -7.500013748.7002   18.4890
   -7.5000  -15.0000   -7.500014955.1611   18.4656
    0.0000  -15.0000   -7.500015433.3447   18.4862
    7.5000  -15.0000   -7.500014472.5107   18.4664
   -7.5000   -7.5000   -7.500015780.2920   18.4233
    0.0000   -7.5000   -7.500016244.9932   18.4481
    7.5000   -7.5000   -7.500015237.0869   18.4329
   -7.5000    0.0000   -7.500016552.0820   18.4068
    0.0000    0.0000   -7.500017008.0137   18.4306
    7.5000    0.0000   -7.500015944.2568   18.4195
   -7.5000    7.5000   -7.500016004.9873   18.4395
    0.0000    7.5000   -7.500016455.4219   18.4589
    7.5000    7.5000   -7.500015447.7695   18.4469
   -7.5000   15.0000   -7.500015157.5195   18.4818
    0.0000   15.0000   -7.500015626.3496   18.4981
    7.5000   15.0000   -7.500014670.3594   18.4830
   -7.5000   22.5000   -7.500014059.3545   18.4829
    0.0000   22.5000   -7.500014527.5068   18.4994
    7.5000   22.5000   -7.500013636.0283   18.4805
   -7.5000   30.0000   -7.500012785.3604   18.2261
    0.0000   30.0000   -7.500013237.7881   18.2464
    7.5000   30.0000   -7.500012418.9521   18.2269
   -7.5000   37.5000   -7.500011976.5869   18.1844
    0.0000   37.5000   -7.500012408.4121   18.2089
    7.5000   37.5000   -7.500011631.3740   18.1939
   -7.5000   45.0000   -7.500010801.8320   17.7407
    0.0000   45.0000   -7.500011180.5332   17.7637
    7.5000   45.0000   -7.500010481.6133   17.7530
   -7.5000  -45.0000    0.000012187.3311   18.4399
    0.0000  -45.0000    0.000012557.0117   18.4660
    7.5000  -45.0000    0.000011824.4463   18.4528
   -7.5000  -37.5000    0.000012961.1094   18.4774
    0.0000  -37.5000    0.000013337.4121   18.4988
    7.5000  -37.5000    0.000012523.9336   18.4810
   -7.5000  -30.0000    0.000014159.1094   18.5276
    0.0000  -30.0000    0.000014621.8086   18.5452
    7.5000  -30.0000    0.000013665.9580   18.5213
   -7.5000  -22.5000    0.000015203.0059   18.5403
    0.0000  -22.5000    0.000015703.7178   18.5574
    7.5000  -22.5000    0.000014621.6299   18.5303
   -7.5000  -15.0000    0.000015995.8438   18.5094
    0.0000  -15.0000    0.000016478.8516   18.5311
    7.5000  -15.0000    0.000015430.8018   18.5071
   -7.5000   -7.5000    0.000016846.4727   18.4592
    0.0000   -7.5000    0.000017314.3047   18.4860
    7.5000   -7.5000    0.000016245.2607   18.4699
   -7.5000    0.0000    0.000017702.3008   18.4399
    0.0000    0.0000    0.000018163.8613   18.4660
    7.5000    0.0000    0.000017031.6836   18.4528
   -7.5000    7.5000    0.000017141.7266   18.4774
    0.0000    7.5000    0.000017621.3613   18.4988
    7.5000    7.5000    0.000016489.2695   18.4810
   -7.5000   15.0000    0.000016236.6436   18.5276
    0.0000   15.0000    0.000016689.4434   18.5452
    7.5000   15.0000    0.000015634.4023   18.5213
   -7.5000   22.5000    0.000015020.6289   18.5317
    0.0000   22.5000    0.000015492.8467   18.5488
    7.5000   22.5000    0.000014494.8809   18.5218
   -7.5000   30.0000    0.000013673.4277   18.2698
    0.0000   30.0000    0.000014128.9893   18.2912
    7.5000   30.0000    0.000013197.6006   18.2676
   -7.5000   37.5000    0.000012802.5059   18.2203
    0.0000   37.5000    0.000013241.8525   18.2468
    7.5000   37.5000    0.000012383.7979   18.2308
   -7.5000   45.0000    0.000011544.8369   17.7739
    0.0000   45.0000    0.000011942.0078   17.7991
    7.5000   45.0000    0.000011159.0879   17.7864
   -7.5000  -45.0000    7.500011979.0664   18.4118
    0.0000  -45.0000    7.500012324.3408   18.4342
    7.5000  -45.0000    7.500011608.9287   18.4188
   -7.5000  -37.5000    7.500012716.4082   18.4528
    0.0000  -37.5000    7.500013079.2461   18.4712
    7.5000  -37.5000    7.500012300.8936   18.4479
   -7.5000  -30.0000    7.500013912.6279   18.5076
    0.0000  -30.0000    7.500014348.0156   18.5232
    7.5000  -30.0000    7.500013424.5410   18.4917
   -7.5000  -22.5000    7.500015060.1797   18.5225
    0.0000  -22.5000    7.500015533.6699   18.5379
    7.5000  -22.5000    7.500014394.6826   18.5040
   -7.5000  -15.0000    7.500015949.9600   18.4874
    0.0000  -15.0000    7.500016407.3516   18.5066
    7.5000  -15.0000    7.500015228.1416   18.4793
   -7.5000   -7.5000    7.500016767.2539   18.4315
    0.0000   -7.5000    7.500017182.4355   18.4549
    7.5000   -7.5000    7.500016065.3467   18.4379
   -7.5000    0.0000    7.500017571.5703   18.4118
    0.0000    0.0000    7.500017975.0176   18.4342
    7.5000    0.0000    7.500016795.2168   18.4188
   -7.5000    7.5000    7.500017024.8164   18.4528
    0.0000    7.5000    7.500017433.0332   18.4712
    7.5000    7.5000    7.500016212.5254   18.4479
   -7.5000   15.0000    7.500016102.8467   18.5076
    0.0000   15.0000    7.500016502.6680   18.5232
    7.5000   15.0000    7.500015337.4414   18.4917
   -7.5000   22.5000    7.500014833.7139   18.5139
    0.0000   22.5000    7.500015261.5977   18.5293
    7.5000   22.5000    7.500014177.8682   18.4955
   -7.5000   30.0000    7.500013487.0225   18.2481
    0.0000   30.0000    7.500013887.7344   18.2671
    7.5000   30.0000    7.500012906.9346   18.2401
   -7.5000   37.5000    7.500012621.6895   18.1930
    0.0000   37.5000    7.500013037.8809   18.2160
    7.5000   37.5000    7.500012151.0352   18.1993
   -7.5000   45.0000    7.500011386.1768   17.7469
    0.0000   45.0000    7.500011759.1787   17.7684
    7.5000   45.0000    7.500010977.3389   17.7536
   -7.5000  -45.0000   15.000011606.5879   18.3860
    0.0000  -45.0000   15.000011953.3916   18.4033
    7.5000  -45.0000   15.000011260.3281   18.3883
   -7.5000  -37.5000   15.000012269.0684   18.4272
    0.0000  -37.5000   15.000012640.8818   18.4410
    7.5000  -37.5000   15.000011909.1572   18.4175
   -7.5000  -30.0000   15.000013394.5977   18.4804
    0.0000  -30.0000   15.000013845.7988   18.4931
    7.5000  -30.0000   15.000012987.7627   18.4614
   -7.5000  -22.5000   15.000014615.9219   18.4946
    0.0000  -22.5000   15.000015127.0977   18.5080
    7.5000  -22.5000   15.000013952.7549   18.4745
   -7.5000  -15.0000   15.000015768.7266   18.4588
    0.0000  -15.0000   15.000016250.5088   18.4754
    7.5000  -15.0000   15.000014812.2998   18.4490
   -7.5000   -7.5000   15.000016677.5566   18.4034
    0.0000   -7.5000   15.000017120.5898   18.4227
    7.5000   -7.5000   15.000015673.4570   18.4065
   -7.5000    0.0000   15.000017361.9258   18.3860
    0.0000    0.0000   15.000017786.4141   18.4033
    7.5000    0.0000   15.000016386.6953   18.3883
   -7.5000    7.5000   15.000016710.4785   18.4272
    0.0000    7.5000   15.000017071.6621   18.4410
    7.5000    7.5000   15.000015752.9316   18.4175
   -7.5000   15.0000   15.000015697.5615   18.4804
    0.0000   15.0000   15.000016045.7568   18.4931
    7.5000   15.0000   15.000014850.3203   18.4614
   -7.5000   22.5000   15.000014402.5732   18.4860
    0.0000   22.5000   15.000014774.7471   18.4994
    7.5000   22.5000   15.000013719.8447   18.4660
   -7.5000   30.0000   15.000013070.2773   18.2199
    0.0000   30.0000   15.000013427.0264   18.2363
    7.5000   30.0000   15.000012504.0859   18.2102
   -7.5000   37.5000   15.000012268.3623   18.1652
    0.0000   37.5000   15.000012621.5859   18.1843
    7.5000   37.5000   15.000011772.7559   18.1683
   -7.5000   45.0000   15.000011058.5947   17.7220
    0.0000   45.0000   15.000011379.9404   17.7386
    7.5000   45.0000   15.000010642.0508   17.7242
   -7.5000  -45.0000   22.500011100.8916   18.3989
    0.0000  -45.0000   22.500011473.8369   18.4141
    7.5000  -45.0000   22.500010783.9521   18.4006
   -7.5000  -37.5000   22.500011740.6904   18.4357
    0.0000  -37.5000   22.500012136.0430   18.4472
    7.5000  -37.5000   22.500011412.9111   18.4289
   -7.5000  -30.0000   22.500012817.9248   18.4820
    0.0000  -30.0000   22.500013257.7129   18.4934
    7.5000  -30.0000   22.500012435.0391   18.4698
   -7.5000  -22.5000   22.500014016.8291   18.4936
    0.0000  -22.5000   22.500014467.2949   18.5072
    7.5000  -22.5000   22.500013393.1963   18.4810
   -7.5000  -15.0000   22.500015092.9609   18.4625
    0.0000  -15.0000   22.500015553.3525   18.4794
    7.5000  -15.0000   22.500014258.9082   18.4563
   -7.5000   -7.5000   22.500015877.7539   18.4141
    0.0000   -7.5000   22.500016370.5186   18.4325
    7.5000   -7.5000   22.500015114.1426   18.4167
   -7.5000    0.0000   22.500016534.5410   18.3989
    0.0000    0.0000   22.500017005.4902   18.4141
    7.5000    0.0000   22.500015797.9336   18.4006
   -7.5000    7.5000   22.500015978.4863   18.4357
    0.0000    7.5000   22.500016367.8350   18.4472
    7.5000    7.5000   22.500015193.1348   18.4289
   -7.5000   15.0000   22.500014963.2588   18.4820
    0.0000   15.0000   22.500015356.0371   18.4934
    7.5000   15.0000   22.500014277.7773   18.4698
   -7.5000   22.5000   22.500013721.4893   18.4851
    0.0000   22.5000   22.500014121.7158   18.4986
    7.5000   22.5000   22.500013133.8555   18.4725
   -7.5000   30.0000   22.500012451.9854   18.2236
    0.0000   30.0000   22.500012839.7461   18.2402
    7.5000   30.0000   22.500011947.2715   18.2174
   -7.5000   37.5000   22.500011705.8916   18.1758
    0.0000   37.5000   22.500012051.3213   18.1939
    7.5000   37.5000   22.500011240.5117   18.1783
   -7.5000   45.0000   22.500010568.9131   17.7344
    0.0000   45.0000   22.500010875.4326   17.7491
    7.5000   45.0000   22.500010196.5459   17.7360
   -7.5000  -45.0000   30.000010498.6279   18.4494
    0.0000  -45.0000   30.000010858.5303   18.4672
    7.5000  -45.0000   30.000010213.8926   18.4550
   -7.5000  -37.5000   30.000011088.6807   18.4813
    0.0000  -37.5000   30.000011469.0879   18.4951
    7.5000  -37.5000   30.000010795.0840   18.4823
   -7.5000  -30.0000   30.000012069.8574   18.5214
    0.0000  -30.0000   30.000012498.0020   18.5342
    7.5000  -30.0000   30.000011754.9385   18.5192
   -7.5000  -22.5000   30.000013128.9746   18.5306
    0.0000  -22.5000   30.000013596.1387   18.5453
    7.5000  -22.5000   30.000012655.2852   18.5267
   -7.5000  -15.0000   30.000013977.1729   18.5052
    0.0000  -15.0000   30.000014484.1074   18.5234
    7.5000  -15.0000   30.000013485.1895   18.5034
   -7.5000   -7.5000   30.000014632.4980   18.4640
    0.0000   -7.5000   30.000015158.2568   18.4843
    7.5000   -7.5000   30.000014260.0078   18.4684
   -7.5000    0.0000   30.000015334.4326   18.4494
    0.0000    0.0000   30.000015857.6074   18.4672
    7.5000    0.0000   30.000014917.1768   18.4550
   -7.5000    7.5000   30.000014943.0830   18.4813
    0.0000    7.5000   30.000015359.2168   18.4951
    7.5000    7.5000   30.000014394.2744   18.4823
   -7.5000   15.0000   30.000014073.0771   18.5214
    0.0000   15.0000   30.000014490.7002   18.5342
    7.5000   15.0000   30.000013578.9883   18.5192
   -7.5000   22.5000   30.000012952.2236   18.5221
    0.0000   22.5000   30.000013354.4131   18.5368
    7.5000   22.5000   30.000012505.2207   18.5182
   -7.5000   30.0000   30.000011757.5645   18.2657
    0.0000   30.0000   30.000012152.7227   18.2836
    7.5000   30.0000   30.000011356.1494   18.2640
   -7.5000   37.5000   30.000011051.0430   18.2250
    0.0000   37.5000   30.000011397.4580   18.2451
    7.5000   37.5000   30.000010650.6436   18.2293
   -7.5000   45.0000   30.0000 9942.9014   17.7831
    0.0000   45.0000   30.000010262.1865   17.8002
    7.5000   45.0000   30.0000 9652.6846   17.7885
   -7.5000  -45.0000   37.500010171.5332   18.5967
    0.0000  -45.0000   37.500010534.4824   18.6202
    7.5000  -45.0000   37.5000 9940.5840   18.6083
   -7.5000  -37.5000   37.500010752.3047   18.6300
    0.0000  -37.5000   37.500011124.7988   18.6491
    7.5000  -37.5000   37.500010517.9619   18.6362
   -7.5000  -30.0000   37.500011741.5322   18.6729
    0.0000  -30.0000   37.500012147.5801   18.6888
    7.5000  -30.0000   37.500011458.8271   18.6729
   -7.5000  -22.5000   37.500012700.5381   18.6823
    0.0000  -22.5000   37.500013157.5967   18.6985
    7.5000  -22.5000   37.500012341.2949   18.6788
   -7.5000  -15.0000   37.500013424.5410   18.6559
    0.0000  -15.0000   37.500013902.5596   18.6762
    7.5000  -15.0000   37.500013125.3975   18.6557
   -7.5000   -7.5000   37.500014068.5967   18.6131
    0.0000   -7.5000   37.500014575.5039   18.6377
    7.5000   -7.5000   37.500013838.9385   18.6217
   -7.5000    0.0000   37.500014806.3340   18.5967
    0.0000    0.0000   37.500015312.1387   18.6202
    7.5000    0.0000   37.500014484.7793   18.6083
   -7.5000    7.5000   37.500014423.5391   18.6300
    0.0000    7.5000   37.500014887.0195   18.6491
    7.5000    7.5000   37.500014023.4170   18.6362
   -7.5000   15.0000   37.500013649.1943   18.6729
    0.0000   15.0000   37.500014091.7168   18.6888
    7.5000   15.0000   37.500013250.9795   18.6729
   -7.5000   22.5000   37.500012586.4570   18.6737
    0.0000   22.5000   37.500012980.7539   18.6899
    7.5000   22.5000   37.500012195.4287   18.6702
   -7.5000   30.0000   37.500011414.3896   18.4145
    0.0000   30.0000   37.500011799.9268   18.4345
    7.5000   30.0000   37.500011092.0195   18.4142
   -7.5000   37.5000   37.500010699.0625   18.3722
    0.0000   37.5000   37.500011064.4756   18.3965
    7.5000   37.5000   37.500010408.2803   18.3807
   -7.5000   45.0000   37.5000 9592.4297   17.9250
    0.0000   45.0000   37.5000 9918.9492   17.9477
    7.5000   45.0000   37.5000 9398.5000   17.9362
   -7.5000  -45.0000   45.0000 9380.2549   18.7078
    0.0000  -45.0000   45.0000 9711.3438   18.7338
    7.5000  -45.0000   45.0000 9201.1543   18.7177
   -7.5000  -37.5000   45.0000 9933.5176   18.7459
    0.0000  -37.5000   45.000010277.4668   18.7674
    7.5000  -37.5000   45.0000 9731.7061   18.7467
   -7.5000  -30.0000   45.000010875.6934   18.7970
    0.0000  -30.0000   45.000011243.8311   18.8147
    7.5000  -30.0000   45.000010611.8604   18.7878
   -7.5000  -22.5000   45.000011707.0703   18.8099
    0.0000  -22.5000   45.000012133.4512   18.8269
    7.5000  -22.5000   45.000011440.8301   18.7965
   -7.5000  -15.0000   45.000012304.7227   18.7785
    0.0000  -15.0000   45.000012749.6104   18.7999
    7.5000  -15.0000   45.000012117.7900   18.7726
   -7.5000   -7.5000   45.000012913.4834   18.7275
    0.0000   -7.5000   45.000013377.8779   18.7540
    7.5000   -7.5000   45.000012744.0752   18.7347
   -7.5000    0.0000   45.000013578.3291   18.7078
    0.0000    0.0000   45.000014054.7666   18.7338
    7.5000    0.0000   45.000013358.9766   18.7177
   -7.5000    7.5000   45.000013238.7578   18.7459
    0.0000    7.5000   45.000013708.5879   18.7674
    7.5000    7.5000   45.000012970.5293   18.7467
   -7.5000   15.0000   45.000012584.8965   18.7970
    0.0000   15.0000   45.000013009.8184   18.8147
    7.5000   15.0000   45.000012283.5498   18.7878
   -7.5000   22.5000   45.000011601.1250   18.8011
    0.0000   22.5000   45.000011980.8086   18.8181
    7.5000   22.5000   45.000011298.8584   18.7878
   -7.5000   30.0000   45.000010547.9424   18.5338
    0.0000   30.0000   45.000010902.9756   18.5550
    7.5000   30.0000   45.000010268.5137   18.5280
   -7.5000   37.5000   45.0000 9880.0371   18.4835
    0.0000   37.5000   45.000010227.7549   18.5097
    7.5000   37.5000   45.0000 9649.5312   18.4907
   -7.5000   45.0000   45.0000 8818.6318   18.0403
    0.0000   45.0000   45.0000 9146.0186   18.0654
    7.5000   45.0000   45.0000 8674.1846   18.0498

---------------------------------------------------------------------
imgreg_4dfp /opt/freesurfer/average/711-2C_as_mni_average_305 /opt/freesurfer/average/711-2B_as_mni_average_305_mask talsrcimg_g11 none talsrcimg_to_711-2C_as_mni_average_305_t4 4355
---------------------------------------------------------------------

freesurfer imgreg_4dfp.c
/opt/freesurfer/average/711-2C_as_mni_average_305.4dfp.img
       256       256       256         1
  1.000000  1.000000  1.000000
orientation T byte_order littleendian
Reading image: /opt/freesurfer/average/711-2C_as_mni_average_305.4dfp.img
dimensions:      256       256       256
mmppix:       1.0000   -1.0000   -1.0000
center:     128.0000 -129.0000 -129.0000
/opt/freesurfer/average/711-2B_as_mni_average_305_mask.4dfp.img
       256       256       256         1
  1.000000  1.000000  1.000000
orientation T byte_order littleendian
Reading mask: /opt/freesurfer/average/711-2B_as_mni_average_305_mask.4dfp.img (2306576 pixels)
talsrcimg_g11.4dfp.img
       256       256       256         1
  1.000000  1.000000  1.000000
orientation T byte_order littleendian
Reading image: talsrcimg_g11.4dfp.img
dimensions:      256       256       256
mmppix:       1.0000   -1.0000   -1.0000
center:     128.0000 -129.0000 -129.0000
rotation matrix determinant  1.000000
image alignment mode   4355 decimal     1103 hex
   -7.5000  -45.0000  -45.0000 2100.9443   20.8266
    0.0000  -45.0000  -45.0000 2104.1255   20.9123
    7.5000  -45.0000  -45.0000 2092.5481   21.1363
   -7.5000  -37.5000  -45.0000 2183.1001   19.3301
    0.0000  -37.5000  -45.0000 2185.1396   19.3792
    7.5000  -37.5000  -45.0000 2173.2783   19.6120
   -7.5000  -30.0000  -45.0000 2237.4963   18.2737
    0.0000  -30.0000  -45.0000 2242.4324   18.2956
    7.5000  -30.0000  -45.0000 2229.5642   18.5023
   -7.5000  -22.5000  -45.0000 2276.5154   17.5448
    0.0000  -22.5000  -45.0000 2283.3889   17.5061
    7.5000  -22.5000  -45.0000 2267.5522   17.7152
   -7.5000  -15.0000  -45.0000 2295.9282   17.1127
    0.0000  -15.0000  -45.0000 2306.5249   17.0851
    7.5000  -15.0000  -45.0000 2286.7837   17.3252
   -7.5000   -7.5000  -45.0000 2301.5603   17.1416
    0.0000   -7.5000  -45.0000 2311.5457   17.1227
    7.5000   -7.5000  -45.0000 2289.2014   17.3719
   -7.5000    0.0000  -45.0000 2286.4585   17.5299
    0.0000    0.0000  -45.0000 2295.4199   17.5640
    7.5000    0.0000  -45.0000 2271.4290   17.8111
   -7.5000    7.5000  -45.0000 2251.6716   18.3162
    0.0000    7.5000  -45.0000 2259.8547   18.3270
    7.5000    7.5000  -45.0000 2233.7671   18.6014
   -7.5000   15.0000  -45.0000 2192.5229   19.4559
    0.0000   15.0000  -45.0000 2199.1179   19.4596
    7.5000   15.0000  -45.0000 2176.0640   19.7341
   -7.5000   22.5000  -45.0000 2117.5925   20.9319
    0.0000   22.5000  -45.0000 2124.1643   20.9207
    7.5000   22.5000  -45.0000 2096.6497   21.2232
   -7.5000   30.0000  -45.0000 2024.0785   22.7734
    0.0000   30.0000  -45.0000 2026.8813   22.8169
    7.5000   30.0000  -45.0000 1997.7368   23.2106
   -7.5000   37.5000  -45.0000 1915.7496   25.2995
    0.0000   37.5000  -45.0000 1920.2506   25.3324
    7.5000   37.5000  -45.0000 1896.4282   25.8393
   -7.5000   45.0000  -45.0000 1800.6531   28.8115
    0.0000   45.0000  -45.0000 1802.1681   28.7819
    7.5000   45.0000  -45.0000 1780.3961   29.3768
   -7.5000  -45.0000  -37.5000 2199.6421   19.1282
    0.0000  -45.0000  -37.5000 2200.1133   19.2243
    7.5000  -45.0000  -37.5000 2184.9204   19.4001
   -7.5000  -37.5000  -37.5000 2288.9492   17.7335
    0.0000  -37.5000  -37.5000 2290.1372   17.8111
    7.5000  -37.5000  -37.5000 2270.8831   17.9971
   -7.5000  -30.0000  -37.5000 2349.8530   16.7668
    0.0000  -30.0000  -37.5000 2351.5430   16.8164
    7.5000  -30.0000  -37.5000 2323.1194   17.0089
   -7.5000  -22.5000  -37.5000 2384.0713   16.0988
    0.0000  -22.5000  -37.5000 2389.3936   16.1126
    7.5000  -22.5000  -37.5000 2361.6125   16.2978
   -7.5000  -15.0000  -37.5000 2402.7761   15.7045
    0.0000  -15.0000  -37.5000 2408.9263   15.6871
    7.5000  -15.0000  -37.5000 2383.7424   15.9167
   -7.5000   -7.5000  -37.5000 2409.8413   15.6821
    0.0000   -7.5000  -37.5000 2416.5154   15.6553
    7.5000   -7.5000  -37.5000 2389.4253   15.8899
   -7.5000    0.0000  -37.5000 2394.3499   15.9854
    0.0000    0.0000  -37.5000 2403.8293   16.0086
    7.5000    0.0000  -37.5000 2374.3298   16.2313
   -7.5000    7.5000  -37.5000 2358.4539   16.7483
    0.0000    7.5000  -37.5000 2368.6028   16.7505
    7.5000    7.5000  -37.5000 2338.2727   16.9760
   -7.5000   15.0000  -37.5000 2301.1335   17.7775
    0.0000   15.0000  -37.5000 2307.5986   17.8102
    7.5000   15.0000  -37.5000 2277.9062   18.0426
   -7.5000   22.5000  -37.5000 2215.2905   19.1252
    0.0000   22.5000  -37.5000 2223.4817   19.1625
    7.5000   22.5000  -37.5000 2190.2163   19.4168
   -7.5000   30.0000  -37.5000 2115.7290   20.7559
    0.0000   30.0000  -37.5000 2119.5811   20.8542
    7.5000   30.0000  -37.5000 2087.4092   21.2155
   -7.5000   37.5000  -37.5000 2004.2491   23.0273
    0.0000   37.5000  -37.5000 2008.5769   23.1156
    7.5000   37.5000  -37.5000 1981.8492   23.5483
   -7.5000   45.0000  -37.5000 1884.0803   26.0893
    0.0000   45.0000  -37.5000 1887.0446   26.1536
    7.5000   45.0000  -37.5000 1860.2850   26.6648
   -7.5000  -45.0000  -30.0000 2332.6626   18.3173
    0.0000  -45.0000  -30.0000 2336.1067   18.3735
    7.5000  -45.0000  -30.0000 2317.2012   18.5233
   -7.5000  -37.5000  -30.0000 2432.5347   16.9558
    0.0000  -37.5000  -30.0000 2435.5830   17.0056
    7.5000  -37.5000  -30.0000 2409.1355   17.1498
   -7.5000  -30.0000  -30.0000 2501.6157   15.9911
    0.0000  -30.0000  -30.0000 2501.0847   16.0405
    7.5000  -30.0000  -30.0000 2466.5220   16.1916
   -7.5000  -22.5000  -30.0000 2536.6604   15.3282
    0.0000  -22.5000  -30.0000 2539.6653   15.3791
    7.5000  -22.5000  -30.0000 2505.0095   15.5599
   -7.5000  -15.0000  -30.0000 2557.5542   14.9665
    0.0000  -15.0000  -30.0000 2561.7524   15.0092
    7.5000  -15.0000  -30.0000 2530.1030   15.2197
   -7.5000   -7.5000  -30.0000 2561.9336   14.9338
    0.0000   -7.5000  -30.0000 2565.7117   14.9483
    7.5000   -7.5000  -30.0000 2537.7473   15.1606
   -7.5000    0.0000  -30.0000 2545.7473   15.2084
    0.0000    0.0000  -30.0000 2554.9443   15.2354
    7.5000    0.0000  -30.0000 2522.2932   15.4596
   -7.5000    7.5000  -30.0000 2504.9290   15.8694
    0.0000    7.5000  -30.0000 2514.2119   15.8973
    7.5000    7.5000  -30.0000 2484.1565   16.1419
   -7.5000   15.0000  -30.0000 2445.0142   16.8382
    0.0000   15.0000  -30.0000 2454.3860   16.8909
    7.5000   15.0000  -30.0000 2418.2751   17.1242
   -7.5000   22.5000  -30.0000 2356.7183   18.0831
    0.0000   22.5000  -30.0000 2364.2859   18.1615
    7.5000   22.5000  -30.0000 2326.5706   18.4393
   -7.5000   30.0000  -30.0000 2245.0630   19.6756
    0.0000   30.0000  -30.0000 2253.3894   19.8015
    7.5000   30.0000  -30.0000 2217.0974   20.1022
   -7.5000   37.5000  -30.0000 2127.3057   21.7578
    0.0000   37.5000  -30.0000 2132.1592   21.8949
    7.5000   37.5000  -30.0000 2095.9863   22.2276
   -7.5000   45.0000  -30.0000 1999.2083   24.5988
    0.0000   45.0000  -30.0000 2006.0530   24.6959
    7.5000   45.0000  -30.0000 1971.7228   25.1156
   -7.5000  -45.0000  -22.5000 2437.6699   17.4630
    0.0000  -45.0000  -22.5000 2441.5776   17.4783
    7.5000  -45.0000  -22.5000 2413.7886   17.6328
   -7.5000  -37.5000  -22.5000 2537.4551   16.1273
    0.0000  -37.5000  -22.5000 2545.4727   16.1436
    7.5000  -37.5000  -22.5000 2512.6243   16.2919
   -7.5000  -30.0000  -22.5000 2612.4170   15.1611
    0.0000  -30.0000  -22.5000 2617.7131   15.1927
    7.5000  -30.0000  -22.5000 2581.1323   15.3333
   -7.5000  -22.5000  -22.5000 2653.4946   14.5029
    0.0000  -22.5000  -22.5000 2659.5310   14.5442
    7.5000  -22.5000  -22.5000 2626.1931   14.7360
   -7.5000  -15.0000  -22.5000 2685.3416   14.1590
    0.0000  -15.0000  -22.5000 2687.8958   14.1944
    7.5000  -15.0000  -22.5000 2654.9807   14.3912
   -7.5000   -7.5000  -22.5000 2693.0981   14.1306
    0.0000   -7.5000  -22.5000 2692.3052   14.1723
    7.5000   -7.5000  -22.5000 2660.1191   14.3527
   -7.5000    0.0000  -22.5000 2671.4951   14.3779
    0.0000    0.0000  -22.5000 2676.9094   14.4374
    7.5000    0.0000  -22.5000 2643.6960   14.6355
   -7.5000    7.5000  -22.5000 2626.7725   14.9690
    0.0000    7.5000  -22.5000 2636.4932   14.9860
    7.5000    7.5000  -22.5000 2604.0139   15.2356
   -7.5000   15.0000  -22.5000 2561.1760   15.8794
    0.0000   15.0000  -22.5000 2569.0151   15.9030
    7.5000   15.0000  -22.5000 2536.7771   16.1831
   -7.5000   22.5000  -22.5000 2470.3721   17.0497
    0.0000   22.5000  -22.5000 2477.4651   17.0800
    7.5000   22.5000  -22.5000 2441.7212   17.3579
   -7.5000   30.0000  -22.5000 2356.0354   18.5306
    0.0000   30.0000  -22.5000 2360.8845   18.6218
    7.5000   30.0000  -22.5000 2325.4163   18.9330
   -7.5000   37.5000  -22.5000 2226.7588   20.4499
    0.0000   37.5000  -22.5000 2229.0767   20.5659
    7.5000   37.5000  -22.5000 2198.9775   20.8834
   -7.5000   45.0000  -22.5000 2087.1333   23.0539
    0.0000   45.0000  -22.5000 2094.3660   23.1749
    7.5000   45.0000  -22.5000 2063.4290   23.5312
   -7.5000  -45.0000  -15.0000 2501.8618   16.6789
    0.0000  -45.0000  -15.0000 2509.8054   16.6551
    7.5000  -45.0000  -15.0000 2479.0496   16.8300
   -7.5000  -37.5000  -15.0000 2605.5466   15.3210
    0.0000  -37.5000  -15.0000 2612.0989   15.3250
    7.5000  -37.5000  -15.0000 2576.6033   15.5044
   -7.5000  -30.0000  -15.0000 2685.4998   14.3578
    0.0000  -30.0000  -15.0000 2692.3787   14.3600
    7.5000  -30.0000  -15.0000 2657.4033   14.5461
   -7.5000  -22.5000  -15.0000 2736.8196   13.6917
    0.0000  -22.5000  -15.0000 2748.9192   13.7149
    7.5000  -22.5000  -15.0000 2713.1870   13.9023
   -7.5000  -15.0000  -15.0000 2778.7791   13.3133
    0.0000  -15.0000  -15.0000 2784.3796   13.3499
    7.5000  -15.0000  -15.0000 2745.5813   13.5279
   -7.5000   -7.5000  -15.0000 2793.5540   13.3087
    0.0000   -7.5000  -15.0000 2794.8262   13.3591
    7.5000   -7.5000  -15.0000 2753.9404   13.5547
   -7.5000    0.0000  -15.0000 2777.0659   13.5662
    0.0000    0.0000  -15.0000 2777.7388   13.6335
    7.5000    0.0000  -15.0000 2744.1760   13.8384
   -7.5000    7.5000  -15.0000 2729.0452   14.1411
    0.0000    7.5000  -15.0000 2732.9360   14.1439
    7.5000    7.5000  -15.0000 2701.6743   14.4118
   -7.5000   15.0000  -15.0000 2656.7952   15.0053
    0.0000   15.0000  -15.0000 2662.8848   14.9797
    7.5000   15.0000  -15.0000 2628.5964   15.2787
   -7.5000   22.5000  -15.0000 2559.9502   16.0924
    0.0000   22.5000  -15.0000 2562.9993   16.0882
    7.5000   22.5000  -15.0000 2530.4377   16.3684
   -7.5000   30.0000  -15.0000 2438.9753   17.4610
    0.0000   30.0000  -15.0000 2442.7034   17.5121
    7.5000   30.0000  -15.0000 2409.7007   17.8288
   -7.5000   37.5000  -15.0000 2306.9062   19.3026
    0.0000   37.5000  -15.0000 2308.4678   19.3563
    7.5000   37.5000  -15.0000 2274.2700   19.7061
   -7.5000   45.0000  -15.0000 2157.4307   21.6887
    0.0000   45.0000  -15.0000 2161.2083   21.8070
    7.5000   45.0000  -15.0000 2133.1533   22.1919
   -7.5000  -45.0000   -7.5000 2543.2166   15.9424
    0.0000  -45.0000   -7.5000 2545.8408   15.9004
    7.5000  -45.0000   -7.5000 2514.4211   16.1202
   -7.5000  -37.5000   -7.5000 2651.8364   14.6211
    0.0000  -37.5000   -7.5000 2655.3574   14.5747
    7.5000  -37.5000   -7.5000 2618.5840   14.7890
   -7.5000  -30.0000   -7.5000 2739.6526   13.6604
    0.0000  -30.0000   -7.5000 2744.1147   13.6081
    7.5000  -30.0000   -7.5000 2709.3010   13.8264
   -7.5000  -22.5000   -7.5000 2799.0417   12.9608
    0.0000  -22.5000   -7.5000 2811.4897   12.9560
    7.5000  -22.5000   -7.5000 2773.0586   13.1764
   -7.5000  -15.0000   -7.5000 2847.0544   12.5196
    0.0000  -15.0000   -7.5000 2853.8987   12.5219
    7.5000  -15.0000   -7.5000 2809.9358   12.7569
   -7.5000   -7.5000   -7.5000 2876.3101   12.4782
    0.0000   -7.5000   -7.5000 2875.9636   12.5010
    7.5000   -7.5000   -7.5000 2833.4624   12.7413
   -7.5000    0.0000   -7.5000 2862.5251   12.7820
    0.0000    0.0000   -7.5000 2860.8789   12.8085
    7.5000    0.0000   -7.5000 2823.5972   13.0779
   -7.5000    7.5000   -7.5000 2810.9519   13.3897
    0.0000    7.5000   -7.5000 2814.4919   13.3688
    7.5000    7.5000   -7.5000 2781.9419   13.6476
   -7.5000   15.0000   -7.5000 2734.0432   14.1912
    0.0000   15.0000   -7.5000 2739.4419   14.1749
    7.5000   15.0000   -7.5000 2699.9089   14.4584
   -7.5000   22.5000   -7.5000 2632.1831   15.2040
    0.0000   22.5000   -7.5000 2634.5864   15.1992
    7.5000   22.5000   -7.5000 2593.3306   15.5292
   -7.5000   30.0000   -7.5000 2506.4890   16.5000
    0.0000   30.0000   -7.5000 2513.5906   16.5339
    7.5000   30.0000   -7.5000 2471.7507   16.8777
   -7.5000   37.5000   -7.5000 2371.5566   18.2171
    0.0000   37.5000   -7.5000 2378.5046   18.2800
    7.5000   37.5000   -7.5000 2337.9275   18.6367
   -7.5000   45.0000   -7.5000 2216.8074   20.4823
    0.0000   45.0000   -7.5000 2219.4614   20.6015
    7.5000   45.0000   -7.5000 2185.4712   20.9646
   -7.5000  -45.0000    0.0000 2560.6501   15.4020
    0.0000  -45.0000    0.0000 2565.4766   15.3316
    7.5000  -45.0000    0.0000 2535.6697   15.5860
   -7.5000  -37.5000    0.0000 2673.1045   14.0801
    0.0000  -37.5000    0.0000 2679.6938   14.0329
    7.5000  -37.5000    0.0000 2644.9299   14.2540
   -7.5000  -30.0000    0.0000 2764.1309   13.1212
    0.0000  -30.0000    0.0000 2778.3225   13.0643
    7.5000  -30.0000    0.0000 2740.5815   13.2970
   -7.5000  -22.5000    0.0000 2839.2961   12.4081
    0.0000  -22.5000    0.0000 2855.2627   12.3819
    7.5000  -22.5000    0.0000 2812.7615   12.5979
   -7.5000  -15.0000    0.0000 2895.6577   11.9230
    0.0000  -15.0000    0.0000 2908.6643   11.9078
    7.5000  -15.0000    0.0000 2860.6458   12.1790
   -7.5000   -7.5000    0.0000 2935.1316   11.7940
    0.0000   -7.5000    0.0000 2935.3049   11.8015
    7.5000   -7.5000    0.0000 2884.1738   12.1563
   -7.5000    0.0000    0.0000 2924.8672   12.1523
    0.0000    0.0000    0.0000 2922.2961   12.1405
    7.5000    0.0000    0.0000 2880.9907   12.4810
   -7.5000    7.5000    0.0000 2873.9358   12.7600
    0.0000    7.5000    0.0000 2881.1733   12.7450
    7.5000    7.5000    0.0000 2833.9153   13.0464
   -7.5000   15.0000    0.0000 2793.1992   13.5457
    0.0000   15.0000    0.0000 2796.6345   13.5164
    7.5000   15.0000    0.0000 2753.6404   13.8331
   -7.5000   22.5000    0.0000 2684.7129   14.5112
    0.0000   22.5000    0.0000 2687.8894   14.5193
    7.5000   22.5000    0.0000 2646.5549   14.8553
   -7.5000   30.0000    0.0000 2558.9976   15.7950
    0.0000   30.0000    0.0000 2564.9817   15.8228
    7.5000   30.0000    0.0000 2521.1985   16.1820
   -7.5000   37.5000    0.0000 2420.5735   17.4249
    0.0000   37.5000    0.0000 2424.1289   17.4951
    7.5000   37.5000    0.0000 2382.1006   17.8966
   -7.5000   45.0000    0.0000 2262.6497   19.6088
    0.0000   45.0000    0.0000 2265.3018   19.7226
    7.5000   45.0000    0.0000 2226.9771   20.1324
   -7.5000  -45.0000    7.5000 2559.0156   15.0209
    0.0000  -45.0000    7.5000 2564.1260   14.9314
    7.5000  -45.0000    7.5000 2538.1118   15.2596
   -7.5000  -37.5000    7.5000 2674.9714   13.7124
    0.0000  -37.5000    7.5000 2684.5625   13.6535
    7.5000  -37.5000    7.5000 2653.0981   13.9374
   -7.5000  -30.0000    7.5000 2778.3599   12.7389
    0.0000  -30.0000    7.5000 2792.5115   12.6898
    7.5000  -30.0000    7.5000 2758.8210   12.9791
   -7.5000  -22.5000    7.5000 2872.9849   12.0627
    0.0000  -22.5000    7.5000 2885.2551   12.0022
    7.5000  -22.5000    7.5000 2844.5183   12.2374
   -7.5000  -15.0000    7.5000 2940.4653   11.6313
    0.0000  -15.0000    7.5000 2954.5002   11.5792
    7.5000  -15.0000    7.5000 2900.3865   11.8293
   -7.5000   -7.5000    7.5000 2987.8782   11.4398
    0.0000   -7.5000    7.5000 2986.5581   11.4326
    7.5000   -7.5000    7.5000 2929.5378   11.8017
   -7.5000    0.0000    7.5000 2977.6655   11.7324
    0.0000    0.0000    7.5000 2969.9485   11.7318
    7.5000    0.0000    7.5000 2914.5569   12.0700
   -7.5000    7.5000    7.5000 2918.4639   12.2958
    0.0000    7.5000    7.5000 2919.0703   12.3003
    7.5000    7.5000    7.5000 2866.3596   12.5967
   -7.5000   15.0000    7.5000 2834.5396   13.0414
    0.0000   15.0000    7.5000 2837.9412   13.0377
    7.5000   15.0000    7.5000 2791.0391   13.3309
   -7.5000   22.5000    7.5000 2722.5764   14.0191
    0.0000   22.5000    7.5000 2727.0981   14.0395
    7.5000   22.5000    7.5000 2684.4314   14.3315
   -7.5000   30.0000    7.5000 2594.5271   15.3329
    0.0000   30.0000    7.5000 2594.6892   15.3766
    7.5000   30.0000    7.5000 2550.4683   15.6993
   -7.5000   37.5000    7.5000 2453.2808   16.9642
    0.0000   37.5000    7.5000 2455.3538   17.0591
    7.5000   37.5000    7.5000 2415.7534   17.4084
   -7.5000   45.0000    7.5000 2291.1367   19.0862
    0.0000   45.0000    7.5000 2291.7478   19.2092
    7.5000   45.0000    7.5000 2257.7139   19.5800
   -7.5000  -45.0000   15.0000 2538.1365   14.8363
    0.0000  -45.0000   15.0000 2547.5818   14.7757
    7.5000  -45.0000   15.0000 2524.1765   15.1786
   -7.5000  -37.5000   15.0000 2658.3118   13.5349
    0.0000  -37.5000   15.0000 2667.7104   13.4936
    7.5000  -37.5000   15.0000 2643.2554   13.8483
   -7.5000  -30.0000   15.0000 2769.3381   12.5490
    0.0000  -30.0000   15.0000 2779.1912   12.5443
    7.5000  -30.0000   15.0000 2753.5574   12.8661
   -7.5000  -22.5000   15.0000 2876.9644   11.8982
    0.0000  -22.5000   15.0000 2886.4583   11.8946
    7.5000  -22.5000   15.0000 2848.5010   12.1496
   -7.5000  -15.0000   15.0000 2964.5413   11.5420
    0.0000  -15.0000   15.0000 2972.6096   11.5370
    7.5000  -15.0000   15.0000 2909.8743   11.7044
   -7.5000   -7.5000   15.0000 3025.4639   11.4026
    0.0000   -7.5000   15.0000 3022.5427   11.4197
    7.5000   -7.5000   15.0000 2949.6116   11.6364
   -7.5000    0.0000   15.0000 3012.6997   11.5654
    0.0000    0.0000   15.0000 3001.7034   11.5926
    7.5000    0.0000   15.0000 2937.6963   11.8507
   -7.5000    7.5000   15.0000 2952.5278   12.0009
    0.0000    7.5000   15.0000 2940.7893   12.0390
    7.5000    7.5000   15.0000 2889.5239   12.3294
   -7.5000   15.0000   15.0000 2853.7393   12.7266
    0.0000   15.0000   15.0000 2853.4360   12.7349
    7.5000   15.0000   15.0000 2805.0933   13.0656
   -7.5000   22.5000   15.0000 2740.9307   13.7539
    0.0000   22.5000   15.0000 2740.2737   13.7719
    7.5000   22.5000   15.0000 2694.9194   14.0919
   -7.5000   30.0000   15.0000 2607.0203   15.0945
    0.0000   30.0000   15.0000 2606.0493   15.1464
    7.5000   30.0000   15.0000 2563.8489   15.4577
   -7.5000   37.5000   15.0000 2461.1577   16.7381
    0.0000   37.5000   15.0000 2463.1719   16.8144
    7.5000   37.5000   15.0000 2423.5886   17.1631
   -7.5000   45.0000   15.0000 2302.8979   18.7905
    0.0000   45.0000   15.0000 2303.0630   18.9239
    7.5000   45.0000   15.0000 2266.0825   19.2903
   -7.5000  -45.0000   22.5000 2513.7476   14.9471
    0.0000  -45.0000   22.5000 2525.3081   14.9344
    7.5000  -45.0000   22.5000 2505.2107   15.3825
   -7.5000  -37.5000   22.5000 2632.6133   13.6382
    0.0000  -37.5000   22.5000 2640.3247   13.6618
    7.5000  -37.5000   22.5000 2618.9688   14.0401
   -7.5000  -30.0000   22.5000 2748.6777   12.6573
    0.0000  -30.0000   22.5000 2752.8650   12.7047
    7.5000  -30.0000   22.5000 2727.0061   13.0314
   -7.5000  -22.5000   22.5000 2869.6973   11.9808
    0.0000  -22.5000   22.5000 2869.6919   12.0238
    7.5000  -22.5000   22.5000 2832.7654   12.2887
   -7.5000  -15.0000   22.5000 2970.9905   11.5757
    0.0000  -15.0000   22.5000 2972.3267   11.6080
    7.5000  -15.0000   22.5000 2903.1035   11.8325
   -7.5000   -7.5000   22.5000 3032.6628   11.3886
    0.0000   -7.5000   22.5000 3023.1189   11.4519
    7.5000   -7.5000   22.5000 2943.6660   11.6965
   -7.5000    0.0000   22.5000 3013.7319   11.5342
    0.0000    0.0000   22.5000 3003.3762   11.6002
    7.5000    0.0000   22.5000 2934.7439   11.8889
   -7.5000    7.5000   22.5000 2956.3242   12.0034
    0.0000    7.5000   22.5000 2942.5168   12.0612
    7.5000    7.5000   22.5000 2879.6479   12.3566
   -7.5000   15.0000   22.5000 2847.1643   12.7934
    0.0000   15.0000   22.5000 2844.3035   12.7897
    7.5000   15.0000   22.5000 2794.5930   13.0890
   -7.5000   22.5000   22.5000 2733.1111   13.7996
    0.0000   22.5000   22.5000 2731.8674   13.7893
    7.5000   22.5000   22.5000 2685.2695   14.0776
   -7.5000   30.0000   22.5000 2603.9817   15.0970
    0.0000   30.0000   22.5000 2600.4451   15.1130
    7.5000   30.0000   22.5000 2557.8401   15.3927
   -7.5000   37.5000   22.5000 2459.5764   16.6942
    0.0000   37.5000   22.5000 2456.8923   16.7632
    7.5000   37.5000   22.5000 2415.2915   17.0596
   -7.5000   45.0000   22.5000 2296.1348   18.7503
    0.0000   45.0000   22.5000 2293.6829   18.8399
    7.5000   45.0000   22.5000 2259.4524   19.2127
   -7.5000  -45.0000   30.0000 2491.6108   15.2567
    0.0000  -45.0000   30.0000 2495.8279   15.3315
    7.5000  -45.0000   30.0000 2477.4524   15.8077
   -7.5000  -37.5000   30.0000 2608.6130   13.9267
    0.0000  -37.5000   30.0000 2612.9463   14.0078
    7.5000  -37.5000   30.0000 2590.1287   14.4282
   -7.5000  -30.0000   30.0000 2719.4863   12.9061
    0.0000  -30.0000   30.0000 2723.8083   12.9943
    7.5000  -30.0000   30.0000 2699.4417   13.3621
   -7.5000  -22.5000   30.0000 2836.7097   12.1956
    0.0000  -22.5000   30.0000 2840.2144   12.2711
    7.5000  -22.5000   30.0000 2800.3682   12.5731
   -7.5000  -15.0000   30.0000 2939.5859   11.7239
    0.0000  -15.0000   30.0000 2940.5771   11.8030
    7.5000  -15.0000   30.0000 2877.1838   12.0731
   -7.5000   -7.5000   30.0000 2991.4382   11.4637
    0.0000   -7.5000   30.0000 2983.7017   11.5846
    7.5000   -7.5000   30.0000 2918.1396   11.9235
   -7.5000    0.0000   30.0000 2979.0679   11.6189
    0.0000    0.0000   30.0000 2971.4810   11.7113
    7.5000    0.0000   30.0000 2906.4983   12.0826
   -7.5000    7.5000   30.0000 2930.3562   12.2165
    0.0000    7.5000   30.0000 2915.0315   12.2485
    7.5000    7.5000   30.0000 2852.6301   12.5707
   -7.5000   15.0000   30.0000 2818.8345   13.1167
    0.0000   15.0000   30.0000 2815.5479   13.1097
    7.5000   15.0000   30.0000 2768.2483   13.3608
   -7.5000   22.5000   30.0000 2698.4724   14.1488
    0.0000   22.5000   30.0000 2699.2266   14.1426
    7.5000   22.5000   30.0000 2657.4487   14.4270
   -7.5000   30.0000   30.0000 2573.4370   15.4237
    0.0000   30.0000   30.0000 2572.5312   15.4352
    7.5000   30.0000   30.0000 2530.5093   15.7069
   -7.5000   37.5000   30.0000 2435.3550   16.9746
    0.0000   37.5000   30.0000 2433.3081   17.0196
    7.5000   37.5000   30.0000 2388.7393   17.3081
   -7.5000   45.0000   30.0000 2272.6340   18.9617
    0.0000   45.0000   30.0000 2271.0942   19.0312
    7.5000   45.0000   30.0000 2238.6624   19.3504
   -7.5000  -45.0000   37.5000 2463.4429   15.7217
    0.0000  -45.0000   37.5000 2463.9097   15.8695
    7.5000  -45.0000   37.5000 2443.1880   16.4033
   -7.5000  -37.5000   37.5000 2581.4697   14.3712
    0.0000  -37.5000   37.5000 2579.6433   14.4835
    7.5000  -37.5000   37.5000 2556.7131   14.9804
   -7.5000  -30.0000   37.5000 2689.2979   13.3538
    0.0000  -30.0000   37.5000 2690.2446   13.4242
    7.5000  -30.0000   37.5000 2661.8455   13.8813
   -7.5000  -22.5000   37.5000 2798.6772   12.6344
    0.0000  -22.5000   37.5000 2802.1602   12.6925
    7.5000  -22.5000   37.5000 2760.7466   13.0535
   -7.5000  -15.0000   37.5000 2887.7661   12.1151
    0.0000  -15.0000   37.5000 2889.6030   12.2015
    7.5000  -15.0000   37.5000 2832.1912   12.5377
   -7.5000   -7.5000   37.5000 2923.7688   11.8407
    0.0000   -7.5000   37.5000 2923.7529   11.9640
    7.5000   -7.5000   37.5000 2868.4446   12.3655
   -7.5000    0.0000   37.5000 2916.8931   12.0534
    0.0000    0.0000   37.5000 2914.8457   12.1135
    7.5000    0.0000   37.5000 2855.9492   12.4868
   -7.5000    7.5000   37.5000 2869.4802   12.6513
    0.0000    7.5000   37.5000 2860.6064   12.6962
    7.5000    7.5000   37.5000 2806.6624   12.9929
   -7.5000   15.0000   37.5000 2768.2114   13.5456
    0.0000   15.0000   37.5000 2767.2371   13.5583
    7.5000   15.0000   37.5000 2719.0732   13.7962
   -7.5000   22.5000   37.5000 2652.6570   14.6143
    0.0000   22.5000   37.5000 2651.7002   14.6335
    7.5000   22.5000   37.5000 2611.2705   14.9044
   -7.5000   30.0000   37.5000 2526.5483   15.9217
    0.0000   30.0000   37.5000 2526.2344   15.9496
    7.5000   30.0000   37.5000 2487.9004   16.2268
   -7.5000   37.5000   37.5000 2393.3315   17.4625
    0.0000   37.5000   37.5000 2394.3088   17.5075
    7.5000   37.5000   37.5000 2353.2000   17.8228
   -7.5000   45.0000   37.5000 2230.1477   19.4099
    0.0000   45.0000   37.5000 2232.3494   19.4882
    7.5000   45.0000   37.5000 2204.6692   19.8221
   -7.5000  -45.0000   45.0000 2422.4773   16.3952
    0.0000  -45.0000   45.0000 2418.3328   16.5223
    7.5000  -45.0000   45.0000 2397.7117   17.1177
   -7.5000  -37.5000   45.0000 2541.6150   15.0064
    0.0000  -37.5000   45.0000 2535.8557   15.1059
    7.5000  -37.5000   45.0000 2507.4524   15.6537
   -7.5000  -30.0000   45.0000 2648.0637   13.9864
    0.0000  -30.0000   45.0000 2642.7297   14.0538
    7.5000  -30.0000   45.0000 2611.1560   14.5388
   -7.5000  -22.5000   45.0000 2747.1897   13.2505
    0.0000  -22.5000   45.0000 2748.2419   13.2985
    7.5000  -22.5000   45.0000 2703.7019   13.7226
   -7.5000  -15.0000   45.0000 2813.6582   12.6569
    0.0000  -15.0000   45.0000 2815.9880   12.7424
    7.5000  -15.0000   45.0000 2761.0259   13.1645
   -7.5000   -7.5000   45.0000 2842.5720   12.4463
    0.0000   -7.5000   45.0000 2842.7441   12.5282
    7.5000   -7.5000   45.0000 2794.2969   12.9533
   -7.5000    0.0000   45.0000 2834.0657   12.6493
    0.0000    0.0000   45.0000 2834.6926   12.7000
    7.5000    0.0000   45.0000 2788.4175   13.0498
   -7.5000    7.5000   45.0000 2785.5981   13.2560
    0.0000    7.5000   45.0000 2784.4109   13.3028
    7.5000    7.5000   45.0000 2740.0203   13.5940
   -7.5000   15.0000   45.0000 2700.1638   14.1528
    0.0000   15.0000   45.0000 2697.1455   14.1847
    7.5000   15.0000   45.0000 2654.4646   14.4368
   -7.5000   22.5000   45.0000 2590.2854   15.2328
    0.0000   22.5000   45.0000 2590.2974   15.2621
    7.5000   22.5000   45.0000 2552.6262   15.5348
   -7.5000   30.0000   45.0000 2474.1914   16.5450
    0.0000   30.0000   45.0000 2473.3911   16.5831
    7.5000   30.0000   45.0000 2436.4788   16.8653
   -7.5000   37.5000   45.0000 2335.1621   18.1221
    0.0000   37.5000   45.0000 2344.3503   18.1493
    7.5000   37.5000   45.0000 2308.0664   18.4661
   -7.5000   45.0000   45.0000 2173.7122   20.0683
    0.0000   45.0000   45.0000 2182.1584   20.1043
    7.5000   45.0000   45.0000 2157.4697   20.4985

---------------------------------------------------------------------
imgreg_4dfp /opt/freesurfer/average/711-2C_as_mni_average_305 /opt/freesurfer/average/711-2B_as_mni_average_305_mask talsrcimg_g11 none talsrcimg_to_711-2C_as_mni_average_305_t4 1283
---------------------------------------------------------------------

freesurfer imgreg_4dfp.c
/opt/freesurfer/average/711-2C_as_mni_average_305.4dfp.img
       256       256       256         1
  1.000000  1.000000  1.000000
orientation T byte_order littleendian
Reading image: /opt/freesurfer/average/711-2C_as_mni_average_305.4dfp.img
dimensions:      256       256       256
mmppix:       1.0000   -1.0000   -1.0000
center:     128.0000 -129.0000 -129.0000
/opt/freesurfer/average/711-2B_as_mni_average_305_mask.4dfp.img
       256       256       256         1
  1.000000  1.000000  1.000000
orientation T byte_order littleendian
Reading mask: /opt/freesurfer/average/711-2B_as_mni_average_305_mask.4dfp.img (2306576 pixels)
talsrcimg_g11.4dfp.img
       256       256       256         1
  1.000000  1.000000  1.000000
orientation T byte_order littleendian
Reading image: talsrcimg_g11.4dfp.img
dimensions:      256       256       256
mmppix:       1.0000   -1.0000   -1.0000
center:     128.0000 -129.0000 -129.0000
rotation matrix determinant  1.000000
fimgreg.f
image alignment mode   1283 decimal      503 hex
parameters
   -7.5000   -7.5000   22.5000    0.0000    0.0000    0.0000
eta,q 0.95134 11.39037
niter,ni,del,rscale     5    3   12.0000    1.2000
parameter  1 -0.809374 -> -0.500000 qaram    1.1500
parameter  4  1.490289 ->  0.500000 qaram    1.1500
parameter  6  0.893538 ->  0.500000 qaram    1.1500
parameters
   -4.0500   -5.9131   19.5664   -3.4500    2.1450   -3.4500
eta,q 0.95777 11.43254
  0.0704  0.0589  0.0466  0.0437  0.0513  0.0422
  0.0640  0.0533  0.0466  0.0446  0.0490  0.0421
  0.0579  0.0499  0.0464  0.0454  0.0466  0.0428
  0.0521  0.0478  0.0471  0.0465  0.0449  0.0440
  0.0480  0.0469  0.0489  0.0484  0.0440  0.0456
  0.0476  0.0483  0.0521  0.0508  0.0446  0.0476
  0.0483  0.0511  0.0578  0.0526  0.0463  0.0503
niter,ni,del,rscale     7    3   12.0000    1.2000
parameter  4  1.033294 ->  0.500000 qaram    1.3225
parameters
   -4.3178   -3.5413   17.2779   -7.4175    3.5699   -3.1197
eta,q 0.96468 11.47907
  0.0567  0.0543  0.0421  0.0369  0.0463  0.0424
  0.0500  0.0485  0.0401  0.0360  0.0422  0.0380
  0.0439  0.0446  0.0403  0.0370  0.0382  0.0359
  0.0422  0.0423  0.0412  0.0402  0.0361  0.0353
  0.0447  0.0412  0.0424  0.0448  0.0352  0.0359
  0.0517  0.0418  0.0443  0.0488  0.0367  0.0379
  0.0590  0.0435  0.0471  0.0520  0.0402  0.0406
niter,ni,del,rscale     7    3   12.0000    1.2000
parameters
   -4.6842   -2.9756   17.5675   -8.6633    3.7646   -2.9771
eta,q 0.96517 11.48187
  0.0528  0.0474  0.0437  0.0429  0.0432  0.0415
  0.0442  0.0410  0.0390  0.0379  0.0389  0.0374
  0.0367  0.0370  0.0358  0.0354  0.0362  0.0354
  0.0353  0.0351  0.0349  0.0350  0.0349  0.0348
  0.0395  0.0356  0.0357  0.0379  0.0351  0.0356
  0.0471  0.0388  0.0380  0.0432  0.0380  0.0377
  0.0561  0.0433  0.0420  0.0489  0.0425  0.0405
niter,ni,del,rscale     6    3   12.0000    1.2000
parameters
   -4.7236   -2.7914   17.5077   -8.9686    3.7722   -2.9227
eta,q 0.96523 11.48292
  0.0540  0.0451  0.0427  0.0447  0.0426  0.0412
  0.0449  0.0397  0.0380  0.0398  0.0384  0.0372
  0.0370  0.0365  0.0350  0.0359  0.0360  0.0353
  0.0348  0.0348  0.0347  0.0347  0.0348  0.0348
  0.0382  0.0353  0.0356  0.0361  0.0352  0.0357
  0.0450  0.0389  0.0382  0.0407  0.0382  0.0377
  0.0541  0.0442  0.0428  0.0468  0.0429  0.0405
niter,ni,del,rscale     5    3   12.0000    1.2000
parameters
   -4.7011   -2.7681   17.4629   -9.0481    3.7575   -2.9061
eta,q 0.96521 11.48477
  0.0542  0.0445  0.0427  0.0451  0.0425  0.0411
  0.0450  0.0394  0.0380  0.0404  0.0383  0.0372
  0.0370  0.0364  0.0351  0.0362  0.0360  0.0353
  0.0348  0.0348  0.0348  0.0348  0.0348  0.0348
  0.0380  0.0353  0.0355  0.0357  0.0352  0.0357
  0.0447  0.0392  0.0382  0.0401  0.0382  0.0377
  0.0537  0.0448  0.0428  0.0461  0.0429  0.0405
niter,ni,del,rscale     4    3   12.0000    1.2000
parameters
   -4.6896   -2.7688   17.4427   -9.0672    3.7506   -2.9015
eta,q 0.96521 11.48552
  0.0542  0.0444  0.0427  0.0452  0.0425  0.0411
  0.0449  0.0394  0.0381  0.0406  0.0383  0.0371
  0.0370  0.0364  0.0351  0.0362  0.0360  0.0353
  0.0348  0.0348  0.0348  0.0348  0.0348  0.0348
  0.0380  0.0353  0.0355  0.0357  0.0352  0.0357
  0.0447  0.0392  0.0382  0.0400  0.0382  0.0377
  0.0537  0.0449  0.0427  0.0460  0.0429  0.0406
registration optimization eta report
parameter search radius
    6.9000    6.0000    6.0000    7.9350    6.0000    6.9000
100000*second partial in parameter space
       39.       27.       23.       17.       22.       13.
  0.0542  0.0444  0.0427  0.0452  0.0425  0.0411
  0.0449  0.0394  0.0381  0.0406  0.0383  0.0371
  0.0370  0.0364  0.0351  0.0362  0.0360  0.0353
  0.0348  0.0348  0.0348  0.0348  0.0348  0.0348
  0.0380  0.0353  0.0355  0.0357  0.0352  0.0357
  0.0447  0.0392  0.0382  0.0400  0.0382  0.0377
  0.0537  0.0449  0.0427  0.0460  0.0429  0.0406
   -4.6896   -2.7688   17.4427   -9.0672    3.7506   -2.9015
eta,q 0.96521 11.48552

---------------------------------------------------------------------
imgreg_4dfp /opt/freesurfer/average/711-2C_as_mni_average_305 /opt/freesurfer/average/711-2B_as_mni_average_305_mask talsrcimg_g11 none talsrcimg_to_711-2C_as_mni_average_305_t4 3335
---------------------------------------------------------------------

freesurfer imgreg_4dfp.c
/opt/freesurfer/average/711-2C_as_mni_average_305.4dfp.img
       256       256       256         1
  1.000000  1.000000  1.000000
orientation T byte_order littleendian
Reading image: /opt/freesurfer/average/711-2C_as_mni_average_305.4dfp.img
dimensions:      256       256       256
mmppix:       1.0000   -1.0000   -1.0000
center:     128.0000 -129.0000 -129.0000
/opt/freesurfer/average/711-2B_as_mni_average_305_mask.4dfp.img
       256       256       256         1
  1.000000  1.000000  1.000000
orientation T byte_order littleendian
Reading mask: /opt/freesurfer/average/711-2B_as_mni_average_305_mask.4dfp.img (2306576 pixels)
talsrcimg_g11.4dfp.img
       256       256       256         1
  1.000000  1.000000  1.000000
orientation T byte_order littleendian
Reading image: talsrcimg_g11.4dfp.img
dimensions:      256       256       256
mmppix:       1.0000   -1.0000   -1.0000
center:     128.0000 -129.0000 -129.0000
fimgreg.f
image alignment mode   3335 decimal      D07 hex
parameters
   -4.6896   -2.7688   17.4427   -0.3421   -1.4283   -1.4611
    6.0281   -5.6537   -5.0510   16.0660    6.5414  -15.7254
eta,q 0.96520 11.55650
niter,ni,del,rscale     5    3    5.0000    1.2000
parameter  4  1.324047 ->  0.500000 qaram    1.1500
parameter  5  2.443820 ->  0.500000 qaram    1.1500
parameter 12  0.630873 ->  0.500000 qaram    1.1500
parameters
   -4.6740   -2.3349   18.3524   -4.4821   -5.5683   -3.3616
    4.6034   -4.9430   -5.4647   12.9768    5.7710  -19.8654
eta,q 0.97552 11.14530
  0.0377  0.0373  0.0366  0.0300  0.0233  0.0265  0.0273  0.0303  0.0274  0.0261  0.0255  0.0247
  0.0362  0.0361  0.0357  0.0306  0.0252  0.0259  0.0262  0.0281  0.0263  0.0252  0.0252  0.0245
  0.0352  0.0353  0.0351  0.0321  0.0277  0.0257  0.0256  0.0264  0.0257  0.0250  0.0250  0.0246
  0.0348  0.0348  0.0347  0.0345  0.0309  0.0258  0.0257  0.0256  0.0255  0.0255  0.0249  0.0249
  0.0350  0.0348  0.0345  0.0377  0.0345  0.0261  0.0264  0.0257  0.0258  0.0269  0.0251  0.0255
  0.0360  0.0352  0.0346  0.0414  0.0384  0.0270  0.0277  0.0269  0.0266  0.0291  0.0254  0.0263
  0.0377  0.0360  0.0350  0.0450  0.0424  0.0288  0.0294  0.0289  0.0279  0.0317  0.0258  0.0272
niter,ni,del,rscale     7    3    5.0000    1.2000
parameter  5  1.017097 ->  0.500000 qaram    1.3225
parameters
   -4.4843   -1.9914   18.3060   -8.2217  -10.3293   -3.8827
    5.3256   -5.0399   -5.7322   13.2967    6.6993  -22.6888
eta,q 0.97979 10.84734
  0.0286  0.0275  0.0257  0.0248  0.0200  0.0220  0.0238  0.0242  0.0225  0.0238  0.0215  0.0211
  0.0265  0.0260  0.0250  0.0240  0.0204  0.0210  0.0222  0.0223  0.0214  0.0221  0.0211  0.0204
  0.0251  0.0250  0.0246  0.0237  0.0216  0.0205  0.0211  0.0209  0.0207  0.0210  0.0207  0.0202
  0.0245  0.0245  0.0244  0.0244  0.0237  0.0206  0.0205  0.0205  0.0205  0.0205  0.0205  0.0205
  0.0247  0.0245  0.0245  0.0263  0.0267  0.0210  0.0207  0.0210  0.0208  0.0207  0.0205  0.0211
  0.0257  0.0251  0.0250  0.0294  0.0305  0.0214  0.0214  0.0224  0.0216  0.0217  0.0207  0.0221
  0.0275  0.0262  0.0258  0.0333  0.0348  0.0222  0.0227  0.0244  0.0229  0.0233  0.0212  0.0232
niter,ni,del,rscale     7    3    5.0000    1.2000
parameters
   -4.4278   -1.9208   18.3395   -8.1502  -14.0887   -3.0076
    5.5304   -5.0285   -5.9731   14.3807    6.9524  -24.2510
eta,q 0.98058 10.75949
  0.0238  0.0232  0.0217  0.0234  0.0213  0.0216  0.0223  0.0232  0.0215  0.0232  0.0204  0.0206
  0.0219  0.0216  0.0209  0.0220  0.0199  0.0204  0.0209  0.0213  0.0204  0.0213  0.0199  0.0198
  0.0207  0.0206  0.0204  0.0209  0.0195  0.0196  0.0199  0.0200  0.0198  0.0201  0.0196  0.0194
  0.0202  0.0202  0.0202  0.0202  0.0202  0.0195  0.0195  0.0195  0.0195  0.0195  0.0195  0.0195
  0.0206  0.0205  0.0203  0.0203  0.0222  0.0198  0.0198  0.0200  0.0199  0.0196  0.0196  0.0199
  0.0216  0.0214  0.0208  0.0214  0.0254  0.0200  0.0206  0.0213  0.0206  0.0203  0.0198  0.0207
  0.0235  0.0228  0.0216  0.0238  0.0297  0.0206  0.0220  0.0232  0.0218  0.0214  0.0203  0.0218
niter,ni,del,rscale     6    3    5.0000    1.2000
parameters
   -4.4204   -2.0968   18.2671   -7.5173  -14.8774   -2.3220
    5.6459   -4.9524   -6.1576   14.8048    6.7031  -24.7748
eta,q 0.98063 10.79228
  0.0228  0.0218  0.0207  0.0228  0.0233  0.0212  0.0221  0.0230  0.0214  0.0225  0.0202  0.0209
  0.0209  0.0203  0.0200  0.0214  0.0212  0.0201  0.0206  0.0211  0.0203  0.0207  0.0197  0.0200
  0.0198  0.0196  0.0195  0.0202  0.0197  0.0194  0.0197  0.0198  0.0196  0.0197  0.0195  0.0195
  0.0194  0.0194  0.0194  0.0194  0.0193  0.0193  0.0194  0.0194  0.0194  0.0194  0.0194  0.0194
  0.0198  0.0199  0.0196  0.0193  0.0200  0.0195  0.0196  0.0198  0.0197  0.0196  0.0195  0.0197
  0.0209  0.0210  0.0201  0.0202  0.0220  0.0197  0.0205  0.0210  0.0205  0.0204  0.0198  0.0203
  0.0227  0.0225  0.0209  0.0224  0.0252  0.0205  0.0219  0.0229  0.0216  0.0217  0.0203  0.0212
niter,ni,del,rscale     5    3    5.0000    1.2000
parameters
   -4.4218   -2.1043   18.2289   -7.3931  -15.0849   -2.1742
    5.6942   -4.9233   -6.2224   14.9217    6.6368  -24.9763
eta,q 0.98062 10.79884
  0.0227  0.0221  0.0206  0.0226  0.0238  0.0210  0.0220  0.0230  0.0215  0.0222  0.0202  0.0210
  0.0209  0.0205  0.0199  0.0212  0.0216  0.0199  0.0206  0.0211  0.0203  0.0206  0.0198  0.0200
  0.0197  0.0196  0.0195  0.0200  0.0200  0.0193  0.0197  0.0198  0.0196  0.0196  0.0195  0.0195
  0.0194  0.0194  0.0194  0.0194  0.0194  0.0194  0.0194  0.0194  0.0194  0.0194  0.0194  0.0194
  0.0197  0.0197  0.0195  0.0194  0.0198  0.0195  0.0197  0.0198  0.0197  0.0197  0.0195  0.0196
  0.0209  0.0207  0.0200  0.0206  0.0215  0.0198  0.0205  0.0210  0.0204  0.0205  0.0198  0.0202
  0.0227  0.0220  0.0207  0.0229  0.0245  0.0208  0.0220  0.0229  0.0215  0.0219  0.0202  0.0211
niter,ni,del,rscale     4    3    5.0000    1.2000
parameters
   -4.4182   -2.1033   18.2020   -7.3575  -15.1435   -2.1408
    5.7107   -4.9105   -6.2389   14.9672    6.6094  -25.0739
eta,q 0.98061 10.80102
  0.0228  0.0221  0.0206  0.0226  0.0239  0.0209  0.0220  0.0229  0.0215  0.0221  0.0202  0.0211
  0.0209  0.0206  0.0199  0.0212  0.0217  0.0198  0.0206  0.0210  0.0204  0.0205  0.0198  0.0201
  0.0198  0.0196  0.0195  0.0200  0.0201  0.0193  0.0197  0.0198  0.0196  0.0196  0.0195  0.0195
  0.0194  0.0194  0.0194  0.0194  0.0194  0.0194  0.0194  0.0194  0.0194  0.0194  0.0194  0.0194
  0.0198  0.0197  0.0195  0.0195  0.0197  0.0195  0.0197  0.0198  0.0197  0.0197  0.0195  0.0196
  0.0209  0.0206  0.0200  0.0206  0.0214  0.0198  0.0205  0.0210  0.0204  0.0206  0.0198  0.0202
  0.0227  0.0220  0.0207  0.0230  0.0244  0.0208  0.0220  0.0229  0.0215  0.0219  0.0202  0.0211
niter,ni,del,rscale     3    3    5.0000    1.2000
parameters
   -4.4161   -2.0997   18.1814   -7.3442  -15.1616   -2.1385
    5.7258   -4.9065   -6.2583   14.9811    6.6095  -25.1287
eta,q 0.98061 10.80175
  0.0228  0.0221  0.0206  0.0226  0.0239  0.0209  0.0220  0.0229  0.0215  0.0221  0.0202  0.0211
  0.0209  0.0206  0.0200  0.0212  0.0217  0.0198  0.0206  0.0210  0.0204  0.0205  0.0198  0.0201
  0.0198  0.0197  0.0195  0.0200  0.0201  0.0193  0.0197  0.0198  0.0196  0.0196  0.0195  0.0195
  0.0194  0.0194  0.0194  0.0194  0.0194  0.0194  0.0194  0.0194  0.0194  0.0194  0.0194  0.0194
  0.0198  0.0197  0.0195  0.0195  0.0197  0.0195  0.0197  0.0198  0.0197  0.0197  0.0195  0.0196
  0.0209  0.0206  0.0199  0.0207  0.0214  0.0198  0.0205  0.0211  0.0204  0.0206  0.0197  0.0202
  0.0228  0.0220  0.0207  0.0231  0.0243  0.0209  0.0220  0.0229  0.0215  0.0220  0.0202  0.0210
registration optimization eta report
parameter search radius
    2.4000    2.4000    2.4000    8.2800    9.5220    7.2000
    7.2000    7.2000    7.2000    7.2000    7.2000    8.2800
100000*second partial in parameter space
       59.       46.       22.        5.        5.        3.
        5.        7.        4.        5.        2.        2.
  0.0228  0.0221  0.0206  0.0226  0.0239  0.0209  0.0220  0.0229  0.0215  0.0221  0.0202  0.0211
  0.0209  0.0206  0.0200  0.0212  0.0217  0.0198  0.0206  0.0210  0.0204  0.0205  0.0198  0.0201
  0.0198  0.0197  0.0195  0.0200  0.0201  0.0193  0.0197  0.0198  0.0196  0.0196  0.0195  0.0195
  0.0194  0.0194  0.0194  0.0194  0.0194  0.0194  0.0194  0.0194  0.0194  0.0194  0.0194  0.0194
  0.0198  0.0197  0.0195  0.0195  0.0197  0.0195  0.0197  0.0198  0.0197  0.0197  0.0195  0.0196
  0.0209  0.0206  0.0199  0.0207  0.0214  0.0198  0.0205  0.0211  0.0204  0.0206  0.0197  0.0202
  0.0228  0.0220  0.0207  0.0231  0.0243  0.0209  0.0220  0.0229  0.0215  0.0220  0.0202  0.0210
   -4.4161   -2.0997   18.1814   -7.3442  -15.1616   -2.1385
    5.7258   -4.9065   -6.2583   14.9811    6.6095  -25.1287
eta,q 0.98061 10.80175

---------------------------------------------------------------------
imgreg_4dfp /opt/freesurfer/average/711-2C_as_mni_average_305 /opt/freesurfer/average/711-2B_as_mni_average_305_mask talsrcimg_g11 none talsrcimg_to_711-2C_as_mni_average_305_t4 2311
---------------------------------------------------------------------

freesurfer imgreg_4dfp.c
/opt/freesurfer/average/711-2C_as_mni_average_305.4dfp.img
       256       256       256         1
  1.000000  1.000000  1.000000
orientation T byte_order littleendian
Reading image: /opt/freesurfer/average/711-2C_as_mni_average_305.4dfp.img
dimensions:      256       256       256
mmppix:       1.0000   -1.0000   -1.0000
center:     128.0000 -129.0000 -129.0000
/opt/freesurfer/average/711-2B_as_mni_average_305_mask.4dfp.img
       256       256       256         1
  1.000000  1.000000  1.000000
orientation T byte_order littleendian
Reading mask: /opt/freesurfer/average/711-2B_as_mni_average_305_mask.4dfp.img (2306576 pixels)
talsrcimg_g11.4dfp.img
       256       256       256         1
  1.000000  1.000000  1.000000
orientation T byte_order littleendian
Reading image: talsrcimg_g11.4dfp.img
dimensions:      256       256       256
mmppix:       1.0000   -1.0000   -1.0000
center:     128.0000 -129.0000 -129.0000
fimgreg.f
image alignment mode   2311 decimal      907 hex
parameters
   -4.4161   -2.0997   18.1814   -7.3442  -15.1616   -2.1385
    5.7258   -4.9065   -6.2583   14.9811    6.6095  -25.1287
eta,q 0.98061 10.80174
niter,ni,del,rscale     5    3    5.0000    0.8000
parameters
   -4.4134   -2.1390   18.1836   -6.6209  -14.7753   -2.0206
    5.7743   -4.9162   -6.2444   14.7340    6.5091  -25.2579
eta,q 0.98069 10.84668
  0.0209  0.0206  0.0199  0.0208  0.0207  0.0198  0.0206  0.0210  0.0203  0.0204  0.0196  0.0199
  0.0201  0.0199  0.0196  0.0202  0.0200  0.0194  0.0199  0.0201  0.0198  0.0197  0.0195  0.0195
  0.0196  0.0195  0.0194  0.0197  0.0195  0.0192  0.0195  0.0195  0.0194  0.0194  0.0194  0.0194
  0.0194  0.0194  0.0194  0.0194  0.0193  0.0193  0.0193  0.0193  0.0193  0.0193  0.0193  0.0193
  0.0196  0.0196  0.0194  0.0193  0.0194  0.0194  0.0194  0.0195  0.0194  0.0195  0.0193  0.0194
  0.0200  0.0200  0.0196  0.0196  0.0197  0.0194  0.0198  0.0201  0.0198  0.0199  0.0195  0.0196
  0.0209  0.0206  0.0200  0.0202  0.0204  0.0196  0.0205  0.0210  0.0203  0.0206  0.0197  0.0199
niter,ni,del,rscale     4    3    5.0000    0.7000
parameters
   -4.4193   -2.1028   18.0543   -6.5205  -14.6520   -2.5146
    5.7766   -4.9265   -6.2134   14.6212    6.6067  -25.3616
eta,q 0.98074 10.83146
  0.0205  0.0203  0.0197  0.0203  0.0203  0.0195  0.0202  0.0206  0.0201  0.0202  0.0195  0.0197
  0.0198  0.0198  0.0194  0.0198  0.0198  0.0193  0.0197  0.0198  0.0196  0.0196  0.0194  0.0194
  0.0194  0.0194  0.0193  0.0195  0.0194  0.0192  0.0194  0.0194  0.0194  0.0193  0.0193  0.0193
  0.0193  0.0193  0.0193  0.0193  0.0193  0.0193  0.0193  0.0193  0.0193  0.0193  0.0193  0.0193
  0.0194  0.0194  0.0194  0.0193  0.0194  0.0194  0.0194  0.0194  0.0194  0.0194  0.0193  0.0193
  0.0198  0.0197  0.0196  0.0196  0.0197  0.0194  0.0197  0.0199  0.0196  0.0197  0.0194  0.0195
  0.0205  0.0202  0.0198  0.0203  0.0202  0.0195  0.0202  0.0206  0.0200  0.0202  0.0195  0.0197
niter,ni,del,rscale     3    3    5.0000    0.6000
parameters
   -4.4172   -2.1103   17.9599   -6.4705  -14.5837   -2.8215
    5.7889   -4.9251   -6.2032   14.5311    6.6833  -25.4677
eta,q 0.98076 10.82069
  0.0201  0.0200  0.0195  0.0200  0.0200  0.0194  0.0199  0.0202  0.0198  0.0199  0.0194  0.0195
  0.0197  0.0196  0.0194  0.0196  0.0196  0.0192  0.0196  0.0197  0.0195  0.0195  0.0193  0.0194
  0.0194  0.0193  0.0193  0.0194  0.0194  0.0192  0.0193  0.0193  0.0193  0.0193  0.0193  0.0193
  0.0193  0.0193  0.0193  0.0193  0.0193  0.0193  0.0192  0.0192  0.0192  0.0192  0.0192  0.0192
  0.0194  0.0194  0.0193  0.0193  0.0193  0.0193  0.0193  0.0194  0.0193  0.0193  0.0192  0.0193
  0.0196  0.0196  0.0194  0.0195  0.0195  0.0194  0.0196  0.0197  0.0195  0.0196  0.0193  0.0194
  0.0201  0.0200  0.0196  0.0200  0.0200  0.0194  0.0199  0.0202  0.0198  0.0200  0.0194  0.0196
niter,ni,del,rscale     2    3    5.0000    0.5000
parameters
   -4.4122   -2.1171   17.8888   -6.4052  -14.5166   -3.2236
    5.7867   -4.9215   -6.2066   14.4483    6.7308  -25.4449
eta,q 0.98078 10.80538
  0.0198  0.0197  0.0194  0.0197  0.0197  0.0194  0.0197  0.0199  0.0196  0.0197  0.0194  0.0194
  0.0195  0.0195  0.0193  0.0195  0.0195  0.0192  0.0194  0.0195  0.0194  0.0194  0.0193  0.0193
  0.0193  0.0193  0.0193  0.0193  0.0193  0.0192  0.0193  0.0193  0.0193  0.0193  0.0192  0.0192
  0.0192  0.0192  0.0192  0.0192  0.0192  0.0192  0.0192  0.0192  0.0192  0.0192  0.0192  0.0192
  0.0193  0.0193  0.0193  0.0193  0.0193  0.0193  0.0193  0.0193  0.0193  0.0193  0.0192  0.0192
  0.0195  0.0195  0.0194  0.0194  0.0194  0.0193  0.0194  0.0195  0.0194  0.0195  0.0193  0.0193
  0.0198  0.0197  0.0195  0.0197  0.0197  0.0194  0.0197  0.0199  0.0196  0.0197  0.0194  0.0194
niter,ni,del,rscale     1    3    5.0000    0.4000
parameters
   -4.4152   -2.1204   17.8460   -6.3940  -14.4538   -3.6056
    5.7765   -4.9266   -6.2060   14.3848    6.7902  -25.3736
eta,q 0.98080 10.78914
  0.0196  0.0195  0.0193  0.0195  0.0195  0.0193  0.0195  0.0196  0.0195  0.0195  0.0193  0.0194
  0.0194  0.0194  0.0193  0.0194  0.0194  0.0192  0.0193  0.0194  0.0193  0.0193  0.0192  0.0193
  0.0193  0.0192  0.0192  0.0193  0.0193  0.0192  0.0192  0.0192  0.0192  0.0192  0.0192  0.0192
  0.0192  0.0192  0.0192  0.0192  0.0192  0.0192  0.0192  0.0192  0.0192  0.0192  0.0192  0.0192
  0.0193  0.0192  0.0192  0.0192  0.0192  0.0193  0.0192  0.0193  0.0192  0.0192  0.0192  0.0192
  0.0194  0.0194  0.0193  0.0193  0.0193  0.0193  0.0193  0.0194  0.0193  0.0194  0.0192  0.0193
  0.0196  0.0195  0.0194  0.0195  0.0195  0.0193  0.0195  0.0196  0.0195  0.0195  0.0193  0.0193
registration optimization eta report
parameter search radius
    0.8000    0.8000    0.8000    2.4000    2.4000    2.4000
    2.4000    2.4000    2.4000    2.4000    2.4000    2.4000
100000*second partial in parameter space
       60.       49.       24.        5.        6.        2.
        5.        8.        5.        6.        2.        3.
  0.0196  0.0195  0.0193  0.0195  0.0195  0.0193  0.0195  0.0196  0.0195  0.0195  0.0193  0.0194
  0.0194  0.0194  0.0193  0.0194  0.0194  0.0192  0.0193  0.0194  0.0193  0.0193  0.0192  0.0193
  0.0193  0.0192  0.0192  0.0193  0.0193  0.0192  0.0192  0.0192  0.0192  0.0192  0.0192  0.0192
  0.0192  0.0192  0.0192  0.0192  0.0192  0.0192  0.0192  0.0192  0.0192  0.0192  0.0192  0.0192
  0.0193  0.0192  0.0192  0.0192  0.0192  0.0193  0.0192  0.0193  0.0192  0.0192  0.0192  0.0192
  0.0194  0.0194  0.0193  0.0193  0.0193  0.0193  0.0193  0.0194  0.0193  0.0194  0.0192  0.0193
  0.0196  0.0195  0.0194  0.0195  0.0195  0.0193  0.0195  0.0196  0.0195  0.0195  0.0193  0.0193
   -4.4152   -2.1204   17.8460   -6.3940  -14.4538   -3.6056
    5.7765   -4.9266   -6.2060   14.3848    6.7902  -25.3736
eta,q 0.98080 10.78914

---------------------------------------------------------------------
imgreg_4dfp /opt/freesurfer/average/711-2C_as_mni_average_305 /opt/freesurfer/average/711-2B_as_mni_average_305_mask talsrcimg_g11 none talsrcimg_to_711-2C_as_mni_average_305_t4 2311
---------------------------------------------------------------------

freesurfer imgreg_4dfp.c
/opt/freesurfer/average/711-2C_as_mni_average_305.4dfp.img
       256       256       256         1
  1.000000  1.000000  1.000000
orientation T byte_order littleendian
Reading image: /opt/freesurfer/average/711-2C_as_mni_average_305.4dfp.img
dimensions:      256       256       256
mmppix:       1.0000   -1.0000   -1.0000
center:     128.0000 -129.0000 -129.0000
/opt/freesurfer/average/711-2B_as_mni_average_305_mask.4dfp.img
       256       256       256         1
  1.000000  1.000000  1.000000
orientation T byte_order littleendian
Reading mask: /opt/freesurfer/average/711-2B_as_mni_average_305_mask.4dfp.img (2306576 pixels)
talsrcimg_g11.4dfp.img
       256       256       256         1
  1.000000  1.000000  1.000000
orientation T byte_order littleendian
Reading image: talsrcimg_g11.4dfp.img
dimensions:      256       256       256
mmppix:       1.0000   -1.0000   -1.0000
center:     128.0000 -129.0000 -129.0000
fimgreg.f
image alignment mode   2311 decimal      907 hex
parameters
   -4.4152   -2.1204   17.8460   -6.3940  -14.4538   -3.6056
    5.7765   -4.9266   -6.2060   14.3848    6.7902  -25.3736
eta,q 0.98081 10.78914
niter,ni,del,rscale     5    3    5.0000    0.8000
parameters
   -4.4144   -2.1074   17.8094   -6.7499  -14.5817   -2.6640
    5.8052   -4.9302   -6.1739   14.6469    6.7012  -25.8793
eta,q 0.98074 10.82358
  0.0207  0.0205  0.0198  0.0202  0.0204  0.0202  0.0205  0.0210  0.0203  0.0207  0.0196  0.0197
  0.0199  0.0198  0.0195  0.0197  0.0198  0.0196  0.0198  0.0200  0.0197  0.0199  0.0194  0.0194
  0.0194  0.0193  0.0193  0.0193  0.0194  0.0192  0.0194  0.0194  0.0194  0.0194  0.0193  0.0193
  0.0192  0.0192  0.0192  0.0192  0.0192  0.0192  0.0193  0.0193  0.0193  0.0193  0.0193  0.0193
  0.0194  0.0193  0.0193  0.0193  0.0193  0.0193  0.0194  0.0195  0.0194  0.0194  0.0193  0.0194
  0.0199  0.0198  0.0195  0.0198  0.0198  0.0194  0.0198  0.0200  0.0197  0.0198  0.0194  0.0196
  0.0207  0.0204  0.0199  0.0207  0.0206  0.0195  0.0205  0.0209  0.0203  0.0203  0.0197  0.0200
niter,ni,del,rscale     4    3    5.0000    0.7000
parameters
   -4.4000   -2.0970   17.8018   -6.5332  -14.6300   -2.4383
    5.8428   -4.9266   -6.2193   14.6772    6.6179  -26.0665
eta,q 0.98074 10.84142
  0.0205  0.0202  0.0197  0.0202  0.0202  0.0196  0.0202  0.0206  0.0200  0.0203  0.0195  0.0197
  0.0198  0.0197  0.0195  0.0198  0.0197  0.0193  0.0197  0.0198  0.0196  0.0197  0.0194  0.0194
  0.0194  0.0194  0.0193  0.0194  0.0194  0.0192  0.0194  0.0194  0.0193  0.0193  0.0193  0.0193
  0.0193  0.0193  0.0193  0.0193  0.0192  0.0192  0.0193  0.0193  0.0193  0.0193  0.0193  0.0193
  0.0194  0.0194  0.0193  0.0193  0.0193  0.0193  0.0194  0.0194  0.0194  0.0194  0.0193  0.0193
  0.0198  0.0197  0.0195  0.0196  0.0197  0.0193  0.0197  0.0198  0.0196  0.0197  0.0194  0.0195
  0.0204  0.0202  0.0197  0.0201  0.0203  0.0195  0.0202  0.0206  0.0201  0.0202  0.0196  0.0197
niter,ni,del,rscale     3    3    5.0000    0.6000
parameters
   -4.3967   -2.0891   17.7466   -6.3909  -14.5951   -2.6927
    5.8590   -4.9185   -6.2469   14.6143    6.6367  -26.1159
eta,q 0.98076 10.83521
  0.0201  0.0200  0.0196  0.0200  0.0200  0.0194  0.0199  0.0202  0.0198  0.0199  0.0194  0.0196
  0.0196  0.0196  0.0194  0.0196  0.0196  0.0192  0.0196  0.0197  0.0195  0.0195  0.0193  0.0194
  0.0194  0.0193  0.0193  0.0194  0.0194  0.0192  0.0193  0.0193  0.0193  0.0193  0.0193  0.0193
  0.0193  0.0193  0.0193  0.0193  0.0192  0.0193  0.0192  0.0192  0.0192  0.0192  0.0192  0.0192
  0.0194  0.0193  0.0193  0.0193  0.0193  0.0193  0.0193  0.0194  0.0193  0.0193  0.0192  0.0193
  0.0196  0.0196  0.0194  0.0195  0.0195  0.0193  0.0195  0.0197  0.0195  0.0196  0.0193  0.0194
  0.0201  0.0200  0.0196  0.0199  0.0200  0.0194  0.0199  0.0202  0.0198  0.0200  0.0194  0.0196
niter,ni,del,rscale     2    3    5.0000    0.5000
parameters
   -4.3958   -2.0920   17.7006   -6.3260  -14.5315   -3.0739
    5.8537   -4.9239   -6.2450   14.5267    6.6981  -26.0673
eta,q 0.98079 10.82040
  0.0198  0.0197  0.0194  0.0197  0.0198  0.0193  0.0197  0.0199  0.0196  0.0197  0.0194  0.0195
  0.0195  0.0195  0.0193  0.0195  0.0195  0.0192  0.0194  0.0195  0.0194  0.0194  0.0193  0.0193
  0.0193  0.0193  0.0193  0.0193  0.0193  0.0192  0.0193  0.0193  0.0193  0.0192  0.0192  0.0192
  0.0192  0.0192  0.0192  0.0192  0.0192  0.0192  0.0192  0.0192  0.0192  0.0192  0.0192  0.0192
  0.0193  0.0193  0.0193  0.0193  0.0193  0.0193  0.0193  0.0193  0.0193  0.0193  0.0192  0.0192
  0.0195  0.0195  0.0194  0.0194  0.0194  0.0193  0.0194  0.0195  0.0194  0.0195  0.0193  0.0193
  0.0198  0.0197  0.0195  0.0197  0.0197  0.0193  0.0197  0.0199  0.0196  0.0197  0.0194  0.0194
niter,ni,del,rscale     1    3    5.0000    0.4000
parameters
   -4.3996   -2.1027   17.6788   -6.3073  -14.4756   -3.4667
    5.8372   -4.9306   -6.2244   14.4442    6.7457  -25.9097
eta,q 0.98080 10.80270
  0.0196  0.0195  0.0194  0.0195  0.0196  0.0193  0.0195  0.0196  0.0195  0.0195  0.0193  0.0194
  0.0194  0.0193  0.0193  0.0194  0.0194  0.0192  0.0193  0.0194  0.0193  0.0193  0.0192  0.0193
  0.0193  0.0192  0.0192  0.0193  0.0193  0.0192  0.0192  0.0192  0.0192  0.0192  0.0192  0.0192
  0.0192  0.0192  0.0192  0.0192  0.0192  0.0192  0.0192  0.0192  0.0192  0.0192  0.0192  0.0192
  0.0193  0.0193  0.0192  0.0192  0.0192  0.0193  0.0192  0.0193  0.0192  0.0192  0.0192  0.0192
  0.0194  0.0194  0.0193  0.0193  0.0193  0.0193  0.0193  0.0194  0.0193  0.0194  0.0192  0.0193
  0.0196  0.0195  0.0194  0.0195  0.0195  0.0193  0.0195  0.0196  0.0195  0.0195  0.0193  0.0193
registration optimization eta report
parameter search radius
    0.8000    0.8000    0.8000    2.4000    2.4000    2.4000
    2.4000    2.4000    2.4000    2.4000    2.4000    2.4000
100000*second partial in parameter space
       61.       50.       24.        6.        6.        1.
        5.        8.        5.        6.        2.        3.
  0.0196  0.0195  0.0194  0.0195  0.0196  0.0193  0.0195  0.0196  0.0195  0.0195  0.0193  0.0194
  0.0194  0.0193  0.0193  0.0194  0.0194  0.0192  0.0193  0.0194  0.0193  0.0193  0.0192  0.0193
  0.0193  0.0192  0.0192  0.0193  0.0193  0.0192  0.0192  0.0192  0.0192  0.0192  0.0192  0.0192
  0.0192  0.0192  0.0192  0.0192  0.0192  0.0192  0.0192  0.0192  0.0192  0.0192  0.0192  0.0192
  0.0193  0.0193  0.0192  0.0192  0.0192  0.0193  0.0192  0.0193  0.0192  0.0192  0.0192  0.0192
  0.0194  0.0194  0.0193  0.0193  0.0193  0.0193  0.0193  0.0194  0.0193  0.0194  0.0192  0.0193
  0.0196  0.0195  0.0194  0.0195  0.0195  0.0193  0.0195  0.0196  0.0195  0.0195  0.0193  0.0193
   -4.3996   -2.1027   17.6788   -6.3073  -14.4756   -3.4667
    5.8372   -4.9306   -6.2244   14.4442    6.7457  -25.9097
eta,q 0.98080 10.80270

---------------------------------------------------------------------
compute_vox2vox talsrcimg talsrcimg_to_711-2C_as_mni_average_305_t4 /opt/freesurfer/average/711-2C_as_mni_average_305
---------------------------------------------------------------------

freesurfer compute_vox2vox.c
Reading: talsrcimg.4dfp.ifh
Reading: talsrcimg_to_711-2C_as_mni_average_305_t4
Reading: /opt/freesurfer/average/711-2C_as_mni_average_305.4dfp.ifh
Writing: talsrcimg_to_711-2C_as_mni_average_305_t4_vox2vox.txt

start time Thu Mar 12 19:31:50 CET 2026
end		time Thu Mar 12 19:33:19 CET 2026

mpr2mni305 success

avi2talxfm orig_nu.mgz /opt/freesurfer/average/mni305.cor.mgz talsrcimg_to_711-2C_as_mni_average_305_t4_vox2vox.txt transforms/talairach.auto.xfm
avi2talxfm done
mv -f /out/sourcedata/freesurfer/sub-v1s21x0050382_ses-1/mri/talsrcimg_to_711-2C_as_mni_average_305_t4_vox2vox.txt /out/sourcedata/freesurfer/sub-v1s21x0050382_ses-1/mri/transforms/talsrcimg_to_711-2C_as_mni_average_305_t4_vox2vox.txt
lta_convert --src orig_nu.mgz --trg /opt/freesurfer/average/mni305.cor.mgz --inxfm transforms/talairach.auto.xfm --outlta transforms/talairach.auto.xfm.lta --subject fsaverage
7.3.2

--src: orig_nu.mgz src image (geometry).
--trg: /opt/freesurfer/average/mni305.cor.mgz trg image (geometry).
--inmni: transforms/talairach.auto.xfm input MNI/XFM transform.
--outlta: transforms/talairach.auto.xfm.lta output LTA.
--s: fsaverage subject name
 LTA read, type : 1
 1.05929   0.06211  -0.05348   2.97481;
-0.05102   0.98800   0.30280  -17.72392;
 0.08571  -0.16234   1.11423   4.79796;
 0.00000   0.00000   0.00000   1.00000;
setting subject to fsaverage
Writing  LTA to file transforms/talairach.auto.xfm.lta...
lta_convert successful.
 
 
Started at Thu Mar 12 19:31:49 CET 2026
Ended   at Thu Mar 12 19:33:19 CET 2026
talairach_avi done
