/out/sourcedata/freesurfer/sub-v1s21x0050416_ses-1/mri
/opt/freesurfer/bin/talairach_avi
--i orig_nu.mgz --xfm transforms/talairach.auto.xfm
talairach_avi 7.3.2
Linux dna071 5.14.0-427.37.1.el9_4.x86_64 #1 SMP PREEMPT_DYNAMIC Fri Sep 13 12:41:50 EDT 2024 x86_64 x86_64 x86_64 GNU/Linux
Mon Mar  9 11:24:23 CET 2026
mri_convert orig_nu.mgz talsrcimg.img 
reading from orig_nu.mgz...
TR=0.00, TE=0.00, TI=0.00, flip angle=0.00
i_ras = (-1, 0, 0)
j_ras = (0, 0, -1)
k_ras = (0, 1, 0)
writing to talsrcimg.img...
Analyze Output Matrix
-1.00000   0.00000   0.00000   129.70000;
 0.00000   0.00000   1.00000  -128.50000;
 0.00000  -1.00000   0.00000   129.50000;
 0.00000   0.00000   0.00000   1.00000;
--------------------
INFO: set hdr.hist.orient to -1
mpr2mni305 talsrcimg
Mon Mar  9 11:24:23 CET 2026
/opt/freesurfer/bin/mpr2mni305 talsrcimg
mpr2mni305 7.3.2
target=711-2C_as_mni_average_305

---------------------------------------------------------------------
analyzeto4dfp talsrcimg -O0 -y
---------------------------------------------------------------------

freesurfer ifh2hdr.c
Mon Mar  9 11:24:23 2026
Writing: talsrcimg.4dfp.hdr
freesurfer analyzeto4dfp.c
Reading: talsrcimg.hdr
header size 348 bytes
hdr.dime.datatype	offset=70	value=2
hdr.dime.bitpix		offset=72	value=8
hdr.hist.orient		offset=252	value=-1
dimensionality     4
dimensions       256       256       256         1
Reading: talsrcimg.img
Writing: talsrcimg.4dfp.img
Writing: talsrcimg.4dfp.ifh
ifh2hdr talsrcimg -r0to232
ori=2

---------------------------------------------------------------------
gauss_4dfp talsrcimg 1.1
---------------------------------------------------------------------

freesurfer gauss_4dfp.c
Reading: talsrcimg.4dfp.img
Writing: talsrcimg_g11.4dfp.img
image dimensions 256 256 256 padded to 288 288 288
processing volume 1freesurfer ifh2hdr.c
Mon Mar  9 11:24:24 2026
Writing: talsrcimg_g11.4dfp.hdr

Writing: talsrcimg_g11.4dfp.ifh
including: talsrcimg.4dfp.img.rec in talsrcimg_g11.4dfp.img.rec

---------------------------------------------------------------------
imgreg_4dfp /opt/freesurfer/average/711-2C_as_mni_average_305 none talsrcimg_g11 none talsrcimg_to_711-2C_as_mni_average_305_t4 4355
---------------------------------------------------------------------

freesurfer imgreg_4dfp.c
/opt/freesurfer/average/711-2C_as_mni_average_305.4dfp.img
       256       256       256         1
  1.000000  1.000000  1.000000
orientation T byte_order littleendian
Reading image: /opt/freesurfer/average/711-2C_as_mni_average_305.4dfp.img
dimensions:      256       256       256
mmppix:       1.0000   -1.0000   -1.0000
center:     128.0000 -129.0000 -129.0000
talsrcimg_g11.4dfp.img
       256       256       256         1
  1.000000  1.000000  1.000000
orientation T byte_order littleendian
Reading image: talsrcimg_g11.4dfp.img
dimensions:      256       256       256
mmppix:       1.0000   -1.0000   -1.0000
center:     128.0000 -129.0000 -129.0000
t4_read: open error in t4_sub.f l:  41 t4_file(1:l)talsrcimg_to_711-2C_as_mni_average_305_t4 
t4_read: transform initialized to I4
rotation matrix determinant  1.000000
image alignment mode   4355 decimal     1103 hex
   -7.5000  -45.0000  -45.0000 7622.0610   23.1985
    0.0000  -45.0000  -45.0000 7925.3198   23.1752
    7.5000  -45.0000  -45.0000 7553.0112   23.1257
   -7.5000  -37.5000  -45.0000 8168.7090   22.9284
    0.0000  -37.5000  -45.0000 8491.6416   22.9000
    7.5000  -37.5000  -45.0000 8073.8862   22.8646
   -7.5000  -30.0000  -45.0000 9079.4287   22.9477
    0.0000  -30.0000  -45.0000 9452.5127   22.9215
    7.5000  -30.0000  -45.0000 8984.5361   22.9026
   -7.5000  -22.5000  -45.0000 9957.8418   22.9226
    0.0000  -22.5000  -45.000010344.5928   22.9056
    7.5000  -22.5000  -45.0000 9831.0439   22.8905
   -7.5000  -15.0000  -45.000010682.7959   22.8692
    0.0000  -15.0000  -45.000011077.5029   22.8569
    7.5000  -15.0000  -45.000010561.5234   22.8330
   -7.5000   -7.5000  -45.000011407.6416   22.8489
    0.0000   -7.5000  -45.000011847.7070   22.8322
    7.5000   -7.5000  -45.000011303.8740   22.7906
   -7.5000    0.0000  -45.000012082.6592   22.8730
    0.0000    0.0000  -45.000012536.3076   22.8493
    7.5000    0.0000  -45.000011940.4463   22.8000
   -7.5000    7.5000  -45.000011799.2803   22.9183
    0.0000    7.5000  -45.000012256.7256   22.8899
    7.5000    7.5000  -45.000011697.3467   22.8545
   -7.5000   15.0000  -45.000011452.5137   22.9477
    0.0000   15.0000  -45.000011920.0986   22.9215
    7.5000   15.0000  -45.000011371.6924   22.9026
   -7.5000   22.5000  -45.000010989.8369   22.9195
    0.0000   22.5000  -45.000011420.0508   22.9025
    7.5000   22.5000  -45.000010893.3262   22.8873
   -7.5000   30.0000  -45.000010385.1182   22.5645
    0.0000   30.0000  -45.000010763.0508   22.5523
    7.5000   30.0000  -45.000010279.8057   22.5287
   -7.5000   37.5000  -45.0000 9880.5195   22.5444
    0.0000   37.5000  -45.000010265.5234   22.5279
    7.5000   37.5000  -45.0000 9795.4395   22.4868
   -7.5000   45.0000  -45.0000 8994.3623   21.9951
    0.0000   45.0000  -45.0000 9331.5566   21.9724
    7.5000   45.0000  -45.0000 8920.7500   21.9249
   -7.5000  -45.0000  -37.5000 8113.5156   23.2328
    0.0000  -45.0000  -37.5000 8447.9512   23.2183
    7.5000  -45.0000  -37.5000 8032.7896   23.1800
   -7.5000  -37.5000  -37.5000 8698.1006   22.9503
    0.0000  -37.5000  -37.5000 9052.6768   22.9329
    7.5000  -37.5000  -37.5000 8600.8945   22.9099
   -7.5000  -30.0000  -37.5000 9665.0625   22.9579
    0.0000  -30.0000  -37.500010044.9990   22.9475
    7.5000  -30.0000  -37.5000 9548.0859   22.9435
   -7.5000  -22.5000  -37.500010600.1992   22.9360
    0.0000  -22.5000  -37.500011024.4912   22.9379
    7.5000  -22.5000  -37.500010473.1660   22.9380
   -7.5000  -15.0000  -37.500011363.3838   22.8927
    0.0000  -15.0000  -37.500011824.1777   22.8970
    7.5000  -15.0000  -37.500011247.1377   22.8869
   -7.5000   -7.5000  -37.500012114.9570   22.8802
    0.0000   -7.5000  -37.500012595.6807   22.8748
    7.5000   -7.5000  -37.500012015.1680   22.8454
   -7.5000    0.0000  -37.500012807.2520   22.9059
    0.0000    0.0000  -37.500013337.0264   22.8910
    7.5000    0.0000  -37.500012703.3916   22.8528
   -7.5000    7.5000  -37.500012509.1904   22.9403
    0.0000    7.5000  -37.500013017.8486   22.9229
    7.5000    7.5000  -37.500012394.7471   22.8998
   -7.5000   15.0000  -37.500012118.0068   22.9579
    0.0000   15.0000  -37.500012608.4961   22.9475
    7.5000   15.0000  -37.500012031.2822   22.9435
   -7.5000   22.5000  -37.500011591.3379   22.9329
    0.0000   22.5000  -37.500012029.3115   22.9348
    7.5000   22.5000  -37.500011482.9971   22.9349
   -7.5000   30.0000  -37.500010941.0156   22.5876
    0.0000   30.0000  -37.500011360.6523   22.5919
    7.5000   30.0000  -37.500010837.0078   22.5819
   -7.5000   37.5000  -37.500010435.7598   22.5753
    0.0000   37.5000  -37.500010832.6758   22.5699
    7.5000   37.5000  -37.500010324.9180   22.5409
   -7.5000   45.0000  -37.5000 9464.3750   22.0268
    0.0000   45.0000  -37.5000 9860.8730   22.0124
    7.5000   45.0000  -37.5000 9418.7676   21.9757
   -7.5000  -45.0000  -30.0000 8725.2646   24.2631
    0.0000  -45.0000  -30.0000 9077.8398   24.2367
    7.5000  -45.0000  -30.0000 8625.2412   24.1909
   -7.5000  -37.5000  -30.0000 9358.4385   23.9589
    0.0000  -37.5000  -30.0000 9727.4189   23.9369
    7.5000  -37.5000  -30.0000 9216.2930   23.9077
   -7.5000  -30.0000  -30.000010415.0205   23.9726
    0.0000  -30.0000  -30.000010812.5283   23.9644
    7.5000  -30.0000  -30.000010245.1992   23.9549
   -7.5000  -22.5000  -30.000011404.9219   23.9679
    0.0000  -22.5000  -30.000011835.4307   23.9705
    7.5000  -22.5000  -30.000011255.6436   23.9641
   -7.5000  -15.0000  -30.000012239.9873   23.9332
    0.0000  -15.0000  -30.000012723.6426   23.9308
    7.5000  -15.0000  -30.000012112.3857   23.9126
   -7.5000   -7.5000  -30.000013025.8135   23.9104
    0.0000   -7.5000  -30.000013541.1367   23.8927
    7.5000   -7.5000  -30.000012916.6807   23.8554
   -7.5000    0.0000  -30.000013768.1592   23.9209
    0.0000    0.0000  -30.000014328.0781   23.8945
    7.5000    0.0000  -30.000013615.5537   23.8491
   -7.5000    7.5000  -30.000013445.8652   23.9484
    0.0000    7.5000  -30.000014005.3740   23.9265
    7.5000    7.5000  -30.000013287.6748   23.8972
   -7.5000   15.0000  -30.000013035.5869   23.9726
    0.0000   15.0000  -30.000013557.1074   23.9644
    7.5000   15.0000  -30.000012893.0889   23.9549
   -7.5000   22.5000  -30.000012402.1367   23.9622
    0.0000   22.5000  -30.000012862.9727   23.9647
    7.5000   22.5000  -30.000012256.0498   23.9584
   -7.5000   30.0000  -30.000011642.1504   23.6165
    0.0000   30.0000  -30.000012100.2246   23.6141
    7.5000   30.0000  -30.000011544.9395   23.5961
   -7.5000   37.5000  -30.000011084.2949   23.5941
    0.0000   37.5000  -30.000011502.4502   23.5765
    7.5000   37.5000  -30.000010990.9473   23.5397
   -7.5000   45.0000  -30.000010086.9346   23.0197
    0.0000   45.0000  -30.000010499.8047   22.9943
    7.5000   45.0000  -30.000010036.9053   22.9506
   -7.5000  -45.0000  -22.5000 9338.1338   25.1180
    0.0000  -45.0000  -22.5000 9679.3008   25.0685
    7.5000  -45.0000  -22.5000 9191.2588   24.9995
   -7.5000  -37.5000  -22.500010006.7051   24.8070
    0.0000  -37.5000  -22.500010367.4688   24.7675
    7.5000  -37.5000  -22.5000 9819.6045   24.7145
   -7.5000  -30.0000  -22.500011097.3223   24.8389
    0.0000  -30.0000  -22.500011498.9629   24.8149
    7.5000  -30.0000  -22.500010910.5186   24.7800
   -7.5000  -22.5000  -22.500012180.7676   24.8475
    0.0000  -22.5000  -22.500012623.3193   24.8294
    7.5000  -22.5000  -22.500011990.1152   24.7971
   -7.5000  -15.0000  -22.500013107.6191   24.8109
    0.0000  -15.0000  -22.500013602.5146   24.7828
    7.5000  -15.0000  -22.500012904.9600   24.7392
   -7.5000   -7.5000  -22.500013944.7900   24.7701
    0.0000   -7.5000  -22.500014483.4336   24.7265
    7.5000   -7.5000  -22.500013784.4717   24.6653
   -7.5000    0.0000  -22.500014688.7402   24.7638
    0.0000    0.0000  -22.500015258.6572   24.7148
    7.5000    0.0000  -22.500014511.5537   24.6468
   -7.5000    7.5000  -22.500014372.1279   24.7961
    0.0000    7.5000  -22.500014923.2646   24.7566
    7.5000    7.5000  -22.500014158.6934   24.7035
   -7.5000   15.0000  -22.500013943.8828   24.8389
    0.0000   15.0000  -22.500014461.4590   24.8149
    7.5000   15.0000  -22.500013742.5332   24.7800
   -7.5000   22.5000  -22.500013216.6035   24.8398
    0.0000   22.5000  -22.500013708.0859   24.8218
    7.5000   22.5000  -22.500013026.9785   24.7895
   -7.5000   30.0000  -22.500012376.7451   24.4863
    0.0000   30.0000  -22.500012816.1797   24.4586
    7.5000   30.0000  -22.500012221.4639   24.4156
   -7.5000   37.5000  -22.500011783.1670   24.4461
    0.0000   37.5000  -22.500012212.7979   24.4031
    7.5000   37.5000  -22.500011647.1895   24.3427
   -7.5000   45.0000  -22.500010714.3525   23.8487
    0.0000   45.0000  -22.500011156.1016   23.8016
    7.5000   45.0000  -22.500010625.7471   23.7360
   -7.5000  -45.0000  -15.0000 9886.0430   25.6886
    0.0000  -45.0000  -15.000010246.7959   25.6283
    7.5000  -45.0000  -15.0000 9716.5732   25.5433
   -7.5000  -37.5000  -15.000010568.0879   25.3832
    0.0000  -37.5000  -15.000010945.4814   25.3303
    7.5000  -37.5000  -15.000010389.1494   25.2594
   -7.5000  -30.0000  -15.000011732.0918   25.4301
    0.0000  -30.0000  -15.000012151.7520   25.3876
    7.5000  -30.0000  -15.000011523.4971   25.3318
   -7.5000  -22.5000  -15.000012923.0605   25.4375
    0.0000  -22.5000  -15.000013364.5742   25.3980
    7.5000  -22.5000  -15.000012654.6660   25.3449
   -7.5000  -15.0000  -15.000013930.7480   25.3896
    0.0000  -15.0000  -15.000014415.1650   25.3428
    7.5000  -15.0000  -15.000013660.3467   25.2806
   -7.5000   -7.5000  -15.000014879.9160   25.3376
    0.0000   -7.5000  -15.000015414.4268   25.2809
    7.5000   -7.5000  -15.000014639.7266   25.2032
   -7.5000    0.0000  -15.000015604.5381   25.3274
    0.0000    0.0000  -15.000016179.7764   25.2675
    7.5000    0.0000  -15.000015401.3574   25.1837
   -7.5000    7.5000  -15.000015177.7412   25.3720
    0.0000    7.5000  -15.000015737.1768   25.3191
    7.5000    7.5000  -15.000014988.5869   25.2481
   -7.5000   15.0000  -15.000014729.9951   25.4301
    0.0000   15.0000  -15.000015241.4893   25.3876
    7.5000   15.0000  -15.000014528.4170   25.3318
   -7.5000   22.5000  -15.000013955.7295   25.4285
    0.0000   22.5000  -15.000014432.5303   25.3890
    7.5000   22.5000  -15.000013741.1826   25.3360
   -7.5000   30.0000  -15.000013042.5400   25.0610
    0.0000   30.0000  -15.000013482.7588   25.0148
    7.5000   30.0000  -15.000012865.7617   24.9534
   -7.5000   37.5000  -15.000012454.0654   25.0097
    0.0000   37.5000  -15.000012925.3633   24.9537
    7.5000   37.5000  -15.000012302.5000   24.8770
   -7.5000   45.0000  -15.000011347.0557   24.4063
    0.0000   45.0000  -15.000011812.7500   24.3485
    7.5000   45.0000  -15.000011247.6279   24.2678
   -7.5000  -45.0000   -7.500010489.3848   25.9279
    0.0000  -45.0000   -7.500010847.4238   25.8799
    7.5000  -45.0000   -7.500010297.4141   25.8042
   -7.5000  -37.5000   -7.500011171.3857   25.6289
    0.0000  -37.5000   -7.500011573.1484   25.5805
    7.5000  -37.5000   -7.500010993.2979   25.5186
   -7.5000  -30.0000   -7.500012384.1338   25.6712
    0.0000  -30.0000   -7.500012828.2393   25.6265
    7.5000  -30.0000   -7.500012162.4561   25.5794
   -7.5000  -22.5000   -7.500013595.1260   25.6614
    0.0000  -22.5000   -7.500014060.4160   25.6218
    7.5000  -22.5000   -7.500013316.3838   25.5778
   -7.5000  -15.0000   -7.500014687.0400   25.6023
    0.0000  -15.0000   -7.500015173.0654   25.5629
    7.5000  -15.0000   -7.500014341.8428   25.5105
   -7.5000   -7.5000   -7.500015846.6104   25.5589
    0.0000   -7.5000   -7.500016395.4336   25.5149
    7.5000   -7.5000   -7.500015439.0586   25.4462
   -7.5000    0.0000   -7.500016691.3379   25.5643
    0.0000    0.0000   -7.500017319.4551   25.5162
    7.5000    0.0000   -7.500016451.1934   25.4412
   -7.5000    7.5000   -7.500016034.0479   25.6175
    0.0000    7.5000   -7.500016594.0918   25.5691
    7.5000    7.5000   -7.500015971.0078   25.5072
   -7.5000   15.0000   -7.500015458.8135   25.6712
    0.0000   15.0000   -7.500016018.5713   25.6265
    7.5000   15.0000   -7.500015374.5078   25.5794
   -7.5000   22.5000   -7.500014656.0498   25.6496
    0.0000   22.5000   -7.500015199.0498   25.6100
    7.5000   22.5000   -7.500014498.0947   25.5660
   -7.5000   30.0000   -7.500013738.5566   25.2703
    0.0000   30.0000   -7.500014238.6289   25.2314
    7.5000   30.0000   -7.500013555.3301   25.1797
   -7.5000   37.5000   -7.500013166.9072   25.2274
    0.0000   37.5000   -7.500013680.3008   25.1840
    7.5000   37.5000   -7.500012955.0068   25.1162
   -7.5000   45.0000   -7.500012047.6582   24.6392
    0.0000   45.0000   -7.500012550.5244   24.5928
    7.5000   45.0000   -7.500011835.7031   24.5205
   -7.5000  -45.0000    0.000010959.1074   25.9571
    0.0000  -45.0000    0.000011357.8145   25.9310
    7.5000  -45.0000    0.000010776.9395   25.8758
   -7.5000  -37.5000    0.000011706.2783   25.6549
    0.0000  -37.5000    0.000012136.5723   25.6230
    7.5000  -37.5000    0.000011537.0498   25.5835
   -7.5000  -30.0000    0.000012975.8945   25.6767
    0.0000  -30.0000    0.000013437.2666   25.6472
    7.5000  -30.0000    0.000012774.4902   25.6261
   -7.5000  -22.5000    0.000014169.2588   25.6488
    0.0000  -22.5000    0.000014667.3359   25.6297
    7.5000  -22.5000    0.000013974.5889   25.6128
   -7.5000  -15.0000    0.000015270.9961   25.5891
    0.0000  -15.0000    0.000015762.5664   25.5752
    7.5000  -15.0000    0.000014994.2891   25.5486
   -7.5000   -7.5000    0.000016683.7422   25.5662
    0.0000   -7.5000    0.000017277.0273   25.5474
    7.5000   -7.5000    0.000016151.8164   25.5010
   -7.5000    0.0000    0.000017949.5410   25.5930
    0.0000    0.0000    0.000018638.0820   25.5664
    7.5000    0.0000    0.000017376.2266   25.5113
   -7.5000    7.5000    0.000017144.9531   25.6436
    0.0000    7.5000    0.000017873.3203   25.6117
    7.5000    7.5000    0.000016983.7070   25.5722
   -7.5000   15.0000    0.000016459.1562   25.6767
    0.0000   15.0000    0.000017113.6953   25.6472
    7.5000   15.0000    0.000016287.3428   25.6261
   -7.5000   22.5000    0.000015530.6260   25.6370
    0.0000   22.5000    0.000016129.3154   25.6179
    7.5000   22.5000    0.000015277.1904   25.6010
   -7.5000   30.0000    0.000014506.6143   25.2579
    0.0000   30.0000    0.000014998.8281   25.2442
    7.5000   30.0000    0.000014201.8877   25.2179
   -7.5000   37.5000    0.000013897.2061   25.2353
    0.0000   37.5000    0.000014335.4443   25.2168
    7.5000   37.5000    0.000013564.0273   25.1710
   -7.5000   45.0000    0.000012705.1904   24.6687
    0.0000   45.0000    0.000013142.2119   24.6431
    7.5000   45.0000    0.000012414.3076   24.5900
   -7.5000  -45.0000    7.500010605.9941   25.9980
    0.0000  -45.0000    7.500011008.4414   25.9818
    7.5000  -45.0000    7.500010441.3535   25.9390
   -7.5000  -37.5000    7.500011289.3008   25.6820
    0.0000  -37.5000    7.500011752.3350   25.6625
    7.5000  -37.5000    7.500011171.5889   25.6367
   -7.5000  -30.0000    7.500012429.0029   25.6905
    0.0000  -30.0000    7.500012971.8027   25.6788
    7.5000  -30.0000    7.500012377.8291   25.6744
   -7.5000  -22.5000    7.500013535.4189   25.6660
    0.0000  -22.5000    7.500014095.4355   25.6681
    7.5000  -22.5000    7.500013523.9316   25.6682
   -7.5000  -15.0000    7.500014585.9131   25.6175
    0.0000  -15.0000    7.500015176.7324   25.6223
    7.5000  -15.0000    7.500014495.7305   25.6110
   -7.5000   -7.5000    7.500015923.3037   25.6035
    0.0000   -7.5000    7.500016572.4863   25.5974
    7.5000   -7.5000    7.500015567.4258   25.5645
   -7.5000    0.0000    7.500017118.3789   25.6323
    0.0000    0.0000    7.500017722.7832   25.6156
    7.5000    0.0000    7.500016649.4277   25.5728
   -7.5000    7.5000    7.500016802.7715   25.6707
    0.0000    7.5000    7.500017223.3008   25.6513
    7.5000    7.5000    7.500016281.8135   25.6254
   -7.5000   15.0000    7.500016316.2637   25.6905
    0.0000   15.0000    7.500016662.0410   25.6788
    7.5000   15.0000    7.500015730.9326   25.6744
   -7.5000   22.5000    7.500015232.3809   25.6542
    0.0000   22.5000    7.500015588.1152   25.6563
    7.5000   22.5000    7.500014744.4561   25.6564
   -7.5000   30.0000    7.500014038.5781   25.2860
    0.0000   30.0000    7.500014365.9111   25.2907
    7.5000   30.0000    7.500013649.3213   25.2795
   -7.5000   37.5000    7.500013371.3164   25.2721
    0.0000   37.5000    7.500013725.8486   25.2662
    7.5000   37.5000    7.500013029.1875   25.2337
   -7.5000   45.0000    7.500012202.8184   24.7066
    0.0000   45.0000    7.500012625.3730   24.6905
    7.5000   45.0000    7.500011932.2705   24.6492
   -7.5000  -45.0000   15.000010082.2998   26.0569
    0.0000  -45.0000   15.000010500.5527   26.0286
    7.5000  -45.0000   15.0000 9941.7656   25.9795
   -7.5000  -37.5000   15.000010713.8301   25.7300
    0.0000  -37.5000   15.000011186.9844   25.7066
    7.5000  -37.5000   15.000010660.0059   25.6752
   -7.5000  -30.0000   15.000011779.9385   25.7446
    0.0000  -30.0000   15.000012304.9668   25.7360
    7.5000  -30.0000   15.000011806.2451   25.7257
   -7.5000  -22.5000   15.000012859.0645   25.7396
    0.0000  -22.5000   15.000013422.5605   25.7423
    7.5000  -22.5000   15.000012891.3535   25.7355
   -7.5000  -15.0000   15.000013947.3750   25.7023
    0.0000  -15.0000   15.000014544.1123   25.6998
    7.5000  -15.0000   15.000013827.5635   25.6802
   -7.5000   -7.5000   15.000015117.8047   25.6780
    0.0000   -7.5000   15.000015689.5430   25.6590
    7.5000   -7.5000   15.000014843.3770   25.6190
   -7.5000    0.0000   15.000016025.3320   25.6893
    0.0000    0.0000   15.000016507.9395   25.6611
    7.5000    0.0000   15.000015739.7119   25.6124
   -7.5000    7.5000   15.000015703.7559   25.7188
    0.0000    7.5000   15.000016096.3809   25.6954
    7.5000    7.5000   15.000015334.0732   25.6639
   -7.5000   15.0000   15.000015365.3555   25.7446
    0.0000   15.0000   15.000015768.2070   25.7360
    7.5000   15.0000   15.000014936.6758   25.7257
   -7.5000   22.5000   15.000014476.5820   25.7277
    0.0000   22.5000   15.000014922.4990   25.7305
    7.5000   22.5000   15.000014081.9551   25.7236
   -7.5000   30.0000   15.000013354.0938   25.3697
    0.0000   30.0000   15.000013727.5859   25.3672
    7.5000   30.0000   15.000012991.3535   25.3478
   -7.5000   37.5000   15.000012702.2441   25.3457
    0.0000   37.5000   15.000013080.4102   25.3269
    7.5000   37.5000   15.000012378.4062   25.2874
   -7.5000   45.0000   15.000011584.8789   24.7615
    0.0000   45.0000   15.000011965.8594   24.7343
    7.5000   45.0000   15.000011306.6924   24.6874
   -7.5000  -45.0000   22.5000 9461.2725   26.0932
    0.0000  -45.0000   22.5000 9862.1631   26.0422
    7.5000  -45.0000   22.5000 9368.9502   25.9701
   -7.5000  -37.5000   22.500010051.8252   25.7700
    0.0000  -37.5000   22.500010505.9814   25.7293
    7.5000  -37.5000   22.500010001.3447   25.6739
   -7.5000  -30.0000   22.500011070.2979   25.8030
    0.0000  -30.0000   22.500011572.2275   25.7783
    7.5000  -30.0000   22.500011053.9609   25.7418
   -7.5000  -22.5000   22.500012140.7588   25.8116
    0.0000  -22.5000   22.500012651.8301   25.7930
    7.5000  -22.5000   22.500012058.8359   25.7592
   -7.5000  -15.0000   22.500013089.2129   25.7735
    0.0000  -15.0000   22.500013635.4160   25.7445
    7.5000  -15.0000   22.500012951.3994   25.6989
   -7.5000   -7.5000   22.500014061.7998   25.7313
    0.0000   -7.5000   22.500014541.2471   25.6863
    7.5000   -7.5000   22.500013882.6084   25.6224
   -7.5000    0.0000   22.500014808.0771   25.7250
    0.0000    0.0000   22.500015243.2227   25.6745
    7.5000    0.0000   22.500014651.4912   25.6035
   -7.5000    7.5000   22.500014523.5859   25.7587
    0.0000    7.5000   22.500014949.4795   25.7180
    7.5000    7.5000   22.500014311.5029   25.6625
   -7.5000   15.0000   22.500014200.7822   25.8030
    0.0000   15.0000   22.500014666.0840   25.7783
    7.5000   15.0000   22.500013995.7227   25.7418
   -7.5000   22.5000   22.500013440.2773   25.7998
    0.0000   22.5000   22.500013877.3301   25.7812
    7.5000   22.5000   22.500013231.0928   25.7474
   -7.5000   30.0000   22.500012459.3525   25.4399
    0.0000   30.0000   22.500012821.6865   25.4113
    7.5000   30.0000   22.500012206.0723   25.3663
   -7.5000   37.5000   22.500011867.1533   25.3983
    0.0000   37.5000   22.500012207.8887   25.3539
    7.5000   37.5000   22.500011617.6602   25.2908
   -7.5000   45.0000   22.500010779.5039   24.7959
    0.0000   45.0000   22.500011115.6699   24.7472
    7.5000   45.0000   22.500010568.1074   24.6788
   -7.5000  -45.0000   30.0000 8767.5049   26.2935
    0.0000  -45.0000   30.0000 9143.3555   26.2323
    7.5000  -45.0000   30.0000 8672.2998   26.1442
   -7.5000  -37.5000   30.0000 9310.2891   25.9782
    0.0000  -37.5000   30.0000 9714.0576   25.9241
    7.5000  -37.5000   30.0000 9239.1846   25.8503
   -7.5000  -30.0000   30.000010275.5635   26.0265
    0.0000  -30.0000   30.000010699.9375   25.9831
    7.5000  -30.0000   30.000010198.5146   25.9250
   -7.5000  -22.5000   30.000011240.2500   26.0341
    0.0000  -22.5000   30.000011691.9795   25.9942
    7.5000  -22.5000   30.000011128.0742   25.9393
   -7.5000  -15.0000   30.000012094.3369   25.9846
    0.0000  -15.0000   30.000012579.7705   25.9376
    7.5000  -15.0000   30.000011996.9766   25.8736
   -7.5000   -7.5000   30.000012954.4453   25.9306
    0.0000   -7.5000   30.000013377.0029   25.8735
    7.5000   -7.5000   30.000012819.6855   25.7934
   -7.5000    0.0000   30.000013606.6680   25.9203
    0.0000    0.0000   30.000014035.7373   25.8595
    7.5000    0.0000   30.000013497.8018   25.7727
   -7.5000    7.5000   30.000013316.3838   25.9666
    0.0000    7.5000   30.000013759.1680   25.9125
    7.5000    7.5000   30.000013194.7695   25.8387
   -7.5000   15.0000   30.000013027.1680   26.0265
    0.0000   15.0000   30.000013477.5947   25.9831
    7.5000   15.0000   30.000012896.3535   25.9250
   -7.5000   22.5000   30.000012355.7803   26.0221
    0.0000   22.5000   30.000012780.4297   25.9822
    7.5000   22.5000   30.000012213.6338   25.9274
   -7.5000   30.0000   30.000011439.9199   25.6483
    0.0000   30.0000   30.000011803.7959   25.6019
    7.5000   30.0000   30.000011279.2021   25.5387
   -7.5000   37.5000   30.000010917.5020   25.5951
    0.0000   37.5000   30.000011270.1416   25.5387
    7.5000   37.5000   30.000010738.5635   25.4596
   -7.5000   45.0000   30.0000 9935.0625   24.9842
    0.0000   45.0000   30.000010254.7998   24.9256
    7.5000   45.0000   30.0000 9767.9258   24.8419
   -7.5000  -45.0000   37.5000 8434.9473   26.7584
    0.0000  -45.0000   37.5000 8771.7881   26.7104
    7.5000  -45.0000   37.5000 8361.3848   26.6307
   -7.5000  -37.5000   37.5000 8965.2148   26.4398
    0.0000  -37.5000   37.5000 9324.1396   26.3921
    7.5000  -37.5000   37.5000 8885.9541   26.3268
   -7.5000  -30.0000   37.5000 9877.4521   26.4845
    0.0000  -30.0000   37.500010273.7764   26.4409
    7.5000  -30.0000   37.5000 9800.0674   26.3913
   -7.5000  -22.5000   37.500010773.4551   26.4751
    0.0000  -22.5000   37.500011225.3779   26.4362
    7.5000  -22.5000   37.500010688.7930   26.3900
   -7.5000  -15.0000   37.500011579.4570   26.4139
    0.0000  -15.0000   37.500012060.8506   26.3743
    7.5000  -15.0000   37.500011516.9551   26.3190
   -7.5000   -7.5000   37.500012360.9971   26.3676
    0.0000   -7.5000   37.500012823.1680   26.3231
    7.5000   -7.5000   37.500012275.9814   26.2508
   -7.5000    0.0000   37.500012992.8682   26.3721
    0.0000    0.0000   37.500013482.6768   26.3240
    7.5000    0.0000   37.500012938.4512   26.2450
   -7.5000    7.5000   37.500012696.1982   26.4277
    0.0000    7.5000   37.500013178.1797   26.3800
    7.5000    7.5000   37.500012656.8135   26.3147
   -7.5000   15.0000   37.500012407.1211   26.4844
    0.0000   15.0000   37.500012874.6572   26.4409
    7.5000   15.0000   37.500012328.9033   26.3913
   -7.5000   22.5000   37.500011781.1855   26.4629
    0.0000   22.5000   37.500012198.4082   26.4240
    7.5000   22.5000   37.500011670.2305   26.3778
   -7.5000   30.0000   37.500010874.4639   26.0720
    0.0000   30.0000   37.500011259.9258   26.0329
    7.5000   30.0000   37.500010778.7490   25.9784
   -7.5000   37.5000   37.500010408.3779   26.0263
    0.0000   37.5000   37.500010775.0840   25.9824
    7.5000   37.5000   37.500010297.8691   25.9111
   -7.5000   45.0000   37.5000 9450.8594   25.4197
    0.0000   45.0000   37.5000 9802.6055   25.3733
    7.5000   45.0000   37.5000 9350.2939   25.2972
   -7.5000  -45.0000   45.0000 7781.8252   27.4348
    0.0000  -45.0000   45.0000 8100.8760   27.4082
    7.5000  -45.0000   45.0000 7731.0220   27.3445
   -7.5000  -37.5000   45.0000 8299.3408   27.0948
    0.0000  -37.5000   45.0000 8629.1738   27.0620
    7.5000  -37.5000   45.0000 8224.2959   27.0159
   -7.5000  -30.0000   45.0000 9147.7842   27.1209
    0.0000  -30.0000   45.0000 9516.4004   27.0901
    7.5000  -30.0000   45.0000 9065.1445   27.0640
   -7.5000  -22.5000   45.0000 9947.0029   27.0920
    0.0000  -22.5000   45.000010379.6045   27.0716
    7.5000  -22.5000   45.0000 9894.4658   27.0496
   -7.5000  -15.0000   45.000010653.1973   27.0260
    0.0000  -15.0000   45.000011135.2705   27.0111
    7.5000  -15.0000   45.000010638.4248   26.9780
   -7.5000   -7.5000   45.000011359.4541   26.9985
    0.0000   -7.5000   45.000011848.8311   26.9790
    7.5000   -7.5000   45.000011330.9082   26.9243
   -7.5000    0.0000   45.000011942.7334   27.0257
    0.0000    0.0000   45.000012469.3926   26.9986
    7.5000    0.0000   45.000011923.1162   26.9352
   -7.5000    7.5000   45.000011655.4639   27.0820
    0.0000    7.5000   45.000012136.0342   27.0493
    7.5000    7.5000   45.000011633.2930   27.0032
   -7.5000   15.0000   45.000011378.1943   27.1209
    0.0000   15.0000   45.000011817.6582   27.0901
    7.5000   15.0000   45.000011327.4561   27.0640
   -7.5000   22.5000   45.000010820.1338   27.0794
    0.0000   22.5000   45.000011226.1084   27.0590
    7.5000   22.5000   45.000010754.6826   27.0371
   -7.5000   30.0000   45.0000 9988.6045   26.6739
    0.0000   30.0000   45.000010361.4453   26.6592
    7.5000   30.0000   45.0000 9921.4111   26.6265
   -7.5000   37.5000   45.0000 9543.4307   26.6468
    0.0000   37.5000   45.0000 9904.6230   26.6275
    7.5000   37.5000   45.0000 9476.3320   26.5736
   -7.5000   45.0000   45.0000 8673.0400   26.0615
    0.0000   45.0000   45.0000 9005.3477   26.0353
    7.5000   45.0000   45.0000 8620.5879   25.9742

---------------------------------------------------------------------
imgreg_4dfp /opt/freesurfer/average/711-2C_as_mni_average_305 /opt/freesurfer/average/711-2B_as_mni_average_305_mask talsrcimg_g11 none talsrcimg_to_711-2C_as_mni_average_305_t4 4355
---------------------------------------------------------------------

freesurfer imgreg_4dfp.c
/opt/freesurfer/average/711-2C_as_mni_average_305.4dfp.img
       256       256       256         1
  1.000000  1.000000  1.000000
orientation T byte_order littleendian
Reading image: /opt/freesurfer/average/711-2C_as_mni_average_305.4dfp.img
dimensions:      256       256       256
mmppix:       1.0000   -1.0000   -1.0000
center:     128.0000 -129.0000 -129.0000
/opt/freesurfer/average/711-2B_as_mni_average_305_mask.4dfp.img
       256       256       256         1
  1.000000  1.000000  1.000000
orientation T byte_order littleendian
Reading mask: /opt/freesurfer/average/711-2B_as_mni_average_305_mask.4dfp.img (2306576 pixels)
talsrcimg_g11.4dfp.img
       256       256       256         1
  1.000000  1.000000  1.000000
orientation T byte_order littleendian
Reading image: talsrcimg_g11.4dfp.img
dimensions:      256       256       256
mmppix:       1.0000   -1.0000   -1.0000
center:     128.0000 -129.0000 -129.0000
rotation matrix determinant  1.000000
image alignment mode   4355 decimal     1103 hex
   -7.5000  -45.0000  -45.0000 2102.5676   27.9867
    0.0000  -45.0000  -45.0000 2102.1509   28.0376
    7.5000  -45.0000  -45.0000 2071.2559   28.5305
   -7.5000  -37.5000  -45.0000 2215.3037   25.5556
    0.0000  -37.5000  -45.0000 2217.1653   25.6095
    7.5000  -37.5000  -45.0000 2181.0583   25.9635
   -7.5000  -30.0000  -45.0000 2304.9365   23.6490
    0.0000  -30.0000  -45.0000 2312.1523   23.6809
    7.5000  -30.0000  -45.0000 2275.4451   24.0054
   -7.5000  -22.5000  -45.0000 2374.1575   22.1508
    0.0000  -22.5000  -45.0000 2375.1973   22.2037
    7.5000  -22.5000  -45.0000 2340.8704   22.5611
   -7.5000  -15.0000  -45.0000 2411.4749   21.2144
    0.0000  -15.0000  -45.0000 2403.6580   21.2100
    7.5000  -15.0000  -45.0000 2374.3682   21.5892
   -7.5000   -7.5000  -45.0000 2436.9761   20.7571
    0.0000   -7.5000  -45.0000 2435.7908   20.7689
    7.5000   -7.5000  -45.0000 2398.7766   21.1051
   -7.5000    0.0000  -45.0000 2434.6233   20.6235
    0.0000    0.0000  -45.0000 2434.4458   20.6170
    7.5000    0.0000  -45.0000 2403.3503   21.0168
   -7.5000    7.5000  -45.0000 2420.5691   20.8422
    0.0000    7.5000  -45.0000 2424.8962   20.8256
    7.5000    7.5000  -45.0000 2394.4163   21.2389
   -7.5000   15.0000  -45.0000 2398.3977   21.3977
    0.0000   15.0000  -45.0000 2407.9463   21.4090
    7.5000   15.0000  -45.0000 2369.3391   21.8037
   -7.5000   22.5000  -45.0000 2366.1057   22.2806
    0.0000   22.5000  -45.0000 2372.4824   22.1871
    7.5000   22.5000  -45.0000 2339.4995   22.6581
   -7.5000   30.0000  -45.0000 2305.1089   23.4536
    0.0000   30.0000  -45.0000 2308.4014   23.3987
    7.5000   30.0000  -45.0000 2279.4766   23.7982
   -7.5000   37.5000  -45.0000 2227.3425   25.1865
    0.0000   37.5000  -45.0000 2231.3186   25.0497
    7.5000   37.5000  -45.0000 2196.7891   25.4711
   -7.5000   45.0000  -45.0000 2131.7971   27.4270
    0.0000   45.0000  -45.0000 2130.1658   27.4029
    7.5000   45.0000  -45.0000 2097.4343   27.8364
   -7.5000  -45.0000  -37.5000 2175.8145   26.3551
    0.0000  -45.0000  -37.5000 2179.4785   26.3733
    7.5000  -45.0000  -37.5000 2139.4045   26.6995
   -7.5000  -37.5000  -37.5000 2294.5759   23.9611
    0.0000  -37.5000  -37.5000 2296.4890   23.9642
    7.5000  -37.5000  -37.5000 2253.9226   24.2629
   -7.5000  -30.0000  -37.5000 2393.5056   22.0982
    0.0000  -30.0000  -37.5000 2390.9690   22.1218
    7.5000  -30.0000  -37.5000 2349.0688   22.4423
   -7.5000  -22.5000  -37.5000 2461.3879   20.7022
    0.0000  -22.5000  -37.5000 2462.4507   20.7090
    7.5000  -22.5000  -37.5000 2419.5769   20.9942
   -7.5000  -15.0000  -37.5000 2497.3650   19.6200
    0.0000  -15.0000  -37.5000 2496.0471   19.6420
    7.5000  -15.0000  -37.5000 2462.0859   20.0025
   -7.5000   -7.5000  -37.5000 2527.9910   19.1282
    0.0000   -7.5000  -37.5000 2526.5933   19.1355
    7.5000   -7.5000  -37.5000 2489.6697   19.5055
   -7.5000    0.0000  -37.5000 2538.4756   19.0179
    0.0000    0.0000  -37.5000 2543.8464   19.0439
    7.5000    0.0000  -37.5000 2507.1990   19.3729
   -7.5000    7.5000  -37.5000 2529.3503   19.2800
    0.0000    7.5000  -37.5000 2533.7749   19.2259
    7.5000    7.5000  -37.5000 2500.4431   19.5939
   -7.5000   15.0000  -37.5000 2501.9197   19.8018
    0.0000   15.0000  -37.5000 2509.9871   19.7778
    7.5000   15.0000  -37.5000 2473.0908   20.1423
   -7.5000   22.5000  -37.5000 2466.8257   20.6644
    0.0000   22.5000  -37.5000 2471.7092   20.5569
    7.5000   22.5000  -37.5000 2436.1729   20.9818
   -7.5000   30.0000  -37.5000 2401.3494   21.8083
    0.0000   30.0000  -37.5000 2405.0728   21.7400
    7.5000   30.0000  -37.5000 2372.7261   22.0615
   -7.5000   37.5000  -37.5000 2324.9128   23.3779
    0.0000   37.5000  -37.5000 2329.2017   23.3144
    7.5000   37.5000  -37.5000 2290.0308   23.6706
   -7.5000   45.0000  -37.5000 2214.3726   25.4929
    0.0000   45.0000  -37.5000 2222.5447   25.4368
    7.5000   45.0000  -37.5000 2183.8579   25.8151
   -7.5000  -45.0000  -30.0000 2277.9854   25.7389
    0.0000  -45.0000  -30.0000 2281.0276   25.6379
    7.5000  -45.0000  -30.0000 2243.8083   25.9910
   -7.5000  -37.5000  -30.0000 2403.2229   23.3275
    0.0000  -37.5000  -30.0000 2404.3662   23.2346
    7.5000  -37.5000  -30.0000 2359.1848   23.5545
   -7.5000  -30.0000  -30.0000 2513.1309   21.4436
    0.0000  -30.0000  -30.0000 2509.7676   21.3990
    7.5000  -30.0000  -30.0000 2461.1357   21.6888
   -7.5000  -22.5000  -30.0000 2580.5491   19.9929
    0.0000  -22.5000  -30.0000 2579.3726   19.9733
    7.5000  -22.5000  -30.0000 2537.5090   20.2366
   -7.5000  -15.0000  -30.0000 2626.9434   18.9974
    0.0000  -15.0000  -30.0000 2625.2830   18.9531
    7.5000  -15.0000  -30.0000 2588.5962   19.2517
   -7.5000   -7.5000  -30.0000 2659.5093   18.3338
    0.0000   -7.5000  -30.0000 2657.4641   18.3247
    7.5000   -7.5000  -30.0000 2620.0315   18.6903
   -7.5000    0.0000  -30.0000 2680.4573   18.1641
    0.0000    0.0000  -30.0000 2679.5132   18.1614
    7.5000    0.0000  -30.0000 2642.8013   18.4573
   -7.5000    7.5000  -30.0000 2674.8936   18.4381
    0.0000    7.5000  -30.0000 2680.0198   18.3507
    7.5000    7.5000  -30.0000 2640.0154   18.6958
   -7.5000   15.0000  -30.0000 2654.3416   18.9976
    0.0000   15.0000  -30.0000 2657.3623   18.9577
    7.5000   15.0000  -30.0000 2619.5410   19.3296
   -7.5000   22.5000  -30.0000 2615.8152   19.9108
    0.0000   22.5000  -30.0000 2619.6592   19.8012
    7.5000   22.5000  -30.0000 2577.9021   20.1810
   -7.5000   30.0000  -30.0000 2538.8914   21.0140
    0.0000   30.0000  -30.0000 2544.7644   20.9081
    7.5000   30.0000  -30.0000 2508.9019   21.2382
   -7.5000   37.5000  -30.0000 2452.6973   22.5270
    0.0000   37.5000  -30.0000 2451.4424   22.4523
    7.5000   37.5000  -30.0000 2418.5139   22.8209
   -7.5000   45.0000  -30.0000 2337.9648   24.6435
    0.0000   45.0000  -30.0000 2345.0789   24.4987
    7.5000   45.0000  -30.0000 2306.0598   24.9021
   -7.5000  -45.0000  -22.5000 2353.1345   25.0214
    0.0000  -45.0000  -22.5000 2351.4944   24.8686
    7.5000  -45.0000  -22.5000 2311.2441   25.2504
   -7.5000  -37.5000  -22.5000 2485.1582   22.6469
    0.0000  -37.5000  -22.5000 2482.0444   22.4980
    7.5000  -37.5000  -22.5000 2432.4729   22.8185
   -7.5000  -30.0000  -22.5000 2588.6731   20.7272
    0.0000  -30.0000  -22.5000 2584.7671   20.6317
    7.5000  -30.0000  -22.5000 2538.3694   20.8970
   -7.5000  -22.5000  -22.5000 2670.9863   19.2473
    0.0000  -22.5000  -22.5000 2668.2834   19.1853
    7.5000  -22.5000  -22.5000 2628.4570   19.4245
   -7.5000  -15.0000  -22.5000 2727.1736   18.2274
    0.0000  -15.0000  -22.5000 2730.4778   18.1842
    7.5000  -15.0000  -22.5000 2685.6311   18.4247
   -7.5000   -7.5000  -22.5000 2767.4814   17.5290
    0.0000   -7.5000  -22.5000 2766.0728   17.4890
    7.5000   -7.5000  -22.5000 2725.7825   17.8147
   -7.5000    0.0000  -22.5000 2789.2986   17.1861
    0.0000    0.0000  -22.5000 2788.2751   17.1990
    7.5000    0.0000  -22.5000 2745.5894   17.4927
   -7.5000    7.5000  -22.5000 2788.9717   17.3852
    0.0000    7.5000  -22.5000 2788.9875   17.3269
    7.5000    7.5000  -22.5000 2748.3496   17.7160
   -7.5000   15.0000  -22.5000 2770.8477   18.0296
    0.0000   15.0000  -22.5000 2776.8748   17.9626
    7.5000   15.0000  -22.5000 2735.6597   18.3549
   -7.5000   22.5000  -22.5000 2731.6138   18.9406
    0.0000   22.5000  -22.5000 2737.0007   18.8661
    7.5000   22.5000  -22.5000 2693.1550   19.1991
   -7.5000   30.0000  -22.5000 2648.9702   20.0413
    0.0000   30.0000  -22.5000 2653.6707   19.9501
    7.5000   30.0000  -22.5000 2618.5569   20.3205
   -7.5000   37.5000  -22.5000 2553.2437   21.5556
    0.0000   37.5000  -22.5000 2552.9033   21.4388
    7.5000   37.5000  -22.5000 2520.7756   21.8307
   -7.5000   45.0000  -22.5000 2429.1021   23.6499
    0.0000   45.0000  -22.5000 2434.8501   23.4956
    7.5000   45.0000  -22.5000 2395.3237   23.9143
   -7.5000  -45.0000  -15.0000 2394.7300   24.3718
    0.0000  -45.0000  -15.0000 2391.5557   24.2446
    7.5000  -45.0000  -15.0000 2344.8745   24.5882
   -7.5000  -37.5000  -15.0000 2519.6863   22.0168
    0.0000  -37.5000  -15.0000 2518.2595   21.8971
    7.5000  -37.5000  -15.0000 2471.0603   22.2081
   -7.5000  -30.0000  -15.0000 2625.0999   20.0963
    0.0000  -30.0000  -15.0000 2625.7339   19.9644
    7.5000  -30.0000  -15.0000 2580.5269   20.2673
   -7.5000  -22.5000  -15.0000 2726.2065   18.5912
    0.0000  -22.5000  -15.0000 2724.5503   18.4960
    7.5000  -22.5000  -15.0000 2680.5818   18.7444
   -7.5000  -15.0000  -15.0000 2793.3042   17.4811
    0.0000  -15.0000  -15.0000 2794.7151   17.4202
    7.5000  -15.0000  -15.0000 2755.5728   17.6809
   -7.5000   -7.5000  -15.0000 2846.1218   16.7280
    0.0000   -7.5000  -15.0000 2848.1001   16.7254
    7.5000   -7.5000  -15.0000 2806.9204   17.0209
   -7.5000    0.0000  -15.0000 2876.2930   16.3551
    0.0000    0.0000  -15.0000 2877.4861   16.3592
    7.5000    0.0000  -15.0000 2827.4958   16.7310
   -7.5000    7.5000  -15.0000 2870.1685   16.3930
    0.0000    7.5000  -15.0000 2871.2632   16.3602
    7.5000    7.5000  -15.0000 2826.9109   16.8782
   -7.5000   15.0000  -15.0000 2851.9819   17.0408
    0.0000   15.0000  -15.0000 2855.3638   17.0010
    7.5000   15.0000  -15.0000 2815.1570   17.4265
   -7.5000   22.5000  -15.0000 2808.1516   17.9477
    0.0000   22.5000  -15.0000 2811.2407   17.8771
    7.5000   22.5000  -15.0000 2772.1018   18.3184
   -7.5000   30.0000  -15.0000 2716.2510   19.1423
    0.0000   30.0000  -15.0000 2721.3662   19.0591
    7.5000   30.0000  -15.0000 2690.4011   19.5181
   -7.5000   37.5000  -15.0000 2619.2449   20.7252
    0.0000   37.5000  -15.0000 2622.4832   20.5911
    7.5000   37.5000  -15.0000 2586.8083   21.0767
   -7.5000   45.0000  -15.0000 2489.9600   22.7611
    0.0000   45.0000  -15.0000 2494.5276   22.6408
    7.5000   45.0000  -15.0000 2452.2634   23.1229
   -7.5000  -45.0000   -7.5000 2420.2798   23.8938
    0.0000  -45.0000   -7.5000 2415.6838   23.7756
    7.5000  -45.0000   -7.5000 2371.5586   24.2239
   -7.5000  -37.5000   -7.5000 2539.8918   21.5372
    0.0000  -37.5000   -7.5000 2539.7917   21.3530
    7.5000  -37.5000   -7.5000 2498.2366   21.7851
   -7.5000  -30.0000   -7.5000 2649.7969   19.5911
    0.0000  -30.0000   -7.5000 2651.3474   19.4377
    7.5000  -30.0000   -7.5000 2602.7771   19.8086
   -7.5000  -22.5000   -7.5000 2750.1667   18.0198
    0.0000  -22.5000   -7.5000 2755.1724   17.9113
    7.5000  -22.5000   -7.5000 2706.7568   18.2563
   -7.5000  -15.0000   -7.5000 2826.6025   16.8442
    0.0000  -15.0000   -7.5000 2837.1157   16.7683
    7.5000  -15.0000   -7.5000 2791.1267   17.0704
   -7.5000   -7.5000   -7.5000 2905.2354   16.1287
    0.0000   -7.5000   -7.5000 2908.5801   16.0838
    7.5000   -7.5000   -7.5000 2859.2871   16.3408
   -7.5000    0.0000   -7.5000 2949.2012   15.7863
    0.0000    0.0000   -7.5000 2960.3813   15.8029
    7.5000    0.0000   -7.5000 2899.2356   16.1153
   -7.5000    7.5000   -7.5000 2938.3516   15.6357
    0.0000    7.5000   -7.5000 2946.5278   15.7003
    7.5000    7.5000   -7.5000 2896.7358   16.3363
   -7.5000   15.0000   -7.5000 2898.9626   16.2404
    0.0000   15.0000   -7.5000 2908.9192   16.2219
    7.5000   15.0000   -7.5000 2867.5615   16.7887
   -7.5000   22.5000   -7.5000 2851.2974   17.1740
    0.0000   22.5000   -7.5000 2860.9353   17.1246
    7.5000   22.5000   -7.5000 2815.5991   17.6583
   -7.5000   30.0000   -7.5000 2765.3850   18.4220
    0.0000   30.0000   -7.5000 2777.2874   18.3831
    7.5000   30.0000   -7.5000 2736.9456   18.8193
   -7.5000   37.5000   -7.5000 2656.8840   20.0694
    0.0000   37.5000   -7.5000 2665.1965   20.0173
    7.5000   37.5000   -7.5000 2625.1863   20.4235
   -7.5000   45.0000   -7.5000 2520.1252   22.1937
    0.0000   45.0000   -7.5000 2528.4436   22.1297
    7.5000   45.0000   -7.5000 2483.8696   22.5414
   -7.5000  -45.0000    0.0000 2423.8540   23.6381
    0.0000  -45.0000    0.0000 2421.8577   23.5280
    7.5000  -45.0000    0.0000 2384.3516   23.9688
   -7.5000  -37.5000    0.0000 2544.2986   21.2232
    0.0000  -37.5000    0.0000 2546.4861   21.0779
    7.5000  -37.5000    0.0000 2507.0471   21.5653
   -7.5000  -30.0000    0.0000 2660.0083   19.2752
    0.0000  -30.0000    0.0000 2658.8445   19.1487
    7.5000  -30.0000    0.0000 2613.1580   19.6232
   -7.5000  -22.5000    0.0000 2759.3835   17.6723
    0.0000  -22.5000    0.0000 2763.3379   17.5525
    7.5000  -22.5000    0.0000 2718.6362   18.0201
   -7.5000  -15.0000    0.0000 2845.4062   16.4643
    0.0000  -15.0000    0.0000 2849.7710   16.3359
    7.5000  -15.0000    0.0000 2805.9368   16.7754
   -7.5000   -7.5000    0.0000 2924.2761   15.7276
    0.0000   -7.5000    0.0000 2932.3066   15.6466
    7.5000   -7.5000    0.0000 2888.4963   15.9985
   -7.5000    0.0000    0.0000 2987.8103   15.5801
    0.0000    0.0000    0.0000 3009.9714   15.5412
    7.5000    0.0000    0.0000 2936.9409   15.8176
   -7.5000    7.5000    0.0000 2993.6987   15.5912
    0.0000    7.5000    0.0000 3023.2207   15.5901
    7.5000    7.5000    0.0000 2949.4250   16.0915
   -7.5000   15.0000    0.0000 2937.6643   15.8959
    0.0000   15.0000    0.0000 2956.0376   15.9397
    7.5000   15.0000    0.0000 2905.7202   16.5060
   -7.5000   22.5000    0.0000 2872.8240   16.8288
    0.0000   22.5000    0.0000 2884.5525   16.7895
    7.5000   22.5000    0.0000 2841.5938   17.2483
   -7.5000   30.0000    0.0000 2782.0117   18.0900
    0.0000   30.0000    0.0000 2791.2078   18.0251
    7.5000   30.0000    0.0000 2752.5410   18.4456
   -7.5000   37.5000    0.0000 2672.8853   19.8058
    0.0000   37.5000    0.0000 2679.4001   19.7223
    7.5000   37.5000    0.0000 2642.3564   20.1308
   -7.5000   45.0000    0.0000 2536.2764   21.9836
    0.0000   45.0000    0.0000 2538.7305   21.8759
    7.5000   45.0000    0.0000 2504.1580   22.2783
   -7.5000  -45.0000    7.5000 2424.1558   23.5098
    0.0000  -45.0000    7.5000 2423.3645   23.4081
    7.5000  -45.0000    7.5000 2382.0383   24.0228
   -7.5000  -37.5000    7.5000 2540.6570   21.0684
    0.0000  -37.5000    7.5000 2543.0044   20.9791
    7.5000  -37.5000    7.5000 2502.0413   21.5732
   -7.5000  -30.0000    7.5000 2642.9927   19.1030
    0.0000  -30.0000    7.5000 2650.7146   19.0285
    7.5000  -30.0000    7.5000 2612.7153   19.6107
   -7.5000  -22.5000    7.5000 2744.6877   17.5458
    0.0000  -22.5000    7.5000 2754.5911   17.4611
    7.5000  -22.5000    7.5000 2720.4060   18.0301
   -7.5000  -15.0000    7.5000 2837.5508   16.3570
    0.0000  -15.0000    7.5000 2847.3071   16.2822
    7.5000  -15.0000    7.5000 2812.3838   16.8032
   -7.5000   -7.5000    7.5000 2923.7771   15.6825
    0.0000   -7.5000    7.5000 2940.1147   15.6129
    7.5000   -7.5000    7.5000 2893.7107   16.0583
   -7.5000    0.0000    7.5000 2986.5635   15.5668
    0.0000    0.0000    7.5000 3014.7400   15.5050
    7.5000    0.0000    7.5000 2942.5027   15.8441
   -7.5000    7.5000    7.5000 3004.1331   15.6492
    0.0000    7.5000    7.5000 3016.3267   15.5060
    7.5000    7.5000    7.5000 2946.2732   16.0083
   -7.5000   15.0000    7.5000 2955.5303   16.1832
    0.0000   15.0000    7.5000 2964.1621   15.9943
    7.5000   15.0000    7.5000 2906.7114   16.4899
   -7.5000   22.5000    7.5000 2875.2576   16.9774
    0.0000   22.5000    7.5000 2886.8062   16.8590
    7.5000   22.5000    7.5000 2846.6804   17.2856
   -7.5000   30.0000    7.5000 2770.2051   18.1325
    0.0000   30.0000    7.5000 2778.0400   17.9941
    7.5000   30.0000    7.5000 2747.4004   18.4353
   -7.5000   37.5000    7.5000 2660.2258   19.7823
    0.0000   37.5000    7.5000 2667.7883   19.6660
    7.5000   37.5000    7.5000 2639.7410   20.0566
   -7.5000   45.0000    7.5000 2525.6895   21.9124
    0.0000   45.0000    7.5000 2533.0928   21.8146
    7.5000   45.0000    7.5000 2502.2925   22.1629
   -7.5000  -45.0000   15.0000 2409.8271   23.6470
    0.0000  -45.0000   15.0000 2414.0996   23.6206
    7.5000  -45.0000   15.0000 2366.8354   24.3137
   -7.5000  -37.5000   15.0000 2518.0518   21.2464
    0.0000  -37.5000   15.0000 2530.4172   21.2201
    7.5000  -37.5000   15.0000 2491.3391   21.9097
   -7.5000  -30.0000   15.0000 2616.8982   19.3700
    0.0000  -30.0000   15.0000 2633.3677   19.3390
    7.5000  -30.0000   15.0000 2602.3389   19.9686
   -7.5000  -22.5000   15.0000 2722.3489   17.9117
    0.0000  -22.5000   15.0000 2735.5024   17.8558
    7.5000  -22.5000   15.0000 2707.7485   18.4457
   -7.5000  -15.0000   15.0000 2816.4470   16.8184
    0.0000  -15.0000   15.0000 2833.3792   16.7314
    7.5000  -15.0000   15.0000 2799.5610   17.2391
   -7.5000   -7.5000   15.0000 2907.8750   16.1803
    0.0000   -7.5000   15.0000 2928.3040   16.0499
    7.5000   -7.5000   15.0000 2882.1606   16.4442
   -7.5000    0.0000   15.0000 2955.8416   15.8867
    0.0000    0.0000   15.0000 2979.6655   15.7489
    7.5000    0.0000   15.0000 2921.4006   16.1746
   -7.5000    7.5000   15.0000 2960.5718   15.9034
    0.0000    7.5000   15.0000 2965.6172   15.7353
    7.5000    7.5000   15.0000 2911.2781   16.2182
   -7.5000   15.0000   15.0000 2921.3516   16.5827
    0.0000   15.0000   15.0000 2934.7864   16.4745
    7.5000   15.0000   15.0000 2876.9966   16.8094
   -7.5000   22.5000   15.0000 2849.6511   17.5469
    0.0000   22.5000   15.0000 2865.2688   17.4707
    7.5000   22.5000   15.0000 2820.2947   17.7508
   -7.5000   30.0000   15.0000 2740.7336   18.7235
    0.0000   30.0000   15.0000 2751.2507   18.6360
    7.5000   30.0000   15.0000 2722.0491   18.9278
   -7.5000   37.5000   15.0000 2625.3606   20.2642
    0.0000   37.5000   15.0000 2637.7161   20.1897
    7.5000   37.5000   15.0000 2609.5415   20.4474
   -7.5000   45.0000   15.0000 2500.8894   22.2197
    0.0000   45.0000   15.0000 2504.9412   22.1194
    7.5000   45.0000   15.0000 2475.1421   22.4418
   -7.5000  -45.0000   22.5000 2376.8379   24.2598
    0.0000  -45.0000   22.5000 2386.4294   24.3164
    7.5000  -45.0000   22.5000 2348.1672   25.0342
   -7.5000  -37.5000   22.5000 2486.4878   21.9031
    0.0000  -37.5000   22.5000 2502.3245   21.9221
    7.5000  -37.5000   22.5000 2465.7290   22.5655
   -7.5000  -30.0000   22.5000 2582.1069   20.1204
    0.0000  -30.0000   22.5000 2602.5208   20.0682
    7.5000  -30.0000   22.5000 2569.1436   20.6193
   -7.5000  -22.5000   22.5000 2694.5322   18.6492
    0.0000  -22.5000   22.5000 2711.1543   18.5887
    7.5000  -22.5000   22.5000 2674.6272   19.1113
   -7.5000  -15.0000   22.5000 2786.9131   17.5487
    0.0000  -15.0000   22.5000 2803.4055   17.4407
    7.5000  -15.0000   22.5000 2766.2700   17.8968
   -7.5000   -7.5000   22.5000 2865.8083   16.8335
    0.0000   -7.5000   22.5000 2884.5613   16.6654
    7.5000   -7.5000   22.5000 2837.9763   17.0861
   -7.5000    0.0000   22.5000 2901.1833   16.4434
    0.0000    0.0000   22.5000 2911.1018   16.2175
    7.5000    0.0000   22.5000 2871.9226   16.7468
   -7.5000    7.5000   22.5000 2901.8967   16.5008
    0.0000    7.5000   22.5000 2907.4839   16.3291
    7.5000    7.5000   22.5000 2866.0518   16.7406
   -7.5000   15.0000   22.5000 2862.9050   17.2582
    0.0000   15.0000   22.5000 2880.1909   17.1411
    7.5000   15.0000   22.5000 2833.0627   17.4204
   -7.5000   22.5000   22.5000 2794.6553   18.2359
    0.0000   22.5000   22.5000 2808.0217   18.1542
    7.5000   22.5000   22.5000 2771.9287   18.4210
   -7.5000   30.0000   22.5000 2693.8521   19.4466
    0.0000   30.0000   22.5000 2700.2727   19.3355
    7.5000   30.0000   22.5000 2673.4370   19.6588
   -7.5000   37.5000   22.5000 2583.5464   21.0571
    0.0000   37.5000   22.5000 2595.4121   20.9778
    7.5000   37.5000   22.5000 2567.8811   21.2477
   -7.5000   45.0000   22.5000 2456.5576   22.9814
    0.0000   45.0000   22.5000 2464.2993   22.8813
    7.5000   45.0000   22.5000 2435.6946   23.1709
   -7.5000  -45.0000   30.0000 2325.3267   25.4211
    0.0000  -45.0000   30.0000 2339.5801   25.3759
    7.5000  -45.0000   30.0000 2307.8220   26.0196
   -7.5000  -37.5000   30.0000 2440.8281   22.9789
    0.0000  -37.5000   30.0000 2454.6750   22.8937
    7.5000  -37.5000   30.0000 2418.2949   23.4616
   -7.5000  -30.0000   30.0000 2545.3569   21.0951
    0.0000  -30.0000   30.0000 2558.6787   20.9524
    7.5000  -30.0000   30.0000 2520.0552   21.4751
   -7.5000  -22.5000   30.0000 2654.0020   19.5860
    0.0000  -22.5000   30.0000 2665.6975   19.4362
    7.5000  -22.5000   30.0000 2627.7415   19.9070
   -7.5000  -15.0000   30.0000 2736.4624   18.4275
    0.0000  -15.0000   30.0000 2753.8406   18.2794
    7.5000  -15.0000   30.0000 2716.2158   18.6654
   -7.5000   -7.5000   30.0000 2801.3638   17.6786
    0.0000   -7.5000   30.0000 2815.5469   17.4193
    7.5000   -7.5000   30.0000 2773.8176   17.9135
   -7.5000    0.0000   30.0000 2833.9104   17.2145
    0.0000    0.0000   30.0000 2836.0205   17.0380
    7.5000    0.0000   30.0000 2802.9380   17.4800
   -7.5000    7.5000   30.0000 2824.7971   17.3071
    0.0000    7.5000   30.0000 2834.5981   17.1180
    7.5000    7.5000   30.0000 2798.0044   17.5155
   -7.5000   15.0000   30.0000 2780.1243   18.0578
    0.0000   15.0000   30.0000 2792.9172   17.9168
    7.5000   15.0000   30.0000 2756.2468   18.2221
   -7.5000   22.5000   30.0000 2712.2529   19.0621
    0.0000   22.5000   30.0000 2727.6658   18.9495
    7.5000   22.5000   30.0000 2694.1448   19.2498
   -7.5000   30.0000   30.0000 2617.0750   20.2856
    0.0000   30.0000   30.0000 2627.8013   20.1706
    7.5000   30.0000   30.0000 2605.5898   20.4466
   -7.5000   37.5000   30.0000 2523.2720   21.9041
    0.0000   37.5000   30.0000 2535.3301   21.7673
    7.5000   37.5000   30.0000 2507.1458   22.0492
   -7.5000   45.0000   30.0000 2397.7012   23.9466
    0.0000   45.0000   30.0000 2411.6445   23.8722
    7.5000   45.0000   30.0000 2387.3750   24.1167
   -7.5000  -45.0000   37.5000 2274.3516   26.7154
    0.0000  -45.0000   37.5000 2280.9622   26.5883
    7.5000  -45.0000   37.5000 2253.3264   27.1475
   -7.5000  -37.5000   37.5000 2397.7983   24.1397
    0.0000  -37.5000   37.5000 2400.5210   23.9838
    7.5000  -37.5000   37.5000 2364.9919   24.4886
   -7.5000  -30.0000   37.5000 2499.4746   22.1658
    0.0000  -30.0000   37.5000 2507.9341   22.0168
    7.5000  -30.0000   37.5000 2469.7896   22.4438
   -7.5000  -22.5000   37.5000 2595.2791   20.6517
    0.0000  -22.5000   37.5000 2608.6699   20.5162
    7.5000  -22.5000   37.5000 2565.2705   20.8906
   -7.5000  -15.0000   37.5000 2666.6794   19.4658
    0.0000  -15.0000   37.5000 2686.1182   19.3077
    7.5000  -15.0000   37.5000 2647.1572   19.7036
   -7.5000   -7.5000   37.5000 2721.2043   18.6790
    0.0000   -7.5000   37.5000 2738.5972   18.4594
    7.5000   -7.5000   37.5000 2696.7383   18.9005
   -7.5000    0.0000   37.5000 2748.0728   18.2474
    0.0000    0.0000   37.5000 2753.2649   18.1226
    7.5000    0.0000   37.5000 2722.2148   18.4820
   -7.5000    7.5000   37.5000 2739.0010   18.2855
    0.0000    7.5000   37.5000 2751.5107   18.1196
    7.5000    7.5000   37.5000 2722.3357   18.5077
   -7.5000   15.0000   37.5000 2696.0400   19.0607
    0.0000   15.0000   37.5000 2706.7615   18.8754
    7.5000   15.0000   37.5000 2673.7798   19.2074
   -7.5000   22.5000   37.5000 2627.6060   20.0581
    0.0000   22.5000   37.5000 2635.7312   19.8947
    7.5000   22.5000   37.5000 2609.2080   20.1954
   -7.5000   30.0000   37.5000 2536.1877   21.2629
    0.0000   30.0000   37.5000 2544.7788   21.1287
    7.5000   30.0000   37.5000 2523.8481   21.4361
   -7.5000   37.5000   37.5000 2445.1133   22.8344
    0.0000   37.5000   37.5000 2457.0803   22.6841
    7.5000   37.5000   37.5000 2431.3955   22.9757
   -7.5000   45.0000   37.5000 2322.0796   24.9070
    0.0000   45.0000   37.5000 2339.4116   24.8511
    7.5000   45.0000   37.5000 2314.6865   25.1207
   -7.5000  -45.0000   45.0000 2216.9712   28.1525
    0.0000  -45.0000   45.0000 2217.4590   28.0601
    7.5000  -45.0000   45.0000 2187.9602   28.5885
   -7.5000  -37.5000   45.0000 2341.4873   25.4768
    0.0000  -37.5000   45.0000 2342.7695   25.3550
    7.5000  -37.5000   45.0000 2302.0925   25.8435
   -7.5000  -30.0000   45.0000 2444.7217   23.5006
    0.0000  -30.0000   45.0000 2447.3667   23.3504
    7.5000  -30.0000   45.0000 2407.0459   23.7518
   -7.5000  -22.5000   45.0000 2526.9722   21.9593
    0.0000  -22.5000   45.0000 2542.8152   21.8312
    7.5000  -22.5000   45.0000 2501.5032   22.1992
   -7.5000  -15.0000   45.0000 2589.5601   20.7461
    0.0000  -15.0000   45.0000 2611.0112   20.5821
    7.5000  -15.0000   45.0000 2573.9995   21.0293
   -7.5000   -7.5000   45.0000 2638.7539   19.9305
    0.0000   -7.5000   45.0000 2658.3269   19.8148
    7.5000   -7.5000   45.0000 2621.5002   20.1963
   -7.5000    0.0000   45.0000 2651.9983   19.4865
    0.0000    0.0000   45.0000 2666.1475   19.4214
    7.5000    0.0000   45.0000 2629.4766   19.7318
   -7.5000    7.5000   45.0000 2642.9651   19.5120
    0.0000    7.5000   45.0000 2656.7063   19.4127
    7.5000    7.5000   45.0000 2623.3843   19.7507
   -7.5000   15.0000   45.0000 2602.9602   20.2652
    0.0000   15.0000   45.0000 2610.2131   20.0935
    7.5000   15.0000   45.0000 2583.7061   20.3917
   -7.5000   22.5000   45.0000 2543.8821   21.2336
    0.0000   22.5000   45.0000 2553.8896   21.0915
    7.5000   22.5000   45.0000 2527.1970   21.4455
   -7.5000   30.0000   45.0000 2454.8386   22.5361
    0.0000   30.0000   45.0000 2463.5044   22.4000
    7.5000   30.0000   45.0000 2442.1458   22.6908
   -7.5000   37.5000   45.0000 2359.0234   24.1181
    0.0000   37.5000   45.0000 2370.2666   24.0103
    7.5000   37.5000   45.0000 2348.9773   24.2883
   -7.5000   45.0000   45.0000 2238.1909   26.2451
    0.0000   45.0000   45.0000 2252.9146   26.1918
    7.5000   45.0000   45.0000 2237.7415   26.4314

---------------------------------------------------------------------
imgreg_4dfp /opt/freesurfer/average/711-2C_as_mni_average_305 /opt/freesurfer/average/711-2B_as_mni_average_305_mask talsrcimg_g11 none talsrcimg_to_711-2C_as_mni_average_305_t4 1283
---------------------------------------------------------------------

freesurfer imgreg_4dfp.c
/opt/freesurfer/average/711-2C_as_mni_average_305.4dfp.img
       256       256       256         1
  1.000000  1.000000  1.000000
orientation T byte_order littleendian
Reading image: /opt/freesurfer/average/711-2C_as_mni_average_305.4dfp.img
dimensions:      256       256       256
mmppix:       1.0000   -1.0000   -1.0000
center:     128.0000 -129.0000 -129.0000
/opt/freesurfer/average/711-2B_as_mni_average_305_mask.4dfp.img
       256       256       256         1
  1.000000  1.000000  1.000000
orientation T byte_order littleendian
Reading mask: /opt/freesurfer/average/711-2B_as_mni_average_305_mask.4dfp.img (2306576 pixels)
talsrcimg_g11.4dfp.img
       256       256       256         1
  1.000000  1.000000  1.000000
orientation T byte_order littleendian
Reading image: talsrcimg_g11.4dfp.img
dimensions:      256       256       256
mmppix:       1.0000   -1.0000   -1.0000
center:     128.0000 -129.0000 -129.0000
rotation matrix determinant  1.000000
fimgreg.f
image alignment mode   1283 decimal      503 hex
parameters
    0.0000    7.5000    0.0000    0.0000    0.0000    0.0000
eta,q 0.95003 15.62870
niter,ni,del,rscale     5    3   12.0000    1.2000
parameter  3 -0.724256 -> -0.500000 qaram    1.1500
parameter  4  2.336155 ->  0.500000 qaram    1.1500
parameter  6  0.775570 ->  0.500000 qaram    1.1500
parameters
   -1.6657    5.0240    3.4500   -3.4500   -0.0915   -3.4500
eta,q 0.96022 15.52126
  0.0582  0.0534  0.0650  0.0411  0.0492  0.0401
  0.0547  0.0497  0.0597  0.0415  0.0460  0.0396
  0.0522  0.0491  0.0533  0.0431  0.0430  0.0404
  0.0524  0.0516  0.0492  0.0456  0.0420  0.0420
  0.0571  0.0554  0.0472  0.0491  0.0426  0.0446
  0.0631  0.0613  0.0456  0.0519  0.0457  0.0479
  0.0701  0.0690  0.0469  0.0534  0.0503  0.0518
niter,ni,del,rscale     7    3   12.0000    1.2000
parameters
   -2.5533    6.1327    2.8328   -5.6216    0.6465   -4.1067
eta,q 0.96400 15.50209
  0.0522  0.0621  0.0511  0.0430  0.0486  0.0427
  0.0473  0.0520  0.0453  0.0375  0.0447  0.0391
  0.0417  0.0431  0.0414  0.0364  0.0397  0.0366
  0.0398  0.0397  0.0390  0.0393  0.0365  0.0361
  0.0451  0.0390  0.0422  0.0427  0.0366  0.0380
  0.0538  0.0434  0.0485  0.0462  0.0401  0.0415
  0.0615  0.0500  0.0565  0.0501  0.0450  0.0451
niter,ni,del,rscale     6    3   12.0000    1.2000
parameters
   -2.5897    6.7104    2.5842   -5.7950    0.7606   -4.1550
eta,q 0.96447 15.48586
  0.0545  0.0594  0.0519  0.0469  0.0463  0.0434
  0.0482  0.0496  0.0442  0.0414  0.0420  0.0398
  0.0411  0.0408  0.0383  0.0364  0.0376  0.0368
  0.0360  0.0360  0.0357  0.0357  0.0356  0.0355
  0.0382  0.0376  0.0391  0.0393  0.0368  0.0370
  0.0470  0.0458  0.0456  0.0430  0.0411  0.0399
  0.0569  0.0517  0.0545  0.0466  0.0459  0.0435
niter,ni,del,rscale     5    3   12.0000    1.2000
parameters
   -2.5222    6.9061    2.5520   -5.9245    0.7647   -4.1123
eta,q 0.96460 15.48275
  0.0547  0.0572  0.0532  0.0469  0.0458  0.0434
  0.0480  0.0472  0.0449  0.0415  0.0414  0.0398
  0.0407  0.0390  0.0384  0.0364  0.0372  0.0368
  0.0355  0.0355  0.0355  0.0355  0.0354  0.0354
  0.0375  0.0393  0.0385  0.0390  0.0368  0.0368
  0.0460  0.0479  0.0449  0.0428  0.0412  0.0396
  0.0558  0.0529  0.0538  0.0464  0.0460  0.0433
niter,ni,del,rscale     4    3   12.0000    1.2000
parameters
   -2.4788    6.9812    2.5321   -5.9917    0.7543   -4.0846
eta,q 0.96465 15.48227
  0.0546  0.0566  0.0534  0.0470  0.0457  0.0434
  0.0477  0.0465  0.0450  0.0417  0.0413  0.0398
  0.0403  0.0385  0.0383  0.0364  0.0371  0.0367
  0.0354  0.0354  0.0354  0.0354  0.0353  0.0354
  0.0376  0.0399  0.0384  0.0387  0.0368  0.0368
  0.0460  0.0484  0.0448  0.0426  0.0411  0.0396
  0.0558  0.0534  0.0538  0.0463  0.0460  0.0433
niter,ni,del,rscale     3    3   12.0000    1.2000
parameters
   -2.4544    7.0126    2.5207   -6.0246    0.7454   -4.0690
eta,q 0.96468 15.48249
  0.0545  0.0564  0.0535  0.0470  0.0457  0.0433
  0.0475  0.0463  0.0450  0.0419  0.0413  0.0397
  0.0402  0.0382  0.0382  0.0365  0.0371  0.0367
  0.0353  0.0353  0.0353  0.0353  0.0353  0.0353
  0.0376  0.0402  0.0383  0.0386  0.0367  0.0368
  0.0461  0.0486  0.0448  0.0425  0.0411  0.0396
  0.0558  0.0536  0.0538  0.0462  0.0460  0.0433
registration optimization eta report
parameter search radius
    6.0000    6.0000    6.9000    6.9000    6.0000    6.9000
100000*second partial in parameter space
       53.       52.       37.       22.       28.       16.
  0.0545  0.0564  0.0535  0.0470  0.0457  0.0433
  0.0475  0.0463  0.0450  0.0419  0.0413  0.0397
  0.0402  0.0382  0.0382  0.0365  0.0371  0.0367
  0.0353  0.0353  0.0353  0.0353  0.0353  0.0353
  0.0376  0.0402  0.0383  0.0386  0.0367  0.0368
  0.0461  0.0486  0.0448  0.0425  0.0411  0.0396
  0.0558  0.0536  0.0538  0.0462  0.0460  0.0433
   -2.4544    7.0126    2.5207   -6.0246    0.7454   -4.0690
eta,q 0.96468 15.48249

---------------------------------------------------------------------
imgreg_4dfp /opt/freesurfer/average/711-2C_as_mni_average_305 /opt/freesurfer/average/711-2B_as_mni_average_305_mask talsrcimg_g11 none talsrcimg_to_711-2C_as_mni_average_305_t4 3335
---------------------------------------------------------------------

freesurfer imgreg_4dfp.c
/opt/freesurfer/average/711-2C_as_mni_average_305.4dfp.img
       256       256       256         1
  1.000000  1.000000  1.000000
orientation T byte_order littleendian
Reading image: /opt/freesurfer/average/711-2C_as_mni_average_305.4dfp.img
dimensions:      256       256       256
mmppix:       1.0000   -1.0000   -1.0000
center:     128.0000 -129.0000 -129.0000
/opt/freesurfer/average/711-2B_as_mni_average_305_mask.4dfp.img
       256       256       256         1
  1.000000  1.000000  1.000000
orientation T byte_order littleendian
Reading mask: /opt/freesurfer/average/711-2B_as_mni_average_305_mask.4dfp.img (2306576 pixels)
talsrcimg_g11.4dfp.img
       256       256       256         1
  1.000000  1.000000  1.000000
orientation T byte_order littleendian
Reading image: talsrcimg_g11.4dfp.img
dimensions:      256       256       256
mmppix:       1.0000   -1.0000   -1.0000
center:     128.0000 -129.0000 -129.0000
fimgreg.f
image alignment mode   3335 decimal      D07 hex
parameters
   -2.4544    7.0126    2.5207   -0.2605   -0.8127   -0.5607
    7.1927   -0.5458   -7.0951   10.5610    1.3010  -10.4947
eta,q 0.96297 15.62130
niter,ni,del,rscale     5    3    5.0000    1.2000
parameter  4  1.186388 ->  0.500000 qaram    1.1500
parameter  5  1.197260 ->  0.500000 qaram    1.1500
parameter 10  0.658410 ->  0.500000 qaram    1.1500
parameters
   -2.5828    7.4884    2.7667   -4.4005   -4.9527   -3.1733
    6.0399    0.8115   -6.7601    6.4210    2.9609  -12.7585
eta,q 0.97468 15.28508
  0.0402  0.0406  0.0399  0.0313  0.0258  0.0288  0.0294  0.0327  0.0298  0.0260  0.0275  0.0260
  0.0384  0.0389  0.0385  0.0320  0.0269  0.0279  0.0280  0.0304  0.0284  0.0256  0.0266  0.0255
  0.0373  0.0377  0.0374  0.0338  0.0289  0.0272  0.0273  0.0284  0.0274  0.0258  0.0260  0.0253
  0.0370  0.0370  0.0369  0.0368  0.0324  0.0273  0.0273  0.0272  0.0270  0.0270  0.0256  0.0254
  0.0376  0.0369  0.0369  0.0410  0.0372  0.0292  0.0280  0.0270  0.0272  0.0291  0.0254  0.0259
  0.0390  0.0374  0.0376  0.0459  0.0429  0.0330  0.0293  0.0280  0.0280  0.0320  0.0257  0.0267
  0.0409  0.0386  0.0390  0.0510  0.0489  0.0367  0.0312  0.0300  0.0293  0.0352  0.0264  0.0279
niter,ni,del,rscale     7    3    5.0000    1.2000
parameters
   -2.7267    8.4145    2.1048   -7.2872   -8.2069   -2.1962
    6.7824    0.9401   -7.0267    6.9025    2.9516  -13.9119
eta,q 0.97690 15.10548
  0.0288  0.0304  0.0254  0.0263  0.0256  0.0276  0.0267  0.0281  0.0256  0.0289  0.0245  0.0242
  0.0268  0.0282  0.0247  0.0252  0.0243  0.0262  0.0250  0.0257  0.0243  0.0260  0.0238  0.0235
  0.0256  0.0265  0.0245  0.0244  0.0238  0.0250  0.0238  0.0239  0.0234  0.0241  0.0233  0.0232
  0.0253  0.0253  0.0247  0.0245  0.0244  0.0238  0.0232  0.0232  0.0232  0.0232  0.0231  0.0231
  0.0259  0.0247  0.0252  0.0265  0.0267  0.0227  0.0233  0.0235  0.0235  0.0235  0.0233  0.0235
  0.0274  0.0249  0.0260  0.0304  0.0315  0.0233  0.0241  0.0252  0.0245  0.0252  0.0237  0.0242
  0.0297  0.0261  0.0271  0.0356  0.0383  0.0271  0.0256  0.0281  0.0260  0.0278  0.0246  0.0253
niter,ni,del,rscale     6    3    5.0000    1.2000
parameters
   -2.7024    8.5946    1.9389   -7.3212   -8.9838   -2.2735
    6.8860    0.9791   -7.1316    7.3759    2.9729  -14.4168
eta,q 0.97682 15.07771
  0.0264  0.0267  0.0248  0.0267  0.0275  0.0272  0.0261  0.0280  0.0256  0.0288  0.0246  0.0245
  0.0246  0.0248  0.0236  0.0254  0.0252  0.0258  0.0246  0.0257  0.0243  0.0259  0.0238  0.0238
  0.0235  0.0236  0.0231  0.0241  0.0238  0.0246  0.0236  0.0239  0.0235  0.0240  0.0234  0.0233
  0.0231  0.0231  0.0231  0.0231  0.0231  0.0232  0.0232  0.0232  0.0232  0.0232  0.0232  0.0232
  0.0234  0.0233  0.0235  0.0228  0.0235  0.0225  0.0234  0.0236  0.0235  0.0235  0.0233  0.0234
  0.0245  0.0242  0.0242  0.0244  0.0257  0.0244  0.0244  0.0253  0.0244  0.0251  0.0238  0.0240
  0.0263  0.0257  0.0251  0.0279  0.0308  0.0292  0.0260  0.0282  0.0257  0.0277  0.0246  0.0250
niter,ni,del,rscale     5    3    5.0000    1.2000
parameters
   -2.6699    8.6176    1.8702   -7.1634   -9.0330   -2.3332
    6.9269    1.0005   -7.1540    7.5237    2.9453  -14.6128
eta,q 0.97685 15.08355
  0.0264  0.0262  0.0250  0.0268  0.0280  0.0272  0.0260  0.0280  0.0255  0.0284  0.0246  0.0247
  0.0247  0.0245  0.0238  0.0255  0.0257  0.0258  0.0245  0.0257  0.0243  0.0256  0.0238  0.0238
  0.0236  0.0235  0.0232  0.0243  0.0240  0.0246  0.0236  0.0239  0.0235  0.0238  0.0233  0.0233
  0.0232  0.0232  0.0232  0.0232  0.0231  0.0231  0.0232  0.0232  0.0232  0.0232  0.0231  0.0232
  0.0235  0.0236  0.0235  0.0228  0.0232  0.0225  0.0234  0.0236  0.0234  0.0236  0.0233  0.0233
  0.0245  0.0245  0.0242  0.0242  0.0248  0.0244  0.0244  0.0254  0.0243  0.0254  0.0238  0.0239
  0.0263  0.0260  0.0250  0.0276  0.0291  0.0292  0.0261  0.0282  0.0256  0.0280  0.0247  0.0249
niter,ni,del,rscale     4    3    5.0000    1.2000
parameters
   -2.6590    8.6342    1.8397   -7.1475   -9.0325   -2.3524
    6.9411    1.0167   -7.1539    7.5862    2.9225  -14.6921
eta,q 0.97685 15.08473
  0.0264  0.0261  0.0251  0.0267  0.0281  0.0273  0.0260  0.0280  0.0255  0.0283  0.0246  0.0247
  0.0246  0.0244  0.0239  0.0255  0.0257  0.0259  0.0245  0.0257  0.0243  0.0255  0.0238  0.0238
  0.0235  0.0234  0.0232  0.0242  0.0240  0.0246  0.0235  0.0239  0.0235  0.0238  0.0234  0.0233
  0.0232  0.0232  0.0232  0.0231  0.0231  0.0231  0.0232  0.0232  0.0232  0.0232  0.0232  0.0232
  0.0235  0.0235  0.0235  0.0228  0.0232  0.0225  0.0234  0.0236  0.0234  0.0237  0.0233  0.0233
  0.0246  0.0245  0.0241  0.0244  0.0248  0.0244  0.0244  0.0254  0.0243  0.0255  0.0238  0.0239
  0.0264  0.0260  0.0250  0.0279  0.0290  0.0291  0.0261  0.0283  0.0256  0.0281  0.0247  0.0248
niter,ni,del,rscale     3    3    5.0000    1.2000
parameters
   -2.6553    8.6422    1.8279   -7.1442   -9.0344   -2.3601
    6.9386    1.0247   -7.1502    7.6124    2.9172  -14.7221
eta,q 0.97685 15.08495
  0.0264  0.0261  0.0251  0.0267  0.0281  0.0273  0.0260  0.0280  0.0255  0.0283  0.0246  0.0248
  0.0246  0.0244  0.0239  0.0255  0.0257  0.0259  0.0245  0.0257  0.0243  0.0255  0.0239  0.0239
  0.0235  0.0234  0.0232  0.0242  0.0240  0.0246  0.0235  0.0239  0.0235  0.0238  0.0234  0.0233
  0.0232  0.0232  0.0232  0.0232  0.0231  0.0232  0.0232  0.0232  0.0232  0.0232  0.0232  0.0232
  0.0235  0.0235  0.0235  0.0228  0.0232  0.0226  0.0234  0.0236  0.0234  0.0237  0.0233  0.0233
  0.0246  0.0245  0.0241  0.0244  0.0248  0.0243  0.0244  0.0254  0.0243  0.0255  0.0238  0.0239
  0.0264  0.0260  0.0249  0.0279  0.0290  0.0291  0.0261  0.0283  0.0256  0.0282  0.0247  0.0248
registration optimization eta report
parameter search radius
    2.4000    2.4000    2.4000    8.2800    8.2800    7.2000
    7.2000    7.2000    7.2000    8.2800    7.2000    7.2000
100000*second partial in parameter space
       56.       50.       32.        6.        8.       10.
        6.       10.        5.        7.        3.        3.
  0.0264  0.0261  0.0251  0.0267  0.0281  0.0273  0.0260  0.0280  0.0255  0.0283  0.0246  0.0248
  0.0246  0.0244  0.0239  0.0255  0.0257  0.0259  0.0245  0.0257  0.0243  0.0255  0.0239  0.0239
  0.0235  0.0234  0.0232  0.0242  0.0240  0.0246  0.0235  0.0239  0.0235  0.0238  0.0234  0.0233
  0.0232  0.0232  0.0232  0.0232  0.0231  0.0232  0.0232  0.0232  0.0232  0.0232  0.0232  0.0232
  0.0235  0.0235  0.0235  0.0228  0.0232  0.0226  0.0234  0.0236  0.0234  0.0237  0.0233  0.0233
  0.0246  0.0245  0.0241  0.0244  0.0248  0.0243  0.0244  0.0254  0.0243  0.0255  0.0238  0.0239
  0.0264  0.0260  0.0249  0.0279  0.0290  0.0291  0.0261  0.0283  0.0256  0.0282  0.0247  0.0248
   -2.6553    8.6422    1.8279   -7.1442   -9.0344   -2.3601
    6.9386    1.0247   -7.1502    7.6124    2.9172  -14.7221
eta,q 0.97685 15.08495

---------------------------------------------------------------------
imgreg_4dfp /opt/freesurfer/average/711-2C_as_mni_average_305 /opt/freesurfer/average/711-2B_as_mni_average_305_mask talsrcimg_g11 none talsrcimg_to_711-2C_as_mni_average_305_t4 2311
---------------------------------------------------------------------

freesurfer imgreg_4dfp.c
/opt/freesurfer/average/711-2C_as_mni_average_305.4dfp.img
       256       256       256         1
  1.000000  1.000000  1.000000
orientation T byte_order littleendian
Reading image: /opt/freesurfer/average/711-2C_as_mni_average_305.4dfp.img
dimensions:      256       256       256
mmppix:       1.0000   -1.0000   -1.0000
center:     128.0000 -129.0000 -129.0000
/opt/freesurfer/average/711-2B_as_mni_average_305_mask.4dfp.img
       256       256       256         1
  1.000000  1.000000  1.000000
orientation T byte_order littleendian
Reading mask: /opt/freesurfer/average/711-2B_as_mni_average_305_mask.4dfp.img (2306576 pixels)
talsrcimg_g11.4dfp.img
       256       256       256         1
  1.000000  1.000000  1.000000
orientation T byte_order littleendian
Reading image: talsrcimg_g11.4dfp.img
dimensions:      256       256       256
mmppix:       1.0000   -1.0000   -1.0000
center:     128.0000 -129.0000 -129.0000
fimgreg.f
image alignment mode   2311 decimal      907 hex
parameters
   -2.6553    8.6422    1.8279   -7.1442   -9.0344   -2.3601
    6.9386    1.0247   -7.1502    7.6124    2.9172  -14.7221
eta,q 0.97685 15.08495
niter,ni,del,rscale     5    3    5.0000    0.8000
parameters
   -2.6515    8.5986    1.7021   -5.6903   -8.6128   -1.8083
    6.9110    0.9857   -7.0463    7.3485    2.6535  -14.9405
eta,q 0.97745 15.18543
  0.0246  0.0244  0.0239  0.0251  0.0247  0.0254  0.0241  0.0256  0.0239  0.0245  0.0234  0.0234
  0.0238  0.0237  0.0234  0.0244  0.0238  0.0245  0.0233  0.0241  0.0232  0.0234  0.0229  0.0229
  0.0233  0.0233  0.0232  0.0237  0.0232  0.0237  0.0228  0.0230  0.0228  0.0227  0.0226  0.0226
  0.0232  0.0232  0.0232  0.0231  0.0228  0.0228  0.0226  0.0226  0.0226  0.0226  0.0226  0.0226
  0.0233  0.0233  0.0233  0.0228  0.0228  0.0225  0.0227  0.0229  0.0227  0.0229  0.0227  0.0227
  0.0238  0.0238  0.0237  0.0230  0.0233  0.0231  0.0233  0.0240  0.0231  0.0237  0.0231  0.0230
  0.0246  0.0245  0.0241  0.0238  0.0243  0.0250  0.0242  0.0258  0.0239  0.0250  0.0237  0.0235
niter,ni,del,rscale     4    3    5.0000    0.7000
parameters
   -2.6595    8.6334    1.9484   -5.9172   -8.6134   -1.2414
    6.8881    1.0315   -6.9642    7.3890    2.4841  -14.8131
eta,q 0.97763 15.20146
  0.0239  0.0237  0.0237  0.0239  0.0239  0.0249  0.0236  0.0249  0.0235  0.0241  0.0231  0.0231
  0.0232  0.0231  0.0231  0.0233  0.0232  0.0241  0.0230  0.0236  0.0229  0.0231  0.0227  0.0227
  0.0227  0.0227  0.0227  0.0228  0.0228  0.0233  0.0225  0.0227  0.0225  0.0226  0.0225  0.0225
  0.0226  0.0226  0.0226  0.0225  0.0226  0.0226  0.0224  0.0224  0.0224  0.0224  0.0224  0.0224
  0.0227  0.0227  0.0226  0.0227  0.0226  0.0223  0.0225  0.0226  0.0225  0.0225  0.0225  0.0224
  0.0232  0.0230  0.0227  0.0233  0.0231  0.0228  0.0229  0.0235  0.0228  0.0231  0.0228  0.0226
  0.0240  0.0236  0.0231  0.0245  0.0240  0.0244  0.0237  0.0249  0.0234  0.0241  0.0232  0.0230
niter,ni,del,rscale     3    3    5.0000    0.6000
parameters
   -2.6722    8.6542    2.1458   -5.9104   -8.6877   -0.8874
    6.8655    1.0491   -6.9301    7.3467    2.3853  -14.6195
eta,q 0.97774 15.21491
  0.0234  0.0232  0.0232  0.0235  0.0233  0.0243  0.0232  0.0242  0.0231  0.0235  0.0228  0.0228
  0.0228  0.0227  0.0228  0.0230  0.0228  0.0237  0.0227  0.0232  0.0226  0.0228  0.0225  0.0225
  0.0225  0.0225  0.0225  0.0226  0.0225  0.0229  0.0224  0.0225  0.0224  0.0224  0.0223  0.0223
  0.0224  0.0224  0.0224  0.0224  0.0224  0.0224  0.0223  0.0223  0.0223  0.0223  0.0223  0.0223
  0.0225  0.0225  0.0224  0.0224  0.0224  0.0222  0.0224  0.0225  0.0223  0.0224  0.0223  0.0223
  0.0228  0.0227  0.0225  0.0228  0.0228  0.0227  0.0227  0.0231  0.0226  0.0228  0.0225  0.0225
  0.0234  0.0232  0.0228  0.0237  0.0234  0.0240  0.0232  0.0242  0.0230  0.0236  0.0229  0.0227
niter,ni,del,rscale     2    3    5.0000    0.5000
parameters
   -2.6818    8.6589    2.2984   -5.8387   -8.7356   -0.5965
    6.8526    1.0472   -6.9157    7.2731    2.2943  -14.4020
eta,q 0.97782 15.22736
  0.0230  0.0228  0.0229  0.0231  0.0229  0.0238  0.0228  0.0236  0.0227  0.0230  0.0226  0.0226
  0.0226  0.0225  0.0226  0.0227  0.0226  0.0232  0.0225  0.0228  0.0224  0.0225  0.0224  0.0224
  0.0223  0.0223  0.0224  0.0224  0.0223  0.0227  0.0223  0.0224  0.0223  0.0223  0.0222  0.0223
  0.0223  0.0223  0.0223  0.0223  0.0222  0.0222  0.0222  0.0222  0.0222  0.0222  0.0222  0.0222
  0.0223  0.0223  0.0223  0.0223  0.0223  0.0222  0.0223  0.0223  0.0222  0.0223  0.0222  0.0222
  0.0226  0.0225  0.0224  0.0226  0.0225  0.0226  0.0225  0.0228  0.0224  0.0226  0.0224  0.0223
  0.0230  0.0228  0.0226  0.0231  0.0230  0.0236  0.0229  0.0236  0.0227  0.0231  0.0227  0.0225
niter,ni,del,rscale     1    3    5.0000    0.4000
parameters
   -2.6968    8.6625    2.4428   -5.7724   -8.7729   -0.3484
    6.8504    1.0331   -6.8989    7.1898    2.2278  -14.1983
eta,q 0.97786 15.23793
  0.0226  0.0226  0.0226  0.0228  0.0226  0.0234  0.0226  0.0231  0.0225  0.0227  0.0224  0.0224
  0.0224  0.0223  0.0224  0.0225  0.0224  0.0229  0.0223  0.0226  0.0223  0.0224  0.0223  0.0223
  0.0222  0.0222  0.0223  0.0223  0.0222  0.0224  0.0222  0.0223  0.0222  0.0222  0.0222  0.0222
  0.0222  0.0222  0.0222  0.0222  0.0222  0.0222  0.0221  0.0221  0.0221  0.0221  0.0221  0.0221
  0.0222  0.0222  0.0222  0.0222  0.0222  0.0222  0.0222  0.0222  0.0222  0.0222  0.0222  0.0221
  0.0224  0.0223  0.0222  0.0224  0.0224  0.0224  0.0223  0.0226  0.0223  0.0224  0.0223  0.0222
  0.0227  0.0225  0.0224  0.0228  0.0226  0.0231  0.0226  0.0231  0.0225  0.0227  0.0224  0.0223
registration optimization eta report
parameter search radius
    0.8000    0.8000    0.8000    2.4000    2.4000    2.4000
    2.4000    2.4000    2.4000    2.4000    2.4000    2.4000
100000*second partial in parameter space
       73.       58.       47.       10.        8.       18.
        8.       16.        6.       10.        5.        4.
  0.0226  0.0226  0.0226  0.0228  0.0226  0.0234  0.0226  0.0231  0.0225  0.0227  0.0224  0.0224
  0.0224  0.0223  0.0224  0.0225  0.0224  0.0229  0.0223  0.0226  0.0223  0.0224  0.0223  0.0223
  0.0222  0.0222  0.0223  0.0223  0.0222  0.0224  0.0222  0.0223  0.0222  0.0222  0.0222  0.0222
  0.0222  0.0222  0.0222  0.0222  0.0222  0.0222  0.0221  0.0221  0.0221  0.0221  0.0221  0.0221
  0.0222  0.0222  0.0222  0.0222  0.0222  0.0222  0.0222  0.0222  0.0222  0.0222  0.0222  0.0221
  0.0224  0.0223  0.0222  0.0224  0.0224  0.0224  0.0223  0.0226  0.0223  0.0224  0.0223  0.0222
  0.0227  0.0225  0.0224  0.0228  0.0226  0.0231  0.0226  0.0231  0.0225  0.0227  0.0224  0.0223
   -2.6968    8.6625    2.4428   -5.7724   -8.7729   -0.3484
    6.8504    1.0331   -6.8989    7.1898    2.2278  -14.1983
eta,q 0.97786 15.23793

---------------------------------------------------------------------
imgreg_4dfp /opt/freesurfer/average/711-2C_as_mni_average_305 /opt/freesurfer/average/711-2B_as_mni_average_305_mask talsrcimg_g11 none talsrcimg_to_711-2C_as_mni_average_305_t4 2311
---------------------------------------------------------------------

freesurfer imgreg_4dfp.c
/opt/freesurfer/average/711-2C_as_mni_average_305.4dfp.img
       256       256       256         1
  1.000000  1.000000  1.000000
orientation T byte_order littleendian
Reading image: /opt/freesurfer/average/711-2C_as_mni_average_305.4dfp.img
dimensions:      256       256       256
mmppix:       1.0000   -1.0000   -1.0000
center:     128.0000 -129.0000 -129.0000
/opt/freesurfer/average/711-2B_as_mni_average_305_mask.4dfp.img
       256       256       256         1
  1.000000  1.000000  1.000000
orientation T byte_order littleendian
Reading mask: /opt/freesurfer/average/711-2B_as_mni_average_305_mask.4dfp.img (2306576 pixels)
talsrcimg_g11.4dfp.img
       256       256       256         1
  1.000000  1.000000  1.000000
orientation T byte_order littleendian
Reading image: talsrcimg_g11.4dfp.img
dimensions:      256       256       256
mmppix:       1.0000   -1.0000   -1.0000
center:     128.0000 -129.0000 -129.0000
fimgreg.f
image alignment mode   2311 decimal      907 hex
parameters
   -2.6968    8.6625    2.4428   -5.7724   -8.7729   -0.3484
    6.8504    1.0331   -6.8989    7.1898    2.2278  -14.1983
eta,q 0.97786 15.23792
niter,ni,del,rscale     5    3    5.0000    0.8000
parameters
   -2.7106    8.6945    2.5398   -6.3149   -8.9503   -0.9142
    6.8443    1.0314   -6.9319    7.3506    2.3197  -14.0619
eta,q 0.97765 15.19699
  0.0240  0.0237  0.0235  0.0237  0.0238  0.0247  0.0239  0.0252  0.0236  0.0245  0.0233  0.0232
  0.0229  0.0228  0.0228  0.0230  0.0229  0.0239  0.0231  0.0238  0.0229  0.0234  0.0228  0.0228
  0.0223  0.0223  0.0223  0.0224  0.0224  0.0229  0.0226  0.0228  0.0225  0.0226  0.0225  0.0225
  0.0221  0.0221  0.0221  0.0221  0.0222  0.0222  0.0224  0.0224  0.0224  0.0224  0.0224  0.0224
  0.0224  0.0223  0.0222  0.0224  0.0223  0.0225  0.0225  0.0227  0.0225  0.0225  0.0224  0.0224
  0.0230  0.0228  0.0226  0.0234  0.0229  0.0242  0.0230  0.0237  0.0230  0.0231  0.0227  0.0227
  0.0240  0.0235  0.0233  0.0250  0.0242  0.0274  0.0239  0.0253  0.0237  0.0242  0.0232  0.0232
niter,ni,del,rscale     4    3    5.0000    0.7000
parameters
   -2.7052    8.6496    2.3284   -6.0309   -8.7838   -0.9863
    6.8515    1.0355   -6.9404    7.2126    2.3651  -14.2551
eta,q 0.97771 15.20710
  0.0237  0.0233  0.0229  0.0239  0.0237  0.0245  0.0235  0.0247  0.0233  0.0238  0.0230  0.0229
  0.0229  0.0228  0.0225  0.0232  0.0230  0.0238  0.0229  0.0235  0.0228  0.0229  0.0227  0.0226
  0.0225  0.0224  0.0223  0.0227  0.0225  0.0229  0.0224  0.0226  0.0224  0.0224  0.0224  0.0224
  0.0224  0.0223  0.0223  0.0223  0.0223  0.0223  0.0223  0.0223  0.0223  0.0223  0.0223  0.0223
  0.0225  0.0225  0.0225  0.0223  0.0223  0.0223  0.0224  0.0225  0.0224  0.0225  0.0224  0.0224
  0.0229  0.0229  0.0229  0.0227  0.0227  0.0232  0.0228  0.0234  0.0228  0.0231  0.0226  0.0226
  0.0236  0.0235  0.0234  0.0237  0.0236  0.0254  0.0235  0.0247  0.0233  0.0240  0.0230  0.0230
niter,ni,del,rscale     3    3    5.0000    0.6000
parameters
   -2.6927    8.6389    2.2938   -5.9031   -8.7318   -0.7971
    6.8540    1.0373   -6.9285    7.1969    2.3361  -14.3275
eta,q 0.97777 15.21821
  0.0233  0.0231  0.0229  0.0235  0.0233  0.0242  0.0232  0.0241  0.0230  0.0235  0.0228  0.0227
  0.0228  0.0226  0.0225  0.0230  0.0228  0.0235  0.0227  0.0231  0.0226  0.0228  0.0225  0.0225
  0.0224  0.0224  0.0223  0.0226  0.0224  0.0228  0.0223  0.0225  0.0223  0.0224  0.0223  0.0223
  0.0223  0.0223  0.0223  0.0223  0.0223  0.0223  0.0222  0.0222  0.0222  0.0222  0.0222  0.0222
  0.0224  0.0224  0.0224  0.0223  0.0223  0.0222  0.0223  0.0224  0.0223  0.0224  0.0223  0.0223
  0.0227  0.0227  0.0226  0.0227  0.0226  0.0228  0.0226  0.0231  0.0226  0.0228  0.0225  0.0225
  0.0233  0.0231  0.0229  0.0235  0.0233  0.0242  0.0232  0.0242  0.0230  0.0235  0.0228  0.0228
niter,ni,del,rscale     2    3    5.0000    0.5000
parameters
   -2.6933    8.6479    2.3644   -5.8274   -8.7417   -0.5469
    6.8507    1.0346   -6.9148    7.1845    2.2747  -14.2645
eta,q 0.97783 15.22948
  0.0229  0.0228  0.0227  0.0231  0.0229  0.0238  0.0228  0.0235  0.0227  0.0230  0.0226  0.0225
  0.0225  0.0225  0.0225  0.0227  0.0225  0.0232  0.0225  0.0228  0.0224  0.0225  0.0224  0.0224
  0.0223  0.0223  0.0223  0.0224  0.0223  0.0226  0.0223  0.0223  0.0222  0.0223  0.0222  0.0222
  0.0222  0.0222  0.0222  0.0222  0.0222  0.0222  0.0222  0.0222  0.0222  0.0222  0.0222  0.0222
  0.0223  0.0223  0.0223  0.0223  0.0223  0.0222  0.0222  0.0223  0.0222  0.0223  0.0222  0.0222
  0.0225  0.0225  0.0224  0.0225  0.0225  0.0226  0.0225  0.0228  0.0224  0.0226  0.0224  0.0223
  0.0229  0.0228  0.0226  0.0231  0.0229  0.0236  0.0228  0.0236  0.0227  0.0231  0.0226  0.0225
niter,ni,del,rscale     1    3    5.0000    0.4000
parameters
   -2.7038    8.6591    2.4711   -5.7762   -8.7783   -0.3223
    6.8475    1.0267   -6.9073    7.1498    2.2095  -14.1257
eta,q 0.97787 15.23866
  0.0226  0.0225  0.0226  0.0228  0.0226  0.0234  0.0226  0.0230  0.0225  0.0227  0.0224  0.0224
  0.0224  0.0223  0.0224  0.0225  0.0224  0.0229  0.0223  0.0226  0.0223  0.0224  0.0223  0.0223
  0.0222  0.0222  0.0222  0.0223  0.0222  0.0224  0.0222  0.0222  0.0222  0.0222  0.0222  0.0222
  0.0222  0.0222  0.0222  0.0222  0.0222  0.0222  0.0221  0.0221  0.0221  0.0221  0.0221  0.0221
  0.0222  0.0222  0.0222  0.0222  0.0222  0.0222  0.0222  0.0222  0.0222  0.0222  0.0222  0.0221
  0.0224  0.0223  0.0222  0.0224  0.0224  0.0224  0.0223  0.0225  0.0223  0.0224  0.0223  0.0222
  0.0226  0.0225  0.0224  0.0228  0.0226  0.0231  0.0226  0.0231  0.0225  0.0227  0.0224  0.0223
registration optimization eta report
parameter search radius
    0.8000    0.8000    0.8000    2.4000    2.4000    2.4000
    2.4000    2.4000    2.4000    2.4000    2.4000    2.4000
100000*second partial in parameter space
       72.       57.       49.       10.        8.       18.
        8.       16.        6.       10.        5.        4.
  0.0226  0.0225  0.0226  0.0228  0.0226  0.0234  0.0226  0.0230  0.0225  0.0227  0.0224  0.0224
  0.0224  0.0223  0.0224  0.0225  0.0224  0.0229  0.0223  0.0226  0.0223  0.0224  0.0223  0.0223
  0.0222  0.0222  0.0222  0.0223  0.0222  0.0224  0.0222  0.0222  0.0222  0.0222  0.0222  0.0222
  0.0222  0.0222  0.0222  0.0222  0.0222  0.0222  0.0221  0.0221  0.0221  0.0221  0.0221  0.0221
  0.0222  0.0222  0.0222  0.0222  0.0222  0.0222  0.0222  0.0222  0.0222  0.0222  0.0222  0.0221
  0.0224  0.0223  0.0222  0.0224  0.0224  0.0224  0.0223  0.0225  0.0223  0.0224  0.0223  0.0222
  0.0226  0.0225  0.0224  0.0228  0.0226  0.0231  0.0226  0.0231  0.0225  0.0227  0.0224  0.0223
   -2.7038    8.6591    2.4711   -5.7762   -8.7783   -0.3223
    6.8475    1.0267   -6.9073    7.1498    2.2095  -14.1257
eta,q 0.97787 15.23866

---------------------------------------------------------------------
compute_vox2vox talsrcimg talsrcimg_to_711-2C_as_mni_average_305_t4 /opt/freesurfer/average/711-2C_as_mni_average_305
---------------------------------------------------------------------

freesurfer compute_vox2vox.c
Reading: talsrcimg.4dfp.ifh
Reading: talsrcimg_to_711-2C_as_mni_average_305_t4
Reading: /opt/freesurfer/average/711-2C_as_mni_average_305.4dfp.ifh
Writing: talsrcimg_to_711-2C_as_mni_average_305_t4_vox2vox.txt

start time Mon Mar 9 11:24:23 CET 2026
end		time Mon Mar 9 11:24:36 CET 2026

mpr2mni305 success

avi2talxfm orig_nu.mgz /opt/freesurfer/average/mni305.cor.mgz talsrcimg_to_711-2C_as_mni_average_305_t4_vox2vox.txt transforms/talairach.auto.xfm
avi2talxfm done
mv -f /out/sourcedata/freesurfer/sub-v1s21x0050416_ses-1/mri/talsrcimg_to_711-2C_as_mni_average_305_t4_vox2vox.txt /out/sourcedata/freesurfer/sub-v1s21x0050416_ses-1/mri/transforms/talsrcimg_to_711-2C_as_mni_average_305_t4_vox2vox.txt
lta_convert --src orig_nu.mgz --trg /opt/freesurfer/average/mni305.cor.mgz --inxfm transforms/talairach.auto.xfm --outlta transforms/talairach.auto.xfm.lta --subject fsaverage
7.3.2

--src: orig_nu.mgz src image (geometry).
--trg: /opt/freesurfer/average/mni305.cor.mgz trg image (geometry).
--inmni: transforms/talairach.auto.xfm input MNI/XFM transform.
--outlta: transforms/talairach.auto.xfm.lta output LTA.
--s: fsaverage subject name
 LTA read, type : 1
 1.05556  -0.00513  -0.08003   2.85828;
-0.01194   0.99227   0.15455  -4.39535;
 0.08086  -0.07816   1.07806  -9.55792;
 0.00000   0.00000   0.00000   1.00000;
setting subject to fsaverage
Writing  LTA to file transforms/talairach.auto.xfm.lta...
lta_convert successful.
 
 
Started at Mon Mar 9 11:24:23 CET 2026
Ended   at Mon Mar  9 11:24:37 CET 2026
talairach_avi done
