status file for recon-all
Mon Mar  9 09:51:58 CET 2026
#@# MotionCor Mon Mar  9 09:51:59 CET 2026
#@# Talairach Mon Mar  9 09:52:07 CET 2026
#@# Talairach Failure Detection Mon Mar  9 09:56:31 CET 2026
#@# Nu Intensity Correction Mon Mar  9 09:56:31 CET 2026
#@# Intensity Normalization Mon Mar  9 09:59:45 CET 2026
recon-all -s sub-v1s21x0050399_ses-1 finished without error at Mon Mar  9 10:01:10 CET 2026



#New# invocation of recon-all 



status file for recon-all
Mon Mar  9 10:07:37 CET 2026
#@# EM Registration Mon Mar  9 10:07:37 CET 2026
recon-all -s sub-v1s21x0050399_ses-1 finished without error at Mon Mar  9 10:09:26 CET 2026



#New# invocation of recon-all 



status file for recon-all
Mon Mar  9 10:09:30 CET 2026
#@# CA Normalize Mon Mar  9 10:09:30 CET 2026
#@# CA Reg Mon Mar  9 10:10:50 CET 2026
#@# SubCort Seg Mon Mar  9 10:54:11 CET 2026
#@# CC Seg Mon Mar  9 11:25:21 CET 2026
#@# Merge ASeg Mon Mar  9 11:25:55 CET 2026
#@# Intensity Normalization2 Mon Mar  9 11:25:55 CET 2026
#@# Mask BFS Mon Mar  9 11:27:58 CET 2026
#@# WM Segmentation Mon Mar  9 11:27:59 CET 2026
#@# Fill Mon Mar  9 11:29:59 CET 2026
recon-all -s sub-v1s21x0050399_ses-1 finished without error at Mon Mar  9 11:31:01 CET 2026



#New# invocation of recon-all 



status file for recon-all
Mon Mar  9 12:20:37 CET 2026
#@# white curv lh Mon Mar  9 12:20:37 CET 2026
#@# white area lh Mon Mar  9 12:20:37 CET 2026
#@# pial curv lh Mon Mar  9 12:20:37 CET 2026
#@# pial area lh Mon Mar  9 12:20:37 CET 2026
#@# thickness lh Mon Mar  9 12:20:37 CET 2026
#@# area and vertex vol lh Mon Mar  9 12:20:37 CET 2026
#@# white curv rh Mon Mar  9 12:20:37 CET 2026
#@# white area rh Mon Mar  9 12:20:37 CET 2026
#@# pial curv rh Mon Mar  9 12:20:37 CET 2026
#@# pial area rh Mon Mar  9 12:20:37 CET 2026
#@# thickness rh Mon Mar  9 12:20:37 CET 2026
#@# area and vertex vol rh Mon Mar  9 12:20:37 CET 2026
#@# Cortical ribbon mask Mon Mar  9 12:20:37 CET 2026
recon-all -s sub-v1s21x0050399_ses-1 finished without error at Mon Mar  9 12:23:13 CET 2026



#New# invocation of recon-all 



status file for recon-all
Mon Mar  9 12:28:39 CET 2026
#@# white curv lh Mon Mar  9 12:28:39 CET 2026
#@# white area lh Mon Mar  9 12:28:39 CET 2026
#@# pial curv lh Mon Mar  9 12:28:39 CET 2026
#@# pial area lh Mon Mar  9 12:28:39 CET 2026
#@# thickness lh Mon Mar  9 12:28:39 CET 2026
#@# area and vertex vol lh Mon Mar  9 12:28:39 CET 2026
#@# white curv rh Mon Mar  9 12:28:39 CET 2026
#@# white area rh Mon Mar  9 12:28:39 CET 2026
#@# pial curv rh Mon Mar  9 12:28:39 CET 2026
#@# pial area rh Mon Mar  9 12:28:39 CET 2026
#@# thickness rh Mon Mar  9 12:28:39 CET 2026
#@# area and vertex vol rh Mon Mar  9 12:28:39 CET 2026
#@# Curvature Stats lh Mon Mar  9 12:28:39 CET 2026
#@# Curvature Stats rh Mon Mar  9 12:28:41 CET 2026
#@# Relabel Hypointensities Mon Mar  9 12:28:43 CET 2026
#@# APas-to-ASeg Mon Mar  9 12:28:57 CET 2026
#@# AParc-to-ASeg aparc Mon Mar  9 12:29:03 CET 2026
#@# AParc-to-ASeg aparc.a2009s Mon Mar  9 12:29:25 CET 2026
#@# AParc-to-ASeg aparc.DKTatlas Mon Mar  9 12:29:48 CET 2026
#@# WMParc Mon Mar  9 12:30:10 CET 2026
#@# ASeg Stats Mon Mar  9 12:33:42 CET 2026
recon-all -s sub-v1s21x0050399_ses-1 finished without error at Mon Mar  9 12:34:13 CET 2026
