status file for recon-all
Mon Mar  9 11:31:07 CET 2026
#@# Tessellate lh Mon Mar  9 11:31:07 CET 2026
#@# Smooth1 lh Mon Mar  9 11:31:10 CET 2026
#@# Inflation1 lh Mon Mar  9 11:31:12 CET 2026
#@# QSphere lh Mon Mar  9 11:31:22 CET 2026
#@# Fix Topology lh Mon Mar  9 11:32:15 CET 2026
#@# Smooth2 lh Mon Mar  9 11:37:38 CET 2026
#@# Inflation2 lh Mon Mar  9 11:37:41 CET 2026
#@# Curv .H and .K lh Mon Mar  9 11:37:51 CET 2026
#@# Sphere lh Mon Mar  9 11:38:33 CET 2026
#@# Surf Reg lh Mon Mar  9 11:40:55 CET 2026
#@# Jacobian white lh Mon Mar  9 11:43:47 CET 2026
#@# AvgCurv lh Mon Mar  9 11:43:48 CET 2026
#@# Cortical Parc lh Mon Mar  9 11:43:48 CET 2026
#@# white curv lh Mon Mar  9 11:49:01 CET 2026
#@# white area lh Mon Mar  9 11:49:03 CET 2026
#@# pial curv lh Mon Mar  9 11:49:04 CET 2026
#@# pial area lh Mon Mar  9 11:49:05 CET 2026
#@# thickness lh Mon Mar  9 11:49:06 CET 2026
#@# area and vertex vol lh Mon Mar  9 11:49:33 CET 2026
#@# Curvature Stats lh Mon Mar  9 11:49:34 CET 2026
#@# Cortical Parc 2 lh Mon Mar  9 11:49:36 CET 2026
#@# Cortical Parc 3 lh Mon Mar  9 11:49:48 CET 2026
#@# WM/GM Contrast lh Mon Mar  9 11:49:57 CET 2026
recon-all -s sub-v1s21x0050399_ses-1 finished without error at Mon Mar  9 11:50:00 CET 2026



#New# invocation of recon-all 



status file for recon-all
Mon Mar  9 12:23:17 CET 2026
#@# white curv lh Mon Mar  9 12:23:17 CET 2026
#@# white area lh Mon Mar  9 12:23:17 CET 2026
#@# pial curv lh Mon Mar  9 12:23:17 CET 2026
#@# pial area lh Mon Mar  9 12:23:17 CET 2026
#@# thickness lh Mon Mar  9 12:23:17 CET 2026
#@# area and vertex vol lh Mon Mar  9 12:23:17 CET 2026
#@# Parcellation Stats lh Mon Mar  9 12:23:17 CET 2026
#@# Parcellation Stats 2 lh Mon Mar  9 12:23:33 CET 2026
#@# Parcellation Stats 3 lh Mon Mar  9 12:23:41 CET 2026
#@# BA_exvivo Labels lh Mon Mar  9 12:23:49 CET 2026
recon-all -s sub-v1s21x0050399_ses-1 finished without error at Mon Mar  9 12:25:56 CET 2026
