/out/sourcedata/freesurfer/sub-v1s21x0050408_ses-1/mri
/opt/freesurfer/bin/talairach_avi
--i orig_nu.mgz --xfm transforms/talairach.auto.xfm
talairach_avi 7.3.2
Linux dna078 5.14.0-427.37.1.el9_4.x86_64 #1 SMP PREEMPT_DYNAMIC Fri Sep 13 12:41:50 EDT 2024 x86_64 x86_64 x86_64 GNU/Linux
Mon Mar  9 10:30:47 CET 2026
mri_convert orig_nu.mgz talsrcimg.img 
reading from orig_nu.mgz...
TR=0.00, TE=0.00, TI=0.00, flip angle=0.00
i_ras = (-1, 0, 0)
j_ras = (0, 0, -1)
k_ras = (0, 1, 0)
writing to talsrcimg.img...
Analyze Output Matrix
-1.00000   0.00000   0.00000   129.70000;
 0.00000   0.00000   1.00000  -128.50000;
 0.00000  -1.00000   0.00000   129.50000;
 0.00000   0.00000   0.00000   1.00000;
--------------------
INFO: set hdr.hist.orient to -1
mpr2mni305 talsrcimg
Mon Mar  9 10:30:48 CET 2026
/opt/freesurfer/bin/mpr2mni305 talsrcimg
mpr2mni305 7.3.2
target=711-2C_as_mni_average_305

---------------------------------------------------------------------
analyzeto4dfp talsrcimg -O0 -y
---------------------------------------------------------------------

freesurfer ifh2hdr.c
Mon Mar  9 10:30:48 2026
Writing: talsrcimg.4dfp.hdr
freesurfer analyzeto4dfp.c
Reading: talsrcimg.hdr
header size 348 bytes
hdr.dime.datatype	offset=70	value=2
hdr.dime.bitpix		offset=72	value=8
hdr.hist.orient		offset=252	value=-1
dimensionality     4
dimensions       256       256       256         1
Reading: talsrcimg.img
Writing: talsrcimg.4dfp.img
Writing: talsrcimg.4dfp.ifh
ifh2hdr talsrcimg -r0to232
ori=2

---------------------------------------------------------------------
gauss_4dfp talsrcimg 1.1
---------------------------------------------------------------------

freesurfer gauss_4dfp.c
Reading: talsrcimg.4dfp.img
Writing: talsrcimg_g11.4dfp.img
image dimensions 256 256 256 padded to 288 288 288
processing volume 1freesurfer ifh2hdr.c
Mon Mar  9 10:30:49 2026
Writing: talsrcimg_g11.4dfp.hdr

Writing: talsrcimg_g11.4dfp.ifh
including: talsrcimg.4dfp.img.rec in talsrcimg_g11.4dfp.img.rec

---------------------------------------------------------------------
imgreg_4dfp /opt/freesurfer/average/711-2C_as_mni_average_305 none talsrcimg_g11 none talsrcimg_to_711-2C_as_mni_average_305_t4 4355
---------------------------------------------------------------------

freesurfer imgreg_4dfp.c
/opt/freesurfer/average/711-2C_as_mni_average_305.4dfp.img
       256       256       256         1
  1.000000  1.000000  1.000000
orientation T byte_order littleendian
Reading image: /opt/freesurfer/average/711-2C_as_mni_average_305.4dfp.img
dimensions:      256       256       256
mmppix:       1.0000   -1.0000   -1.0000
center:     128.0000 -129.0000 -129.0000
talsrcimg_g11.4dfp.img
       256       256       256         1
  1.000000  1.000000  1.000000
orientation T byte_order littleendian
Reading image: talsrcimg_g11.4dfp.img
dimensions:      256       256       256
mmppix:       1.0000   -1.0000   -1.0000
center:     128.0000 -129.0000 -129.0000
t4_read: open error in t4_sub.f l:  41 t4_file(1:l)talsrcimg_to_711-2C_as_mni_average_305_t4 
t4_read: transform initialized to I4
rotation matrix determinant  1.000000
image alignment mode   4355 decimal     1103 hex
   -7.5000  -45.0000  -45.0000 7008.4214   23.1474
    0.0000  -45.0000  -45.0000 7280.2397   23.1201
    7.5000  -45.0000  -45.0000 6974.4697   23.1322
   -7.5000  -37.5000  -45.0000 7471.5444   22.5244
    0.0000  -37.5000  -45.0000 7767.4609   22.4802
    7.5000  -37.5000  -45.0000 7436.4370   22.4856
   -7.5000  -30.0000  -45.0000 8326.4336   22.1464
    0.0000  -30.0000  -45.0000 8671.0703   22.1026
    7.5000  -30.0000  -45.0000 8280.4990   22.0978
   -7.5000  -22.5000  -45.0000 9239.0830   21.8768
    0.0000  -22.5000  -45.0000 9661.5312   21.8531
    7.5000  -22.5000  -45.0000 9221.5654   21.8439
   -7.5000  -15.0000  -45.000010202.2471   21.7470
    0.0000  -15.0000  -45.000010660.0986   21.7403
    7.5000  -15.0000  -45.000010185.2832   21.7388
   -7.5000   -7.5000  -45.000011082.1221   21.6641
    0.0000   -7.5000  -45.000011566.6934   21.6585
    7.5000   -7.5000  -45.000011059.5918   21.6709
   -7.5000    0.0000  -45.000011842.2188   21.6379
    0.0000    0.0000  -45.000012349.9180   21.6162
    7.5000    0.0000  -45.000011814.2686   21.6330
   -7.5000    7.5000  -45.000011766.5635   21.6928
    0.0000    7.5000  -45.000012280.2988   21.6527
    7.5000    7.5000  -45.000011724.3027   21.6599
   -7.5000   15.0000  -45.000011572.2480   21.7707
    0.0000   15.0000  -45.000012075.3076   21.7296
    7.5000   15.0000  -45.000011462.3535   21.7246
   -7.5000   22.5000  -45.000011218.1855   21.7954
    0.0000   22.5000  -45.000011654.8682   21.7718
    7.5000   22.5000  -45.000011108.1240   21.7626
   -7.5000   30.0000  -45.000010733.3174   21.4571
    0.0000   30.0000  -45.000011122.4346   21.4505
    7.5000   30.0000  -45.000010627.0000   21.4491
   -7.5000   37.5000  -45.000010500.4707   21.3754
    0.0000   37.5000  -45.000010887.6641   21.3698
    7.5000   37.5000  -45.000010399.0986   21.3821
   -7.5000   45.0000  -45.0000 9814.7559   20.8075
    0.0000   45.0000  -45.000010213.3252   20.7866
    7.5000   45.0000  -45.0000 9741.8135   20.8027
   -7.5000  -45.0000  -37.5000 7369.7549   23.1654
    0.0000  -45.0000  -37.5000 7661.5845   23.1478
    7.5000  -45.0000  -37.5000 7323.1123   23.1478
   -7.5000  -37.5000  -37.5000 7879.8359   22.5420
    0.0000  -37.5000  -37.5000 8209.7217   22.5139
    7.5000  -37.5000  -37.5000 7819.0059   22.5115
   -7.5000  -30.0000  -37.5000 8765.2910   22.1638
    0.0000  -30.0000  -37.5000 9153.5908   22.1440
    7.5000  -30.0000  -37.5000 8718.0293   22.1416
   -7.5000  -22.5000  -37.5000 9709.7637   21.8889
    0.0000  -22.5000  -37.500010169.6621   21.8889
    7.5000  -22.5000  -37.5000 9698.2676   21.8883
   -7.5000  -15.0000  -37.500010743.0322   21.7539
    0.0000  -15.0000  -37.500011236.4648   21.7632
    7.5000  -15.0000  -37.500010714.4863   21.7689
   -7.5000   -7.5000  -37.500011703.8633   21.6757
    0.0000   -7.5000  -37.500012229.1006   21.6785
    7.5000   -7.5000  -37.500011655.3018   21.6884
   -7.5000    0.0000  -37.500012559.8340   21.6555
    0.0000    0.0000  -37.500013094.7012   21.6417
    7.5000    0.0000  -37.500012491.5615   21.6479
   -7.5000    7.5000  -37.500012527.4727   21.7106
    0.0000    7.5000  -37.500013020.8926   21.6854
    7.5000    7.5000  -37.500012453.8125   21.6851
   -7.5000   15.0000  -37.500012287.6514   21.7874
    0.0000   15.0000  -37.500012774.5459   21.7694
    7.5000   15.0000  -37.500012173.0420   21.7664
   -7.5000   22.5000  -37.500011831.5547   21.8073
    0.0000   22.5000  -37.500012307.2695   21.8073
    7.5000   22.5000  -37.500011758.8066   21.8067
   -7.5000   30.0000  -37.500011277.0371   21.4640
    0.0000   30.0000  -37.500011726.9248   21.4731
    7.5000   30.0000  -37.500011197.7871   21.4788
   -7.5000   37.5000  -37.500011061.2910   21.3869
    0.0000   37.5000  -37.500011489.1680   21.3896
    7.5000   37.5000  -37.500010949.2402   21.3994
   -7.5000   45.0000  -37.500010353.0254   20.8244
    0.0000   45.0000  -37.500010798.1270   20.8111
    7.5000   45.0000  -37.500010267.7090   20.8170
   -7.5000  -45.0000  -30.0000 7832.3789   24.1607
    0.0000  -45.0000  -30.0000 8134.0713   24.1398
    7.5000  -45.0000  -30.0000 7761.2856   24.1251
   -7.5000  -37.5000  -30.0000 8417.9629   23.5191
    0.0000  -37.5000  -30.0000 8746.1729   23.4939
    7.5000  -37.5000  -30.0000 8331.7764   23.4825
   -7.5000  -30.0000  -30.0000 9377.4062   23.1267
    0.0000  -30.0000  -30.0000 9764.3105   23.1194
    7.5000  -30.0000  -30.0000 9321.8428   23.1180
   -7.5000  -22.5000  -30.000010395.4326   22.8261
    0.0000  -22.5000  -30.000010850.6338   22.8395
    7.5000  -22.5000  -30.000010368.5830   22.8427
   -7.5000  -15.0000  -30.000011485.8340   22.6761
    0.0000  -15.0000  -30.000011975.3496   22.6915
    7.5000  -15.0000  -30.000011423.3223   22.6961
   -7.5000   -7.5000  -30.000012519.3857   22.5978
    0.0000   -7.5000  -30.000013058.0986   22.5984
    7.5000   -7.5000  -30.000012441.7930   22.5985
   -7.5000    0.0000  -30.000013496.4102   22.5849
    0.0000    0.0000  -30.000014047.7285   22.5669
    7.5000    0.0000  -30.000013393.3418   22.5591
   -7.5000    7.5000  -30.000013459.5537   22.6516
    0.0000    7.5000  -30.000014007.5156   22.6291
    7.5000    7.5000  -30.000013366.1299   22.6203
   -7.5000   15.0000  -30.000013146.1426   22.7328
    0.0000   15.0000  -30.000013702.7969   22.7269
    7.5000   15.0000  -30.000013059.8672   22.7247
   -7.5000   22.5000  -30.000012654.4805   22.7388
    0.0000   22.5000  -30.000013172.9102   22.7523
    7.5000   22.5000  -30.000012572.7637   22.7556
   -7.5000   30.0000  -30.000012056.0684   22.3760
    0.0000   30.0000  -30.000012546.5713   22.3912
    7.5000   30.0000  -30.000011957.3320   22.3958
   -7.5000   37.5000  -30.000011845.3350   22.2988
    0.0000   37.5000  -30.000012306.4023   22.2994
    7.5000   37.5000  -30.000011713.9814   22.2995
   -7.5000   45.0000  -30.000011080.7871   21.7341
    0.0000   45.0000  -30.000011552.3398   21.7167
    7.5000   45.0000  -30.000010991.2354   21.7092
   -7.5000  -45.0000  -22.5000 8277.4404   24.9875
    0.0000  -45.0000  -22.5000 8601.8965   24.9526
    7.5000  -45.0000  -22.5000 8222.1250   24.9349
   -7.5000  -37.5000  -22.5000 8940.5479   24.3344
    0.0000  -37.5000  -22.5000 9303.0547   24.2939
    7.5000  -37.5000  -22.5000 8851.2744   24.2810
   -7.5000  -30.0000  -22.500010003.4414   23.9330
    0.0000  -30.0000  -22.500010419.6328   23.9108
    7.5000  -30.0000  -22.5000 9909.0498   23.9070
   -7.5000  -22.5000  -22.500011067.9844   23.6135
    0.0000  -22.5000  -22.500011549.2236   23.6132
    7.5000  -22.5000  -22.500011006.0332   23.6093
   -7.5000  -15.0000  -22.500012209.1875   23.4533
    0.0000  -15.0000  -22.500012723.9541   23.4561
    7.5000  -15.0000  -22.500012118.2334   23.4497
   -7.5000   -7.5000  -22.500013329.0713   23.3687
    0.0000   -7.5000  -22.500013860.5283   23.3571
    7.5000   -7.5000  -22.500013198.0547   23.3482
   -7.5000    0.0000  -22.500014401.4453   23.3563
    0.0000    0.0000  -22.500014974.2295   23.3250
    7.5000    0.0000  -22.500014270.4346   23.3132
   -7.5000    7.5000  -22.500014334.9121   23.4359
    0.0000    7.5000  -22.500014947.9141   23.3993
    7.5000    7.5000  -22.500014223.7988   23.3892
   -7.5000   15.0000  -22.500013979.7676   23.5246
    0.0000   15.0000  -22.500014583.6895   23.5047
    7.5000   15.0000  -22.500013850.1172   23.5001
   -7.5000   22.5000  -22.500013506.3691   23.5220
    0.0000   22.5000  -22.500014059.4180   23.5220
    7.5000   22.5000  -22.500013329.5498   23.5182
   -7.5000   30.0000  -22.500012842.7344   23.1465
    0.0000   30.0000  -22.500013362.0479   23.1493
    7.5000   30.0000  -22.500012688.3252   23.1430
   -7.5000   37.5000  -22.500012610.6777   23.0631
    0.0000   37.5000  -22.500013096.9570   23.0516
    7.5000   37.5000  -22.500012445.1240   23.0428
   -7.5000   45.0000  -22.500011740.7607   22.4932
    0.0000   45.0000  -22.500012230.8018   22.4631
    7.5000   45.0000  -22.500011632.4404   22.4517
   -7.5000  -45.0000  -15.0000 8757.8242   25.5632
    0.0000  -45.0000  -15.0000 9092.3975   25.5176
    7.5000  -45.0000  -15.0000 8682.0391   25.5108
   -7.5000  -37.5000  -15.0000 9425.1309   24.8972
    0.0000  -37.5000  -15.0000 9808.2197   24.8391
    7.5000  -37.5000  -15.0000 9343.6211   24.8334
   -7.5000  -30.0000  -15.000010491.1006   24.4881
    0.0000  -30.0000  -15.000010941.8066   24.4402
    7.5000  -30.0000  -15.000010438.7617   24.4338
   -7.5000  -22.5000  -15.000011638.0625   24.1661
    0.0000  -22.5000  -15.000012126.9297   24.1399
    7.5000  -22.5000  -15.000011588.8828   24.1266
   -7.5000  -15.0000  -15.000012823.1719   24.0064
    0.0000  -15.0000  -15.000013356.8330   23.9909
    7.5000  -15.0000  -15.000012759.4512   23.9760
   -7.5000   -7.5000  -15.000014019.7070   23.9135
    0.0000   -7.5000  -15.000014576.7373   23.8918
    7.5000   -7.5000  -15.000013927.3418   23.8841
   -7.5000    0.0000  -15.000015156.7480   23.8941
    0.0000    0.0000  -15.000015743.3018   23.8538
    7.5000    0.0000  -15.000015056.0322   23.8515
   -7.5000    7.5000  -15.000015145.4932   23.9771
    0.0000    7.5000  -15.000015772.7305   23.9243
    7.5000    7.5000  -15.000015023.2031   23.9212
   -7.5000   15.0000  -15.000014758.6045   24.0705
    0.0000   15.0000  -15.000015354.7295   24.0261
    7.5000   15.0000  -15.000014610.2461   24.0191
   -7.5000   22.5000  -15.000014258.3994   24.0716
    0.0000   22.5000  -15.000014781.3721   24.0459
    7.5000   22.5000  -15.000014041.0596   24.0327
   -7.5000   30.0000  -15.000013545.9219   23.6956
    0.0000   30.0000  -15.000014059.3428   23.6804
    7.5000   30.0000  -15.000013322.9199   23.6656
   -7.5000   37.5000  -15.000013252.4277   23.6041
    0.0000   37.5000  -15.000013742.3340   23.5826
    7.5000   37.5000  -15.000013030.2285   23.5750
   -7.5000   45.0000  -15.000012358.3447   23.0251
    0.0000   45.0000  -15.000012803.3486   22.9862
    7.5000   45.0000  -15.000012166.9863   22.9840
   -7.5000  -45.0000   -7.5000 9198.1182   25.8446
    0.0000  -45.0000   -7.5000 9583.3682   25.8012
    7.5000  -45.0000   -7.5000 9136.4365   25.8103
   -7.5000  -37.5000   -7.5000 9895.8457   25.1599
    0.0000  -37.5000   -7.500010313.0010   25.0978
    7.5000  -37.5000   -7.5000 9830.4346   25.1019
   -7.5000  -30.0000   -7.500011058.2900   24.7416
    0.0000  -30.0000   -7.500011513.8408   24.6812
    7.5000  -30.0000   -7.500010970.4541   24.6746
   -7.5000  -22.5000   -7.500012233.3174   24.4313
    0.0000  -22.5000   -7.500012719.1162   24.3928
    7.5000  -22.5000   -7.500012158.2861   24.3772
   -7.5000  -15.0000   -7.500013455.2090   24.2814
    0.0000  -15.0000   -7.500013998.7139   24.2613
    7.5000  -15.0000   -7.500013395.5918   24.2497
   -7.5000   -7.5000   -7.500014716.9121   24.1859
    0.0000   -7.5000   -7.500015277.8252   24.1670
    7.5000   -7.5000   -7.500014644.9668   24.1712
   -7.5000    0.0000   -7.500015901.3213   24.1581
    0.0000    0.0000   -7.500016515.7930   24.1213
    7.5000    0.0000   -7.500015799.3262   24.1346
   -7.5000    7.5000   -7.500015937.2373   24.2301
    0.0000    7.5000   -7.500016579.5078   24.1737
    7.5000    7.5000   -7.500015778.6826   24.1799
   -7.5000   15.0000   -7.500015653.5264   24.3209
    0.0000   15.0000   -7.500016230.6611   24.2644
    7.5000   15.0000   -7.500015460.0449   24.2574
   -7.5000   22.5000   -7.500015083.8955   24.3330
    0.0000   22.5000   -7.500015557.7031   24.2948
    7.5000   22.5000   -7.500014820.7998   24.2792
   -7.5000   30.0000   -7.500014280.8096   23.9665
    0.0000   30.0000   -7.500014705.0254   23.9466
    7.5000   30.0000   -7.500013996.9053   23.9352
   -7.5000   37.5000   -7.500013922.2754   23.8722
    0.0000   37.5000   -7.500014337.5137   23.8536
    7.5000   37.5000   -7.500013649.1152   23.8577
   -7.5000   45.0000   -7.500013017.8398   23.2838
    0.0000   45.0000   -7.500013419.9229   23.2484
    7.5000   45.0000   -7.500012765.0020   23.2612
   -7.5000  -45.0000    0.0000 9589.7949   25.8997
    0.0000  -45.0000    0.0000 9976.6250   25.8690
    7.5000  -45.0000    0.0000 9521.3203   25.8823
   -7.5000  -37.5000    0.000010313.0078   25.2021
    0.0000  -37.5000    0.000010738.6631   25.1524
    7.5000  -37.5000    0.000010240.5518   25.1584
   -7.5000  -30.0000    0.000011484.7920   24.7792
    0.0000  -30.0000    0.000011958.2412   24.7299
    7.5000  -30.0000    0.000011410.0439   24.7245
   -7.5000  -22.5000    0.000012687.5146   24.4782
    0.0000  -22.5000    0.000013217.0576   24.4516
    7.5000  -22.5000    0.000012633.2412   24.4411
   -7.5000  -15.0000    0.000013946.2832   24.3336
    0.0000  -15.0000    0.000014539.6973   24.3260
    7.5000  -15.0000    0.000013894.4609   24.3242
   -7.5000   -7.5000    0.000015256.7549   24.2408
    0.0000   -7.5000    0.000015836.0977   24.2344
    7.5000   -7.5000    0.000015197.3086   24.2481
   -7.5000    0.0000    0.000016496.4102   24.2109
    0.0000    0.0000    0.000017109.6328   24.1865
    7.5000    0.0000    0.000016384.9746   24.2051
   -7.5000    7.5000    0.000016673.0352   24.2717
    0.0000    7.5000    0.000017354.1113   24.2267
    7.5000    7.5000    0.000016405.8398   24.2346
   -7.5000   15.0000    0.000016671.4180   24.3588
    0.0000   15.0000    0.000017249.4473   24.3127
    7.5000   15.0000    0.000016351.9766   24.3070
   -7.5000   22.5000    0.000016120.4951   24.3792
    0.0000   22.5000    0.000016509.4258   24.3527
    7.5000   22.5000    0.000015812.2227   24.3423
   -7.5000   30.0000    0.000015045.0488   24.0187
    0.0000   30.0000    0.000015388.4023   24.0111
    7.5000   30.0000    0.000014733.6133   24.0094
   -7.5000   37.5000    0.000014582.9004   23.9271
    0.0000   37.5000    0.000014946.2793   23.9207
    7.5000   37.5000    0.000014212.8193   23.9343
   -7.5000   45.0000    0.000013640.3955   23.3366
    0.0000   45.0000    0.000014048.5078   23.3130
    7.5000   45.0000    0.000013291.8994   23.3309
   -7.5000  -45.0000    7.5000 9209.1055   25.9225
    0.0000  -45.0000    7.5000 9620.8135   25.9026
    7.5000  -45.0000    7.5000 9144.1377   25.9026
   -7.5000  -37.5000    7.5000 9953.8252   25.2248
    0.0000  -37.5000    7.500010383.5576   25.1933
    7.5000  -37.5000    7.5000 9878.4297   25.1906
   -7.5000  -30.0000    7.500011113.7539   24.8017
    0.0000  -30.0000    7.500011553.7129   24.7795
    7.5000  -30.0000    7.500011031.0117   24.7767
   -7.5000  -22.5000    7.500012270.3164   24.4940
    0.0000  -22.5000    7.500012751.7363   24.4940
    7.5000  -22.5000    7.500012206.6514   24.4932
   -7.5000  -15.0000    7.500013461.1113   24.3430
    0.0000  -15.0000    7.500013973.9502   24.3533
    7.5000  -15.0000    7.500013397.3926   24.3597
   -7.5000   -7.5000    7.500014671.1436   24.2555
    0.0000   -7.5000    7.500015200.4473   24.2585
    7.5000   -7.5000    7.500014596.7734   24.2696
   -7.5000    0.0000    7.500015880.3799   24.2329
    0.0000    0.0000    7.500016469.7207   24.2174
    7.5000    0.0000    7.500015710.2529   24.2242
   -7.5000    7.5000    7.500016111.7607   24.2945
    0.0000    7.5000    7.500016836.9414   24.2663
    7.5000    7.5000    7.500015815.9736   24.2658
   -7.5000   15.0000    7.500016118.1426   24.3804
    0.0000   15.0000    7.500016903.1309   24.3602
    7.5000   15.0000    7.500015878.3711   24.3569
   -7.5000   22.5000    7.500015598.5967   24.3948
    0.0000   22.5000    7.500016280.2617   24.3947
    7.5000   22.5000    7.500015452.6162   24.3941
   -7.5000   30.0000    7.500014596.1416   24.0279
    0.0000   30.0000    7.500015161.0615   24.0381
    7.5000   30.0000    7.500014369.2002   24.0444
   -7.5000   37.5000    7.500014122.4424   23.9416
    0.0000   37.5000    7.500014597.9941   23.9446
    7.5000   37.5000    7.500013783.9053   23.9555
   -7.5000   45.0000    7.500013176.2217   23.3577
    0.0000   45.0000    7.500013617.3545   23.3427
    7.5000   45.0000    7.500012850.2393   23.3493
   -7.5000  -45.0000   15.0000 8734.7217   25.9483
    0.0000  -45.0000   15.0000 9091.4131   25.9257
    7.5000  -45.0000   15.0000 8650.9521   25.9097
   -7.5000  -37.5000   15.0000 9485.2021   25.2590
    0.0000  -37.5000   15.0000 9872.9229   25.2318
    7.5000  -37.5000   15.0000 9386.0840   25.2193
   -7.5000  -30.0000   15.000010609.5547   24.8369
    0.0000  -30.0000   15.000011030.8828   24.8290
    7.5000  -30.0000   15.000010488.3984   24.8274
   -7.5000  -22.5000   15.000011716.8730   24.5135
    0.0000  -22.5000   15.000012204.4570   24.5280
    7.5000  -22.5000   15.000011615.4326   24.5313
   -7.5000  -15.0000   15.000012826.7969   24.3525
    0.0000  -15.0000   15.000013379.7051   24.3690
    7.5000  -15.0000   15.000012754.1631   24.3738
   -7.5000   -7.5000   15.000013972.7734   24.2690
    0.0000   -7.5000   15.000014565.1855   24.2695
    7.5000   -7.5000   15.000013896.2783   24.2695
   -7.5000    0.0000   15.000015114.4795   24.2557
    0.0000    0.0000   15.000015759.7393   24.2363
    7.5000    0.0000   15.000014974.4141   24.2276
   -7.5000    7.5000   15.000015275.1748   24.3273
    0.0000    7.5000   15.000015993.6455   24.3029
    7.5000    7.5000   15.000015109.1875   24.2933
   -7.5000   15.0000   15.000015179.9609   24.4138
    0.0000   15.0000   15.000015865.3467   24.4075
    7.5000   15.0000   15.000015062.9814   24.4050
   -7.5000   22.5000   15.000014708.8848   24.4144
    0.0000   22.5000   15.000015285.0996   24.4289
    7.5000   22.5000   15.000014571.4697   24.4324
   -7.5000   30.0000   15.000013928.5430   24.0373
    0.0000   30.0000   15.000014440.1143   24.0536
    7.5000   30.0000   15.000013676.6250   24.0584
   -7.5000   37.5000   15.000013579.5410   23.9549
    0.0000   37.5000   15.000014031.4385   23.9554
    7.5000   37.5000   15.000013240.4990   23.9554
   -7.5000   45.0000   15.000012602.5859   23.3797
    0.0000   45.0000   15.000013029.1504   23.3610
    7.5000   45.0000   15.000012332.4434   23.3526
   -7.5000  -45.0000   22.5000 8179.8750   25.9496
    0.0000  -45.0000   22.5000 8520.4199   25.9133
    7.5000  -45.0000   22.5000 8110.1548   25.8943
   -7.5000  -37.5000   22.5000 8899.2520   25.2713
    0.0000  -37.5000   22.5000 9272.3623   25.2290
    7.5000  -37.5000   22.5000 8793.5186   25.2150
   -7.5000  -30.0000   22.5000 9988.9990   24.8531
    0.0000  -30.0000   22.500010410.9336   24.8298
    7.5000  -30.0000   22.5000 9855.0664   24.8254
   -7.5000  -22.5000   22.500011056.2861   24.5196
    0.0000  -22.5000   22.500011520.4395   24.5194
    7.5000  -22.5000   22.500010949.8809   24.5151
   -7.5000  -15.0000   22.500012113.1025   24.3529
    0.0000  -15.0000   22.500012619.1875   24.3560
    7.5000  -15.0000   22.500012043.1250   24.3493
   -7.5000   -7.5000   22.500013155.1182   24.2663
    0.0000   -7.5000   22.500013703.6533   24.2543
    7.5000   -7.5000   22.500013108.2041   24.2449
   -7.5000    0.0000   22.500014157.8779   24.2549
    0.0000    0.0000   22.500014769.5850   24.2223
    7.5000    0.0000   22.500014078.1123   24.2096
   -7.5000    7.5000   22.500014297.8770   24.3379
    0.0000    7.5000   22.500014901.3877   24.2996
    7.5000    7.5000   22.500014186.4883   24.2885
   -7.5000   15.0000   22.500014121.3691   24.4289
    0.0000   15.0000   22.500014668.0527   24.4079
    7.5000   15.0000   22.500014103.2119   24.4027
   -7.5000   22.5000   22.500013691.8730   24.4209
    0.0000   22.5000   22.500014152.4229   24.4210
    7.5000   22.5000   22.500013607.0576   24.4168
   -7.5000   30.0000   22.500012992.2871   24.0377
    0.0000   30.0000   22.500013433.8076   24.0407
    7.5000   30.0000   22.500012804.4375   24.0341
   -7.5000   37.5000   22.500012648.7490   23.9522
    0.0000   37.5000   22.500013065.7783   23.9404
    7.5000   37.5000   22.500012421.5225   23.9311
   -7.5000   45.0000   22.500011786.5068   23.3789
    0.0000   45.0000   22.500012176.3262   23.3475
    7.5000   45.0000   22.500011607.3242   23.3353
   -7.5000  -45.0000   30.0000 7607.4004   26.1455
    0.0000  -45.0000   30.0000 7914.2847   26.0981
    7.5000  -45.0000   30.0000 7552.5679   26.0897
   -7.5000  -37.5000   30.0000 8290.6719   25.4585
    0.0000  -37.5000   30.0000 8622.9385   25.3977
    7.5000  -37.5000   30.0000 8185.5288   25.3902
   -7.5000  -30.0000   30.0000 9291.3643   25.0346
    0.0000  -30.0000   30.0000 9684.0244   24.9843
    7.5000  -30.0000   30.0000 9198.7734   24.9764
   -7.5000  -22.5000   30.000010277.7295   24.7004
    0.0000  -22.5000   30.000010724.8691   24.6729
    7.5000  -22.5000   30.000010222.7998   24.6584
   -7.5000  -15.0000   30.000011266.5625   24.5355
    0.0000  -15.0000   30.000011766.3926   24.5197
    7.5000  -15.0000   30.000011238.8516   24.5038
   -7.5000   -7.5000   30.000012220.1240   24.4420
    0.0000   -7.5000   30.000012748.4199   24.4197
    7.5000   -7.5000   30.000012194.9922   24.4110
   -7.5000    0.0000   30.000013157.1221   24.4241
    0.0000    0.0000   30.000013700.0977   24.3823
    7.5000    0.0000   30.000013081.0020   24.3787
   -7.5000    7.5000   30.000013226.4434   24.5097
    0.0000    7.5000   30.000013761.2871   24.4545
    7.5000    7.5000   30.000013170.9150   24.4499
   -7.5000   15.0000   30.000012980.3740   24.6041
    0.0000   15.0000   30.000013464.2451   24.5574
    7.5000   15.0000   30.000012967.1230   24.5489
   -7.5000   22.5000   30.000012544.1895   24.6005
    0.0000   22.5000   30.000012980.9912   24.5735
    7.5000   22.5000   30.000012519.7998   24.5590
   -7.5000   30.0000   30.000011933.5791   24.2179
    0.0000   30.0000   30.000012344.8232   24.2023
    7.5000   30.0000   30.000011856.9180   24.1866
   -7.5000   37.5000   30.000011579.6709   24.1256
    0.0000   37.5000   30.000011972.7988   24.1037
    7.5000   37.5000   30.000011481.9248   24.0951
   -7.5000   45.0000   30.000010795.1719   23.5420
    0.0000   45.0000   30.000011176.0820   23.5017
    7.5000   45.0000   30.000010694.5742   23.4982
   -7.5000  -45.0000   37.5000 7355.3115   26.5595
    0.0000  -45.0000   37.5000 7625.4517   26.5124
    7.5000  -45.0000   37.5000 7285.4810   26.5181
   -7.5000  -37.5000   37.5000 7991.8062   25.8382
    0.0000  -37.5000   37.5000 8309.2041   25.7712
    7.5000  -37.5000   37.5000 7894.9604   25.7714
   -7.5000  -30.0000   37.5000 8910.0527   25.3914
    0.0000  -30.0000   37.5000 9313.3809   25.3265
    7.5000  -30.0000   37.5000 8849.5947   25.3152
   -7.5000  -22.5000   37.5000 9861.9912   25.0585
    0.0000  -22.5000   37.500010310.8359   25.0171
    7.5000  -22.5000   37.5000 9814.6191   24.9967
   -7.5000  -15.0000   37.500010837.0557   24.9005
    0.0000  -15.0000   37.500011313.6631   24.8788
    7.5000  -15.0000   37.500010804.7139   24.8628
   -7.5000   -7.5000   37.500011802.3809   24.8072
    0.0000   -7.5000   37.500012292.9990   24.7866
    7.5000   -7.5000   37.500011740.6953   24.7875
   -7.5000    0.0000   37.500012699.4873   24.7850
    0.0000    0.0000   37.500013225.2881   24.7453
    7.5000    0.0000   37.500012615.9365   24.7558
   -7.5000    7.5000   37.500012706.5059   24.8605
    0.0000    7.5000   37.500013215.6270   24.7997
    7.5000    7.5000   37.500012642.1973   24.8025
   -7.5000   15.0000   37.500012386.1279   24.9494
    0.0000   15.0000   37.500012872.3496   24.8886
    7.5000   15.0000   37.500012361.0596   24.8771
   -7.5000   22.5000   37.500011929.2158   24.9556
    0.0000   22.5000   37.500012368.5537   24.9146
    7.5000   22.5000   37.500011908.7939   24.8942
   -7.5000   30.0000   37.500011326.9053   24.5782
    0.0000   30.0000   37.500011738.1260   24.5567
    7.5000   30.0000   37.500011285.0977   24.5410
   -7.5000   37.5000   37.500010971.9922   24.4862
    0.0000   37.5000   37.500011368.7266   24.4658
    7.5000   37.5000   37.500010956.3223   24.4667
   -7.5000   45.0000   37.500010248.7051   23.8899
    0.0000   45.0000   37.500010608.0869   23.8516
    7.5000   45.0000   37.500010206.1250   23.8617
   -7.5000  -45.0000   45.0000 6811.7788   27.1269
    0.0000  -45.0000   45.0000 7065.2349   27.0906
    7.5000  -45.0000   45.0000 6716.1890   27.0954
   -7.5000  -37.5000   45.0000 7374.7725   26.3584
    0.0000  -37.5000   45.0000 7677.5640   26.3005
    7.5000  -37.5000   45.0000 7269.3550   26.2965
   -7.5000  -30.0000   45.0000 8218.5586   25.8865
    0.0000  -30.0000   45.0000 8572.1436   25.8299
    7.5000  -30.0000   45.0000 8144.3174   25.8131
   -7.5000  -22.5000   45.0000 9083.5547   25.5489
    0.0000  -22.5000   45.0000 9504.0625   25.5184
    7.5000  -22.5000   45.0000 9054.9980   25.4973
   -7.5000  -15.0000   45.000010002.9863   25.3897
    0.0000  -15.0000   45.000010444.2520   25.3809
    7.5000  -15.0000   45.0000 9965.3379   25.3705
   -7.5000   -7.5000   45.000010902.9766   25.2947
    0.0000   -7.5000   45.000011369.1416   25.2868
    7.5000   -7.5000   45.000010838.1396   25.2937
   -7.5000    0.0000   45.000011729.8633   25.2689
    0.0000    0.0000   45.000012224.6875   25.2401
    7.5000    0.0000   45.000011666.5049   25.2519
   -7.5000    7.5000   45.000011698.2490   25.3359
    0.0000    7.5000   45.000012173.6465   25.2837
    7.5000    7.5000   45.000011631.6152   25.2826
   -7.5000   15.0000   45.000011351.8877   25.4251
    0.0000   15.0000   45.000011812.9600   25.3721
    7.5000   15.0000   45.000011304.8105   25.3553
   -7.5000   22.5000   45.000010891.8125   25.4409
    0.0000   22.5000   45.000011319.9883   25.4106
    7.5000   22.5000   45.000010863.6191   25.3896
   -7.5000   30.0000   45.000010331.5342   25.0588
    0.0000   30.0000   45.000010724.2021   25.0502
    7.5000   30.0000   45.000010313.5840   25.0400
   -7.5000   37.5000   45.000010011.7822   24.9652
    0.0000   37.5000   45.000010401.2012   24.9574
    7.5000   37.5000   45.000010044.9023   24.9642
   -7.5000   45.0000   45.0000 9352.0205   24.3674
    0.0000   45.0000   45.0000 9715.6680   24.3396
    7.5000   45.0000   45.0000 9351.3301   24.3509

---------------------------------------------------------------------
imgreg_4dfp /opt/freesurfer/average/711-2C_as_mni_average_305 /opt/freesurfer/average/711-2B_as_mni_average_305_mask talsrcimg_g11 none talsrcimg_to_711-2C_as_mni_average_305_t4 4355
---------------------------------------------------------------------

freesurfer imgreg_4dfp.c
/opt/freesurfer/average/711-2C_as_mni_average_305.4dfp.img
       256       256       256         1
  1.000000  1.000000  1.000000
orientation T byte_order littleendian
Reading image: /opt/freesurfer/average/711-2C_as_mni_average_305.4dfp.img
dimensions:      256       256       256
mmppix:       1.0000   -1.0000   -1.0000
center:     128.0000 -129.0000 -129.0000
/opt/freesurfer/average/711-2B_as_mni_average_305_mask.4dfp.img
       256       256       256         1
  1.000000  1.000000  1.000000
orientation T byte_order littleendian
Reading mask: /opt/freesurfer/average/711-2B_as_mni_average_305_mask.4dfp.img (2306576 pixels)
talsrcimg_g11.4dfp.img
       256       256       256         1
  1.000000  1.000000  1.000000
orientation T byte_order littleendian
Reading image: talsrcimg_g11.4dfp.img
dimensions:      256       256       256
mmppix:       1.0000   -1.0000   -1.0000
center:     128.0000 -129.0000 -129.0000
rotation matrix determinant  1.000000
image alignment mode   4355 decimal     1103 hex
   -7.5000  -37.5000  -45.0000 2075.1514   27.8232
    0.0000  -37.5000  -45.0000 2079.9233   27.7817
    7.5000  -37.5000  -45.0000 2051.7776   28.2435
   -7.5000  -30.0000  -45.0000 2177.7639   25.4702
    0.0000  -30.0000  -45.0000 2181.3145   25.3685
    7.5000  -30.0000  -45.0000 2150.5417   25.7205
   -7.5000  -22.5000  -45.0000 2269.2061   23.6363
    0.0000  -22.5000  -45.0000 2275.9319   23.5796
    7.5000  -22.5000  -45.0000 2247.7732   23.8925
   -7.5000  -15.0000  -45.0000 2335.6973   22.4249
    0.0000  -15.0000  -45.0000 2341.2195   22.3865
    7.5000  -15.0000  -45.0000 2318.8176   22.6895
   -7.5000   -7.5000  -45.0000 2382.5754   21.6510
    0.0000   -7.5000  -45.0000 2384.1382   21.6300
    7.5000   -7.5000  -45.0000 2365.3921   21.9025
   -7.5000    0.0000  -45.0000 2402.5474   21.2846
    0.0000    0.0000  -45.0000 2406.7654   21.2389
    7.5000    0.0000  -45.0000 2382.7417   21.5594
   -7.5000    7.5000  -45.0000 2410.7585   21.0635
    0.0000    7.5000  -45.0000 2422.8796   21.0227
    7.5000    7.5000  -45.0000 2393.8713   21.3083
   -7.5000   15.0000  -45.0000 2409.0593   21.0116
    0.0000   15.0000  -45.0000 2424.9329   20.8670
    7.5000   15.0000  -45.0000 2397.6772   21.1862
   -7.5000   22.5000  -45.0000 2410.5654   21.1653
    0.0000   22.5000  -45.0000 2424.4871   20.9509
    7.5000   22.5000  -45.0000 2404.0190   21.2681
   -7.5000   30.0000  -45.0000 2396.4885   21.6406
    0.0000   30.0000  -45.0000 2415.2664   21.5052
    7.5000   30.0000  -45.0000 2391.9856   21.7405
   -7.5000   37.5000  -45.0000 2360.3921   22.3967
    0.0000   37.5000  -45.0000 2380.1289   22.2447
    7.5000   37.5000  -45.0000 2360.8728   22.4872
   -7.5000   45.0000  -45.0000 2310.8342   23.5524
    0.0000   45.0000  -45.0000 2331.3835   23.3849
    7.5000   45.0000  -45.0000 2311.2039   23.6194
   -7.5000   52.5000  -45.0000 2220.0786   24.9477
    0.0000   52.5000  -45.0000 2233.6404   24.7313
    7.5000   52.5000  -45.0000 2210.8296   24.9935
   -7.5000  -37.5000  -37.5000 2155.9746   26.3568
    0.0000  -37.5000  -37.5000 2161.1929   26.3197
    7.5000  -37.5000  -37.5000 2129.7500   26.5674
   -7.5000  -30.0000  -37.5000 2258.2324   24.0559
    0.0000  -30.0000  -37.5000 2265.4077   24.0330
    7.5000  -30.0000  -37.5000 2230.7808   24.2123
   -7.5000  -22.5000  -37.5000 2357.1167   22.1863
    0.0000  -22.5000  -37.5000 2365.3665   22.1782
    7.5000  -22.5000  -37.5000 2334.0410   22.3828
   -7.5000  -15.0000  -37.5000 2436.1099   20.8394
    0.0000  -15.0000  -37.5000 2441.7112   20.8421
    7.5000  -15.0000  -37.5000 2413.0559   21.0793
   -7.5000   -7.5000  -37.5000 2473.8472   20.0725
    0.0000   -7.5000  -37.5000 2483.0835   20.0534
    7.5000   -7.5000  -37.5000 2448.0024   20.3125
   -7.5000    0.0000  -37.5000 2493.1428   19.7448
    0.0000    0.0000  -37.5000 2500.0190   19.6801
    7.5000    0.0000  -37.5000 2470.8596   19.9114
   -7.5000    7.5000  -37.5000 2510.2397   19.5997
    0.0000    7.5000  -37.5000 2522.1611   19.4930
    7.5000    7.5000  -37.5000 2494.8362   19.7926
   -7.5000   15.0000  -37.5000 2511.2810   19.5438
    0.0000   15.0000  -37.5000 2522.9302   19.4136
    7.5000   15.0000  -37.5000 2495.6396   19.6720
   -7.5000   22.5000  -37.5000 2510.2896   19.6522
    0.0000   22.5000  -37.5000 2525.0781   19.5033
    7.5000   22.5000  -37.5000 2503.4028   19.7325
   -7.5000   30.0000  -37.5000 2491.5930   20.0172
    0.0000   30.0000  -37.5000 2512.0403   19.8973
    7.5000   30.0000  -37.5000 2487.5164   20.1322
   -7.5000   37.5000  -37.5000 2460.6509   20.6665
    0.0000   37.5000  -37.5000 2481.3538   20.5208
    7.5000   37.5000  -37.5000 2458.2637   20.7540
   -7.5000   45.0000  -37.5000 2409.3047   21.7188
    0.0000   45.0000  -37.5000 2433.1865   21.5844
    7.5000   45.0000  -37.5000 2409.1924   21.8009
   -7.5000   52.5000  -37.5000 2317.8201   23.0481
    0.0000   52.5000  -37.5000 2335.1899   22.8517
    7.5000   52.5000  -37.5000 2308.9033   23.0836
   -7.5000  -37.5000  -30.0000 2262.7979   25.9393
    0.0000  -37.5000  -30.0000 2267.0854   25.8986
    7.5000  -37.5000  -30.0000 2237.7144   26.1129
   -7.5000  -30.0000  -30.0000 2367.1882   23.7010
    0.0000  -30.0000  -30.0000 2378.4951   23.6179
    7.5000  -30.0000  -30.0000 2351.7417   23.8402
   -7.5000  -22.5000  -30.0000 2474.9431   21.7725
    0.0000  -22.5000  -30.0000 2481.4768   21.6920
    7.5000  -22.5000  -30.0000 2457.9653   21.9234
   -7.5000  -15.0000  -30.0000 2567.3066   20.2699
    0.0000  -15.0000  -30.0000 2568.5952   20.2342
    7.5000  -15.0000  -30.0000 2537.8752   20.4823
   -7.5000   -7.5000  -30.0000 2602.0010   19.4193
    0.0000   -7.5000  -30.0000 2611.1345   19.3587
    7.5000   -7.5000  -30.0000 2573.5991   19.5658
   -7.5000    0.0000  -30.0000 2625.1875   18.9422
    0.0000    0.0000  -30.0000 2635.5100   18.8448
    7.5000    0.0000  -30.0000 2603.7642   19.0495
   -7.5000    7.5000  -30.0000 2646.8674   18.7310
    0.0000    7.5000  -30.0000 2658.0276   18.6115
    7.5000    7.5000  -30.0000 2629.0164   18.8451
   -7.5000   15.0000  -30.0000 2657.8901   18.6763
    0.0000   15.0000  -30.0000 2669.4309   18.5917
    7.5000   15.0000  -30.0000 2645.2417   18.7693
   -7.5000   22.5000  -30.0000 2656.0112   18.8281
    0.0000   22.5000  -30.0000 2666.9207   18.7139
    7.5000   22.5000  -30.0000 2644.3875   18.9037
   -7.5000   30.0000  -30.0000 2638.4622   19.1627
    0.0000   30.0000  -30.0000 2659.1365   19.0745
    7.5000   30.0000  -30.0000 2631.0112   19.2734
   -7.5000   37.5000  -30.0000 2610.7422   19.7829
    0.0000   37.5000  -30.0000 2632.2551   19.6314
    7.5000   37.5000  -30.0000 2600.0085   19.8764
   -7.5000   45.0000  -30.0000 2551.9548   20.8322
    0.0000   45.0000  -30.0000 2579.0278   20.6588
    7.5000   45.0000  -30.0000 2549.6128   20.8547
   -7.5000   52.5000  -30.0000 2456.5217   22.1169
    0.0000   52.5000  -30.0000 2474.4487   21.9187
    7.5000   52.5000  -30.0000 2444.9399   22.1274
   -7.5000  -37.5000  -22.5000 2327.8394   25.3808
    0.0000  -37.5000  -22.5000 2336.8416   25.3147
    7.5000  -37.5000  -22.5000 2305.0374   25.6493
   -7.5000  -30.0000  -22.5000 2446.0176   23.1579
    0.0000  -30.0000  -22.5000 2458.6067   23.0616
    7.5000  -30.0000  -22.5000 2426.9287   23.3025
   -7.5000  -22.5000  -22.5000 2552.7754   21.1846
    0.0000  -22.5000  -22.5000 2565.6772   21.0799
    7.5000  -22.5000  -22.5000 2534.3057   21.3181
   -7.5000  -15.0000  -22.5000 2639.9768   19.6572
    0.0000  -15.0000  -22.5000 2649.5051   19.5895
    7.5000  -15.0000  -22.5000 2615.4705   19.8241
   -7.5000   -7.5000  -22.5000 2691.9507   18.6187
    0.0000   -7.5000  -22.5000 2702.8936   18.5246
    7.5000   -7.5000  -22.5000 2666.7266   18.7569
   -7.5000    0.0000  -22.5000 2723.6523   17.9955
    0.0000    0.0000  -22.5000 2737.6829   17.8928
    7.5000    0.0000  -22.5000 2703.3250   18.1222
   -7.5000    7.5000  -22.5000 2745.5142   17.6861
    0.0000    7.5000  -22.5000 2765.5862   17.5899
    7.5000    7.5000  -22.5000 2734.1934   17.8313
   -7.5000   15.0000  -22.5000 2768.3579   17.6249
    0.0000   15.0000  -22.5000 2785.8909   17.4915
    7.5000   15.0000  -22.5000 2756.5527   17.7143
   -7.5000   22.5000  -22.5000 2779.8440   17.7508
    0.0000   22.5000  -22.5000 2793.9097   17.6480
    7.5000   22.5000  -22.5000 2762.9790   17.8060
   -7.5000   30.0000  -22.5000 2762.5264   18.1214
    0.0000   30.0000  -22.5000 2781.9004   18.0299
    7.5000   30.0000  -22.5000 2751.6584   18.2407
   -7.5000   37.5000  -22.5000 2732.3765   18.8174
    0.0000   37.5000  -22.5000 2752.8071   18.6361
    7.5000   37.5000  -22.5000 2722.6304   18.8899
   -7.5000   45.0000  -22.5000 2675.2627   19.7662
    0.0000   45.0000  -22.5000 2696.4243   19.5799
    7.5000   45.0000  -22.5000 2664.7849   19.7942
   -7.5000   52.5000  -22.5000 2567.1338   21.0324
    0.0000   52.5000  -22.5000 2582.3799   20.8040
    7.5000   52.5000  -22.5000 2551.8164   21.0432
   -7.5000  -37.5000  -15.0000 2354.6396   24.9382
    0.0000  -37.5000  -15.0000 2359.2190   24.8060
    7.5000  -37.5000  -15.0000 2330.0083   25.1804
   -7.5000  -30.0000  -15.0000 2465.3931   22.6073
    0.0000  -30.0000  -15.0000 2477.4780   22.4424
    7.5000  -30.0000  -15.0000 2445.8882   22.7853
   -7.5000  -22.5000  -15.0000 2578.7190   20.5892
    0.0000  -22.5000  -15.0000 2590.8279   20.4334
    7.5000  -22.5000  -15.0000 2560.1694   20.7697
   -7.5000  -15.0000  -15.0000 2664.1699   19.0812
    0.0000  -15.0000  -15.0000 2675.8621   18.9400
    7.5000  -15.0000  -15.0000 2644.8652   19.2598
   -7.5000   -7.5000  -15.0000 2728.6636   17.9649
    0.0000   -7.5000  -15.0000 2737.8003   17.8199
    7.5000   -7.5000  -15.0000 2710.8086   18.1184
   -7.5000    0.0000  -15.0000 2774.4331   17.1808
    0.0000    0.0000  -15.0000 2787.6990   17.0623
    7.5000    0.0000  -15.0000 2763.0339   17.3299
   -7.5000    7.5000  -15.0000 2810.9819   16.7678
    0.0000    7.5000  -15.0000 2831.8818   16.6221
    7.5000    7.5000  -15.0000 2804.9272   16.9059
   -7.5000   15.0000  -15.0000 2837.7651   16.6131
    0.0000   15.0000  -15.0000 2865.7439   16.5063
    7.5000   15.0000  -15.0000 2830.3083   16.7165
   -7.5000   22.5000  -15.0000 2865.3188   16.7254
    0.0000   22.5000  -15.0000 2878.9265   16.5824
    7.5000   22.5000  -15.0000 2846.9263   16.8106
   -7.5000   30.0000  -15.0000 2853.3557   17.1442
    0.0000   30.0000  -15.0000 2868.4380   17.0010
    7.5000   30.0000  -15.0000 2839.8892   17.2580
   -7.5000   37.5000  -15.0000 2814.1069   17.8491
    0.0000   37.5000  -15.0000 2842.5623   17.6835
    7.5000   37.5000  -15.0000 2807.0149   17.9232
   -7.5000   45.0000  -15.0000 2750.1934   18.8001
    0.0000   45.0000  -15.0000 2771.0566   18.5802
    7.5000   45.0000  -15.0000 2742.1660   18.8614
   -7.5000   52.5000  -15.0000 2641.0256   20.0367
    0.0000   52.5000  -15.0000 2656.4329   19.8051
    7.5000   52.5000  -15.0000 2622.8967   20.0948
   -7.5000  -37.5000   -7.5000 2358.3860   24.5320
    0.0000  -37.5000   -7.5000 2372.8757   24.4713
    7.5000  -37.5000   -7.5000 2337.6104   24.8200
   -7.5000  -30.0000   -7.5000 2477.2959   22.2037
    0.0000  -30.0000   -7.5000 2492.8760   22.0101
    7.5000  -30.0000   -7.5000 2455.2312   22.3804
   -7.5000  -22.5000   -7.5000 2586.8367   20.2251
    0.0000  -22.5000   -7.5000 2597.5698   19.9731
    7.5000  -22.5000   -7.5000 2566.9062   20.3586
   -7.5000  -15.0000   -7.5000 2677.4163   18.6472
    0.0000  -15.0000   -7.5000 2687.8809   18.4346
    7.5000  -15.0000   -7.5000 2657.7698   18.7837
   -7.5000   -7.5000   -7.5000 2748.4873   17.4469
    0.0000   -7.5000   -7.5000 2757.9182   17.2601
    7.5000   -7.5000   -7.5000 2733.7600   17.5809
   -7.5000    0.0000   -7.5000 2805.7996   16.5818
    0.0000    0.0000   -7.5000 2821.9456   16.3917
    7.5000    0.0000   -7.5000 2799.2378   16.6815
   -7.5000    7.5000   -7.5000 2857.1743   16.0674
    0.0000    7.5000   -7.5000 2880.6646   15.9092
    7.5000    7.5000   -7.5000 2851.4917   16.1205
   -7.5000   15.0000   -7.5000 2899.4641   15.9347
    0.0000   15.0000   -7.5000 2929.5461   15.7386
    7.5000   15.0000   -7.5000 2891.0190   16.0288
   -7.5000   22.5000   -7.5000 2925.2893   16.0241
    0.0000   22.5000   -7.5000 2943.2253   15.7461
    7.5000   22.5000   -7.5000 2912.2373   16.1877
   -7.5000   30.0000   -7.5000 2916.5911   16.3482
    0.0000   30.0000   -7.5000 2929.4470   16.1826
    7.5000   30.0000   -7.5000 2901.4165   16.5086
   -7.5000   37.5000   -7.5000 2870.4922   17.0640
    0.0000   37.5000   -7.5000 2894.3960   16.8326
    7.5000   37.5000   -7.5000 2863.1543   17.1645
   -7.5000   45.0000   -7.5000 2807.2542   17.9910
    0.0000   45.0000   -7.5000 2827.0139   17.7315
    7.5000   45.0000   -7.5000 2795.4409   18.1166
   -7.5000   52.5000   -7.5000 2690.6980   19.2694
    0.0000   52.5000   -7.5000 2706.0793   18.9776
    7.5000   52.5000   -7.5000 2670.5366   19.3928
   -7.5000  -37.5000    0.0000 2361.2305   24.3788
    0.0000  -37.5000    0.0000 2375.8882   24.2556
    7.5000  -37.5000    0.0000 2343.2651   24.6897
   -7.5000  -30.0000    0.0000 2471.4185   22.0045
    0.0000  -30.0000    0.0000 2486.4338   21.8172
    7.5000  -30.0000    0.0000 2456.0615   22.2060
   -7.5000  -22.5000    0.0000 2578.0667   20.0311
    0.0000  -22.5000    0.0000 2590.1428   19.8165
    7.5000  -22.5000    0.0000 2561.0725   20.2098
   -7.5000  -15.0000    0.0000 2673.9670   18.3749
    0.0000  -15.0000    0.0000 2686.7849   18.1651
    7.5000  -15.0000    0.0000 2654.8218   18.5526
   -7.5000   -7.5000    0.0000 2759.7061   17.1228
    0.0000   -7.5000    0.0000 2768.6963   16.9357
    7.5000   -7.5000    0.0000 2738.6924   17.2772
   -7.5000    0.0000    0.0000 2827.8477   16.2253
    0.0000    0.0000    0.0000 2837.5842   16.0321
    7.5000    0.0000    0.0000 2808.0513   16.3720
   -7.5000    7.5000    0.0000 2886.0994   15.6925
    0.0000    7.5000    0.0000 2906.8647   15.5169
    7.5000    7.5000    0.0000 2873.3875   15.8059
   -7.5000   15.0000    0.0000 2933.9998   15.6742
    0.0000   15.0000    0.0000 2966.1211   15.4801
    7.5000   15.0000    0.0000 2923.8284   15.8149
   -7.5000   22.5000    0.0000 2971.0242   15.9011
    0.0000   22.5000    0.0000 2998.2104   15.6263
    7.5000   22.5000    0.0000 2953.9263   16.0852
   -7.5000   30.0000    0.0000 2951.2847   15.9916
    0.0000   30.0000    0.0000 2963.6169   15.7647
    7.5000   30.0000    0.0000 2925.0732   16.2094
   -7.5000   37.5000    0.0000 2906.0166   16.4933
    0.0000   37.5000    0.0000 2918.3552   16.2995
    7.5000   37.5000    0.0000 2880.5566   16.7273
   -7.5000   45.0000    0.0000 2831.2368   17.4765
    0.0000   45.0000    0.0000 2848.6084   17.3038
    7.5000   45.0000    0.0000 2814.5063   17.6638
   -7.5000   52.5000    0.0000 2717.7112   18.9076
    0.0000   52.5000    0.0000 2731.8855   18.7141
    7.5000   52.5000    0.0000 2693.8040   18.9752
   -7.5000  -37.5000    7.5000 2358.3091   24.5298
    0.0000  -37.5000    7.5000 2370.9626   24.4814
    7.5000  -37.5000    7.5000 2338.5779   24.9332
   -7.5000  -30.0000    7.5000 2469.9854   22.0926
    0.0000  -30.0000    7.5000 2482.5476   21.9827
    7.5000  -30.0000    7.5000 2449.1646   22.4233
   -7.5000  -22.5000    7.5000 2572.4976   20.0625
    0.0000  -22.5000    7.5000 2582.5571   19.8663
    7.5000  -22.5000    7.5000 2547.8740   20.3615
   -7.5000  -15.0000    7.5000 2666.7510   18.3529
    0.0000  -15.0000    7.5000 2674.3728   18.1570
    7.5000  -15.0000    7.5000 2638.8730   18.6321
   -7.5000   -7.5000    7.5000 2747.7305   17.0476
    0.0000   -7.5000    7.5000 2758.7036   16.8666
    7.5000   -7.5000    7.5000 2724.5364   17.2829
   -7.5000    0.0000    7.5000 2821.1213   16.1422
    0.0000    0.0000    7.5000 2832.7451   15.9791
    7.5000    0.0000    7.5000 2799.0503   16.3442
   -7.5000    7.5000    7.5000 2891.5110   15.6802
    0.0000    7.5000    7.5000 2906.2598   15.5587
    7.5000    7.5000    7.5000 2865.1604   15.8462
   -7.5000   15.0000    7.5000 2945.4705   15.6604
    0.0000   15.0000    7.5000 2976.8240   15.6237
    7.5000   15.0000    7.5000 2926.2141   15.8661
   -7.5000   22.5000    7.5000 2985.5010   15.8612
    0.0000   22.5000    7.5000 3020.9380   15.8158
    7.5000   22.5000    7.5000 2954.8442   16.1153
   -7.5000   30.0000    7.5000 2956.9070   15.9203
    0.0000   30.0000    7.5000 2980.1335   15.8946
    7.5000   30.0000    7.5000 2926.2715   16.2433
   -7.5000   37.5000    7.5000 2908.8201   16.3997
    0.0000   37.5000    7.5000 2921.4075   16.3249
    7.5000   37.5000    7.5000 2878.9866   16.7012
   -7.5000   45.0000    7.5000 2837.2134   17.4791
    0.0000   45.0000    7.5000 2849.3303   17.3138
    7.5000   45.0000    7.5000 2816.6433   17.6480
   -7.5000   52.5000    7.5000 2720.8638   18.9341
    0.0000   52.5000    7.5000 2732.0933   18.6871
    7.5000   52.5000    7.5000 2699.9617   18.9339
   -7.5000  -37.5000   15.0000 2341.8247   24.9514
    0.0000  -37.5000   15.0000 2354.6528   24.9309
    7.5000  -37.5000   15.0000 2316.8750   25.3895
   -7.5000  -30.0000   15.0000 2457.5859   22.4432
    0.0000  -30.0000   15.0000 2467.9961   22.3574
    7.5000  -30.0000   15.0000 2424.1526   22.8519
   -7.5000  -22.5000   15.0000 2556.6086   20.3748
    0.0000  -22.5000   15.0000 2565.2354   20.2629
    7.5000  -22.5000   15.0000 2527.0374   20.7521
   -7.5000  -15.0000   15.0000 2639.6604   18.6530
    0.0000  -15.0000   15.0000 2649.6846   18.5513
    7.5000  -15.0000   15.0000 2615.1199   18.9954
   -7.5000   -7.5000   15.0000 2719.2170   17.3260
    0.0000   -7.5000   15.0000 2732.1560   17.2321
    7.5000   -7.5000   15.0000 2697.2339   17.6592
   -7.5000    0.0000   15.0000 2787.1523   16.4068
    0.0000    0.0000   15.0000 2799.5288   16.3336
    7.5000    0.0000   15.0000 2766.1138   16.7048
   -7.5000    7.5000   15.0000 2852.2451   16.0026
    0.0000    7.5000   15.0000 2870.5977   15.8878
    7.5000    7.5000   15.0000 2836.0864   16.2348
   -7.5000   15.0000   15.0000 2919.9121   15.9193
    0.0000   15.0000   15.0000 2943.6003   15.8390
    7.5000   15.0000   15.0000 2898.2297   16.1690
   -7.5000   22.5000   15.0000 2965.6572   16.0556
    0.0000   22.5000   15.0000 2978.0876   15.9659
    7.5000   22.5000   15.0000 2927.4678   16.3982
   -7.5000   30.0000   15.0000 2934.7463   16.2778
    0.0000   30.0000   15.0000 2944.7034   16.1852
    7.5000   30.0000   15.0000 2893.4365   16.5399
   -7.5000   37.5000   15.0000 2895.4014   16.9140
    0.0000   37.5000   15.0000 2901.1460   16.8340
    7.5000   37.5000   15.0000 2851.5244   17.1060
   -7.5000   45.0000   15.0000 2806.2622   17.9342
    0.0000   45.0000   15.0000 2820.3330   17.8378
    7.5000   45.0000   15.0000 2789.1577   18.0964
   -7.5000   52.5000   15.0000 2686.4595   19.3186
    0.0000   52.5000   15.0000 2698.4312   19.1414
    7.5000   52.5000   15.0000 2668.8101   19.3773
   -7.5000  -37.5000   22.5000 2304.7451   25.6373
    0.0000  -37.5000   22.5000 2314.5059   25.5895
    7.5000  -37.5000   22.5000 2274.2886   26.0993
   -7.5000  -30.0000   22.5000 2426.0417   23.0847
    0.0000  -30.0000   22.5000 2433.6799   23.0261
    7.5000  -30.0000   22.5000 2387.1479   23.5634
   -7.5000  -22.5000   22.5000 2525.4946   20.9823
    0.0000  -22.5000   22.5000 2531.8672   20.9210
    7.5000  -22.5000   22.5000 2492.1301   21.4030
   -7.5000  -15.0000   22.5000 2606.6714   19.2507
    0.0000  -15.0000   22.5000 2615.3777   19.1869
    7.5000  -15.0000   22.5000 2579.1677   19.6545
   -7.5000   -7.5000   22.5000 2680.2915   17.8473
    0.0000   -7.5000   22.5000 2694.6919   17.7968
    7.5000   -7.5000   22.5000 2657.2859   18.2770
   -7.5000    0.0000   22.5000 2740.2610   16.9333
    0.0000    0.0000   22.5000 2756.3450   16.8483
    7.5000    0.0000   22.5000 2719.3215   17.2998
   -7.5000    7.5000   22.5000 2808.1108   16.5835
    0.0000    7.5000   22.5000 2823.9631   16.4484
    7.5000    7.5000   22.5000 2783.4656   16.8720
   -7.5000   15.0000   22.5000 2869.7837   16.5323
    0.0000   15.0000   22.5000 2890.1721   16.3773
    7.5000   15.0000   22.5000 2850.3411   16.8345
   -7.5000   22.5000   22.5000 2901.8855   16.5989
    0.0000   22.5000   22.5000 2910.1511   16.3856
    7.5000   22.5000   22.5000 2870.6843   16.9175
   -7.5000   30.0000   22.5000 2879.8728   16.9482
    0.0000   30.0000   22.5000 2888.3411   16.7628
    7.5000   30.0000   22.5000 2838.4775   17.0945
   -7.5000   37.5000   22.5000 2842.7012   17.6315
    0.0000   37.5000   22.5000 2849.0234   17.4648
    7.5000   37.5000   22.5000 2799.9976   17.7477
   -7.5000   45.0000   22.5000 2753.0193   18.6577
    0.0000   45.0000   22.5000 2765.0186   18.4693
    7.5000   45.0000   22.5000 2735.7019   18.7331
   -7.5000   52.5000   22.5000 2640.6738   19.9729
    0.0000   52.5000   22.5000 2649.4177   19.7798
    7.5000   52.5000   22.5000 2619.1802   20.0379
   -7.5000  -37.5000   30.0000 2247.9570   26.6194
    0.0000  -37.5000   30.0000 2254.9634   26.5211
    7.5000  -37.5000   30.0000 2215.6448   27.1310
   -7.5000  -30.0000   30.0000 2366.7053   24.0186
    0.0000  -30.0000   30.0000 2373.9260   23.9380
    7.5000  -30.0000   30.0000 2333.3516   24.5218
   -7.5000  -22.5000   30.0000 2471.2183   21.8713
    0.0000  -22.5000   30.0000 2479.3115   21.7805
    7.5000  -22.5000   30.0000 2438.3025   22.3352
   -7.5000  -15.0000   30.0000 2559.0381   20.0637
    0.0000  -15.0000   30.0000 2570.1306   19.9894
    7.5000  -15.0000   30.0000 2525.6404   20.5452
   -7.5000   -7.5000   30.0000 2627.1560   18.6333
    0.0000   -7.5000   30.0000 2638.4268   18.5707
    7.5000   -7.5000   30.0000 2596.2495   19.0685
   -7.5000    0.0000   30.0000 2691.1321   17.7852
    0.0000    0.0000   30.0000 2699.9451   17.6685
    7.5000    0.0000   30.0000 2661.8369   18.1565
   -7.5000    7.5000   30.0000 2757.4492   17.4225
    0.0000    7.5000   30.0000 2771.1084   17.2465
    7.5000    7.5000   30.0000 2729.9580   17.7538
   -7.5000   15.0000   30.0000 2797.5776   17.3168
    0.0000   15.0000   30.0000 2813.5811   17.1294
    7.5000   15.0000   30.0000 2773.2900   17.6544
   -7.5000   22.5000   30.0000 2816.2681   17.4341
    0.0000   22.5000   30.0000 2822.8921   17.2212
    7.5000   22.5000   30.0000 2789.0642   17.7036
   -7.5000   30.0000   30.0000 2800.7932   17.9273
    0.0000   30.0000   30.0000 2805.8643   17.7003
    7.5000   30.0000   30.0000 2768.2869   18.0385
   -7.5000   37.5000   30.0000 2758.5222   18.5564
    0.0000   37.5000   30.0000 2765.2588   18.3514
    7.5000   37.5000   30.0000 2724.7473   18.6541
   -7.5000   45.0000   30.0000 2680.9749   19.5336
    0.0000   45.0000   30.0000 2692.5994   19.2776
    7.5000   45.0000   30.0000 2660.7009   19.5753
   -7.5000   52.5000   30.0000 2575.7747   20.8192
    0.0000   52.5000   30.0000 2586.0151   20.6124
    7.5000   52.5000   30.0000 2554.8071   20.8682
   -7.5000  -37.5000   37.5000 2183.8428   27.9017
    0.0000  -37.5000   37.5000 2185.5837   27.8597
    7.5000  -37.5000   37.5000 2149.4751   28.4811
   -7.5000  -30.0000   37.5000 2294.6650   25.2075
    0.0000  -30.0000   37.5000 2303.8923   25.1856
    7.5000  -30.0000   37.5000 2265.5718   25.7296
   -7.5000  -22.5000   37.5000 2402.6157   22.9935
    0.0000  -22.5000   37.5000 2411.3074   22.9234
    7.5000  -22.5000   37.5000 2371.0024   23.4818
   -7.5000  -15.0000   37.5000 2495.8364   21.1365
    0.0000  -15.0000   37.5000 2503.0933   21.0410
    7.5000  -15.0000   37.5000 2460.0632   21.6227
   -7.5000   -7.5000   37.5000 2575.3657   19.7430
    0.0000   -7.5000   37.5000 2581.0967   19.6247
    7.5000   -7.5000   37.5000 2534.9187   20.1813
   -7.5000    0.0000   37.5000 2629.3208   18.8558
    0.0000    0.0000   37.5000 2637.2532   18.7351
    7.5000    0.0000   37.5000 2590.7278   19.2469
   -7.5000    7.5000   37.5000 2680.7170   18.3994
    0.0000    7.5000   37.5000 2691.7158   18.2491
    7.5000    7.5000   37.5000 2643.3188   18.7483
   -7.5000   15.0000   37.5000 2708.7222   18.2696
    0.0000   15.0000   37.5000 2716.6868   18.0669
    7.5000   15.0000   37.5000 2674.2471   18.5882
   -7.5000   22.5000   37.5000 2717.4744   18.4423
    0.0000   22.5000   37.5000 2723.1497   18.2659
    7.5000   22.5000   37.5000 2690.1919   18.6989
   -7.5000   30.0000   37.5000 2698.6306   19.0523
    0.0000   30.0000   37.5000 2707.1384   18.8259
    7.5000   30.0000   37.5000 2673.7639   19.1903
   -7.5000   37.5000   37.5000 2653.7834   19.6599
    0.0000   37.5000   37.5000 2661.9885   19.4480
    7.5000   37.5000   37.5000 2635.3289   19.8079
   -7.5000   45.0000   37.5000 2594.9841   20.5773
    0.0000   45.0000   37.5000 2597.7507   20.3317
    7.5000   45.0000   37.5000 2571.5630   20.7117
   -7.5000   52.5000   37.5000 2494.3848   21.8107
    0.0000   52.5000   37.5000 2502.4424   21.5656
    7.5000   52.5000   37.5000 2475.3726   21.9186
   -7.5000  -37.5000   45.0000 2102.3811   29.6480
    0.0000  -37.5000   45.0000 2110.2632   29.6732
    7.5000  -37.5000   45.0000 2071.8096   30.2910
   -7.5000  -30.0000   45.0000 2216.2844   26.7979
    0.0000  -30.0000   45.0000 2220.9536   26.7839
    7.5000  -30.0000   45.0000 2187.0720   27.3944
   -7.5000  -22.5000   45.0000 2324.9341   24.4365
    0.0000  -22.5000   45.0000 2335.4707   24.4164
    7.5000  -22.5000   45.0000 2296.1963   25.0527
   -7.5000  -15.0000   45.0000 2421.0405   22.5807
    0.0000  -15.0000   45.0000 2428.6392   22.5339
    7.5000  -15.0000   45.0000 2385.8108   23.1498
   -7.5000   -7.5000   45.0000 2497.7930   21.2093
    0.0000   -7.5000   45.0000 2504.1155   21.1490
    7.5000   -7.5000   45.0000 2459.9553   21.7119
   -7.5000    0.0000   45.0000 2553.3447   20.2791
    0.0000    0.0000   45.0000 2564.2197   20.1882
    7.5000    0.0000   45.0000 2517.4067   20.7522
   -7.5000    7.5000   45.0000 2598.2788   19.7368
    0.0000    7.5000   45.0000 2608.8464   19.6281
    7.5000    7.5000   45.0000 2561.9021   20.1061
   -7.5000   15.0000   45.0000 2621.2573   19.5230
    0.0000   15.0000   45.0000 2625.8516   19.4084
    7.5000   15.0000   45.0000 2582.3311   19.8503
   -7.5000   22.5000   45.0000 2616.7629   19.7332
    0.0000   22.5000   45.0000 2626.2317   19.5642
    7.5000   22.5000   45.0000 2589.8369   20.0117
   -7.5000   30.0000   45.0000 2595.4705   20.3210
    0.0000   30.0000   45.0000 2605.9634   20.1353
    7.5000   30.0000   45.0000 2576.5427   20.5365
   -7.5000   37.5000   45.0000 2550.1567   20.9426
    0.0000   37.5000   45.0000 2559.0742   20.8059
    7.5000   37.5000   45.0000 2540.3406   21.1737
   -7.5000   45.0000   45.0000 2498.7407   21.8152
    0.0000   45.0000   45.0000 2500.2454   21.6554
    7.5000   45.0000   45.0000 2481.3701   22.0499
   -7.5000   52.5000   45.0000 2408.0798   23.0355
    0.0000   52.5000   45.0000 2413.9661   22.8137
    7.5000   52.5000   45.0000 2386.5757   23.2113

---------------------------------------------------------------------
imgreg_4dfp /opt/freesurfer/average/711-2C_as_mni_average_305 /opt/freesurfer/average/711-2B_as_mni_average_305_mask talsrcimg_g11 none talsrcimg_to_711-2C_as_mni_average_305_t4 1283
---------------------------------------------------------------------

freesurfer imgreg_4dfp.c
/opt/freesurfer/average/711-2C_as_mni_average_305.4dfp.img
       256       256       256         1
  1.000000  1.000000  1.000000
orientation T byte_order littleendian
Reading image: /opt/freesurfer/average/711-2C_as_mni_average_305.4dfp.img
dimensions:      256       256       256
mmppix:       1.0000   -1.0000   -1.0000
center:     128.0000 -129.0000 -129.0000
/opt/freesurfer/average/711-2B_as_mni_average_305_mask.4dfp.img
       256       256       256         1
  1.000000  1.000000  1.000000
orientation T byte_order littleendian
Reading mask: /opt/freesurfer/average/711-2B_as_mni_average_305_mask.4dfp.img (2306576 pixels)
talsrcimg_g11.4dfp.img
       256       256       256         1
  1.000000  1.000000  1.000000
orientation T byte_order littleendian
Reading image: talsrcimg_g11.4dfp.img
dimensions:      256       256       256
mmppix:       1.0000   -1.0000   -1.0000
center:     128.0000 -129.0000 -129.0000
rotation matrix determinant  1.000000
fimgreg.f
image alignment mode   1283 decimal      503 hex
parameters
    0.0000   22.5000    7.5000    0.0000    0.0000    0.0000
eta,q 0.94639 15.75021
niter,ni,del,rscale     5    3   12.0000    1.2000
parameter  4  1.444251 ->  0.500000 qaram    1.1500
parameters
   -1.0813   23.0141    6.5941   -3.4500    2.1327   -2.5525
eta,q 0.94984 15.65102
  0.0599  0.0609  0.0601  0.0488  0.0584  0.0498
  0.0566  0.0562  0.0564  0.0492  0.0541  0.0500
  0.0521  0.0527  0.0524  0.0495  0.0507  0.0501
  0.0508  0.0506  0.0512  0.0513  0.0494  0.0497
  0.0557  0.0533  0.0547  0.0554  0.0497  0.0504
  0.0624  0.0557  0.0611  0.0582  0.0500  0.0527
  0.0690  0.0571  0.0673  0.0589  0.0506  0.0560
niter,ni,del,rscale     5    3   12.0000    1.2000
parameter  4  1.339415 ->  0.500000 qaram    1.3225
parameters
   -2.1217   24.3813    6.1008   -7.4175    2.9027   -2.9604
eta,q 0.95738 15.60839
  0.0562  0.0603  0.0536  0.0428  0.0525  0.0489
  0.0531  0.0546  0.0503  0.0426  0.0483  0.0461
  0.0506  0.0519  0.0484  0.0447  0.0447  0.0435
  0.0502  0.0500  0.0478  0.0479  0.0428  0.0427
  0.0522  0.0474  0.0481  0.0519  0.0431  0.0445
  0.0565  0.0499  0.0511  0.0562  0.0449  0.0475
  0.0642  0.0539  0.0572  0.0599  0.0490  0.0504
niter,ni,del,rscale     5    3   12.0000    1.2000
parameter  4  0.527116 ->  0.500000 qaram    1.5209
parameters
   -1.9177   25.1862    5.3650  -11.9801    2.4988   -3.2716
eta,q 0.95990 15.52838
  0.0595  0.0590  0.0507  0.0428  0.0469  0.0468
  0.0532  0.0522  0.0464  0.0399  0.0431  0.0441
  0.0472  0.0456  0.0436  0.0415  0.0404  0.0412
  0.0426  0.0424  0.0421  0.0423  0.0402  0.0401
  0.0438  0.0426  0.0444  0.0460  0.0414  0.0418
  0.0504  0.0464  0.0495  0.0498  0.0444  0.0452
  0.0591  0.0528  0.0571  0.0553  0.0490  0.0482
niter,ni,del,rscale     5    3   12.0000    1.2000
parameters
   -2.0315   26.1790    4.2878  -12.2909    2.5738   -3.4019
eta,q 0.96073 15.53448
  0.0559  0.0567  0.0482  0.0497  0.0465  0.0462
  0.0484  0.0500  0.0431  0.0446  0.0429  0.0430
  0.0427  0.0446  0.0400  0.0404  0.0400  0.0405
  0.0401  0.0401  0.0396  0.0394  0.0392  0.0392
  0.0419  0.0404  0.0429  0.0415  0.0401  0.0406
  0.0489  0.0444  0.0496  0.0454  0.0425  0.0438
  0.0577  0.0493  0.0571  0.0510  0.0462  0.0466
niter,ni,del,rscale     4    3   12.0000    1.2000
parameters
   -2.0264   26.0699    4.1357  -12.4059    2.5783   -3.3715
eta,q 0.96080 15.52751
  0.0559  0.0521  0.0511  0.0500  0.0461  0.0465
  0.0475  0.0461  0.0454  0.0451  0.0427  0.0433
  0.0414  0.0412  0.0412  0.0406  0.0400  0.0406
  0.0393  0.0393  0.0392  0.0393  0.0392  0.0392
  0.0412  0.0418  0.0405  0.0414  0.0400  0.0403
  0.0474  0.0464  0.0458  0.0451  0.0424  0.0434
  0.0560  0.0532  0.0531  0.0505  0.0462  0.0463
niter,ni,del,rscale     3    3   12.0000    1.2000
parameters
   -2.0110   26.0656    4.1102  -12.4441    2.5606   -3.3519
eta,q 0.96082 15.52711
  0.0558  0.0525  0.0515  0.0501  0.0460  0.0465
  0.0475  0.0464  0.0457  0.0452  0.0427  0.0432
  0.0414  0.0414  0.0413  0.0407  0.0399  0.0406
  0.0392  0.0392  0.0392  0.0392  0.0392  0.0392
  0.0410  0.0415  0.0402  0.0413  0.0400  0.0404
  0.0472  0.0461  0.0453  0.0450  0.0425  0.0434
  0.0559  0.0527  0.0525  0.0503  0.0463  0.0463
registration optimization eta report
parameter search radius
    6.0000    6.0000    6.0000    9.1253    6.0000    6.0000
100000*second partial in parameter space
       46.       36.       35.       13.       19.       19.
  0.0558  0.0525  0.0515  0.0501  0.0460  0.0465
  0.0475  0.0464  0.0457  0.0452  0.0427  0.0432
  0.0414  0.0414  0.0413  0.0407  0.0399  0.0406
  0.0392  0.0392  0.0392  0.0392  0.0392  0.0392
  0.0410  0.0415  0.0402  0.0413  0.0400  0.0404
  0.0472  0.0461  0.0453  0.0450  0.0425  0.0434
  0.0559  0.0527  0.0525  0.0503  0.0463  0.0463
   -2.0110   26.0656    4.1102  -12.4441    2.5606   -3.3519
eta,q 0.96082 15.52711

---------------------------------------------------------------------
imgreg_4dfp /opt/freesurfer/average/711-2C_as_mni_average_305 /opt/freesurfer/average/711-2B_as_mni_average_305_mask talsrcimg_g11 none talsrcimg_to_711-2C_as_mni_average_305_t4 3335
---------------------------------------------------------------------

freesurfer imgreg_4dfp.c
/opt/freesurfer/average/711-2C_as_mni_average_305.4dfp.img
       256       256       256         1
  1.000000  1.000000  1.000000
orientation T byte_order littleendian
Reading image: /opt/freesurfer/average/711-2C_as_mni_average_305.4dfp.img
dimensions:      256       256       256
mmppix:       1.0000   -1.0000   -1.0000
center:     128.0000 -129.0000 -129.0000
/opt/freesurfer/average/711-2B_as_mni_average_305_mask.4dfp.img
       256       256       256         1
  1.000000  1.000000  1.000000
orientation T byte_order littleendian
Reading mask: /opt/freesurfer/average/711-2B_as_mni_average_305_mask.4dfp.img (2306576 pixels)
talsrcimg_g11.4dfp.img
       256       256       256         1
  1.000000  1.000000  1.000000
orientation T byte_order littleendian
Reading image: talsrcimg_g11.4dfp.img
dimensions:      256       256       256
mmppix:       1.0000   -1.0000   -1.0000
center:     128.0000 -129.0000 -129.0000
fimgreg.f
image alignment mode   3335 decimal      D07 hex
parameters
   -2.0110   26.0656    4.1102   -0.2707   -2.5727   -2.4468
    6.6705   -3.0952   -5.8409   21.7668    4.4675  -21.5271
eta,q 0.96388 15.54688
niter,ni,del,rscale     5    3    5.0000    1.2000
parameter  4  1.571017 ->  0.500000 qaram    1.1500
parameter  5  1.062468 ->  0.500000 qaram    1.1500
parameter 10  0.736181 ->  0.500000 qaram    1.1500
parameters
   -2.0659   26.7623    4.3185   -4.4107   -6.7127   -5.5319
    7.6670   -3.0425   -4.9781   17.6268    2.5321  -22.5571
eta,q 0.97491 15.29229
  0.0386  0.0395  0.0386  0.0293  0.0265  0.0280  0.0311  0.0319  0.0301  0.0258  0.0261  0.0268
  0.0372  0.0380  0.0373  0.0303  0.0270  0.0273  0.0293  0.0295  0.0286  0.0253  0.0255  0.0258
  0.0364  0.0368  0.0363  0.0325  0.0285  0.0270  0.0278  0.0277  0.0275  0.0256  0.0252  0.0252
  0.0361  0.0361  0.0359  0.0359  0.0308  0.0273  0.0270  0.0269  0.0269  0.0269  0.0253  0.0252
  0.0364  0.0359  0.0360  0.0398  0.0340  0.0294  0.0270  0.0275  0.0270  0.0287  0.0258  0.0257
  0.0373  0.0362  0.0367  0.0441  0.0382  0.0335  0.0279  0.0292  0.0277  0.0307  0.0267  0.0267
  0.0389  0.0371  0.0379  0.0488  0.0430  0.0385  0.0295  0.0319  0.0289  0.0333  0.0280  0.0281
niter,ni,del,rscale     7    3    5.0000    1.2000
parameters
   -2.2883   27.3305    4.2504   -7.4808   -8.5370   -4.6404
    7.6631   -2.9180   -4.7495   18.0497    2.5515  -23.6607
eta,q 0.97596 15.16635
  0.0281  0.0297  0.0268  0.0262  0.0280  0.0271  0.0274  0.0281  0.0273  0.0289  0.0255  0.0257
  0.0263  0.0276  0.0258  0.0250  0.0258  0.0259  0.0257  0.0260  0.0257  0.0265  0.0248  0.0247
  0.0253  0.0260  0.0251  0.0245  0.0244  0.0249  0.0246  0.0247  0.0246  0.0248  0.0243  0.0241
  0.0251  0.0251  0.0248  0.0248  0.0245  0.0243  0.0241  0.0241  0.0241  0.0241  0.0241  0.0241
  0.0258  0.0249  0.0251  0.0267  0.0261  0.0240  0.0245  0.0244  0.0244  0.0246  0.0243  0.0247
  0.0272  0.0255  0.0259  0.0301  0.0294  0.0244  0.0257  0.0256  0.0254  0.0259  0.0248  0.0257
  0.0294  0.0268  0.0271  0.0347  0.0337  0.0264  0.0274  0.0280  0.0269  0.0280  0.0255  0.0269
niter,ni,del,rscale     6    3    5.0000    1.2000
parameters
   -2.4352   27.5746    4.2922   -7.7141   -8.9619   -4.7451
    7.6650   -3.0092   -4.5956   18.4923    2.5277  -23.9476
eta,q 0.97595 15.14333
  0.0269  0.0279  0.0261  0.0279  0.0293  0.0267  0.0273  0.0277  0.0271  0.0286  0.0255  0.0262
  0.0252  0.0260  0.0250  0.0261  0.0268  0.0255  0.0256  0.0257  0.0255  0.0264  0.0247  0.0250
  0.0243  0.0246  0.0243  0.0247  0.0248  0.0246  0.0245  0.0246  0.0245  0.0247  0.0242  0.0243
  0.0240  0.0240  0.0240  0.0240  0.0240  0.0240  0.0241  0.0241  0.0241  0.0241  0.0241  0.0241
  0.0246  0.0242  0.0242  0.0242  0.0247  0.0239  0.0244  0.0244  0.0244  0.0245  0.0242  0.0245
  0.0258  0.0251  0.0248  0.0258  0.0271  0.0248  0.0256  0.0257  0.0254  0.0258  0.0247  0.0253
  0.0276  0.0266  0.0260  0.0291  0.0311  0.0276  0.0274  0.0281  0.0268  0.0278  0.0255  0.0265
niter,ni,del,rscale     5    3    5.0000    1.2000
parameters
   -2.4585   27.6674    4.2341   -7.6457   -9.0736   -4.7453
    7.6266   -3.0292   -4.4851   18.7070    2.4650  -24.1107
eta,q 0.97595 15.14762
  0.0272  0.0275  0.0260  0.0281  0.0296  0.0268  0.0273  0.0278  0.0270  0.0284  0.0254  0.0263
  0.0254  0.0256  0.0249  0.0263  0.0270  0.0255  0.0256  0.0258  0.0254  0.0262  0.0247  0.0251
  0.0244  0.0245  0.0243  0.0249  0.0250  0.0246  0.0245  0.0246  0.0244  0.0246  0.0242  0.0243
  0.0241  0.0240  0.0241  0.0241  0.0240  0.0241  0.0241  0.0241  0.0241  0.0241  0.0241  0.0241
  0.0245  0.0244  0.0243  0.0241  0.0246  0.0239  0.0244  0.0243  0.0244  0.0245  0.0242  0.0244
  0.0256  0.0254  0.0250  0.0256  0.0266  0.0248  0.0256  0.0256  0.0253  0.0259  0.0247  0.0253
  0.0273  0.0269  0.0262  0.0286  0.0305  0.0275  0.0274  0.0281  0.0268  0.0279  0.0255  0.0264
niter,ni,del,rscale     4    3    5.0000    1.2000
parameters
   -2.4535   27.6945    4.1870   -7.6171   -9.1186   -4.7539
    7.5938   -3.0169   -4.4295   18.8140    2.4313  -24.1971
eta,q 0.97595 15.14936
  0.0272  0.0273  0.0260  0.0281  0.0297  0.0268  0.0273  0.0278  0.0269  0.0282  0.0254  0.0264
  0.0255  0.0255  0.0250  0.0263  0.0271  0.0255  0.0256  0.0258  0.0254  0.0261  0.0247  0.0251
  0.0244  0.0244  0.0243  0.0248  0.0250  0.0246  0.0245  0.0246  0.0244  0.0246  0.0242  0.0243
  0.0241  0.0241  0.0241  0.0241  0.0241  0.0241  0.0241  0.0241  0.0241  0.0241  0.0241  0.0241
  0.0244  0.0244  0.0243  0.0241  0.0245  0.0238  0.0244  0.0243  0.0244  0.0245  0.0242  0.0244
  0.0255  0.0255  0.0250  0.0256  0.0265  0.0248  0.0256  0.0256  0.0254  0.0259  0.0247  0.0253
  0.0272  0.0270  0.0262  0.0287  0.0304  0.0275  0.0274  0.0280  0.0268  0.0280  0.0255  0.0264
niter,ni,del,rscale     3    3    5.0000    1.2000
parameters
   -2.4497   27.7073    4.1630   -7.6059   -9.1390   -4.7624
    7.5750   -3.0098   -4.4060   18.8673    2.4117  -24.2403
eta,q 0.97595 15.14998
  0.0272  0.0272  0.0260  0.0281  0.0297  0.0268  0.0273  0.0278  0.0269  0.0282  0.0255  0.0264
  0.0255  0.0254  0.0250  0.0263  0.0271  0.0255  0.0256  0.0258  0.0254  0.0260  0.0247  0.0251
  0.0244  0.0244  0.0243  0.0248  0.0250  0.0246  0.0245  0.0246  0.0244  0.0246  0.0242  0.0243
  0.0241  0.0241  0.0241  0.0241  0.0241  0.0241  0.0241  0.0241  0.0241  0.0241  0.0241  0.0241
  0.0244  0.0244  0.0243  0.0241  0.0245  0.0238  0.0244  0.0243  0.0244  0.0246  0.0242  0.0244
  0.0255  0.0255  0.0250  0.0256  0.0265  0.0248  0.0256  0.0256  0.0254  0.0260  0.0247  0.0252
  0.0272  0.0271  0.0262  0.0287  0.0303  0.0276  0.0274  0.0280  0.0268  0.0281  0.0255  0.0264
niter,ni,del,rscale     2    3    5.0000    1.2000
parameters
   -2.4471   27.7154    4.1504   -7.6004   -9.1502   -4.7677
    7.5696   -3.0048   -4.3928   18.8972    2.4011  -24.2635
eta,q 0.97595 15.15020
  0.0272  0.0272  0.0260  0.0281  0.0297  0.0268  0.0273  0.0278  0.0269  0.0281  0.0255  0.0264
  0.0255  0.0254  0.0250  0.0263  0.0271  0.0255  0.0256  0.0258  0.0254  0.0260  0.0247  0.0251
  0.0244  0.0244  0.0243  0.0248  0.0250  0.0246  0.0245  0.0246  0.0244  0.0245  0.0242  0.0243
  0.0241  0.0241  0.0241  0.0241  0.0241  0.0241  0.0241  0.0241  0.0241  0.0241  0.0241  0.0241
  0.0244  0.0244  0.0243  0.0241  0.0245  0.0238  0.0244  0.0243  0.0244  0.0246  0.0242  0.0244
  0.0255  0.0255  0.0250  0.0256  0.0265  0.0248  0.0256  0.0256  0.0254  0.0260  0.0247  0.0252
  0.0272  0.0271  0.0261  0.0287  0.0303  0.0276  0.0274  0.0280  0.0268  0.0281  0.0255  0.0264
registration optimization eta report
parameter search radius
    2.4000    2.4000    2.4000    8.2800    8.2800    7.2000
    7.2000    7.2000    7.2000    8.2800    7.2000    7.2000
100000*second partial in parameter space
       55.       53.       35.        6.        9.        6.
        6.        8.        5.        6.        3.        4.
  0.0272  0.0272  0.0260  0.0281  0.0297  0.0268  0.0273  0.0278  0.0269  0.0281  0.0255  0.0264
  0.0255  0.0254  0.0250  0.0263  0.0271  0.0255  0.0256  0.0258  0.0254  0.0260  0.0247  0.0251
  0.0244  0.0244  0.0243  0.0248  0.0250  0.0246  0.0245  0.0246  0.0244  0.0245  0.0242  0.0243
  0.0241  0.0241  0.0241  0.0241  0.0241  0.0241  0.0241  0.0241  0.0241  0.0241  0.0241  0.0241
  0.0244  0.0244  0.0243  0.0241  0.0245  0.0238  0.0244  0.0243  0.0244  0.0246  0.0242  0.0244
  0.0255  0.0255  0.0250  0.0256  0.0265  0.0248  0.0256  0.0256  0.0254  0.0260  0.0247  0.0252
  0.0272  0.0271  0.0261  0.0287  0.0303  0.0276  0.0274  0.0280  0.0268  0.0281  0.0255  0.0264
   -2.4471   27.7154    4.1504   -7.6004   -9.1502   -4.7677
    7.5696   -3.0048   -4.3928   18.8972    2.4011  -24.2635
eta,q 0.97595 15.15020

---------------------------------------------------------------------
imgreg_4dfp /opt/freesurfer/average/711-2C_as_mni_average_305 /opt/freesurfer/average/711-2B_as_mni_average_305_mask talsrcimg_g11 none talsrcimg_to_711-2C_as_mni_average_305_t4 2311
---------------------------------------------------------------------

freesurfer imgreg_4dfp.c
/opt/freesurfer/average/711-2C_as_mni_average_305.4dfp.img
       256       256       256         1
  1.000000  1.000000  1.000000
orientation T byte_order littleendian
Reading image: /opt/freesurfer/average/711-2C_as_mni_average_305.4dfp.img
dimensions:      256       256       256
mmppix:       1.0000   -1.0000   -1.0000
center:     128.0000 -129.0000 -129.0000
/opt/freesurfer/average/711-2B_as_mni_average_305_mask.4dfp.img
       256       256       256         1
  1.000000  1.000000  1.000000
orientation T byte_order littleendian
Reading mask: /opt/freesurfer/average/711-2B_as_mni_average_305_mask.4dfp.img (2306576 pixels)
talsrcimg_g11.4dfp.img
       256       256       256         1
  1.000000  1.000000  1.000000
orientation T byte_order littleendian
Reading image: talsrcimg_g11.4dfp.img
dimensions:      256       256       256
mmppix:       1.0000   -1.0000   -1.0000
center:     128.0000 -129.0000 -129.0000
fimgreg.f
image alignment mode   2311 decimal      907 hex
parameters
   -2.4471   27.7154    4.1504   -7.6005   -9.1502   -4.7677
    7.5696   -3.0048   -4.3928   18.8972    2.4011  -24.2635
eta,q 0.97595 15.15020
niter,ni,del,rscale     5    3    5.0000    0.8000
parameters
   -2.4574   27.6919    4.1731   -6.7918   -8.9059   -3.9554
    7.6500   -2.9469   -4.4006   18.9518    2.2964  -24.2604
eta,q 0.97617 15.23685
  0.0255  0.0254  0.0250  0.0259  0.0263  0.0255  0.0255  0.0258  0.0252  0.0255  0.0246  0.0250
  0.0247  0.0246  0.0245  0.0250  0.0251  0.0248  0.0246  0.0248  0.0245  0.0246  0.0242  0.0244
  0.0242  0.0242  0.0242  0.0244  0.0243  0.0243  0.0241  0.0242  0.0240  0.0240  0.0239  0.0240
  0.0241  0.0241  0.0241  0.0241  0.0240  0.0240  0.0238  0.0238  0.0238  0.0238  0.0238  0.0238
  0.0242  0.0242  0.0241  0.0239  0.0241  0.0238  0.0240  0.0240  0.0240  0.0240  0.0239  0.0240
  0.0247  0.0247  0.0244  0.0242  0.0247  0.0240  0.0245  0.0246  0.0245  0.0245  0.0242  0.0244
  0.0255  0.0255  0.0250  0.0251  0.0259  0.0249  0.0254  0.0259  0.0252  0.0254  0.0247  0.0250
niter,ni,del,rscale     4    3    5.0000    0.7000
parameters
   -2.4008   27.5585    4.1156   -6.8417   -8.9802   -3.8096
    7.6552   -2.8558   -4.4661   18.9236    2.2397  -24.3047
eta,q 0.97620 15.23907
  0.0251  0.0247  0.0245  0.0250  0.0254  0.0249  0.0251  0.0254  0.0249  0.0250  0.0244  0.0247
  0.0244  0.0242  0.0241  0.0244  0.0245  0.0244  0.0244  0.0246  0.0243  0.0243  0.0241  0.0242
  0.0240  0.0239  0.0239  0.0240  0.0240  0.0241  0.0240  0.0241  0.0239  0.0239  0.0239  0.0239
  0.0238  0.0238  0.0238  0.0238  0.0238  0.0238  0.0238  0.0238  0.0238  0.0238  0.0238  0.0238
  0.0239  0.0240  0.0239  0.0239  0.0240  0.0237  0.0239  0.0239  0.0239  0.0239  0.0239  0.0239
  0.0243  0.0245  0.0242  0.0243  0.0246  0.0241  0.0244  0.0244  0.0243  0.0244  0.0241  0.0242
  0.0249  0.0252  0.0247  0.0252  0.0256  0.0250  0.0251  0.0254  0.0249  0.0251  0.0244  0.0247
niter,ni,del,rscale     3    3    5.0000    0.6000
parameters
   -2.3912   27.5414    4.1195   -6.7335   -9.0140   -3.6278
    7.6773   -2.8196   -4.4833   18.9491    2.1890  -24.3251
eta,q 0.97624 15.25149
  0.0247  0.0246  0.0244  0.0247  0.0250  0.0246  0.0247  0.0250  0.0246  0.0247  0.0242  0.0244
  0.0242  0.0241  0.0241  0.0243  0.0243  0.0243  0.0242  0.0244  0.0241  0.0242  0.0240  0.0241
  0.0239  0.0239  0.0239  0.0240  0.0239  0.0240  0.0239  0.0239  0.0239  0.0239  0.0238  0.0238
  0.0238  0.0238  0.0238  0.0238  0.0238  0.0238  0.0238  0.0238  0.0238  0.0238  0.0238  0.0238
  0.0239  0.0239  0.0239  0.0238  0.0239  0.0237  0.0239  0.0239  0.0239  0.0239  0.0238  0.0238
  0.0242  0.0242  0.0240  0.0241  0.0244  0.0240  0.0242  0.0243  0.0241  0.0242  0.0240  0.0241
  0.0247  0.0246  0.0244  0.0247  0.0250  0.0246  0.0247  0.0250  0.0246  0.0247  0.0242  0.0244
niter,ni,del,rscale     2    3    5.0000    0.5000
parameters
   -2.3731   27.5203    4.1150   -6.6599   -9.0632   -3.4285
    7.6812   -2.7922   -4.4942   18.9709    2.1310  -24.3668
eta,q 0.97627 15.26210
  0.0244  0.0243  0.0242  0.0244  0.0246  0.0244  0.0244  0.0246  0.0243  0.0244  0.0241  0.0242
  0.0241  0.0240  0.0239  0.0241  0.0241  0.0241  0.0240  0.0242  0.0240  0.0240  0.0239  0.0239
  0.0238  0.0238  0.0238  0.0239  0.0238  0.0239  0.0238  0.0239  0.0238  0.0238  0.0238  0.0238
  0.0238  0.0238  0.0238  0.0238  0.0238  0.0238  0.0237  0.0237  0.0237  0.0237  0.0237  0.0237
  0.0238  0.0238  0.0238  0.0238  0.0239  0.0237  0.0238  0.0238  0.0238  0.0238  0.0238  0.0238
  0.0240  0.0240  0.0239  0.0240  0.0242  0.0239  0.0240  0.0241  0.0240  0.0240  0.0239  0.0240
  0.0244  0.0244  0.0242  0.0244  0.0247  0.0243  0.0244  0.0246  0.0243  0.0244  0.0241  0.0242
niter,ni,del,rscale     1    3    5.0000    0.4000
parameters
   -2.3569   27.5040    4.1168   -6.5859   -9.1258   -3.2401
    7.6854   -2.7729   -4.4962   19.0017    2.0886  -24.4078
eta,q 0.97629 15.27172
  0.0242  0.0241  0.0240  0.0242  0.0243  0.0242  0.0242  0.0243  0.0241  0.0242  0.0239  0.0240
  0.0239  0.0239  0.0239  0.0240  0.0240  0.0240  0.0239  0.0240  0.0239  0.0239  0.0238  0.0238
  0.0238  0.0238  0.0238  0.0238  0.0238  0.0238  0.0238  0.0238  0.0238  0.0238  0.0237  0.0237
  0.0237  0.0237  0.0237  0.0237  0.0237  0.0237  0.0237  0.0237  0.0237  0.0237  0.0237  0.0237
  0.0238  0.0238  0.0238  0.0238  0.0238  0.0237  0.0238  0.0238  0.0238  0.0238  0.0237  0.0238
  0.0239  0.0239  0.0239  0.0239  0.0240  0.0238  0.0239  0.0240  0.0239  0.0239  0.0238  0.0239
  0.0241  0.0241  0.0240  0.0242  0.0243  0.0241  0.0242  0.0243  0.0241  0.0242  0.0239  0.0240
registration optimization eta report
parameter search radius
    0.8000    0.8000    0.8000    2.4000    2.4000    2.4000
    2.4000    2.4000    2.4000    2.4000    2.4000    2.4000
100000*second partial in parameter space
       64.       59.       42.        7.       10.        7.
        8.       10.        7.        8.        4.        5.
  0.0242  0.0241  0.0240  0.0242  0.0243  0.0242  0.0242  0.0243  0.0241  0.0242  0.0239  0.0240
  0.0239  0.0239  0.0239  0.0240  0.0240  0.0240  0.0239  0.0240  0.0239  0.0239  0.0238  0.0238
  0.0238  0.0238  0.0238  0.0238  0.0238  0.0238  0.0238  0.0238  0.0238  0.0238  0.0237  0.0237
  0.0237  0.0237  0.0237  0.0237  0.0237  0.0237  0.0237  0.0237  0.0237  0.0237  0.0237  0.0237
  0.0238  0.0238  0.0238  0.0238  0.0238  0.0237  0.0238  0.0238  0.0238  0.0238  0.0237  0.0238
  0.0239  0.0239  0.0239  0.0239  0.0240  0.0238  0.0239  0.0240  0.0239  0.0239  0.0238  0.0239
  0.0241  0.0241  0.0240  0.0242  0.0243  0.0241  0.0242  0.0243  0.0241  0.0242  0.0239  0.0240
   -2.3569   27.5040    4.1168   -6.5859   -9.1258   -3.2401
    7.6854   -2.7729   -4.4962   19.0017    2.0886  -24.4078
eta,q 0.97629 15.27172

---------------------------------------------------------------------
imgreg_4dfp /opt/freesurfer/average/711-2C_as_mni_average_305 /opt/freesurfer/average/711-2B_as_mni_average_305_mask talsrcimg_g11 none talsrcimg_to_711-2C_as_mni_average_305_t4 2311
---------------------------------------------------------------------

freesurfer imgreg_4dfp.c
/opt/freesurfer/average/711-2C_as_mni_average_305.4dfp.img
       256       256       256         1
  1.000000  1.000000  1.000000
orientation T byte_order littleendian
Reading image: /opt/freesurfer/average/711-2C_as_mni_average_305.4dfp.img
dimensions:      256       256       256
mmppix:       1.0000   -1.0000   -1.0000
center:     128.0000 -129.0000 -129.0000
/opt/freesurfer/average/711-2B_as_mni_average_305_mask.4dfp.img
       256       256       256         1
  1.000000  1.000000  1.000000
orientation T byte_order littleendian
Reading mask: /opt/freesurfer/average/711-2B_as_mni_average_305_mask.4dfp.img (2306576 pixels)
talsrcimg_g11.4dfp.img
       256       256       256         1
  1.000000  1.000000  1.000000
orientation T byte_order littleendian
Reading image: talsrcimg_g11.4dfp.img
dimensions:      256       256       256
mmppix:       1.0000   -1.0000   -1.0000
center:     128.0000 -129.0000 -129.0000
fimgreg.f
image alignment mode   2311 decimal      907 hex
parameters
   -2.3569   27.5040    4.1168   -6.5859   -9.1258   -3.2401
    7.6854   -2.7729   -4.4962   19.0017    2.0886  -24.4078
eta,q 0.97629 15.27173
niter,ni,del,rscale     5    3    5.0000    0.8000
parameters
   -2.3449   27.5112    4.1107   -6.9701   -9.1061   -3.9111
    7.6582   -2.8163   -4.5070   18.9428    2.2471  -24.3108
eta,q 0.97618 15.22526
  0.0254  0.0252  0.0248  0.0252  0.0259  0.0249  0.0254  0.0257  0.0252  0.0254  0.0246  0.0250
  0.0245  0.0244  0.0242  0.0244  0.0247  0.0244  0.0246  0.0247  0.0245  0.0245  0.0242  0.0244
  0.0239  0.0239  0.0238  0.0239  0.0240  0.0240  0.0240  0.0241  0.0240  0.0240  0.0239  0.0240
  0.0237  0.0237  0.0237  0.0237  0.0237  0.0237  0.0238  0.0238  0.0238  0.0238  0.0238  0.0238
  0.0239  0.0239  0.0238  0.0239  0.0240  0.0239  0.0240  0.0240  0.0240  0.0240  0.0239  0.0240
  0.0244  0.0244  0.0242  0.0246  0.0247  0.0247  0.0246  0.0247  0.0245  0.0246  0.0241  0.0243
  0.0253  0.0252  0.0248  0.0260  0.0259  0.0263  0.0255  0.0259  0.0252  0.0255  0.0246  0.0249
niter,ni,del,rscale     4    3    5.0000    0.7000
parameters
   -2.3953   27.5699    4.1217   -6.7963   -9.0056   -3.8398
    7.6822   -2.8390   -4.4736   18.9412    2.2384  -24.3128
eta,q 0.97620 15.23942
  0.0249  0.0250  0.0246  0.0251  0.0255  0.0249  0.0251  0.0253  0.0249  0.0250  0.0244  0.0247
  0.0243  0.0244  0.0242  0.0245  0.0246  0.0244  0.0244  0.0245  0.0243  0.0244  0.0241  0.0242
  0.0239  0.0240  0.0239  0.0241  0.0240  0.0240  0.0239  0.0240  0.0239  0.0239  0.0239  0.0239
  0.0238  0.0238  0.0238  0.0238  0.0238  0.0238  0.0238  0.0238  0.0238  0.0238  0.0238  0.0238
  0.0240  0.0239  0.0239  0.0238  0.0240  0.0237  0.0239  0.0239  0.0239  0.0239  0.0239  0.0239
  0.0244  0.0243  0.0242  0.0242  0.0245  0.0241  0.0244  0.0245  0.0243  0.0244  0.0241  0.0242
  0.0251  0.0248  0.0246  0.0250  0.0254  0.0250  0.0251  0.0254  0.0249  0.0250  0.0244  0.0247
niter,ni,del,rscale     3    3    5.0000    0.6000
parameters
   -2.3864   27.5427    4.1138   -6.7230   -9.0169   -3.6262
    7.6797   -2.8165   -4.4786   18.9577    2.1784  -24.3339
eta,q 0.97624 15.25207
  0.0247  0.0246  0.0244  0.0247  0.0250  0.0246  0.0247  0.0250  0.0246  0.0247  0.0242  0.0244
  0.0242  0.0241  0.0240  0.0243  0.0243  0.0243  0.0242  0.0244  0.0241  0.0242  0.0240  0.0241
  0.0239  0.0239  0.0239  0.0240  0.0239  0.0240  0.0239  0.0239  0.0239  0.0239  0.0238  0.0238
  0.0238  0.0238  0.0238  0.0238  0.0238  0.0238  0.0238  0.0238  0.0238  0.0238  0.0238  0.0238
  0.0239  0.0239  0.0238  0.0238  0.0239  0.0237  0.0239  0.0239  0.0238  0.0239  0.0238  0.0238
  0.0242  0.0242  0.0241  0.0241  0.0244  0.0240  0.0242  0.0243  0.0241  0.0242  0.0240  0.0241
  0.0247  0.0247  0.0244  0.0247  0.0250  0.0246  0.0247  0.0250  0.0246  0.0247  0.0242  0.0244
niter,ni,del,rscale     2    3    5.0000    0.5000
parameters
   -2.3732   27.5212    4.1118   -6.6560   -9.0615   -3.4311
    7.6752   -2.7895   -4.4877   18.9754    2.1285  -24.3691
eta,q 0.97626 15.26226
  0.0244  0.0243  0.0242  0.0244  0.0246  0.0244  0.0244  0.0246  0.0243  0.0244  0.0241  0.0242
  0.0241  0.0240  0.0239  0.0241  0.0241  0.0241  0.0240  0.0242  0.0240  0.0240  0.0239  0.0239
  0.0238  0.0238  0.0238  0.0239  0.0238  0.0239  0.0238  0.0239  0.0238  0.0238  0.0238  0.0238
  0.0238  0.0238  0.0238  0.0238  0.0238  0.0238  0.0237  0.0237  0.0237  0.0237  0.0237  0.0237
  0.0238  0.0238  0.0238  0.0238  0.0239  0.0237  0.0238  0.0238  0.0238  0.0238  0.0238  0.0238
  0.0240  0.0240  0.0239  0.0240  0.0242  0.0239  0.0240  0.0241  0.0240  0.0240  0.0239  0.0240
  0.0244  0.0244  0.0242  0.0244  0.0247  0.0243  0.0244  0.0246  0.0243  0.0244  0.0241  0.0242
niter,ni,del,rscale     1    3    5.0000    0.4000
parameters
   -2.3571   27.5055    4.1180   -6.5801   -9.1270   -3.2471
    7.6812   -2.7745   -4.4929   19.0045    2.0810  -24.4035
eta,q 0.97629 15.27168
  0.0242  0.0241  0.0240  0.0242  0.0243  0.0242  0.0242  0.0243  0.0241  0.0242  0.0239  0.0240
  0.0239  0.0239  0.0239  0.0240  0.0240  0.0240  0.0239  0.0240  0.0239  0.0239  0.0238  0.0238
  0.0238  0.0238  0.0238  0.0238  0.0238  0.0238  0.0238  0.0238  0.0238  0.0238  0.0237  0.0237
  0.0237  0.0237  0.0237  0.0237  0.0237  0.0237  0.0237  0.0237  0.0237  0.0237  0.0237  0.0237
  0.0238  0.0238  0.0238  0.0238  0.0238  0.0237  0.0238  0.0238  0.0238  0.0238  0.0237  0.0238
  0.0239  0.0239  0.0239  0.0239  0.0240  0.0238  0.0239  0.0240  0.0239  0.0239  0.0238  0.0239
  0.0241  0.0241  0.0240  0.0242  0.0243  0.0241  0.0242  0.0243  0.0241  0.0241  0.0240  0.0240
registration optimization eta report
parameter search radius
    0.8000    0.8000    0.8000    2.4000    2.4000    2.4000
    2.4000    2.4000    2.4000    2.4000    2.4000    2.4000
100000*second partial in parameter space
       64.       59.       42.        7.       10.        7.
        8.       10.        7.        8.        4.        5.
  0.0242  0.0241  0.0240  0.0242  0.0243  0.0242  0.0242  0.0243  0.0241  0.0242  0.0239  0.0240
  0.0239  0.0239  0.0239  0.0240  0.0240  0.0240  0.0239  0.0240  0.0239  0.0239  0.0238  0.0238
  0.0238  0.0238  0.0238  0.0238  0.0238  0.0238  0.0238  0.0238  0.0238  0.0238  0.0237  0.0237
  0.0237  0.0237  0.0237  0.0237  0.0237  0.0237  0.0237  0.0237  0.0237  0.0237  0.0237  0.0237
  0.0238  0.0238  0.0238  0.0238  0.0238  0.0237  0.0238  0.0238  0.0238  0.0238  0.0237  0.0238
  0.0239  0.0239  0.0239  0.0239  0.0240  0.0238  0.0239  0.0240  0.0239  0.0239  0.0238  0.0239
  0.0241  0.0241  0.0240  0.0242  0.0243  0.0241  0.0242  0.0243  0.0241  0.0241  0.0240  0.0240
   -2.3571   27.5055    4.1180   -6.5801   -9.1270   -3.2471
    7.6812   -2.7745   -4.4929   19.0045    2.0810  -24.4035
eta,q 0.97629 15.27168

---------------------------------------------------------------------
compute_vox2vox talsrcimg talsrcimg_to_711-2C_as_mni_average_305_t4 /opt/freesurfer/average/711-2C_as_mni_average_305
---------------------------------------------------------------------

freesurfer compute_vox2vox.c
Reading: talsrcimg.4dfp.ifh
Reading: talsrcimg_to_711-2C_as_mni_average_305_t4
Reading: /opt/freesurfer/average/711-2C_as_mni_average_305.4dfp.ifh
Writing: talsrcimg_to_711-2C_as_mni_average_305_t4_vox2vox.txt

start time Mon Mar 9 10:30:48 CET 2026
end		time Mon Mar 9 10:31:02 CET 2026

mpr2mni305 success

avi2talxfm orig_nu.mgz /opt/freesurfer/average/mni305.cor.mgz talsrcimg_to_711-2C_as_mni_average_305_t4_vox2vox.txt transforms/talairach.auto.xfm
avi2talxfm done
mv -f /out/sourcedata/freesurfer/sub-v1s21x0050408_ses-1/mri/talsrcimg_to_711-2C_as_mni_average_305_t4_vox2vox.txt /out/sourcedata/freesurfer/sub-v1s21x0050408_ses-1/mri/transforms/talsrcimg_to_711-2C_as_mni_average_305_t4_vox2vox.txt
lta_convert --src orig_nu.mgz --trg /opt/freesurfer/average/mni305.cor.mgz --inxfm transforms/talairach.auto.xfm --outlta transforms/talairach.auto.xfm.lta --subject fsaverage
7.3.2

--src: orig_nu.mgz src image (geometry).
--trg: /opt/freesurfer/average/mni305.cor.mgz trg image (geometry).
--inmni: transforms/talairach.auto.xfm input MNI/XFM transform.
--outlta: transforms/talairach.auto.xfm.lta output LTA.
--s: fsaverage subject name
 LTA read, type : 1
 1.06568   0.04583  -0.07777   3.77808;
-0.00915   0.98138   0.26432  -11.96815;
 0.05460  -0.20297   1.04131  -28.33766;
 0.00000   0.00000   0.00000   1.00000;
setting subject to fsaverage
Writing  LTA to file transforms/talairach.auto.xfm.lta...
lta_convert successful.
 
 
Started at Mon Mar 9 10:30:47 CET 2026
Ended   at Mon Mar  9 10:31:02 CET 2026
talairach_avi done
