/out/sourcedata/freesurfer/sub-v1s21x0050406_ses-1/mri
/opt/freesurfer/bin/talairach_avi
--i orig_nu.mgz --xfm transforms/talairach.auto.xfm
talairach_avi 7.3.2
Linux dna007 5.14.0-427.37.1.el9_4.x86_64 #1 SMP PREEMPT_DYNAMIC Fri Sep 13 12:41:50 EDT 2024 x86_64 x86_64 x86_64 GNU/Linux
Mon Mar  9 10:16:57 CET 2026
mri_convert orig_nu.mgz talsrcimg.img 
reading from orig_nu.mgz...
TR=0.00, TE=0.00, TI=0.00, flip angle=0.00
i_ras = (-1, 0, 0)
j_ras = (0, 0, -1)
k_ras = (0, 1, 0)
writing to talsrcimg.img...
Analyze Output Matrix
-1.00000   0.00000   0.00000   129.70001;
 0.00000   0.00000   1.00000  -128.50000;
 0.00000  -1.00000   0.00000   129.50000;
 0.00000   0.00000   0.00000   1.00000;
--------------------
INFO: set hdr.hist.orient to -1
mpr2mni305 talsrcimg
Mon Mar  9 10:16:57 CET 2026
/opt/freesurfer/bin/mpr2mni305 talsrcimg
mpr2mni305 7.3.2
target=711-2C_as_mni_average_305

---------------------------------------------------------------------
analyzeto4dfp talsrcimg -O0 -y
---------------------------------------------------------------------

freesurfer ifh2hdr.c
Mon Mar  9 10:16:57 2026
Writing: talsrcimg.4dfp.hdr
freesurfer analyzeto4dfp.c
Reading: talsrcimg.hdr
header size 348 bytes
hdr.dime.datatype	offset=70	value=2
hdr.dime.bitpix		offset=72	value=8
hdr.hist.orient		offset=252	value=-1
dimensionality     4
dimensions       256       256       256         1
Reading: talsrcimg.img
Writing: talsrcimg.4dfp.img
Writing: talsrcimg.4dfp.ifh
ifh2hdr talsrcimg -r0to230
ori=2

---------------------------------------------------------------------
gauss_4dfp talsrcimg 1.1
---------------------------------------------------------------------

freesurfer gauss_4dfp.c
Reading: talsrcimg.4dfp.img
Writing: talsrcimg_g11.4dfp.img
image dimensions 256 256 256 padded to 288 288 288
processing volume 1freesurfer ifh2hdr.c
Mon Mar  9 10:16:59 2026
Writing: talsrcimg_g11.4dfp.hdr

Writing: talsrcimg_g11.4dfp.ifh
including: talsrcimg.4dfp.img.rec in talsrcimg_g11.4dfp.img.rec

---------------------------------------------------------------------
imgreg_4dfp /opt/freesurfer/average/711-2C_as_mni_average_305 none talsrcimg_g11 none talsrcimg_to_711-2C_as_mni_average_305_t4 4355
---------------------------------------------------------------------

freesurfer imgreg_4dfp.c
/opt/freesurfer/average/711-2C_as_mni_average_305.4dfp.img
       256       256       256         1
  1.000000  1.000000  1.000000
orientation T byte_order littleendian
Reading image: /opt/freesurfer/average/711-2C_as_mni_average_305.4dfp.img
dimensions:      256       256       256
mmppix:       1.0000   -1.0000   -1.0000
center:     128.0000 -129.0000 -129.0000
talsrcimg_g11.4dfp.img
       256       256       256         1
  1.000000  1.000000  1.000000
orientation T byte_order littleendian
Reading image: talsrcimg_g11.4dfp.img
dimensions:      256       256       256
mmppix:       1.0000   -1.0000   -1.0000
center:     128.0000 -129.0000 -129.0000
t4_read: open error in t4_sub.f l:  41 t4_file(1:l)talsrcimg_to_711-2C_as_mni_average_305_t4 
t4_read: transform initialized to I4
rotation matrix determinant  1.000000
image alignment mode   4355 decimal     1103 hex
   -7.5000  -45.0000  -45.0000 7997.3843   23.2851
    0.0000  -45.0000  -45.0000 8367.1611   23.3168
    7.5000  -45.0000  -45.0000 8034.0581   23.2877
   -7.5000  -37.5000  -45.0000 8534.3447   23.2550
    0.0000  -37.5000  -45.0000 8917.9756   23.2770
    7.5000  -37.5000  -45.0000 8559.9043   23.2385
   -7.5000  -30.0000  -45.0000 9350.1748   23.3051
    0.0000  -30.0000  -45.0000 9729.6152   23.3188
    7.5000  -30.0000  -45.0000 9330.3633   23.2781
   -7.5000  -22.5000  -45.000010089.7568   23.3028
    0.0000  -22.5000  -45.000010505.9746   23.3182
    7.5000  -22.5000  -45.000010055.1416   23.2863
   -7.5000  -15.0000  -45.000010780.4160   23.2497
    0.0000  -15.0000  -45.000011205.4795   23.2771
    7.5000  -15.0000  -45.000010761.6602   23.2571
   -7.5000   -7.5000  -45.000011460.5898   23.2011
    0.0000   -7.5000  -45.000011946.7490   23.2370
    7.5000   -7.5000  -45.000011453.4580   23.2181
   -7.5000    0.0000  -45.000012050.5713   23.2041
    0.0000    0.0000  -45.000012520.7383   23.2363
    7.5000    0.0000  -45.000012029.7012   23.2076
   -7.5000    7.5000  -45.000011662.6162   23.2550
    0.0000    7.5000  -45.000012119.8887   23.2769
    7.5000    7.5000  -45.000011620.7656   23.2384
   -7.5000   15.0000  -45.000011179.3301   23.3051
    0.0000   15.0000  -45.000011624.4268   23.3188
    7.5000   15.0000  -45.000011123.3311   23.2781
   -7.5000   22.5000  -45.000010504.6533   23.2996
    0.0000   22.5000  -45.000010904.5215   23.3150
    7.5000   22.5000  -45.000010431.7061   23.2831
   -7.5000   30.0000  -45.0000 9583.6475   22.9399
    0.0000   30.0000  -45.0000 9951.7012   22.9669
    7.5000   30.0000  -45.0000 9525.4160   22.9472
   -7.5000   37.5000  -45.0000 9029.3145   22.8919
    0.0000   37.5000  -45.0000 9341.5020   22.9273
    7.5000   37.5000  -45.0000 8976.4180   22.9087
   -7.5000   45.0000  -45.0000 8224.6641   22.3135
    0.0000   45.0000  -45.0000 8509.2383   22.3445
    7.5000   45.0000  -45.0000 8154.6479   22.3169
   -7.5000  -45.0000  -37.5000 8512.0332   23.2577
    0.0000  -45.0000  -37.5000 8892.4004   23.2823
    7.5000  -45.0000  -37.5000 8532.9229   23.2456
   -7.5000  -37.5000  -37.5000 9086.6846   23.2238
    0.0000  -37.5000  -37.5000 9488.1924   23.2402
    7.5000  -37.5000  -37.5000 9097.9502   23.2004
   -7.5000  -30.0000  -37.5000 9939.3564   23.2655
    0.0000  -30.0000  -37.500010348.4043   23.2765
    7.5000  -30.0000  -37.5000 9922.3496   23.2357
   -7.5000  -22.5000  -37.500010708.5088   23.2572
    0.0000  -22.5000  -37.500011139.0967   23.2725
    7.5000  -22.5000  -37.500010684.2197   23.2357
   -7.5000  -15.0000  -37.500011423.4521   23.2043
    0.0000  -15.0000  -37.500011899.4326   23.2316
    7.5000  -15.0000  -37.500011429.0010   23.2016
   -7.5000   -7.5000  -37.500012170.8672   23.1660
    0.0000   -7.5000  -37.500012661.5762   23.1975
    7.5000   -7.5000  -37.500012147.2197   23.1672
   -7.5000    0.0000  -37.500012775.3037   23.1772
    0.0000    0.0000  -37.500013299.6846   23.2022
    7.5000    0.0000  -37.500012762.0469   23.1659
   -7.5000    7.5000  -37.500012313.4414   23.2237
    0.0000    7.5000  -37.500012831.6240   23.2401
    7.5000    7.5000  -37.500012302.6221   23.2003
   -7.5000   15.0000  -37.500011756.0586   23.2654
    0.0000   15.0000  -37.500012198.8584   23.2764
    7.5000   15.0000  -37.500011723.7598   23.2357
   -7.5000   22.5000  -37.500011045.2197   23.2540
    0.0000   22.5000  -37.500011466.8975   23.2693
    7.5000   22.5000  -37.500011002.6318   23.2325
   -7.5000   30.0000  -37.500010080.9980   22.8951
    0.0000   30.0000  -37.500010469.6826   22.9220
    7.5000   30.0000  -37.500010039.5234   22.8924
   -7.5000   37.5000  -37.5000 9492.5693   22.8573
    0.0000   37.5000  -37.5000 9819.5020   22.8883
    7.5000   37.5000  -37.5000 9443.1963   22.8585
   -7.5000   45.0000  -37.5000 8639.3174   22.2877
    0.0000   45.0000  -37.5000 8930.6719   22.3117
    7.5000   45.0000  -37.5000 8578.8711   22.2768
   -7.5000  -45.0000  -30.0000 9171.9141   24.2401
    0.0000  -45.0000  -30.0000 9597.2705   24.2596
    7.5000  -45.0000  -30.0000 9175.6016   24.2190
   -7.5000  -37.5000  -30.0000 9765.4141   24.2075
    0.0000  -37.5000  -30.000010220.3174   24.2229
    7.5000  -37.5000  -30.0000 9782.0801   24.1830
   -7.5000  -30.0000  -30.000010678.9121   24.2430
    0.0000  -30.0000  -30.000011139.6680   24.2553
    7.5000  -30.0000  -30.000010679.6611   24.2133
   -7.5000  -22.5000  -30.000011516.3389   24.2236
    0.0000  -22.5000  -30.000011979.7236   24.2389
    7.5000  -22.5000  -30.000011512.8828   24.1956
   -7.5000  -15.0000  -30.000012274.0117   24.1650
    0.0000  -15.0000  -30.000012807.4287   24.1881
    7.5000  -15.0000  -30.000012309.5977   24.1466
   -7.5000   -7.5000  -30.000013069.8057   24.1334
    0.0000   -7.5000  -30.000013615.7852   24.1580
    7.5000   -7.5000  -30.000013050.0674   24.1172
   -7.5000    0.0000  -30.000013730.9678   24.1565
    0.0000    0.0000  -30.000014330.6035   24.1762
    7.5000    0.0000  -30.000013707.6816   24.1360
   -7.5000    7.5000  -30.000013216.2871   24.2074
    0.0000    7.5000  -30.000013783.9062   24.2228
    7.5000    7.5000  -30.000013209.9990   24.1829
   -7.5000   15.0000  -30.000012560.0557   24.2430
    0.0000   15.0000  -30.000013034.3105   24.2553
    7.5000   15.0000  -30.000012489.2803   24.2133
   -7.5000   22.5000  -30.000011810.2510   24.2177
    0.0000   22.5000  -30.000012241.8838   24.2330
    7.5000   22.5000  -30.000011704.5947   24.1898
   -7.5000   30.0000  -30.000010760.4160   23.8453
    0.0000   30.0000  -30.000011131.4141   23.8680
    7.5000   30.0000  -30.000010691.9785   23.8271
   -7.5000   37.5000  -30.000010145.9922   23.8141
    0.0000   37.5000  -30.000010458.9941   23.8383
    7.5000   37.5000  -30.000010050.9385   23.7981
   -7.5000   45.0000  -30.0000 9230.6543   23.2464
    0.0000   45.0000  -30.0000 9517.4414   23.2654
    7.5000   45.0000  -30.0000 9155.8535   23.2267
   -7.5000  -45.0000  -22.5000 9756.5488   25.0975
    0.0000  -45.0000  -22.500010214.3359   25.1182
    7.5000  -45.0000  -22.5000 9782.4062   25.0820
   -7.5000  -37.5000  -22.500010384.7178   25.0705
    0.0000  -37.5000  -22.500010852.2617   25.0899
    7.5000  -37.5000  -22.500010394.8105   25.0523
   -7.5000  -30.0000  -22.500011378.3477   25.1092
    0.0000  -30.0000  -22.500011862.8584   25.1255
    7.5000  -30.0000  -22.500011364.9385   25.0827
   -7.5000  -22.5000  -22.500012309.8457   25.0865
    0.0000  -22.5000  -22.500012793.6299   25.1007
    7.5000  -22.5000  -22.500012295.6328   25.0563
   -7.5000  -15.0000  -22.500013127.7891   25.0234
    0.0000  -15.0000  -22.500013677.7676   25.0400
    7.5000  -15.0000  -22.500013143.8066   24.9963
   -7.5000   -7.5000  -22.500013944.2324   24.9863
    0.0000   -7.5000  -22.500014513.3135   25.0065
    7.5000   -7.5000  -22.500013923.4170   24.9666
   -7.5000    0.0000  -22.500014711.4062   25.0106
    0.0000    0.0000  -22.500015329.9346   25.0317
    7.5000    0.0000  -22.500014665.0098   24.9960
   -7.5000    7.5000  -22.500014118.8008   25.0703
    0.0000    7.5000  -22.500014722.9531   25.0898
    7.5000    7.5000  -22.500014125.2764   25.0522
   -7.5000   15.0000  -22.500013357.3604   25.1091
    0.0000   15.0000  -22.500013875.0938   25.1255
    7.5000   15.0000  -22.500013287.3643   25.0826
   -7.5000   22.5000  -22.500012576.5908   25.0787
    0.0000   22.5000  -22.500013004.6113   25.0930
    7.5000   22.5000  -22.500012469.1797   25.0485
   -7.5000   30.0000  -22.500011469.4150   24.6961
    0.0000   30.0000  -22.500011840.9756   24.7125
    7.5000   30.0000  -22.500011392.2959   24.6693
   -7.5000   37.5000  -22.500010776.7021   24.6595
    0.0000   37.5000  -22.500011122.3623   24.6794
    7.5000   37.5000  -22.500010710.8770   24.6400
   -7.5000   45.0000  -22.5000 9821.3594   24.0865
    0.0000   45.0000  -22.500010127.2402   24.1068
    7.5000   45.0000  -22.5000 9753.5693   24.0724
   -7.5000  -45.0000  -15.000010281.9658   25.7238
    0.0000  -45.0000  -15.000010741.8828   25.7519
    7.5000  -45.0000  -15.000010327.8623   25.7228
   -7.5000  -37.5000  -15.000010939.9482   25.7003
    0.0000  -37.5000  -15.000011410.3193   25.7258
    7.5000  -37.5000  -15.000010977.8467   25.6889
   -7.5000  -30.0000  -15.000011995.5928   25.7459
    0.0000  -30.0000  -15.000012517.8955   25.7657
    7.5000  -30.0000  -15.000012011.8965   25.7231
   -7.5000  -22.5000  -15.000013036.6924   25.7264
    0.0000  -22.5000  -15.000013559.3750   25.7407
    7.5000  -22.5000  -15.000013043.0527   25.7018
   -7.5000  -15.0000  -15.000013970.2520   25.6614
    0.0000  -15.0000  -15.000014542.0938   25.6773
    7.5000  -15.0000  -15.000013975.1357   25.6440
   -7.5000   -7.5000  -15.000014858.6279   25.6150
    0.0000   -7.5000  -15.000015422.4248   25.6392
    7.5000   -7.5000  -15.000014789.8154   25.6107
   -7.5000    0.0000  -15.000015655.7100   25.6342
    0.0000    0.0000  -15.000016238.8740   25.6628
    7.5000    0.0000  -15.000015528.0859   25.6344
   -7.5000    7.5000  -15.000015008.4512   25.7002
    0.0000    7.5000  -15.000015577.7666   25.7257
    7.5000    7.5000  -15.000014918.6299   25.6889
   -7.5000   15.0000  -15.000014123.5098   25.7459
    0.0000   15.0000  -15.000014673.7490   25.7657
    7.5000   15.0000  -15.000014034.5518   25.7231
   -7.5000   22.5000  -15.000013296.8271   25.7173
    0.0000   22.5000  -15.000013775.6064   25.7315
    7.5000   22.5000  -15.000013218.8926   25.6927
   -7.5000   30.0000  -15.000012149.8779   25.3293
    0.0000   30.0000  -15.000012574.3223   25.3450
    7.5000   30.0000  -15.000012094.0498   25.3121
   -7.5000   37.5000  -15.000011460.7734   25.2835
    0.0000   37.5000  -15.000011855.4844   25.3074
    7.5000   37.5000  -15.000011386.2930   25.2792
   -7.5000   45.0000  -15.000010414.8701   24.7019
    0.0000   45.0000  -15.000010791.5186   24.7295
    7.5000   45.0000  -15.000010376.4863   24.7021
   -7.5000  -45.0000   -7.500010890.2734   26.0208
    0.0000  -45.0000   -7.500011350.4502   26.0568
    7.5000  -45.0000   -7.500010905.5303   26.0300
   -7.5000  -37.5000   -7.500011574.5273   25.9944
    0.0000  -37.5000   -7.500012041.4238   26.0227
    7.5000  -37.5000   -7.500011582.5840   25.9833
   -7.5000  -30.0000   -7.500012690.0713   26.0468
    0.0000  -30.0000   -7.500013192.8525   26.0664
    7.5000  -30.0000   -7.500012672.8838   26.0226
   -7.5000  -22.5000   -7.500013815.3057   26.0357
    0.0000  -22.5000   -7.500014355.3145   26.0520
    7.5000  -22.5000   -7.500013799.6113   26.0182
   -7.5000  -15.0000   -7.500014894.9111   25.9727
    0.0000  -15.0000   -7.500015500.8750   25.9965
    7.5000  -15.0000   -7.500014824.4180   25.9747
   -7.5000   -7.5000   -7.500015984.4551   25.9196
    0.0000   -7.5000   -7.500016601.3086   25.9547
    7.5000   -7.5000   -7.500015807.6309   25.9363
   -7.5000    0.0000   -7.500016712.6738   25.9300
    0.0000    0.0000   -7.500017227.5801   25.9666
    7.5000    0.0000   -7.500016498.8711   25.9404
   -7.5000    7.5000   -7.500015930.9951   25.9943
    0.0000    7.5000   -7.500016480.0586   26.0226
    7.5000    7.5000   -7.500015809.6025   25.9832
   -7.5000   15.0000   -7.500014926.8516   26.0468
    0.0000   15.0000   -7.500015506.4092   26.0663
    7.5000   15.0000   -7.500014862.5762   26.0226
   -7.5000   22.5000   -7.500014050.9199   26.0236
    0.0000   22.5000   -7.500014610.7217   26.0400
    7.5000   22.5000   -7.500013979.2979   26.0061
   -7.5000   30.0000   -7.500012880.8057   25.6359
    0.0000   30.0000   -7.500013392.5811   25.6593
    7.5000   30.0000   -7.500012843.0156   25.6379
   -7.5000   37.5000   -7.500012193.3047   25.5835
    0.0000   37.5000   -7.500012675.8574   25.6181
    7.5000   37.5000   -7.500012131.9521   25.6000
   -7.5000   45.0000   -7.500011051.2236   24.9917
    0.0000   45.0000   -7.500011465.8340   25.0269
    7.5000   45.0000   -7.500011004.3760   25.0017
   -7.5000  -45.0000    0.000011387.1846   26.0459
    0.0000  -45.0000    0.000011863.1826   26.0816
    7.5000  -45.0000    0.000011363.1914   26.0490
   -7.5000  -37.5000    0.000012106.3467   26.0120
    0.0000  -37.5000    0.000012591.4727   26.0367
    7.5000  -37.5000    0.000012067.5537   25.9937
   -7.5000  -30.0000    0.000013292.6914   26.0672
    0.0000  -30.0000    0.000013765.6689   26.0826
    7.5000  -30.0000    0.000013215.1338   26.0372
   -7.5000  -22.5000    0.000014469.0312   26.0640
    0.0000  -22.5000    0.000014939.3662   26.0813
    7.5000  -22.5000    0.000014327.8281   26.0456
   -7.5000  -15.0000    0.000015730.1680   26.0048
    0.0000  -15.0000    0.000016435.9434   26.0356
    7.5000  -15.0000    0.000015458.4609   26.0132
   -7.5000   -7.5000    0.000017189.8555   25.9513
    0.0000   -7.5000    0.000017940.4160   25.9916
    7.5000   -7.5000    0.000016826.6152   25.9706
   -7.5000    0.0000    0.000017878.4883   25.9553
    0.0000    0.0000    0.000018562.7344   25.9916
    7.5000    0.0000    0.000017665.2031   25.9595
   -7.5000    7.5000    0.000016920.3047   26.0119
    0.0000    7.5000    0.000017562.5625   26.0366
    7.5000    7.5000    0.000016795.5840   25.9936
   -7.5000   15.0000    0.000015764.0537   26.0671
    0.0000   15.0000    0.000016428.5742   26.0826
    7.5000   15.0000    0.000015638.9062   26.0372
   -7.5000   22.5000    0.000014754.5537   26.0520
    0.0000   22.5000    0.000015408.2197   26.0693
    7.5000   22.5000    0.000014660.8574   26.0336
   -7.5000   30.0000    0.000013537.9873   25.6682
    0.0000   30.0000    0.000014116.0771   25.6986
    7.5000   30.0000    0.000013455.7461   25.6765
   -7.5000   37.5000    0.000012808.0264   25.6154
    0.0000   37.5000    0.000013338.3115   25.6552
    7.5000   37.5000    0.000012703.5850   25.6345
   -7.5000   45.0000    0.000011616.1562   25.0179
    0.0000   45.0000    0.000012096.6895   25.0529
    7.5000   45.0000    0.000011538.4238   25.0220
   -7.5000  -45.0000    7.500011059.4248   26.0260
    0.0000  -45.0000    7.500011467.4053   26.0535
    7.5000  -45.0000    7.500010987.4990   26.0124
   -7.5000  -37.5000    7.500011761.7549   25.9881
    0.0000  -37.5000    7.500012157.1133   26.0064
    7.5000  -37.5000    7.500011671.1807   25.9619
   -7.5000  -30.0000    7.500012859.0762   26.0347
    0.0000  -30.0000    7.500013255.0605   26.0470
    7.5000  -30.0000    7.500012785.5557   26.0014
   -7.5000  -22.5000    7.500014015.1631   26.0254
    0.0000  -22.5000    7.500014448.2930   26.0425
    7.5000  -22.5000    7.500013895.7764   26.0014
   -7.5000  -15.0000    7.500015272.6270   25.9663
    0.0000  -15.0000    7.500016029.2246   25.9968
    7.5000  -15.0000    7.500015066.7637   25.9632
   -7.5000   -7.5000    7.500016506.6875   25.9234
    0.0000   -7.5000    7.500017540.8555   25.9586
    7.5000   -7.5000    7.500016479.7266   25.9247
   -7.5000    0.0000    7.500017228.8398   25.9359
    0.0000    0.0000    7.500018347.5684   25.9639
    7.5000    0.0000    7.500017440.6992   25.9232
   -7.5000    7.5000    7.500016446.2520   25.9880
    0.0000    7.5000    7.500017338.1855   26.0063
    7.5000    7.5000    7.500016510.5820   25.9618
   -7.5000   15.0000    7.500015359.0771   26.0346
    0.0000   15.0000    7.500016055.1943   26.0469
    7.5000   15.0000    7.500015206.4385   26.0014
   -7.5000   22.5000    7.500014283.4873   26.0134
    0.0000   22.5000    7.500014858.0420   26.0305
    7.5000   22.5000    7.500014127.1709   25.9894
   -7.5000   30.0000    7.500013111.2852   25.6302
    0.0000   30.0000    7.500013570.8838   25.6603
    7.5000   30.0000    7.500012977.8252   25.6272
   -7.5000   37.5000    7.500012381.5840   25.5879
    0.0000   37.5000    7.500012797.0303   25.6226
    7.5000   37.5000    7.500012251.6963   25.5892
   -7.5000   45.0000    7.500011300.8086   24.9992
    0.0000   45.0000    7.500011657.9199   25.0262
    7.5000   45.0000    7.500011161.2686   24.9870
   -7.5000  -45.0000   15.000010528.3809   26.0304
    0.0000  -45.0000   15.000010944.9727   26.0513
    7.5000  -45.0000   15.000010469.9736   26.0076
   -7.5000  -37.5000   15.000011202.1201   25.9955
    0.0000  -37.5000   15.000011621.2002   26.0119
    7.5000  -37.5000   15.000011168.1689   25.9689
   -7.5000  -30.0000   15.000012259.7305   26.0336
    0.0000  -30.0000   15.000012696.9717   26.0468
    7.5000  -30.0000   15.000012242.4111   26.0015
   -7.5000  -22.5000   15.000013409.7695   26.0127
    0.0000  -22.5000   15.000013853.4678   26.0291
    7.5000  -22.5000   15.000013279.3389   25.9825
   -7.5000  -15.0000   15.000014497.7793   25.9498
    0.0000  -15.0000   15.000015092.0352   25.9745
    7.5000  -15.0000   15.000014361.8320   25.9298
   -7.5000   -7.5000   15.000015450.1279   25.9159
    0.0000   -7.5000   15.000016098.7305   25.9421
    7.5000   -7.5000   15.000015422.4287   25.8983
   -7.5000    0.0000   15.000016230.1748   25.9406
    0.0000    0.0000   15.000016956.4551   25.9617
    7.5000    0.0000   15.000016255.6045   25.9185
   -7.5000    7.5000   15.000015698.7197   25.9954
    0.0000    7.5000   15.000016395.0098   26.0118
    7.5000    7.5000   15.000015633.8965   25.9688
   -7.5000   15.0000   15.000014709.2900   26.0336
    0.0000   15.0000   15.000015327.4258   26.0467
    7.5000   15.0000   15.000014532.5049   26.0015
   -7.5000   22.5000   15.000013672.8760   26.0007
    0.0000   22.5000   15.000014183.4160   26.0171
    7.5000   22.5000   15.000013472.4805   25.9706
   -7.5000   30.0000   15.000012502.4844   25.6140
    0.0000   30.0000   15.000012937.8994   25.6383
    7.5000   30.0000   15.000012330.5850   25.5943
   -7.5000   37.5000   15.000011776.8096   25.5805
    0.0000   37.5000   15.000012179.3574   25.6064
    7.5000   37.5000   15.000011626.3975   25.5631
   -7.5000   45.0000   15.000010719.0762   25.0038
    0.0000   45.0000   15.000011101.9561   25.0241
    7.5000   45.0000   15.000010618.8564   24.9825
   -7.5000  -45.0000   22.5000 9915.4316   26.0557
    0.0000  -45.0000   22.500010347.6377   26.0771
    7.5000  -45.0000   22.5000 9931.5488   26.0394
   -7.5000  -37.5000   22.500010530.2695   26.0277
    0.0000  -37.5000   22.500010980.6143   26.0477
    7.5000  -37.5000   22.500010536.0537   26.0085
   -7.5000  -30.0000   22.500011515.7070   26.0679
    0.0000  -30.0000   22.500011970.2344   26.0847
    7.5000  -30.0000   22.500011485.3604   26.0400
   -7.5000  -22.5000   22.500012578.0283   26.0443
    0.0000  -22.5000   22.500013022.8438   26.0589
    7.5000  -22.5000   22.500012442.5039   26.0125
   -7.5000  -15.0000   22.500013479.9912   25.9789
    0.0000  -15.0000   22.500013938.9678   25.9958
    7.5000  -15.0000   22.500013362.1748   25.9502
   -7.5000   -7.5000   22.500014293.0840   25.9403
    0.0000   -7.5000   22.500014694.9395   25.9610
    7.5000   -7.5000   22.500014228.8623   25.9194
   -7.5000    0.0000   22.500015057.7520   25.9655
    0.0000    0.0000   22.500015485.5449   25.9872
    7.5000    0.0000   22.500014999.9844   25.9501
   -7.5000    7.5000   22.500014630.5059   26.0275
    0.0000    7.5000   22.500015068.3574   26.0476
    7.5000    7.5000   22.500014544.9434   26.0084
   -7.5000   15.0000   22.500013743.4980   26.0679
    0.0000   15.0000   22.500014146.7627   26.0846
    7.5000   15.0000   22.500013594.0957   26.0400
   -7.5000   22.5000   22.500012820.2207   26.0323
    0.0000   22.5000   22.500013218.9053   26.0469
    7.5000   22.5000   22.500012677.4531   26.0006
   -7.5000   30.0000   22.500011766.1592   25.6427
    0.0000   30.0000   22.500012134.4033   25.6593
    7.5000   30.0000   22.500011623.1211   25.6144
   -7.5000   37.5000   22.500011097.7568   25.6046
    0.0000   37.5000   22.500011450.8301   25.6251
    7.5000   37.5000   22.500010961.9863   25.5840
   -7.5000   45.0000   22.500010047.4062   25.0278
    0.0000   45.0000   22.500010396.5771   25.0487
    7.5000   45.0000   22.5000 9990.5811   25.0129
   -7.5000  -45.0000   30.0000 9160.0957   26.1876
    0.0000  -45.0000   30.0000 9561.1152   26.2157
    7.5000  -45.0000   30.0000 9177.0703   26.1858
   -7.5000  -37.5000   30.0000 9710.6504   26.1634
    0.0000  -37.5000   30.000010131.4521   26.1887
    7.5000  -37.5000   30.0000 9707.4707   26.1507
   -7.5000  -30.0000   30.000010634.9883   26.2102
    0.0000  -30.0000   30.000011091.2188   26.2296
    7.5000  -30.0000   30.000010607.5518   26.1857
   -7.5000  -22.5000   30.000011582.9414   26.1907
    0.0000  -22.5000   30.000012033.2119   26.2045
    7.5000  -22.5000   30.000011527.4346   26.1645
   -7.5000  -15.0000   30.000012378.2373   26.1245
    0.0000  -15.0000   30.000012795.6396   26.1401
    7.5000  -15.0000   30.000012329.1436   26.1059
   -7.5000   -7.5000   30.000013091.3311   26.0769
    0.0000   -7.5000   30.000013503.5234   26.1010
    7.5000   -7.5000   30.000013059.5352   26.0717
   -7.5000    0.0000   30.000013773.5205   26.0960
    0.0000    0.0000   30.000014211.7676   26.1247
    7.5000    0.0000   30.000013749.6299   26.0955
   -7.5000    7.5000   30.000013422.0635   26.1633
    0.0000    7.5000   30.000013877.4941   26.1886
    7.5000    7.5000   30.000013389.5283   26.1506
   -7.5000   15.0000   30.000012624.7686   26.2102
    0.0000   15.0000   30.000013028.7754   26.2296
    7.5000   15.0000   30.000012561.8223   26.1857
   -7.5000   22.5000   30.000011791.7236   26.1786
    0.0000   22.5000   30.000012173.4551   26.1924
    7.5000   22.5000   30.000011694.8760   26.1524
   -7.5000   30.0000   30.000010855.1582   25.7864
    0.0000   30.0000   30.000011207.7422   25.8018
    7.5000   30.0000   30.000010743.1768   25.7680
   -7.5000   37.5000   30.000010271.9004   25.7394
    0.0000   37.5000   30.000010602.4736   25.7632
    7.5000   37.5000   30.000010158.4287   25.7343
   -7.5000   45.0000   30.0000 9258.9932   25.1536
    0.0000   45.0000   30.0000 9573.5977   25.1812
    7.5000   45.0000   30.0000 9210.1768   25.1530
   -7.5000  -45.0000   37.5000 8756.6592   26.5926
    0.0000  -45.0000   37.5000 9142.5889   26.6294
    7.5000  -45.0000   37.5000 8751.3545   26.6010
   -7.5000  -37.5000   37.5000 9280.9111   26.5653
    0.0000  -37.5000   37.5000 9674.5332   26.5941
    7.5000  -37.5000   37.5000 9273.5840   26.5528
   -7.5000  -30.0000   37.500010166.5449   26.6190
    0.0000  -30.0000   37.500010576.6729   26.6379
    7.5000  -30.0000   37.500010151.1943   26.5920
   -7.5000  -22.5000   37.500011049.0273   26.6059
    0.0000  -22.5000   37.500011475.9004   26.6207
    7.5000  -22.5000   37.500011028.1709   26.5849
   -7.5000  -15.0000   37.500011785.7324   26.5400
    0.0000  -15.0000   37.500012219.1729   26.5624
    7.5000  -15.0000   37.500011775.7227   26.5389
   -7.5000   -7.5000   37.500012442.4590   26.4859
    0.0000   -7.5000   37.500012886.3379   26.5208
    7.5000   -7.5000   37.500012440.4609   26.5009
   -7.5000    0.0000   37.500013080.5566   26.4980
    0.0000    0.0000   37.500013536.3057   26.5354
    7.5000    0.0000   37.500013064.0557   26.5077
   -7.5000    7.5000   37.500012776.1729   26.5651
    0.0000    7.5000   37.500013242.6504   26.5940
    7.5000    7.5000   37.500012777.6240   26.5527
   -7.5000   15.0000   37.500012010.9160   26.6189
    0.0000   15.0000   37.500012448.9590   26.6379
    7.5000   15.0000   37.500012015.0039   26.5920
   -7.5000   22.5000   37.500011212.4521   26.5937
    0.0000   22.5000   37.500011606.8096   26.6085
    7.5000   22.5000   37.500011164.2236   26.5726
   -7.5000   30.0000   37.500010331.6807   26.1965
    0.0000   30.0000   37.500010703.3828   26.2186
    7.5000   30.0000   37.500010272.3828   26.1955
   -7.5000   37.5000   37.5000 9752.7666   26.1431
    0.0000   37.5000   37.500010117.6855   26.1776
    7.5000   37.5000   37.5000 9716.5156   26.1579
   -7.5000   45.0000   37.5000 8824.9404   25.5410
    0.0000   45.0000   37.5000 9170.6504   25.5771
    7.5000   45.0000   37.5000 8787.1221   25.5504
   -7.5000  -45.0000   45.0000 8058.1045   27.2873
    0.0000  -45.0000   45.0000 8416.2754   27.3270
    7.5000  -45.0000   45.0000 8050.1787   27.2868
   -7.5000  -37.5000   45.0000 8541.2588   27.2455
    0.0000  -37.5000   45.0000 8924.6895   27.2716
    7.5000  -37.5000   45.0000 8524.3330   27.2214
   -7.5000  -30.0000   45.0000 9346.4834   27.3043
    0.0000  -30.0000   45.0000 9740.4297   27.3183
    7.5000  -30.0000   45.0000 9331.0107   27.2658
   -7.5000  -22.5000   45.000010152.8008   27.3035
    0.0000  -22.5000   45.000010540.7637   27.3192
    7.5000  -22.5000   45.000010133.3857   27.2765
   -7.5000  -15.0000   45.000010821.2549   27.2426
    0.0000  -15.0000   45.000011220.7705   27.2743
    7.5000  -15.0000   45.000010804.2988   27.2449
   -7.5000   -7.5000   45.000011411.9795   27.1853
    0.0000   -7.5000   45.000011850.4102   27.2293
    7.5000   -7.5000   45.000011404.5957   27.2009
   -7.5000    0.0000   45.000011966.0273   27.1873
    0.0000    0.0000   45.000012406.4365   27.2275
    7.5000    0.0000   45.000011928.1123   27.1880
   -7.5000    7.5000   45.000011714.6914   27.2454
    0.0000    7.5000   45.000012145.6416   27.2715
    7.5000    7.5000   45.000011683.8271   27.2213
   -7.5000   15.0000   45.000011042.5430   27.3043
    0.0000   15.0000   45.000011458.2139   27.3183
    7.5000   15.0000   45.000011017.3379   27.2658
   -7.5000   22.5000   45.000010308.0723   27.2908
    0.0000   22.5000   45.000010688.0449   27.3065
    7.5000   22.5000   45.000010235.7627   27.2638
   -7.5000   30.0000   45.0000 9480.6768   26.8877
    0.0000   30.0000   45.0000 9844.7656   26.9190
    7.5000   30.0000   45.0000 9422.5811   26.8900
   -7.5000   37.5000   45.0000 8971.6924   26.8311
    0.0000   37.5000   45.0000 9317.2207   26.8746
    7.5000   37.5000   45.0000 8944.7490   26.8466
   -7.5000   45.0000   45.0000 8106.9868   26.2173
    0.0000   45.0000   45.0000 8414.1387   26.2561
    7.5000   45.0000   45.0000 8070.8164   26.2180

---------------------------------------------------------------------
imgreg_4dfp /opt/freesurfer/average/711-2C_as_mni_average_305 /opt/freesurfer/average/711-2B_as_mni_average_305_mask talsrcimg_g11 none talsrcimg_to_711-2C_as_mni_average_305_t4 4355
---------------------------------------------------------------------

freesurfer imgreg_4dfp.c
/opt/freesurfer/average/711-2C_as_mni_average_305.4dfp.img
       256       256       256         1
  1.000000  1.000000  1.000000
orientation T byte_order littleendian
Reading image: /opt/freesurfer/average/711-2C_as_mni_average_305.4dfp.img
dimensions:      256       256       256
mmppix:       1.0000   -1.0000   -1.0000
center:     128.0000 -129.0000 -129.0000
/opt/freesurfer/average/711-2B_as_mni_average_305_mask.4dfp.img
       256       256       256         1
  1.000000  1.000000  1.000000
orientation T byte_order littleendian
Reading mask: /opt/freesurfer/average/711-2B_as_mni_average_305_mask.4dfp.img (2306576 pixels)
talsrcimg_g11.4dfp.img
       256       256       256         1
  1.000000  1.000000  1.000000
orientation T byte_order littleendian
Reading image: talsrcimg_g11.4dfp.img
dimensions:      256       256       256
mmppix:       1.0000   -1.0000   -1.0000
center:     128.0000 -129.0000 -129.0000
rotation matrix determinant  1.000000
image alignment mode   4355 decimal     1103 hex
   -7.5000  -45.0000  -45.0000 2192.9951   25.8984
    0.0000  -45.0000  -45.0000 2217.4146   25.7893
    7.5000  -45.0000  -45.0000 2201.5608   26.0938
   -7.5000  -37.5000  -45.0000 2282.3816   24.1770
    0.0000  -37.5000  -45.0000 2303.0261   24.0485
    7.5000  -37.5000  -45.0000 2287.8376   24.3116
   -7.5000  -30.0000  -45.0000 2336.8801   22.9642
    0.0000  -30.0000  -45.0000 2353.3044   22.8176
    7.5000  -30.0000  -45.0000 2337.0178   23.0849
   -7.5000  -22.5000  -45.0000 2365.1538   22.1569
    0.0000  -22.5000  -45.0000 2386.5002   21.9164
    7.5000  -22.5000  -45.0000 2360.2688   22.2272
   -7.5000  -15.0000  -45.0000 2380.3508   21.6245
    0.0000  -15.0000  -45.0000 2402.1267   21.4797
    7.5000  -15.0000  -45.0000 2374.9841   21.7521
   -7.5000   -7.5000  -45.0000 2377.1470   21.4949
    0.0000   -7.5000  -45.0000 2395.6235   21.3230
    7.5000   -7.5000  -45.0000 2375.0703   21.5668
   -7.5000    0.0000  -45.0000 2365.4224   21.7145
    0.0000    0.0000  -45.0000 2381.3979   21.4073
    7.5000    0.0000  -45.0000 2367.5181   21.7692
   -7.5000    7.5000  -45.0000 2346.5977   22.3735
    0.0000    7.5000  -45.0000 2371.0081   22.1144
    7.5000    7.5000  -45.0000 2347.4050   22.3574
   -7.5000   15.0000  -45.0000 2303.4900   23.1914
    0.0000   15.0000  -45.0000 2328.4087   22.9864
    7.5000   15.0000  -45.0000 2307.3291   23.2836
   -7.5000   22.5000  -45.0000 2262.2800   24.4731
    0.0000   22.5000  -45.0000 2278.8149   24.2749
    7.5000   22.5000  -45.0000 2260.5718   24.5441
   -7.5000   30.0000  -45.0000 2190.7810   26.1966
    0.0000   30.0000  -45.0000 2206.3418   25.9375
    7.5000   30.0000  -45.0000 2187.0205   26.3281
   -7.5000   37.5000  -45.0000 2107.9822   28.5001
    0.0000   37.5000  -45.0000 2117.8445   28.2606
    7.5000   37.5000  -45.0000 2096.7793   28.6593
   -7.5000   45.0000  -45.0000 1997.0026   31.5821
    0.0000   45.0000  -45.0000 2010.5364   31.2422
    7.5000   45.0000  -45.0000 1982.2610   31.6860
   -7.5000  -45.0000  -37.5000 2283.8677   24.3387
    0.0000  -45.0000  -37.5000 2303.9622   24.2280
    7.5000  -45.0000  -37.5000 2281.9009   24.4501
   -7.5000  -37.5000  -37.5000 2375.9419   22.6405
    0.0000  -37.5000  -37.5000 2398.7327   22.5185
    7.5000  -37.5000  -37.5000 2375.2578   22.7409
   -7.5000  -30.0000  -37.5000 2427.6997   21.3557
    0.0000  -30.0000  -37.5000 2446.2827   21.2111
    7.5000  -30.0000  -37.5000 2422.6179   21.4350
   -7.5000  -22.5000  -37.5000 2465.0713   20.4616
    0.0000  -22.5000  -37.5000 2478.2502   20.2632
    7.5000  -22.5000  -37.5000 2453.6631   20.5140
   -7.5000  -15.0000  -37.5000 2483.6772   19.9460
    0.0000  -15.0000  -37.5000 2500.4331   19.7570
    7.5000  -15.0000  -37.5000 2476.0945   20.0713
   -7.5000   -7.5000  -37.5000 2488.2290   19.8357
    0.0000   -7.5000  -37.5000 2504.3730   19.6526
    7.5000   -7.5000  -37.5000 2477.6545   19.9078
   -7.5000    0.0000  -37.5000 2476.6909   20.0060
    0.0000    0.0000  -37.5000 2493.3059   19.7800
    7.5000    0.0000  -37.5000 2472.4761   20.0868
   -7.5000    7.5000  -37.5000 2457.1208   20.5935
    0.0000    7.5000  -37.5000 2481.3218   20.3785
    7.5000    7.5000  -37.5000 2451.8872   20.6263
   -7.5000   15.0000  -37.5000 2415.7122   21.3299
    0.0000   15.0000  -37.5000 2435.0464   21.1048
    7.5000   15.0000  -37.5000 2412.0374   21.4086
   -7.5000   22.5000  -37.5000 2368.4263   22.4806
    0.0000   22.5000  -37.5000 2384.0334   22.3006
    7.5000   22.5000  -37.5000 2356.4470   22.5712
   -7.5000   30.0000  -37.5000 2289.5029   24.1055
    0.0000   30.0000  -37.5000 2307.6765   23.8976
    7.5000   30.0000  -37.5000 2279.5229   24.2476
   -7.5000   37.5000  -37.5000 2197.2463   26.2749
    0.0000   37.5000  -37.5000 2211.0103   26.0849
    7.5000   37.5000  -37.5000 2186.9246   26.4110
   -7.5000   45.0000  -37.5000 2081.1533   29.1242
    0.0000   45.0000  -37.5000 2092.6243   28.8161
    7.5000   45.0000  -37.5000 2069.0986   29.1644
   -7.5000  -45.0000  -30.0000 2396.2241   23.8493
    0.0000  -45.0000  -30.0000 2418.2397   23.6798
    7.5000  -45.0000  -30.0000 2389.6826   23.8320
   -7.5000  -37.5000  -30.0000 2491.3142   22.0076
    0.0000  -37.5000  -30.0000 2514.3279   21.8710
    7.5000  -37.5000  -30.0000 2488.0173   22.0499
   -7.5000  -30.0000  -30.0000 2556.0642   20.6427
    0.0000  -30.0000  -30.0000 2576.2319   20.5096
    7.5000  -30.0000  -30.0000 2546.6936   20.7177
   -7.5000  -22.5000  -30.0000 2600.7444   19.7350
    0.0000  -22.5000  -30.0000 2609.1631   19.5527
    7.5000  -22.5000  -30.0000 2588.1941   19.7468
   -7.5000  -15.0000  -30.0000 2624.2356   19.1224
    0.0000  -15.0000  -30.0000 2639.3582   18.9495
    7.5000  -15.0000  -30.0000 2605.8101   19.2148
   -7.5000   -7.5000  -30.0000 2635.0876   18.8487
    0.0000   -7.5000  -30.0000 2648.7849   18.7097
    7.5000   -7.5000  -30.0000 2613.7903   18.9957
   -7.5000    0.0000  -30.0000 2629.7725   19.0723
    0.0000    0.0000  -30.0000 2644.1890   18.9149
    7.5000    0.0000  -30.0000 2616.2307   19.1995
   -7.5000    7.5000  -30.0000 2607.5083   19.6509
    0.0000    7.5000  -30.0000 2631.7920   19.4397
    7.5000    7.5000  -30.0000 2595.7720   19.6988
   -7.5000   15.0000  -30.0000 2565.1472   20.4224
    0.0000   15.0000  -30.0000 2581.6589   20.1684
    7.5000   15.0000  -30.0000 2553.7324   20.4602
   -7.5000   22.5000  -30.0000 2515.9304   21.5690
    0.0000   22.5000  -30.0000 2531.0388   21.3423
    7.5000   22.5000  -30.0000 2496.4705   21.5990
   -7.5000   30.0000  -30.0000 2424.6035   23.1571
    0.0000   30.0000  -30.0000 2441.8010   22.9727
    7.5000   30.0000  -30.0000 2411.2683   23.2228
   -7.5000   37.5000  -30.0000 2325.9182   25.3165
    0.0000   37.5000  -30.0000 2338.9580   25.0435
    7.5000   37.5000  -30.0000 2309.3401   25.3232
   -7.5000   45.0000  -30.0000 2197.9146   27.9405
    0.0000   45.0000  -30.0000 2210.7952   27.7013
    7.5000   45.0000  -30.0000 2186.8137   27.9145
   -7.5000  -45.0000  -22.5000 2456.8162   23.1333
    0.0000  -45.0000  -22.5000 2481.9766   22.9552
    7.5000  -45.0000  -22.5000 2461.1729   23.1291
   -7.5000  -37.5000  -22.5000 2560.4607   21.3163
    0.0000  -37.5000  -22.5000 2583.8574   21.1056
    7.5000  -37.5000  -22.5000 2562.9370   21.3114
   -7.5000  -30.0000  -22.5000 2643.4321   19.9532
    0.0000  -30.0000  -22.5000 2661.0378   19.7318
    7.5000  -30.0000  -22.5000 2634.3521   19.9334
   -7.5000  -22.5000  -22.5000 2695.3503   18.9512
    0.0000  -22.5000  -22.5000 2707.2961   18.7410
    7.5000  -22.5000  -22.5000 2683.5530   18.9061
   -7.5000  -15.0000  -22.5000 2722.3010   18.2650
    0.0000  -15.0000  -22.5000 2737.6953   18.0966
    7.5000  -15.0000  -22.5000 2713.5720   18.3028
   -7.5000   -7.5000  -22.5000 2736.6418   17.8872
    0.0000   -7.5000  -22.5000 2753.7986   17.6782
    7.5000   -7.5000  -22.5000 2722.1233   17.9432
   -7.5000    0.0000  -22.5000 2744.7507   18.0660
    0.0000    0.0000  -22.5000 2760.5945   17.9129
    7.5000    0.0000  -22.5000 2730.9126   18.1509
   -7.5000    7.5000  -22.5000 2724.3955   18.6539
    0.0000    7.5000  -22.5000 2751.8330   18.4471
    7.5000    7.5000  -22.5000 2717.5264   18.6947
   -7.5000   15.0000  -22.5000 2684.1101   19.4482
    0.0000   15.0000  -22.5000 2703.5474   19.1953
    7.5000   15.0000  -22.5000 2675.2964   19.4975
   -7.5000   22.5000  -22.5000 2631.1938   20.5705
    0.0000   22.5000  -22.5000 2645.0815   20.3521
    7.5000   22.5000  -22.5000 2612.9238   20.6247
   -7.5000   30.0000  -22.5000 2534.0327   22.1822
    0.0000   30.0000  -22.5000 2547.4919   21.9828
    7.5000   30.0000  -22.5000 2524.8020   22.2509
   -7.5000   37.5000  -22.5000 2416.3350   24.2565
    0.0000   37.5000  -22.5000 2432.3594   24.0102
    7.5000   37.5000  -22.5000 2405.5896   24.2993
   -7.5000   45.0000  -22.5000 2282.9326   26.8579
    0.0000   45.0000  -22.5000 2299.1462   26.6026
    7.5000   45.0000  -22.5000 2278.4402   26.8798
   -7.5000  -45.0000  -15.0000 2482.4480   22.4744
    0.0000  -45.0000  -15.0000 2503.8779   22.2530
    7.5000  -45.0000  -15.0000 2494.9246   22.4842
   -7.5000  -37.5000  -15.0000 2590.5891   20.6828
    0.0000  -37.5000  -15.0000 2612.9595   20.4552
    7.5000  -37.5000  -15.0000 2609.3606   20.6655
   -7.5000  -30.0000  -15.0000 2681.8506   19.2874
    0.0000  -30.0000  -15.0000 2708.0347   19.0667
    7.5000  -30.0000  -15.0000 2693.8608   19.2823
   -7.5000  -22.5000  -15.0000 2749.7583   18.2004
    0.0000  -22.5000  -15.0000 2771.4016   18.0224
    7.5000  -22.5000  -15.0000 2752.7036   18.2387
   -7.5000  -15.0000  -15.0000 2786.8552   17.4420
    0.0000  -15.0000  -15.0000 2808.9900   17.2790
    7.5000  -15.0000  -15.0000 2789.8779   17.5046
   -7.5000   -7.5000  -15.0000 2816.6895   17.0683
    0.0000   -7.5000  -15.0000 2841.0349   16.8311
    7.5000   -7.5000  -15.0000 2808.2764   17.0845
   -7.5000    0.0000  -15.0000 2828.3110   17.1891
    0.0000    0.0000  -15.0000 2841.2126   16.9446
    7.5000    0.0000  -15.0000 2814.3213   17.1812
   -7.5000    7.5000  -15.0000 2805.4231   17.6985
    0.0000    7.5000  -15.0000 2828.1602   17.4510
    7.5000    7.5000  -15.0000 2800.6748   17.7385
   -7.5000   15.0000  -15.0000 2758.1624   18.5368
    0.0000   15.0000  -15.0000 2781.7520   18.3032
    7.5000   15.0000  -15.0000 2755.5928   18.5877
   -7.5000   22.5000  -15.0000 2697.8391   19.6771
    0.0000   22.5000  -15.0000 2717.7588   19.4819
    7.5000   22.5000  -15.0000 2692.5603   19.8001
   -7.5000   30.0000  -15.0000 2603.2520   21.2690
    0.0000   30.0000  -15.0000 2614.4482   21.0443
    7.5000   30.0000  -15.0000 2590.4624   21.3648
   -7.5000   37.5000  -15.0000 2482.7324   23.3649
    0.0000   37.5000  -15.0000 2495.1428   23.0777
    7.5000   37.5000  -15.0000 2471.7725   23.4267
   -7.5000   45.0000  -15.0000 2340.8018   25.8747
    0.0000   45.0000  -15.0000 2355.4319   25.6449
    7.5000   45.0000  -15.0000 2336.1592   25.9785
   -7.5000  -45.0000   -7.5000 2500.6641   22.0252
    0.0000  -45.0000   -7.5000 2521.8328   21.7072
    7.5000  -45.0000   -7.5000 2513.0955   21.9313
   -7.5000  -37.5000   -7.5000 2616.0129   20.2093
    0.0000  -37.5000   -7.5000 2633.6653   19.8985
    7.5000  -37.5000   -7.5000 2626.6128   20.1030
   -7.5000  -30.0000   -7.5000 2713.5955   18.7706
    0.0000  -30.0000   -7.5000 2730.2522   18.4729
    7.5000  -30.0000   -7.5000 2715.6753   18.6991
   -7.5000  -22.5000   -7.5000 2791.2478   17.6339
    0.0000  -22.5000   -7.5000 2812.9355   17.3857
    7.5000  -22.5000   -7.5000 2795.5510   17.6025
   -7.5000  -15.0000   -7.5000 2846.5371   16.8396
    0.0000  -15.0000   -7.5000 2866.6318   16.5893
    7.5000  -15.0000   -7.5000 2843.9490   16.8117
   -7.5000   -7.5000   -7.5000 2885.9072   16.4725
    0.0000   -7.5000   -7.5000 2915.3440   16.1978
    7.5000   -7.5000   -7.5000 2882.6809   16.4620
   -7.5000    0.0000   -7.5000 2893.7180   16.5886
    0.0000    0.0000   -7.5000 2919.2773   16.2097
    7.5000    0.0000   -7.5000 2879.5803   16.5863
   -7.5000    7.5000   -7.5000 2869.3423   16.9583
    0.0000    7.5000   -7.5000 2886.0293   16.6561
    7.5000    7.5000   -7.5000 2855.8167   17.0047
   -7.5000   15.0000   -7.5000 2810.3691   17.7524
    0.0000   15.0000   -7.5000 2836.3875   17.4723
    7.5000   15.0000   -7.5000 2809.6216   17.8280
   -7.5000   22.5000   -7.5000 2749.7302   18.9191
    0.0000   22.5000   -7.5000 2769.5488   18.6234
    7.5000   22.5000   -7.5000 2741.6643   19.0249
   -7.5000   30.0000   -7.5000 2647.4236   20.5670
    0.0000   30.0000   -7.5000 2662.9905   20.2637
    7.5000   30.0000   -7.5000 2636.9968   20.6635
   -7.5000   37.5000   -7.5000 2524.3140   22.6338
    0.0000   37.5000   -7.5000 2538.4062   22.3291
    7.5000   37.5000   -7.5000 2514.1475   22.7246
   -7.5000   45.0000   -7.5000 2376.0735   25.1045
    0.0000   45.0000   -7.5000 2391.3330   24.7898
    7.5000   45.0000   -7.5000 2370.0320   25.2020
   -7.5000  -45.0000    0.0000 2499.6694   21.7354
    0.0000  -45.0000    0.0000 2519.1611   21.3905
    7.5000  -45.0000    0.0000 2504.8796   21.6005
   -7.5000  -37.5000    0.0000 2617.2922   19.8851
    0.0000  -37.5000    0.0000 2636.3254   19.5667
    7.5000  -37.5000    0.0000 2618.6653   19.7546
   -7.5000  -30.0000    0.0000 2726.4495   18.4139
    0.0000  -30.0000    0.0000 2737.9705   18.1226
    7.5000  -30.0000    0.0000 2714.6272   18.2955
   -7.5000  -22.5000    0.0000 2808.5981   17.2675
    0.0000  -22.5000    0.0000 2819.5762   16.9977
    7.5000  -22.5000    0.0000 2796.0095   17.1702
   -7.5000  -15.0000    0.0000 2878.9729   16.4552
    0.0000  -15.0000    0.0000 2890.7883   16.2279
    7.5000  -15.0000    0.0000 2862.7742   16.3812
   -7.5000   -7.5000    0.0000 2942.1667   16.1991
    0.0000   -7.5000    0.0000 2979.8877   16.0348
    7.5000   -7.5000    0.0000 2931.4797   16.1067
   -7.5000    0.0000    0.0000 2943.6978   16.3360
    0.0000    0.0000    0.0000 2997.1604   16.1060
    7.5000    0.0000    0.0000 2939.0620   16.4074
   -7.5000    7.5000    0.0000 2904.8416   16.4174
    0.0000    7.5000    0.0000 2936.8069   16.2074
    7.5000    7.5000    0.0000 2888.0974   16.6339
   -7.5000   15.0000    0.0000 2843.1184   17.1746
    0.0000   15.0000    0.0000 2864.2324   16.9955
    7.5000   15.0000    0.0000 2826.9937   17.3118
   -7.5000   22.5000    0.0000 2771.6287   18.4348
    0.0000   22.5000    0.0000 2790.6082   18.2688
    7.5000   22.5000    0.0000 2758.8074   18.5189
   -7.5000   30.0000    0.0000 2667.4661   20.1125
    0.0000   30.0000    0.0000 2683.5020   19.9331
    7.5000   30.0000    0.0000 2654.6675   20.2003
   -7.5000   37.5000    0.0000 2544.4324   22.1701
    0.0000   37.5000    0.0000 2562.0420   21.9984
    7.5000   37.5000    0.0000 2532.4092   22.2717
   -7.5000   45.0000    0.0000 2396.5803   24.6380
    0.0000   45.0000    0.0000 2409.5566   24.4415
    7.5000   45.0000    0.0000 2381.1479   24.6779
   -7.5000  -45.0000    7.5000 2491.7324   21.8201
    0.0000  -45.0000    7.5000 2510.2898   21.3680
    7.5000  -45.0000    7.5000 2490.0518   21.7097
   -7.5000  -37.5000    7.5000 2611.9436   19.9484
    0.0000  -37.5000    7.5000 2623.3325   19.5379
    7.5000  -37.5000    7.5000 2601.3342   19.8465
   -7.5000  -30.0000    7.5000 2710.7634   18.4349
    0.0000  -30.0000    7.5000 2719.6023   18.0861
    7.5000  -30.0000    7.5000 2703.8699   18.3542
   -7.5000  -22.5000    7.5000 2802.4402   17.2705
    0.0000  -22.5000    7.5000 2810.4688   16.9625
    7.5000  -22.5000    7.5000 2796.5923   17.2386
   -7.5000  -15.0000    7.5000 2884.6946   16.4517
    0.0000  -15.0000    7.5000 2902.5896   16.2469
    7.5000  -15.0000    7.5000 2876.2556   16.4920
   -7.5000   -7.5000    7.5000 2956.7898   16.1571
    0.0000   -7.5000    7.5000 3010.4661   16.1213
    7.5000   -7.5000    7.5000 2953.7822   16.2201
   -7.5000    0.0000    7.5000 2951.4695   16.1596
    0.0000    0.0000    7.5000 3026.1448   16.2084
    7.5000    0.0000    7.5000 2956.8467   16.4625
   -7.5000    7.5000    7.5000 2912.2688   16.3336
    0.0000    7.5000    7.5000 2951.0420   16.2354
    7.5000    7.5000    7.5000 2911.2449   16.6938
   -7.5000   15.0000    7.5000 2859.1116   17.0837
    0.0000   15.0000    7.5000 2876.7556   16.8879
    7.5000   15.0000    7.5000 2841.2048   17.2315
   -7.5000   22.5000    7.5000 2777.4167   18.3671
    0.0000   22.5000    7.5000 2788.8806   18.1077
    7.5000   22.5000    7.5000 2765.1992   18.3899
   -7.5000   30.0000    7.5000 2672.9490   20.0567
    0.0000   30.0000    7.5000 2680.3301   19.7780
    7.5000   30.0000    7.5000 2656.9761   20.0622
   -7.5000   37.5000    7.5000 2548.4536   22.0845
    0.0000   37.5000    7.5000 2557.9966   21.8446
    7.5000   37.5000    7.5000 2528.2671   22.1473
   -7.5000   45.0000    7.5000 2404.2917   24.5784
    0.0000   45.0000    7.5000 2409.2991   24.3043
    7.5000   45.0000    7.5000 2383.5237   24.6187
   -7.5000  -45.0000   15.0000 2468.8242   22.2080
    0.0000  -45.0000   15.0000 2485.7825   21.7726
    7.5000  -45.0000   15.0000 2467.4607   22.1503
   -7.5000  -37.5000   15.0000 2586.7729   20.4283
    0.0000  -37.5000   15.0000 2601.5298   20.0503
    7.5000  -37.5000   15.0000 2584.7837   20.4102
   -7.5000  -30.0000   15.0000 2687.7134   18.9203
    0.0000  -30.0000   15.0000 2702.8193   18.6030
    7.5000  -30.0000   15.0000 2684.5554   18.9910
   -7.5000  -22.5000   15.0000 2782.3655   17.6703
    0.0000  -22.5000   15.0000 2800.3245   17.4132
    7.5000  -22.5000   15.0000 2773.5195   17.7740
   -7.5000  -15.0000   15.0000 2863.8474   16.8226
    0.0000  -15.0000   15.0000 2884.5359   16.6256
    7.5000  -15.0000   15.0000 2862.0559   16.9108
   -7.5000   -7.5000   15.0000 2925.2222   16.4457
    0.0000   -7.5000   15.0000 2964.9707   16.3139
    7.5000   -7.5000   15.0000 2923.6445   16.6101
   -7.5000    0.0000   15.0000 2922.9556   16.4088
    0.0000    0.0000   15.0000 2952.0745   16.2457
    7.5000    0.0000   15.0000 2916.6704   16.7656
   -7.5000    7.5000   15.0000 2894.9099   16.8690
    0.0000    7.5000   15.0000 2925.0127   16.7275
    7.5000    7.5000   15.0000 2877.2107   17.0573
   -7.5000   15.0000   15.0000 2838.5393   17.6857
    0.0000   15.0000   15.0000 2861.7751   17.5255
    7.5000   15.0000   15.0000 2819.4158   17.7423
   -7.5000   22.5000   15.0000 2753.3779   18.8313
    0.0000   22.5000   15.0000 2773.2717   18.6791
    7.5000   22.5000   15.0000 2746.7043   18.8845
   -7.5000   30.0000   15.0000 2645.0220   20.3453
    0.0000   30.0000   15.0000 2655.0432   20.1350
    7.5000   30.0000   15.0000 2637.7837   20.3545
   -7.5000   37.5000   15.0000 2529.1570   22.2569
    0.0000   37.5000   15.0000 2537.2256   22.0114
    7.5000   37.5000   15.0000 2510.2258   22.2658
   -7.5000   45.0000   15.0000 2383.6677   24.6246
    0.0000   45.0000   15.0000 2396.9385   24.3574
    7.5000   45.0000   15.0000 2369.4766   24.6270
   -7.5000  -45.0000   22.5000 2440.3210   22.9628
    0.0000  -45.0000   22.5000 2461.0999   22.6716
    7.5000  -45.0000   22.5000 2445.9260   23.1157
   -7.5000  -37.5000   22.5000 2554.3606   21.1804
    0.0000  -37.5000   22.5000 2576.0132   20.8717
    7.5000  -37.5000   22.5000 2550.5134   21.2967
   -7.5000  -30.0000   22.5000 2656.8157   19.6659
    0.0000  -30.0000   22.5000 2680.7864   19.3556
    7.5000  -30.0000   22.5000 2649.8784   19.7210
   -7.5000  -22.5000   22.5000 2755.6936   18.4088
    0.0000  -22.5000   22.5000 2778.9463   18.0737
    7.5000  -22.5000   22.5000 2740.5427   18.4050
   -7.5000  -15.0000   22.5000 2824.9482   17.4741
    0.0000  -15.0000   22.5000 2849.7056   17.2066
    7.5000  -15.0000   22.5000 2814.6638   17.4812
   -7.5000   -7.5000   22.5000 2873.5640   16.9695
    0.0000   -7.5000   22.5000 2890.6694   16.6666
    7.5000   -7.5000   22.5000 2860.7441   17.1515
   -7.5000    0.0000   22.5000 2868.1597   17.0012
    0.0000    0.0000   22.5000 2881.8357   16.7570
    7.5000    0.0000   22.5000 2850.0210   17.1522
   -7.5000    7.5000   22.5000 2845.5037   17.5457
    0.0000    7.5000   22.5000 2870.6052   17.3043
    7.5000    7.5000   22.5000 2834.3403   17.6202
   -7.5000   15.0000   22.5000 2793.6042   18.3843
    0.0000   15.0000   22.5000 2809.8843   18.1294
    7.5000   15.0000   22.5000 2775.0342   18.3684
   -7.5000   22.5000   22.5000 2711.7639   19.5743
    0.0000   22.5000   22.5000 2726.2969   19.2956
    7.5000   22.5000   22.5000 2700.3899   19.5353
   -7.5000   30.0000   22.5000 2607.7803   21.0603
    0.0000   30.0000   22.5000 2619.7041   20.8890
    7.5000   30.0000   22.5000 2592.1013   21.1120
   -7.5000   37.5000   22.5000 2487.0632   22.9406
    0.0000   37.5000   22.5000 2499.6086   22.7433
    7.5000   37.5000   22.5000 2469.7427   23.0056
   -7.5000   45.0000   22.5000 2344.8721   25.2540
    0.0000   45.0000   22.5000 2357.8667   24.9781
    7.5000   45.0000   22.5000 2344.0020   25.3039
   -7.5000  -45.0000   30.0000 2395.9731   24.0194
    0.0000  -45.0000   30.0000 2414.5837   23.7289
    7.5000  -45.0000   30.0000 2395.1868   24.1751
   -7.5000  -37.5000   30.0000 2504.1072   22.1738
    0.0000  -37.5000   30.0000 2528.1155   21.8546
    7.5000  -37.5000   30.0000 2501.9749   22.2333
   -7.5000  -30.0000   30.0000 2613.7053   20.6021
    0.0000  -30.0000   30.0000 2642.4565   20.2769
    7.5000  -30.0000   30.0000 2609.0923   20.6046
   -7.5000  -22.5000   30.0000 2712.3586   19.2612
    0.0000  -22.5000   30.0000 2736.8616   18.9488
    7.5000  -22.5000   30.0000 2700.0203   19.2542
   -7.5000  -15.0000   30.0000 2772.0283   18.2951
    0.0000  -15.0000   30.0000 2792.0479   17.9612
    7.5000  -15.0000   30.0000 2757.0884   18.3556
   -7.5000   -7.5000   30.0000 2805.7119   17.7682
    0.0000   -7.5000   30.0000 2820.8560   17.4673
    7.5000   -7.5000   30.0000 2783.2170   17.8628
   -7.5000    0.0000   30.0000 2794.3669   17.8260
    0.0000    0.0000   30.0000 2807.3582   17.5589
    7.5000    0.0000   30.0000 2783.4302   17.9054
   -7.5000    7.5000   30.0000 2775.2739   18.4468
    0.0000    7.5000   30.0000 2797.1746   18.1793
    7.5000    7.5000   30.0000 2767.4912   18.4609
   -7.5000   15.0000   30.0000 2720.6162   19.2615
    0.0000   15.0000   30.0000 2734.9875   18.9809
    7.5000   15.0000   30.0000 2705.7532   19.2516
   -7.5000   22.5000   30.0000 2652.9387   20.4150
    0.0000   22.5000   30.0000 2661.2842   20.0927
    7.5000   22.5000   30.0000 2627.8809   20.3403
   -7.5000   30.0000   30.0000 2548.9822   21.9028
    0.0000   30.0000   30.0000 2563.0486   21.6832
    7.5000   30.0000   30.0000 2528.4697   21.8979
   -7.5000   37.5000   30.0000 2431.8252   23.8296
    0.0000   37.5000   30.0000 2445.4116   23.6279
    7.5000   37.5000   30.0000 2422.6030   23.8946
   -7.5000   45.0000   30.0000 2282.0803   26.1856
    0.0000   45.0000   30.0000 2300.9836   25.9674
    7.5000   45.0000   30.0000 2290.1213   26.2682
   -7.5000  -45.0000   37.5000 2346.1069   25.2871
    0.0000  -45.0000   37.5000 2367.4363   25.0076
    7.5000  -45.0000   37.5000 2343.9080   25.4102
   -7.5000  -37.5000   37.5000 2452.6711   23.3442
    0.0000  -37.5000   37.5000 2475.5525   23.0222
    7.5000  -37.5000   37.5000 2453.1855   23.3694
   -7.5000  -30.0000   37.5000 2561.8286   21.6939
    0.0000  -30.0000   37.5000 2581.5518   21.3747
    7.5000  -30.0000   37.5000 2555.1074   21.7108
   -7.5000  -22.5000   37.5000 2649.5427   20.2705
    0.0000  -22.5000   37.5000 2670.7339   19.9822
    7.5000  -22.5000   37.5000 2640.5657   20.3554
   -7.5000  -15.0000   37.5000 2702.3840   19.3217
    0.0000  -15.0000   37.5000 2723.8086   19.0006
    7.5000  -15.0000   37.5000 2687.3916   19.4562
   -7.5000   -7.5000   37.5000 2720.7849   18.8578
    0.0000   -7.5000   37.5000 2737.6306   18.6479
    7.5000   -7.5000   37.5000 2704.7915   18.9685
   -7.5000    0.0000   37.5000 2714.8882   18.9184
    0.0000    0.0000   37.5000 2729.4539   18.6571
    7.5000    0.0000   37.5000 2702.9453   18.9860
   -7.5000    7.5000   37.5000 2698.0447   19.5252
    0.0000    7.5000   37.5000 2715.7759   19.2725
    7.5000    7.5000   37.5000 2690.4573   19.5428
   -7.5000   15.0000   37.5000 2633.7180   20.3656
    0.0000   15.0000   37.5000 2651.0166   20.0339
    7.5000   15.0000   37.5000 2625.1707   20.3284
   -7.5000   22.5000   37.5000 2575.6187   21.5066
    0.0000   22.5000   37.5000 2580.9348   21.1773
    7.5000   22.5000   37.5000 2546.7344   21.4685
   -7.5000   30.0000   37.5000 2474.6350   22.9624
    0.0000   30.0000   37.5000 2485.2839   22.6856
    7.5000   30.0000   37.5000 2453.8047   22.9957
   -7.5000   37.5000   37.5000 2355.3108   24.7872
    0.0000   37.5000   37.5000 2371.2039   24.5955
    7.5000   37.5000   37.5000 2351.3313   24.9436
   -7.5000   45.0000   37.5000 2219.0327   27.3586
    0.0000   45.0000   37.5000 2238.5239   27.1499
    7.5000   45.0000   37.5000 2215.0715   27.4658
   -7.5000  -45.0000   45.0000 2282.4932   26.7157
    0.0000  -45.0000   45.0000 2310.9094   26.5363
    7.5000  -45.0000   45.0000 2284.6624   26.9043
   -7.5000  -37.5000   45.0000 2388.1067   24.6510
    0.0000  -37.5000   45.0000 2418.4783   24.4197
    7.5000  -37.5000   45.0000 2387.9819   24.7860
   -7.5000  -30.0000   45.0000 2491.8955   22.9788
    0.0000  -30.0000   45.0000 2514.6409   22.7350
    7.5000  -30.0000   45.0000 2483.7458   23.0669
   -7.5000  -22.5000   45.0000 2574.3250   21.5780
    0.0000  -22.5000   45.0000 2590.3176   21.3316
    7.5000  -22.5000   45.0000 2559.9802   21.7285
   -7.5000  -15.0000   45.0000 2617.9124   20.6201
    0.0000  -15.0000   45.0000 2635.8411   20.3789
    7.5000  -15.0000   45.0000 2602.5332   20.8055
   -7.5000   -7.5000   45.0000 2629.0081   20.1788
    0.0000   -7.5000   45.0000 2639.9609   20.0365
    7.5000   -7.5000   45.0000 2615.5913   20.3045
   -7.5000    0.0000   45.0000 2619.8560   20.2319
    0.0000    0.0000   45.0000 2636.3625   20.0006
    7.5000    0.0000   45.0000 2608.2654   20.3015
   -7.5000    7.5000   45.0000 2602.9595   20.8741
    0.0000    7.5000   45.0000 2614.9358   20.6328
    7.5000    7.5000   45.0000 2592.6118   20.9343
   -7.5000   15.0000   45.0000 2551.0862   21.6662
    0.0000   15.0000   45.0000 2564.5801   21.3874
    7.5000   15.0000   45.0000 2536.4702   21.7079
   -7.5000   22.5000   45.0000 2495.0227   22.7877
    0.0000   22.5000   45.0000 2504.0071   22.5326
    7.5000   22.5000   45.0000 2465.3372   22.8283
   -7.5000   30.0000   45.0000 2393.0837   24.2958
    0.0000   30.0000   45.0000 2399.6636   24.0247
    7.5000   30.0000   45.0000 2376.8638   24.3392
   -7.5000   37.5000   45.0000 2276.2056   26.1638
    0.0000   37.5000   45.0000 2289.1023   25.9664
    7.5000   37.5000   45.0000 2275.2634   26.2615
   -7.5000   45.0000   45.0000 2145.3772   28.8221
    0.0000   45.0000   45.0000 2155.0269   28.6018
    7.5000   45.0000   45.0000 2139.5547   28.9222

---------------------------------------------------------------------
imgreg_4dfp /opt/freesurfer/average/711-2C_as_mni_average_305 /opt/freesurfer/average/711-2B_as_mni_average_305_mask talsrcimg_g11 none talsrcimg_to_711-2C_as_mni_average_305_t4 1283
---------------------------------------------------------------------

freesurfer imgreg_4dfp.c
/opt/freesurfer/average/711-2C_as_mni_average_305.4dfp.img
       256       256       256         1
  1.000000  1.000000  1.000000
orientation T byte_order littleendian
Reading image: /opt/freesurfer/average/711-2C_as_mni_average_305.4dfp.img
dimensions:      256       256       256
mmppix:       1.0000   -1.0000   -1.0000
center:     128.0000 -129.0000 -129.0000
/opt/freesurfer/average/711-2B_as_mni_average_305_mask.4dfp.img
       256       256       256         1
  1.000000  1.000000  1.000000
orientation T byte_order littleendian
Reading mask: /opt/freesurfer/average/711-2B_as_mni_average_305_mask.4dfp.img (2306576 pixels)
talsrcimg_g11.4dfp.img
       256       256       256         1
  1.000000  1.000000  1.000000
orientation T byte_order littleendian
Reading image: talsrcimg_g11.4dfp.img
dimensions:      256       256       256
mmppix:       1.0000   -1.0000   -1.0000
center:     128.0000 -129.0000 -129.0000
rotation matrix determinant  1.000000
fimgreg.f
image alignment mode   1283 decimal      503 hex
parameters
    0.0000    0.0000    7.5000    0.0000    0.0000    0.0000
eta,q 0.95203 16.24187
niter,ni,del,rscale     5    3   12.0000    1.2000
parameter  5 -0.502247 -> -0.500000 qaram    1.1500
parameters
    0.1694   -2.2377    5.5364   -1.7354    3.4500    1.8413
eta,q 0.95568 16.35823
  0.0700  0.0586  0.0555  0.0495  0.0608  0.0541
  0.0613  0.0519  0.0498  0.0478  0.0566  0.0504
  0.0547  0.0498  0.0469  0.0470  0.0516  0.0471
  0.0529  0.0527  0.0495  0.0469  0.0469  0.0452
  0.0552  0.0604  0.0563  0.0486  0.0448  0.0443
  0.0608  0.0682  0.0626  0.0525  0.0456  0.0453
  0.0674  0.0722  0.0692  0.0576  0.0480  0.0475
niter,ni,del,rscale     5    3   12.0000    1.2000
parameters
   -0.9083   -1.6744    5.0181   -4.0742    3.6137    1.8667
eta,q 0.95892 16.27962
  0.0600  0.0619  0.0571  0.0432  0.0537  0.0484
  0.0497  0.0557  0.0501  0.0411  0.0496  0.0447
  0.0432  0.0472  0.0435  0.0412  0.0443  0.0424
  0.0443  0.0426  0.0422  0.0419  0.0411  0.0411
  0.0523  0.0430  0.0461  0.0437  0.0437  0.0418
  0.0625  0.0487  0.0544  0.0473  0.0481  0.0447
  0.0717  0.0580  0.0626  0.0516  0.0532  0.0483
niter,ni,del,rscale     4    3   12.0000    1.2000
parameters
   -1.1261   -0.7443    4.5143   -5.3969    3.7498    1.9743
eta,q 0.95993 16.24457
  0.0653  0.0623  0.0560  0.0435  0.0530  0.0471
  0.0555  0.0546  0.0487  0.0416  0.0486  0.0437
  0.0453  0.0465  0.0425  0.0402  0.0430  0.0415
  0.0411  0.0411  0.0407  0.0405  0.0401  0.0401
  0.0468  0.0420  0.0447  0.0418  0.0428  0.0404
  0.0580  0.0467  0.0530  0.0443  0.0475  0.0432
  0.0687  0.0536  0.0615  0.0498  0.0524  0.0471
niter,ni,del,rscale     3    3   12.0000    1.2000
parameters
   -1.1575   -0.1932    4.0471   -6.7230    3.7213    1.8082
eta,q 0.96002 16.21483
  0.0660  0.0605  0.0564  0.0426  0.0527  0.0465
  0.0561  0.0520  0.0483  0.0415  0.0484  0.0432
  0.0454  0.0435  0.0420  0.0402  0.0428  0.0409
  0.0401  0.0401  0.0404  0.0402  0.0400  0.0400
  0.0443  0.0430  0.0449  0.0414  0.0430  0.0408
  0.0557  0.0466  0.0528  0.0433  0.0478  0.0435
  0.0675  0.0547  0.0610  0.0476  0.0533  0.0476
niter,ni,del,rscale     2    3   12.0000    1.2000
parameters
   -1.1095    0.2491    3.6266   -7.8689    3.6627    1.5114
eta,q 0.96014 16.20933
  0.0661  0.0612  0.0565  0.0429  0.0529  0.0463
  0.0564  0.0506  0.0489  0.0407  0.0485  0.0428
  0.0455  0.0427  0.0418  0.0401  0.0431  0.0404
  0.0400  0.0400  0.0402  0.0399  0.0398  0.0399
  0.0439  0.0423  0.0450  0.0414  0.0425  0.0411
  0.0547  0.0464  0.0526  0.0431  0.0478  0.0438
  0.0665  0.0558  0.0607  0.0460  0.0542  0.0475
niter,ni,del,rscale     1    3   12.0000    1.2000
parameters
   -1.0826    0.5813    3.2452   -8.3347    3.6572    1.4691
eta,q 0.96035 16.20981
  0.0661  0.0618  0.0561  0.0450  0.0531  0.0467
  0.0560  0.0501  0.0492  0.0407  0.0483  0.0431
  0.0448  0.0431  0.0421  0.0399  0.0430  0.0405
  0.0399  0.0399  0.0398  0.0398  0.0397  0.0397
  0.0444  0.0418  0.0440  0.0412  0.0420  0.0407
  0.0547  0.0476  0.0521  0.0433  0.0473  0.0433
  0.0664  0.0572  0.0606  0.0455  0.0542  0.0469
registration optimization eta report
parameter search radius
    6.0000    6.0000    6.0000    6.0000    6.9000    6.0000
100000*second partial in parameter space
       70.       54.       49.       15.       28.       20.
  0.0661  0.0618  0.0561  0.0450  0.0531  0.0467
  0.0560  0.0501  0.0492  0.0407  0.0483  0.0431
  0.0448  0.0431  0.0421  0.0399  0.0430  0.0405
  0.0399  0.0399  0.0398  0.0398  0.0397  0.0397
  0.0444  0.0418  0.0440  0.0412  0.0420  0.0407
  0.0547  0.0476  0.0521  0.0433  0.0473  0.0433
  0.0664  0.0572  0.0606  0.0455  0.0542  0.0469
   -1.0826    0.5813    3.2452   -8.3347    3.6572    1.4691
eta,q 0.96035 16.20981

---------------------------------------------------------------------
imgreg_4dfp /opt/freesurfer/average/711-2C_as_mni_average_305 /opt/freesurfer/average/711-2B_as_mni_average_305_mask talsrcimg_g11 none talsrcimg_to_711-2C_as_mni_average_305_t4 3335
---------------------------------------------------------------------

freesurfer imgreg_4dfp.c
/opt/freesurfer/average/711-2C_as_mni_average_305.4dfp.img
       256       256       256         1
  1.000000  1.000000  1.000000
orientation T byte_order littleendian
Reading image: /opt/freesurfer/average/711-2C_as_mni_average_305.4dfp.img
dimensions:      256       256       256
mmppix:       1.0000   -1.0000   -1.0000
center:     128.0000 -129.0000 -129.0000
/opt/freesurfer/average/711-2B_as_mni_average_305_mask.4dfp.img
       256       256       256         1
  1.000000  1.000000  1.000000
orientation T byte_order littleendian
Reading mask: /opt/freesurfer/average/711-2B_as_mni_average_305_mask.4dfp.img (2306576 pixels)
talsrcimg_g11.4dfp.img
       256       256       256         1
  1.000000  1.000000  1.000000
orientation T byte_order littleendian
Reading image: talsrcimg_g11.4dfp.img
dimensions:      256       256       256
mmppix:       1.0000   -1.0000   -1.0000
center:     128.0000 -129.0000 -129.0000
fimgreg.f
image alignment mode   3335 decimal      D07 hex
parameters
   -1.0826    0.5813    3.2452   -0.2364   -1.0650   -1.2577
   -1.6125   -6.6808    2.5586   14.3290    6.3786  -14.4661
eta,q 0.96216 16.26366
niter,ni,del,rscale     5    3    5.0000    1.2000
parameter  4  1.385886 ->  0.500000 qaram    1.1500
parameter  5  0.834217 ->  0.500000 qaram    1.1500
parameter 12 -0.768845 -> -0.500000 qaram    1.1500
parameters
   -1.0912    1.4160    3.6061   -4.3764   -5.2050   -3.7804
   -2.3852   -5.8398    1.0128   12.2708    4.8855  -10.3261
eta,q 0.97542 15.98286
  0.0423  0.0448  0.0414  0.0281  0.0258  0.0292  0.0292  0.0346  0.0277  0.0275  0.0270  0.0301
  0.0398  0.0420  0.0396  0.0292  0.0264  0.0274  0.0274  0.0306  0.0265  0.0262  0.0261  0.0283
  0.0383  0.0395  0.0381  0.0322  0.0275  0.0263  0.0264  0.0276  0.0260  0.0257  0.0257  0.0268
  0.0378  0.0379  0.0373  0.0371  0.0299  0.0267  0.0263  0.0263  0.0262  0.0260  0.0257  0.0256
  0.0384  0.0373  0.0372  0.0434  0.0347  0.0299  0.0270  0.0265  0.0268  0.0270  0.0262  0.0248
  0.0399  0.0378  0.0380  0.0503  0.0412  0.0347  0.0285  0.0283  0.0280  0.0290  0.0273  0.0245
  0.0423  0.0393  0.0397  0.0571  0.0477  0.0412  0.0307  0.0316  0.0298  0.0324  0.0290  0.0247
niter,ni,del,rscale     7    3    5.0000    1.2000
parameters
   -1.2994    2.2326    3.4397   -7.5442   -7.2723   -4.2141
   -2.2541   -4.8063    1.1599   12.6928    6.5001   -9.7589
eta,q 0.97670 15.66234
  0.0283  0.0302  0.0262  0.0251  0.0268  0.0271  0.0264  0.0296  0.0258  0.0274  0.0254  0.0264
  0.0260  0.0279  0.0248  0.0241  0.0251  0.0260  0.0249  0.0266  0.0246  0.0257  0.0245  0.0249
  0.0248  0.0259  0.0240  0.0235  0.0238  0.0246  0.0240  0.0248  0.0239  0.0243  0.0239  0.0238
  0.0246  0.0245  0.0239  0.0238  0.0235  0.0236  0.0237  0.0237  0.0235  0.0235  0.0235  0.0233
  0.0254  0.0239  0.0243  0.0261  0.0253  0.0235  0.0240  0.0235  0.0237  0.0236  0.0233  0.0234
  0.0271  0.0243  0.0253  0.0308  0.0290  0.0257  0.0248  0.0245  0.0245  0.0248  0.0235  0.0242
  0.0298  0.0259  0.0270  0.0376  0.0341  0.0295  0.0262  0.0272  0.0257  0.0269  0.0243  0.0257
niter,ni,del,rscale     6    3    5.0000    1.2000
parameters
   -1.3245    2.3388    4.0576   -8.7019   -8.0401   -4.1782
   -2.5740   -4.8721    0.9584   12.8469    7.1594   -8.9143
eta,q 0.97670 15.52809
  0.0268  0.0268  0.0266  0.0259  0.0275  0.0276  0.0257  0.0280  0.0253  0.0272  0.0250  0.0265
  0.0248  0.0250  0.0250  0.0247  0.0257  0.0263  0.0244  0.0258  0.0243  0.0254  0.0242  0.0250
  0.0237  0.0238  0.0239  0.0236  0.0242  0.0247  0.0236  0.0242  0.0237  0.0242  0.0237  0.0239
  0.0233  0.0233  0.0233  0.0231  0.0232  0.0234  0.0234  0.0234  0.0234  0.0234  0.0234  0.0234
  0.0237  0.0235  0.0231  0.0235  0.0237  0.0232  0.0237  0.0237  0.0237  0.0235  0.0234  0.0234
  0.0249  0.0246  0.0234  0.0254  0.0265  0.0251  0.0246  0.0254  0.0244  0.0248  0.0238  0.0242
  0.0269  0.0263  0.0244  0.0295  0.0304  0.0287  0.0262  0.0286  0.0256  0.0273  0.0246  0.0256
niter,ni,del,rscale     5    3    5.0000    1.2000
parameters
   -1.3811    2.2361    4.2320   -8.8846   -8.3300   -4.2479
   -2.6431   -4.9228    0.8695   12.7552    7.2386   -8.4850
eta,q 0.97660 15.48754
  0.0265  0.0262  0.0259  0.0265  0.0279  0.0277  0.0259  0.0281  0.0254  0.0270  0.0249  0.0263
  0.0248  0.0246  0.0246  0.0251  0.0260  0.0263  0.0245  0.0258  0.0243  0.0253  0.0241  0.0248
  0.0237  0.0236  0.0237  0.0240  0.0244  0.0247  0.0237  0.0242  0.0237  0.0241  0.0236  0.0239
  0.0233  0.0233  0.0233  0.0233  0.0233  0.0234  0.0234  0.0234  0.0234  0.0234  0.0234  0.0234
  0.0237  0.0238  0.0234  0.0233  0.0234  0.0233  0.0237  0.0238  0.0236  0.0236  0.0235  0.0236
  0.0249  0.0249  0.0240  0.0246  0.0258  0.0254  0.0245  0.0255  0.0243  0.0251  0.0240  0.0244
  0.0269  0.0267  0.0253  0.0277  0.0295  0.0292  0.0260  0.0287  0.0255  0.0277  0.0249  0.0259
niter,ni,del,rscale     4    3    5.0000    1.2000
parameters
   -1.3937    2.1774    4.3002   -8.8508   -8.3997   -4.2774
   -2.6480   -4.9278    0.8579   12.6843    7.2259   -8.3114
eta,q 0.97658 15.48098
  0.0267  0.0263  0.0258  0.0267  0.0281  0.0278  0.0260  0.0282  0.0254  0.0271  0.0249  0.0262
  0.0249  0.0247  0.0245  0.0253  0.0262  0.0264  0.0245  0.0259  0.0244  0.0254  0.0241  0.0247
  0.0238  0.0237  0.0237  0.0241  0.0246  0.0248  0.0237  0.0242  0.0237  0.0241  0.0236  0.0238
  0.0234  0.0234  0.0234  0.0234  0.0234  0.0234  0.0234  0.0234  0.0234  0.0234  0.0234  0.0234
  0.0237  0.0238  0.0236  0.0233  0.0233  0.0233  0.0237  0.0238  0.0236  0.0236  0.0236  0.0236
  0.0249  0.0249  0.0243  0.0245  0.0255  0.0253  0.0245  0.0255  0.0243  0.0251  0.0241  0.0245
  0.0268  0.0266  0.0256  0.0274  0.0292  0.0291  0.0260  0.0287  0.0255  0.0277  0.0250  0.0260
niter,ni,del,rscale     3    3    5.0000    1.2000
parameters
   -1.3999    2.1540    4.3239   -8.8347   -8.4126   -4.2873
   -2.6508   -4.9240    0.8592   12.6488    7.2182   -8.2442
eta,q 0.97657 15.47945
  0.0267  0.0264  0.0257  0.0267  0.0281  0.0278  0.0260  0.0283  0.0254  0.0271  0.0249  0.0261
  0.0249  0.0247  0.0245  0.0253  0.0262  0.0264  0.0245  0.0259  0.0244  0.0254  0.0241  0.0247
  0.0238  0.0237  0.0237  0.0242  0.0246  0.0248  0.0237  0.0242  0.0237  0.0241  0.0236  0.0238
  0.0234  0.0234  0.0234  0.0234  0.0234  0.0234  0.0234  0.0234  0.0234  0.0234  0.0234  0.0234
  0.0237  0.0238  0.0236  0.0234  0.0233  0.0233  0.0237  0.0238  0.0236  0.0236  0.0236  0.0237
  0.0249  0.0248  0.0244  0.0245  0.0255  0.0253  0.0245  0.0255  0.0243  0.0250  0.0241  0.0246
  0.0268  0.0265  0.0257  0.0275  0.0291  0.0291  0.0260  0.0287  0.0255  0.0276  0.0250  0.0261
registration optimization eta report
parameter search radius
    2.4000    2.4000    2.4000    8.2800    8.2800    7.2000
    7.2000    7.2000    7.2000    7.2000    7.2000    8.2800
100000*second partial in parameter space
       58.       53.       39.        5.        8.       10.
        5.       10.        4.        8.        3.        4.
  0.0267  0.0264  0.0257  0.0267  0.0281  0.0278  0.0260  0.0283  0.0254  0.0271  0.0249  0.0261
  0.0249  0.0247  0.0245  0.0253  0.0262  0.0264  0.0245  0.0259  0.0244  0.0254  0.0241  0.0247
  0.0238  0.0237  0.0237  0.0242  0.0246  0.0248  0.0237  0.0242  0.0237  0.0241  0.0236  0.0238
  0.0234  0.0234  0.0234  0.0234  0.0234  0.0234  0.0234  0.0234  0.0234  0.0234  0.0234  0.0234
  0.0237  0.0238  0.0236  0.0234  0.0233  0.0233  0.0237  0.0238  0.0236  0.0236  0.0236  0.0237
  0.0249  0.0248  0.0244  0.0245  0.0255  0.0253  0.0245  0.0255  0.0243  0.0250  0.0241  0.0246
  0.0268  0.0265  0.0257  0.0275  0.0291  0.0291  0.0260  0.0287  0.0255  0.0276  0.0250  0.0261
   -1.3999    2.1540    4.3239   -8.8347   -8.4126   -4.2873
   -2.6508   -4.9240    0.8592   12.6488    7.2182   -8.2442
eta,q 0.97657 15.47945

---------------------------------------------------------------------
imgreg_4dfp /opt/freesurfer/average/711-2C_as_mni_average_305 /opt/freesurfer/average/711-2B_as_mni_average_305_mask talsrcimg_g11 none talsrcimg_to_711-2C_as_mni_average_305_t4 2311
---------------------------------------------------------------------

freesurfer imgreg_4dfp.c
/opt/freesurfer/average/711-2C_as_mni_average_305.4dfp.img
       256       256       256         1
  1.000000  1.000000  1.000000
orientation T byte_order littleendian
Reading image: /opt/freesurfer/average/711-2C_as_mni_average_305.4dfp.img
dimensions:      256       256       256
mmppix:       1.0000   -1.0000   -1.0000
center:     128.0000 -129.0000 -129.0000
/opt/freesurfer/average/711-2B_as_mni_average_305_mask.4dfp.img
       256       256       256         1
  1.000000  1.000000  1.000000
orientation T byte_order littleendian
Reading mask: /opt/freesurfer/average/711-2B_as_mni_average_305_mask.4dfp.img (2306576 pixels)
talsrcimg_g11.4dfp.img
       256       256       256         1
  1.000000  1.000000  1.000000
orientation T byte_order littleendian
Reading image: talsrcimg_g11.4dfp.img
dimensions:      256       256       256
mmppix:       1.0000   -1.0000   -1.0000
center:     128.0000 -129.0000 -129.0000
fimgreg.f
image alignment mode   2311 decimal      907 hex
parameters
   -1.3999    2.1540    4.3239   -8.8347   -8.4126   -4.2873
   -2.6508   -4.9240    0.8592   12.6488    7.2182   -8.2442
eta,q 0.97657 15.47945
niter,ni,del,rscale     5    3    5.0000    0.8000
parameters
   -1.3673    2.1345    4.3667   -7.7041   -7.5109   -3.7148
   -2.7545   -4.9782    0.6493   12.4677    6.8229   -8.4065
eta,q 0.97701 15.63724
  0.0250  0.0248  0.0245  0.0250  0.0257  0.0261  0.0243  0.0255  0.0240  0.0249  0.0237  0.0240
  0.0241  0.0240  0.0239  0.0243  0.0248  0.0251  0.0235  0.0242  0.0234  0.0240  0.0233  0.0235
  0.0236  0.0236  0.0236  0.0238  0.0239  0.0239  0.0231  0.0233  0.0231  0.0233  0.0230  0.0231
  0.0234  0.0234  0.0234  0.0234  0.0233  0.0231  0.0230  0.0230  0.0230  0.0230  0.0230  0.0230
  0.0236  0.0236  0.0235  0.0233  0.0230  0.0229  0.0231  0.0232  0.0231  0.0232  0.0231  0.0231
  0.0240  0.0241  0.0238  0.0235  0.0234  0.0235  0.0236  0.0241  0.0236  0.0240  0.0234  0.0235
  0.0249  0.0248  0.0244  0.0241  0.0247  0.0255  0.0244  0.0258  0.0243  0.0254  0.0240  0.0242
niter,ni,del,rscale     4    3    5.0000    0.7000
parameters
   -1.4398    2.2022    4.3679   -7.7262   -7.4213   -3.4642
   -2.7208   -4.8911    0.7313   12.5192    6.6434   -8.5960
eta,q 0.97707 15.65254
  0.0241  0.0243  0.0238  0.0240  0.0248  0.0254  0.0240  0.0250  0.0239  0.0246  0.0235  0.0237
  0.0235  0.0236  0.0234  0.0235  0.0240  0.0244  0.0234  0.0239  0.0234  0.0238  0.0232  0.0233
  0.0231  0.0232  0.0231  0.0232  0.0234  0.0234  0.0230  0.0232  0.0231  0.0232  0.0230  0.0230
  0.0230  0.0230  0.0230  0.0230  0.0230  0.0230  0.0229  0.0229  0.0229  0.0229  0.0229  0.0229
  0.0232  0.0231  0.0231  0.0230  0.0230  0.0229  0.0230  0.0231  0.0230  0.0230  0.0230  0.0230
  0.0236  0.0235  0.0233  0.0234  0.0236  0.0235  0.0234  0.0237  0.0233  0.0236  0.0232  0.0234
  0.0244  0.0241  0.0238  0.0242  0.0249  0.0252  0.0239  0.0249  0.0238  0.0247  0.0236  0.0239
niter,ni,del,rscale     3    3    5.0000    0.6000
parameters
   -1.4227    2.2260    4.3701   -7.6572   -7.3039   -3.3097
   -2.7337   -4.8617    0.7539   12.5602    6.5259   -8.6978
eta,q 0.97711 15.67050
  0.0239  0.0239  0.0235  0.0237  0.0243  0.0248  0.0237  0.0244  0.0236  0.0242  0.0233  0.0235
  0.0234  0.0234  0.0232  0.0234  0.0237  0.0238  0.0232  0.0236  0.0232  0.0235  0.0231  0.0232
  0.0230  0.0230  0.0230  0.0231  0.0232  0.0232  0.0230  0.0231  0.0230  0.0231  0.0229  0.0230
  0.0229  0.0229  0.0229  0.0229  0.0229  0.0229  0.0229  0.0229  0.0229  0.0229  0.0229  0.0229
  0.0230  0.0230  0.0230  0.0230  0.0229  0.0229  0.0230  0.0230  0.0230  0.0230  0.0229  0.0230
  0.0233  0.0233  0.0232  0.0232  0.0234  0.0234  0.0232  0.0235  0.0232  0.0234  0.0231  0.0232
  0.0239  0.0238  0.0235  0.0238  0.0244  0.0247  0.0237  0.0244  0.0236  0.0242  0.0234  0.0236
niter,ni,del,rscale     2    3    5.0000    0.5000
parameters
   -1.4172    2.2407    4.3519   -7.5785   -7.1790   -3.1991
   -2.7436   -4.8475    0.7499   12.5756    6.4362   -8.7877
eta,q 0.97714 15.68770
  0.0236  0.0236  0.0233  0.0235  0.0239  0.0241  0.0234  0.0239  0.0234  0.0238  0.0232  0.0233
  0.0232  0.0232  0.0231  0.0232  0.0235  0.0235  0.0231  0.0234  0.0231  0.0233  0.0230  0.0231
  0.0230  0.0230  0.0229  0.0230  0.0231  0.0230  0.0229  0.0230  0.0229  0.0230  0.0229  0.0229
  0.0229  0.0229  0.0229  0.0229  0.0229  0.0229  0.0229  0.0229  0.0229  0.0229  0.0229  0.0229
  0.0230  0.0230  0.0229  0.0229  0.0229  0.0229  0.0229  0.0229  0.0229  0.0229  0.0229  0.0229
  0.0232  0.0232  0.0231  0.0231  0.0232  0.0232  0.0231  0.0233  0.0231  0.0233  0.0230  0.0231
  0.0236  0.0236  0.0233  0.0235  0.0239  0.0241  0.0234  0.0239  0.0234  0.0238  0.0232  0.0234
niter,ni,del,rscale     1    3    5.0000    0.4000
parameters
   -1.4141    2.2588    4.3310   -7.4956   -7.0565   -3.1191
   -2.7440   -4.8227    0.7512   12.5767    6.3511   -8.8726
eta,q 0.97715 15.70369
  0.0233  0.0233  0.0231  0.0233  0.0236  0.0236  0.0232  0.0235  0.0232  0.0235  0.0230  0.0231
  0.0231  0.0231  0.0230  0.0231  0.0233  0.0232  0.0230  0.0232  0.0230  0.0231  0.0229  0.0230
  0.0229  0.0229  0.0229  0.0229  0.0230  0.0229  0.0229  0.0229  0.0229  0.0229  0.0229  0.0229
  0.0229  0.0229  0.0229  0.0229  0.0229  0.0228  0.0228  0.0228  0.0228  0.0228  0.0228  0.0228
  0.0229  0.0229  0.0229  0.0229  0.0229  0.0229  0.0229  0.0229  0.0229  0.0229  0.0229  0.0229
  0.0231  0.0230  0.0230  0.0230  0.0231  0.0230  0.0230  0.0231  0.0230  0.0231  0.0229  0.0230
  0.0233  0.0233  0.0231  0.0233  0.0235  0.0236  0.0232  0.0235  0.0232  0.0235  0.0231  0.0232
registration optimization eta report
parameter search radius
    0.8000    0.8000    0.8000    2.4000    2.4000    2.4000
    2.4000    2.4000    2.4000    2.4000    2.4000    2.4000
100000*second partial in parameter space
       68.       70.       42.        7.       12.       13.
        6.       12.        6.       11.        4.        5.
  0.0233  0.0233  0.0231  0.0233  0.0236  0.0236  0.0232  0.0235  0.0232  0.0235  0.0230  0.0231
  0.0231  0.0231  0.0230  0.0231  0.0233  0.0232  0.0230  0.0232  0.0230  0.0231  0.0229  0.0230
  0.0229  0.0229  0.0229  0.0229  0.0230  0.0229  0.0229  0.0229  0.0229  0.0229  0.0229  0.0229
  0.0229  0.0229  0.0229  0.0229  0.0229  0.0228  0.0228  0.0228  0.0228  0.0228  0.0228  0.0228
  0.0229  0.0229  0.0229  0.0229  0.0229  0.0229  0.0229  0.0229  0.0229  0.0229  0.0229  0.0229
  0.0231  0.0230  0.0230  0.0230  0.0231  0.0230  0.0230  0.0231  0.0230  0.0231  0.0229  0.0230
  0.0233  0.0233  0.0231  0.0233  0.0235  0.0236  0.0232  0.0235  0.0232  0.0235  0.0231  0.0232
   -1.4141    2.2588    4.3310   -7.4956   -7.0565   -3.1191
   -2.7440   -4.8227    0.7512   12.5767    6.3511   -8.8726
eta,q 0.97715 15.70369

---------------------------------------------------------------------
imgreg_4dfp /opt/freesurfer/average/711-2C_as_mni_average_305 /opt/freesurfer/average/711-2B_as_mni_average_305_mask talsrcimg_g11 none talsrcimg_to_711-2C_as_mni_average_305_t4 2311
---------------------------------------------------------------------

freesurfer imgreg_4dfp.c
/opt/freesurfer/average/711-2C_as_mni_average_305.4dfp.img
       256       256       256         1
  1.000000  1.000000  1.000000
orientation T byte_order littleendian
Reading image: /opt/freesurfer/average/711-2C_as_mni_average_305.4dfp.img
dimensions:      256       256       256
mmppix:       1.0000   -1.0000   -1.0000
center:     128.0000 -129.0000 -129.0000
/opt/freesurfer/average/711-2B_as_mni_average_305_mask.4dfp.img
       256       256       256         1
  1.000000  1.000000  1.000000
orientation T byte_order littleendian
Reading mask: /opt/freesurfer/average/711-2B_as_mni_average_305_mask.4dfp.img (2306576 pixels)
talsrcimg_g11.4dfp.img
       256       256       256         1
  1.000000  1.000000  1.000000
orientation T byte_order littleendian
Reading image: talsrcimg_g11.4dfp.img
dimensions:      256       256       256
mmppix:       1.0000   -1.0000   -1.0000
center:     128.0000 -129.0000 -129.0000
fimgreg.f
image alignment mode   2311 decimal      907 hex
parameters
   -1.4141    2.2588    4.3310   -7.4956   -7.0565   -3.1191
   -2.7440   -4.8227    0.7512   12.5767    6.3511   -8.8726
eta,q 0.97715 15.70370
niter,ni,del,rscale     5    3    5.0000    0.8000
parameters
   -1.4093    2.2368    4.2862   -7.9830   -7.5543   -3.4913
   -2.6583   -4.8373    0.8646   12.6833    6.6167   -8.7471
eta,q 0.97703 15.62938
  0.0246  0.0245  0.0239  0.0240  0.0248  0.0254  0.0243  0.0254  0.0242  0.0251  0.0238  0.0241
  0.0236  0.0236  0.0233  0.0235  0.0239  0.0243  0.0236  0.0242  0.0235  0.0241  0.0234  0.0235
  0.0230  0.0231  0.0230  0.0230  0.0232  0.0233  0.0231  0.0233  0.0231  0.0234  0.0231  0.0232
  0.0228  0.0228  0.0228  0.0228  0.0229  0.0229  0.0230  0.0230  0.0230  0.0230  0.0230  0.0230
  0.0230  0.0230  0.0230  0.0230  0.0231  0.0231  0.0231  0.0232  0.0231  0.0231  0.0230  0.0230
  0.0236  0.0237  0.0234  0.0237  0.0243  0.0245  0.0235  0.0240  0.0234  0.0238  0.0232  0.0234
  0.0246  0.0247  0.0241  0.0250  0.0262  0.0270  0.0242  0.0256  0.0241  0.0251  0.0237  0.0240
niter,ni,del,rscale     4    3    5.0000    0.7000
parameters
   -1.4030    2.2411    4.3599   -7.7968   -7.4787   -3.4402
   -2.7287   -4.8692    0.8012   12.6427    6.6208   -8.6694
eta,q 0.97707 15.64749
  0.0242  0.0242  0.0238  0.0241  0.0247  0.0252  0.0239  0.0249  0.0238  0.0245  0.0235  0.0238
  0.0235  0.0235  0.0234  0.0236  0.0240  0.0242  0.0233  0.0239  0.0233  0.0238  0.0232  0.0234
  0.0231  0.0231  0.0231  0.0232  0.0234  0.0233  0.0230  0.0232  0.0230  0.0232  0.0230  0.0231
  0.0230  0.0230  0.0230  0.0230  0.0229  0.0229  0.0229  0.0229  0.0229  0.0229  0.0229  0.0229
  0.0231  0.0231  0.0230  0.0230  0.0229  0.0229  0.0230  0.0231  0.0230  0.0231  0.0230  0.0230
  0.0235  0.0235  0.0232  0.0233  0.0236  0.0237  0.0234  0.0238  0.0234  0.0237  0.0232  0.0233
  0.0242  0.0242  0.0237  0.0240  0.0249  0.0255  0.0240  0.0250  0.0239  0.0247  0.0236  0.0238
niter,ni,del,rscale     3    3    5.0000    0.6000
parameters
   -1.4204    2.2348    4.3674   -7.6767   -7.3433   -3.3171
   -2.7463   -4.8611    0.7694   12.6094    6.5366   -8.7135
eta,q 0.97711 15.66739
  0.0238  0.0239  0.0235  0.0238  0.0243  0.0247  0.0237  0.0244  0.0236  0.0241  0.0233  0.0235
  0.0233  0.0234  0.0232  0.0234  0.0237  0.0238  0.0232  0.0236  0.0232  0.0235  0.0231  0.0232
  0.0230  0.0230  0.0230  0.0231  0.0232  0.0232  0.0230  0.0231  0.0230  0.0231  0.0229  0.0230
  0.0229  0.0229  0.0229  0.0229  0.0229  0.0229  0.0229  0.0229  0.0229  0.0229  0.0229  0.0229
  0.0230  0.0230  0.0230  0.0230  0.0229  0.0229  0.0230  0.0230  0.0230  0.0230  0.0229  0.0230
  0.0234  0.0234  0.0232  0.0232  0.0234  0.0234  0.0232  0.0235  0.0232  0.0235  0.0231  0.0232
  0.0239  0.0239  0.0235  0.0238  0.0244  0.0247  0.0237  0.0244  0.0236  0.0243  0.0234  0.0236
niter,ni,del,rscale     2    3    5.0000    0.5000
parameters
   -1.4183    2.2433    4.3551   -7.5865   -7.1931   -3.2031
   -2.7523   -4.8499    0.7593   12.5873    6.4485   -8.7863
eta,q 0.97714 15.68634
  0.0236  0.0236  0.0233  0.0235  0.0240  0.0242  0.0234  0.0239  0.0234  0.0238  0.0232  0.0233
  0.0232  0.0232  0.0231  0.0232  0.0235  0.0235  0.0231  0.0234  0.0231  0.0233  0.0230  0.0231
  0.0230  0.0230  0.0229  0.0230  0.0231  0.0230  0.0229  0.0230  0.0229  0.0230  0.0229  0.0229
  0.0229  0.0229  0.0229  0.0229  0.0229  0.0229  0.0229  0.0229  0.0229  0.0229  0.0229  0.0229
  0.0230  0.0230  0.0229  0.0229  0.0229  0.0229  0.0229  0.0230  0.0229  0.0229  0.0229  0.0229
  0.0232  0.0232  0.0231  0.0231  0.0232  0.0232  0.0231  0.0233  0.0231  0.0233  0.0230  0.0231
  0.0236  0.0236  0.0233  0.0235  0.0239  0.0241  0.0234  0.0239  0.0234  0.0239  0.0232  0.0234
niter,ni,del,rscale     1    3    5.0000    0.4000
parameters
   -1.4160    2.2569    4.3341   -7.5023   -7.0637   -3.1207
   -2.7490   -4.8264    0.7492   12.5812    6.3479   -8.8634
eta,q 0.97715 15.70271
  0.0233  0.0233  0.0231  0.0233  0.0236  0.0236  0.0232  0.0235  0.0232  0.0235  0.0230  0.0231
  0.0231  0.0231  0.0230  0.0231  0.0233  0.0232  0.0230  0.0232  0.0230  0.0231  0.0229  0.0230
  0.0229  0.0229  0.0229  0.0229  0.0230  0.0229  0.0229  0.0229  0.0229  0.0229  0.0229  0.0229
  0.0229  0.0229  0.0229  0.0229  0.0229  0.0228  0.0228  0.0228  0.0228  0.0228  0.0228  0.0228
  0.0229  0.0229  0.0229  0.0229  0.0229  0.0229  0.0229  0.0229  0.0229  0.0229  0.0229  0.0229
  0.0231  0.0230  0.0230  0.0230  0.0231  0.0230  0.0230  0.0231  0.0230  0.0231  0.0229  0.0230
  0.0233  0.0233  0.0232  0.0233  0.0235  0.0236  0.0232  0.0235  0.0232  0.0235  0.0231  0.0232
registration optimization eta report
parameter search radius
    0.8000    0.8000    0.8000    2.4000    2.4000    2.4000
    2.4000    2.4000    2.4000    2.4000    2.4000    2.4000
100000*second partial in parameter space
       68.       69.       42.        7.       12.       13.
        6.       12.        6.       11.        4.        5.
  0.0233  0.0233  0.0231  0.0233  0.0236  0.0236  0.0232  0.0235  0.0232  0.0235  0.0230  0.0231
  0.0231  0.0231  0.0230  0.0231  0.0233  0.0232  0.0230  0.0232  0.0230  0.0231  0.0229  0.0230
  0.0229  0.0229  0.0229  0.0229  0.0230  0.0229  0.0229  0.0229  0.0229  0.0229  0.0229  0.0229
  0.0229  0.0229  0.0229  0.0229  0.0229  0.0228  0.0228  0.0228  0.0228  0.0228  0.0228  0.0228
  0.0229  0.0229  0.0229  0.0229  0.0229  0.0229  0.0229  0.0229  0.0229  0.0229  0.0229  0.0229
  0.0231  0.0230  0.0230  0.0230  0.0231  0.0230  0.0230  0.0231  0.0230  0.0231  0.0229  0.0230
  0.0233  0.0233  0.0232  0.0233  0.0235  0.0236  0.0232  0.0235  0.0232  0.0235  0.0231  0.0232
   -1.4160    2.2569    4.3341   -7.5023   -7.0637   -3.1207
   -2.7490   -4.8264    0.7492   12.5812    6.3479   -8.8634
eta,q 0.97715 15.70271

---------------------------------------------------------------------
compute_vox2vox talsrcimg talsrcimg_to_711-2C_as_mni_average_305_t4 /opt/freesurfer/average/711-2C_as_mni_average_305
---------------------------------------------------------------------

freesurfer compute_vox2vox.c
Reading: talsrcimg.4dfp.ifh
Reading: talsrcimg_to_711-2C_as_mni_average_305_t4
Reading: /opt/freesurfer/average/711-2C_as_mni_average_305.4dfp.ifh
Writing: talsrcimg_to_711-2C_as_mni_average_305_t4_vox2vox.txt

start time Mon Mar 9 10:16:57 CET 2026
end		time Mon Mar 9 10:18:22 CET 2026

mpr2mni305 success

avi2talxfm orig_nu.mgz /opt/freesurfer/average/mni305.cor.mgz talsrcimg_to_711-2C_as_mni_average_305_t4_vox2vox.txt transforms/talairach.auto.xfm
avi2talxfm done
mv -f /out/sourcedata/freesurfer/sub-v1s21x0050406_ses-1/mri/talsrcimg_to_711-2C_as_mni_average_305_t4_vox2vox.txt /out/sourcedata/freesurfer/sub-v1s21x0050406_ses-1/mri/transforms/talsrcimg_to_711-2C_as_mni_average_305_t4_vox2vox.txt
lta_convert --src orig_nu.mgz --trg /opt/freesurfer/average/mni305.cor.mgz --inxfm transforms/talairach.auto.xfm --outlta transforms/talairach.auto.xfm.lta --subject fsaverage
7.3.2

--src: orig_nu.mgz src image (geometry).
--trg: /opt/freesurfer/average/mni305.cor.mgz trg image (geometry).
--inmni: transforms/talairach.auto.xfm input MNI/XFM transform.
--outlta: transforms/talairach.auto.xfm.lta output LTA.
--s: fsaverage subject name
 LTA read, type : 1
 1.07745   0.04893   0.03654   0.48308;
-0.07052   1.01638   0.09485  -5.20894;
 0.00086  -0.13799   1.06287  -2.40053;
 0.00000   0.00000   0.00000   1.00000;
setting subject to fsaverage
Writing  LTA to file transforms/talairach.auto.xfm.lta...
lta_convert successful.
 
 
Started at Mon Mar 9 10:16:57 CET 2026
Ended   at Mon Mar  9 10:18:22 CET 2026
talairach_avi done
