/out/sourcedata/freesurfer/sub-v1s21x0050391_ses-1/mri
/opt/freesurfer/bin/talairach_avi
--i orig_nu.mgz --xfm transforms/talairach.auto.xfm
talairach_avi 7.3.2
Linux dna074 5.14.0-427.37.1.el9_4.x86_64 #1 SMP PREEMPT_DYNAMIC Fri Sep 13 12:41:50 EDT 2024 x86_64 x86_64 x86_64 GNU/Linux
Mon Mar  9 09:46:38 CET 2026
mri_convert orig_nu.mgz talsrcimg.img 
reading from orig_nu.mgz...
TR=0.00, TE=0.00, TI=0.00, flip angle=0.00
i_ras = (-1, 0, 0)
j_ras = (0, 0, -1)
k_ras = (0, 1, 0)
writing to talsrcimg.img...
Analyze Output Matrix
-1.00000   0.00000   0.00000   129.50781;
 0.00000   0.00000   1.00000  -128.49219;
 0.00000  -1.00000   0.00000   129.60004;
 0.00000   0.00000   0.00000   1.00000;
--------------------
INFO: set hdr.hist.orient to -1
mpr2mni305 talsrcimg
Mon Mar  9 09:46:38 CET 2026
/opt/freesurfer/bin/mpr2mni305 talsrcimg
mpr2mni305 7.3.2
target=711-2C_as_mni_average_305

---------------------------------------------------------------------
analyzeto4dfp talsrcimg -O0 -y
---------------------------------------------------------------------

freesurfer ifh2hdr.c
Mon Mar  9 09:46:38 2026
Writing: talsrcimg.4dfp.hdr
freesurfer analyzeto4dfp.c
Reading: talsrcimg.hdr
header size 348 bytes
hdr.dime.datatype	offset=70	value=2
hdr.dime.bitpix		offset=72	value=8
hdr.hist.orient		offset=252	value=-1
dimensionality     4
dimensions       256       256       256         1
Reading: talsrcimg.img
Writing: talsrcimg.4dfp.img
Writing: talsrcimg.4dfp.ifh
ifh2hdr talsrcimg -r0to250
ori=2

---------------------------------------------------------------------
gauss_4dfp talsrcimg 1.1
---------------------------------------------------------------------

freesurfer gauss_4dfp.c
Reading: talsrcimg.4dfp.img
Writing: talsrcimg_g11.4dfp.img
image dimensions 256 256 256 padded to 288 288 288
processing volume 1freesurfer ifh2hdr.c
Mon Mar  9 09:46:40 2026
Writing: talsrcimg_g11.4dfp.hdr

Writing: talsrcimg_g11.4dfp.ifh
including: talsrcimg.4dfp.img.rec in talsrcimg_g11.4dfp.img.rec

---------------------------------------------------------------------
imgreg_4dfp /opt/freesurfer/average/711-2C_as_mni_average_305 none talsrcimg_g11 none talsrcimg_to_711-2C_as_mni_average_305_t4 4355
---------------------------------------------------------------------

freesurfer imgreg_4dfp.c
/opt/freesurfer/average/711-2C_as_mni_average_305.4dfp.img
       256       256       256         1
  1.000000  1.000000  1.000000
orientation T byte_order littleendian
Reading image: /opt/freesurfer/average/711-2C_as_mni_average_305.4dfp.img
dimensions:      256       256       256
mmppix:       1.0000   -1.0000   -1.0000
center:     128.0000 -129.0000 -129.0000
talsrcimg_g11.4dfp.img
       256       256       256         1
  1.000000  1.000000  1.000000
orientation T byte_order littleendian
Reading image: talsrcimg_g11.4dfp.img
dimensions:      256       256       256
mmppix:       1.0000   -1.0000   -1.0000
center:     128.0000 -129.0000 -129.0000
t4_read: open error in t4_sub.f l:  41 t4_file(1:l)talsrcimg_to_711-2C_as_mni_average_305_t4 
t4_read: transform initialized to I4
rotation matrix determinant  1.000000
image alignment mode   4355 decimal     1103 hex
   -7.5000  -45.0000  -45.0000 8058.2725   14.6719
    0.0000  -45.0000  -45.0000 8432.1025   14.6757
    7.5000  -45.0000  -45.0000 8062.7485   14.6924
   -7.5000  -37.5000  -45.0000 8582.3857   14.6815
    0.0000  -37.5000  -45.0000 8976.0830   14.6910
    7.5000  -37.5000  -45.0000 8580.4326   14.7141
   -7.5000  -30.0000  -45.0000 9347.0898   14.6967
    0.0000  -30.0000  -45.0000 9786.9766   14.7090
    7.5000  -30.0000  -45.0000 9348.3418   14.7403
   -7.5000  -22.5000  -45.000010021.5713   14.7030
    0.0000  -22.5000  -45.000010493.0039   14.7119
    7.5000  -22.5000  -45.000010022.9072   14.7448
   -7.5000  -15.0000  -45.000010647.7891   14.6944
    0.0000  -15.0000  -45.000011168.5117   14.6982
    7.5000  -15.0000  -45.000010645.9648   14.7254
   -7.5000   -7.5000  -45.000011267.8535   14.6785
    0.0000   -7.5000  -45.000011833.5215   14.6800
    7.5000   -7.5000  -45.000011280.4805   14.6991
   -7.5000    0.0000  -45.000011828.0322   14.6719
    0.0000    0.0000  -45.000012410.6533   14.6757
    7.5000    0.0000  -45.000011844.2002   14.6924
   -7.5000    7.5000  -45.000011541.7715   14.6815
    0.0000    7.5000  -45.000012101.9023   14.6910
    7.5000    7.5000  -45.000011547.5586   14.7141
   -7.5000   15.0000  -45.000011062.5117   14.6967
    0.0000   15.0000  -45.000011585.1836   14.7090
    7.5000   15.0000  -45.000011034.3457   14.7403
   -7.5000   22.5000  -45.000010282.1953   14.7010
    0.0000   22.5000  -45.000010766.6299   14.7099
    7.5000   22.5000  -45.000010239.7930   14.7428
   -7.5000   30.0000  -45.0000 9397.8623   14.4986
    0.0000   30.0000  -45.0000 9833.6729   14.5023
    7.5000   30.0000  -45.0000 9339.7227   14.5292
   -7.5000   37.5000  -45.0000 8882.6670   14.4829
    0.0000   37.5000  -45.0000 9305.5820   14.4843
    7.5000   37.5000  -45.0000 8847.5273   14.5032
   -7.5000   45.0000  -45.0000 8051.0752   14.1088
    0.0000   45.0000  -45.0000 8441.8057   14.1124
    7.5000   45.0000  -45.0000 8021.7188   14.1285
   -7.5000  -45.0000  -37.5000 8666.9551   14.5920
    0.0000  -45.0000  -37.5000 9068.2656   14.5916
    7.5000  -45.0000  -37.5000 8670.7666   14.6112
   -7.5000  -37.5000  -37.5000 9216.8516   14.5932
    0.0000  -37.5000  -37.5000 9639.3477   14.5976
    7.5000  -37.5000  -37.5000 9218.3896   14.6244
   -7.5000  -30.0000  -37.500010014.7744   14.6093
    0.0000  -30.0000  -37.500010473.3799   14.6174
    7.5000  -30.0000  -37.500010008.3936   14.6516
   -7.5000  -22.5000  -37.500010741.9932   14.6257
    0.0000  -22.5000  -37.500011237.3652   14.6326
    7.5000  -22.5000  -37.500010738.8584   14.6665
   -7.5000  -15.0000  -37.500011405.3418   14.6263
    0.0000  -15.0000  -37.500011940.0303   14.6292
    7.5000  -15.0000  -37.500011407.7734   14.6565
   -7.5000   -7.5000  -37.500012027.7100   14.6086
    0.0000   -7.5000  -37.500012605.1426   14.6080
    7.5000   -7.5000  -37.500012047.5762   14.6283
   -7.5000    0.0000  -37.500012588.3809   14.5920
    0.0000    0.0000  -37.500013179.2393   14.5916
    7.5000    0.0000  -37.500012601.4756   14.6112
   -7.5000    7.5000  -37.500012263.1367   14.5932
    0.0000    7.5000  -37.500012838.1533   14.5976
    7.5000    7.5000  -37.500012264.9336   14.6244
   -7.5000   15.0000  -37.500011738.8691   14.6093
    0.0000   15.0000  -37.500012273.2227   14.6174
    7.5000   15.0000  -37.500011710.8838   14.6516
   -7.5000   22.5000  -37.500010887.5400   14.6237
    0.0000   22.5000  -37.500011374.1846   14.6306
    7.5000   22.5000  -37.500010848.6074   14.6644
   -7.5000   30.0000  -37.5000 9941.9531   14.4314
    0.0000   30.0000  -37.500010379.2100   14.4343
    7.5000   30.0000  -37.5000 9880.8301   14.4611
   -7.5000   37.5000  -37.5000 9377.0527   14.4139
    0.0000   37.5000  -37.5000 9806.1641   14.4133
    7.5000   37.5000  -37.5000 9341.4854   14.4334
   -7.5000   45.0000  -37.5000 8457.3398   14.0320
    0.0000   45.0000  -37.5000 8864.4258   14.0315
    7.5000   45.0000  -37.5000 8440.3398   14.0504
   -7.5000  -45.0000  -30.0000 9457.1650   15.2072
    0.0000  -45.0000  -30.0000 9893.1494   15.2014
    7.5000  -45.0000  -30.0000 9456.0674   15.2141
   -7.5000  -37.5000  -30.000010044.1328   15.2060
    0.0000  -37.5000  -30.000010512.3799   15.2026
    7.5000  -37.5000  -30.000010052.9053   15.2215
   -7.5000  -30.0000  -30.000010897.0674   15.2213
    0.0000  -30.0000  -30.000011397.6025   15.2211
    7.5000  -30.0000  -30.000010899.5781   15.2468
   -7.5000  -22.5000  -30.000011685.5869   15.2404
    0.0000  -22.5000  -30.000012227.7666   15.2410
    7.5000  -22.5000  -30.000011687.9082   15.2666
   -7.5000  -15.0000  -30.000012401.5117   15.2437
    0.0000  -15.0000  -30.000012958.5342   15.2430
    7.5000  -15.0000  -30.000012407.3555   15.2626
   -7.5000   -7.5000  -30.000013040.5146   15.2259
    0.0000   -7.5000  -30.000013624.7324   15.2220
    7.5000   -7.5000  -30.000013063.2881   15.2355
   -7.5000    0.0000  -30.000013600.0215   15.2072
    0.0000    0.0000  -30.000014226.7891   15.2014
    7.5000    0.0000  -30.000013631.4453   15.2141
   -7.5000    7.5000  -30.000013220.0840   15.2060
    0.0000    7.5000  -30.000013844.0674   15.2026
    7.5000    7.5000  -30.000013249.7891   15.2215
   -7.5000   15.0000  -30.000012628.6172   15.2213
    0.0000   15.0000  -30.000013198.8369   15.2211
    7.5000   15.0000  -30.000012620.4014   15.2468
   -7.5000   22.5000  -30.000011722.4688   15.2367
    0.0000   22.5000  -30.000012220.4971   15.2374
    7.5000   22.5000  -30.000011681.4248   15.2629
   -7.5000   30.0000  -30.000010694.8955   15.0420
    0.0000   30.0000  -30.000011128.3525   15.0413
    7.5000   30.0000  -30.000010641.2500   15.0606
   -7.5000   37.5000  -30.000010043.9863   15.0244
    0.0000   37.5000  -30.000010470.5537   15.0206
    7.5000   37.5000  -30.000010010.3301   15.0339
   -7.5000   45.0000  -30.0000 9032.4727   14.6343
    0.0000   45.0000  -30.0000 9436.7188   14.6287
    7.5000   45.0000  -30.0000 9002.4385   14.6410
   -7.5000  -45.0000  -22.500010274.1094   15.7388
    0.0000  -45.0000  -22.500010760.6582   15.7313
    7.5000  -45.0000  -22.500010302.1572   15.7332
   -7.5000  -37.5000  -22.500010894.7422   15.7435
    0.0000  -37.5000  -22.500011419.2695   15.7366
    7.5000  -37.5000  -22.500010931.5762   15.7424
   -7.5000  -30.0000  -22.500011811.9277   15.7554
    0.0000  -30.0000  -22.500012356.0488   15.7500
    7.5000  -30.0000  -22.500011821.7373   15.7624
   -7.5000  -22.5000  -22.500012653.7373   15.7644
    0.0000  -22.5000  -22.500013241.4443   15.7600
    7.5000  -22.5000  -22.500012653.8750   15.7747
   -7.5000  -15.0000  -22.500013400.2744   15.7610
    0.0000  -15.0000  -22.500014021.8857   15.7568
    7.5000  -15.0000  -22.500013408.8594   15.7677
   -7.5000   -7.5000  -22.500014027.2383   15.7471
    0.0000   -7.5000  -22.500014692.5234   15.7415
    7.5000   -7.5000  -22.500014092.8486   15.7463
   -7.5000    0.0000  -22.500014646.4170   15.7388
    0.0000    0.0000  -22.500015334.1416   15.7313
    7.5000    0.0000  -22.500014707.6562   15.7332
   -7.5000    7.5000  -22.500014204.3555   15.7435
    0.0000    7.5000  -22.500014889.4258   15.7366
    7.5000    7.5000  -22.500014258.4043   15.7424
   -7.5000   15.0000  -22.500013531.6709   15.7554
    0.0000   15.0000  -22.500014134.2168   15.7500
    7.5000   15.0000  -22.500013523.2754   15.7624
   -7.5000   22.5000  -22.500012535.1289   15.7596
    0.0000   22.5000  -22.500013052.4268   15.7552
    7.5000   22.5000  -22.500012504.6846   15.7698
   -7.5000   30.0000  -22.500011413.6611   15.5548
    0.0000   30.0000  -22.500011878.8682   15.5507
    7.5000   30.0000  -22.500011396.8018   15.5615
   -7.5000   37.5000  -22.500010695.4961   15.5412
    0.0000   37.5000  -22.500011133.7510   15.5356
    7.5000   37.5000  -22.500010693.6787   15.5403
   -7.5000   45.0000  -22.5000 9598.1113   15.1572
    0.0000   45.0000  -22.500010023.9541   15.1500
    7.5000   45.0000  -22.5000 9584.3291   15.1519
   -7.5000  -45.0000  -15.000011052.1348   16.1175
    0.0000  -45.0000  -15.000011575.9482   16.1134
    7.5000  -45.0000  -15.000011112.2402   16.1109
   -7.5000  -37.5000  -15.000011709.3779   16.1306
    0.0000  -37.5000  -15.000012279.2773   16.1278
    7.5000  -37.5000  -15.000011778.6475   16.1284
   -7.5000  -30.0000  -15.000012734.2959   16.1399
    0.0000  -30.0000  -15.000013331.2695   16.1374
    7.5000  -30.0000  -15.000012765.2822   16.1452
   -7.5000  -22.5000  -15.000013623.9414   16.1369
    0.0000  -22.5000  -15.000014293.9834   16.1331
    7.5000  -22.5000  -15.000013629.1484   16.1450
   -7.5000  -15.0000  -15.000014349.8232   16.1238
    0.0000  -15.0000  -15.000015101.4199   16.1192
    7.5000  -15.0000  -15.000014396.8115   16.1283
   -7.5000   -7.5000  -15.000014984.5225   16.1137
    0.0000   -7.5000  -15.000015788.9395   16.1091
    7.5000   -7.5000  -15.000015105.0234   16.1110
   -7.5000    0.0000  -15.000015650.3398   16.1175
    0.0000    0.0000  -15.000016490.4492   16.1134
    7.5000    0.0000  -15.000015786.4180   16.1109
   -7.5000    7.5000  -15.000015156.2168   16.1306
    0.0000    7.5000  -15.000015937.6826   16.1278
    7.5000    7.5000  -15.000015258.8682   16.1284
   -7.5000   15.0000  -15.000014405.2119   16.1399
    0.0000   15.0000  -15.000015077.5283   16.1374
    7.5000   15.0000  -15.000014434.6436   16.1452
   -7.5000   22.5000  -15.000013346.4170   16.1312
    0.0000   22.5000  -15.000013940.6885   16.1274
    7.5000   22.5000  -15.000013361.1680   16.1393
   -7.5000   30.0000  -15.000012118.4854   15.9151
    0.0000   30.0000  -15.000012661.2510   15.9106
    7.5000   30.0000  -15.000012173.1191   15.9196
   -7.5000   37.5000  -15.000011331.3721   15.9052
    0.0000   37.5000  -15.000011834.6240   15.9006
    7.5000   37.5000  -15.000011388.4004   15.9025
   -7.5000   45.0000  -15.000010153.1963   15.5313
    0.0000   45.0000  -15.000010603.8223   15.5274
    7.5000   45.0000  -15.000010174.4492   15.5250
   -7.5000  -45.0000   -7.500011811.7012   16.2944
    0.0000  -45.0000   -7.500012399.9805   16.2965
    7.5000  -45.0000   -7.500011912.7031   16.3026
   -7.5000  -37.5000   -7.500012507.0479   16.3104
    0.0000  -37.5000   -7.500013143.7773   16.3169
    7.5000  -37.5000   -7.500012603.9941   16.3277
   -7.5000  -30.0000   -7.500013658.8066   16.3232
    0.0000  -30.0000   -7.500014335.3711   16.3304
    7.5000  -30.0000   -7.500013709.4512   16.3496
   -7.5000  -22.5000   -7.500014637.0303   16.3200
    0.0000  -22.5000   -7.500015422.8770   16.3235
    7.5000  -22.5000   -7.500014685.0215   16.3464
   -7.5000  -15.0000   -7.500015295.5098   16.3039
    0.0000  -15.0000   -7.500016220.3545   16.3037
    7.5000  -15.0000   -7.500015463.1240   16.3226
   -7.5000   -7.5000   -7.500015936.7373   16.2911
    0.0000   -7.5000   -7.500016913.0312   16.2904
    7.5000   -7.5000   -7.500016198.4043   16.3008
   -7.5000    0.0000   -7.500016626.8848   16.2944
    0.0000    0.0000   -7.500017610.3438   16.2965
    7.5000    0.0000   -7.500016881.6055   16.3026
   -7.5000    7.5000   -7.500016108.7461   16.3104
    0.0000    7.5000   -7.500017013.5156   16.3169
    7.5000    7.5000   -7.500016286.0781   16.3277
   -7.5000   15.0000   -7.500015298.6338   16.3232
    0.0000   15.0000   -7.500016084.1943   16.3304
    7.5000   15.0000   -7.500015407.5371   16.3496
   -7.5000   22.5000   -7.500014178.3164   16.3124
    0.0000   22.5000   -7.500014866.5342   16.3160
    7.5000   22.5000   -7.500014259.5771   16.3388
   -7.5000   30.0000   -7.500012916.6230   16.0925
    0.0000   30.0000   -7.500013519.7783   16.0923
    7.5000   30.0000   -7.500013001.1572   16.1109
   -7.5000   37.5000   -7.500012036.2256   16.0798
    0.0000   37.5000   -7.500012591.7139   16.0791
    7.5000   37.5000   -7.500012130.7676   16.0894
   -7.5000   45.0000   -7.500010723.3896   15.7047
    0.0000   45.0000   -7.500011213.7578   15.7067
    7.5000   45.0000   -7.500010767.5771   15.7127
   -7.5000  -45.0000    0.000012503.7705   16.3161
    0.0000  -45.0000    0.000013146.3945   16.3202
    7.5000  -45.0000    0.000012614.4697   16.3391
   -7.5000  -37.5000    0.000013197.4590   16.3265
    0.0000  -37.5000    0.000013873.5586   16.3370
    7.5000  -37.5000    0.000013313.0830   16.3629
   -7.5000  -30.0000    0.000014468.5713   16.3433
    0.0000  -30.0000    0.000015209.8291   16.3568
    7.5000  -30.0000    0.000014551.2490   16.3917
   -7.5000  -22.5000    0.000015544.7148   16.3504
    0.0000  -22.5000    0.000016587.9414   16.3601
    7.5000  -22.5000    0.000015733.6436   16.3968
   -7.5000  -15.0000    0.000016188.7402   16.3411
    0.0000  -15.0000    0.000017376.0293   16.3451
    7.5000  -15.0000    0.000016592.2344   16.3756
   -7.5000   -7.5000    0.000016782.2578   16.3236
    0.0000   -7.5000    0.000017961.2461   16.3250
    7.5000   -7.5000    0.000017259.6094   16.3467
   -7.5000    0.0000    0.000017508.2090   16.3161
    0.0000    0.0000    0.000018660.1133   16.3202
    7.5000    0.0000    0.000017902.4219   16.3391
   -7.5000    7.5000    0.000016962.9414   16.3265
    0.0000    7.5000    0.000018026.3066   16.3370
    7.5000    7.5000    0.000017268.8848   16.3629
   -7.5000   15.0000    0.000016108.2441   16.3433
    0.0000   15.0000    0.000017045.9414   16.3568
    7.5000   15.0000    0.000016319.9521   16.3917
   -7.5000   22.5000    0.000014947.5615   16.3429
    0.0000   22.5000    0.000015748.3008   16.3525
    7.5000   22.5000    0.000015086.0908   16.3892
   -7.5000   30.0000    0.000013655.1709   16.1296
    0.0000   30.0000    0.000014359.0156   16.1336
    7.5000   30.0000    0.000013765.1494   16.1637
   -7.5000   37.5000    0.000012723.4209   16.1123
    0.0000   37.5000    0.000013353.4902   16.1138
    7.5000   37.5000    0.000012801.7129   16.1351
   -7.5000   45.0000    0.000011279.1328   15.7268
    0.0000   45.0000    0.000011814.7832   15.7308
    7.5000   45.0000    0.000011317.1543   15.7490
   -7.5000  -45.0000    7.500012189.9600   16.3186
    0.0000  -45.0000    7.500012891.1436   16.3181
    7.5000  -45.0000    7.500012405.0312   16.3402
   -7.5000  -37.5000    7.500012838.5938   16.3200
    0.0000  -37.5000    7.500013557.6689   16.3248
    7.5000  -37.5000    7.500013065.0205   16.3550
   -7.5000  -30.0000    7.500014088.5342   16.3378
    0.0000  -30.0000    7.500014977.7949   16.3469
    7.5000  -30.0000    7.500014380.1807   16.3853
   -7.5000  -22.5000    7.500015214.9932   16.3560
    0.0000  -22.5000    7.500016482.7930   16.3637
    7.5000  -22.5000    7.500015634.3408   16.4017
   -7.5000  -15.0000    7.500015946.3564   16.3567
    0.0000  -15.0000    7.500017303.7500   16.3599
    7.5000  -15.0000    7.500016461.6113   16.3905
   -7.5000   -7.5000    7.500016565.6504   16.3370
    0.0000   -7.5000    7.500017864.1426   16.3363
    7.5000   -7.5000    7.500017101.4863   16.3592
   -7.5000    0.0000    7.500017220.3359   16.3186
    0.0000    0.0000    7.500018463.1758   16.3181
    7.5000    0.0000    7.500017636.2598   16.3402
   -7.5000    7.5000    7.500016594.8320   16.3200
    0.0000    7.5000    7.500017742.1738   16.3248
    7.5000    7.5000    7.500016908.3711   16.3550
   -7.5000   15.0000    7.500015676.7871   16.3378
    0.0000   15.0000    7.500016699.0547   16.3469
    7.5000   15.0000    7.500015912.1201   16.3853
   -7.5000   22.5000    7.500014526.7119   16.3485
    0.0000   22.5000    7.500015389.0088   16.3562
    7.5000   22.5000    7.500014678.3369   16.3942
   -7.5000   30.0000    7.500013277.7959   16.1451
    0.0000   30.0000    7.500014030.6660   16.1482
    7.5000   30.0000    7.500013396.8076   16.1784
   -7.5000   37.5000    7.500012365.6826   16.1256
    0.0000   37.5000    7.500013017.3223   16.1249
    7.5000   37.5000    7.500012458.3848   16.1475
   -7.5000   45.0000    7.500010960.2617   15.7293
    0.0000   45.0000    7.500011523.4668   15.7288
    7.5000   45.0000    7.500011004.4961   15.7500
   -7.5000  -45.0000   15.000011763.5293   16.3294
    0.0000  -45.0000   15.000012413.7129   16.3233
    7.5000  -45.0000   15.000011987.1055   16.3370
   -7.5000  -37.5000   15.000012387.1387   16.3281
    0.0000  -37.5000   15.000013084.2227   16.3245
    7.5000  -37.5000   15.000012639.7480   16.3450
   -7.5000  -30.0000   15.000013518.0664   16.3446
    0.0000  -30.0000   15.000014427.7900   16.3445
    7.5000  -30.0000   15.000013873.2529   16.3722
   -7.5000  -22.5000   15.000014544.9512   16.3650
    0.0000  -22.5000   15.000015691.0752   16.3658
    7.5000  -22.5000   15.000014879.8857   16.3934
   -7.5000  -15.0000   15.000015383.7344   16.3686
    0.0000  -15.0000   15.000016614.6094   16.3679
    7.5000  -15.0000   15.000015716.5752   16.3891
   -7.5000   -7.5000   15.000016130.0518   16.3494
    0.0000   -7.5000   15.000017409.8164   16.3453
    7.5000   -7.5000   15.000016481.5918   16.3600
   -7.5000    0.0000   15.000016762.9980   16.3294
    0.0000    0.0000   15.000018063.1465   16.3233
    7.5000    0.0000   15.000017073.0586   16.3370
   -7.5000    7.5000   15.000016057.5742   16.3281
    0.0000    7.5000   15.000017246.5020   16.3245
    7.5000    7.5000   15.000016300.1396   16.3450
   -7.5000   15.0000   15.000015041.5801   16.3446
    0.0000   15.0000   15.000016082.2559   16.3445
    7.5000   15.0000   15.000015268.6729   16.3722
   -7.5000   22.5000   15.000013908.4834   16.3575
    0.0000   22.5000   15.000014811.5420   16.3583
    7.5000   22.5000   15.000014099.4668   16.3858
   -7.5000   30.0000   15.000012725.1748   16.1568
    0.0000   30.0000   15.000013505.6182   16.1561
    7.5000   30.0000   15.000012896.3896   16.1770
   -7.5000   37.5000   15.000011845.5820   16.1378
    0.0000   37.5000   15.000012511.9053   16.1338
    7.5000   37.5000   15.000011981.5781   16.1482
   -7.5000   45.0000   15.000010511.5312   15.7396
    0.0000   45.0000   15.000011055.5996   15.7337
    7.5000   45.0000   15.000010553.1885   15.7470
   -7.5000  -45.0000   22.500011248.5166   16.3455
    0.0000  -45.0000   22.500011825.0225   16.3377
    7.5000  -45.0000   22.500011383.5020   16.3394
   -7.5000  -37.5000   22.500011870.4639   16.3504
    0.0000  -37.5000   22.500012513.1934   16.3433
    7.5000  -37.5000   22.500012043.2266   16.3490
   -7.5000  -30.0000   22.500012901.5488   16.3627
    0.0000  -30.0000   22.500013739.8604   16.3572
    7.5000  -30.0000   22.500013163.7266   16.3698
   -7.5000  -22.5000   22.500013818.1943   16.3720
    0.0000  -22.5000   22.500014751.7939   16.3676
    7.5000  -22.5000   22.500014019.6289   16.3825
   -7.5000  -15.0000   22.500014584.1592   16.3684
    0.0000  -15.0000   22.500015597.5010   16.3641
    7.5000  -15.0000   22.500014830.6201   16.3752
   -7.5000   -7.5000   22.500015317.1396   16.3540
    0.0000   -7.5000   22.500016413.8594   16.3482
    7.5000   -7.5000   22.500015625.8223   16.3529
   -7.5000    0.0000   22.500015945.7588   16.3455
    0.0000    0.0000   22.500017085.1484   16.3377
    7.5000    0.0000   22.500016243.5762   16.3394
   -7.5000    7.5000   22.500015310.5498   16.3504
    0.0000    7.5000   22.500016368.7109   16.3433
    7.5000    7.5000   22.500015571.1006   16.3490
   -7.5000   15.0000   22.500014310.5410   16.3627
    0.0000   15.0000   22.500015255.3682   16.3572
    7.5000   15.0000   22.500014555.3975   16.3698
   -7.5000   22.5000   22.500013220.6484   16.3645
    0.0000   22.5000   22.500014065.5420   16.3600
    7.5000   22.5000   22.500013414.6768   16.3750
   -7.5000   30.0000   22.500012079.2344   16.1566
    0.0000   30.0000   22.500012823.0693   16.1524
    7.5000   30.0000   22.500012251.6650   16.1633
   -7.5000   37.5000   22.500011207.4062   16.1424
    0.0000   37.5000   22.500011860.5488   16.1366
    7.5000   37.5000   22.500011359.8027   16.1413
   -7.5000   45.0000   22.5000 9928.7539   15.7551
    0.0000   45.0000   22.500010479.2695   15.7476
    7.5000   45.0000   22.500010015.4688   15.7493
   -7.5000  -45.0000   30.000010579.0479   16.3636
    0.0000  -45.0000   30.000011092.5205   16.3595
    7.5000  -45.0000   30.000010680.8486   16.3567
   -7.5000  -37.5000   30.000011147.0488   16.3772
    0.0000  -37.5000   30.000011717.0947   16.3745
    7.5000  -37.5000   30.000011293.9736   16.3746
   -7.5000  -30.0000   30.000012083.6182   16.3868
    0.0000  -30.0000   30.000012775.9258   16.3844
    7.5000  -30.0000   30.000012251.6123   16.3918
   -7.5000  -22.5000   30.000012907.5596   16.3837
    0.0000  -22.5000   30.000013621.8594   16.3800
    7.5000  -22.5000   30.000013014.9424   16.3917
   -7.5000  -15.0000   30.000013609.6338   16.3701
    0.0000  -15.0000   30.000014389.3271   16.3657
    7.5000  -15.0000   30.000013788.6074   16.3746
   -7.5000   -7.5000   30.000014295.4766   16.3597
    0.0000   -7.5000   30.000015179.5156   16.3552
    7.5000   -7.5000   30.000014553.6113   16.3569
   -7.5000    0.0000   30.000014910.5322   16.3636
    0.0000    0.0000   30.000015832.0527   16.3595
    7.5000    0.0000   30.000015172.4785   16.3567
   -7.5000    7.5000   30.000014328.0977   16.3772
    0.0000    7.5000   30.000015193.5889   16.3745
    7.5000    7.5000   30.000014575.1436   16.3746
   -7.5000   15.0000   30.000013400.7607   16.3868
    0.0000   15.0000   30.000014198.4248   16.3844
    7.5000   15.0000   30.000013631.3018   16.3918
   -7.5000   22.5000   30.000012361.4961   16.3761
    0.0000   22.5000   30.000013061.1396   16.3724
    7.5000   22.5000   30.000012538.8057   16.3841
   -7.5000   30.0000   30.000011269.4766   16.1583
    0.0000   30.0000   30.000011874.7441   16.1539
    7.5000   30.0000   30.000011405.7256   16.1627
   -7.5000   37.5000   30.000010455.7715   16.1480
    0.0000   37.5000   30.000011010.5801   16.1436
    7.5000   37.5000   30.000010542.2588   16.1452
   -7.5000   45.0000   30.0000 9262.2217   15.7726
    0.0000   45.0000   30.0000 9759.3086   15.7687
    7.5000   45.0000   30.0000 9307.7383   15.7660
   -7.5000  -45.0000   37.500010212.6885   16.4784
    0.0000  -45.0000   37.500010696.8232   16.4806
    7.5000  -45.0000   37.500010315.1191   16.4866
   -7.5000  -37.5000   37.500010754.9951   16.4951
    0.0000  -37.5000   37.500011278.2979   16.5016
    7.5000  -37.5000   37.500010883.9619   16.5125
   -7.5000  -30.0000   37.500011627.2197   16.5087
    0.0000  -30.0000   37.500012217.5957   16.5161
    7.5000  -30.0000   37.500011739.2129   16.5354
   -7.5000  -22.5000   37.500012406.3125   16.5056
    0.0000  -22.5000   37.500013004.2158   16.5093
    7.5000  -22.5000   37.500012470.3135   16.5324
   -7.5000  -15.0000   37.500013101.2930   16.4890
    0.0000  -15.0000   37.500013743.8984   16.4888
    7.5000  -15.0000   37.500013207.4307   16.5080
   -7.5000   -7.5000   37.500013768.1074   16.4754
    0.0000   -7.5000   37.500014516.5215   16.4747
    7.5000   -7.5000   37.500013955.0645   16.4852
   -7.5000    0.0000   37.500014371.8184   16.4784
    0.0000    0.0000   37.500015168.1260   16.4806
    7.5000    0.0000   37.500014586.0596   16.4866
   -7.5000    7.5000   37.500013831.3848   16.4951
    0.0000    7.5000   37.500014579.6719   16.5016
    7.5000    7.5000   37.500014013.8906   16.5125
   -7.5000   15.0000   37.500012946.4092   16.5087
    0.0000   15.0000   37.500013626.2764   16.5161
    7.5000   15.0000   37.500013103.3525   16.5354
   -7.5000   22.5000   37.500011925.4482   16.4980
    0.0000   22.5000   37.500012534.2773   16.5016
    7.5000   22.5000   37.500012042.8193   16.5248
   -7.5000   30.0000   37.500010841.7441   16.2756
    0.0000   30.0000   37.500011377.0176   16.2755
    7.5000   30.0000   37.500010907.3516   16.2943
   -7.5000   37.5000   37.500010033.2578   16.2622
    0.0000   37.5000   37.500010516.5293   16.2615
    7.5000   37.5000   37.500010082.4111   16.2718
   -7.5000   45.0000   37.5000 8906.1445   15.8833
    0.0000   45.0000   37.5000 9334.4912   15.8854
    7.5000   45.0000   37.5000 8927.7852   15.8912
   -7.5000  -45.0000   45.0000 9387.0977   16.6047
    0.0000  -45.0000   45.0000 9849.5039   16.6075
    7.5000  -45.0000   45.0000 9476.8340   16.6255
   -7.5000  -37.5000   45.0000 9865.3633   16.6155
    0.0000  -37.5000   45.000010365.2754   16.6250
    7.5000  -37.5000   45.0000 9971.7588   16.6502
   -7.5000  -30.0000   45.000010657.7432   16.6333
    0.0000  -30.0000   45.000011174.6973   16.6461
    7.5000  -30.0000   45.000010717.4551   16.6805
   -7.5000  -22.5000   45.000011369.0625   16.6411
    0.0000  -22.5000   45.000011875.7344   16.6500
    7.5000  -22.5000   45.000011394.2197   16.6864
   -7.5000  -15.0000   45.000011998.3945   16.6315
    0.0000  -15.0000   45.000012542.8516   16.6344
    7.5000  -15.0000   45.000012047.6387   16.6646
   -7.5000   -7.5000   45.000012603.2471   16.6130
    0.0000   -7.5000   45.000013220.6387   16.6131
    7.5000   -7.5000   45.000012718.8389   16.6340
   -7.5000    0.0000   45.000013186.2275   16.6047
    0.0000    0.0000   45.000013850.0967   16.6075
    7.5000    0.0000   45.000013313.4707   16.6255
   -7.5000    7.5000   45.000012697.5537   16.6155
    0.0000    7.5000   45.000013324.3145   16.6250
    7.5000    7.5000   45.000012817.6025   16.6502
   -7.5000   15.0000   45.000011888.8604   16.6333
    0.0000   15.0000   45.000012494.3350   16.6461
    7.5000   15.0000   45.000012011.0586   16.6805
   -7.5000   22.5000   45.000010932.2510   16.6334
    0.0000   22.5000   45.000011479.6660   16.6422
    7.5000   22.5000   45.000011032.3232   16.6786
   -7.5000   30.0000   45.0000 9938.3945   16.4149
    0.0000   30.0000   45.000010410.4697   16.4177
    7.5000   30.0000   45.0000 9985.6377   16.4475
   -7.5000   37.5000   45.0000 9206.2178   16.3966
    0.0000   37.5000   45.0000 9645.4258   16.3967
    7.5000   37.5000   45.0000 9236.7686   16.4173
   -7.5000   45.0000   45.0000 8161.9644   16.0123
    0.0000   45.0000   45.0000 8541.8691   16.0150
    7.5000   45.0000   45.0000 8170.9106   16.0323

---------------------------------------------------------------------
imgreg_4dfp /opt/freesurfer/average/711-2C_as_mni_average_305 /opt/freesurfer/average/711-2B_as_mni_average_305_mask talsrcimg_g11 none talsrcimg_to_711-2C_as_mni_average_305_t4 4355
---------------------------------------------------------------------

freesurfer imgreg_4dfp.c
/opt/freesurfer/average/711-2C_as_mni_average_305.4dfp.img
       256       256       256         1
  1.000000  1.000000  1.000000
orientation T byte_order littleendian
Reading image: /opt/freesurfer/average/711-2C_as_mni_average_305.4dfp.img
dimensions:      256       256       256
mmppix:       1.0000   -1.0000   -1.0000
center:     128.0000 -129.0000 -129.0000
/opt/freesurfer/average/711-2B_as_mni_average_305_mask.4dfp.img
       256       256       256         1
  1.000000  1.000000  1.000000
orientation T byte_order littleendian
Reading mask: /opt/freesurfer/average/711-2B_as_mni_average_305_mask.4dfp.img (2306576 pixels)
talsrcimg_g11.4dfp.img
       256       256       256         1
  1.000000  1.000000  1.000000
orientation T byte_order littleendian
Reading image: talsrcimg_g11.4dfp.img
dimensions:      256       256       256
mmppix:       1.0000   -1.0000   -1.0000
center:     128.0000 -129.0000 -129.0000
rotation matrix determinant  1.000000
image alignment mode   4355 decimal     1103 hex
   -7.5000  -45.0000  -45.0000 2161.3918   18.0016
    0.0000  -45.0000  -45.0000 2167.6670   18.0293
    7.5000  -45.0000  -45.0000 2152.5652   18.1325
   -7.5000  -37.5000  -45.0000 2239.9910   16.7562
    0.0000  -37.5000  -45.0000 2243.8662   16.7392
    7.5000  -37.5000  -45.0000 2228.7200   16.8485
   -7.5000  -30.0000  -45.0000 2289.1790   15.8333
    0.0000  -30.0000  -45.0000 2298.9021   15.8094
    7.5000  -30.0000  -45.0000 2278.7263   15.9067
   -7.5000  -22.5000  -45.0000 2318.4556   15.1215
    0.0000  -22.5000  -45.0000 2325.8022   15.0960
    7.5000  -22.5000  -45.0000 2306.7705   15.2355
   -7.5000  -15.0000  -45.0000 2332.0071   14.8056
    0.0000  -15.0000  -45.0000 2339.7141   14.7603
    7.5000  -15.0000  -45.0000 2320.7878   14.8860
   -7.5000   -7.5000  -45.0000 2330.5454   14.8171
    0.0000   -7.5000  -45.0000 2341.4084   14.7777
    7.5000   -7.5000  -45.0000 2320.5781   14.9225
   -7.5000    0.0000  -45.0000 2313.5364   15.1637
    0.0000    0.0000  -45.0000 2323.4014   15.1345
    7.5000    0.0000  -45.0000 2306.6570   15.2968
   -7.5000    7.5000  -45.0000 2279.4487   15.8098
    0.0000    7.5000  -45.0000 2290.8916   15.7595
    7.5000    7.5000  -45.0000 2271.3694   15.9329
   -7.5000   15.0000  -45.0000 2223.6453   16.7367
    0.0000   15.0000  -45.0000 2231.7422   16.6955
    7.5000   15.0000  -45.0000 2210.4941   16.8627
   -7.5000   22.5000  -45.0000 2145.9624   18.0122
    0.0000   22.5000  -45.0000 2156.3652   17.9516
    7.5000   22.5000  -45.0000 2136.4019   18.1544
   -7.5000   30.0000  -45.0000 2050.6797   19.6778
    0.0000   30.0000  -45.0000 2054.8188   19.6411
    7.5000   30.0000  -45.0000 2035.1580   19.8793
   -7.5000   37.5000  -45.0000 1940.9374   21.9433
    0.0000   37.5000  -45.0000 1946.4282   21.8559
    7.5000   37.5000  -45.0000 1930.8795   22.1408
   -7.5000   45.0000  -45.0000 1818.7556   24.9533
    0.0000   45.0000  -45.0000 1824.9950   24.7928
    7.5000   45.0000  -45.0000 1812.6497   25.1307
   -7.5000  -45.0000  -37.5000 2257.5701   16.5941
    0.0000  -45.0000  -37.5000 2267.8806   16.5561
    7.5000  -45.0000  -37.5000 2249.7922   16.6780
   -7.5000  -37.5000  -37.5000 2340.0027   15.3939
    0.0000  -37.5000  -37.5000 2348.0713   15.3457
    7.5000  -37.5000  -37.5000 2327.4434   15.4631
   -7.5000  -30.0000  -37.5000 2388.9419   14.5018
    0.0000  -30.0000  -37.5000 2400.6836   14.4393
    7.5000  -30.0000  -37.5000 2376.6799   14.5855
   -7.5000  -22.5000  -37.5000 2422.2388   13.8931
    0.0000  -22.5000  -37.5000 2433.0234   13.8179
    7.5000  -22.5000  -37.5000 2410.8965   13.9640
   -7.5000  -15.0000  -37.5000 2441.2012   13.6004
    0.0000  -15.0000  -37.5000 2449.1821   13.5282
    7.5000  -15.0000  -37.5000 2432.3745   13.6704
   -7.5000   -7.5000  -37.5000 2440.0554   13.6082
    0.0000   -7.5000  -37.5000 2450.3735   13.5507
    7.5000   -7.5000  -37.5000 2431.9863   13.7084
   -7.5000    0.0000  -37.5000 2419.8457   13.9068
    0.0000    0.0000  -37.5000 2431.5583   13.8234
    7.5000    0.0000  -37.5000 2412.5173   13.9995
   -7.5000    7.5000  -37.5000 2384.4248   14.4772
    0.0000    7.5000  -37.5000 2394.1277   14.3916
    7.5000    7.5000  -37.5000 2375.8884   14.5750
   -7.5000   15.0000  -37.5000 2325.5701   15.3678
    0.0000   15.0000  -37.5000 2336.3105   15.2883
    7.5000   15.0000  -37.5000 2316.0161   15.4735
   -7.5000   22.5000  -37.5000 2240.7146   16.5995
    0.0000   22.5000  -37.5000 2252.6794   16.5134
    7.5000   22.5000  -37.5000 2232.9229   16.7120
   -7.5000   30.0000  -37.5000 2139.1626   18.1556
    0.0000   30.0000  -37.5000 2147.1489   18.1039
    7.5000   30.0000  -37.5000 2123.4868   18.3011
   -7.5000   37.5000  -37.5000 2022.1776   20.2314
    0.0000   37.5000  -37.5000 2031.6312   20.1565
    7.5000   37.5000  -37.5000 2011.5636   20.3350
   -7.5000   45.0000  -37.5000 1888.7349   22.9536
    0.0000   45.0000  -37.5000 1900.6387   22.8480
    7.5000   45.0000  -37.5000 1885.6622   23.0498
   -7.5000  -45.0000  -30.0000 2388.1006   15.8580
    0.0000  -45.0000  -30.0000 2401.3760   15.7797
    7.5000  -45.0000  -30.0000 2381.8154   15.8963
   -7.5000  -37.5000  -30.0000 2470.9082   14.6687
    0.0000  -37.5000  -30.0000 2487.2463   14.6033
    7.5000  -37.5000  -30.0000 2464.2808   14.7134
   -7.5000  -30.0000  -30.0000 2525.8506   13.7931
    0.0000  -30.0000  -30.0000 2540.3948   13.6745
    7.5000  -30.0000  -30.0000 2519.6304   13.8204
   -7.5000  -22.5000  -30.0000 2569.5491   13.1883
    0.0000  -22.5000  -30.0000 2584.0991   13.0619
    7.5000  -22.5000  -30.0000 2560.1523   13.2339
   -7.5000  -15.0000  -30.0000 2596.2490   12.8870
    0.0000  -15.0000  -30.0000 2604.4343   12.8018
    7.5000  -15.0000  -30.0000 2591.0364   12.9565
   -7.5000   -7.5000  -30.0000 2601.3828   12.9310
    0.0000   -7.5000  -30.0000 2607.9209   12.8355
    7.5000   -7.5000  -30.0000 2594.1128   12.9990
   -7.5000    0.0000  -30.0000 2577.2349   13.2135
    0.0000    0.0000  -30.0000 2589.4180   13.1216
    7.5000    0.0000  -30.0000 2571.7266   13.2745
   -7.5000    7.5000  -30.0000 2535.6880   13.8019
    0.0000    7.5000  -30.0000 2548.6890   13.6750
    7.5000    7.5000  -30.0000 2529.0422   13.8510
   -7.5000   15.0000  -30.0000 2468.6489   14.6662
    0.0000   15.0000  -30.0000 2483.4436   14.5618
    7.5000   15.0000  -30.0000 2462.1396   14.7241
   -7.5000   22.5000  -30.0000 2377.6143   15.8247
    0.0000   22.5000  -30.0000 2391.6448   15.7325
    7.5000   22.5000  -30.0000 2369.0098   15.9330
   -7.5000   30.0000  -30.0000 2266.1104   17.3703
    0.0000   30.0000  -30.0000 2277.5061   17.2636
    7.5000   30.0000  -30.0000 2256.4602   17.4492
   -7.5000   37.5000  -30.0000 2134.7354   19.3493
    0.0000   37.5000  -30.0000 2148.4590   19.2313
    7.5000   37.5000  -30.0000 2125.8577   19.4045
   -7.5000   45.0000  -30.0000 1993.3190   21.9272
    0.0000   45.0000  -30.0000 2011.0994   21.8045
    7.5000   45.0000  -30.0000 1985.6344   21.9547
   -7.5000  -45.0000  -22.5000 2485.4834   15.0167
    0.0000  -45.0000  -22.5000 2497.7461   14.9220
    7.5000  -45.0000  -22.5000 2477.7939   15.0508
   -7.5000  -37.5000  -22.5000 2571.6477   13.8784
    0.0000  -37.5000  -22.5000 2586.8628   13.7812
    7.5000  -37.5000  -22.5000 2569.2190   13.9029
   -7.5000  -30.0000  -22.5000 2632.5642   13.0410
    0.0000  -30.0000  -22.5000 2645.7905   12.9040
    7.5000  -30.0000  -22.5000 2627.3306   13.0291
   -7.5000  -22.5000  -22.5000 2685.7363   12.4350
    0.0000  -22.5000  -22.5000 2700.1643   12.3115
    7.5000  -22.5000  -22.5000 2680.3784   12.4486
   -7.5000  -15.0000  -22.5000 2726.1697   12.1279
    0.0000  -15.0000  -22.5000 2735.8533   12.0142
    7.5000  -15.0000  -22.5000 2720.7271   12.1578
   -7.5000   -7.5000  -22.5000 2730.0757   12.1544
    0.0000   -7.5000  -22.5000 2739.3853   12.0499
    7.5000   -7.5000  -22.5000 2728.8340   12.2094
   -7.5000    0.0000  -22.5000 2709.8098   12.4878
    0.0000    0.0000  -22.5000 2724.5010   12.3517
    7.5000    0.0000  -22.5000 2707.0125   12.4964
   -7.5000    7.5000  -22.5000 2662.7117   13.0676
    0.0000    7.5000  -22.5000 2680.7056   12.9307
    7.5000    7.5000  -22.5000 2661.8376   13.0646
   -7.5000   15.0000  -22.5000 2586.5356   13.9091
    0.0000   15.0000  -22.5000 2603.0142   13.7750
    7.5000   15.0000  -22.5000 2582.3611   13.9297
   -7.5000   22.5000  -22.5000 2487.3684   15.0181
    0.0000   22.5000  -22.5000 2501.1687   14.8995
    7.5000   22.5000  -22.5000 2482.7117   15.0859
   -7.5000   30.0000  -22.5000 2367.4226   16.5021
    0.0000   30.0000  -22.5000 2382.4426   16.3671
    7.5000   30.0000  -22.5000 2365.2031   16.5494
   -7.5000   37.5000  -22.5000 2225.8972   18.3938
    0.0000   37.5000  -22.5000 2243.0042   18.2429
    7.5000   37.5000  -22.5000 2225.6096   18.4108
   -7.5000   45.0000  -22.5000 2069.4763   20.8310
    0.0000   45.0000  -22.5000 2088.1985   20.6837
    7.5000   45.0000  -22.5000 2066.5139   20.8164
   -7.5000  -45.0000  -15.0000 2542.7822   14.2034
    0.0000  -45.0000  -15.0000 2553.6978   14.1068
    7.5000  -45.0000  -15.0000 2537.0591   14.2231
   -7.5000  -37.5000  -15.0000 2638.0669   13.1238
    0.0000  -37.5000  -15.0000 2652.8879   13.0160
    7.5000  -37.5000  -15.0000 2636.9331   13.1246
   -7.5000  -30.0000  -15.0000 2710.8638   12.3233
    0.0000  -30.0000  -15.0000 2723.8052   12.2018
    7.5000  -30.0000  -15.0000 2707.8689   12.3115
   -7.5000  -22.5000  -15.0000 2772.7063   11.7653
    0.0000  -22.5000  -15.0000 2790.1667   11.6330
    7.5000  -22.5000  -15.0000 2772.4431   11.7546
   -7.5000  -15.0000  -15.0000 2819.5215   11.4088
    0.0000  -15.0000  -15.0000 2836.8418   11.2996
    7.5000  -15.0000  -15.0000 2817.7021   11.4351
   -7.5000   -7.5000  -15.0000 2830.3843   11.4153
    0.0000   -7.5000  -15.0000 2842.8667   11.3165
    7.5000   -7.5000  -15.0000 2829.9338   11.4791
   -7.5000    0.0000  -15.0000 2810.7551   11.7549
    0.0000    0.0000  -15.0000 2830.3923   11.6310
    7.5000    0.0000  -15.0000 2815.4048   11.7650
   -7.5000    7.5000  -15.0000 2760.9175   12.3481
    0.0000    7.5000  -15.0000 2777.5767   12.2157
    7.5000    7.5000  -15.0000 2761.8801   12.3524
   -7.5000   15.0000  -15.0000 2675.4233   13.1800
    0.0000   15.0000  -15.0000 2688.6985   13.0254
    7.5000   15.0000  -15.0000 2673.6921   13.1914
   -7.5000   22.5000  -15.0000 2569.1392   14.2926
    0.0000   22.5000  -15.0000 2581.4204   14.1389
    7.5000   22.5000  -15.0000 2566.6787   14.2954
   -7.5000   30.0000  -15.0000 2438.1895   15.7167
    0.0000   30.0000  -15.0000 2455.0234   15.5549
    7.5000   30.0000  -15.0000 2439.6667   15.7337
   -7.5000   37.5000  -15.0000 2289.2346   17.5102
    0.0000   37.5000  -15.0000 2308.3052   17.3477
    7.5000   37.5000  -15.0000 2290.9927   17.5396
   -7.5000   45.0000  -15.0000 2123.3726   19.7884
    0.0000   45.0000  -15.0000 2139.4705   19.6413
    7.5000   45.0000  -15.0000 2124.9172   19.8036
   -7.5000  -45.0000   -7.5000 2576.8914   13.5045
    0.0000  -45.0000   -7.5000 2585.9541   13.4175
    7.5000  -45.0000   -7.5000 2574.1536   13.5226
   -7.5000  -37.5000   -7.5000 2682.2791   12.4458
    0.0000  -37.5000   -7.5000 2694.9951   12.3569
    7.5000  -37.5000   -7.5000 2680.6267   12.4621
   -7.5000  -30.0000   -7.5000 2771.6257   11.6858
    0.0000  -30.0000   -7.5000 2781.9729   11.5858
    7.5000  -30.0000   -7.5000 2765.5933   11.7020
   -7.5000  -22.5000   -7.5000 2843.8889   11.1835
    0.0000  -22.5000   -7.5000 2859.3782   11.0859
    7.5000  -22.5000   -7.5000 2845.9583   11.1829
   -7.5000  -15.0000   -7.5000 2896.4736   10.8032
    0.0000  -15.0000   -7.5000 2919.8042   10.7111
    7.5000  -15.0000   -7.5000 2899.0815   10.8399
   -7.5000   -7.5000   -7.5000 2912.9536   10.7660
    0.0000   -7.5000   -7.5000 2929.7415   10.6864
    7.5000   -7.5000   -7.5000 2912.8735   10.8464
   -7.5000    0.0000   -7.5000 2886.8254   11.0990
    0.0000    0.0000   -7.5000 2908.4373   10.9696
    7.5000    0.0000   -7.5000 2892.0051   11.1363
   -7.5000    7.5000   -7.5000 2828.6255   11.6949
    0.0000    7.5000   -7.5000 2845.6831   11.5528
    7.5000    7.5000   -7.5000 2833.0181   11.7085
   -7.5000   15.0000   -7.5000 2738.2417   12.5387
    0.0000   15.0000   -7.5000 2751.6338   12.3793
    7.5000   15.0000   -7.5000 2741.5493   12.5442
   -7.5000   22.5000   -7.5000 2625.1250   13.6402
    0.0000   22.5000   -7.5000 2638.6028   13.4749
    7.5000   22.5000   -7.5000 2622.0532   13.6591
   -7.5000   30.0000   -7.5000 2490.4302   15.0427
    0.0000   30.0000   -7.5000 2508.3547   14.8698
    7.5000   30.0000   -7.5000 2490.1677   15.0538
   -7.5000   37.5000   -7.5000 2333.7195   16.7598
    0.0000   37.5000   -7.5000 2352.3042   16.5734
    7.5000   37.5000   -7.5000 2338.0366   16.7767
   -7.5000   45.0000   -7.5000 2160.8435   18.9115
    0.0000   45.0000   -7.5000 2175.2202   18.7257
    7.5000   45.0000   -7.5000 2158.9109   18.9268
   -7.5000  -45.0000    0.0000 2599.7976   13.0253
    0.0000  -45.0000    0.0000 2612.6697   12.9353
    7.5000  -45.0000    0.0000 2600.9639   13.0502
   -7.5000  -37.5000    0.0000 2710.4778   11.9704
    0.0000  -37.5000    0.0000 2726.4011   11.8866
    7.5000  -37.5000    0.0000 2711.0923   12.0034
   -7.5000  -30.0000    0.0000 2809.3389   11.2405
    0.0000  -30.0000    0.0000 2823.2112   11.1588
    7.5000  -30.0000    0.0000 2807.5730   11.2776
   -7.5000  -22.5000    0.0000 2899.2024   10.7835
    0.0000  -22.5000    0.0000 2918.7551   10.7106
    7.5000  -22.5000    0.0000 2907.0916   10.7818
   -7.5000  -15.0000    0.0000 2961.0542   10.3995
    0.0000  -15.0000    0.0000 2993.7297   10.3493
    7.5000  -15.0000    0.0000 2971.0229   10.4601
   -7.5000   -7.5000    0.0000 2973.1877   10.2999
    0.0000   -7.5000    0.0000 3003.1692   10.2438
    7.5000   -7.5000    0.0000 2981.1335   10.4356
   -7.5000    0.0000    0.0000 2938.1592   10.6320
    0.0000    0.0000    0.0000 2965.9314   10.4997
    7.5000    0.0000    0.0000 2945.9834   10.6951
   -7.5000    7.5000    0.0000 2871.5417   11.2319
    0.0000    7.5000    0.0000 2895.9126   11.0724
    7.5000    7.5000    0.0000 2880.5339   11.2579
   -7.5000   15.0000    0.0000 2774.0823   12.0947
    0.0000   15.0000    0.0000 2795.2341   11.9348
    7.5000   15.0000    0.0000 2779.2263   12.1278
   -7.5000   22.5000    0.0000 2656.9050   13.2133
    0.0000   22.5000    0.0000 2674.5413   13.0467
    7.5000   22.5000    0.0000 2658.1650   13.2400
   -7.5000   30.0000    0.0000 2516.8376   14.6083
    0.0000   30.0000    0.0000 2538.4434   14.4138
    7.5000   30.0000    0.0000 2520.3198   14.6144
   -7.5000   37.5000    0.0000 2358.2981   16.2617
    0.0000   37.5000    0.0000 2379.1755   16.0540
    7.5000   37.5000    0.0000 2362.1621   16.2908
   -7.5000   45.0000    0.0000 2180.7942   18.3563
    0.0000   45.0000    0.0000 2197.4795   18.1507
    7.5000   45.0000    0.0000 2182.8789   18.3896
   -7.5000  -45.0000    7.5000 2613.9214   12.7283
    0.0000  -45.0000    7.5000 2631.6404   12.6407
    7.5000  -45.0000    7.5000 2628.7739   12.7793
   -7.5000  -37.5000    7.5000 2726.4490   11.6831
    0.0000  -37.5000    7.5000 2748.6064   11.6009
    7.5000  -37.5000    7.5000 2740.8306   11.7345
   -7.5000  -30.0000    7.5000 2832.5522   10.9914
    0.0000  -30.0000    7.5000 2850.8435   10.9165
    7.5000  -30.0000    7.5000 2840.8591   11.0355
   -7.5000  -22.5000    7.5000 2933.5391   10.5684
    0.0000  -22.5000    7.5000 2960.4570   10.5488
    7.5000  -22.5000    7.5000 2950.1006   10.6039
   -7.5000  -15.0000    7.5000 2997.9282   10.2032
    0.0000  -15.0000    7.5000 3044.7720   10.2392
    7.5000  -15.0000    7.5000 3023.1060   10.3062
   -7.5000   -7.5000    7.5000 3007.5769   10.1434
    0.0000   -7.5000    7.5000 3048.4910   10.1142
    7.5000   -7.5000    7.5000 3023.6282   10.2517
   -7.5000    0.0000    7.5000 2964.0068   10.4433
    0.0000    0.0000    7.5000 2997.7666   10.3196
    7.5000    0.0000    7.5000 2972.4294   10.4552
   -7.5000    7.5000    7.5000 2886.1255   11.0004
    0.0000    7.5000    7.5000 2916.0491   10.8670
    7.5000    7.5000    7.5000 2898.1484   11.0121
   -7.5000   15.0000    7.5000 2781.4841   11.8314
    0.0000   15.0000    7.5000 2808.3071   11.7057
    7.5000   15.0000    7.5000 2793.9849   11.8466
   -7.5000   22.5000    7.5000 2659.0007   12.9636
    0.0000   22.5000    7.5000 2679.8823   12.8124
    7.5000   22.5000    7.5000 2669.7612   12.9579
   -7.5000   30.0000    7.5000 2520.2214   14.3455
    0.0000   30.0000    7.5000 2538.6782   14.1829
    7.5000   30.0000    7.5000 2525.9487   14.3435
   -7.5000   37.5000    7.5000 2364.6106   16.0210
    0.0000   37.5000    7.5000 2380.6211   15.8200
    7.5000   37.5000    7.5000 2370.2061   15.9962
   -7.5000   45.0000    7.5000 2188.7646   18.0747
    0.0000   45.0000    7.5000 2203.9185   17.8785
    7.5000   45.0000    7.5000 2194.2356   18.0379
   -7.5000  -45.0000   15.0000 2615.8010   12.7061
    0.0000  -45.0000   15.0000 2634.7222   12.5202
    7.5000  -45.0000   15.0000 2639.2622   12.6987
   -7.5000  -37.5000   15.0000 2730.6604   11.6678
    0.0000  -37.5000   15.0000 2751.8701   11.5165
    7.5000  -37.5000   15.0000 2754.0315   11.6667
   -7.5000  -30.0000   15.0000 2837.0791   10.9646
    0.0000  -30.0000   15.0000 2861.4053   10.8597
    7.5000  -30.0000   15.0000 2861.4844   10.9615
   -7.5000  -22.5000   15.0000 2930.2988   10.5023
    0.0000  -22.5000   15.0000 2963.0923   10.4867
    7.5000  -22.5000   15.0000 2958.4558   10.5067
   -7.5000  -15.0000   15.0000 2985.9634   10.2200
    0.0000  -15.0000   15.0000 3033.4744   10.2035
    7.5000  -15.0000   15.0000 3018.3101   10.2280
   -7.5000   -7.5000   15.0000 2997.9951   10.2478
    0.0000   -7.5000   15.0000 3039.9146   10.2180
    7.5000   -7.5000   15.0000 3014.7502   10.2423
   -7.5000    0.0000   15.0000 2955.3069   10.5262
    0.0000    0.0000   15.0000 2991.5696   10.4634
    7.5000    0.0000   15.0000 2963.6487   10.5107
   -7.5000    7.5000   15.0000 2875.0696   11.0186
    0.0000    7.5000   15.0000 2904.9990   10.9324
    7.5000    7.5000   15.0000 2885.0193   11.0232
   -7.5000   15.0000   15.0000 2765.2056   11.8006
    0.0000   15.0000   15.0000 2787.2705   11.7137
    7.5000   15.0000   15.0000 2778.9609   11.8193
   -7.5000   22.5000   15.0000 2642.2307   12.9053
    0.0000   22.5000   15.0000 2659.7776   12.7634
    7.5000   22.5000   15.0000 2652.7605   12.8969
   -7.5000   30.0000   15.0000 2503.3240   14.2825
    0.0000   30.0000   15.0000 2521.9241   14.1116
    7.5000   30.0000   15.0000 2514.7581   14.2788
   -7.5000   37.5000   15.0000 2344.6650   15.9302
    0.0000   37.5000   15.0000 2360.2410   15.7564
    7.5000   37.5000   15.0000 2356.8516   15.9386
   -7.5000   45.0000   15.0000 2174.3918   17.9919
    0.0000   45.0000   15.0000 2183.6860   17.7860
    7.5000   45.0000   15.0000 2175.1487   17.9669
   -7.5000  -45.0000   22.5000 2609.0356   12.9741
    0.0000  -45.0000   22.5000 2625.1985   12.7373
    7.5000  -45.0000   22.5000 2632.8921   12.8216
   -7.5000  -37.5000   22.5000 2723.3022   11.9464
    0.0000  -37.5000   22.5000 2740.2820   11.7524
    7.5000  -37.5000   22.5000 2745.8408   11.8560
   -7.5000  -30.0000   22.5000 2825.2898   11.1968
    0.0000  -30.0000   22.5000 2852.1082   11.0988
    7.5000  -30.0000   22.5000 2856.7754   11.1725
   -7.5000  -22.5000   22.5000 2907.6411   10.6783
    0.0000  -22.5000   22.5000 2936.5457   10.6356
    7.5000  -22.5000   22.5000 2933.0159   10.6539
   -7.5000  -15.0000   22.5000 2947.6497   10.4010
    0.0000  -15.0000   22.5000 2988.6582   10.3420
    7.5000  -15.0000   22.5000 2978.3894   10.3699
   -7.5000   -7.5000   22.5000 2955.3101   10.4637
    0.0000   -7.5000   22.5000 2990.8699   10.4169
    7.5000   -7.5000   22.5000 2976.8643   10.4577
   -7.5000    0.0000   22.5000 2910.8774   10.7871
    0.0000    0.0000   22.5000 2944.1228   10.7265
    7.5000    0.0000   22.5000 2925.0298   10.7733
   -7.5000    7.5000   22.5000 2830.6968   11.3156
    0.0000    7.5000   22.5000 2857.5398   11.2355
    7.5000    7.5000   22.5000 2843.5518   11.3035
   -7.5000   15.0000   22.5000 2721.6272   12.0815
    0.0000   15.0000   22.5000 2743.3940   11.9823
    7.5000   15.0000   22.5000 2734.4111   12.0987
   -7.5000   22.5000   22.5000 2602.9329   13.1042
    0.0000   22.5000   22.5000 2623.4407   12.9705
    7.5000   22.5000   22.5000 2613.4155   13.1117
   -7.5000   30.0000   22.5000 2469.2292   14.4035
    0.0000   30.0000   22.5000 2487.3479   14.2502
    7.5000   30.0000   22.5000 2479.5906   14.4000
   -7.5000   37.5000   22.5000 2312.5020   16.0804
    0.0000   37.5000   22.5000 2323.1226   15.8905
    7.5000   37.5000   22.5000 2320.7214   16.0543
   -7.5000   45.0000   22.5000 2141.2000   18.1658
    0.0000   45.0000   22.5000 2152.6572   17.9462
    7.5000   45.0000   22.5000 2149.9504   18.1142
   -7.5000  -45.0000   30.0000 2585.2595   13.4101
    0.0000  -45.0000   30.0000 2603.9321   13.1539
    7.5000  -45.0000   30.0000 2611.7996   13.2019
   -7.5000  -37.5000   30.0000 2695.3054   12.3912
    0.0000  -37.5000   30.0000 2713.7236   12.1867
    7.5000  -37.5000   30.0000 2724.5522   12.2406
   -7.5000  -30.0000   30.0000 2791.5508   11.6191
    0.0000  -30.0000   30.0000 2816.8030   11.4714
    7.5000  -30.0000   30.0000 2823.4670   11.5311
   -7.5000  -22.5000   30.0000 2860.6750   11.0605
    0.0000  -22.5000   30.0000 2887.7478   10.9031
    7.5000  -22.5000   30.0000 2885.8220   10.9579
   -7.5000  -15.0000   30.0000 2890.3928   10.7853
    0.0000  -15.0000   30.0000 2923.4888   10.6613
    7.5000  -15.0000   30.0000 2921.7100   10.7261
   -7.5000   -7.5000   30.0000 2885.2432   10.8474
    0.0000   -7.5000   30.0000 2918.8389   10.7614
    7.5000   -7.5000   30.0000 2912.7871   10.8407
   -7.5000    0.0000   30.0000 2842.0288   11.1908
    0.0000    0.0000   30.0000 2869.7991   11.1138
    7.5000    0.0000   30.0000 2857.3157   11.1716
   -7.5000    7.5000   30.0000 2764.5813   11.7505
    0.0000    7.5000   30.0000 2786.6570   11.6324
    7.5000    7.5000   30.0000 2778.9214   11.7052
   -7.5000   15.0000   30.0000 2662.5657   12.5416
    0.0000   15.0000   30.0000 2681.6304   12.4131
    7.5000   15.0000   30.0000 2678.3157   12.5317
   -7.5000   22.5000   30.0000 2546.5840   13.5553
    0.0000   22.5000   30.0000 2564.3303   13.4100
    7.5000   22.5000   30.0000 2560.0557   13.5432
   -7.5000   30.0000   30.0000 2412.5361   14.8265
    0.0000   30.0000   30.0000 2428.4622   14.6295
    7.5000   30.0000   30.0000 2426.3562   14.7851
   -7.5000   37.5000   30.0000 2259.0061   16.4992
    0.0000   37.5000   30.0000 2271.2334   16.2591
    7.5000   37.5000   30.0000 2272.1599   16.4227
   -7.5000   45.0000   30.0000 2100.0266   18.6299
    0.0000   45.0000   30.0000 2112.0735   18.3634
    7.5000   45.0000   30.0000 2108.6904   18.5245
   -7.5000  -45.0000   37.5000 2544.1177   14.0197
    0.0000  -45.0000   37.5000 2569.8611   13.6875
    7.5000  -45.0000   37.5000 2575.7888   13.7327
   -7.5000  -37.5000   37.5000 2650.2202   12.9741
    0.0000  -37.5000   37.5000 2672.7249   12.6981
    7.5000  -37.5000   37.5000 2682.4990   12.7578
   -7.5000  -30.0000   37.5000 2735.3616   12.1982
    0.0000  -30.0000   37.5000 2762.0623   11.9632
    7.5000  -30.0000   37.5000 2768.3193   12.0084
   -7.5000  -22.5000   37.5000 2794.1567   11.6208
    0.0000  -22.5000   37.5000 2822.9150   11.3776
    7.5000  -22.5000   37.5000 2820.0930   11.4530
   -7.5000  -15.0000   37.5000 2820.0034   11.3216
    0.0000  -15.0000   37.5000 2847.9805   11.1599
    7.5000  -15.0000   37.5000 2845.1560   11.2487
   -7.5000   -7.5000   37.5000 2802.5205   11.3839
    0.0000   -7.5000   37.5000 2837.9004   11.2562
    7.5000   -7.5000   37.5000 2838.9167   11.3607
   -7.5000    0.0000   37.5000 2754.7471   11.7262
    0.0000    0.0000   37.5000 2782.0811   11.6255
    7.5000    0.0000   37.5000 2782.1167   11.6860
   -7.5000    7.5000   37.5000 2685.1396   12.3110
    0.0000    7.5000   37.5000 2704.1189   12.1715
    7.5000    7.5000   37.5000 2700.8938   12.2376
   -7.5000   15.0000   37.5000 2589.9531   13.0934
    0.0000   15.0000   37.5000 2605.1045   12.9383
    7.5000   15.0000   37.5000 2603.0449   13.0654
   -7.5000   22.5000   37.5000 2481.4736   14.1570
    0.0000   22.5000   37.5000 2496.9478   13.9911
    7.5000   22.5000   37.5000 2492.4873   14.1249
   -7.5000   30.0000   37.5000 2345.8425   15.4887
    0.0000   30.0000   37.5000 2359.1821   15.2773
    7.5000   30.0000   37.5000 2353.9568   15.4204
   -7.5000   37.5000   37.5000 2195.9968   17.1728
    0.0000   37.5000   37.5000 2208.7380   16.9165
    7.5000   37.5000   37.5000 2209.1711   17.0882
   -7.5000   45.0000   37.5000 2053.1875   19.3013
    0.0000   45.0000   37.5000 2062.6289   19.0580
    7.5000   45.0000   37.5000 2059.5493   19.1930
   -7.5000  -45.0000   45.0000 2491.6389   14.7531
    0.0000  -45.0000   45.0000 2519.3413   14.3970
    7.5000  -45.0000   45.0000 2522.4290   14.4263
   -7.5000  -37.5000   45.0000 2587.5437   13.7009
    0.0000  -37.5000   45.0000 2617.0430   13.3825
    7.5000  -37.5000   45.0000 2620.8875   13.4136
   -7.5000  -30.0000   45.0000 2662.4644   12.9018
    0.0000  -30.0000   45.0000 2690.4001   12.6039
    7.5000  -30.0000   45.0000 2694.2178   12.6430
   -7.5000  -22.5000   45.0000 2713.4373   12.3220
    0.0000  -22.5000   45.0000 2739.8401   12.0634
    7.5000  -22.5000   45.0000 2736.7539   12.1218
   -7.5000  -15.0000   45.0000 2736.7190   12.0243
    0.0000  -15.0000   45.0000 2758.5398   11.8292
    7.5000  -15.0000   45.0000 2755.4055   11.8949
   -7.5000   -7.5000   45.0000 2716.1440   12.0758
    0.0000   -7.5000   45.0000 2745.8926   11.8966
    7.5000   -7.5000   45.0000 2750.7874   11.9862
   -7.5000    0.0000   45.0000 2672.8669   12.3968
    0.0000    0.0000   45.0000 2697.9219   12.2589
    7.5000    0.0000   45.0000 2697.1343   12.3292
   -7.5000    7.5000   45.0000 2601.0654   13.0197
    0.0000    7.5000   45.0000 2621.6790   12.8266
    7.5000    7.5000   45.0000 2616.5752   12.9232
   -7.5000   15.0000   45.0000 2508.1699   13.8237
    0.0000   15.0000   45.0000 2528.2761   13.6345
    7.5000   15.0000   45.0000 2523.3901   13.7543
   -7.5000   22.5000   45.0000 2400.3252   14.9194
    0.0000   22.5000   45.0000 2418.0962   14.7442
    7.5000   22.5000   45.0000 2413.8740   14.8659
   -7.5000   30.0000   45.0000 2268.1465   16.3132
    0.0000   30.0000   45.0000 2280.4727   16.1083
    7.5000   30.0000   45.0000 2276.6741   16.2306
   -7.5000   37.5000   45.0000 2130.8354   18.0826
    0.0000   37.5000   45.0000 2144.1870   17.8518
    7.5000   37.5000   45.0000 2141.6970   17.9844
   -7.5000   45.0000   45.0000 1992.9412   20.2403
    0.0000   45.0000   45.0000 1999.0074   20.0238
    7.5000   45.0000   45.0000 1994.9093   20.1866

---------------------------------------------------------------------
imgreg_4dfp /opt/freesurfer/average/711-2C_as_mni_average_305 /opt/freesurfer/average/711-2B_as_mni_average_305_mask talsrcimg_g11 none talsrcimg_to_711-2C_as_mni_average_305_t4 1283
---------------------------------------------------------------------

freesurfer imgreg_4dfp.c
/opt/freesurfer/average/711-2C_as_mni_average_305.4dfp.img
       256       256       256         1
  1.000000  1.000000  1.000000
orientation T byte_order littleendian
Reading image: /opt/freesurfer/average/711-2C_as_mni_average_305.4dfp.img
dimensions:      256       256       256
mmppix:       1.0000   -1.0000   -1.0000
center:     128.0000 -129.0000 -129.0000
/opt/freesurfer/average/711-2B_as_mni_average_305_mask.4dfp.img
       256       256       256         1
  1.000000  1.000000  1.000000
orientation T byte_order littleendian
Reading mask: /opt/freesurfer/average/711-2B_as_mni_average_305_mask.4dfp.img (2306576 pixels)
talsrcimg_g11.4dfp.img
       256       256       256         1
  1.000000  1.000000  1.000000
orientation T byte_order littleendian
Reading image: talsrcimg_g11.4dfp.img
dimensions:      256       256       256
mmppix:       1.0000   -1.0000   -1.0000
center:     128.0000 -129.0000 -129.0000
rotation matrix determinant  1.000000
fimgreg.f
image alignment mode   1283 decimal      503 hex
parameters
    0.0000   -7.5000    7.5000    0.0000    0.0000    0.0000
eta,q 0.95633 10.10163
niter,ni,del,rscale     5    3   12.0000    1.2000
parameter  2  1.011279 ->  0.500000 qaram    1.1500
parameter  5  1.927882 ->  0.500000 qaram    1.1500
parameters
    1.0042  -10.9500   10.2707    2.2422   -3.4500    0.8045
eta,q 0.96677  9.96371
  0.0565  0.0420  0.0538  0.0457  0.0325  0.0397
  0.0525  0.0412  0.0489  0.0435  0.0328  0.0366
  0.0489  0.0431  0.0444  0.0414  0.0358  0.0346
  0.0462  0.0458  0.0417  0.0402  0.0398  0.0334
  0.0460  0.0487  0.0404  0.0398  0.0436  0.0335
  0.0482  0.0518  0.0404  0.0400  0.0482  0.0349
  0.0522  0.0568  0.0424  0.0412  0.0520  0.0371
niter,ni,del,rscale     6    3   12.0000    1.2000
parameters
    2.4632  -12.0791   11.2789    2.3862   -6.7266    0.8977
eta,q 0.97161  9.98133
  0.0542  0.0425  0.0429  0.0377  0.0319  0.0347
  0.0464  0.0358  0.0381  0.0341  0.0293  0.0310
  0.0387  0.0314  0.0340  0.0313  0.0282  0.0288
  0.0332  0.0322  0.0311  0.0303  0.0303  0.0284
  0.0326  0.0373  0.0302  0.0314  0.0356  0.0292
  0.0360  0.0433  0.0327  0.0339  0.0421  0.0311
  0.0417  0.0487  0.0380  0.0368  0.0472  0.0339
niter,ni,del,rscale     5    3   12.0000    1.2000
parameters
    3.1453  -12.3237   11.1529    2.6631   -7.1691    0.8695
eta,q 0.97193  9.98438
  0.0481  0.0425  0.0378  0.0346  0.0365  0.0339
  0.0392  0.0348  0.0329  0.0310  0.0323  0.0304
  0.0321  0.0294  0.0293  0.0287  0.0294  0.0285
  0.0284  0.0280  0.0279  0.0279  0.0280  0.0281
  0.0289  0.0319  0.0292  0.0287  0.0293  0.0288
  0.0337  0.0372  0.0332  0.0304  0.0334  0.0307
  0.0414  0.0432  0.0391  0.0332  0.0397  0.0338
niter,ni,del,rscale     4    3   12.0000    1.2000
parameters
    3.2816  -12.4399   11.1153    2.7468   -7.2498    0.8619
eta,q 0.97196  9.98472
  0.0449  0.0431  0.0380  0.0341  0.0374  0.0338
  0.0368  0.0351  0.0331  0.0307  0.0328  0.0305
  0.0307  0.0297  0.0295  0.0286  0.0297  0.0285
  0.0281  0.0281  0.0280  0.0280  0.0280  0.0280
  0.0297  0.0315  0.0290  0.0288  0.0289  0.0288
  0.0355  0.0367  0.0328  0.0306  0.0326  0.0306
  0.0437  0.0429  0.0388  0.0336  0.0385  0.0337
niter,ni,del,rscale     3    3   12.0000    1.2000
parameters
    3.3112  -12.4766   11.1121    2.7682   -7.2656    0.8574
eta,q 0.97196  9.98470
  0.0443  0.0434  0.0381  0.0340  0.0375  0.0338
  0.0364  0.0353  0.0332  0.0306  0.0329  0.0305
  0.0305  0.0298  0.0296  0.0285  0.0298  0.0285
  0.0280  0.0280  0.0280  0.0280  0.0280  0.0280
  0.0299  0.0313  0.0289  0.0289  0.0289  0.0287
  0.0359  0.0365  0.0327  0.0307  0.0325  0.0306
  0.0442  0.0426  0.0387  0.0337  0.0383  0.0337
registration optimization eta report
parameter search radius
    6.0000    6.9000    6.0000    6.0000    6.9000    6.0000
100000*second partial in parameter space
       44.       30.       29.       16.       20.       16.
  0.0443  0.0434  0.0381  0.0340  0.0375  0.0338
  0.0364  0.0353  0.0332  0.0306  0.0329  0.0305
  0.0305  0.0298  0.0296  0.0285  0.0298  0.0285
  0.0280  0.0280  0.0280  0.0280  0.0280  0.0280
  0.0299  0.0313  0.0289  0.0289  0.0289  0.0287
  0.0359  0.0365  0.0327  0.0307  0.0325  0.0306
  0.0442  0.0426  0.0387  0.0337  0.0383  0.0337
    3.3112  -12.4766   11.1121    2.7682   -7.2656    0.8574
eta,q 0.97196  9.98470

---------------------------------------------------------------------
imgreg_4dfp /opt/freesurfer/average/711-2C_as_mni_average_305 /opt/freesurfer/average/711-2B_as_mni_average_305_mask talsrcimg_g11 none talsrcimg_to_711-2C_as_mni_average_305_t4 3335
---------------------------------------------------------------------

freesurfer imgreg_4dfp.c
/opt/freesurfer/average/711-2C_as_mni_average_305.4dfp.img
       256       256       256         1
  1.000000  1.000000  1.000000
orientation T byte_order littleendian
Reading image: /opt/freesurfer/average/711-2C_as_mni_average_305.4dfp.img
dimensions:      256       256       256
mmppix:       1.0000   -1.0000   -1.0000
center:     128.0000 -129.0000 -129.0000
/opt/freesurfer/average/711-2B_as_mni_average_305_mask.4dfp.img
       256       256       256         1
  1.000000  1.000000  1.000000
orientation T byte_order littleendian
Reading mask: /opt/freesurfer/average/711-2B_as_mni_average_305_mask.4dfp.img (2306576 pixels)
talsrcimg_g11.4dfp.img
       256       256       256         1
  1.000000  1.000000  1.000000
orientation T byte_order littleendian
Reading image: talsrcimg_g11.4dfp.img
dimensions:      256       256       256
mmppix:       1.0000   -1.0000   -1.0000
center:     128.0000 -129.0000 -129.0000
fimgreg.f
image alignment mode   3335 decimal      D07 hex
parameters
    3.3112  -12.4766   11.1121   -0.8141   -0.1187   -0.9187
   -0.8840   12.7030    1.4844   -4.6399  -12.6469    4.7907
eta,q 0.96989 10.12098
niter,ni,del,rscale     5    3    5.0000    1.2000
parameter  4  0.563115 ->  0.500000 qaram    1.1500
parameter  5  3.447255 ->  0.500000 qaram    1.1500
parameter  6  0.563296 ->  0.500000 qaram    1.1500
parameter 12  0.959402 ->  0.500000 qaram    1.1500
parameters
    3.4705  -12.3153   10.9312   -4.9541   -4.2587   -5.0587
   -0.0460   12.3770    2.2296   -6.3920  -11.9452    0.6507
eta,q 0.97791  9.79355
  0.0333  0.0320  0.0315  0.0298  0.0218  0.0238  0.0259  0.0266  0.0256  0.0249  0.0241  0.0220
  0.0317  0.0310  0.0306  0.0292  0.0236  0.0233  0.0246  0.0248  0.0244  0.0237  0.0235  0.0220
  0.0306  0.0303  0.0302  0.0292  0.0262  0.0233  0.0237  0.0236  0.0236  0.0231  0.0232  0.0224
  0.0301  0.0301  0.0301  0.0301  0.0291  0.0243  0.0233  0.0232  0.0232  0.0232  0.0231  0.0230
  0.0303  0.0302  0.0303  0.0316  0.0321  0.0264  0.0233  0.0238  0.0233  0.0241  0.0231  0.0240
  0.0311  0.0306  0.0310  0.0338  0.0354  0.0294  0.0239  0.0252  0.0239  0.0259  0.0233  0.0252
  0.0326  0.0315  0.0319  0.0363  0.0389  0.0331  0.0249  0.0273  0.0248  0.0282  0.0238  0.0266
niter,ni,del,rscale     7    3    5.0000    1.2000
parameter  5  0.925392 ->  0.500000 qaram    1.3225
parameters
    3.3262  -12.4227   10.8807   -3.7924   -9.0197   -5.0008
   -0.4311   12.3493    2.3066   -5.6992  -11.7965   -2.4817
eta,q 0.98145  9.69572
  0.0246  0.0244  0.0235  0.0258  0.0190  0.0219  0.0211  0.0226  0.0211  0.0224  0.0199  0.0192
  0.0232  0.0230  0.0227  0.0244  0.0187  0.0206  0.0198  0.0207  0.0199  0.0206  0.0193  0.0187
  0.0223  0.0223  0.0222  0.0231  0.0196  0.0197  0.0190  0.0194  0.0191  0.0194  0.0189  0.0186
  0.0221  0.0221  0.0221  0.0221  0.0218  0.0188  0.0188  0.0188  0.0188  0.0188  0.0188  0.0188
  0.0225  0.0225  0.0223  0.0218  0.0248  0.0186  0.0192  0.0192  0.0190  0.0189  0.0189  0.0194
  0.0236  0.0234  0.0228  0.0227  0.0282  0.0197  0.0202  0.0206  0.0198  0.0197  0.0192  0.0203
  0.0253  0.0248  0.0236  0.0247  0.0320  0.0227  0.0216  0.0227  0.0210  0.0213  0.0198  0.0216
niter,ni,del,rscale     7    3    5.0000    1.2000
parameters
    3.3209  -12.1815   10.8302   -2.4131  -10.9085   -4.5496
   -0.8557   12.3659    2.3034   -5.2220  -11.6407   -2.9718
eta,q 0.98210  9.68763
  0.0216  0.0220  0.0199  0.0227  0.0221  0.0215  0.0202  0.0219  0.0200  0.0212  0.0192  0.0193
  0.0200  0.0202  0.0191  0.0212  0.0198  0.0200  0.0189  0.0200  0.0189  0.0194  0.0185  0.0185
  0.0189  0.0191  0.0186  0.0197  0.0183  0.0190  0.0181  0.0185  0.0182  0.0184  0.0181  0.0180
  0.0186  0.0186  0.0185  0.0185  0.0182  0.0181  0.0179  0.0179  0.0179  0.0179  0.0179  0.0179
  0.0189  0.0187  0.0187  0.0182  0.0199  0.0177  0.0184  0.0184  0.0181  0.0181  0.0180  0.0181
  0.0199  0.0195  0.0192  0.0191  0.0231  0.0187  0.0194  0.0198  0.0189  0.0190  0.0184  0.0187
  0.0216  0.0209  0.0200  0.0211  0.0270  0.0216  0.0208  0.0220  0.0201  0.0204  0.0191  0.0197
niter,ni,del,rscale     6    3    5.0000    1.2000
parameters
    3.3344  -12.0686   10.9483   -1.9685  -11.1734   -4.4913
   -0.9718   12.3482    2.2373   -5.1391  -11.6028   -2.9934
eta,q 0.98216  9.69073
  0.0211  0.0210  0.0196  0.0219  0.0235  0.0212  0.0204  0.0218  0.0199  0.0208  0.0191  0.0194
  0.0194  0.0193  0.0187  0.0204  0.0209  0.0198  0.0190  0.0199  0.0188  0.0191  0.0184  0.0185
  0.0183  0.0183  0.0181  0.0189  0.0188  0.0188  0.0181  0.0184  0.0181  0.0182  0.0180  0.0180
  0.0179  0.0179  0.0179  0.0179  0.0178  0.0178  0.0178  0.0178  0.0178  0.0178  0.0178  0.0178
  0.0182  0.0181  0.0180  0.0180  0.0185  0.0176  0.0182  0.0183  0.0181  0.0182  0.0180  0.0180
  0.0193  0.0190  0.0185  0.0194  0.0210  0.0189  0.0191  0.0198  0.0188  0.0191  0.0184  0.0185
  0.0211  0.0204  0.0193  0.0216  0.0246  0.0220  0.0205  0.0220  0.0200  0.0206  0.0191  0.0194
niter,ni,del,rscale     5    3    5.0000    1.2000
parameters
    3.3387  -12.0627   10.9733   -1.8698  -11.2158   -4.4820
   -0.9759   12.3413    2.2078   -5.1466  -11.5736   -2.9722
eta,q 0.98217  9.69149
  0.0211  0.0206  0.0195  0.0216  0.0237  0.0212  0.0205  0.0218  0.0199  0.0207  0.0191  0.0194
  0.0193  0.0191  0.0186  0.0201  0.0210  0.0198  0.0190  0.0199  0.0188  0.0190  0.0184  0.0185
  0.0182  0.0181  0.0180  0.0187  0.0189  0.0187  0.0181  0.0184  0.0181  0.0181  0.0180  0.0180
  0.0178  0.0178  0.0178  0.0178  0.0178  0.0178  0.0178  0.0178  0.0178  0.0178  0.0178  0.0178
  0.0182  0.0182  0.0180  0.0181  0.0183  0.0177  0.0182  0.0183  0.0181  0.0182  0.0180  0.0180
  0.0193  0.0191  0.0185  0.0196  0.0207  0.0190  0.0191  0.0198  0.0188  0.0191  0.0184  0.0185
  0.0211  0.0206  0.0194  0.0219  0.0243  0.0221  0.0204  0.0219  0.0200  0.0206  0.0191  0.0194
niter,ni,del,rscale     4    3    5.0000    1.2000
parameters
    3.3392  -12.0652   10.9811   -1.8473  -11.2220   -4.4792
   -0.9676   12.3376    2.1942   -5.1507  -11.5611   -2.9657
eta,q 0.98217  9.69174
  0.0211  0.0206  0.0194  0.0216  0.0238  0.0212  0.0205  0.0218  0.0199  0.0207  0.0191  0.0194
  0.0193  0.0191  0.0186  0.0201  0.0211  0.0198  0.0190  0.0199  0.0188  0.0191  0.0184  0.0185
  0.0182  0.0181  0.0180  0.0186  0.0189  0.0187  0.0181  0.0184  0.0181  0.0181  0.0180  0.0180
  0.0178  0.0178  0.0178  0.0178  0.0178  0.0178  0.0178  0.0178  0.0178  0.0178  0.0178  0.0178
  0.0182  0.0182  0.0180  0.0181  0.0183  0.0177  0.0182  0.0183  0.0181  0.0182  0.0180  0.0180
  0.0193  0.0191  0.0186  0.0197  0.0206  0.0190  0.0191  0.0198  0.0188  0.0191  0.0184  0.0185
  0.0211  0.0206  0.0194  0.0220  0.0242  0.0221  0.0204  0.0219  0.0200  0.0206  0.0191  0.0194
registration optimization eta report
parameter search radius
    2.4000    2.4000    2.4000    8.2800    9.5220    8.2800
    7.2000    7.2000    7.2000    7.2000    7.2000    8.2800
100000*second partial in parameter space
       57.       48.       28.        6.        7.        6.
        5.        8.        4.        5.        2.        2.
  0.0211  0.0206  0.0194  0.0216  0.0238  0.0212  0.0205  0.0218  0.0199  0.0207  0.0191  0.0194
  0.0193  0.0191  0.0186  0.0201  0.0211  0.0198  0.0190  0.0199  0.0188  0.0191  0.0184  0.0185
  0.0182  0.0181  0.0180  0.0186  0.0189  0.0187  0.0181  0.0184  0.0181  0.0181  0.0180  0.0180
  0.0178  0.0178  0.0178  0.0178  0.0178  0.0178  0.0178  0.0178  0.0178  0.0178  0.0178  0.0178
  0.0182  0.0182  0.0180  0.0181  0.0183  0.0177  0.0182  0.0183  0.0181  0.0182  0.0180  0.0180
  0.0193  0.0191  0.0186  0.0197  0.0206  0.0190  0.0191  0.0198  0.0188  0.0191  0.0184  0.0185
  0.0211  0.0206  0.0194  0.0220  0.0242  0.0221  0.0204  0.0219  0.0200  0.0206  0.0191  0.0194
    3.3392  -12.0652   10.9811   -1.8473  -11.2220   -4.4792
   -0.9676   12.3376    2.1942   -5.1507  -11.5611   -2.9657
eta,q 0.98217  9.69174

---------------------------------------------------------------------
imgreg_4dfp /opt/freesurfer/average/711-2C_as_mni_average_305 /opt/freesurfer/average/711-2B_as_mni_average_305_mask talsrcimg_g11 none talsrcimg_to_711-2C_as_mni_average_305_t4 2311
---------------------------------------------------------------------

freesurfer imgreg_4dfp.c
/opt/freesurfer/average/711-2C_as_mni_average_305.4dfp.img
       256       256       256         1
  1.000000  1.000000  1.000000
orientation T byte_order littleendian
Reading image: /opt/freesurfer/average/711-2C_as_mni_average_305.4dfp.img
dimensions:      256       256       256
mmppix:       1.0000   -1.0000   -1.0000
center:     128.0000 -129.0000 -129.0000
/opt/freesurfer/average/711-2B_as_mni_average_305_mask.4dfp.img
       256       256       256         1
  1.000000  1.000000  1.000000
orientation T byte_order littleendian
Reading mask: /opt/freesurfer/average/711-2B_as_mni_average_305_mask.4dfp.img (2306576 pixels)
talsrcimg_g11.4dfp.img
       256       256       256         1
  1.000000  1.000000  1.000000
orientation T byte_order littleendian
Reading image: talsrcimg_g11.4dfp.img
dimensions:      256       256       256
mmppix:       1.0000   -1.0000   -1.0000
center:     128.0000 -129.0000 -129.0000
fimgreg.f
image alignment mode   2311 decimal      907 hex
parameters
    3.3392  -12.0652   10.9811   -1.8473  -11.2220   -4.4792
   -0.9676   12.3376    2.1942   -5.1507  -11.5611   -2.9657
eta,q 0.98217  9.69173
niter,ni,del,rscale     5    3    5.0000    0.8000
parameters
    3.3486  -12.0790   10.9768   -1.4029  -10.8020   -3.2525
   -1.1405   12.3837    2.1824   -5.3605  -11.4972   -3.7124
eta,q 0.98246  9.75181
  0.0193  0.0191  0.0186  0.0197  0.0198  0.0194  0.0188  0.0198  0.0186  0.0188  0.0182  0.0180
  0.0185  0.0184  0.0182  0.0188  0.0189  0.0188  0.0181  0.0186  0.0180  0.0181  0.0179  0.0177
  0.0180  0.0180  0.0179  0.0182  0.0182  0.0183  0.0177  0.0178  0.0177  0.0177  0.0176  0.0176
  0.0178  0.0178  0.0178  0.0178  0.0178  0.0178  0.0176  0.0176  0.0176  0.0176  0.0176  0.0176
  0.0180  0.0180  0.0179  0.0179  0.0178  0.0175  0.0177  0.0178  0.0177  0.0178  0.0176  0.0177
  0.0185  0.0184  0.0182  0.0183  0.0183  0.0177  0.0182  0.0186  0.0180  0.0183  0.0178  0.0179
  0.0193  0.0191  0.0186  0.0192  0.0193  0.0185  0.0189  0.0197  0.0186  0.0191  0.0182  0.0183
niter,ni,del,rscale     4    3    5.0000    0.7000
parameters
    3.3599  -12.0857   11.0320   -1.5637  -10.7491   -3.0772
   -1.1702   12.4131    2.1749   -5.3095  -11.5207   -3.7427
eta,q 0.98248  9.75746
  0.0188  0.0185  0.0182  0.0188  0.0190  0.0188  0.0185  0.0193  0.0183  0.0186  0.0180  0.0180
  0.0181  0.0180  0.0179  0.0181  0.0183  0.0183  0.0180  0.0183  0.0179  0.0180  0.0177  0.0177
  0.0177  0.0176  0.0176  0.0177  0.0178  0.0178  0.0176  0.0177  0.0176  0.0176  0.0176  0.0176
  0.0175  0.0175  0.0175  0.0175  0.0175  0.0175  0.0175  0.0175  0.0175  0.0175  0.0175  0.0175
  0.0177  0.0177  0.0176  0.0177  0.0177  0.0176  0.0176  0.0177  0.0176  0.0176  0.0176  0.0176
  0.0181  0.0180  0.0178  0.0182  0.0181  0.0179  0.0180  0.0183  0.0179  0.0180  0.0178  0.0177
  0.0187  0.0186  0.0181  0.0190  0.0190  0.0188  0.0185  0.0192  0.0183  0.0186  0.0180  0.0180
niter,ni,del,rscale     3    3    5.0000    0.6000
parameters
    3.3640  -12.0957   11.0451   -1.5824  -10.6993   -2.8977
   -1.1763   12.4225    2.1974   -5.3353  -11.5121   -3.7925
eta,q 0.98249  9.76391
  0.0184  0.0183  0.0180  0.0185  0.0186  0.0185  0.0182  0.0188  0.0181  0.0183  0.0179  0.0178
  0.0179  0.0178  0.0177  0.0180  0.0181  0.0181  0.0178  0.0181  0.0178  0.0179  0.0177  0.0177
  0.0176  0.0176  0.0176  0.0176  0.0177  0.0177  0.0176  0.0177  0.0176  0.0176  0.0176  0.0175
  0.0175  0.0175  0.0175  0.0175  0.0175  0.0175  0.0175  0.0175  0.0175  0.0175  0.0175  0.0175
  0.0176  0.0176  0.0176  0.0176  0.0176  0.0176  0.0176  0.0177  0.0176  0.0176  0.0175  0.0176
  0.0179  0.0179  0.0177  0.0180  0.0180  0.0178  0.0178  0.0181  0.0178  0.0179  0.0177  0.0177
  0.0184  0.0183  0.0180  0.0186  0.0186  0.0185  0.0183  0.0188  0.0181  0.0183  0.0179  0.0179
niter,ni,del,rscale     2    3    5.0000    0.5000
parameters
    3.3691  -12.1070   11.0615   -1.6079  -10.6680   -2.7504
   -1.2005   12.4250    2.2180   -5.3613  -11.5064   -3.8287
eta,q 0.98249  9.76871
  0.0181  0.0180  0.0179  0.0182  0.0183  0.0183  0.0180  0.0184  0.0179  0.0181  0.0178  0.0177
  0.0178  0.0177  0.0177  0.0178  0.0179  0.0179  0.0177  0.0179  0.0177  0.0178  0.0176  0.0176
  0.0176  0.0176  0.0176  0.0176  0.0176  0.0176  0.0176  0.0176  0.0176  0.0176  0.0175  0.0175
  0.0175  0.0175  0.0175  0.0175  0.0175  0.0175  0.0175  0.0175  0.0175  0.0175  0.0175  0.0175
  0.0176  0.0176  0.0175  0.0176  0.0176  0.0175  0.0176  0.0176  0.0175  0.0176  0.0175  0.0175
  0.0178  0.0177  0.0177  0.0178  0.0178  0.0178  0.0177  0.0179  0.0177  0.0178  0.0176  0.0176
  0.0181  0.0180  0.0178  0.0182  0.0183  0.0182  0.0180  0.0184  0.0179  0.0181  0.0178  0.0177
niter,ni,del,rscale     1    3    5.0000    0.4000
parameters
    3.3726  -12.1134   11.0743   -1.6253  -10.6338   -2.6576
   -1.2156   12.4279    2.2257   -5.3716  -11.5198   -3.8443
eta,q 0.98250  9.77232
  0.0179  0.0178  0.0177  0.0180  0.0180  0.0180  0.0178  0.0181  0.0178  0.0179  0.0177  0.0177
  0.0177  0.0176  0.0176  0.0177  0.0177  0.0178  0.0176  0.0178  0.0176  0.0177  0.0176  0.0176
  0.0175  0.0175  0.0175  0.0176  0.0176  0.0176  0.0175  0.0176  0.0175  0.0175  0.0175  0.0175
  0.0175  0.0175  0.0175  0.0175  0.0175  0.0175  0.0175  0.0175  0.0175  0.0175  0.0175  0.0175
  0.0175  0.0175  0.0175  0.0176  0.0175  0.0175  0.0175  0.0176  0.0175  0.0175  0.0175  0.0175
  0.0177  0.0176  0.0176  0.0177  0.0177  0.0177  0.0177  0.0178  0.0176  0.0177  0.0176  0.0176
  0.0179  0.0178  0.0177  0.0180  0.0180  0.0180  0.0178  0.0181  0.0178  0.0179  0.0177  0.0177
registration optimization eta report
parameter search radius
    0.8000    0.8000    0.8000    2.4000    2.4000    2.4000
    2.4000    2.4000    2.4000    2.4000    2.4000    2.4000
100000*second partial in parameter space
       63.       53.       36.        8.        9.        8.
        6.       11.        5.        7.        3.        3.
  0.0179  0.0178  0.0177  0.0180  0.0180  0.0180  0.0178  0.0181  0.0178  0.0179  0.0177  0.0177
  0.0177  0.0176  0.0176  0.0177  0.0177  0.0178  0.0176  0.0178  0.0176  0.0177  0.0176  0.0176
  0.0175  0.0175  0.0175  0.0176  0.0176  0.0176  0.0175  0.0176  0.0175  0.0175  0.0175  0.0175
  0.0175  0.0175  0.0175  0.0175  0.0175  0.0175  0.0175  0.0175  0.0175  0.0175  0.0175  0.0175
  0.0175  0.0175  0.0175  0.0176  0.0175  0.0175  0.0175  0.0176  0.0175  0.0175  0.0175  0.0175
  0.0177  0.0176  0.0176  0.0177  0.0177  0.0177  0.0177  0.0178  0.0176  0.0177  0.0176  0.0176
  0.0179  0.0178  0.0177  0.0180  0.0180  0.0180  0.0178  0.0181  0.0178  0.0179  0.0177  0.0177
    3.3726  -12.1134   11.0743   -1.6253  -10.6338   -2.6576
   -1.2156   12.4279    2.2257   -5.3716  -11.5198   -3.8443
eta,q 0.98250  9.77232

---------------------------------------------------------------------
imgreg_4dfp /opt/freesurfer/average/711-2C_as_mni_average_305 /opt/freesurfer/average/711-2B_as_mni_average_305_mask talsrcimg_g11 none talsrcimg_to_711-2C_as_mni_average_305_t4 2311
---------------------------------------------------------------------

freesurfer imgreg_4dfp.c
/opt/freesurfer/average/711-2C_as_mni_average_305.4dfp.img
       256       256       256         1
  1.000000  1.000000  1.000000
orientation T byte_order littleendian
Reading image: /opt/freesurfer/average/711-2C_as_mni_average_305.4dfp.img
dimensions:      256       256       256
mmppix:       1.0000   -1.0000   -1.0000
center:     128.0000 -129.0000 -129.0000
/opt/freesurfer/average/711-2B_as_mni_average_305_mask.4dfp.img
       256       256       256         1
  1.000000  1.000000  1.000000
orientation T byte_order littleendian
Reading mask: /opt/freesurfer/average/711-2B_as_mni_average_305_mask.4dfp.img (2306576 pixels)
talsrcimg_g11.4dfp.img
       256       256       256         1
  1.000000  1.000000  1.000000
orientation T byte_order littleendian
Reading image: talsrcimg_g11.4dfp.img
dimensions:      256       256       256
mmppix:       1.0000   -1.0000   -1.0000
center:     128.0000 -129.0000 -129.0000
fimgreg.f
image alignment mode   2311 decimal      907 hex
parameters
    3.3726  -12.1134   11.0743   -1.6253  -10.6338   -2.6576
   -1.2156   12.4279    2.2257   -5.3716  -11.5198   -3.8443
eta,q 0.98250  9.77232
niter,ni,del,rscale     5    3    5.0000    0.8000
parameters
    3.3619  -12.1145   11.0634   -1.7542  -10.8022   -3.1515
   -1.1436   12.4257    2.1907   -5.2854  -11.5565   -3.6071
eta,q 0.98247  9.75119
  0.0191  0.0188  0.0184  0.0191  0.0193  0.0188  0.0188  0.0197  0.0185  0.0190  0.0182  0.0182
  0.0182  0.0181  0.0179  0.0183  0.0184  0.0183  0.0181  0.0186  0.0180  0.0182  0.0178  0.0178
  0.0177  0.0176  0.0176  0.0177  0.0177  0.0177  0.0177  0.0178  0.0177  0.0177  0.0176  0.0176
  0.0175  0.0175  0.0175  0.0175  0.0175  0.0175  0.0175  0.0175  0.0175  0.0175  0.0175  0.0175
  0.0177  0.0176  0.0176  0.0177  0.0177  0.0177  0.0177  0.0178  0.0176  0.0177  0.0176  0.0176
  0.0182  0.0181  0.0179  0.0183  0.0184  0.0185  0.0181  0.0186  0.0180  0.0181  0.0178  0.0178
  0.0191  0.0188  0.0184  0.0194  0.0197  0.0199  0.0188  0.0197  0.0186  0.0189  0.0182  0.0181
niter,ni,del,rscale     4    3    5.0000    0.7000
parameters
    3.3657  -12.1017   11.0478   -1.6031  -10.7476   -3.0855
   -1.1559   12.4285    2.1954   -5.3317  -11.5352   -3.6880
eta,q 0.98248  9.75660
  0.0187  0.0186  0.0182  0.0190  0.0190  0.0188  0.0185  0.0193  0.0183  0.0186  0.0180  0.0180
  0.0181  0.0180  0.0178  0.0182  0.0183  0.0183  0.0180  0.0183  0.0179  0.0180  0.0178  0.0177
  0.0177  0.0176  0.0176  0.0177  0.0177  0.0178  0.0176  0.0177  0.0176  0.0176  0.0176  0.0176
  0.0175  0.0175  0.0175  0.0175  0.0175  0.0175  0.0175  0.0175  0.0175  0.0175  0.0175  0.0175
  0.0177  0.0176  0.0176  0.0176  0.0176  0.0176  0.0176  0.0177  0.0176  0.0177  0.0176  0.0176
  0.0181  0.0180  0.0178  0.0181  0.0181  0.0180  0.0180  0.0183  0.0179  0.0180  0.0177  0.0177
  0.0187  0.0185  0.0182  0.0188  0.0190  0.0189  0.0185  0.0193  0.0183  0.0186  0.0180  0.0180
niter,ni,del,rscale     3    3    5.0000    0.6000
parameters
    3.3672  -12.1033   11.0506   -1.5902  -10.7100   -2.9031
   -1.1799   12.4282    2.2033   -5.3507  -11.5325   -3.7793
eta,q 0.98249  9.76326
  0.0184  0.0183  0.0180  0.0185  0.0186  0.0185  0.0182  0.0188  0.0181  0.0183  0.0179  0.0178
  0.0179  0.0178  0.0177  0.0180  0.0181  0.0181  0.0178  0.0181  0.0178  0.0179  0.0177  0.0176
  0.0176  0.0176  0.0176  0.0176  0.0177  0.0177  0.0176  0.0177  0.0176  0.0176  0.0176  0.0175
  0.0175  0.0175  0.0175  0.0175  0.0175  0.0175  0.0175  0.0175  0.0175  0.0175  0.0175  0.0175
  0.0176  0.0176  0.0176  0.0176  0.0176  0.0176  0.0176  0.0177  0.0176  0.0176  0.0175  0.0176
  0.0179  0.0179  0.0177  0.0180  0.0180  0.0178  0.0178  0.0181  0.0178  0.0179  0.0177  0.0177
  0.0184  0.0183  0.0180  0.0185  0.0186  0.0185  0.0183  0.0188  0.0181  0.0183  0.0179  0.0179
niter,ni,del,rscale     2    3    5.0000    0.5000
parameters
    3.3701  -12.1051   11.0671   -1.6046  -10.6723   -2.7564
   -1.2030   12.4296    2.2209   -5.3630  -11.5200   -3.8247
eta,q 0.98250  9.76846
  0.0181  0.0180  0.0179  0.0182  0.0183  0.0183  0.0180  0.0184  0.0179  0.0181  0.0178  0.0177
  0.0178  0.0177  0.0177  0.0178  0.0179  0.0179  0.0177  0.0179  0.0177  0.0178  0.0176  0.0176
  0.0176  0.0176  0.0176  0.0176  0.0176  0.0176  0.0176  0.0176  0.0176  0.0176  0.0175  0.0175
  0.0175  0.0175  0.0175  0.0175  0.0175  0.0175  0.0175  0.0175  0.0175  0.0175  0.0175  0.0175
  0.0176  0.0176  0.0175  0.0176  0.0176  0.0175  0.0176  0.0176  0.0175  0.0176  0.0175  0.0175
  0.0178  0.0177  0.0177  0.0178  0.0178  0.0178  0.0177  0.0179  0.0177  0.0178  0.0176  0.0176
  0.0181  0.0180  0.0178  0.0182  0.0183  0.0182  0.0180  0.0184  0.0179  0.0181  0.0178  0.0178
niter,ni,del,rscale     1    3    5.0000    0.4000
parameters
    3.3732  -12.1139   11.0780   -1.6276  -10.6333   -2.6525
   -1.2228   12.4329    2.2333   -5.3736  -11.5212   -3.8506
eta,q 0.98250  9.77239
  0.0179  0.0178  0.0177  0.0180  0.0180  0.0180  0.0178  0.0181  0.0178  0.0179  0.0177  0.0177
  0.0177  0.0176  0.0176  0.0177  0.0177  0.0178  0.0176  0.0178  0.0176  0.0177  0.0176  0.0176
  0.0175  0.0175  0.0175  0.0176  0.0176  0.0176  0.0175  0.0176  0.0175  0.0175  0.0175  0.0175
  0.0175  0.0175  0.0175  0.0175  0.0175  0.0175  0.0175  0.0175  0.0175  0.0175  0.0175  0.0175
  0.0175  0.0175  0.0175  0.0176  0.0175  0.0175  0.0175  0.0176  0.0175  0.0175  0.0175  0.0175
  0.0177  0.0177  0.0176  0.0177  0.0177  0.0177  0.0177  0.0178  0.0176  0.0177  0.0176  0.0176
  0.0179  0.0178  0.0177  0.0180  0.0180  0.0180  0.0178  0.0181  0.0178  0.0179  0.0177  0.0177
registration optimization eta report
parameter search radius
    0.8000    0.8000    0.8000    2.4000    2.4000    2.4000
    2.4000    2.4000    2.4000    2.4000    2.4000    2.4000
100000*second partial in parameter space
       63.       52.       35.        8.        9.        9.
        6.       11.        5.        7.        3.        3.
  0.0179  0.0178  0.0177  0.0180  0.0180  0.0180  0.0178  0.0181  0.0178  0.0179  0.0177  0.0177
  0.0177  0.0176  0.0176  0.0177  0.0177  0.0178  0.0176  0.0178  0.0176  0.0177  0.0176  0.0176
  0.0175  0.0175  0.0175  0.0176  0.0176  0.0176  0.0175  0.0176  0.0175  0.0175  0.0175  0.0175
  0.0175  0.0175  0.0175  0.0175  0.0175  0.0175  0.0175  0.0175  0.0175  0.0175  0.0175  0.0175
  0.0175  0.0175  0.0175  0.0176  0.0175  0.0175  0.0175  0.0176  0.0175  0.0175  0.0175  0.0175
  0.0177  0.0177  0.0176  0.0177  0.0177  0.0177  0.0177  0.0178  0.0176  0.0177  0.0176  0.0176
  0.0179  0.0178  0.0177  0.0180  0.0180  0.0180  0.0178  0.0181  0.0178  0.0179  0.0177  0.0177
    3.3732  -12.1139   11.0780   -1.6276  -10.6333   -2.6525
   -1.2228   12.4329    2.2333   -5.3736  -11.5212   -3.8506
eta,q 0.98250  9.77239

---------------------------------------------------------------------
compute_vox2vox talsrcimg talsrcimg_to_711-2C_as_mni_average_305_t4 /opt/freesurfer/average/711-2C_as_mni_average_305
---------------------------------------------------------------------

freesurfer compute_vox2vox.c
Reading: talsrcimg.4dfp.ifh
Reading: talsrcimg_to_711-2C_as_mni_average_305_t4
Reading: /opt/freesurfer/average/711-2C_as_mni_average_305.4dfp.ifh
Writing: talsrcimg_to_711-2C_as_mni_average_305_t4_vox2vox.txt

start time Mon Mar 9 09:46:38 CET 2026
end		time Mon Mar 9 09:46:53 CET 2026

mpr2mni305 success

avi2talxfm orig_nu.mgz /opt/freesurfer/average/mni305.cor.mgz talsrcimg_to_711-2C_as_mni_average_305_t4_vox2vox.txt transforms/talairach.auto.xfm
avi2talxfm done
mv -f /out/sourcedata/freesurfer/sub-v1s21x0050391_ses-1/mri/talsrcimg_to_711-2C_as_mni_average_305_t4_vox2vox.txt /out/sourcedata/freesurfer/sub-v1s21x0050391_ses-1/mri/transforms/talsrcimg_to_711-2C_as_mni_average_305_t4_vox2vox.txt
lta_convert --src orig_nu.mgz --trg /opt/freesurfer/average/mni305.cor.mgz --inxfm transforms/talairach.auto.xfm --outlta transforms/talairach.auto.xfm.lta --subject fsaverage
7.3.2

--src: orig_nu.mgz src image (geometry).
--trg: /opt/freesurfer/average/mni305.cor.mgz trg image (geometry).
--inmni: transforms/talairach.auto.xfm input MNI/XFM transform.
--outlta: transforms/talairach.auto.xfm.lta output LTA.
--s: fsaverage subject name
 LTA read, type : 1
 1.00143  -0.12745   0.00821  -2.44289;
 0.11781   1.01470   0.04533  -11.67675;
-0.01794   0.06420   1.12151   12.30287;
 0.00000   0.00000   0.00000   1.00000;
setting subject to fsaverage
Writing  LTA to file transforms/talairach.auto.xfm.lta...
lta_convert successful.
 
 
Started at Mon Mar 9 09:46:38 CET 2026
Ended   at Mon Mar  9 09:46:53 CET 2026
talairach_avi done
