/out/sourcedata/freesurfer/sub-v1s21x0050422_ses-1/mri
/opt/freesurfer/bin/talairach_avi
--i orig_nu.mgz --xfm transforms/talairach.auto.xfm
talairach_avi 7.3.2
Linux dna006 5.14.0-427.37.1.el9_4.x86_64 #1 SMP PREEMPT_DYNAMIC Fri Sep 13 12:41:50 EDT 2024 x86_64 x86_64 x86_64 GNU/Linux
Mon Mar  9 11:36:39 CET 2026
mri_convert orig_nu.mgz talsrcimg.img 
reading from orig_nu.mgz...
TR=0.00, TE=0.00, TI=0.00, flip angle=0.00
i_ras = (-1, 0, 0)
j_ras = (0, 0, -1)
k_ras = (0, 1, 0)
writing to talsrcimg.img...
Analyze Output Matrix
-1.00000   0.00000   0.00000   129.70000;
 0.00000   0.00000   1.00000  -128.50000;
 0.00000  -1.00000   0.00000   129.50000;
 0.00000   0.00000   0.00000   1.00000;
--------------------
INFO: set hdr.hist.orient to -1
mpr2mni305 talsrcimg
Mon Mar  9 11:36:39 CET 2026
/opt/freesurfer/bin/mpr2mni305 talsrcimg
mpr2mni305 7.3.2
target=711-2C_as_mni_average_305

---------------------------------------------------------------------
analyzeto4dfp talsrcimg -O0 -y
---------------------------------------------------------------------

freesurfer ifh2hdr.c
Mon Mar  9 11:36:39 2026
Writing: talsrcimg.4dfp.hdr
freesurfer analyzeto4dfp.c
Reading: talsrcimg.hdr
header size 348 bytes
hdr.dime.datatype	offset=70	value=2
hdr.dime.bitpix		offset=72	value=8
hdr.hist.orient		offset=252	value=-1
dimensionality     4
dimensions       256       256       256         1
Reading: talsrcimg.img
Writing: talsrcimg.4dfp.img
Writing: talsrcimg.4dfp.ifh
ifh2hdr talsrcimg -r0to234
ori=2

---------------------------------------------------------------------
gauss_4dfp talsrcimg 1.1
---------------------------------------------------------------------

freesurfer gauss_4dfp.c
Reading: talsrcimg.4dfp.img
Writing: talsrcimg_g11.4dfp.img
image dimensions 256 256 256 padded to 288 288 288
processing volume 1freesurfer ifh2hdr.c
Mon Mar  9 11:36:41 2026
Writing: talsrcimg_g11.4dfp.hdr

Writing: talsrcimg_g11.4dfp.ifh
including: talsrcimg.4dfp.img.rec in talsrcimg_g11.4dfp.img.rec

---------------------------------------------------------------------
imgreg_4dfp /opt/freesurfer/average/711-2C_as_mni_average_305 none talsrcimg_g11 none talsrcimg_to_711-2C_as_mni_average_305_t4 4355
---------------------------------------------------------------------

freesurfer imgreg_4dfp.c
/opt/freesurfer/average/711-2C_as_mni_average_305.4dfp.img
       256       256       256         1
  1.000000  1.000000  1.000000
orientation T byte_order littleendian
Reading image: /opt/freesurfer/average/711-2C_as_mni_average_305.4dfp.img
dimensions:      256       256       256
mmppix:       1.0000   -1.0000   -1.0000
center:     128.0000 -129.0000 -129.0000
talsrcimg_g11.4dfp.img
       256       256       256         1
  1.000000  1.000000  1.000000
orientation T byte_order littleendian
Reading image: talsrcimg_g11.4dfp.img
dimensions:      256       256       256
mmppix:       1.0000   -1.0000   -1.0000
center:     128.0000 -129.0000 -129.0000
t4_read: open error in t4_sub.f l:  41 t4_file(1:l)talsrcimg_to_711-2C_as_mni_average_305_t4 
t4_read: transform initialized to I4
rotation matrix determinant  1.000000
image alignment mode   4355 decimal     1103 hex
   -7.5000  -45.0000  -45.0000 8257.0938   20.7194
    0.0000  -45.0000  -45.0000 8599.3906   20.6938
    7.5000  -45.0000  -45.0000 8231.7510   20.6976
   -7.5000  -37.5000  -45.0000 8782.3867   20.7837
    0.0000  -37.5000  -45.0000 9164.5996   20.7541
    7.5000  -37.5000  -45.0000 8764.9629   20.7516
   -7.5000  -30.0000  -45.0000 9513.6445   20.8146
    0.0000  -30.0000  -45.0000 9930.1719   20.7811
    7.5000  -30.0000  -45.0000 9476.9824   20.7796
   -7.5000  -22.5000  -45.000010182.1787   20.7745
    0.0000  -22.5000  -45.000010618.4512   20.7437
    7.5000  -22.5000  -45.000010123.9326   20.7534
   -7.5000  -15.0000  -45.000010773.9307   20.7119
    0.0000  -15.0000  -45.000011238.2891   20.6889
    7.5000  -15.0000  -45.000010734.2910   20.7088
   -7.5000   -7.5000  -45.000011335.7041   20.6875
    0.0000   -7.5000  -45.000011797.0137   20.6659
    7.5000   -7.5000  -45.000011299.7510   20.6809
   -7.5000    0.0000  -45.000011830.6191   20.7194
    0.0000    0.0000  -45.000012322.5020   20.6938
    7.5000    0.0000  -45.000011830.2148   20.6976
   -7.5000    7.5000  -45.000011500.5791   20.7837
    0.0000    7.5000  -45.000011945.2969   20.7541
    7.5000    7.5000  -45.000011438.0000   20.7516
   -7.5000   15.0000  -45.000010995.2109   20.8146
    0.0000   15.0000  -45.000011427.7627   20.7811
    7.5000   15.0000  -45.000010918.7334   20.7796
   -7.5000   22.5000  -45.000010082.4287   20.7717
    0.0000   22.5000  -45.000010474.4326   20.7408
    7.5000   22.5000  -45.0000 9997.9912   20.7505
   -7.5000   30.0000  -45.0000 9189.1797   20.4359
    0.0000   30.0000  -45.0000 9572.9893   20.4132
    7.5000   30.0000  -45.0000 9156.5059   20.4328
   -7.5000   37.5000  -45.0000 8705.1963   20.4118
    0.0000   37.5000  -45.0000 9063.2549   20.3905
    7.5000   37.5000  -45.0000 8645.6807   20.4053
   -7.5000   45.0000  -45.0000 7899.9053   19.9242
    0.0000   45.0000  -45.0000 8201.0098   19.8996
    7.5000   45.0000  -45.0000 7836.9512   19.9033
   -7.5000  -45.0000  -37.5000 8808.8994   20.6343
    0.0000  -45.0000  -37.5000 9198.6025   20.6096
    7.5000  -45.0000  -37.5000 8804.2881   20.6266
   -7.5000  -37.5000  -37.5000 9376.5127   20.6903
    0.0000  -37.5000  -37.5000 9797.4707   20.6643
    7.5000  -37.5000  -37.5000 9369.2314   20.6737
   -7.5000  -30.0000  -37.500010155.2051   20.7184
    0.0000  -30.0000  -37.500010619.6943   20.6940
    7.5000  -30.0000  -37.500010132.0986   20.7040
   -7.5000  -22.5000  -37.500010846.6182   20.6822
    0.0000  -22.5000  -37.500011335.5479   20.6635
    7.5000  -22.5000  -37.500010829.8779   20.6867
   -7.5000  -15.0000  -37.500011486.0986   20.6289
    0.0000  -15.0000  -37.500011995.3682   20.6155
    7.5000  -15.0000  -37.500011473.0986   20.6504
   -7.5000   -7.5000  -37.500012031.5508   20.6090
    0.0000   -7.5000  -37.500012556.2646   20.5912
    7.5000   -7.5000  -37.500012024.4570   20.6203
   -7.5000    0.0000  -37.500012563.5459   20.6343
    0.0000    0.0000  -37.500013104.8926   20.6096
    7.5000    0.0000  -37.500012573.5977   20.6266
   -7.5000    7.5000  -37.500012162.6572   20.6903
    0.0000    7.5000  -37.500012643.3613   20.6643
    7.5000    7.5000  -37.500012116.1211   20.6737
   -7.5000   15.0000  -37.500011615.9863   20.7184
    0.0000   15.0000  -37.500012112.6777   20.6940
    7.5000   15.0000  -37.500011585.7666   20.7040
   -7.5000   22.5000  -37.500010608.9600   20.6794
    0.0000   22.5000  -37.500011086.1318   20.6607
    7.5000   22.5000  -37.500010615.8330   20.6839
   -7.5000   30.0000  -37.5000 9670.8438   20.3540
    0.0000   30.0000  -37.500010079.5322   20.3408
    7.5000   30.0000  -37.5000 9681.2627   20.3752
   -7.5000   37.5000  -37.5000 9152.5205   20.3344
    0.0000   37.5000  -37.5000 9507.7490   20.3168
    7.5000   37.5000  -37.5000 9112.5918   20.3455
   -7.5000   45.0000  -37.5000 8281.2061   19.8424
    0.0000   45.0000  -37.5000 8584.0596   19.8186
    7.5000   45.0000  -37.5000 8232.8828   19.8349
   -7.5000  -45.0000  -30.0000 9525.0293   21.4761
    0.0000  -45.0000  -30.0000 9958.9092   21.4564
    7.5000  -45.0000  -30.0000 9506.5713   21.4925
   -7.5000  -37.5000  -30.000010126.0850   21.5215
    0.0000  -37.5000  -30.000010576.7490   21.5019
    7.5000  -37.5000  -30.000010123.4189   21.5290
   -7.5000  -30.0000  -30.000010960.7266   21.5425
    0.0000  -30.0000  -30.000011447.5293   21.5243
    7.5000  -30.0000  -30.000010959.7188   21.5473
   -7.5000  -22.5000  -30.000011700.6699   21.5088
    0.0000  -22.5000  -30.000012230.8281   21.4940
    7.5000  -22.5000  -30.000011689.1514   21.5275
   -7.5000  -15.0000  -30.000012408.2529   21.4646
    0.0000  -15.0000  -30.000012956.8311   21.4520
    7.5000  -15.0000  -30.000012375.2529   21.4976
   -7.5000   -7.5000  -30.000012971.6348   21.4526
    0.0000   -7.5000  -30.000013562.0557   21.4367
    7.5000   -7.5000  -30.000012959.1533   21.4807
   -7.5000    0.0000  -30.000013527.6787   21.4760
    0.0000    0.0000  -30.000014138.9473   21.4564
    7.5000    0.0000  -30.000013534.7227   21.4925
   -7.5000    7.5000  -30.000013003.6553   21.5215
    0.0000    7.5000  -30.000013586.7412   21.5019
    7.5000    7.5000  -30.000013020.7314   21.5290
   -7.5000   15.0000  -30.000012394.4521   21.5425
    0.0000   15.0000  -30.000012970.8691   21.5243
    7.5000   15.0000  -30.000012412.3545   21.5473
   -7.5000   22.5000  -30.000011376.8984   21.5036
    0.0000   22.5000  -30.000011863.2158   21.4888
    7.5000   22.5000  -30.000011392.8340   21.5223
   -7.5000   30.0000  -30.000010347.5273   21.1806
    0.0000   30.0000  -30.000010788.6602   21.1681
    7.5000   30.0000  -30.000010390.3027   21.2132
   -7.5000   37.5000  -30.0000 9740.7910   21.1688
    0.0000   37.5000  -30.000010138.9580   21.1531
    7.5000   37.5000  -30.0000 9749.7207   21.1965
   -7.5000   45.0000  -30.0000 8760.4092   20.6670
    0.0000   45.0000  -30.0000 9099.1836   20.6480
    7.5000   45.0000  -30.0000 8761.3672   20.6828
   -7.5000  -45.0000  -22.500010232.8809   22.2409
    0.0000  -45.0000  -22.500010727.4668   22.2265
    7.5000  -45.0000  -22.500010216.3271   22.2687
   -7.5000  -37.5000  -22.500010875.6797   22.2820
    0.0000  -37.5000  -22.500011391.2930   22.2649
    7.5000  -37.5000  -22.500010867.6641   22.2975
   -7.5000  -30.0000  -22.500011758.5459   22.2977
    0.0000  -30.0000  -22.500012320.5322   22.2755
    7.5000  -30.0000  -22.500011766.7041   22.2985
   -7.5000  -22.5000  -22.500012576.1709   22.2652
    0.0000  -22.5000  -22.500013151.0908   22.2409
    7.5000  -22.5000  -22.500012540.8955   22.2686
   -7.5000  -15.0000  -22.500013328.0830   22.2234
    0.0000  -15.0000  -22.500013913.6357   22.2020
    7.5000  -15.0000  -22.500013233.3613   22.2406
   -7.5000   -7.5000  -22.500013949.1895   22.2147
    0.0000   -7.5000  -22.500014579.1172   22.1981
    7.5000   -7.5000  -22.500013879.1396   22.2416
   -7.5000    0.0000  -22.500014542.0537   22.2409
    0.0000    0.0000  -22.500015253.5488   22.2265
    7.5000    0.0000  -22.500014542.2812   22.2687
   -7.5000    7.5000  -22.500013942.7471   22.2820
    0.0000    7.5000  -22.500014590.3408   22.2649
    7.5000    7.5000  -22.500013906.7803   22.2975
   -7.5000   15.0000  -22.500013238.8643   22.2977
    0.0000   15.0000  -22.500013841.2451   22.2755
    7.5000   15.0000  -22.500013200.0674   22.2985
   -7.5000   22.5000  -22.500012136.4951   22.2583
    0.0000   22.5000  -22.500012670.5361   22.2340
    7.5000   22.5000  -22.500012166.2598   22.2617
   -7.5000   30.0000  -22.500011031.0762   21.9327
    0.0000   30.0000  -22.500011544.4043   21.9116
    7.5000   30.0000  -22.500011098.3633   21.9496
   -7.5000   37.5000  -22.500010375.2803   21.9241
    0.0000   37.5000  -22.500010805.6406   21.9078
    7.5000   37.5000  -22.500010406.2334   21.9507
   -7.5000   45.0000  -22.5000 9291.9893   21.4191
    0.0000   45.0000  -22.5000 9665.1426   21.4052
    7.5000   45.0000  -22.5000 9310.4805   21.4459
   -7.5000  -45.0000  -15.000010890.7969   22.8246
    0.0000  -45.0000  -15.000011412.1738   22.8074
    7.5000  -45.0000  -15.000010878.8350   22.8373
   -7.5000  -37.5000  -15.000011573.5078   22.8749
    0.0000  -37.5000  -15.000012121.5049   22.8524
    7.5000  -37.5000  -15.000011572.7803   22.8731
   -7.5000  -30.0000  -15.000012579.7637   22.8954
    0.0000  -30.0000  -15.000013164.2139   22.8619
    7.5000  -30.0000  -15.000012547.4375   22.8726
   -7.5000  -22.5000  -15.000013455.7432   22.8599
    0.0000  -22.5000  -15.000014047.4043   22.8213
    7.5000  -22.5000  -15.000013352.5762   22.8346
   -7.5000  -15.0000  -15.000014225.8203   22.8081
    0.0000  -15.0000  -15.000014842.1182   22.7753
    7.5000  -15.0000  -15.000014063.3984   22.7984
   -7.5000   -7.5000  -15.000014908.0527   22.7931
    0.0000   -7.5000  -15.000015591.6152   22.7709
    7.5000   -7.5000  -15.000014774.3711   22.8004
   -7.5000    0.0000  -15.000015569.0957   22.8246
    0.0000    0.0000  -15.000016306.3467   22.8074
    7.5000    0.0000  -15.000015501.2578   22.8373
   -7.5000    7.5000  -15.000014882.6611   22.8749
    0.0000    7.5000  -15.000015580.5459   22.8524
    7.5000    7.5000  -15.000014798.0947   22.8731
   -7.5000   15.0000  -15.000014049.1855   22.8954
    0.0000   15.0000  -15.000014677.1025   22.8619
    7.5000   15.0000  -15.000014004.0840   22.8726
   -7.5000   22.5000  -15.000012924.2461   22.8518
    0.0000   22.5000  -15.000013482.3047   22.8132
    7.5000   22.5000  -15.000012907.0391   22.8265
   -7.5000   30.0000  -15.000011782.2256   22.5130
    0.0000   30.0000  -15.000012329.9102   22.4805
    7.5000   30.0000  -15.000011781.1240   22.5034
   -7.5000   37.5000  -15.000011069.1846   22.4981
    0.0000   37.5000  -15.000011546.2207   22.4762
    7.5000   37.5000  -15.000011040.3193   22.5053
   -7.5000   45.0000  -15.0000 9885.9219   21.9945
    0.0000   45.0000  -15.000010306.0020   21.9779
    7.5000   45.0000  -15.0000 9867.8818   22.0067
   -7.5000  -45.0000   -7.500011593.3418   23.1153
    0.0000  -45.0000   -7.500012106.8379   23.0911
    7.5000  -45.0000   -7.500011569.9482   23.1015
   -7.5000  -37.5000   -7.500012333.1934   23.1799
    0.0000  -37.5000   -7.500012860.2285   23.1497
    7.5000  -37.5000   -7.500012292.5176   23.1525
   -7.5000  -30.0000   -7.500013455.8906   23.2091
    0.0000  -30.0000   -7.500014015.8701   23.1685
    7.5000  -30.0000   -7.500013352.5059   23.1668
   -7.5000  -22.5000   -7.500014505.4561   23.1680
    0.0000  -22.5000   -7.500015108.5752   23.1246
    7.5000  -22.5000   -7.500014288.0361   23.1298
   -7.5000  -15.0000   -7.500015307.3418   23.1032
    0.0000  -15.0000   -7.500015914.2002   23.0682
    7.5000  -15.0000   -7.500015032.1201   23.0835
   -7.5000   -7.5000   -7.500015929.0869   23.0796
    0.0000   -7.5000   -7.500016594.5215   23.0534
    7.5000   -7.5000   -7.500015768.7324   23.0694
   -7.5000    0.0000   -7.500016526.8438   23.1153
    0.0000    0.0000   -7.500017291.5039   23.0911
    7.5000    0.0000   -7.500016481.3730   23.1015
   -7.5000    7.5000   -7.500015750.5205   23.1799
    0.0000    7.5000   -7.500016461.9648   23.1497
    7.5000    7.5000   -7.500015695.0527   23.1525
   -7.5000   15.0000   -7.500014891.1357   23.2091
    0.0000   15.0000   -7.500015534.7959   23.1685
    7.5000   15.0000   -7.500014802.2520   23.1668
   -7.5000   22.5000   -7.500013744.4873   23.1573
    0.0000   22.5000   -7.500014349.2207   23.1139
    7.5000   22.5000   -7.500013695.5010   23.1191
   -7.5000   30.0000   -7.500012576.2480   22.8036
    0.0000   30.0000   -7.500013112.1885   22.7691
    7.5000   30.0000   -7.500012497.7744   22.7841
   -7.5000   37.5000   -7.500011808.1807   22.7803
    0.0000   37.5000   -7.500012283.1689   22.7545
    7.5000   37.5000   -7.500011693.8633   22.7703
   -7.5000   45.0000   -7.500010563.7500   22.2788
    0.0000   45.0000   -7.500010965.5498   22.2555
    7.5000   45.0000   -7.500010451.9893   22.2655
   -7.5000  -45.0000    0.000012174.6143   23.1402
    0.0000  -45.0000    0.000012674.8398   23.1120
    7.5000  -45.0000    0.000012135.7305   23.1162
   -7.5000  -37.5000    0.000012905.1270   23.2101
    0.0000  -37.5000    0.000013401.7354   23.1772
    7.5000  -37.5000    0.000012877.2480   23.1743
   -7.5000  -30.0000    0.000014130.9873   23.2440
    0.0000  -30.0000    0.000014698.0664   23.2065
    7.5000  -30.0000    0.000013996.2275   23.2045
   -7.5000  -22.5000    0.000015458.6309   23.2009
    0.0000  -22.5000    0.000016131.2363   23.1664
    7.5000  -22.5000    0.000015078.8916   23.1768
   -7.5000  -15.0000    0.000016478.0898   23.1332
    0.0000  -15.0000    0.000017132.7578   23.1076
    7.5000  -15.0000    0.000016090.2188   23.1295
   -7.5000   -7.5000    0.000016955.5938   23.1061
    0.0000   -7.5000    0.000017641.8672   23.0824
    7.5000   -7.5000    0.000016838.0000   23.0990
   -7.5000    0.0000    0.000017459.8828   23.1402
    0.0000    0.0000    0.000018190.8438   23.1120
    7.5000    0.0000    0.000017436.7188   23.1162
   -7.5000    7.5000    0.000016613.9492   23.2101
    0.0000    7.5000    0.000017314.8789   23.1772
    7.5000    7.5000    0.000016542.9199   23.1743
   -7.5000   15.0000    0.000015710.0449   23.2440
    0.0000   15.0000    0.000016326.8906   23.2065
    7.5000   15.0000    0.000015527.1514   23.2045
   -7.5000   22.5000    0.000014498.4717   23.1902
    0.0000   22.5000    0.000015087.6494   23.1557
    7.5000   22.5000    0.000014354.1006   23.1662
   -7.5000   30.0000    0.000013269.1064   22.8338
    0.0000   30.0000    0.000013773.1484   22.8085
    7.5000   30.0000    0.000013074.3398   22.8301
   -7.5000   37.5000    0.000012433.4492   22.8071
    0.0000   37.5000    0.000012898.4307   22.7837
    7.5000   37.5000    0.000012239.3682   22.8000
   -7.5000   45.0000    0.000011109.9014   22.3045
    0.0000   45.0000    0.000011526.1221   22.2773
    7.5000   45.0000    0.000010948.9023   22.2813
   -7.5000  -45.0000    7.500011782.1855   23.0900
    0.0000  -45.0000    7.500012249.3320   23.0624
    7.5000  -45.0000    7.500011744.1729   23.0814
   -7.5000  -37.5000    7.500012472.8848   23.1526
    0.0000  -37.5000    7.500012926.8662   23.1234
    7.5000  -37.5000    7.500012446.3701   23.1341
   -7.5000  -30.0000    7.500013645.2246   23.1840
    0.0000  -30.0000    7.500014146.5947   23.1567
    7.5000  -30.0000    7.500013541.8232   23.1680
   -7.5000  -22.5000    7.500015002.4961   23.1437
    0.0000  -22.5000    7.500015613.0947   23.1228
    7.5000  -22.5000    7.500014647.7402   23.1488
   -7.5000  -15.0000    7.500016126.9355   23.0841
    0.0000  -15.0000    7.500016743.4941   23.0691
    7.5000  -15.0000    7.500015765.3213   23.1081
   -7.5000   -7.5000    7.500016680.3711   23.0618
    0.0000   -7.5000    7.500017296.9102   23.0419
    7.5000   -7.5000    7.500016484.0605   23.0744
   -7.5000    0.0000    7.500017278.9863   23.0900
    0.0000    0.0000    7.500017916.0430   23.0623
    7.5000    0.0000    7.500017013.8945   23.0814
   -7.5000    7.5000    7.500016380.0010   23.1526
    0.0000    7.5000    7.500016990.4902   23.1234
    7.5000    7.5000    7.500016094.7725   23.1341
   -7.5000   15.0000    7.500015300.7969   23.1840
    0.0000   15.0000    7.500015828.5449   23.1567
    7.5000   15.0000    7.500015038.4775   23.1680
   -7.5000   22.5000    7.500014063.4170   23.1330
    0.0000   22.5000    7.500014553.8164   23.1121
    7.5000   22.5000    7.500013886.5752   23.1381
   -7.5000   30.0000    7.500012850.0371   22.7854
    0.0000   30.0000    7.500013295.4590   22.7705
    7.5000   30.0000    7.500012700.6924   22.8090
   -7.5000   37.5000    7.500012078.1572   22.7633
    0.0000   37.5000    7.500012488.2041   22.7437
    7.5000   37.5000    7.500011889.8828   22.7758
   -7.5000   45.0000    7.500010749.7275   22.2561
    0.0000   45.0000    7.500011129.0283   22.2294
    7.5000   45.0000    7.500010614.2051   22.2478
   -7.5000  -45.0000   15.000011245.9375   23.0618
    0.0000  -45.0000   15.000011673.2939   23.0407
    7.5000  -45.0000   15.000011255.9082   23.0795
   -7.5000  -37.5000   15.000011890.4834   23.1107
    0.0000  -37.5000   15.000012324.2998   23.0895
    7.5000  -37.5000   15.000011880.0254   23.1187
   -7.5000  -30.0000   15.000013019.0967   23.1332
    0.0000  -30.0000   15.000013465.2275   23.1136
    7.5000  -30.0000   15.000012919.1045   23.1383
   -7.5000  -22.5000   15.000014163.7959   23.0970
    0.0000  -22.5000   15.000014689.9893   23.0811
    7.5000  -22.5000   15.000013952.7578   23.1171
   -7.5000  -15.0000   15.000015105.1162   23.0495
    0.0000  -15.0000   15.000015624.2617   23.0360
    7.5000  -15.0000   15.000014908.0850   23.0850
   -7.5000   -7.5000   15.000015857.1768   23.0367
    0.0000   -7.5000   15.000016438.0605   23.0196
    7.5000   -7.5000   15.000015640.6494   23.0668
   -7.5000    0.0000   15.000016595.1348   23.0618
    0.0000    0.0000   15.000017291.9766   23.0407
    7.5000    0.0000   15.000016304.3750   23.0795
   -7.5000    7.5000   15.000015689.3916   23.1107
    0.0000    7.5000   15.000016328.8037   23.0895
    7.5000    7.5000   15.000015457.0967   23.1187
   -7.5000   15.0000   15.000014538.5186   23.1332
    0.0000   15.0000   15.000015088.9844   23.1136
    7.5000   15.0000   15.000014360.2471   23.1383
   -7.5000   22.5000   15.000013368.0273   23.0863
    0.0000   22.5000   15.000013837.7266   23.0704
    7.5000   22.5000   15.000013246.5098   23.1064
   -7.5000   30.0000   15.000012224.3457   22.7512
    0.0000   30.0000   15.000012636.8838   22.7378
    7.5000   30.0000   15.000012128.7988   22.7862
   -7.5000   37.5000   15.000011501.1533   22.7385
    0.0000   37.5000   15.000011887.3613   22.7217
    7.5000   37.5000   15.000011384.1357   22.7683
   -7.5000   45.0000   15.000010207.6982   22.2289
    0.0000   45.0000   15.000010563.3447   22.2086
    7.5000   45.0000   15.000010125.8086   22.2460
   -7.5000  -45.0000   22.500010590.4160   23.0943
    0.0000  -45.0000   22.500011037.0527   23.0798
    7.5000  -45.0000   22.500010579.8984   23.1235
   -7.5000  -37.5000   22.500011237.7168   23.1373
    0.0000  -37.5000   22.500011674.6094   23.1199
    7.5000  -37.5000   22.500011186.9746   23.1537
   -7.5000  -30.0000   22.500012287.1680   23.1538
    0.0000  -30.0000   22.500012767.1445   23.1309
    7.5000  -30.0000   22.500012183.2783   23.1550
   -7.5000  -22.5000   22.500013253.4355   23.1198
    0.0000  -22.5000   22.500013738.0518   23.0947
    7.5000  -22.5000   22.500013133.7793   23.1238
   -7.5000  -15.0000   22.500013993.4131   23.0763
    0.0000  -15.0000   22.500014458.9277   23.0543
    7.5000  -15.0000   22.500013966.2910   23.0945
   -7.5000   -7.5000   22.500014716.7734   23.0671
    0.0000   -7.5000   22.500015248.4287   23.0503
    7.5000   -7.5000   22.500014703.1953   23.0954
   -7.5000    0.0000   22.500015461.0029   23.0943
    0.0000    0.0000   22.500016059.6719   23.0797
    7.5000    0.0000   22.500015411.1094   23.1235
   -7.5000    7.5000   22.500014707.4590   23.1373
    0.0000    7.5000   22.500015278.0303   23.1199
    7.5000    7.5000   22.500014653.4668   23.1537
   -7.5000   15.0000   22.500013615.7402   23.1538
    0.0000   15.0000   22.500014132.3145   23.1309
    7.5000   15.0000   22.500013562.2383   23.1550
   -7.5000   22.5000   22.500012552.8740   23.1091
    0.0000   22.5000   22.500013026.5820   23.0841
    7.5000   22.5000   22.500012485.5264   23.1131
   -7.5000   30.0000   22.500011470.8096   22.7776
    0.0000   30.0000   22.500011896.9980   22.7560
    7.5000   30.0000   22.500011412.9082   22.7956
   -7.5000   37.5000   22.500010783.5215   22.7685
    0.0000   37.5000   22.500011144.3535   22.7520
    7.5000   37.5000   22.500010701.6279   22.7965
   -7.5000   45.0000   22.5000 9549.2295   22.2602
    0.0000   45.0000   22.5000 9889.9600   22.2462
    7.5000   45.0000   22.5000 9500.8896   22.2883
   -7.5000  -45.0000   30.0000 9906.8398   23.2531
    0.0000  -45.0000   30.000010312.5449   23.2360
    7.5000  -45.0000   30.0000 9882.4062   23.2667
   -7.5000  -37.5000   30.000010492.7217   23.3050
    0.0000  -37.5000   30.000010923.9229   23.2819
    7.5000  -37.5000   30.000010462.3555   23.3031
   -7.5000  -30.0000   30.000011408.8184   23.3267
    0.0000  -30.0000   30.000011854.4814   23.2923
    7.5000  -30.0000   30.000011366.6055   23.3031
   -7.5000  -22.5000   30.000012190.6504   23.2909
    0.0000  -22.5000   30.000012635.9473   23.2515
    7.5000  -22.5000   30.000012176.3945   23.2650
   -7.5000  -15.0000   30.000012863.8711   23.2376
    0.0000  -15.0000   30.000013322.0098   23.2047
    7.5000  -15.0000   30.000012900.4795   23.2283
   -7.5000   -7.5000   30.000013562.7656   23.2215
    0.0000   -7.5000   30.000014053.6641   23.1995
    7.5000   -7.5000   30.000013599.0811   23.2297
   -7.5000    0.0000   30.000014293.4609   23.2531
    0.0000    0.0000   30.000014806.2275   23.2360
    7.5000    0.0000   30.000014257.3086   23.2667
   -7.5000    7.5000   30.000013659.1289   23.3050
    0.0000    7.5000   30.000014122.1680   23.2819
    7.5000    7.5000   30.000013599.3359   23.3031
   -7.5000   15.0000   30.000012687.9199   23.3267
    0.0000   15.0000   30.000013131.8018   23.2923
    7.5000   15.0000   30.000012592.1943   23.3031
   -7.5000   22.5000   30.000011706.2598   23.2802
    0.0000   22.5000   30.000012145.4287   23.2408
    7.5000   22.5000   30.000011631.0117   23.2543
   -7.5000   30.0000   30.000010665.7471   22.9369
    0.0000   30.0000   30.000011062.6631   22.9044
    7.5000   30.0000   30.000010594.0781   22.9277
   -7.5000   37.5000   30.0000 9977.7578   22.9209
    0.0000   37.5000   30.000010326.5918   22.8992
    7.5000   37.5000   30.0000 9889.6572   22.9291
   -7.5000   45.0000   30.0000 8831.3164   22.4133
    0.0000   45.0000   30.0000 9156.3027   22.3968
    7.5000   45.0000   30.0000 8779.6045   22.4264
   -7.5000  -45.0000   37.5000 9511.7705   23.5358
    0.0000  -45.0000   37.5000 9939.3311   23.5122
    7.5000  -45.0000   37.5000 9501.1621   23.5257
   -7.5000  -37.5000   37.500010060.2422   23.6040
    0.0000  -37.5000   37.500010489.8359   23.5730
    7.5000  -37.5000   37.500010052.1436   23.5789
   -7.5000  -30.0000   37.500010932.3525   23.6373
    0.0000  -30.0000   37.500011368.0127   23.5947
    7.5000  -30.0000   37.500010885.1680   23.5958
   -7.5000  -22.5000   37.500011657.2812   23.5962
    0.0000  -22.5000   37.500012105.7988   23.5510
    7.5000  -22.5000   37.500011638.8975   23.5588
   -7.5000  -15.0000   37.500012274.0508   23.5277
    0.0000  -15.0000   37.500012734.1260   23.4923
    7.5000  -15.0000   37.500012295.7002   23.5101
   -7.5000   -7.5000   37.500012955.4160   23.5005
    0.0000   -7.5000   37.500013429.3018   23.4750
    7.5000   -7.5000   37.500012949.2461   23.4938
   -7.5000    0.0000   37.500013640.4346   23.5358
    0.0000    0.0000   37.500014128.3955   23.5121
    7.5000    0.0000   37.500013590.4287   23.5257
   -7.5000    7.5000   37.500013056.7832   23.6040
    0.0000    7.5000   37.500013538.1221   23.5730
    7.5000    7.5000   37.500013020.4648   23.5789
   -7.5000   15.0000   37.500012122.6309   23.6373
    0.0000   15.0000   37.500012556.7920   23.5947
    7.5000   15.0000   37.500012040.1787   23.5958
   -7.5000   22.5000   37.500011194.3447   23.5853
    0.0000   22.5000   37.500011617.7793   23.5401
    7.5000   22.5000   37.500011126.2266   23.5479
   -7.5000   30.0000   37.500010210.7686   23.2232
    0.0000   30.0000   37.500010606.8369   23.1882
    7.5000   30.0000   37.500010146.2373   23.2059
   -7.5000   37.5000   37.5000 9538.7422   23.1964
    0.0000   37.5000   37.5000 9913.7803   23.1712
    7.5000   37.5000   37.5000 9466.5928   23.1898
   -7.5000   45.0000   37.5000 8459.7197   22.6858
    0.0000   45.0000   37.5000 8773.7920   22.6630
    7.5000   45.0000   37.5000 8385.6533   22.6760
   -7.5000  -45.0000   45.0000 8759.0215   23.9077
    0.0000  -45.0000   45.0000 9168.1543   23.8775
    7.5000  -45.0000   45.0000 8742.4395   23.8887
   -7.5000  -37.5000   45.0000 9251.3564   23.9846
    0.0000  -37.5000   45.0000 9655.4053   23.9494
    7.5000  -37.5000   45.0000 9234.8086   23.9542
   -7.5000  -30.0000   45.000010045.3584   24.0259
    0.0000  -30.0000   45.000010445.1406   23.9846
    7.5000  -30.0000   45.0000 9992.1299   23.9894
   -7.5000  -22.5000   45.000010682.9121   23.9817
    0.0000  -22.5000   45.000011111.7764   23.9425
    7.5000  -22.5000   45.000010650.2256   23.9585
   -7.5000  -15.0000   45.000011240.1709   23.9070
    0.0000  -15.0000   45.000011693.0752   23.8772
    7.5000  -15.0000   45.000011243.3281   23.9041
   -7.5000   -7.5000   45.000011852.1523   23.8740
    0.0000   -7.5000   45.000012290.7598   23.8472
    7.5000   -7.5000   45.000011818.7695   23.8695
   -7.5000    0.0000   45.000012470.2754   23.9077
    0.0000    0.0000   45.000012925.0361   23.8775
    7.5000    0.0000   45.000012394.7402   23.8887
   -7.5000    7.5000   45.000011974.9902   23.9846
    0.0000    7.5000   45.000012446.5850   23.9494
    7.5000    7.5000   45.000011914.2754   23.9542
   -7.5000   15.0000   45.000011098.2061   24.0259
    0.0000   15.0000   45.000011516.9678   23.9846
    7.5000   15.0000   45.000011031.8818   23.9894
   -7.5000   22.5000   45.000010259.0596   23.9705
    0.0000   22.5000   45.000010650.4385   23.9314
    7.5000   22.5000   45.000010207.4111   23.9474
   -7.5000   30.0000   45.0000 9355.3730   23.5955
    0.0000   30.0000   45.0000 9722.4971   23.5661
    7.5000   30.0000   45.0000 9301.0576   23.5927
   -7.5000   37.5000   45.0000 8740.5371   23.5630
    0.0000   37.5000   45.0000 9072.1611   23.5366
    7.5000   37.5000   45.0000 8689.3896   23.5585
   -7.5000   45.0000   45.0000 7774.4473   23.0547
    0.0000   45.0000   45.0000 8059.0840   23.0256
    7.5000   45.0000   45.0000 7707.0327   23.0364

---------------------------------------------------------------------
imgreg_4dfp /opt/freesurfer/average/711-2C_as_mni_average_305 /opt/freesurfer/average/711-2B_as_mni_average_305_mask talsrcimg_g11 none talsrcimg_to_711-2C_as_mni_average_305_t4 4355
---------------------------------------------------------------------

freesurfer imgreg_4dfp.c
/opt/freesurfer/average/711-2C_as_mni_average_305.4dfp.img
       256       256       256         1
  1.000000  1.000000  1.000000
orientation T byte_order littleendian
Reading image: /opt/freesurfer/average/711-2C_as_mni_average_305.4dfp.img
dimensions:      256       256       256
mmppix:       1.0000   -1.0000   -1.0000
center:     128.0000 -129.0000 -129.0000
/opt/freesurfer/average/711-2B_as_mni_average_305_mask.4dfp.img
       256       256       256         1
  1.000000  1.000000  1.000000
orientation T byte_order littleendian
Reading mask: /opt/freesurfer/average/711-2B_as_mni_average_305_mask.4dfp.img (2306576 pixels)
talsrcimg_g11.4dfp.img
       256       256       256         1
  1.000000  1.000000  1.000000
orientation T byte_order littleendian
Reading image: talsrcimg_g11.4dfp.img
dimensions:      256       256       256
mmppix:       1.0000   -1.0000   -1.0000
center:     128.0000 -129.0000 -129.0000
rotation matrix determinant  1.000000
image alignment mode   4355 decimal     1103 hex
   -7.5000  -45.0000  -45.0000 2216.4375   22.6039
    0.0000  -45.0000  -45.0000 2215.5974   22.5978
    7.5000  -45.0000  -45.0000 2193.7983   22.9080
   -7.5000  -37.5000  -45.0000 2297.1558   21.2534
    0.0000  -37.5000  -45.0000 2303.3186   21.1695
    7.5000  -37.5000  -45.0000 2278.4197   21.4387
   -7.5000  -30.0000  -45.0000 2329.3301   20.2842
    0.0000  -30.0000  -45.0000 2340.4253   20.1696
    7.5000  -30.0000  -45.0000 2316.2656   20.4324
   -7.5000  -22.5000  -45.0000 2357.1655   19.5525
    0.0000  -22.5000  -45.0000 2368.4597   19.4343
    7.5000  -22.5000  -45.0000 2335.8918   19.7609
   -7.5000  -15.0000  -45.0000 2365.7668   19.2499
    0.0000  -15.0000  -45.0000 2371.7625   19.0970
    7.5000  -15.0000  -45.0000 2343.5637   19.4555
   -7.5000   -7.5000  -45.0000 2356.2173   19.3189
    0.0000   -7.5000  -45.0000 2364.4060   19.1635
    7.5000   -7.5000  -45.0000 2336.8782   19.5106
   -7.5000    0.0000  -45.0000 2334.5396   19.6184
    0.0000    0.0000  -45.0000 2340.0198   19.5091
    7.5000    0.0000  -45.0000 2312.5881   19.8691
   -7.5000    7.5000  -45.0000 2307.8157   20.4856
    0.0000    7.5000  -45.0000 2315.5229   20.2929
    7.5000    7.5000  -45.0000 2293.0149   20.6923
   -7.5000   15.0000  -45.0000 2253.0442   21.6805
    0.0000   15.0000  -45.0000 2259.4954   21.5030
    7.5000   15.0000  -45.0000 2238.7764   21.8694
   -7.5000   22.5000  -45.0000 2178.6838   23.2210
    0.0000   22.5000  -45.0000 2180.0737   22.9579
    7.5000   22.5000  -45.0000 2160.4055   23.3912
   -7.5000   30.0000  -45.0000 2084.4158   25.1365
    0.0000   30.0000  -45.0000 2082.8367   24.9369
    7.5000   30.0000  -45.0000 2060.5120   25.4413
   -7.5000   37.5000  -45.0000 1974.0089   27.9240
    0.0000   37.5000  -45.0000 1971.4052   27.6162
    7.5000   37.5000  -45.0000 1945.2021   28.1553
   -7.5000   45.0000  -45.0000 1847.2042   31.5097
    0.0000   45.0000  -45.0000 1846.3290   31.2601
    7.5000   45.0000  -45.0000 1828.5131   31.7936
   -7.5000  -45.0000  -37.5000 2304.2288   21.0664
    0.0000  -45.0000  -37.5000 2307.4604   20.9906
    7.5000  -45.0000  -37.5000 2283.3928   21.2523
   -7.5000  -37.5000  -37.5000 2391.6042   19.6115
    0.0000  -37.5000  -37.5000 2396.8362   19.5204
    7.5000  -37.5000  -37.5000 2367.1235   19.7364
   -7.5000  -30.0000  -37.5000 2431.0513   18.6474
    0.0000  -30.0000  -37.5000 2439.4990   18.5401
    7.5000  -30.0000  -37.5000 2408.1006   18.8244
   -7.5000  -22.5000  -37.5000 2459.0596   18.0768
    0.0000  -22.5000  -37.5000 2466.5659   17.9307
    7.5000  -22.5000  -37.5000 2438.5520   18.2103
   -7.5000  -15.0000  -37.5000 2466.7021   17.7577
    0.0000  -15.0000  -37.5000 2475.2886   17.6380
    7.5000  -15.0000  -37.5000 2449.0361   17.9334
   -7.5000   -7.5000  -37.5000 2460.2983   17.7899
    0.0000   -7.5000  -37.5000 2466.5364   17.6211
    7.5000   -7.5000  -37.5000 2440.9729   17.9853
   -7.5000    0.0000  -37.5000 2441.3677   18.0668
    0.0000    0.0000  -37.5000 2448.0852   17.9689
    7.5000    0.0000  -37.5000 2418.8740   18.2920
   -7.5000    7.5000  -37.5000 2411.0151   18.8612
    0.0000    7.5000  -37.5000 2418.9890   18.6598
    7.5000    7.5000  -37.5000 2391.9214   19.0328
   -7.5000   15.0000  -37.5000 2354.1238   19.9403
    0.0000   15.0000  -37.5000 2362.6685   19.7530
    7.5000   15.0000  -37.5000 2334.4724   20.0865
   -7.5000   22.5000  -37.5000 2274.5352   21.4052
    0.0000   22.5000  -37.5000 2281.6892   21.1862
    7.5000   22.5000  -37.5000 2256.4541   21.5522
   -7.5000   30.0000  -37.5000 2173.7322   23.2333
    0.0000   30.0000  -37.5000 2173.3838   23.0755
    7.5000   30.0000  -37.5000 2152.0422   23.4771
   -7.5000   37.5000  -37.5000 2061.0193   25.6994
    0.0000   37.5000  -37.5000 2059.9041   25.4224
    7.5000   37.5000  -37.5000 2031.9133   25.8596
   -7.5000   45.0000  -37.5000 1925.9802   28.9406
    0.0000   45.0000  -37.5000 1925.7194   28.7141
    7.5000   45.0000  -37.5000 1900.1859   29.1750
   -7.5000  -45.0000  -30.0000 2424.3176   20.3210
    0.0000  -45.0000  -30.0000 2430.8623   20.1737
    7.5000  -45.0000  -30.0000 2395.9424   20.4501
   -7.5000  -37.5000  -30.0000 2517.7117   18.8588
    0.0000  -37.5000  -30.0000 2520.7595   18.7094
    7.5000  -37.5000  -30.0000 2490.5759   18.9610
   -7.5000  -30.0000  -30.0000 2559.5518   17.8324
    0.0000  -30.0000  -30.0000 2566.8020   17.6540
    7.5000  -30.0000  -30.0000 2544.0735   17.9449
   -7.5000  -22.5000  -30.0000 2602.2373   17.2385
    0.0000  -22.5000  -30.0000 2605.5686   17.0862
    7.5000  -22.5000  -30.0000 2577.9678   17.3873
   -7.5000  -15.0000  -30.0000 2620.6016   16.9664
    0.0000  -15.0000  -30.0000 2627.4744   16.8339
    7.5000  -15.0000  -30.0000 2602.4963   17.1288
   -7.5000   -7.5000  -30.0000 2616.7893   17.0033
    0.0000   -7.5000  -30.0000 2622.9453   16.7950
    7.5000   -7.5000  -30.0000 2596.2295   17.1246
   -7.5000    0.0000  -30.0000 2597.5950   17.2807
    0.0000    0.0000  -30.0000 2602.4226   17.1735
    7.5000    0.0000  -30.0000 2566.5564   17.4615
   -7.5000    7.5000  -30.0000 2559.7175   18.0342
    0.0000    7.5000  -30.0000 2569.5435   17.8621
    7.5000    7.5000  -30.0000 2538.4971   18.1862
   -7.5000   15.0000  -30.0000 2498.1428   19.0594
    0.0000   15.0000  -30.0000 2506.3926   18.8785
    7.5000   15.0000  -30.0000 2475.7905   19.2111
   -7.5000   22.5000  -30.0000 2410.5923   20.4353
    0.0000   22.5000  -30.0000 2418.5364   20.2493
    7.5000   22.5000  -30.0000 2394.0420   20.6101
   -7.5000   30.0000  -30.0000 2301.0210   22.2105
    0.0000   30.0000  -30.0000 2307.1033   22.0488
    7.5000   30.0000  -30.0000 2285.3201   22.4386
   -7.5000   37.5000  -30.0000 2179.6843   24.4753
    0.0000   37.5000  -30.0000 2185.1624   24.2654
    7.5000   37.5000  -30.0000 2156.4480   24.7015
   -7.5000   45.0000  -30.0000 2028.7556   27.5977
    0.0000   45.0000  -30.0000 2028.0723   27.3319
    7.5000   45.0000  -30.0000 2003.5625   27.8543
   -7.5000  -45.0000  -22.5000 2508.3777   19.4630
    0.0000  -45.0000  -22.5000 2515.6489   19.3238
    7.5000  -45.0000  -22.5000 2479.5054   19.5966
   -7.5000  -37.5000  -22.5000 2606.5161   17.9931
    0.0000  -37.5000  -22.5000 2615.3247   17.8722
    7.5000  -37.5000  -22.5000 2579.2668   18.1073
   -7.5000  -30.0000  -22.5000 2655.4341   16.9798
    0.0000  -30.0000  -22.5000 2671.0891   16.8396
    7.5000  -30.0000  -22.5000 2641.5435   17.0949
   -7.5000  -22.5000  -22.5000 2708.2192   16.3477
    0.0000  -22.5000  -22.5000 2711.6973   16.1921
    7.5000  -22.5000  -22.5000 2686.1055   16.4375
   -7.5000  -15.0000  -22.5000 2742.5002   16.0278
    0.0000  -15.0000  -22.5000 2748.3516   15.8937
    7.5000  -15.0000  -22.5000 2711.2422   16.0954
   -7.5000   -7.5000  -22.5000 2742.5085   16.0150
    0.0000   -7.5000  -22.5000 2749.6177   15.8869
    7.5000   -7.5000  -22.5000 2715.3008   16.1233
   -7.5000    0.0000  -22.5000 2721.1287   16.4066
    0.0000    0.0000  -22.5000 2735.6157   16.2414
    7.5000    0.0000  -22.5000 2698.8672   16.5376
   -7.5000    7.5000  -22.5000 2686.3247   17.1293
    0.0000    7.5000  -22.5000 2694.4500   16.9565
    7.5000    7.5000  -22.5000 2661.4263   17.2770
   -7.5000   15.0000  -22.5000 2613.3762   18.1023
    0.0000   15.0000  -22.5000 2624.0154   17.9203
    7.5000   15.0000  -22.5000 2593.7444   18.2515
   -7.5000   22.5000  -22.5000 2521.4844   19.3977
    0.0000   22.5000  -22.5000 2526.1938   19.2357
    7.5000   22.5000  -22.5000 2504.4434   19.5819
   -7.5000   30.0000  -22.5000 2399.6819   21.0944
    0.0000   30.0000  -22.5000 2413.2271   20.9000
    7.5000   30.0000  -22.5000 2388.1899   21.3034
   -7.5000   37.5000  -22.5000 2273.4202   23.3517
    0.0000   37.5000  -22.5000 2278.8406   23.1167
    7.5000   37.5000  -22.5000 2252.8074   23.5403
   -7.5000   45.0000  -22.5000 2111.4153   26.3580
    0.0000   45.0000  -22.5000 2110.0618   26.1341
    7.5000   45.0000  -22.5000 2091.0044   26.5703
   -7.5000  -45.0000  -15.0000 2549.9690   18.7128
    0.0000  -45.0000  -15.0000 2554.3257   18.5752
    7.5000  -45.0000  -15.0000 2525.4128   18.8113
   -7.5000  -37.5000  -15.0000 2654.4429   17.2563
    0.0000  -37.5000  -15.0000 2663.2739   17.1191
    7.5000  -37.5000  -15.0000 2636.5679   17.3521
   -7.5000  -30.0000  -15.0000 2721.9167   16.1954
    0.0000  -30.0000  -15.0000 2737.2058   16.0572
    7.5000  -30.0000  -15.0000 2705.4302   16.3085
   -7.5000  -22.5000  -15.0000 2784.7358   15.5249
    0.0000  -22.5000  -15.0000 2794.6836   15.3974
    7.5000  -22.5000  -15.0000 2759.6633   15.6030
   -7.5000  -15.0000  -15.0000 2824.5093   15.0993
    0.0000  -15.0000  -15.0000 2837.9321   15.0009
    7.5000  -15.0000  -15.0000 2786.2832   15.2023
   -7.5000   -7.5000  -15.0000 2838.3384   15.0580
    0.0000   -7.5000  -15.0000 2844.5349   14.9414
    7.5000   -7.5000  -15.0000 2803.5525   15.2321
   -7.5000    0.0000  -15.0000 2818.3931   15.5217
    0.0000    0.0000  -15.0000 2830.1375   15.3597
    7.5000    0.0000  -15.0000 2796.7917   15.6434
   -7.5000    7.5000  -15.0000 2779.2344   16.2364
    0.0000    7.5000  -15.0000 2790.2788   16.0895
    7.5000    7.5000  -15.0000 2753.8677   16.3983
   -7.5000   15.0000  -15.0000 2696.2119   17.1733
    0.0000   15.0000  -15.0000 2707.4382   17.0257
    7.5000   15.0000  -15.0000 2678.1094   17.3835
   -7.5000   22.5000  -15.0000 2596.9788   18.4599
    0.0000   22.5000  -15.0000 2605.1243   18.2524
    7.5000   22.5000  -15.0000 2577.5706   18.6403
   -7.5000   30.0000  -15.0000 2473.4082   20.1681
    0.0000   30.0000  -15.0000 2483.9087   19.9484
    7.5000   30.0000  -15.0000 2450.2903   20.3667
   -7.5000   37.5000  -15.0000 2341.6409   22.3715
    0.0000   37.5000  -15.0000 2348.9785   22.1963
    7.5000   37.5000  -15.0000 2315.0002   22.5892
   -7.5000   45.0000  -15.0000 2162.4482   25.2562
    0.0000   45.0000  -15.0000 2171.1812   25.0907
    7.5000   45.0000  -15.0000 2150.4133   25.4904
   -7.5000  -45.0000   -7.5000 2576.9849   18.1217
    0.0000  -45.0000   -7.5000 2580.4294   17.9394
    7.5000  -45.0000   -7.5000 2556.3030   18.1946
   -7.5000  -37.5000   -7.5000 2692.0378   16.6588
    0.0000  -37.5000   -7.5000 2693.4834   16.4708
    7.5000  -37.5000   -7.5000 2673.6243   16.7261
   -7.5000  -30.0000   -7.5000 2771.6252   15.6011
    0.0000  -30.0000   -7.5000 2783.3625   15.4218
    7.5000  -30.0000   -7.5000 2753.5818   15.6356
   -7.5000  -22.5000   -7.5000 2851.2471   14.9086
    0.0000  -22.5000   -7.5000 2866.5811   14.7559
    7.5000  -22.5000   -7.5000 2829.8855   14.9161
   -7.5000  -15.0000   -7.5000 2905.5891   14.4272
    0.0000  -15.0000   -7.5000 2918.4097   14.2775
    7.5000  -15.0000   -7.5000 2861.6890   14.5315
   -7.5000   -7.5000   -7.5000 2917.9221   14.2447
    0.0000   -7.5000   -7.5000 2925.2852   14.1018
    7.5000   -7.5000   -7.5000 2877.7422   14.4951
   -7.5000    0.0000   -7.5000 2888.8413   14.7050
    0.0000    0.0000   -7.5000 2901.7810   14.5312
    7.5000    0.0000   -7.5000 2863.8247   14.8819
   -7.5000    7.5000   -7.5000 2838.3633   15.3721
    0.0000    7.5000   -7.5000 2854.1897   15.2396
    7.5000    7.5000   -7.5000 2818.3535   15.6293
   -7.5000   15.0000   -7.5000 2753.6802   16.4066
    0.0000   15.0000   -7.5000 2767.0532   16.2009
    7.5000   15.0000   -7.5000 2735.7461   16.6567
   -7.5000   22.5000   -7.5000 2651.7234   17.7345
    0.0000   22.5000   -7.5000 2662.2666   17.5152
    7.5000   22.5000   -7.5000 2631.7590   17.9673
   -7.5000   30.0000   -7.5000 2520.8320   19.4230
    0.0000   30.0000   -7.5000 2527.5161   19.2594
    7.5000   30.0000   -7.5000 2497.9900   19.6809
   -7.5000   37.5000   -7.5000 2378.4507   21.5634
    0.0000   37.5000   -7.5000 2386.5459   21.4283
    7.5000   37.5000   -7.5000 2358.8718   21.8746
   -7.5000   45.0000   -7.5000 2204.8218   24.3848
    0.0000   45.0000   -7.5000 2207.1350   24.1969
    7.5000   45.0000   -7.5000 2189.5310   24.6809
   -7.5000  -45.0000    0.0000 2586.2063   17.7218
    0.0000  -45.0000    0.0000 2590.1770   17.4589
    7.5000  -45.0000    0.0000 2568.1577   17.7881
   -7.5000  -37.5000    0.0000 2703.2095   16.2555
    0.0000  -37.5000    0.0000 2709.7190   16.0141
    7.5000  -37.5000    0.0000 2686.6299   16.2913
   -7.5000  -30.0000    0.0000 2795.6643   15.1795
    0.0000  -30.0000    0.0000 2806.5825   14.9531
    7.5000  -30.0000    0.0000 2777.5068   15.2092
   -7.5000  -22.5000    0.0000 2888.3533   14.5426
    0.0000  -22.5000    0.0000 2906.3726   14.3102
    7.5000  -22.5000    0.0000 2868.4939   14.4705
   -7.5000  -15.0000    0.0000 2966.4622   14.1492
    0.0000  -15.0000    0.0000 2988.5076   13.9227
    7.5000  -15.0000    0.0000 2920.1138   14.1273
   -7.5000   -7.5000    0.0000 2980.2378   13.7691
    0.0000   -7.5000    0.0000 2997.6924   13.6089
    7.5000   -7.5000    0.0000 2935.6394   14.0677
   -7.5000    0.0000    0.0000 2933.6631   14.1211
    0.0000    0.0000    0.0000 2948.9209   13.9325
    7.5000    0.0000    0.0000 2903.1743   14.3640
   -7.5000    7.5000    0.0000 2876.2849   14.8566
    0.0000    7.5000    0.0000 2886.6868   14.6662
    7.5000    7.5000    0.0000 2851.8533   15.1078
   -7.5000   15.0000    0.0000 2791.5933   15.9343
    0.0000   15.0000    0.0000 2803.9033   15.7385
    7.5000   15.0000    0.0000 2770.9170   16.0979
   -7.5000   22.5000    0.0000 2675.7529   17.3384
    0.0000   22.5000    0.0000 2688.7603   17.1223
    7.5000   22.5000    0.0000 2659.4917   17.4913
   -7.5000   30.0000    0.0000 2541.8088   19.0297
    0.0000   30.0000    0.0000 2550.0520   18.8344
    7.5000   30.0000    0.0000 2523.9849   19.2104
   -7.5000   37.5000    0.0000 2400.0369   21.1636
    0.0000   37.5000    0.0000 2404.7432   20.9977
    7.5000   37.5000    0.0000 2376.4619   21.3856
   -7.5000   45.0000    0.0000 2224.4858   23.9493
    0.0000   45.0000    0.0000 2228.4426   23.7235
    7.5000   45.0000    0.0000 2208.0320   24.1539
   -7.5000  -45.0000    7.5000 2584.5398   17.5999
    0.0000  -45.0000    7.5000 2588.8372   17.2865
    7.5000  -45.0000    7.5000 2561.5254   17.6795
   -7.5000  -37.5000    7.5000 2705.3252   16.0830
    0.0000  -37.5000    7.5000 2707.8154   15.7900
    7.5000  -37.5000    7.5000 2680.7666   16.1617
   -7.5000  -30.0000    7.5000 2802.4141   14.9775
    0.0000  -30.0000    7.5000 2807.3601   14.6938
    7.5000  -30.0000    7.5000 2784.1145   15.0624
   -7.5000  -22.5000    7.5000 2900.1956   14.3530
    0.0000  -22.5000    7.5000 2917.0063   14.0718
    7.5000  -22.5000    7.5000 2880.2161   14.3441
   -7.5000  -15.0000    7.5000 2986.8450   14.0801
    0.0000  -15.0000    7.5000 3013.0078   13.8174
    7.5000  -15.0000    7.5000 2946.8052   14.0155
   -7.5000   -7.5000    7.5000 3008.2283   13.8146
    0.0000   -7.5000    7.5000 3030.9827   13.6379
    7.5000   -7.5000    7.5000 2956.4065   13.9730
   -7.5000    0.0000    7.5000 2961.2893   13.9855
    0.0000    0.0000    7.5000 2974.9971   13.7743
    7.5000    0.0000    7.5000 2917.6587   14.2059
   -7.5000    7.5000    7.5000 2893.7910   14.6617
    0.0000    7.5000    7.5000 2908.7939   14.4840
    7.5000    7.5000    7.5000 2866.4058   14.8274
   -7.5000   15.0000    7.5000 2798.9934   15.7714
    0.0000   15.0000    7.5000 2814.1340   15.5439
    7.5000   15.0000    7.5000 2787.1223   15.8596
   -7.5000   22.5000    7.5000 2684.4253   17.1933
    0.0000   22.5000    7.5000 2696.5581   16.9501
    7.5000   22.5000    7.5000 2670.9387   17.2682
   -7.5000   30.0000    7.5000 2543.9900   18.9069
    0.0000   30.0000    7.5000 2551.9548   18.6964
    7.5000   30.0000    7.5000 2531.6045   19.0273
   -7.5000   37.5000    7.5000 2402.8416   21.0679
    0.0000   37.5000    7.5000 2406.9773   20.8850
    7.5000   37.5000    7.5000 2376.5181   21.2244
   -7.5000   45.0000    7.5000 2226.9707   23.8146
    0.0000   45.0000    7.5000 2233.8008   23.5728
    7.5000   45.0000    7.5000 2209.9016   23.9641
   -7.5000  -45.0000   15.0000 2567.3845   17.7479
    0.0000  -45.0000   15.0000 2574.7266   17.3738
    7.5000  -45.0000   15.0000 2551.6091   17.8807
   -7.5000  -37.5000   15.0000 2677.4539   16.2639
    0.0000  -37.5000   15.0000 2687.1345   15.9364
    7.5000  -37.5000   15.0000 2660.1282   16.3807
   -7.5000  -30.0000   15.0000 2780.2722   15.1704
    0.0000  -30.0000   15.0000 2785.6702   14.8733
    7.5000  -30.0000   15.0000 2762.5332   15.2457
   -7.5000  -22.5000   15.0000 2880.4678   14.4853
    0.0000  -22.5000   15.0000 2891.0344   14.2596
    7.5000  -22.5000   15.0000 2859.5005   14.5116
   -7.5000  -15.0000   15.0000 2952.5613   14.1087
    0.0000  -15.0000   15.0000 2971.7986   13.9069
    7.5000  -15.0000   15.0000 2921.7102   14.1488
   -7.5000   -7.5000   15.0000 2967.3772   13.9729
    0.0000   -7.5000   15.0000 2985.6792   13.7384
    7.5000   -7.5000   15.0000 2933.7554   14.1076
   -7.5000    0.0000   15.0000 2933.7644   14.2842
    0.0000    0.0000   15.0000 2961.9768   14.1021
    7.5000    0.0000   15.0000 2899.2292   14.3507
   -7.5000    7.5000   15.0000 2866.5225   14.9482
    0.0000    7.5000   15.0000 2885.6775   14.7808
    7.5000    7.5000   15.0000 2846.8320   15.0242
   -7.5000   15.0000   15.0000 2775.5923   15.9860
    0.0000   15.0000   15.0000 2787.9419   15.8029
    7.5000   15.0000   15.0000 2763.5227   16.0250
   -7.5000   22.5000   15.0000 2668.9692   17.3310
    0.0000   22.5000   15.0000 2674.9326   17.1143
    7.5000   22.5000   15.0000 2652.3977   17.3994
   -7.5000   30.0000   15.0000 2532.2278   19.0395
    0.0000   30.0000   15.0000 2540.1135   18.8199
    7.5000   30.0000   15.0000 2518.6201   19.1332
   -7.5000   37.5000   15.0000 2384.2546   21.1987
    0.0000   37.5000   15.0000 2392.2717   20.9678
    7.5000   37.5000   15.0000 2367.8870   21.3163
   -7.5000   45.0000   15.0000 2207.5637   23.8783
    0.0000   45.0000   15.0000 2214.8069   23.6601
    7.5000   45.0000   15.0000 2202.8562   24.0771
   -7.5000  -45.0000   22.5000 2536.1204   18.1911
    0.0000  -45.0000   22.5000 2547.9158   17.8713
    7.5000  -45.0000   22.5000 2521.6194   18.3467
   -7.5000  -37.5000   22.5000 2647.7344   16.7864
    0.0000  -37.5000   22.5000 2660.2319   16.4683
    7.5000  -37.5000   22.5000 2629.3159   16.8841
   -7.5000  -30.0000   22.5000 2747.5684   15.7047
    0.0000  -30.0000   22.5000 2760.0278   15.4394
    7.5000  -30.0000   22.5000 2731.0137   15.7707
   -7.5000  -22.5000   22.5000 2839.5237   14.9573
    0.0000  -22.5000   22.5000 2853.1235   14.7243
    7.5000  -22.5000   22.5000 2822.3042   15.0215
   -7.5000  -15.0000   22.5000 2902.0806   14.4884
    0.0000  -15.0000   22.5000 2906.6067   14.2493
    7.5000  -15.0000   22.5000 2877.5559   14.6218
   -7.5000   -7.5000   22.5000 2912.5249   14.3277
    0.0000   -7.5000   22.5000 2925.6580   14.1286
    7.5000   -7.5000   22.5000 2894.1611   14.5102
   -7.5000    0.0000   22.5000 2883.6946   14.7834
    0.0000    0.0000   22.5000 2904.6326   14.5638
    7.5000    0.0000   22.5000 2861.7197   14.8773
   -7.5000    7.5000   22.5000 2825.5205   15.4897
    0.0000    7.5000   22.5000 2839.5493   15.2517
    7.5000    7.5000   22.5000 2805.5078   15.5281
   -7.5000   15.0000   22.5000 2731.4932   16.4871
    0.0000   15.0000   22.5000 2744.4033   16.2738
    7.5000   15.0000   22.5000 2716.3931   16.5426
   -7.5000   22.5000   22.5000 2625.1455   17.7833
    0.0000   22.5000   22.5000 2636.9250   17.5991
    7.5000   22.5000   22.5000 2609.1199   17.8786
   -7.5000   30.0000   22.5000 2493.6609   19.4071
    0.0000   30.0000   22.5000 2506.7996   19.1975
    7.5000   30.0000   22.5000 2480.7583   19.5263
   -7.5000   37.5000   22.5000 2349.6099   21.5581
    0.0000   37.5000   22.5000 2356.0063   21.3113
    7.5000   37.5000   22.5000 2337.2251   21.6545
   -7.5000   45.0000   22.5000 2171.9561   24.2845
    0.0000   45.0000   22.5000 2182.5596   24.0418
    7.5000   45.0000   22.5000 2175.3982   24.4058
   -7.5000  -45.0000   30.0000 2510.2517   18.9652
    0.0000  -45.0000   30.0000 2517.8699   18.6783
    7.5000  -45.0000   30.0000 2488.3767   19.1301
   -7.5000  -37.5000   30.0000 2615.0273   17.5612
    0.0000  -37.5000   30.0000 2630.5525   17.2673
    7.5000  -37.5000   30.0000 2599.7107   17.6702
   -7.5000  -30.0000   30.0000 2707.5320   16.4107
    0.0000  -30.0000   30.0000 2721.3091   16.1563
    7.5000  -30.0000   30.0000 2692.3398   16.5228
   -7.5000  -22.5000   30.0000 2779.9993   15.5715
    0.0000  -22.5000   30.0000 2792.3406   15.2788
    7.5000  -22.5000   30.0000 2765.9009   15.6923
   -7.5000  -15.0000   30.0000 2831.0435   15.0611
    0.0000  -15.0000   30.0000 2838.7180   14.8454
    7.5000  -15.0000   30.0000 2811.0488   15.2382
   -7.5000   -7.5000   30.0000 2834.9932   15.0064
    0.0000   -7.5000   30.0000 2849.8054   14.7941
    7.5000   -7.5000   30.0000 2825.0688   15.1936
   -7.5000    0.0000   30.0000 2806.9973   15.4920
    0.0000    0.0000   30.0000 2825.1025   15.2764
    7.5000    0.0000   30.0000 2790.2415   15.6035
   -7.5000    7.5000   30.0000 2755.1980   16.2505
    0.0000    7.5000   30.0000 2763.8823   15.9669
    7.5000    7.5000   30.0000 2733.4067   16.2661
   -7.5000   15.0000   30.0000 2675.7544   17.2252
    0.0000   15.0000   30.0000 2683.0264   16.9515
    7.5000   15.0000   30.0000 2653.3967   17.2355
   -7.5000   22.5000   30.0000 2571.6567   18.5222
    0.0000   22.5000   30.0000 2585.9333   18.3027
    7.5000   22.5000   30.0000 2558.9800   18.5980
   -7.5000   30.0000   30.0000 2440.4102   20.1431
    0.0000   30.0000   30.0000 2451.9409   19.9146
    7.5000   30.0000   30.0000 2432.9897   20.2106
   -7.5000   37.5000   30.0000 2295.4429   22.2119
    0.0000   37.5000   30.0000 2302.5837   21.9770
    7.5000   37.5000   30.0000 2288.0520   22.3196
   -7.5000   45.0000   30.0000 2130.3835   24.9102
    0.0000   45.0000   30.0000 2139.0869   24.6635
    7.5000   45.0000   30.0000 2120.6726   25.0512
   -7.5000  -45.0000   37.5000 2468.2258   19.8505
    0.0000  -45.0000   37.5000 2487.8972   19.6052
    7.5000  -45.0000   37.5000 2452.9719   20.0186
   -7.5000  -37.5000   37.5000 2570.8303   18.3931
    0.0000  -37.5000   37.5000 2589.2571   18.1613
    7.5000  -37.5000   37.5000 2558.4546   18.5362
   -7.5000  -30.0000   37.5000 2652.2446   17.2746
    0.0000  -30.0000   37.5000 2670.6277   16.9858
    7.5000  -30.0000   37.5000 2640.9805   17.3846
   -7.5000  -22.5000   37.5000 2713.2800   16.4300
    0.0000  -22.5000   37.5000 2733.4084   16.1512
    7.5000  -22.5000   37.5000 2702.0686   16.5310
   -7.5000  -15.0000   37.5000 2749.0476   15.9154
    0.0000  -15.0000   37.5000 2763.2380   15.7306
    7.5000  -15.0000   37.5000 2734.8413   16.0583
   -7.5000   -7.5000   37.5000 2754.8350   15.8798
    0.0000   -7.5000   37.5000 2773.0381   15.6640
    7.5000   -7.5000   37.5000 2746.1108   15.9933
   -7.5000    0.0000   37.5000 2725.6216   16.4175
    0.0000    0.0000   37.5000 2740.6135   16.1560
    7.5000    0.0000   37.5000 2706.6389   16.4416
   -7.5000    7.5000   37.5000 2671.0698   17.1412
    0.0000    7.5000   37.5000 2684.1829   16.8979
    7.5000    7.5000   37.5000 2654.9958   17.1839
   -7.5000   15.0000   37.5000 2601.4390   18.1257
    0.0000   15.0000   37.5000 2605.8730   17.8570
    7.5000   15.0000   37.5000 2576.1550   18.1680
   -7.5000   22.5000   37.5000 2504.4937   19.3672
    0.0000   22.5000   37.5000 2512.4451   19.1458
    7.5000   22.5000   37.5000 2486.9937   19.4818
   -7.5000   30.0000   37.5000 2378.1794   21.0708
    0.0000   30.0000   37.5000 2389.5867   20.8795
    7.5000   30.0000   37.5000 2371.0046   21.2099
   -7.5000   37.5000   37.5000 2235.2229   23.1533
    0.0000   37.5000   37.5000 2244.6736   22.9606
    7.5000   37.5000   37.5000 2223.1680   23.3058
   -7.5000   45.0000   37.5000 2075.9749   25.8825
    0.0000   45.0000   37.5000 2077.4004   25.6334
    7.5000   45.0000   37.5000 2061.0454   26.0346
   -7.5000  -45.0000   45.0000 2413.9734   20.8888
    0.0000  -45.0000   45.0000 2441.4102   20.7164
    7.5000  -45.0000   45.0000 2403.6631   21.0723
   -7.5000  -37.5000   45.0000 2508.5354   19.4136
    0.0000  -37.5000   45.0000 2530.0884   19.2250
    7.5000  -37.5000   45.0000 2500.0959   19.5787
   -7.5000  -30.0000   45.0000 2583.8242   18.2835
    0.0000  -30.0000   45.0000 2601.0601   18.0469
    7.5000  -30.0000   45.0000 2575.7317   18.4132
   -7.5000  -22.5000   45.0000 2635.9656   17.4267
    0.0000  -22.5000   45.0000 2656.9312   17.2277
    7.5000  -22.5000   45.0000 2626.4207   17.5623
   -7.5000  -15.0000   45.0000 2660.0771   16.9843
    0.0000  -15.0000   45.0000 2673.9282   16.8536
    7.5000  -15.0000   45.0000 2647.8071   17.1008
   -7.5000   -7.5000   45.0000 2660.9236   16.9425
    0.0000   -7.5000   45.0000 2674.0576   16.7451
    7.5000   -7.5000   45.0000 2651.8003   17.0294
   -7.5000    0.0000   45.0000 2632.4480   17.4536
    0.0000    0.0000   45.0000 2643.4204   17.2150
    7.5000    0.0000   45.0000 2615.4341   17.4535
   -7.5000    7.5000   45.0000 2590.3401   18.2040
    0.0000    7.5000   45.0000 2603.1848   17.9731
    7.5000    7.5000   45.0000 2568.9390   18.2558
   -7.5000   15.0000   45.0000 2514.0850   19.1709
    0.0000   15.0000   45.0000 2522.8911   18.9483
    7.5000   15.0000   45.0000 2497.2651   19.2687
   -7.5000   22.5000   45.0000 2421.8787   20.4512
    0.0000   22.5000   45.0000 2423.2954   20.2326
    7.5000   22.5000   45.0000 2409.3679   20.5458
   -7.5000   30.0000   45.0000 2301.2842   22.1668
    0.0000   30.0000   45.0000 2309.8525   22.0005
    7.5000   30.0000   45.0000 2292.2876   22.3377
   -7.5000   37.5000   45.0000 2158.8921   24.3800
    0.0000   37.5000   45.0000 2164.7224   24.1605
    7.5000   37.5000   45.0000 2151.2542   24.4672
   -7.5000   45.0000   45.0000 2017.1115   27.2199
    0.0000   45.0000   45.0000 2014.8438   26.9378
    7.5000   45.0000   45.0000 2000.4026   27.3477

---------------------------------------------------------------------
imgreg_4dfp /opt/freesurfer/average/711-2C_as_mni_average_305 /opt/freesurfer/average/711-2B_as_mni_average_305_mask talsrcimg_g11 none talsrcimg_to_711-2C_as_mni_average_305_t4 1283
---------------------------------------------------------------------

freesurfer imgreg_4dfp.c
/opt/freesurfer/average/711-2C_as_mni_average_305.4dfp.img
       256       256       256         1
  1.000000  1.000000  1.000000
orientation T byte_order littleendian
Reading image: /opt/freesurfer/average/711-2C_as_mni_average_305.4dfp.img
dimensions:      256       256       256
mmppix:       1.0000   -1.0000   -1.0000
center:     128.0000 -129.0000 -129.0000
/opt/freesurfer/average/711-2B_as_mni_average_305_mask.4dfp.img
       256       256       256         1
  1.000000  1.000000  1.000000
orientation T byte_order littleendian
Reading mask: /opt/freesurfer/average/711-2B_as_mni_average_305_mask.4dfp.img (2306576 pixels)
talsrcimg_g11.4dfp.img
       256       256       256         1
  1.000000  1.000000  1.000000
orientation T byte_order littleendian
Reading image: talsrcimg_g11.4dfp.img
dimensions:      256       256       256
mmppix:       1.0000   -1.0000   -1.0000
center:     128.0000 -129.0000 -129.0000
rotation matrix determinant  1.000000
fimgreg.f
image alignment mode   1283 decimal      503 hex
parameters
    0.0000   -7.5000    7.5000    0.0000    0.0000    0.0000
eta,q 0.95281 13.68005
niter,ni,del,rscale     5    3   12.0000    1.2000
parameter  1  0.538417 ->  0.500000 qaram    1.1500
parameter  4  0.587330 ->  0.500000 qaram    1.1500
parameters
   -3.4500   -9.0382    6.3038   -3.4500    0.6579    1.5467
eta,q 0.95643 13.67699
  0.0515  0.0520  0.0533  0.0463  0.0545  0.0520
  0.0481  0.0483  0.0486  0.0444  0.0498  0.0491
  0.0484  0.0470  0.0465  0.0445  0.0464  0.0461
  0.0517  0.0475  0.0475  0.0466  0.0443  0.0441
  0.0563  0.0496  0.0502  0.0487  0.0445  0.0436
  0.0631  0.0554  0.0542  0.0513  0.0470  0.0449
  0.0700  0.0610  0.0594  0.0538  0.0513  0.0471
niter,ni,del,rscale     6    3   12.0000    1.2000
parameters
   -2.6415   -8.1167    5.5506   -3.9156    0.3467    1.6445
eta,q 0.95776 13.62469
  0.0672  0.0577  0.0518  0.0507  0.0502  0.0491
  0.0583  0.0521  0.0461  0.0458  0.0460  0.0455
  0.0492  0.0458  0.0428  0.0417  0.0435  0.0431
  0.0436  0.0428  0.0431  0.0426  0.0422  0.0423
  0.0432  0.0442  0.0461  0.0451  0.0433  0.0433
  0.0498  0.0468  0.0504  0.0483  0.0474  0.0453
  0.0604  0.0512  0.0565  0.0515  0.0523  0.0485
niter,ni,del,rscale     5    3   12.0000    1.2000
parameters
   -2.4547   -8.1706    5.3368   -4.0953    0.2630    1.7071
eta,q 0.95806 13.63454
  0.0643  0.0548  0.0531  0.0514  0.0507  0.0489
  0.0551  0.0491  0.0471  0.0465  0.0462  0.0453
  0.0463  0.0431  0.0430  0.0419  0.0435  0.0429
  0.0422  0.0422  0.0421  0.0421  0.0419  0.0419
  0.0443  0.0451  0.0442  0.0446  0.0425  0.0430
  0.0528  0.0489  0.0487  0.0478  0.0465  0.0451
  0.0630  0.0550  0.0542  0.0510  0.0517  0.0486
niter,ni,del,rscale     4    3   12.0000    1.2000
parameters
   -2.3754   -8.1980    5.2495   -4.1695    0.2300    1.7359
eta,q 0.95818 13.63913
  0.0640  0.0550  0.0534  0.0516  0.0508  0.0488
  0.0545  0.0493  0.0474  0.0468  0.0463  0.0452
  0.0457  0.0433  0.0430  0.0421  0.0434  0.0428
  0.0419  0.0419  0.0419  0.0419  0.0418  0.0418
  0.0443  0.0451  0.0437  0.0445  0.0423  0.0428
  0.0534  0.0490  0.0482  0.0476  0.0462  0.0451
  0.0637  0.0550  0.0536  0.0509  0.0515  0.0487
niter,ni,del,rscale     3    3   12.0000    1.2000
parameters
   -2.3441   -8.2086    5.2111   -4.1991    0.2179    1.7477
eta,q 0.95822 13.64094
  0.0638  0.0551  0.0535  0.0517  0.0508  0.0487
  0.0543  0.0494  0.0474  0.0469  0.0463  0.0452
  0.0455  0.0434  0.0430  0.0422  0.0434  0.0428
  0.0418  0.0418  0.0418  0.0418  0.0418  0.0418
  0.0443  0.0450  0.0435  0.0445  0.0422  0.0428
  0.0537  0.0491  0.0480  0.0476  0.0461  0.0451
  0.0640  0.0549  0.0534  0.0508  0.0515  0.0487
registration optimization eta report
parameter search radius
    6.9000    6.0000    6.0000    6.9000    6.0000    6.0000
100000*second partial in parameter space
       46.       35.       32.       19.       26.       19.
  0.0638  0.0551  0.0535  0.0517  0.0508  0.0487
  0.0543  0.0494  0.0474  0.0469  0.0463  0.0452
  0.0455  0.0434  0.0430  0.0422  0.0434  0.0428
  0.0418  0.0418  0.0418  0.0418  0.0418  0.0418
  0.0443  0.0450  0.0435  0.0445  0.0422  0.0428
  0.0537  0.0491  0.0480  0.0476  0.0461  0.0451
  0.0640  0.0549  0.0534  0.0508  0.0515  0.0487
   -2.3441   -8.2086    5.2111   -4.1991    0.2179    1.7477
eta,q 0.95822 13.64094

---------------------------------------------------------------------
imgreg_4dfp /opt/freesurfer/average/711-2C_as_mni_average_305 /opt/freesurfer/average/711-2B_as_mni_average_305_mask talsrcimg_g11 none talsrcimg_to_711-2C_as_mni_average_305_t4 3335
---------------------------------------------------------------------

freesurfer imgreg_4dfp.c
/opt/freesurfer/average/711-2C_as_mni_average_305.4dfp.img
       256       256       256         1
  1.000000  1.000000  1.000000
orientation T byte_order littleendian
Reading image: /opt/freesurfer/average/711-2C_as_mni_average_305.4dfp.img
dimensions:      256       256       256
mmppix:       1.0000   -1.0000   -1.0000
center:     128.0000 -129.0000 -129.0000
/opt/freesurfer/average/711-2B_as_mni_average_305_mask.4dfp.img
       256       256       256         1
  1.000000  1.000000  1.000000
orientation T byte_order littleendian
Reading mask: /opt/freesurfer/average/711-2B_as_mni_average_305_mask.4dfp.img (2306576 pixels)
talsrcimg_g11.4dfp.img
       256       256       256         1
  1.000000  1.000000  1.000000
orientation T byte_order littleendian
Reading image: talsrcimg_g11.4dfp.img
dimensions:      256       256       256
mmppix:       1.0000   -1.0000   -1.0000
center:     128.0000 -129.0000 -129.0000
fimgreg.f
image alignment mode   3335 decimal      D07 hex
parameters
   -2.3441   -8.2086    5.2111   -0.0472   -0.3140   -0.2692
   -3.0139   -0.6023    3.0499    7.3072    0.3802   -7.3222
eta,q 0.95925 13.76644
niter,ni,del,rscale     5    3    5.0000    1.2000
parameter  4  1.720257 ->  0.500000 qaram    1.1500
parameter  5  1.688198 ->  0.500000 qaram    1.1500
parameter  6  0.626323 ->  0.500000 qaram    1.1500
parameter 10  0.549025 ->  0.500000 qaram    1.1500
parameters
   -2.5660   -8.1120    5.9167   -4.1872   -4.4540   -4.4092
   -2.0208    0.1515    4.3663    3.1672    0.5638   -9.4253
eta,q 0.97464 13.50503
  0.0431  0.0432  0.0441  0.0327  0.0266  0.0278  0.0317  0.0338  0.0305  0.0267  0.0276  0.0264
  0.0416  0.0417  0.0425  0.0341  0.0283  0.0271  0.0296  0.0306  0.0288  0.0257  0.0265  0.0256
  0.0408  0.0409  0.0414  0.0367  0.0311  0.0275  0.0280  0.0283  0.0276  0.0257  0.0258  0.0254
  0.0408  0.0407  0.0407  0.0405  0.0347  0.0289  0.0271  0.0270  0.0269  0.0269  0.0256  0.0256
  0.0413  0.0410  0.0405  0.0451  0.0391  0.0319  0.0272  0.0273  0.0269  0.0288  0.0257  0.0262
  0.0424  0.0416  0.0408  0.0500  0.0446  0.0362  0.0281  0.0289  0.0275  0.0313  0.0264  0.0273
  0.0441  0.0426  0.0416  0.0551  0.0499  0.0408  0.0298  0.0316  0.0287  0.0344  0.0275  0.0289
niter,ni,del,rscale     7    3    5.0000    1.2000
parameter  5  0.578648 ->  0.500000 qaram    1.3225
parameters
   -2.6465   -7.4251    5.6867   -7.3391   -9.2150   -4.4026
   -2.6050   -0.3114    5.3526    4.5083    0.1848  -11.9460
eta,q 0.97769 13.19574
  0.0291  0.0307  0.0267  0.0264  0.0237  0.0263  0.0254  0.0264  0.0257  0.0286  0.0236  0.0230
  0.0270  0.0283  0.0257  0.0250  0.0229  0.0247  0.0239  0.0242  0.0243  0.0256  0.0229  0.0225
  0.0258  0.0264  0.0251  0.0245  0.0231  0.0237  0.0230  0.0230  0.0233  0.0237  0.0226  0.0223
  0.0254  0.0254  0.0251  0.0250  0.0245  0.0228  0.0228  0.0228  0.0228  0.0227  0.0225  0.0225
  0.0259  0.0251  0.0254  0.0272  0.0278  0.0221  0.0234  0.0234  0.0228  0.0225  0.0227  0.0230
  0.0273  0.0256  0.0262  0.0311  0.0330  0.0233  0.0246  0.0249  0.0233  0.0235  0.0231  0.0239
  0.0296  0.0269  0.0274  0.0363  0.0383  0.0277  0.0263  0.0275  0.0245  0.0258  0.0238  0.0250
niter,ni,del,rscale     7    3    5.0000    1.2000
parameters
   -2.5858   -6.8057    5.9373   -7.0136  -10.1477   -3.9709
   -2.9787   -0.3475    5.3118    5.4067   -0.2813  -12.3099
eta,q 0.97825 13.20385
  0.0260  0.0269  0.0238  0.0266  0.0279  0.0261  0.0248  0.0263  0.0244  0.0275  0.0229  0.0233
  0.0240  0.0247  0.0229  0.0247  0.0249  0.0243  0.0232  0.0237  0.0231  0.0246  0.0222  0.0224
  0.0228  0.0232  0.0224  0.0231  0.0227  0.0230  0.0222  0.0222  0.0222  0.0228  0.0218  0.0219
  0.0223  0.0223  0.0221  0.0221  0.0220  0.0220  0.0219  0.0219  0.0219  0.0219  0.0218  0.0217
  0.0226  0.0221  0.0221  0.0221  0.0230  0.0212  0.0224  0.0224  0.0221  0.0219  0.0220  0.0220
  0.0238  0.0226  0.0225  0.0235  0.0261  0.0223  0.0236  0.0238  0.0230  0.0232  0.0224  0.0227
  0.0256  0.0238  0.0233  0.0266  0.0319  0.0266  0.0255  0.0262  0.0245  0.0256  0.0232  0.0237
niter,ni,del,rscale     6    3    5.0000    1.2000
parameters
   -2.5860   -6.7509    5.9162   -6.8190  -10.2234   -4.0463
   -2.9701   -0.2807    5.3978    5.5330   -0.2936  -12.3918
eta,q 0.97826 13.20905
  0.0254  0.0251  0.0234  0.0264  0.0287  0.0258  0.0250  0.0264  0.0244  0.0266  0.0231  0.0235
  0.0234  0.0233  0.0225  0.0245  0.0256  0.0240  0.0233  0.0237  0.0231  0.0240  0.0223  0.0225
  0.0222  0.0221  0.0219  0.0228  0.0229  0.0228  0.0222  0.0221  0.0221  0.0224  0.0219  0.0219
  0.0217  0.0217  0.0217  0.0217  0.0217  0.0217  0.0217  0.0217  0.0217  0.0217  0.0217  0.0217
  0.0222  0.0221  0.0219  0.0218  0.0222  0.0210  0.0221  0.0223  0.0220  0.0221  0.0219  0.0219
  0.0234  0.0231  0.0225  0.0234  0.0246  0.0228  0.0233  0.0237  0.0229  0.0238  0.0223  0.0226
  0.0254  0.0247  0.0235  0.0267  0.0300  0.0275  0.0251  0.0261  0.0244  0.0263  0.0230  0.0235
niter,ni,del,rscale     5    3    5.0000    1.2000
parameters
   -2.5877   -6.7498    5.8805   -6.7828  -10.2099   -4.0509
   -2.9777   -0.2698    5.4241    5.5581   -0.2778  -12.4375
eta,q 0.97826 13.21216
  0.0254  0.0249  0.0233  0.0263  0.0288  0.0259  0.0250  0.0264  0.0244  0.0265  0.0231  0.0235
  0.0234  0.0232  0.0225  0.0244  0.0257  0.0241  0.0233  0.0236  0.0230  0.0239  0.0223  0.0225
  0.0222  0.0221  0.0219  0.0227  0.0230  0.0228  0.0221  0.0221  0.0221  0.0224  0.0218  0.0219
  0.0217  0.0217  0.0217  0.0217  0.0217  0.0217  0.0217  0.0217  0.0217  0.0217  0.0217  0.0217
  0.0222  0.0222  0.0219  0.0219  0.0222  0.0210  0.0221  0.0223  0.0220  0.0222  0.0219  0.0219
  0.0234  0.0232  0.0225  0.0236  0.0245  0.0227  0.0233  0.0237  0.0229  0.0239  0.0223  0.0226
  0.0254  0.0249  0.0235  0.0270  0.0298  0.0274  0.0251  0.0262  0.0244  0.0264  0.0230  0.0235
niter,ni,del,rscale     4    3    5.0000    1.2000
parameters
   -2.5907   -6.7489    5.8654   -6.7797  -10.2088   -4.0506
   -2.9794   -0.2704    5.4255    5.5717   -0.2667  -12.4625
eta,q 0.97826 13.21287
  0.0254  0.0249  0.0234  0.0262  0.0288  0.0259  0.0250  0.0263  0.0243  0.0264  0.0231  0.0235
  0.0234  0.0232  0.0225  0.0244  0.0257  0.0241  0.0233  0.0236  0.0230  0.0239  0.0223  0.0225
  0.0222  0.0221  0.0219  0.0227  0.0230  0.0228  0.0221  0.0221  0.0221  0.0224  0.0218  0.0220
  0.0217  0.0217  0.0217  0.0217  0.0217  0.0217  0.0217  0.0217  0.0217  0.0217  0.0217  0.0217
  0.0222  0.0222  0.0219  0.0219  0.0222  0.0210  0.0221  0.0223  0.0220  0.0222  0.0219  0.0219
  0.0234  0.0232  0.0225  0.0236  0.0245  0.0227  0.0233  0.0237  0.0229  0.0239  0.0223  0.0226
  0.0254  0.0249  0.0234  0.0270  0.0299  0.0274  0.0251  0.0262  0.0244  0.0265  0.0230  0.0235
registration optimization eta report
parameter search radius
    2.4000    2.4000    2.4000    8.2800    9.5220    8.2800
    7.2000    7.2000    7.2000    8.2800    7.2000    7.2000
100000*second partial in parameter space
       64.       55.       29.        7.        8.        7.
        6.        9.        5.        7.        3.        3.
  0.0254  0.0249  0.0234  0.0262  0.0288  0.0259  0.0250  0.0263  0.0243  0.0264  0.0231  0.0235
  0.0234  0.0232  0.0225  0.0244  0.0257  0.0241  0.0233  0.0236  0.0230  0.0239  0.0223  0.0225
  0.0222  0.0221  0.0219  0.0227  0.0230  0.0228  0.0221  0.0221  0.0221  0.0224  0.0218  0.0220
  0.0217  0.0217  0.0217  0.0217  0.0217  0.0217  0.0217  0.0217  0.0217  0.0217  0.0217  0.0217
  0.0222  0.0222  0.0219  0.0219  0.0222  0.0210  0.0221  0.0223  0.0220  0.0222  0.0219  0.0219
  0.0234  0.0232  0.0225  0.0236  0.0245  0.0227  0.0233  0.0237  0.0229  0.0239  0.0223  0.0226
  0.0254  0.0249  0.0234  0.0270  0.0299  0.0274  0.0251  0.0262  0.0244  0.0265  0.0230  0.0235
   -2.5907   -6.7489    5.8654   -6.7797  -10.2088   -4.0506
   -2.9794   -0.2704    5.4255    5.5717   -0.2667  -12.4625
eta,q 0.97826 13.21287

---------------------------------------------------------------------
imgreg_4dfp /opt/freesurfer/average/711-2C_as_mni_average_305 /opt/freesurfer/average/711-2B_as_mni_average_305_mask talsrcimg_g11 none talsrcimg_to_711-2C_as_mni_average_305_t4 2311
---------------------------------------------------------------------

freesurfer imgreg_4dfp.c
/opt/freesurfer/average/711-2C_as_mni_average_305.4dfp.img
       256       256       256         1
  1.000000  1.000000  1.000000
orientation T byte_order littleendian
Reading image: /opt/freesurfer/average/711-2C_as_mni_average_305.4dfp.img
dimensions:      256       256       256
mmppix:       1.0000   -1.0000   -1.0000
center:     128.0000 -129.0000 -129.0000
/opt/freesurfer/average/711-2B_as_mni_average_305_mask.4dfp.img
       256       256       256         1
  1.000000  1.000000  1.000000
orientation T byte_order littleendian
Reading mask: /opt/freesurfer/average/711-2B_as_mni_average_305_mask.4dfp.img (2306576 pixels)
talsrcimg_g11.4dfp.img
       256       256       256         1
  1.000000  1.000000  1.000000
orientation T byte_order littleendian
Reading image: talsrcimg_g11.4dfp.img
dimensions:      256       256       256
mmppix:       1.0000   -1.0000   -1.0000
center:     128.0000 -129.0000 -129.0000
fimgreg.f
image alignment mode   2311 decimal      907 hex
parameters
   -2.5907   -6.7489    5.8654   -6.7797  -10.2088   -4.0506
   -2.9794   -0.2704    5.4255    5.5717   -0.2667  -12.4625
eta,q 0.97826 13.21287
niter,ni,del,rscale     5    3    5.0000    0.8000
parameters
   -2.5881   -6.7759    5.8780   -6.0210   -9.6350   -2.1762
   -2.9135   -0.1216    5.5918    5.5852    0.0950  -12.8253
eta,q 0.97900 13.34025
  0.0234  0.0232  0.0225  0.0239  0.0241  0.0236  0.0228  0.0239  0.0224  0.0231  0.0220  0.0218
  0.0225  0.0224  0.0221  0.0229  0.0229  0.0229  0.0218  0.0224  0.0217  0.0220  0.0215  0.0213
  0.0219  0.0219  0.0218  0.0222  0.0220  0.0223  0.0212  0.0214  0.0212  0.0213  0.0212  0.0211
  0.0217  0.0217  0.0217  0.0217  0.0216  0.0216  0.0210  0.0210  0.0210  0.0210  0.0210  0.0210
  0.0219  0.0219  0.0218  0.0217  0.0217  0.0211  0.0212  0.0213  0.0211  0.0212  0.0211  0.0212
  0.0225  0.0225  0.0220  0.0221  0.0222  0.0211  0.0217  0.0222  0.0215  0.0219  0.0213  0.0215
  0.0234  0.0232  0.0225  0.0230  0.0232  0.0221  0.0227  0.0236  0.0223  0.0231  0.0218  0.0221
niter,ni,del,rscale     4    3    5.0000    0.7000
parameters
   -2.6525   -6.7539    5.8476   -6.2846   -9.8380   -2.3713
   -2.9596   -0.2706    5.6206    5.7456    0.1222  -12.9048
eta,q 0.97896 13.31812
  0.0223  0.0222  0.0218  0.0224  0.0224  0.0226  0.0223  0.0229  0.0221  0.0227  0.0217  0.0217
  0.0216  0.0216  0.0214  0.0217  0.0216  0.0221  0.0216  0.0218  0.0215  0.0218  0.0213  0.0213
  0.0211  0.0212  0.0211  0.0212  0.0211  0.0215  0.0212  0.0212  0.0212  0.0213  0.0211  0.0211
  0.0210  0.0210  0.0210  0.0210  0.0210  0.0210  0.0210  0.0211  0.0210  0.0210  0.0210  0.0210
  0.0212  0.0211  0.0211  0.0212  0.0212  0.0210  0.0212  0.0213  0.0211  0.0211  0.0211  0.0211
  0.0217  0.0215  0.0214  0.0218  0.0218  0.0218  0.0216  0.0220  0.0215  0.0216  0.0213  0.0214
  0.0226  0.0222  0.0219  0.0229  0.0228  0.0235  0.0224  0.0232  0.0221  0.0225  0.0217  0.0218
niter,ni,del,rscale     3    3    5.0000    0.6000
parameters
   -2.6495   -6.7455    5.8410   -6.1467   -9.8202   -2.1785
   -2.9546   -0.2508    5.6486    5.7674    0.1724  -13.0051
eta,q 0.97901 13.33042
  0.0221  0.0220  0.0216  0.0223  0.0222  0.0225  0.0219  0.0225  0.0218  0.0222  0.0215  0.0215
  0.0215  0.0214  0.0213  0.0217  0.0216  0.0220  0.0214  0.0217  0.0214  0.0215  0.0212  0.0212
  0.0212  0.0211  0.0211  0.0212  0.0212  0.0214  0.0211  0.0212  0.0211  0.0211  0.0211  0.0210
  0.0210  0.0210  0.0210  0.0210  0.0210  0.0210  0.0210  0.0210  0.0210  0.0210  0.0210  0.0210
  0.0212  0.0211  0.0211  0.0211  0.0212  0.0210  0.0211  0.0212  0.0211  0.0211  0.0210  0.0211
  0.0215  0.0214  0.0213  0.0215  0.0215  0.0214  0.0214  0.0217  0.0213  0.0215  0.0212  0.0212
  0.0221  0.0219  0.0216  0.0222  0.0222  0.0225  0.0220  0.0225  0.0218  0.0222  0.0215  0.0215
niter,ni,del,rscale     2    3    5.0000    0.5000
parameters
   -2.6566   -6.7449    5.8396   -6.1287   -9.8410   -1.9739
   -2.9459   -0.2497    5.6746    5.7740    0.2129  -13.1144
eta,q 0.97905 13.33572
  0.0217  0.0216  0.0214  0.0218  0.0218  0.0221  0.0216  0.0221  0.0215  0.0218  0.0213  0.0213
  0.0213  0.0213  0.0212  0.0214  0.0214  0.0217  0.0213  0.0215  0.0212  0.0213  0.0211  0.0211
  0.0211  0.0211  0.0210  0.0211  0.0211  0.0213  0.0210  0.0211  0.0210  0.0211  0.0210  0.0210
  0.0210  0.0210  0.0210  0.0210  0.0210  0.0210  0.0210  0.0210  0.0210  0.0210  0.0210  0.0210
  0.0211  0.0211  0.0210  0.0211  0.0211  0.0210  0.0210  0.0211  0.0210  0.0210  0.0210  0.0210
  0.0213  0.0213  0.0212  0.0213  0.0214  0.0213  0.0212  0.0214  0.0212  0.0213  0.0211  0.0211
  0.0217  0.0216  0.0214  0.0219  0.0218  0.0221  0.0216  0.0221  0.0215  0.0218  0.0213  0.0213
niter,ni,del,rscale     1    3    5.0000    0.4000
parameters
   -2.6559   -6.7381    5.8426   -6.1248   -9.8593   -1.8001
   -2.9488   -0.2496    5.6775    5.7901    0.2635  -13.1970
eta,q 0.97906 13.33971
  0.0214  0.0214  0.0212  0.0215  0.0215  0.0218  0.0214  0.0217  0.0213  0.0215  0.0212  0.0212
  0.0212  0.0211  0.0211  0.0212  0.0212  0.0215  0.0211  0.0213  0.0211  0.0212  0.0211  0.0210
  0.0210  0.0210  0.0210  0.0210  0.0210  0.0211  0.0210  0.0210  0.0210  0.0210  0.0210  0.0210
  0.0210  0.0210  0.0210  0.0210  0.0210  0.0210  0.0209  0.0209  0.0209  0.0209  0.0209  0.0209
  0.0210  0.0210  0.0210  0.0210  0.0210  0.0209  0.0210  0.0210  0.0210  0.0210  0.0210  0.0210
  0.0212  0.0211  0.0211  0.0212  0.0212  0.0212  0.0211  0.0213  0.0211  0.0212  0.0210  0.0211
  0.0214  0.0214  0.0212  0.0215  0.0215  0.0217  0.0214  0.0217  0.0213  0.0215  0.0212  0.0212
registration optimization eta report
parameter search radius
    0.8000    0.8000    0.8000    2.4000    2.4000    2.4000
    2.4000    2.4000    2.4000    2.4000    2.4000    2.4000
100000*second partial in parameter space
       75.       64.       46.       10.        9.       14.
        7.       13.        6.        9.        4.        4.
  0.0214  0.0214  0.0212  0.0215  0.0215  0.0218  0.0214  0.0217  0.0213  0.0215  0.0212  0.0212
  0.0212  0.0211  0.0211  0.0212  0.0212  0.0215  0.0211  0.0213  0.0211  0.0212  0.0211  0.0210
  0.0210  0.0210  0.0210  0.0210  0.0210  0.0211  0.0210  0.0210  0.0210  0.0210  0.0210  0.0210
  0.0210  0.0210  0.0210  0.0210  0.0210  0.0210  0.0209  0.0209  0.0209  0.0209  0.0209  0.0209
  0.0210  0.0210  0.0210  0.0210  0.0210  0.0209  0.0210  0.0210  0.0210  0.0210  0.0210  0.0210
  0.0212  0.0211  0.0211  0.0212  0.0212  0.0212  0.0211  0.0213  0.0211  0.0212  0.0210  0.0211
  0.0214  0.0214  0.0212  0.0215  0.0215  0.0217  0.0214  0.0217  0.0213  0.0215  0.0212  0.0212
   -2.6559   -6.7381    5.8426   -6.1248   -9.8593   -1.8001
   -2.9488   -0.2496    5.6775    5.7901    0.2635  -13.1970
eta,q 0.97906 13.33971

---------------------------------------------------------------------
imgreg_4dfp /opt/freesurfer/average/711-2C_as_mni_average_305 /opt/freesurfer/average/711-2B_as_mni_average_305_mask talsrcimg_g11 none talsrcimg_to_711-2C_as_mni_average_305_t4 2311
---------------------------------------------------------------------

freesurfer imgreg_4dfp.c
/opt/freesurfer/average/711-2C_as_mni_average_305.4dfp.img
       256       256       256         1
  1.000000  1.000000  1.000000
orientation T byte_order littleendian
Reading image: /opt/freesurfer/average/711-2C_as_mni_average_305.4dfp.img
dimensions:      256       256       256
mmppix:       1.0000   -1.0000   -1.0000
center:     128.0000 -129.0000 -129.0000
/opt/freesurfer/average/711-2B_as_mni_average_305_mask.4dfp.img
       256       256       256         1
  1.000000  1.000000  1.000000
orientation T byte_order littleendian
Reading mask: /opt/freesurfer/average/711-2B_as_mni_average_305_mask.4dfp.img (2306576 pixels)
talsrcimg_g11.4dfp.img
       256       256       256         1
  1.000000  1.000000  1.000000
orientation T byte_order littleendian
Reading image: talsrcimg_g11.4dfp.img
dimensions:      256       256       256
mmppix:       1.0000   -1.0000   -1.0000
center:     128.0000 -129.0000 -129.0000
fimgreg.f
image alignment mode   2311 decimal      907 hex
parameters
   -2.6559   -6.7381    5.8426   -6.1248   -9.8593   -1.8001
   -2.9488   -0.2496    5.6775    5.7901    0.2635  -13.1970
eta,q 0.97906 13.33972
niter,ni,del,rscale     5    3    5.0000    0.8000
parameters
   -2.6734   -6.7304    5.8514   -6.4167   -9.9440   -2.4779
   -3.0042   -0.3307    5.6020    5.8258    0.0772  -12.9030
eta,q 0.97892 13.30606
  0.0228  0.0225  0.0221  0.0228  0.0230  0.0228  0.0227  0.0235  0.0223  0.0230  0.0218  0.0221
  0.0218  0.0217  0.0215  0.0218  0.0219  0.0221  0.0218  0.0221  0.0217  0.0220  0.0214  0.0215
  0.0211  0.0211  0.0211  0.0212  0.0212  0.0214  0.0213  0.0213  0.0212  0.0214  0.0212  0.0212
  0.0209  0.0209  0.0209  0.0209  0.0209  0.0209  0.0211  0.0211  0.0211  0.0211  0.0211  0.0211
  0.0212  0.0211  0.0211  0.0212  0.0212  0.0212  0.0213  0.0214  0.0212  0.0213  0.0212  0.0211
  0.0218  0.0217  0.0215  0.0220  0.0219  0.0226  0.0218  0.0223  0.0217  0.0219  0.0215  0.0214
  0.0229  0.0225  0.0221  0.0235  0.0232  0.0251  0.0228  0.0237  0.0225  0.0230  0.0220  0.0219
niter,ni,del,rscale     4    3    5.0000    0.7000
parameters
   -2.6483   -6.7409    5.8497   -6.1859   -9.8073   -2.4233
   -2.9730   -0.2635    5.6309    5.7825    0.1147  -12.9039
eta,q 0.97895 13.32272
  0.0225  0.0223  0.0219  0.0227  0.0228  0.0227  0.0223  0.0231  0.0221  0.0225  0.0217  0.0217
  0.0217  0.0216  0.0214  0.0220  0.0219  0.0222  0.0216  0.0220  0.0216  0.0217  0.0213  0.0214
  0.0213  0.0212  0.0212  0.0214  0.0213  0.0216  0.0212  0.0213  0.0212  0.0212  0.0211  0.0211
  0.0211  0.0211  0.0211  0.0211  0.0211  0.0211  0.0211  0.0210  0.0210  0.0210  0.0210  0.0210
  0.0212  0.0212  0.0212  0.0211  0.0212  0.0210  0.0212  0.0213  0.0211  0.0212  0.0211  0.0211
  0.0217  0.0216  0.0214  0.0216  0.0217  0.0216  0.0216  0.0219  0.0215  0.0217  0.0213  0.0214
  0.0224  0.0223  0.0219  0.0225  0.0226  0.0231  0.0223  0.0230  0.0221  0.0226  0.0217  0.0217
niter,ni,del,rscale     3    3    5.0000    0.6000
parameters
   -2.6506   -6.7450    5.8312   -6.1400   -9.8070   -2.1890
   -2.9574   -0.2497    5.6621    5.7662    0.1744  -13.0193
eta,q 0.97901 13.33102
  0.0221  0.0219  0.0216  0.0222  0.0222  0.0225  0.0219  0.0225  0.0218  0.0221  0.0215  0.0215
  0.0215  0.0214  0.0213  0.0216  0.0216  0.0220  0.0214  0.0217  0.0214  0.0215  0.0212  0.0212
  0.0212  0.0211  0.0211  0.0212  0.0212  0.0215  0.0211  0.0212  0.0211  0.0211  0.0211  0.0210
  0.0211  0.0211  0.0210  0.0210  0.0210  0.0210  0.0210  0.0210  0.0210  0.0210  0.0210  0.0210
  0.0212  0.0211  0.0211  0.0211  0.0212  0.0210  0.0211  0.0212  0.0211  0.0211  0.0210  0.0211
  0.0215  0.0215  0.0213  0.0215  0.0216  0.0214  0.0214  0.0217  0.0213  0.0215  0.0212  0.0213
  0.0221  0.0220  0.0217  0.0223  0.0222  0.0225  0.0219  0.0225  0.0218  0.0222  0.0215  0.0215
niter,ni,del,rscale     2    3    5.0000    0.5000
parameters
   -2.6565   -6.7428    5.8326   -6.1297   -9.8344   -1.9775
   -2.9471   -0.2521    5.6750    5.7828    0.2162  -13.1281
eta,q 0.97905 13.33596
  0.0217  0.0216  0.0214  0.0218  0.0218  0.0221  0.0216  0.0221  0.0215  0.0218  0.0213  0.0213
  0.0213  0.0213  0.0212  0.0214  0.0214  0.0217  0.0213  0.0215  0.0212  0.0213  0.0211  0.0211
  0.0211  0.0211  0.0210  0.0211  0.0211  0.0213  0.0210  0.0211  0.0210  0.0211  0.0210  0.0210
  0.0210  0.0210  0.0210  0.0210  0.0210  0.0210  0.0210  0.0210  0.0210  0.0210  0.0210  0.0210
  0.0211  0.0211  0.0210  0.0211  0.0211  0.0210  0.0210  0.0211  0.0210  0.0210  0.0210  0.0210
  0.0213  0.0213  0.0212  0.0214  0.0214  0.0213  0.0212  0.0214  0.0212  0.0213  0.0211  0.0211
  0.0217  0.0216  0.0214  0.0219  0.0218  0.0221  0.0216  0.0221  0.0215  0.0218  0.0213  0.0213
niter,ni,del,rscale     1    3    5.0000    0.4000
parameters
   -2.6574   -6.7355    5.8400   -6.1209   -9.8558   -1.8023
   -2.9430   -0.2490    5.6839    5.7929    0.2521  -13.2157
eta,q 0.97906 13.33995
  0.0214  0.0214  0.0212  0.0215  0.0215  0.0218  0.0214  0.0217  0.0213  0.0215  0.0212  0.0212
  0.0212  0.0211  0.0211  0.0212  0.0212  0.0215  0.0211  0.0213  0.0211  0.0212  0.0211  0.0210
  0.0210  0.0210  0.0210  0.0210  0.0210  0.0211  0.0210  0.0210  0.0210  0.0210  0.0210  0.0210
  0.0210  0.0210  0.0210  0.0210  0.0210  0.0210  0.0209  0.0209  0.0209  0.0209  0.0209  0.0209
  0.0210  0.0210  0.0210  0.0210  0.0210  0.0209  0.0210  0.0210  0.0210  0.0210  0.0210  0.0210
  0.0212  0.0211  0.0211  0.0212  0.0212  0.0212  0.0211  0.0213  0.0211  0.0212  0.0210  0.0211
  0.0214  0.0214  0.0212  0.0215  0.0215  0.0217  0.0214  0.0217  0.0213  0.0215  0.0212  0.0212
registration optimization eta report
parameter search radius
    0.8000    0.8000    0.8000    2.4000    2.4000    2.4000
    2.4000    2.4000    2.4000    2.4000    2.4000    2.4000
100000*second partial in parameter space
       75.       64.       45.       10.        9.       14.
        7.       13.        6.        9.        4.        4.
  0.0214  0.0214  0.0212  0.0215  0.0215  0.0218  0.0214  0.0217  0.0213  0.0215  0.0212  0.0212
  0.0212  0.0211  0.0211  0.0212  0.0212  0.0215  0.0211  0.0213  0.0211  0.0212  0.0211  0.0210
  0.0210  0.0210  0.0210  0.0210  0.0210  0.0211  0.0210  0.0210  0.0210  0.0210  0.0210  0.0210
  0.0210  0.0210  0.0210  0.0210  0.0210  0.0210  0.0209  0.0209  0.0209  0.0209  0.0209  0.0209
  0.0210  0.0210  0.0210  0.0210  0.0210  0.0209  0.0210  0.0210  0.0210  0.0210  0.0210  0.0210
  0.0212  0.0211  0.0211  0.0212  0.0212  0.0212  0.0211  0.0213  0.0211  0.0212  0.0210  0.0211
  0.0214  0.0214  0.0212  0.0215  0.0215  0.0217  0.0214  0.0217  0.0213  0.0215  0.0212  0.0212
   -2.6574   -6.7355    5.8400   -6.1209   -9.8558   -1.8023
   -2.9430   -0.2490    5.6839    5.7929    0.2521  -13.2157
eta,q 0.97906 13.33995

---------------------------------------------------------------------
compute_vox2vox talsrcimg talsrcimg_to_711-2C_as_mni_average_305_t4 /opt/freesurfer/average/711-2C_as_mni_average_305
---------------------------------------------------------------------

freesurfer compute_vox2vox.c
Reading: talsrcimg.4dfp.ifh
Reading: talsrcimg_to_711-2C_as_mni_average_305_t4
Reading: /opt/freesurfer/average/711-2C_as_mni_average_305.4dfp.ifh
Writing: talsrcimg_to_711-2C_as_mni_average_305_t4_vox2vox.txt

start time Mon Mar 9 11:36:39 CET 2026
end		time Mon Mar 9 11:38:19 CET 2026

mpr2mni305 success

avi2talxfm orig_nu.mgz /opt/freesurfer/average/mni305.cor.mgz talsrcimg_to_711-2C_as_mni_average_305_t4_vox2vox.txt transforms/talairach.auto.xfm
avi2talxfm done
mv -f /out/sourcedata/freesurfer/sub-v1s21x0050422_ses-1/mri/talsrcimg_to_711-2C_as_mni_average_305_t4_vox2vox.txt /out/sourcedata/freesurfer/sub-v1s21x0050422_ses-1/mri/transforms/talsrcimg_to_711-2C_as_mni_average_305_t4_vox2vox.txt
lta_convert --src orig_nu.mgz --trg /opt/freesurfer/average/mni305.cor.mgz --inxfm transforms/talairach.auto.xfm --outlta transforms/talairach.auto.xfm.lta --subject fsaverage
7.3.2

--src: orig_nu.mgz src image (geometry).
--trg: /opt/freesurfer/average/mni305.cor.mgz trg image (geometry).
--inmni: transforms/talairach.auto.xfm input MNI/XFM transform.
--outlta: transforms/talairach.auto.xfm.lta output LTA.
--s: fsaverage subject name
 LTA read, type : 1
 1.06309   0.00064   0.03480   2.29452;
-0.01165   1.00961   0.14763  -5.49356;
-0.06628  -0.06492   1.09765   7.06136;
 0.00000   0.00000   0.00000   1.00000;
setting subject to fsaverage
Writing  LTA to file transforms/talairach.auto.xfm.lta...
lta_convert successful.
 
 
Started at Mon Mar 9 11:36:39 CET 2026
Ended   at Mon Mar  9 11:38:19 CET 2026
talairach_avi done
