/out/sourcedata/freesurfer/sub-v1s21x0050404_ses-1/mri
/opt/freesurfer/bin/talairach_avi
--i orig_nu.mgz --xfm transforms/talairach.auto.xfm
talairach_avi 7.3.2
Linux dna050 5.14.0-427.37.1.el9_4.x86_64 #1 SMP PREEMPT_DYNAMIC Fri Sep 13 12:41:50 EDT 2024 x86_64 x86_64 x86_64 GNU/Linux
Mon Mar  9 10:12:06 CET 2026
mri_convert orig_nu.mgz talsrcimg.img 
reading from orig_nu.mgz...
TR=0.00, TE=0.00, TI=0.00, flip angle=0.00
i_ras = (-1, 0, 0)
j_ras = (0, 0, -1)
k_ras = (0, 1, 0)
writing to talsrcimg.img...
Analyze Output Matrix
-1.00000   0.00000   0.00000   129.70000;
 0.00000   0.00000   1.00000  -128.57001;
 0.00000  -1.00000   0.00000   129.43002;
 0.00000   0.00000   0.00000   1.00000;
--------------------
INFO: set hdr.hist.orient to -1
mpr2mni305 talsrcimg
Mon Mar  9 10:12:06 CET 2026
/opt/freesurfer/bin/mpr2mni305 talsrcimg
mpr2mni305 7.3.2
target=711-2C_as_mni_average_305

---------------------------------------------------------------------
analyzeto4dfp talsrcimg -O0 -y
---------------------------------------------------------------------

freesurfer ifh2hdr.c
Mon Mar  9 10:12:06 2026
Writing: talsrcimg.4dfp.hdr
freesurfer analyzeto4dfp.c
Reading: talsrcimg.hdr
header size 348 bytes
hdr.dime.datatype	offset=70	value=2
hdr.dime.bitpix		offset=72	value=8
hdr.hist.orient		offset=252	value=-1
dimensionality     4
dimensions       256       256       256         1
Reading: talsrcimg.img
Writing: talsrcimg.4dfp.img
Writing: talsrcimg.4dfp.ifh
ifh2hdr talsrcimg -r0to230
ori=2

---------------------------------------------------------------------
gauss_4dfp talsrcimg 1.1
---------------------------------------------------------------------

freesurfer gauss_4dfp.c
Reading: talsrcimg.4dfp.img
Writing: talsrcimg_g11.4dfp.img
image dimensions 256 256 256 padded to 288 288 288
processing volume 1freesurfer ifh2hdr.c
Mon Mar  9 10:12:08 2026
Writing: talsrcimg_g11.4dfp.hdr

Writing: talsrcimg_g11.4dfp.ifh
including: talsrcimg.4dfp.img.rec in talsrcimg_g11.4dfp.img.rec

---------------------------------------------------------------------
imgreg_4dfp /opt/freesurfer/average/711-2C_as_mni_average_305 none talsrcimg_g11 none talsrcimg_to_711-2C_as_mni_average_305_t4 4355
---------------------------------------------------------------------

freesurfer imgreg_4dfp.c
/opt/freesurfer/average/711-2C_as_mni_average_305.4dfp.img
       256       256       256         1
  1.000000  1.000000  1.000000
orientation T byte_order littleendian
Reading image: /opt/freesurfer/average/711-2C_as_mni_average_305.4dfp.img
dimensions:      256       256       256
mmppix:       1.0000   -1.0000   -1.0000
center:     128.0000 -129.0000 -129.0000
talsrcimg_g11.4dfp.img
       256       256       256         1
  1.000000  1.000000  1.000000
orientation T byte_order littleendian
Reading image: talsrcimg_g11.4dfp.img
dimensions:      256       256       256
mmppix:       1.0000   -1.0000   -1.0000
center:     128.0000 -129.0000 -129.0000
t4_read: open error in t4_sub.f l:  41 t4_file(1:l)talsrcimg_to_711-2C_as_mni_average_305_t4 
t4_read: transform initialized to I4
rotation matrix determinant  1.000000
image alignment mode   4355 decimal     1103 hex
   -7.5000  -45.0000  -45.0000 5115.0024   38.2327
    0.0000  -45.0000  -45.0000 5319.9307   38.2929
    7.5000  -45.0000  -45.0000 5074.0562   38.2595
   -7.5000  -37.5000  -45.0000 5661.1880   37.8108
    0.0000  -37.5000  -45.0000 5899.2065   37.8578
    7.5000  -37.5000  -45.0000 5643.4570   37.8366
   -7.5000  -30.0000  -45.0000 6484.1577   37.8005
    0.0000  -30.0000  -45.0000 6732.5913   37.8440
    7.5000  -30.0000  -45.0000 6446.3438   37.8162
   -7.5000  -22.5000  -45.0000 7353.6660   37.8415
    0.0000  -22.5000  -45.0000 7633.5620   37.8910
    7.5000  -22.5000  -45.0000 7290.6348   37.8352
   -7.5000  -15.0000  -45.0000 8166.7129   37.8884
    0.0000  -15.0000  -45.0000 8472.6807   37.9445
    7.5000  -15.0000  -45.0000 8075.6729   37.8663
   -7.5000   -7.5000  -45.0000 8954.1191   37.8690
    0.0000   -7.5000  -45.0000 9264.9033   37.9314
    7.5000   -7.5000  -45.0000 8853.7139   37.8704
   -7.5000    0.0000  -45.0000 9694.5771   37.8319
    0.0000    0.0000  -45.000010066.3857   37.8913
    7.5000    0.0000  -45.0000 9599.9189   37.8590
   -7.5000    7.5000  -45.0000 9666.6396   37.8103
    0.0000    7.5000  -45.000010013.3721   37.8572
    7.5000    7.5000  -45.0000 9537.4336   37.8360
   -7.5000   15.0000  -45.0000 9422.1377   37.8005
    0.0000   15.0000  -45.0000 9741.1328   37.8440
    7.5000   15.0000  -45.0000 9284.3320   37.8162
   -7.5000   22.5000  -45.0000 9184.0459   37.8363
    0.0000   22.5000  -45.0000 9483.5664   37.8858
    7.5000   22.5000  -45.0000 9020.9834   37.8300
   -7.5000   30.0000  -45.0000 8867.2236   37.3835
    0.0000   30.0000  -45.0000 9118.2812   37.4388
    7.5000   30.0000  -45.0000 8710.2451   37.3617
   -7.5000   37.5000  -45.0000 8828.1240   37.3643
    0.0000   37.5000  -45.0000 9080.6914   37.4259
    7.5000   37.5000  -45.0000 8717.0752   37.3657
   -7.5000   45.0000  -45.0000 8498.4062   36.3799
    0.0000   45.0000  -45.0000 8731.4229   36.4370
    7.5000   45.0000  -45.0000 8409.0029   36.4060
   -7.5000  -45.0000  -37.5000 5498.3540   38.3085
    0.0000  -45.0000  -37.5000 5731.5483   38.3517
    7.5000  -45.0000  -37.5000 5483.9165   38.2837
   -7.5000  -37.5000  -37.5000 6138.9194   37.8942
    0.0000  -37.5000  -37.5000 6387.6655   37.9260
    7.5000  -37.5000  -37.5000 6096.9814   37.8644
   -7.5000  -30.0000  -37.5000 7046.1079   37.8699
    0.0000  -30.0000  -37.5000 7320.0435   37.8913
    7.5000  -30.0000  -37.5000 6981.4009   37.8152
   -7.5000  -22.5000  -37.5000 7985.2734   37.8856
    0.0000  -22.5000  -37.5000 8285.2656   37.9003
    7.5000  -22.5000  -37.5000 7894.4141   37.7939
   -7.5000  -15.0000  -37.5000 8845.3643   37.9142
    0.0000  -15.0000  -37.5000 9159.2236   37.9307
    7.5000  -15.0000  -37.5000 8725.0664   37.8085
   -7.5000   -7.5000  -37.5000 9670.1035   37.9114
    0.0000   -7.5000  -37.500010003.1182   37.9457
    7.5000   -7.5000  -37.5000 9521.7979   37.8491
   -7.5000    0.0000  -37.500010498.7021   37.9067
    0.0000    0.0000  -37.500010887.3330   37.9493
    7.5000    0.0000  -37.500010330.0596   37.8830
   -7.5000    7.5000  -37.500010427.0967   37.8936
    0.0000    7.5000  -37.500010793.4619   37.9253
    7.5000    7.5000  -37.500010230.3408   37.8638
   -7.5000   15.0000  -37.500010101.3477   37.8699
    0.0000   15.0000  -37.500010484.1816   37.8913
    7.5000   15.0000  -37.5000 9916.8916   37.8152
   -7.5000   22.5000  -37.5000 9801.9834   37.8804
    0.0000   22.5000  -37.500010166.3818   37.8951
    7.5000   22.5000  -37.5000 9611.5166   37.7888
   -7.5000   30.0000  -37.5000 9458.3643   37.4090
    0.0000   30.0000  -37.5000 9778.5400   37.4252
    7.5000   30.0000  -37.5000 9285.7275   37.3047
   -7.5000   37.5000  -37.5000 9430.9980   37.4062
    0.0000   37.5000  -37.5000 9723.3057   37.4400
    7.5000   37.5000  -37.5000 9277.2715   37.3447
   -7.5000   45.0000  -37.5000 9043.3027   36.4518
    0.0000   45.0000  -37.5000 9303.7705   36.4928
    7.5000   45.0000  -37.5000 8910.5889   36.4290
   -7.5000  -45.0000  -30.0000 6031.9702   39.9717
    0.0000  -45.0000  -30.0000 6260.4443   39.9874
    7.5000  -45.0000  -30.0000 5996.3643   39.8858
   -7.5000  -37.5000  -30.0000 6737.7085   39.5514
    0.0000  -37.5000  -30.0000 6997.6992   39.5606
    7.5000  -37.5000  -30.0000 6669.7769   39.4604
   -7.5000  -30.0000  -30.0000 7734.1250   39.5369
    0.0000  -30.0000  -30.0000 8020.9487   39.5415
    7.5000  -30.0000  -30.0000 7633.8032   39.4283
   -7.5000  -22.5000  -30.0000 8737.5605   39.5434
    0.0000  -22.5000  -30.0000 9062.7949   39.5405
    7.5000  -22.5000  -30.0000 8614.9912   39.4055
   -7.5000  -15.0000  -30.0000 9652.2393   39.5528
    0.0000  -15.0000  -30.000010003.8633   39.5479
    7.5000  -15.0000  -30.0000 9472.9180   39.4051
   -7.5000   -7.5000  -30.000010523.7734   39.5456
    0.0000   -7.5000  -30.000010901.8271   39.5546
    7.5000   -7.5000  -30.000010328.1055   39.4348
   -7.5000    0.0000  -30.000011346.5947   39.5501
    0.0000    0.0000  -30.000011792.7178   39.5657
    7.5000    0.0000  -30.000011164.0859   39.4666
   -7.5000    7.5000  -30.000011215.9883   39.5508
    0.0000    7.5000  -30.000011645.8564   39.5600
    7.5000    7.5000  -30.000011013.9199   39.4598
   -7.5000   15.0000  -30.000010887.0078   39.5369
    0.0000   15.0000  -30.000011339.8867   39.5415
    7.5000   15.0000  -30.000010669.2822   39.4283
   -7.5000   22.5000  -30.000010555.0107   39.5339
    0.0000   22.5000  -30.000010985.1406   39.5310
    7.5000   22.5000  -30.000010355.7754   39.3960
   -7.5000   30.0000  -30.000010188.3701   39.0295
    0.0000   30.0000  -30.000010580.0625   39.0246
    7.5000   30.0000  -30.0000 9975.9668   38.8837
   -7.5000   37.5000  -30.000010148.6045   39.0223
    0.0000   37.5000  -30.000010484.1963   39.0312
    7.5000   37.5000  -30.0000 9939.9658   38.9130
   -7.5000   45.0000  -30.0000 9672.2812   38.0601
    0.0000   45.0000  -30.0000 9974.4307   38.0751
    7.5000   45.0000  -30.0000 9510.3281   37.9797
   -7.5000  -45.0000  -22.5000 6563.9253   41.3052
    0.0000  -45.0000  -22.5000 6812.4253   41.3058
    7.5000  -45.0000  -22.5000 6479.8535   41.2054
   -7.5000  -37.5000  -22.5000 7307.4990   40.8676
    0.0000  -37.5000  -22.5000 7574.6509   40.8674
    7.5000  -37.5000  -22.5000 7207.6631   40.7710
   -7.5000  -30.0000  -22.5000 8349.1123   40.8768
    0.0000  -30.0000  -22.5000 8667.7451   40.8887
    7.5000  -30.0000  -22.5000 8234.9824   40.7933
   -7.5000  -22.5000  -22.5000 9402.2891   40.9045
    0.0000  -22.5000  -22.5000 9762.1914   40.9237
    7.5000  -22.5000  -22.5000 9279.1875   40.8186
   -7.5000  -15.0000  -22.500010399.7344   40.9210
    0.0000  -15.0000  -22.500010793.8652   40.9378
    7.5000  -15.0000  -22.500010221.8281   40.8244
   -7.5000   -7.5000  -22.500011298.4648   40.8936
    0.0000   -7.5000  -22.500011712.8340   40.9041
    7.5000   -7.5000  -22.500011085.7549   40.7992
   -7.5000    0.0000  -22.500012116.9131   40.8675
    0.0000    0.0000  -22.500012565.0791   40.8682
    7.5000    0.0000  -22.500011873.4277   40.7706
   -7.5000    7.5000  -22.500011909.3291   40.8670
    0.0000    7.5000  -22.500012368.2715   40.8668
    7.5000    7.5000  -22.500011669.4961   40.7704
   -7.5000   15.0000  -22.500011588.5107   40.8768
    0.0000   15.0000  -22.500012030.2480   40.8887
    7.5000   15.0000  -22.500011335.4111   40.7933
   -7.5000   22.5000  -22.500011262.3926   40.8919
    0.0000   22.5000  -22.500011728.4131   40.9111
    7.5000   22.5000  -22.500011043.8486   40.8060
   -7.5000   30.0000  -22.500010888.1104   40.3858
    0.0000   30.0000  -22.500011298.6885   40.4023
    7.5000   30.0000  -22.500010658.2305   40.2904
   -7.5000   37.5000  -22.500010825.7061   40.3587
    0.0000   37.5000  -22.500011203.5186   40.3691
    7.5000   37.5000  -22.500010574.0566   40.2655
   -7.5000   45.0000  -22.500010291.2637   39.3574
    0.0000   45.0000  -22.500010625.3418   39.3581
    7.5000   45.0000  -22.500010041.1064   39.2641
   -7.5000  -45.0000  -15.0000 7080.1494   42.2047
    0.0000  -45.0000  -15.0000 7328.0317   42.2206
    7.5000  -45.0000  -15.0000 6978.3696   42.1537
   -7.5000  -37.5000  -15.0000 7861.4995   41.7430
    0.0000  -37.5000  -15.0000 8136.0249   41.7586
    7.5000  -37.5000  -15.0000 7730.0630   41.7018
   -7.5000  -30.0000  -15.0000 8961.4707   41.7692
    0.0000  -30.0000  -15.0000 9292.9463   41.8066
    7.5000  -30.0000  -15.0000 8812.2725   41.7611
   -7.5000  -22.5000  -15.000010070.4980   41.8329
    0.0000  -22.5000  -15.000010454.8643   41.8917
    7.5000  -22.5000  -15.0000 9934.5518   41.8396
   -7.5000  -15.0000  -15.000011132.5352   41.8769
    0.0000  -15.0000  -15.000011540.9414   41.9362
    7.5000  -15.0000  -15.000010953.8311   41.8673
   -7.5000   -7.5000  -15.000012014.1611   41.8284
    0.0000   -7.5000  -15.000012431.2773   41.8666
    7.5000   -7.5000  -15.000011794.4980   41.7964
   -7.5000    0.0000  -15.000012783.6875   41.7577
    0.0000    0.0000  -15.000013226.8740   41.7735
    7.5000    0.0000  -15.000012549.0264   41.7088
   -7.5000    7.5000  -15.000012524.7871   41.7424
    0.0000    7.5000  -15.000012975.6406   41.7580
    7.5000    7.5000  -15.000012301.0488   41.7013
   -7.5000   15.0000  -15.000012189.0400   41.7692
    0.0000   15.0000  -15.000012624.8271   41.8066
    7.5000   15.0000  -15.000011975.0371   41.7611
   -7.5000   22.5000  -15.000011853.7568   41.8181
    0.0000   22.5000  -15.000012304.3594   41.8769
    7.5000   22.5000  -15.000011666.6572   41.8248
   -7.5000   30.0000  -15.000011457.3408   41.3350
    0.0000   30.0000  -15.000011896.1885   41.3935
    7.5000   30.0000  -15.000011227.1367   41.3255
   -7.5000   37.5000  -15.000011399.4365   41.2871
    0.0000   37.5000  -15.000011791.7910   41.3248
    7.5000   37.5000  -15.000011113.9697   41.2555
   -7.5000   45.0000  -15.000010812.7969   40.2390
    0.0000   45.0000  -15.000011157.6035   40.2542
    7.5000   45.0000  -15.000010533.3643   40.1919
   -7.5000  -45.0000   -7.5000 7608.2212   42.6581
    0.0000  -45.0000   -7.5000 7859.5127   42.7094
    7.5000  -45.0000   -7.5000 7482.6001   42.6753
   -7.5000  -37.5000   -7.5000 8437.0322   42.1852
    0.0000  -37.5000   -7.5000 8724.4102   42.2280
    7.5000  -37.5000   -7.5000 8283.1016   42.2082
   -7.5000  -30.0000   -7.5000 9607.8906   42.2023
    0.0000  -30.0000   -7.5000 9970.7559   42.2571
    7.5000  -30.0000   -7.5000 9485.2451   42.2428
   -7.5000  -22.5000   -7.500010798.3945   42.2731
    0.0000  -22.5000   -7.500011219.2598   42.3486
    7.5000  -22.5000   -7.500010679.7959   42.3164
   -7.5000  -15.0000   -7.500011892.4990   42.3314
    0.0000  -15.0000   -7.500012322.5703   42.4130
    7.5000  -15.0000   -7.500011725.6318   42.3569
   -7.5000   -7.5000   -7.500012781.6348   42.2845
    0.0000   -7.5000   -7.500013240.8643   42.3532
    7.5000   -7.5000   -7.500012598.9355   42.3023
   -7.5000    0.0000   -7.500013561.2217   42.2087
    0.0000    0.0000   -7.500014101.7539   42.2594
    7.5000    0.0000   -7.500013415.0186   42.2267
   -7.5000    7.5000   -7.500013290.2324   42.1846
    0.0000    7.5000   -7.500013746.3340   42.2273
    7.5000    7.5000   -7.500013160.9004   42.2076
   -7.5000   15.0000   -7.500012912.9053   42.2023
    0.0000   15.0000   -7.500013339.8271   42.2571
    7.5000   15.0000   -7.500012750.5342   42.2428
   -7.5000   22.5000   -7.500012582.1318   42.2536
    0.0000   22.5000   -7.500013030.2900   42.3291
    7.5000   22.5000   -7.500012380.7852   42.2969
   -7.5000   30.0000   -7.500012159.4453   41.7825
    0.0000   30.0000   -7.500012591.9375   41.8630
    7.5000   30.0000   -7.500011895.3047   41.8076
   -7.5000   37.5000   -7.500012030.2051   41.7361
    0.0000   37.5000   -7.500012446.9326   41.8039
    7.5000   37.5000   -7.500011781.3047   41.7538
   -7.5000   45.0000   -7.500011382.0889   40.6812
    0.0000   45.0000   -7.500011725.6865   40.7301
    7.5000   45.0000   -7.500011138.4561   40.6986
   -7.5000  -45.0000    0.0000 8137.7202   42.7834
    0.0000  -45.0000    0.0000 8414.5029   42.8508
    7.5000  -45.0000    0.0000 8007.2441   42.8134
   -7.5000  -37.5000    0.0000 8999.4990   42.3113
    0.0000  -37.5000    0.0000 9332.7041   42.3639
    7.5000  -37.5000    0.0000 8889.8799   42.3402
   -7.5000  -30.0000    0.000010228.3896   42.2998
    0.0000  -30.0000    0.000010634.1533   42.3484
    7.5000  -30.0000    0.000010133.3232   42.3174
   -7.5000  -22.5000    0.000011446.0312   42.3456
    0.0000  -22.5000    0.000011903.2100   42.4011
    7.5000  -22.5000    0.000011346.4131   42.3386
   -7.5000  -15.0000    0.000012529.0254   42.3982
    0.0000  -15.0000    0.000012978.8613   42.4609
    7.5000  -15.0000    0.000012383.2021   42.3734
   -7.5000   -7.5000    0.000013423.3086   42.3764
    0.0000   -7.5000    0.000013960.2529   42.4463
    7.5000   -7.5000    0.000013256.4004   42.3780
   -7.5000    0.0000    0.000014145.7520   42.3349
    0.0000    0.0000    0.000014660.3691   42.4014
    7.5000    0.0000    0.000014136.3486   42.3652
   -7.5000    7.5000    0.000013648.6836   42.3107
    0.0000    7.5000    0.000014080.5439   42.3632
    7.5000    7.5000    0.000013755.5479   42.3395
   -7.5000   15.0000    0.000013309.2383   42.2998
    0.0000   15.0000    0.000013725.1846   42.3484
    7.5000   15.0000    0.000013307.3076   42.3174
   -7.5000   22.5000    0.000013006.5791   42.3261
    0.0000   22.5000    0.000013432.6025   42.3816
    7.5000   22.5000    0.000012903.2617   42.3191
   -7.5000   30.0000    0.000012575.6260   41.8495
    0.0000   30.0000    0.000012977.1318   41.9114
    7.5000   30.0000    0.000012355.9297   41.8250
   -7.5000   37.5000    0.000012487.0537   41.8280
    0.0000   37.5000    0.000012888.6592   41.8969
    7.5000   37.5000    0.000012265.5146   41.8295
   -7.5000   45.0000    0.000011791.6562   40.8059
    0.0000   45.0000    0.000012113.5938   40.8701
    7.5000   45.0000    0.000011609.8037   40.8352
   -7.5000  -45.0000    7.5000 8017.6538   42.8682
    0.0000  -45.0000    7.5000 8298.2441   42.9166
    7.5000  -45.0000    7.5000 7917.3843   42.8405
   -7.5000  -37.5000    7.5000 8859.1172   42.4046
    0.0000  -37.5000    7.5000 9189.5400   42.4402
    7.5000  -37.5000    7.5000 8774.1309   42.3712
   -7.5000  -30.0000    7.500010059.5762   42.3774
    0.0000  -30.0000    7.500010457.1680   42.4014
    7.5000  -30.0000    7.5000 9963.1943   42.3163
   -7.5000  -22.5000    7.500011200.1289   42.3950
    0.0000  -22.5000    7.500011637.8867   42.4114
    7.5000  -22.5000    7.500011103.0205   42.2924
   -7.5000  -15.0000    7.500012212.9023   42.4270
    0.0000  -15.0000    7.500012667.4268   42.4455
    7.5000  -15.0000    7.500012076.3926   42.3088
   -7.5000   -7.5000    7.500013134.3721   42.4238
    0.0000   -7.5000    7.500013651.2998   42.4622
    7.5000   -7.5000    7.500013004.1855   42.3542
   -7.5000    0.0000    7.500013672.2705   42.4186
    0.0000    0.0000    7.500014128.4570   42.4663
    7.5000    0.0000    7.500013786.1377   42.3921
   -7.5000    7.5000    7.500013197.3613   42.4040
    0.0000    7.5000    7.500013588.1416   42.4395
    7.5000    7.5000    7.500013343.4961   42.3706
   -7.5000   15.0000    7.500012919.8281   42.3774
    0.0000   15.0000    7.500013333.0869   42.4014
    7.5000   15.0000    7.500012952.6338   42.3163
   -7.5000   22.5000    7.500012601.2617   42.3754
    0.0000   22.5000    7.500013024.4580   42.3919
    7.5000   22.5000    7.500012535.6816   42.2730
   -7.5000   30.0000    7.500012155.1885   41.8780
    0.0000   30.0000    7.500012567.0322   41.8962
    7.5000   30.0000    7.500012028.2295   41.7612
   -7.5000   37.5000    7.500012062.1904   41.8748
    0.0000   37.5000    7.500012476.8047   41.9127
    7.5000   37.5000    7.500011932.0674   41.8061
   -7.5000   45.0000    7.500011373.0293   40.8866
    0.0000   45.0000    7.500011734.5312   40.9326
    7.5000   45.0000    7.500011262.0645   40.8611
   -7.5000  -45.0000   15.0000 7736.5791   42.9230
    0.0000  -45.0000   15.0000 8024.5532   42.9399
    7.5000  -45.0000   15.0000 7662.2910   42.8307
   -7.5000  -37.5000   15.0000 8578.1797   42.4717
    0.0000  -37.5000   15.0000 8912.4365   42.4816
    7.5000  -37.5000   15.0000 8506.2656   42.3739
   -7.5000  -30.0000   15.0000 9750.5156   42.4562
    0.0000  -30.0000   15.000010138.3184   42.4611
    7.5000  -30.0000   15.0000 9689.5254   42.3395
   -7.5000  -22.5000   15.000010823.3936   42.4631
    0.0000  -22.5000   15.000011233.2217   42.4600
    7.5000  -22.5000   15.000010760.3389   42.3150
   -7.5000  -15.0000   15.000011792.2607   42.4733
    0.0000  -15.0000   15.000012225.1992   42.4679
    7.5000  -15.0000   15.000011677.6230   42.3146
   -7.5000   -7.5000   15.000012668.3174   42.4655
    0.0000   -7.5000   15.000013134.2471   42.4751
    7.5000   -7.5000   15.000012542.3906   42.3465
   -7.5000    0.0000   15.000013259.7549   42.4703
    0.0000    0.0000   15.000013682.1523   42.4870
    7.5000    0.0000   15.000013302.5928   42.3806
   -7.5000    7.5000   15.000012798.2070   42.4711
    0.0000    7.5000   15.000013180.3037   42.4809
    7.5000    7.5000   15.000012873.4150   42.3733
   -7.5000   15.0000   15.000012463.8506   42.4562
    0.0000   15.0000   15.000012864.7764   42.4610
    7.5000   15.0000   15.000012486.1895   42.3395
   -7.5000   22.5000   15.000012073.5771   42.4436
    0.0000   22.5000   15.000012452.8154   42.4405
    7.5000   22.5000   15.000012086.6406   42.2955
   -7.5000   30.0000   15.000011637.1514   41.9236
    0.0000   30.0000   15.000011999.9775   41.9183
    7.5000   30.0000   15.000011603.2217   41.7670
   -7.5000   37.5000   15.000011552.2285   41.9159
    0.0000   37.5000   15.000011941.0068   41.9254
    7.5000   37.5000   15.000011534.0107   41.7985
   -7.5000   45.0000   15.000010924.4707   40.9365
    0.0000   45.0000   15.000011267.1670   40.9526
    7.5000   45.0000   15.000010882.1426   40.8500
   -7.5000  -45.0000   22.5000 7393.9609   42.8781
    0.0000  -45.0000   22.5000 7668.2329   42.8787
    7.5000  -45.0000   22.5000 7323.5312   42.7745
   -7.5000  -37.5000   22.5000 8214.6387   42.4238
    0.0000  -37.5000   22.5000 8535.7070   42.4236
    7.5000  -37.5000   22.5000 8131.8755   42.3235
   -7.5000  -30.0000   22.5000 9341.7949   42.4334
    0.0000  -30.0000   22.5000 9718.4160   42.4458
    7.5000  -30.0000   22.5000 9278.0283   42.3467
   -7.5000  -22.5000   22.500010390.4043   42.4621
    0.0000  -22.5000   22.500010799.7236   42.4821
    7.5000  -22.5000   22.500010319.4316   42.3730
   -7.5000  -15.0000   22.500011313.5498   42.4793
    0.0000  -15.0000   22.500011717.5205   42.4967
    7.5000  -15.0000   22.500011184.4414   42.3790
   -7.5000   -7.5000   22.500012100.0029   42.4508
    0.0000   -7.5000   22.500012527.9844   42.4617
    7.5000   -7.5000   22.500011950.2188   42.3528
   -7.5000    0.0000   22.500012783.5459   42.4237
    0.0000    0.0000   22.500013219.7881   42.4244
    7.5000    0.0000   22.500012683.1055   42.3231
   -7.5000    7.5000   22.500012445.5820   42.4232
    0.0000    7.5000   22.500012858.0576   42.4230
    7.5000    7.5000   22.500012422.9033   42.3229
   -7.5000   15.0000   22.500011949.1943   42.4333
    0.0000   15.0000   22.500012339.7539   42.4457
    7.5000   15.0000   22.500012009.3887   42.3467
   -7.5000   22.5000   22.500011491.7803   42.4425
    0.0000   22.5000   22.500011861.9932   42.4625
    7.5000   22.5000   22.500011580.9326   42.3534
   -7.5000   30.0000   22.500011079.3828   41.9295
    0.0000   30.0000   22.500011439.0068   41.9467
    7.5000   30.0000   22.500011121.7783   41.8305
   -7.5000   37.5000   22.500011091.1836   41.9014
    0.0000   37.5000   22.500011449.5215   41.9122
    7.5000   37.5000   22.500011051.3564   41.8047
   -7.5000   45.0000   22.500010569.8252   40.8916
    0.0000   45.0000   22.500010886.7529   40.8922
    7.5000   45.0000   22.500010462.8721   40.7946
   -7.5000  -45.0000   30.0000 6938.7700   42.7839
    0.0000  -45.0000   30.0000 7195.8164   42.8000
    7.5000  -45.0000   30.0000 6866.6304   42.7322
   -7.5000  -37.5000   30.0000 7699.0283   42.3158
    0.0000  -37.5000   30.0000 8008.1030   42.3317
    7.5000  -37.5000   30.0000 7644.1567   42.2741
   -7.5000  -30.0000   30.0000 8778.8203   42.3425
    0.0000  -30.0000   30.0000 9134.4580   42.3803
    7.5000  -30.0000   30.0000 8713.5498   42.3342
   -7.5000  -22.5000   30.0000 9834.8193   42.4069
    0.0000  -22.5000   30.000010220.8965   42.4666
    7.5000  -22.5000   30.0000 9741.9307   42.4137
   -7.5000  -15.0000   30.000010744.7256   42.4516
    0.0000  -15.0000   30.000011158.3574   42.5117
    7.5000  -15.0000   30.000010628.0000   42.4419
   -7.5000   -7.5000   30.000011442.1963   42.4025
    0.0000   -7.5000   30.000011865.1123   42.4411
    7.5000   -7.5000   30.000011327.6738   42.3700
   -7.5000    0.0000   30.000012055.9346   42.3307
    0.0000    0.0000   30.000012484.0928   42.3468
    7.5000    0.0000   30.000011936.1533   42.2812
   -7.5000    7.5000   30.000011906.7441   42.3152
    0.0000    7.5000   30.000012366.6826   42.3310
    7.5000    7.5000   30.000011740.8145   42.2735
   -7.5000   15.0000   30.000011557.2559   42.3424
    0.0000   15.0000   30.000012027.4492   42.3803
    7.5000   15.0000   30.000011402.4307   42.3342
   -7.5000   22.5000   30.000011106.0430   42.3874
    0.0000   22.5000   30.000011538.9453   42.4470
    7.5000   22.5000   30.000010963.5742   42.3942
   -7.5000   30.0000   30.000010679.8379   41.9022
    0.0000   30.0000   30.000011049.9512   41.9615
    7.5000   30.0000   30.000010496.2881   41.8926
   -7.5000   37.5000   30.000010606.9297   41.8537
    0.0000   37.5000   30.000010943.6631   41.8919
    7.5000   37.5000   30.000010413.6260   41.8216
   -7.5000   45.0000   30.000010062.9590   40.8019
    0.0000   45.0000   30.000010352.6924   40.8174
    7.5000   45.0000   30.0000 9894.4521   40.7542
   -7.5000  -45.0000   37.5000 6707.4971   42.7442
    0.0000  -45.0000   37.5000 6958.9756   42.7956
    7.5000  -45.0000   37.5000 6648.4971   42.7615
   -7.5000  -37.5000   37.5000 7446.1704   42.2704
    0.0000  -37.5000   37.5000 7734.9160   42.3132
    7.5000  -37.5000   37.5000 7402.5288   42.2934
   -7.5000  -30.0000   37.5000 8492.7510   42.2875
    0.0000  -30.0000   37.5000 8817.5439   42.3424
    7.5000  -30.0000   37.5000 8438.3154   42.3281
   -7.5000  -22.5000   37.5000 9518.7930   42.3585
    0.0000  -22.5000   37.5000 9905.0010   42.4341
    7.5000  -22.5000   37.5000 9433.6465   42.4019
   -7.5000  -15.0000   37.500010449.5801   42.4169
    0.0000  -15.0000   37.500010868.6582   42.4986
    7.5000  -15.0000   37.500010309.6855   42.4424
   -7.5000   -7.5000   37.500011232.6162   42.3699
    0.0000   -7.5000   37.500011658.9385   42.4387
    7.5000   -7.5000   37.500011043.3027   42.3878
   -7.5000    0.0000   37.500011896.9961   42.2939
    0.0000    0.0000   37.500012322.5488   42.3447
    7.5000    0.0000   37.500011689.3887   42.3120
   -7.5000    7.5000   37.500011736.6260   42.2698
    0.0000    7.5000   37.500012155.7949   42.3125
    7.5000    7.5000   37.500011490.6641   42.2928
   -7.5000   15.0000   37.500011406.6455   42.2875
    0.0000   15.0000   37.500011789.8369   42.3424
    7.5000   15.0000   37.500011152.4072   42.3281
   -7.5000   22.5000   37.500010975.1133   42.3389
    0.0000   22.5000   37.500011340.8848   42.4146
    7.5000   22.5000   37.500010757.0381   42.3823
   -7.5000   30.0000   37.500010468.9365   41.8680
    0.0000   30.0000   37.500010815.7539   41.9486
    7.5000   30.0000   37.500010284.5215   41.8931
   -7.5000   37.5000   37.500010348.9883   41.8215
    0.0000   37.5000   37.500010697.0527   41.8894
    7.5000   37.5000   37.500010222.1025   41.8392
   -7.5000   45.0000   37.5000 9799.7285   40.7664
    0.0000   45.0000   37.500010137.0752   40.8154
    7.5000   45.0000   37.5000 9705.0469   40.7839
   -7.5000  -45.0000   45.0000 6122.3838   42.5029
    0.0000  -45.0000   45.0000 6353.2246   42.5700
    7.5000  -45.0000   45.0000 6087.9727   42.5329
   -7.5000  -37.5000   45.0000 6810.9683   42.0339
    0.0000  -37.5000   45.0000 7063.0278   42.0861
    7.5000  -37.5000   45.0000 6756.0000   42.0627
   -7.5000  -30.0000   45.0000 7775.1230   42.0223
    0.0000  -30.0000   45.0000 8067.6821   42.0706
    7.5000  -30.0000   45.0000 7689.0352   42.0398
   -7.5000  -22.5000   45.0000 8714.2832   42.0677
    0.0000  -22.5000   45.0000 9070.0312   42.1229
    7.5000  -22.5000   45.0000 8622.1289   42.0608
   -7.5000  -15.0000   45.0000 9611.0596   42.1200
    0.0000  -15.0000   45.000010002.9893   42.1824
    7.5000  -15.0000   45.0000 9453.9824   42.0955
   -7.5000   -7.5000   45.000010372.5127   42.0985
    0.0000   -7.5000   45.000010735.8008   42.1680
    7.5000   -7.5000   45.000010165.7471   42.1002
   -7.5000    0.0000   45.000011009.9590   42.0573
    0.0000    0.0000   45.000011371.4893   42.1235
    7.5000    0.0000   45.000010805.0234   42.0877
   -7.5000    7.5000   45.000010815.6777   42.0332
    0.0000    7.5000   45.000011172.3438   42.0854
    7.5000    7.5000   45.000010653.1611   42.0620
   -7.5000   15.0000   45.000010434.6279   42.0223
    0.0000   15.0000   45.000010788.6074   42.0706
    7.5000   15.0000   45.000010315.1699   42.0398
   -7.5000   22.5000   45.000010030.0059   42.0482
    0.0000   22.5000   45.000010354.5703   42.1033
    7.5000   22.5000   45.0000 9944.7891   42.0413
   -7.5000   30.0000   45.0000 9616.3789   41.5713
    0.0000   30.0000   45.0000 9923.9014   41.6329
    7.5000   30.0000   45.0000 9545.5752   41.5471
   -7.5000   37.5000   45.0000 9536.8574   41.5501
    0.0000   37.5000   45.0000 9855.7168   41.6187
    7.5000   37.5000   45.0000 9495.6426   41.5518
   -7.5000   45.0000   45.0000 9097.0459   40.5568
    0.0000   45.0000   45.0000 9402.8154   40.6206
    7.5000   45.0000   45.0000 9047.5605   40.5861

---------------------------------------------------------------------
imgreg_4dfp /opt/freesurfer/average/711-2C_as_mni_average_305 /opt/freesurfer/average/711-2B_as_mni_average_305_mask talsrcimg_g11 none talsrcimg_to_711-2C_as_mni_average_305_t4 4355
---------------------------------------------------------------------

freesurfer imgreg_4dfp.c
/opt/freesurfer/average/711-2C_as_mni_average_305.4dfp.img
       256       256       256         1
  1.000000  1.000000  1.000000
orientation T byte_order littleendian
Reading image: /opt/freesurfer/average/711-2C_as_mni_average_305.4dfp.img
dimensions:      256       256       256
mmppix:       1.0000   -1.0000   -1.0000
center:     128.0000 -129.0000 -129.0000
/opt/freesurfer/average/711-2B_as_mni_average_305_mask.4dfp.img
       256       256       256         1
  1.000000  1.000000  1.000000
orientation T byte_order littleendian
Reading mask: /opt/freesurfer/average/711-2B_as_mni_average_305_mask.4dfp.img (2306576 pixels)
talsrcimg_g11.4dfp.img
       256       256       256         1
  1.000000  1.000000  1.000000
orientation T byte_order littleendian
Reading image: talsrcimg_g11.4dfp.img
dimensions:      256       256       256
mmppix:       1.0000   -1.0000   -1.0000
center:     128.0000 -129.0000 -129.0000
rotation matrix determinant  1.000000
image alignment mode   4355 decimal     1103 hex
   -7.5000  -45.0000  -45.0000 1388.9327   62.2195
    0.0000  -45.0000  -45.0000 1393.6194   61.9974
    7.5000  -45.0000  -45.0000 1373.4429   62.4051
   -7.5000  -37.5000  -45.0000 1512.0844   53.2012
    0.0000  -37.5000  -45.0000 1519.0117   53.0868
    7.5000  -37.5000  -45.0000 1494.9009   53.5054
   -7.5000  -30.0000  -45.0000 1634.6305   46.5467
    0.0000  -30.0000  -45.0000 1639.7061   46.3483
    7.5000  -30.0000  -45.0000 1619.0562   47.0067
   -7.5000  -22.5000  -45.0000 1756.1912   41.5589
    0.0000  -22.5000  -45.0000 1762.1196   41.3298
    7.5000  -22.5000  -45.0000 1739.8480   41.8428
   -7.5000  -15.0000  -45.0000 1846.7388   37.6934
    0.0000  -15.0000  -45.0000 1850.7820   37.4622
    7.5000  -15.0000  -45.0000 1828.5458   37.8899
   -7.5000   -7.5000  -45.0000 1926.5208   34.6848
    0.0000   -7.5000  -45.0000 1926.6155   34.4793
    7.5000   -7.5000  -45.0000 1908.5367   34.8591
   -7.5000    0.0000  -45.0000 1986.3010   32.7107
    0.0000    0.0000  -45.0000 1989.5339   32.4771
    7.5000    0.0000  -45.0000 1967.3243   32.9095
   -7.5000    7.5000  -45.0000 2011.4768   31.7096
    0.0000    7.5000  -45.0000 2012.9640   31.4776
    7.5000    7.5000  -45.0000 1989.7361   31.8990
   -7.5000   15.0000  -45.0000 2017.0260   31.1003
    0.0000   15.0000  -45.0000 2019.4050   30.8755
    7.5000   15.0000  -45.0000 1994.4866   31.4422
   -7.5000   22.5000  -45.0000 2022.4846   31.5781
    0.0000   22.5000  -45.0000 2025.7405   31.2314
    7.5000   22.5000  -45.0000 1996.3997   31.9048
   -7.5000   30.0000  -45.0000 1988.5688   33.0674
    0.0000   30.0000  -45.0000 1985.4254   32.7183
    7.5000   30.0000  -45.0000 1957.9835   33.4552
   -7.5000   37.5000  -45.0000 1928.6453   35.2736
    0.0000   37.5000  -45.0000 1928.0581   34.7952
    7.5000   37.5000  -45.0000 1907.7753   35.6564
   -7.5000   45.0000  -45.0000 1857.4775   38.1212
    0.0000   45.0000  -45.0000 1856.2548   37.7242
    7.5000   45.0000  -45.0000 1835.2241   38.5273
   -7.5000  -45.0000  -37.5000 1461.8406   56.1556
    0.0000  -45.0000  -37.5000 1469.0537   55.9409
    7.5000  -45.0000  -37.5000 1443.0870   56.6292
   -7.5000  -37.5000  -37.5000 1595.0369   48.3625
    0.0000  -37.5000  -37.5000 1599.0765   48.0220
    7.5000  -37.5000  -37.5000 1578.1477   48.6887
   -7.5000  -30.0000  -37.5000 1727.0553   42.5535
    0.0000  -30.0000  -37.5000 1729.2821   42.1754
    7.5000  -30.0000  -37.5000 1708.3265   42.4802
   -7.5000  -22.5000  -37.5000 1854.7482   38.1641
    0.0000  -22.5000  -37.5000 1858.1917   37.7978
    7.5000  -22.5000  -37.5000 1834.4924   38.0267
   -7.5000  -15.0000  -37.5000 1944.7532   34.5133
    0.0000  -15.0000  -37.5000 1946.9402   34.2276
    7.5000  -15.0000  -37.5000 1924.6473   34.5220
   -7.5000   -7.5000  -37.5000 2026.5392   31.7285
    0.0000   -7.5000  -37.5000 2027.9111   31.4344
    7.5000   -7.5000  -37.5000 2004.8755   31.6891
   -7.5000    0.0000  -37.5000 2099.1594   29.7848
    0.0000    0.0000  -37.5000 2100.4861   29.5606
    7.5000    0.0000  -37.5000 2073.7871   29.8393
   -7.5000    7.5000  -37.5000 2124.5125   28.8867
    0.0000    7.5000  -37.5000 2127.8865   28.5895
    7.5000    7.5000  -37.5000 2098.1204   28.8950
   -7.5000   15.0000  -37.5000 2121.3618   28.4724
    0.0000   15.0000  -37.5000 2129.2161   28.2383
    7.5000   15.0000  -37.5000 2102.5730   28.5608
   -7.5000   22.5000  -37.5000 2115.2800   29.0611
    0.0000   22.5000  -37.5000 2122.0632   28.8330
    7.5000   22.5000  -37.5000 2094.1709   29.2856
   -7.5000   30.0000  -37.5000 2076.1226   30.4620
    0.0000   30.0000  -37.5000 2080.8015   30.0952
    7.5000   30.0000  -37.5000 2057.6018   30.5666
   -7.5000   37.5000  -37.5000 2025.2833   32.2632
    0.0000   37.5000  -37.5000 2028.1918   31.8254
    7.5000   37.5000  -37.5000 2002.0997   32.4314
   -7.5000   45.0000  -37.5000 1948.4714   34.8282
    0.0000   45.0000  -37.5000 1944.5042   34.3653
    7.5000   45.0000  -37.5000 1923.5374   35.0309
   -7.5000  -45.0000  -30.0000 1564.0045   53.5147
    0.0000  -45.0000  -30.0000 1565.3590   52.9545
    7.5000  -45.0000  -30.0000 1544.6316   53.6451
   -7.5000  -37.5000  -30.0000 1704.9283   46.0392
    0.0000  -37.5000  -30.0000 1709.0825   45.7505
    7.5000  -37.5000  -30.0000 1682.9753   46.1645
   -7.5000  -30.0000  -30.0000 1842.3883   40.4429
    0.0000  -30.0000  -30.0000 1842.1246   40.1363
    7.5000  -30.0000  -30.0000 1818.7230   40.3875
   -7.5000  -22.5000  -30.0000 1971.7222   36.1510
    0.0000  -22.5000  -30.0000 1972.8158   35.7781
    7.5000  -22.5000  -30.0000 1949.8719   36.0509
   -7.5000  -15.0000  -30.0000 2069.1011   32.7191
    0.0000  -15.0000  -30.0000 2071.5598   32.3725
    7.5000  -15.0000  -30.0000 2042.8898   32.6223
   -7.5000   -7.5000  -30.0000 2161.3733   30.0115
    0.0000   -7.5000  -30.0000 2163.8000   29.7210
    7.5000   -7.5000  -30.0000 2136.8826   29.9449
   -7.5000    0.0000  -30.0000 2230.0981   28.1027
    0.0000    0.0000  -30.0000 2236.3242   27.9700
    7.5000    0.0000  -30.0000 2207.3821   28.1528
   -7.5000    7.5000  -30.0000 2259.7205   27.1418
    0.0000    7.5000  -30.0000 2269.1216   26.9302
    7.5000    7.5000  -30.0000 2241.3828   27.2104
   -7.5000   15.0000  -30.0000 2266.9573   26.8321
    0.0000   15.0000  -30.0000 2279.2393   26.7134
    7.5000   15.0000  -30.0000 2246.2026   26.9240
   -7.5000   22.5000  -30.0000 2260.6160   27.5520
    0.0000   22.5000  -30.0000 2273.2993   27.3389
    7.5000   22.5000  -30.0000 2239.4363   27.6356
   -7.5000   30.0000  -30.0000 2214.0486   28.8045
    0.0000   30.0000  -30.0000 2225.0469   28.5356
    7.5000   30.0000  -30.0000 2194.7639   28.7835
   -7.5000   37.5000  -30.0000 2153.6753   30.4884
    0.0000   37.5000  -30.0000 2159.6118   30.1512
    7.5000   37.5000  -30.0000 2130.0159   30.5690
   -7.5000   45.0000  -30.0000 2066.4402   32.9642
    0.0000   45.0000  -30.0000 2070.2686   32.5726
    7.5000   45.0000  -30.0000 2043.2180   33.1394
   -7.5000  -45.0000  -22.5000 1638.2339   50.7359
    0.0000  -45.0000  -22.5000 1642.8148   50.2990
    7.5000  -45.0000  -22.5000 1623.3082   50.8114
   -7.5000  -37.5000  -22.5000 1786.3867   43.7973
    0.0000  -37.5000  -22.5000 1792.0159   43.5294
    7.5000  -37.5000  -22.5000 1766.2267   43.7494
   -7.5000  -30.0000  -22.5000 1920.9347   38.2837
    0.0000  -30.0000  -22.5000 1925.6467   37.9154
    7.5000  -30.0000  -22.5000 1904.0388   38.2614
   -7.5000  -22.5000  -22.5000 2049.6216   33.9863
    0.0000  -22.5000  -22.5000 2058.9878   33.6858
    7.5000  -22.5000  -22.5000 2037.7903   34.0120
   -7.5000  -15.0000  -22.5000 2164.5796   30.7091
    0.0000  -15.0000  -22.5000 2166.9746   30.4161
    7.5000  -15.0000  -22.5000 2142.3459   30.7485
   -7.5000   -7.5000  -22.5000 2263.8462   28.1871
    0.0000   -7.5000  -22.5000 2268.9050   27.9961
    7.5000   -7.5000  -22.5000 2241.8450   28.2877
   -7.5000    0.0000  -22.5000 2335.5569   26.3905
    0.0000    0.0000  -22.5000 2341.5740   26.2757
    7.5000    0.0000  -22.5000 2311.6465   26.5527
   -7.5000    7.5000  -22.5000 2375.0601   25.3989
    0.0000    7.5000  -22.5000 2387.1899   25.2437
    7.5000    7.5000  -22.5000 2352.4121   25.5543
   -7.5000   15.0000  -22.5000 2388.7742   25.1229
    0.0000   15.0000  -22.5000 2402.2578   25.0725
    7.5000   15.0000  -22.5000 2359.2334   25.3042
   -7.5000   22.5000  -22.5000 2387.9600   25.7643
    0.0000   22.5000  -22.5000 2405.6355   25.6447
    7.5000   22.5000  -22.5000 2360.5637   25.9022
   -7.5000   30.0000  -22.5000 2347.5286   27.0468
    0.0000   30.0000  -22.5000 2360.5081   26.8991
    7.5000   30.0000  -22.5000 2324.0393   27.1810
   -7.5000   37.5000  -22.5000 2272.8420   28.8261
    0.0000   37.5000  -22.5000 2281.8994   28.5270
    7.5000   37.5000  -22.5000 2250.3169   28.9294
   -7.5000   45.0000  -22.5000 2172.7881   31.1798
    0.0000   45.0000  -22.5000 2180.2578   30.8051
    7.5000   45.0000  -22.5000 2151.0151   31.2714
   -7.5000  -45.0000  -15.0000 1690.4694   48.1069
    0.0000  -45.0000  -15.0000 1699.7466   47.8158
    7.5000  -45.0000  -15.0000 1675.7628   48.3535
   -7.5000  -37.5000  -15.0000 1837.5820   41.3253
    0.0000  -37.5000  -15.0000 1838.4407   41.0029
    7.5000  -37.5000  -15.0000 1824.6841   41.6863
   -7.5000  -30.0000  -15.0000 1973.9126   36.0844
    0.0000  -30.0000  -15.0000 1979.3057   35.9017
    7.5000  -30.0000  -15.0000 1960.4137   36.4141
   -7.5000  -22.5000  -15.0000 2111.0742   32.1398
    0.0000  -22.5000  -15.0000 2117.1689   31.9125
    7.5000  -22.5000  -15.0000 2097.9392   32.3767
   -7.5000  -15.0000  -15.0000 2238.4238   28.9914
    0.0000  -15.0000  -15.0000 2244.7544   28.7922
    7.5000  -15.0000  -15.0000 2219.0095   29.2600
   -7.5000   -7.5000  -15.0000 2345.2068   26.5561
    0.0000   -7.5000  -15.0000 2352.1797   26.3825
    7.5000   -7.5000  -15.0000 2321.9441   26.8592
   -7.5000    0.0000  -15.0000 2425.8110   24.9077
    0.0000    0.0000  -15.0000 2432.0627   24.7810
    7.5000    0.0000  -15.0000 2400.5330   25.1641
   -7.5000    7.5000  -15.0000 2475.7861   23.9011
    0.0000    7.5000  -15.0000 2490.8733   23.7624
    7.5000    7.5000  -15.0000 2450.5452   24.1839
   -7.5000   15.0000  -15.0000 2496.0806   23.7225
    0.0000   15.0000  -15.0000 2513.1030   23.6338
    7.5000   15.0000  -15.0000 2463.9060   24.0271
   -7.5000   22.5000  -15.0000 2497.3879   24.2826
    0.0000   22.5000  -15.0000 2515.8296   24.1819
    7.5000   22.5000  -15.0000 2464.1165   24.5832
   -7.5000   30.0000  -15.0000 2451.8391   25.4340
    0.0000   30.0000  -15.0000 2462.3777   25.3094
    7.5000   30.0000  -15.0000 2421.2173   25.6554
   -7.5000   37.5000  -15.0000 2373.8486   27.2375
    0.0000   37.5000  -15.0000 2384.7566   27.0482
    7.5000   37.5000  -15.0000 2343.1562   27.3666
   -7.5000   45.0000  -15.0000 2254.5349   29.5854
    0.0000   45.0000  -15.0000 2260.6721   29.3281
    7.5000   45.0000  -15.0000 2226.2151   29.6927
   -7.5000  -45.0000   -7.5000 1726.8398   45.9237
    0.0000  -45.0000   -7.5000 1725.5686   45.4935
    7.5000  -45.0000   -7.5000 1711.9172   46.4322
   -7.5000  -37.5000   -7.5000 1879.2341   39.2667
    0.0000  -37.5000   -7.5000 1875.2760   38.9961
    7.5000  -37.5000   -7.5000 1860.6169   39.8975
   -7.5000  -30.0000   -7.5000 2016.2003   34.1961
    0.0000  -30.0000   -7.5000 2022.6279   34.0666
    7.5000  -30.0000   -7.5000 2003.5505   34.7655
   -7.5000  -22.5000   -7.5000 2163.0632   30.4003
    0.0000  -22.5000   -7.5000 2169.5552   30.2140
    7.5000  -22.5000   -7.5000 2148.0479   30.9143
   -7.5000  -15.0000   -7.5000 2296.9919   27.4977
    0.0000  -15.0000   -7.5000 2304.5449   27.3530
    7.5000  -15.0000   -7.5000 2273.3689   27.9431
   -7.5000   -7.5000   -7.5000 2408.7637   25.1794
    0.0000   -7.5000   -7.5000 2415.7339   25.0260
    7.5000   -7.5000   -7.5000 2386.2842   25.6634
   -7.5000    0.0000   -7.5000 2497.5630   23.6350
    0.0000    0.0000   -7.5000 2508.4485   23.5093
    7.5000    0.0000   -7.5000 2480.7354   24.0513
   -7.5000    7.5000   -7.5000 2563.9343   22.6738
    0.0000    7.5000   -7.5000 2578.9414   22.5132
    7.5000    7.5000   -7.5000 2543.3225   23.1109
   -7.5000   15.0000   -7.5000 2592.8411   22.6095
    0.0000   15.0000   -7.5000 2610.9846   22.4321
    7.5000   15.0000   -7.5000 2564.9634   22.8623
   -7.5000   22.5000   -7.5000 2597.6248   23.0614
    0.0000   22.5000   -7.5000 2615.3450   22.9110
    7.5000   22.5000   -7.5000 2556.1321   23.3097
   -7.5000   30.0000   -7.5000 2545.2715   24.1246
    0.0000   30.0000   -7.5000 2559.0073   23.9764
    7.5000   30.0000   -7.5000 2500.0588   24.3050
   -7.5000   37.5000   -7.5000 2448.5667   25.8243
    0.0000   37.5000   -7.5000 2459.8450   25.7703
    7.5000   37.5000   -7.5000 2418.0825   25.9780
   -7.5000   45.0000   -7.5000 2322.7737   28.0915
    0.0000   45.0000   -7.5000 2327.5439   27.9647
    7.5000   45.0000   -7.5000 2296.2622   28.2385
   -7.5000  -45.0000    0.0000 1752.1042   44.2982
    0.0000  -45.0000    0.0000 1746.4071   43.9589
    7.5000  -45.0000    0.0000 1735.3564   44.9107
   -7.5000  -37.5000    0.0000 1903.7977   37.7997
    0.0000  -37.5000    0.0000 1906.7185   37.6673
    7.5000  -37.5000    0.0000 1889.8927   38.3779
   -7.5000  -30.0000    0.0000 2051.1382   32.8551
    0.0000  -30.0000    0.0000 2059.8887   32.6902
    7.5000  -30.0000    0.0000 2036.3290   33.4807
   -7.5000  -22.5000    0.0000 2199.4167   29.1559
    0.0000  -22.5000    0.0000 2206.8364   28.9695
    7.5000  -22.5000    0.0000 2181.0894   29.7689
   -7.5000  -15.0000    0.0000 2332.7710   26.3067
    0.0000  -15.0000    0.0000 2342.1006   26.1431
    7.5000  -15.0000    0.0000 2308.6299   26.8515
   -7.5000   -7.5000    0.0000 2452.2283   24.1686
    0.0000   -7.5000    0.0000 2459.9397   23.9824
    7.5000   -7.5000    0.0000 2425.6389   24.6697
   -7.5000    0.0000    0.0000 2559.6633   22.7019
    0.0000    0.0000    0.0000 2575.3872   22.5580
    7.5000    0.0000    0.0000 2535.9263   23.2216
   -7.5000    7.5000    0.0000 2636.4678   21.6698
    0.0000    7.5000    0.0000 2649.2471   21.4658
    7.5000    7.5000    0.0000 2613.4797   22.2233
   -7.5000   15.0000    0.0000 2675.6909   21.5187
    0.0000   15.0000    0.0000 2688.5461   21.2825
    7.5000   15.0000    0.0000 2642.4263   21.9119
   -7.5000   22.5000    0.0000 2675.4348   21.9678
    0.0000   22.5000    0.0000 2690.5090   21.8152
    7.5000   22.5000    0.0000 2631.6265   22.2707
   -7.5000   30.0000    0.0000 2617.4214   22.9896
    0.0000   30.0000    0.0000 2627.4980   22.8975
    7.5000   30.0000    0.0000 2565.3269   23.2245
   -7.5000   37.5000    0.0000 2507.8706   24.7277
    0.0000   37.5000    0.0000 2517.0139   24.6194
    7.5000   37.5000    0.0000 2472.2776   24.8811
   -7.5000   45.0000    0.0000 2370.4238   26.9094
    0.0000   45.0000    0.0000 2377.6555   26.7542
    7.5000   45.0000    0.0000 2344.7761   27.0390
   -7.5000  -45.0000    7.5000 1769.3407   43.2665
    0.0000  -45.0000    7.5000 1770.5231   43.0891
    7.5000  -45.0000    7.5000 1757.8070   44.0590
   -7.5000  -37.5000    7.5000 1928.5142   36.8597
    0.0000  -37.5000    7.5000 1930.0762   36.6583
    7.5000  -37.5000    7.5000 1915.4314   37.5442
   -7.5000  -30.0000    7.5000 2079.4358   32.0521
    0.0000  -30.0000    7.5000 2085.1919   31.8220
    7.5000  -30.0000    7.5000 2058.6033   32.6861
   -7.5000  -22.5000    7.5000 2224.4858   28.4690
    0.0000  -22.5000    7.5000 2233.1055   28.2929
    7.5000  -22.5000    7.5000 2200.7209   28.9596
   -7.5000  -15.0000    7.5000 2362.9785   25.7052
    0.0000  -15.0000    7.5000 2373.6189   25.5136
    7.5000  -15.0000    7.5000 2334.2173   26.1733
   -7.5000   -7.5000    7.5000 2488.2117   23.6551
    0.0000   -7.5000    7.5000 2498.3848   23.4726
    7.5000   -7.5000    7.5000 2456.3235   24.1501
   -7.5000    0.0000    7.5000 2602.4412   22.2738
    0.0000    0.0000    7.5000 2623.9326   22.1218
    7.5000    0.0000    7.5000 2571.1516   22.8313
   -7.5000    7.5000    7.5000 2686.1614   21.1607
    0.0000    7.5000    7.5000 2695.3193   20.9163
    7.5000    7.5000    7.5000 2653.9443   21.8633
   -7.5000   15.0000    7.5000 2729.4814   21.0453
    0.0000   15.0000    7.5000 2741.6196   20.8481
    7.5000   15.0000    7.5000 2698.5266   21.4378
   -7.5000   22.5000    7.5000 2728.5974   21.4659
    0.0000   22.5000    7.5000 2739.0144   21.3241
    7.5000   22.5000    7.5000 2683.0393   21.6910
   -7.5000   30.0000    7.5000 2665.9841   22.3366
    0.0000   30.0000    7.5000 2679.5532   22.2024
    7.5000   30.0000    7.5000 2616.7549   22.5539
   -7.5000   37.5000    7.5000 2545.7642   23.9321
    0.0000   37.5000    7.5000 2561.1116   23.8181
    7.5000   37.5000    7.5000 2514.1782   24.1929
   -7.5000   45.0000    7.5000 2404.4822   26.0836
    0.0000   45.0000    7.5000 2414.2429   25.9025
    7.5000   45.0000    7.5000 2375.7332   26.2374
   -7.5000  -45.0000   15.0000 1764.9219   43.0719
    0.0000  -45.0000   15.0000 1769.3040   42.7553
    7.5000  -45.0000   15.0000 1759.5106   43.7653
   -7.5000  -37.5000   15.0000 1935.0927   36.6587
    0.0000  -37.5000   15.0000 1941.7051   36.4414
    7.5000  -37.5000   15.0000 1920.5782   37.3547
   -7.5000  -30.0000   15.0000 2089.0920   31.8833
    0.0000  -30.0000   15.0000 2100.4927   31.6556
    7.5000  -30.0000   15.0000 2068.1794   32.5425
   -7.5000  -22.5000   15.0000 2234.4797   28.3159
    0.0000  -22.5000   15.0000 2243.7007   28.1117
    7.5000  -22.5000   15.0000 2207.2542   28.8865
   -7.5000  -15.0000   15.0000 2365.9417   25.5658
    0.0000  -15.0000   15.0000 2377.7886   25.3514
    7.5000  -15.0000   15.0000 2337.9324   26.1083
   -7.5000   -7.5000   15.0000 2489.8325   23.6028
    0.0000   -7.5000   15.0000 2500.3164   23.4430
    7.5000   -7.5000   15.0000 2461.4668   24.1018
   -7.5000    0.0000   15.0000 2607.7954   22.2853
    0.0000    0.0000   15.0000 2627.1499   22.1259
    7.5000    0.0000   15.0000 2570.9031   22.8367
   -7.5000    7.5000   15.0000 2699.5613   21.1721
    0.0000    7.5000   15.0000 2710.2087   20.9675
    7.5000    7.5000   15.0000 2654.8450   21.8327
   -7.5000   15.0000   15.0000 2744.4109   20.9563
    0.0000   15.0000   15.0000 2755.0830   20.7693
    7.5000   15.0000   15.0000 2702.1936   21.3861
   -7.5000   22.5000   15.0000 2730.0898   21.3370
    0.0000   22.5000   15.0000 2736.3179   21.1116
    7.5000   22.5000   15.0000 2695.0581   21.5927
   -7.5000   30.0000   15.0000 2673.1416   22.1331
    0.0000   30.0000   15.0000 2679.3225   21.9368
    7.5000   30.0000   15.0000 2628.2737   22.3726
   -7.5000   37.5000   15.0000 2549.3647   23.5828
    0.0000   37.5000   15.0000 2565.4993   23.4215
    7.5000   37.5000   15.0000 2519.5720   23.9100
   -7.5000   45.0000   15.0000 2408.7004   25.6691
    0.0000   45.0000   15.0000 2414.1072   25.4656
    7.5000   45.0000   15.0000 2378.8801   25.9874
   -7.5000  -45.0000   22.5000 1752.7102   43.5167
    0.0000  -45.0000   22.5000 1759.4163   43.1937
    7.5000  -45.0000   22.5000 1739.4935   44.3811
   -7.5000  -37.5000   22.5000 1928.7318   37.1217
    0.0000  -37.5000   22.5000 1939.0439   36.7541
    7.5000  -37.5000   22.5000 1908.3660   37.8262
   -7.5000  -30.0000   22.5000 2087.2407   32.2329
    0.0000  -30.0000   22.5000 2102.0366   31.9579
    7.5000  -30.0000   22.5000 2064.4548   32.8993
   -7.5000  -22.5000   22.5000 2230.9900   28.6197
    0.0000  -22.5000   22.5000 2245.0293   28.4041
    7.5000  -22.5000   22.5000 2205.0906   29.1782
   -7.5000  -15.0000   22.5000 2362.3923   25.9025
    0.0000  -15.0000   22.5000 2371.3931   25.7068
    7.5000  -15.0000   22.5000 2327.8689   26.3839
   -7.5000   -7.5000   22.5000 2478.5305   23.9490
    0.0000   -7.5000   22.5000 2488.8894   23.7942
    7.5000   -7.5000   22.5000 2442.1235   24.3756
   -7.5000    0.0000   22.5000 2587.5493   22.5397
    0.0000    0.0000   22.5000 2601.7468   22.3310
    7.5000    0.0000   22.5000 2550.1443   23.0891
   -7.5000    7.5000   22.5000 2670.8657   21.7103
    0.0000    7.5000   22.5000 2683.2200   21.5608
    7.5000    7.5000   22.5000 2629.2932   22.1362
   -7.5000   15.0000   22.5000 2704.3201   21.2805
    0.0000   15.0000   22.5000 2717.8931   21.1138
    7.5000   15.0000   22.5000 2664.5632   21.7597
   -7.5000   22.5000   22.5000 2694.7791   21.4900
    0.0000   22.5000   22.5000 2703.9192   21.3221
    7.5000   22.5000   22.5000 2664.2803   21.9477
   -7.5000   30.0000   22.5000 2632.0176   22.3995
    0.0000   30.0000   22.5000 2643.4917   22.2077
    7.5000   30.0000   22.5000 2604.3879   22.6930
   -7.5000   37.5000   22.5000 2519.2063   23.8542
    0.0000   37.5000   22.5000 2532.6619   23.6620
    7.5000   37.5000   22.5000 2491.0063   24.0950
   -7.5000   45.0000   22.5000 2388.7935   25.7322
    0.0000   45.0000   22.5000 2397.1921   25.5141
    7.5000   45.0000   22.5000 2361.6277   25.9374
   -7.5000  -45.0000   30.0000 1721.2277   44.7319
    0.0000  -45.0000   30.0000 1728.7076   44.2538
    7.5000  -45.0000   30.0000 1706.6196   45.5438
   -7.5000  -37.5000   30.0000 1897.3678   38.0657
    0.0000  -37.5000   30.0000 1906.5112   37.8049
    7.5000  -37.5000   30.0000 1877.9501   38.7411
   -7.5000  -30.0000   30.0000 2056.2566   33.1760
    0.0000  -30.0000   30.0000 2066.4126   32.9589
    7.5000  -30.0000   30.0000 2031.6235   33.7523
   -7.5000  -22.5000   30.0000 2210.2388   29.5000
    0.0000  -22.5000   30.0000 2220.8083   29.3074
    7.5000  -22.5000   30.0000 2178.8755   29.9436
   -7.5000  -15.0000   30.0000 2337.2773   26.6869
    0.0000  -15.0000   30.0000 2348.7747   26.5634
    7.5000  -15.0000   30.0000 2302.1392   27.1525
   -7.5000   -7.5000   30.0000 2439.2424   24.7195
    0.0000   -7.5000   30.0000 2459.4622   24.5135
    7.5000   -7.5000   30.0000 2408.0081   25.1529
   -7.5000    0.0000   30.0000 2531.9585   23.2197
    0.0000    0.0000   30.0000 2542.9094   23.1004
    7.5000    0.0000   30.0000 2500.6465   23.6793
   -7.5000    7.5000   30.0000 2602.4580   22.4944
    0.0000    7.5000   30.0000 2618.4551   22.3668
    7.5000    7.5000   30.0000 2573.2078   22.8338
   -7.5000   15.0000   30.0000 2625.6853   22.3094
    0.0000   15.0000   30.0000 2645.8279   22.1608
    7.5000   15.0000   30.0000 2595.5662   22.5128
   -7.5000   22.5000   30.0000 2613.3862   22.3783
    0.0000   22.5000   30.0000 2630.6594   22.3101
    7.5000   22.5000   30.0000 2585.0815   22.6019
   -7.5000   30.0000   30.0000 2559.6736   23.0434
    0.0000   30.0000   30.0000 2574.8955   22.9353
    7.5000   30.0000   30.0000 2529.4963   23.2417
   -7.5000   37.5000   30.0000 2455.8701   24.2922
    0.0000   37.5000   30.0000 2469.8506   24.0961
    7.5000   37.5000   30.0000 2432.6587   24.4838
   -7.5000   45.0000   30.0000 2341.1406   26.0180
    0.0000   45.0000   30.0000 2346.8430   25.7936
    7.5000   45.0000   30.0000 2320.4238   26.1817
   -7.5000  -45.0000   37.5000 1679.8949   46.7630
    0.0000  -45.0000   37.5000 1687.3695   46.3780
    7.5000  -45.0000   37.5000 1665.1080   47.4752
   -7.5000  -37.5000   37.5000 1854.7258   39.7674
    0.0000  -37.5000   37.5000 1861.9181   39.4094
    7.5000  -37.5000   37.5000 1839.3478   40.4153
   -7.5000  -30.0000   37.5000 2014.2579   34.6412
    0.0000  -30.0000   37.5000 2025.7889   34.3313
    7.5000  -30.0000   37.5000 1998.5879   35.2007
   -7.5000  -22.5000   37.5000 2166.2356   30.9116
    0.0000  -22.5000   37.5000 2180.4722   30.6368
    7.5000  -22.5000   37.5000 2144.4517   31.2701
   -7.5000  -15.0000   37.5000 2283.3125   28.1438
    0.0000  -15.0000   37.5000 2302.4668   27.9912
    7.5000  -15.0000   37.5000 2259.3467   28.4781
   -7.5000   -7.5000   37.5000 2384.8518   26.2089
    0.0000   -7.5000   37.5000 2407.6079   25.9558
    7.5000   -7.5000   37.5000 2355.7676   26.4444
   -7.5000    0.0000   37.5000 2463.6699   24.7164
    0.0000    0.0000   37.5000 2471.5576   24.6384
    7.5000    0.0000   37.5000 2433.6978   24.9618
   -7.5000    7.5000   37.5000 2523.4028   23.9673
    0.0000    7.5000   37.5000 2538.7266   23.8231
    7.5000    7.5000   37.5000 2497.2776   24.1443
   -7.5000   15.0000   37.5000 2537.8845   23.6087
    0.0000   15.0000   37.5000 2551.7666   23.4335
    7.5000   15.0000   37.5000 2512.4277   23.6937
   -7.5000   22.5000   37.5000 2517.6348   23.7065
    0.0000   22.5000   37.5000 2530.5481   23.5207
    7.5000   22.5000   37.5000 2498.4258   23.7850
   -7.5000   30.0000   37.5000 2459.8694   24.2312
    0.0000   30.0000   37.5000 2471.7200   24.0738
    7.5000   30.0000   37.5000 2441.4207   24.3358
   -7.5000   37.5000   37.5000 2372.1667   25.2506
    0.0000   37.5000   37.5000 2384.4783   25.0952
    7.5000   37.5000   37.5000 2357.9116   25.4771
   -7.5000   45.0000   37.5000 2271.9565   26.8922
    0.0000   45.0000   37.5000 2278.2739   26.6756
    7.5000   45.0000   37.5000 2251.1548   27.1055
   -7.5000  -45.0000   45.0000 1624.5071   49.9261
    0.0000  -45.0000   45.0000 1631.3408   49.3303
    7.5000  -45.0000   45.0000 1609.7164   50.5862
   -7.5000  -37.5000   45.0000 1792.8063   42.3526
    0.0000  -37.5000   45.0000 1798.1639   41.8246
    7.5000  -37.5000   45.0000 1784.1270   42.7567
   -7.5000  -30.0000   45.0000 1952.1056   36.9987
    0.0000  -30.0000   45.0000 1960.5133   36.5494
    7.5000  -30.0000   45.0000 1941.8341   37.1563
   -7.5000  -22.5000   45.0000 2097.0625   33.1036
    0.0000  -22.5000   45.0000 2111.6111   32.8371
    7.5000  -22.5000   45.0000 2086.1672   33.2448
   -7.5000  -15.0000   45.0000 2217.1897   30.3461
    0.0000  -15.0000   45.0000 2237.4878   30.0669
    7.5000  -15.0000   45.0000 2197.8684   30.4200
   -7.5000   -7.5000   45.0000 2309.5620   28.3123
    0.0000   -7.5000   45.0000 2327.2354   28.0628
    7.5000   -7.5000   45.0000 2282.9861   28.3995
   -7.5000    0.0000   45.0000 2379.5754   26.7580
    0.0000    0.0000   45.0000 2384.1055   26.5864
    7.5000    0.0000   45.0000 2352.0061   26.8927
   -7.5000    7.5000   45.0000 2421.5225   25.8575
    0.0000    7.5000   45.0000 2432.7217   25.6258
    7.5000    7.5000   45.0000 2403.5261   25.9991
   -7.5000   15.0000   45.0000 2424.9309   25.3148
    0.0000   15.0000   45.0000 2437.9863   25.0582
    7.5000   15.0000   45.0000 2411.8271   25.3977
   -7.5000   22.5000   45.0000 2403.7166   25.3309
    0.0000   22.5000   45.0000 2410.3125   25.0926
    7.5000   22.5000   45.0000 2393.4280   25.3977
   -7.5000   30.0000   45.0000 2352.3855   25.7912
    0.0000   30.0000   45.0000 2357.5366   25.5503
    7.5000   30.0000   45.0000 2341.6716   25.9464
   -7.5000   37.5000   45.0000 2282.6626   26.7417
    0.0000   37.5000   45.0000 2288.4846   26.4946
    7.5000   37.5000   45.0000 2272.3577   26.9960
   -7.5000   45.0000   45.0000 2189.2522   28.5094
    0.0000   45.0000   45.0000 2199.0068   28.2575
    7.5000   45.0000   45.0000 2177.8022   28.7579

---------------------------------------------------------------------
imgreg_4dfp /opt/freesurfer/average/711-2C_as_mni_average_305 /opt/freesurfer/average/711-2B_as_mni_average_305_mask talsrcimg_g11 none talsrcimg_to_711-2C_as_mni_average_305_t4 1283
---------------------------------------------------------------------

freesurfer imgreg_4dfp.c
/opt/freesurfer/average/711-2C_as_mni_average_305.4dfp.img
       256       256       256         1
  1.000000  1.000000  1.000000
orientation T byte_order littleendian
Reading image: /opt/freesurfer/average/711-2C_as_mni_average_305.4dfp.img
dimensions:      256       256       256
mmppix:       1.0000   -1.0000   -1.0000
center:     128.0000 -129.0000 -129.0000
/opt/freesurfer/average/711-2B_as_mni_average_305_mask.4dfp.img
       256       256       256         1
  1.000000  1.000000  1.000000
orientation T byte_order littleendian
Reading mask: /opt/freesurfer/average/711-2B_as_mni_average_305_mask.4dfp.img (2306576 pixels)
talsrcimg_g11.4dfp.img
       256       256       256         1
  1.000000  1.000000  1.000000
orientation T byte_order littleendian
Reading image: talsrcimg_g11.4dfp.img
dimensions:      256       256       256
mmppix:       1.0000   -1.0000   -1.0000
center:     128.0000 -129.0000 -129.0000
rotation matrix determinant  1.000000
fimgreg.f
image alignment mode   1283 decimal      503 hex
parameters
    0.0000   15.0000   15.0000    0.0000    0.0000    0.0000
eta,q 0.86771 20.59081
niter,ni,del,rscale     5    3   12.0000    1.2000
parameter  1  0.500150 ->  0.500000 qaram    1.1500
parameter  6  0.509368 ->  0.500000 qaram    1.1500
parameters
   -3.4500   17.1569   13.8181   -0.9678   -0.3200   -3.4500
eta,q 0.87659 20.33528
  0.1309  0.1434  0.1366  0.1309  0.1299  0.1232
  0.1286  0.1381  0.1321  0.1245  0.1259  0.1234
  0.1290  0.1339  0.1264  0.1226  0.1229  0.1232
  0.1304  0.1279  0.1259  0.1251  0.1234  0.1232
  0.1334  0.1263  0.1317  0.1284  0.1260  0.1244
  0.1365  0.1288  0.1412  0.1305  0.1284  0.1263
  0.1409  0.1319  0.1477  0.1310  0.1292  0.1285
niter,ni,del,rscale     6    3   12.0000    1.2000
parameters
   -2.5393   18.0775   13.2345   -2.2536   -1.0443   -3.0444
eta,q 0.87976 20.39764
  0.1385  0.1408  0.1350  0.1290  0.1238  0.1274
  0.1298  0.1347  0.1314  0.1219  0.1216  0.1238
  0.1250  0.1271  0.1253  0.1203  0.1199  0.1213
  0.1234  0.1233  0.1226  0.1227  0.1208  0.1203
  0.1232  0.1241  0.1263  0.1268  0.1228  0.1212
  0.1262  0.1299  0.1345  0.1302  0.1237  0.1231
  0.1316  0.1327  0.1414  0.1307  0.1235  0.1256
niter,ni,del,rscale     5    3   12.0000    1.2000
parameters
   -2.2208   18.8261   13.0104   -3.0430   -1.3702   -2.9314
eta,q 0.87980 20.34529
  0.1352  0.1399  0.1344  0.1293  0.1238  0.1271
  0.1273  0.1342  0.1315  0.1223  0.1225  0.1234
  0.1213  0.1249  0.1248  0.1193  0.1205  0.1209
  0.1202  0.1204  0.1210  0.1211  0.1203  0.1201
  0.1219  0.1245  0.1238  0.1246  0.1217  0.1219
  0.1267  0.1292  0.1311  0.1288  0.1234  0.1238
  0.1316  0.1324  0.1383  0.1304  0.1239  0.1259
niter,ni,del,rscale     4    3   12.0000    1.2000
parameters
   -2.1079   19.2814   12.9345   -3.4625   -1.5726   -2.8816
eta,q 0.87923 20.30946
  0.1346  0.1394  0.1341  0.1301  0.1241  0.1274
  0.1261  0.1333  0.1316  0.1239  0.1233  0.1237
  0.1206  0.1228  0.1249  0.1197  0.1215  0.1212
  0.1202  0.1203  0.1212  0.1212  0.1208  0.1207
  0.1225  0.1256  0.1235  0.1240  0.1217  0.1225
  0.1274  0.1292  0.1295  0.1279  0.1236  0.1243
  0.1318  0.1340  0.1370  0.1299  0.1246  0.1263
niter,ni,del,rscale     3    3   12.0000    1.2000
parameters
   -2.0536   19.5053   12.9086   -3.6830   -1.6923   -2.8707
eta,q 0.87889 20.29084
  0.1347  0.1392  0.1339  0.1307  0.1244  0.1276
  0.1260  0.1324  0.1315  0.1251  0.1237  0.1239
  0.1209  0.1216  0.1250  0.1202  0.1221  0.1214
  0.1208  0.1208  0.1213  0.1213  0.1211  0.1211
  0.1233  0.1262  0.1236  0.1240  0.1218  0.1228
  0.1278  0.1295  0.1290  0.1276  0.1237  0.1246
  0.1321  0.1359  0.1364  0.1297  0.1249  0.1267
niter,ni,del,rscale     2    3   12.0000    1.2000
parameters
   -2.0070   19.6123   12.9054   -3.7880   -1.7427   -2.8853
eta,q 0.87868 20.28521
  0.1349  0.1392  0.1338  0.1311  0.1246  0.1278
  0.1262  0.1319  0.1315  0.1257  0.1240  0.1241
  0.1213  0.1212  0.1250  0.1205  0.1224  0.1216
  0.1211  0.1212  0.1214  0.1214  0.1213  0.1213
  0.1236  0.1264  0.1236  0.1240  0.1219  0.1230
  0.1280  0.1299  0.1288  0.1275  0.1238  0.1248
  0.1324  0.1370  0.1362  0.1297  0.1250  0.1269
niter,ni,del,rscale     1    3   12.0000    1.2000
parameters
   -1.9895   19.6663   12.9033   -3.8423   -1.7646   -2.8853
eta,q 0.87857 20.28232
  0.1349  0.1392  0.1338  0.1312  0.1247  0.1279
  0.1262  0.1317  0.1315  0.1260  0.1241  0.1243
  0.1214  0.1210  0.1250  0.1207  0.1226  0.1218
  0.1213  0.1213  0.1215  0.1215  0.1214  0.1214
  0.1238  0.1264  0.1237  0.1240  0.1219  0.1230
  0.1281  0.1302  0.1287  0.1275  0.1238  0.1249
  0.1326  0.1375  0.1361  0.1296  0.1251  0.1270
registration optimization eta report
parameter search radius
    6.9000    6.0000    6.0000    6.0000    6.0000    6.9000
100000*second partial in parameter space
       26.       46.       35.       25.        9.       12.
  0.1349  0.1392  0.1338  0.1312  0.1247  0.1279
  0.1262  0.1317  0.1315  0.1260  0.1241  0.1243
  0.1214  0.1210  0.1250  0.1207  0.1226  0.1218
  0.1213  0.1213  0.1215  0.1215  0.1214  0.1214
  0.1238  0.1264  0.1237  0.1240  0.1219  0.1230
  0.1281  0.1302  0.1287  0.1275  0.1238  0.1249
  0.1326  0.1375  0.1361  0.1296  0.1251  0.1270
   -1.9895   19.6663   12.9033   -3.8423   -1.7646   -2.8853
eta,q 0.87857 20.28232

---------------------------------------------------------------------
imgreg_4dfp /opt/freesurfer/average/711-2C_as_mni_average_305 /opt/freesurfer/average/711-2B_as_mni_average_305_mask talsrcimg_g11 none talsrcimg_to_711-2C_as_mni_average_305_t4 3335
---------------------------------------------------------------------

freesurfer imgreg_4dfp.c
/opt/freesurfer/average/711-2C_as_mni_average_305.4dfp.img
       256       256       256         1
  1.000000  1.000000  1.000000
orientation T byte_order littleendian
Reading image: /opt/freesurfer/average/711-2C_as_mni_average_305.4dfp.img
dimensions:      256       256       256
mmppix:       1.0000   -1.0000   -1.0000
center:     128.0000 -129.0000 -129.0000
/opt/freesurfer/average/711-2B_as_mni_average_305_mask.4dfp.img
       256       256       256         1
  1.000000  1.000000  1.000000
orientation T byte_order littleendian
Reading mask: /opt/freesurfer/average/711-2B_as_mni_average_305_mask.4dfp.img (2306576 pixels)
talsrcimg_g11.4dfp.img
       256       256       256         1
  1.000000  1.000000  1.000000
orientation T byte_order littleendian
Reading image: talsrcimg_g11.4dfp.img
dimensions:      256       256       256
mmppix:       1.0000   -1.0000   -1.0000
center:     128.0000 -129.0000 -129.0000
fimgreg.f
image alignment mode   3335 decimal      D07 hex
parameters
   -1.9895   19.6663   12.9033   -0.1741   -0.3409   -0.2721
    4.8162    3.4058   -5.0313    6.5378   -3.0793   -6.6978
eta,q 0.87350 20.77128
niter,ni,del,rscale     5    3    5.0000    1.2000
parameter  3  0.731673 ->  0.500000 qaram    1.1500
parameter  4  4.647715 ->  0.500000 qaram    1.1500
parameter  5  4.726580 ->  0.500000 qaram    1.1500
parameter  6  4.374534 ->  0.500000 qaram    1.1500
parameter  7  1.115420 ->  0.500000 qaram    1.1500
parameter 11 -0.742315 -> -0.500000 qaram    1.1500
parameter 12 -1.900303 -> -0.500000 qaram    1.1500
parameters
   -1.5658   19.5828   11.5233   -4.3141   -4.4809   -4.4121
    0.6762    2.1558   -5.0115    3.9468    1.0607   -2.5578
eta,q 0.90175 18.52944
  0.1279  0.1285  0.1261  0.1146  0.1048  0.0946  0.1004  0.1018  0.1012  0.1007  0.1014  0.1028
  0.1272  0.1278  0.1259  0.1180  0.1097  0.0998  0.1005  0.1011  0.1008  0.1000  0.1008  0.1016
  0.1268  0.1269  0.1261  0.1219  0.1144  0.1052  0.1008  0.1007  0.1006  0.0999  0.1003  0.1005
  0.1265  0.1264  0.1264  0.1259  0.1191  0.1110  0.1013  0.1006  0.1005  0.1005  0.0999  0.0996
  0.1264  0.1268  0.1269  0.1302  0.1254  0.1180  0.1019  0.1010  0.1006  0.1006  0.0997  0.0987
  0.1267  0.1279  0.1275  0.1348  0.1320  0.1251  0.1028  0.1019  0.1008  0.1016  0.0996  0.0981
  0.1272  0.1290  0.1282  0.1400  0.1375  0.1322  0.1037  0.1033  0.1012  0.1033  0.0996  0.0977
niter,ni,del,rscale     7    3    5.0000    1.2000
parameter  4  3.081766 ->  0.500000 qaram    1.3225
parameter  5  4.618389 ->  0.500000 qaram    1.3225
parameter  6  3.351389 ->  0.500000 qaram    1.3225
parameter 12 -0.915299 -> -0.500000 qaram    1.3225
parameters
   -1.1911   20.3146   11.7424   -9.0751   -9.2419   -9.1731
    0.0386   -0.1265   -5.9496    5.1161   -2.8701    2.2032
eta,q 0.92997 17.07510
  0.1001  0.1004  0.0995  0.0879  0.0755  0.0652  0.0734  0.0730  0.0724  0.0740  0.0717  0.0747
  0.0992  0.0994  0.0986  0.0906  0.0809  0.0707  0.0726  0.0720  0.0719  0.0726  0.0713  0.0735
  0.0985  0.0987  0.0982  0.0941  0.0859  0.0759  0.0721  0.0717  0.0717  0.0718  0.0712  0.0724
  0.0983  0.0983  0.0982  0.0982  0.0915  0.0822  0.0721  0.0720  0.0717  0.0717  0.0716  0.0712
  0.0983  0.0982  0.0983  0.1026  0.0976  0.0887  0.0723  0.0729  0.0719  0.0713  0.0722  0.0703
  0.0986  0.0984  0.0985  0.1074  0.1045  0.0964  0.0729  0.0743  0.0722  0.0715  0.0730  0.0700
  0.0992  0.0988  0.0990  0.1125  0.1114  0.1049  0.0739  0.0759  0.0729  0.0729  0.0740  0.0703
niter,ni,del,rscale     7    3    5.0000    1.2000
parameter  2 -0.697055 -> -0.500000 qaram    1.1500
parameter  4  0.887899 ->  0.500000 qaram    1.5209
parameter  5  2.640564 ->  0.500000 qaram    1.5209
parameter  6  1.647307 ->  0.500000 qaram    1.5209
parameter 12  0.875482 ->  0.500000 qaram    1.5209
parameters
   -0.9873   21.6946   10.9249  -14.5502  -14.7171  -14.6483
    3.7434    1.4685   -4.3029    3.4270   -0.6042   -3.2720
eta,q 0.95501 15.83964
  0.0727  0.0731  0.0697  0.0649  0.0507  0.0434  0.0512  0.0524  0.0493  0.0481  0.0496  0.0453
  0.0713  0.0717  0.0693  0.0650  0.0551  0.0465  0.0496  0.0500  0.0482  0.0469  0.0481  0.0449
  0.0704  0.0707  0.0691  0.0662  0.0599  0.0506  0.0484  0.0481  0.0474  0.0465  0.0471  0.0454
  0.0700  0.0700  0.0691  0.0691  0.0652  0.0564  0.0474  0.0470  0.0468  0.0467  0.0465  0.0464
  0.0702  0.0694  0.0695  0.0735  0.0720  0.0629  0.0471  0.0469  0.0467  0.0472  0.0464  0.0476
  0.0708  0.0691  0.0705  0.0790  0.0787  0.0714  0.0472  0.0477  0.0470  0.0487  0.0467  0.0490
  0.0719  0.0695  0.0720  0.0849  0.0869  0.0803  0.0477  0.0492  0.0478  0.0507  0.0474  0.0506
niter,ni,del,rscale     7    3    5.0000    1.2000
parameter  3  0.537119 ->  0.500000 qaram    1.3225
parameter  5  2.619388 ->  0.500000 qaram    1.7490
parameter  6  0.768182 ->  0.500000 qaram    1.7490
parameters
   -1.4953   22.2218    9.3379  -17.4568  -21.0135  -20.9447
    3.6348    1.4241   -4.0739    4.3590    0.9963   -6.7840
eta,q 0.97284 15.10056
  0.0467  0.0480  0.0446  0.0471  0.0295  0.0280  0.0315  0.0313  0.0310  0.0336  0.0305  0.0299
  0.0455  0.0465  0.0440  0.0456  0.0317  0.0278  0.0297  0.0295  0.0294  0.0308  0.0293  0.0280
  0.0449  0.0454  0.0441  0.0444  0.0372  0.0289  0.0285  0.0283  0.0285  0.0289  0.0284  0.0272
  0.0450  0.0449  0.0448  0.0440  0.0442  0.0330  0.0280  0.0280  0.0280  0.0280  0.0279  0.0278
  0.0457  0.0448  0.0462  0.0456  0.0507  0.0404  0.0284  0.0285  0.0283  0.0280  0.0279  0.0298
  0.0471  0.0453  0.0485  0.0501  0.0580  0.0500  0.0297  0.0296  0.0292  0.0291  0.0283  0.0326
  0.0491  0.0463  0.0512  0.0568  0.0653  0.0596  0.0317  0.0313  0.0307  0.0314  0.0291  0.0356
niter,ni,del,rscale     7    3    5.0000    1.2000
parameters
   -1.5246   22.5000    8.6881  -13.6465  -26.2447  -23.5264
    3.5160    1.3330   -4.2325    6.0048    1.1569   -6.2636
eta,q 0.97661 14.88085
  0.0300  0.0336  0.0295  0.0332  0.0290  0.0295  0.0273  0.0268  0.0262  0.0293  0.0257  0.0286
  0.0284  0.0302  0.0280  0.0308  0.0253  0.0263  0.0253  0.0250  0.0247  0.0267  0.0244  0.0261
  0.0274  0.0280  0.0271  0.0288  0.0233  0.0240  0.0240  0.0239  0.0238  0.0247  0.0236  0.0241
  0.0272  0.0272  0.0271  0.0270  0.0257  0.0235  0.0236  0.0236  0.0236  0.0236  0.0234  0.0234
  0.0276  0.0275  0.0281  0.0257  0.0326  0.0243  0.0240  0.0241  0.0240  0.0234  0.0236  0.0240
  0.0285  0.0289  0.0300  0.0258  0.0409  0.0316  0.0254  0.0252  0.0249  0.0243  0.0243  0.0255
  0.0301  0.0314  0.0330  0.0287  0.0496  0.0422  0.0275  0.0270  0.0264  0.0258  0.0255  0.0276
niter,ni,del,rscale     6    3    5.0000    1.2000
parameters
   -1.4362   22.9667    9.0279  -13.5837  -27.0971  -23.7873
    3.4344    1.4293   -4.1133    6.3352    0.9736   -6.0906
eta,q 0.97645 14.82524
  0.0269  0.0300  0.0278  0.0283  0.0337  0.0318  0.0272  0.0269  0.0262  0.0277  0.0256  0.0283
  0.0251  0.0269  0.0257  0.0264  0.0296  0.0283  0.0252  0.0251  0.0248  0.0255  0.0245  0.0259
  0.0239  0.0246  0.0241  0.0247  0.0257  0.0254  0.0240  0.0240  0.0239  0.0241  0.0237  0.0240
  0.0234  0.0234  0.0232  0.0232  0.0231  0.0235  0.0236  0.0235  0.0235  0.0236  0.0235  0.0235
  0.0236  0.0234  0.0233  0.0229  0.0246  0.0232  0.0240  0.0239  0.0238  0.0239  0.0239  0.0243
  0.0247  0.0245  0.0244  0.0249  0.0307  0.0264  0.0253  0.0250  0.0246  0.0251  0.0246  0.0258
  0.0264  0.0267  0.0263  0.0296  0.0386  0.0351  0.0274  0.0267  0.0261  0.0269  0.0257  0.0279
niter,ni,del,rscale     5    3    5.0000    1.2000
parameters
   -1.3861   23.0325    9.1147  -13.4970  -27.3285  -23.7736
    3.3923    1.4439   -4.0897    6.3840    0.9124   -5.9964
eta,q 0.97637 14.81883
  0.0269  0.0284  0.0275  0.0285  0.0344  0.0322  0.0273  0.0269  0.0262  0.0274  0.0257  0.0283
  0.0251  0.0258  0.0255  0.0266  0.0304  0.0286  0.0253  0.0251  0.0248  0.0253  0.0246  0.0258
  0.0240  0.0241  0.0241  0.0250  0.0265  0.0256  0.0241  0.0240  0.0239  0.0240  0.0238  0.0241
  0.0235  0.0235  0.0235  0.0235  0.0235  0.0236  0.0236  0.0236  0.0236  0.0236  0.0236  0.0236
  0.0238  0.0240  0.0239  0.0232  0.0240  0.0232  0.0241  0.0240  0.0239  0.0241  0.0239  0.0243
  0.0249  0.0255  0.0251  0.0252  0.0294  0.0261  0.0254  0.0251  0.0247  0.0253  0.0246  0.0259
  0.0267  0.0280  0.0272  0.0298  0.0373  0.0346  0.0274  0.0268  0.0262  0.0272  0.0257  0.0280
niter,ni,del,rscale     4    3    5.0000    1.2000
parameters
   -1.3777   23.0384    9.1493  -13.4757  -27.3947  -23.7704
    3.3815    1.4439   -4.0805    6.3811    0.8936   -5.9378
eta,q 0.97634 14.81607
  0.0268  0.0282  0.0274  0.0285  0.0346  0.0322  0.0273  0.0269  0.0262  0.0274  0.0258  0.0283
  0.0251  0.0257  0.0255  0.0267  0.0306  0.0287  0.0254  0.0251  0.0248  0.0253  0.0246  0.0258
  0.0241  0.0241  0.0241  0.0251  0.0266  0.0257  0.0241  0.0240  0.0239  0.0240  0.0239  0.0241
  0.0236  0.0236  0.0236  0.0236  0.0236  0.0237  0.0237  0.0237  0.0237  0.0237  0.0237  0.0237
  0.0240  0.0242  0.0240  0.0234  0.0239  0.0232  0.0241  0.0241  0.0239  0.0241  0.0239  0.0244
  0.0251  0.0257  0.0253  0.0253  0.0291  0.0262  0.0254  0.0251  0.0248  0.0254  0.0247  0.0259
  0.0269  0.0281  0.0273  0.0299  0.0369  0.0346  0.0274  0.0269  0.0262  0.0273  0.0258  0.0280
niter,ni,del,rscale     3    3    5.0000    1.2000
parameters
   -1.3762   23.0364    9.1633  -13.4667  -27.4117  -23.7728
    3.3791    1.4445   -4.0784    6.3730    0.8901   -5.9070
eta,q 0.97633 14.81519
  0.0269  0.0282  0.0274  0.0285  0.0346  0.0322  0.0274  0.0269  0.0262  0.0274  0.0258  0.0283
  0.0252  0.0257  0.0255  0.0267  0.0306  0.0287  0.0254  0.0251  0.0248  0.0253  0.0246  0.0258
  0.0241  0.0241  0.0242  0.0251  0.0267  0.0257  0.0241  0.0240  0.0240  0.0240  0.0239  0.0241
  0.0237  0.0237  0.0237  0.0237  0.0237  0.0237  0.0237  0.0237  0.0237  0.0237  0.0237  0.0237
  0.0240  0.0242  0.0241  0.0234  0.0239  0.0232  0.0241  0.0241  0.0239  0.0241  0.0239  0.0244
  0.0251  0.0257  0.0253  0.0254  0.0290  0.0262  0.0254  0.0251  0.0248  0.0254  0.0247  0.0259
  0.0269  0.0282  0.0274  0.0300  0.0368  0.0347  0.0274  0.0269  0.0262  0.0273  0.0258  0.0280
registration optimization eta report
parameter search radius
    2.4000    2.7600    3.1740   10.9503   12.5928   12.5928
    8.2800    7.2000    7.2000    7.2000    8.2800   10.9503
100000*second partial in parameter space
       56.       59.       37.        5.        7.        6.
        5.        6.        5.        7.        3.        4.
  0.0269  0.0282  0.0274  0.0285  0.0346  0.0322  0.0274  0.0269  0.0262  0.0274  0.0258  0.0283
  0.0252  0.0257  0.0255  0.0267  0.0306  0.0287  0.0254  0.0251  0.0248  0.0253  0.0246  0.0258
  0.0241  0.0241  0.0242  0.0251  0.0267  0.0257  0.0241  0.0240  0.0240  0.0240  0.0239  0.0241
  0.0237  0.0237  0.0237  0.0237  0.0237  0.0237  0.0237  0.0237  0.0237  0.0237  0.0237  0.0237
  0.0240  0.0242  0.0241  0.0234  0.0239  0.0232  0.0241  0.0241  0.0239  0.0241  0.0239  0.0244
  0.0251  0.0257  0.0253  0.0254  0.0290  0.0262  0.0254  0.0251  0.0248  0.0254  0.0247  0.0259
  0.0269  0.0282  0.0274  0.0300  0.0368  0.0347  0.0274  0.0269  0.0262  0.0273  0.0258  0.0280
   -1.3762   23.0364    9.1633  -13.4667  -27.4117  -23.7728
    3.3791    1.4445   -4.0784    6.3730    0.8901   -5.9070
eta,q 0.97633 14.81519

---------------------------------------------------------------------
imgreg_4dfp /opt/freesurfer/average/711-2C_as_mni_average_305 /opt/freesurfer/average/711-2B_as_mni_average_305_mask talsrcimg_g11 none talsrcimg_to_711-2C_as_mni_average_305_t4 2311
---------------------------------------------------------------------

freesurfer imgreg_4dfp.c
/opt/freesurfer/average/711-2C_as_mni_average_305.4dfp.img
       256       256       256         1
  1.000000  1.000000  1.000000
orientation T byte_order littleendian
Reading image: /opt/freesurfer/average/711-2C_as_mni_average_305.4dfp.img
dimensions:      256       256       256
mmppix:       1.0000   -1.0000   -1.0000
center:     128.0000 -129.0000 -129.0000
/opt/freesurfer/average/711-2B_as_mni_average_305_mask.4dfp.img
       256       256       256         1
  1.000000  1.000000  1.000000
orientation T byte_order littleendian
Reading mask: /opt/freesurfer/average/711-2B_as_mni_average_305_mask.4dfp.img (2306576 pixels)
talsrcimg_g11.4dfp.img
       256       256       256         1
  1.000000  1.000000  1.000000
orientation T byte_order littleendian
Reading image: talsrcimg_g11.4dfp.img
dimensions:      256       256       256
mmppix:       1.0000   -1.0000   -1.0000
center:     128.0000 -129.0000 -129.0000
fimgreg.f
image alignment mode   2311 decimal      907 hex
parameters
   -1.3762   23.0364    9.1633  -13.4667  -27.4117  -23.7728
    3.3791    1.4445   -4.0784    6.3730    0.8901   -5.9070
eta,q 0.97633 14.81518
niter,ni,del,rscale     5    3    5.0000    0.8000
parameter  4 -0.509916 -> -0.500000 qaram    1.1500
parameter  6 -0.689116 -> -0.500000 qaram    1.1500
parameters
   -1.3525   23.0126    9.2117  -10.7067  -26.1326  -21.0128
    3.4372    1.5914   -4.1130    6.1240    0.8570   -6.7792
eta,q 0.97765 15.27863
  0.0252  0.0252  0.0247  0.0256  0.0268  0.0255  0.0241  0.0244  0.0240  0.0243  0.0233  0.0232
  0.0244  0.0243  0.0242  0.0249  0.0254  0.0245  0.0232  0.0233  0.0231  0.0232  0.0228  0.0227
  0.0239  0.0238  0.0238  0.0242  0.0242  0.0236  0.0226  0.0227  0.0226  0.0226  0.0225  0.0224
  0.0237  0.0237  0.0237  0.0237  0.0233  0.0229  0.0224  0.0224  0.0224  0.0224  0.0224  0.0224
  0.0238  0.0239  0.0238  0.0234  0.0229  0.0225  0.0226  0.0225  0.0226  0.0227  0.0225  0.0227
  0.0243  0.0244  0.0241  0.0233  0.0233  0.0224  0.0231  0.0231  0.0231  0.0235  0.0228  0.0233
  0.0251  0.0252  0.0246  0.0237  0.0246  0.0226  0.0241  0.0243  0.0240  0.0248  0.0233  0.0240
niter,ni,del,rscale     6    3    5.0000    0.9000
parameters
   -1.5316   22.9172    8.9263  -11.6841  -26.1467  -21.7239
    3.4841    1.5843   -4.0576    6.3757    1.2481   -6.8385
eta,q 0.97762 15.17685
  0.0242  0.0245  0.0233  0.0243  0.0257  0.0244  0.0244  0.0244  0.0243  0.0251  0.0235  0.0238
  0.0230  0.0232  0.0227  0.0233  0.0242  0.0233  0.0233  0.0233  0.0233  0.0237  0.0229  0.0231
  0.0224  0.0225  0.0224  0.0226  0.0230  0.0226  0.0226  0.0227  0.0226  0.0228  0.0226  0.0226
  0.0224  0.0223  0.0223  0.0223  0.0223  0.0224  0.0224  0.0224  0.0224  0.0224  0.0224  0.0224
  0.0228  0.0227  0.0226  0.0228  0.0226  0.0224  0.0226  0.0225  0.0226  0.0226  0.0224  0.0226
  0.0237  0.0236  0.0232  0.0243  0.0239  0.0235  0.0233  0.0232  0.0232  0.0234  0.0227  0.0231
  0.0250  0.0250  0.0243  0.0268  0.0261  0.0268  0.0244  0.0246  0.0243  0.0246  0.0233  0.0239
niter,ni,del,rscale     5    3    5.0000    0.8000
parameters
   -1.5215   22.9809    8.9855  -11.6849  -26.0460  -21.4423
    3.4273    1.5961   -4.1032    6.4191    1.2241   -6.9270
eta,q 0.97767 15.20711
  0.0241  0.0244  0.0236  0.0244  0.0252  0.0245  0.0239  0.0240  0.0239  0.0243  0.0231  0.0235
  0.0231  0.0233  0.0230  0.0235  0.0240  0.0235  0.0230  0.0231  0.0230  0.0233  0.0227  0.0229
  0.0226  0.0226  0.0225  0.0228  0.0230  0.0227  0.0225  0.0226  0.0225  0.0226  0.0224  0.0225
  0.0224  0.0224  0.0224  0.0224  0.0224  0.0224  0.0223  0.0223  0.0223  0.0223  0.0223  0.0223
  0.0226  0.0226  0.0225  0.0224  0.0225  0.0223  0.0225  0.0224  0.0225  0.0225  0.0224  0.0225
  0.0231  0.0231  0.0228  0.0232  0.0235  0.0227  0.0231  0.0230  0.0231  0.0232  0.0227  0.0229
  0.0240  0.0241  0.0234  0.0247  0.0253  0.0245  0.0240  0.0241  0.0239  0.0243  0.0232  0.0236
niter,ni,del,rscale     4    3    5.0000    0.7000
parameters
   -1.5290   22.9779    8.9882  -11.5247  -26.0064  -21.2209
    3.4470    1.6491   -4.1195    6.4218    1.2346   -6.9891
eta,q 0.97771 15.23647
  0.0236  0.0238  0.0232  0.0240  0.0246  0.0239  0.0236  0.0236  0.0235  0.0238  0.0229  0.0232
  0.0229  0.0230  0.0227  0.0233  0.0235  0.0231  0.0229  0.0229  0.0228  0.0230  0.0226  0.0227
  0.0225  0.0225  0.0225  0.0227  0.0228  0.0226  0.0224  0.0225  0.0224  0.0225  0.0224  0.0224
  0.0223  0.0223  0.0223  0.0223  0.0223  0.0223  0.0223  0.0223  0.0223  0.0223  0.0223  0.0223
  0.0225  0.0225  0.0224  0.0224  0.0225  0.0223  0.0224  0.0224  0.0224  0.0225  0.0224  0.0224
  0.0229  0.0230  0.0227  0.0229  0.0233  0.0226  0.0229  0.0228  0.0228  0.0230  0.0226  0.0228
  0.0236  0.0238  0.0232  0.0240  0.0247  0.0239  0.0236  0.0236  0.0235  0.0238  0.0229  0.0233
niter,ni,del,rscale     3    3    5.0000    0.6000
parameters
   -1.5477   22.9739    8.9690  -11.3670  -25.9507  -21.0202
    3.4538    1.6967   -4.1250    6.4169    1.2572   -7.0915
eta,q 0.97774 15.26527
  0.0233  0.0234  0.0229  0.0236  0.0240  0.0234  0.0232  0.0232  0.0232  0.0234  0.0227  0.0229
  0.0227  0.0228  0.0226  0.0230  0.0232  0.0228  0.0227  0.0227  0.0227  0.0228  0.0225  0.0226
  0.0224  0.0224  0.0224  0.0226  0.0226  0.0224  0.0224  0.0224  0.0224  0.0224  0.0223  0.0223
  0.0223  0.0223  0.0223  0.0223  0.0223  0.0223  0.0223  0.0223  0.0223  0.0223  0.0223  0.0223
  0.0224  0.0224  0.0224  0.0223  0.0224  0.0223  0.0224  0.0223  0.0224  0.0224  0.0223  0.0224
  0.0228  0.0228  0.0226  0.0227  0.0230  0.0225  0.0227  0.0226  0.0227  0.0228  0.0225  0.0226
  0.0233  0.0234  0.0230  0.0236  0.0241  0.0234  0.0232  0.0233  0.0232  0.0234  0.0227  0.0230
niter,ni,del,rscale     2    3    5.0000    0.5000
parameters
   -1.5644   22.9700    8.9424  -11.2249  -25.8938  -20.8274
    3.4738    1.7432   -4.1383    6.4060    1.2566   -7.2071
eta,q 0.97776 15.29278
  0.0229  0.0230  0.0227  0.0233  0.0235  0.0230  0.0229  0.0230  0.0229  0.0230  0.0226  0.0227
  0.0226  0.0226  0.0225  0.0228  0.0229  0.0226  0.0226  0.0226  0.0225  0.0226  0.0224  0.0224
  0.0223  0.0223  0.0223  0.0225  0.0225  0.0224  0.0223  0.0224  0.0223  0.0223  0.0223  0.0223
  0.0223  0.0223  0.0223  0.0223  0.0223  0.0222  0.0222  0.0222  0.0222  0.0222  0.0222  0.0222
  0.0224  0.0223  0.0223  0.0223  0.0223  0.0222  0.0223  0.0223  0.0223  0.0223  0.0223  0.0223
  0.0226  0.0226  0.0225  0.0226  0.0228  0.0224  0.0225  0.0225  0.0225  0.0226  0.0224  0.0225
  0.0230  0.0230  0.0227  0.0232  0.0235  0.0230  0.0229  0.0230  0.0229  0.0231  0.0226  0.0228
niter,ni,del,rscale     1    3    5.0000    0.4000
parameters
   -1.5777   22.9689    8.9093  -11.1079  -25.8314  -20.6485
    3.4867    1.7793   -4.1467    6.3907    1.2404   -7.3414
eta,q 0.97778 15.31833
  0.0227  0.0227  0.0225  0.0229  0.0231  0.0227  0.0227  0.0227  0.0226  0.0227  0.0224  0.0225
  0.0224  0.0225  0.0224  0.0226  0.0227  0.0224  0.0224  0.0225  0.0224  0.0225  0.0223  0.0223
  0.0223  0.0223  0.0223  0.0224  0.0224  0.0223  0.0223  0.0223  0.0223  0.0223  0.0222  0.0222
  0.0222  0.0222  0.0222  0.0222  0.0222  0.0222  0.0222  0.0222  0.0222  0.0222  0.0222  0.0222
  0.0223  0.0223  0.0223  0.0223  0.0223  0.0222  0.0223  0.0223  0.0223  0.0223  0.0222  0.0223
  0.0225  0.0225  0.0224  0.0225  0.0226  0.0223  0.0224  0.0224  0.0224  0.0225  0.0223  0.0224
  0.0227  0.0227  0.0226  0.0229  0.0231  0.0226  0.0226  0.0227  0.0226  0.0228  0.0224  0.0226
registration optimization eta report
parameter search radius
    0.8000    0.8000    0.8000    2.7600    2.4000    2.7600
    2.4000    2.4000    2.4000    2.4000    2.4000    2.4000
100000*second partial in parameter space
       70.       78.       44.        9.       14.        6.
        7.        8.        7.        9.        4.        6.
  0.0227  0.0227  0.0225  0.0229  0.0231  0.0227  0.0227  0.0227  0.0226  0.0227  0.0224  0.0225
  0.0224  0.0225  0.0224  0.0226  0.0227  0.0224  0.0224  0.0225  0.0224  0.0225  0.0223  0.0223
  0.0223  0.0223  0.0223  0.0224  0.0224  0.0223  0.0223  0.0223  0.0223  0.0223  0.0222  0.0222
  0.0222  0.0222  0.0222  0.0222  0.0222  0.0222  0.0222  0.0222  0.0222  0.0222  0.0222  0.0222
  0.0223  0.0223  0.0223  0.0223  0.0223  0.0222  0.0223  0.0223  0.0223  0.0223  0.0222  0.0223
  0.0225  0.0225  0.0224  0.0225  0.0226  0.0223  0.0224  0.0224  0.0224  0.0225  0.0223  0.0224
  0.0227  0.0227  0.0226  0.0229  0.0231  0.0226  0.0226  0.0227  0.0226  0.0228  0.0224  0.0226
   -1.5777   22.9689    8.9093  -11.1079  -25.8314  -20.6485
    3.4867    1.7793   -4.1467    6.3907    1.2404   -7.3414
eta,q 0.97778 15.31833

---------------------------------------------------------------------
imgreg_4dfp /opt/freesurfer/average/711-2C_as_mni_average_305 /opt/freesurfer/average/711-2B_as_mni_average_305_mask talsrcimg_g11 none talsrcimg_to_711-2C_as_mni_average_305_t4 2311
---------------------------------------------------------------------

freesurfer imgreg_4dfp.c
/opt/freesurfer/average/711-2C_as_mni_average_305.4dfp.img
       256       256       256         1
  1.000000  1.000000  1.000000
orientation T byte_order littleendian
Reading image: /opt/freesurfer/average/711-2C_as_mni_average_305.4dfp.img
dimensions:      256       256       256
mmppix:       1.0000   -1.0000   -1.0000
center:     128.0000 -129.0000 -129.0000
/opt/freesurfer/average/711-2B_as_mni_average_305_mask.4dfp.img
       256       256       256         1
  1.000000  1.000000  1.000000
orientation T byte_order littleendian
Reading mask: /opt/freesurfer/average/711-2B_as_mni_average_305_mask.4dfp.img (2306576 pixels)
talsrcimg_g11.4dfp.img
       256       256       256         1
  1.000000  1.000000  1.000000
orientation T byte_order littleendian
Reading image: talsrcimg_g11.4dfp.img
dimensions:      256       256       256
mmppix:       1.0000   -1.0000   -1.0000
center:     128.0000 -129.0000 -129.0000
fimgreg.f
image alignment mode   2311 decimal      907 hex
parameters
   -1.5777   22.9689    8.9093  -11.1079  -25.8314  -20.6485
    3.4867    1.7793   -4.1467    6.3907    1.2404   -7.3414
eta,q 0.97777 15.31832
niter,ni,del,rscale     5    3    5.0000    0.8000
parameters
   -1.5558   22.9819    8.8305  -11.4621  -26.0682  -21.2407
    3.4681    1.6077   -4.0844    6.5165    1.3196   -7.2028
eta,q 0.97769 15.24190
  0.0241  0.0242  0.0232  0.0238  0.0248  0.0235  0.0239  0.0239  0.0239  0.0243  0.0231  0.0236
  0.0231  0.0231  0.0227  0.0231  0.0236  0.0228  0.0230  0.0230  0.0230  0.0233  0.0227  0.0229
  0.0224  0.0224  0.0223  0.0225  0.0227  0.0224  0.0225  0.0225  0.0225  0.0226  0.0224  0.0225
  0.0222  0.0222  0.0222  0.0222  0.0222  0.0223  0.0223  0.0223  0.0223  0.0223  0.0223  0.0223
  0.0224  0.0224  0.0224  0.0224  0.0226  0.0223  0.0225  0.0224  0.0225  0.0225  0.0224  0.0224
  0.0230  0.0231  0.0228  0.0232  0.0237  0.0230  0.0231  0.0231  0.0230  0.0231  0.0226  0.0228
  0.0240  0.0242  0.0235  0.0246  0.0257  0.0249  0.0240  0.0243  0.0238  0.0241  0.0231  0.0234
niter,ni,del,rscale     4    3    5.0000    0.7000
parameters
   -1.5472   23.0100    8.9220  -11.3424  -26.0277  -20.9962
    3.4289    1.6350   -4.1053    6.4820    1.2518   -7.1932
eta,q 0.97773 15.26783
  0.0237  0.0238  0.0233  0.0237  0.0245  0.0235  0.0235  0.0236  0.0235  0.0237  0.0229  0.0232
  0.0229  0.0230  0.0228  0.0230  0.0235  0.0229  0.0228  0.0229  0.0228  0.0230  0.0225  0.0227
  0.0225  0.0225  0.0225  0.0226  0.0227  0.0225  0.0224  0.0225  0.0224  0.0225  0.0223  0.0224
  0.0223  0.0223  0.0223  0.0223  0.0223  0.0223  0.0223  0.0223  0.0223  0.0223  0.0223  0.0223
  0.0225  0.0225  0.0224  0.0223  0.0224  0.0222  0.0224  0.0223  0.0224  0.0224  0.0223  0.0224
  0.0229  0.0229  0.0226  0.0228  0.0232  0.0225  0.0229  0.0228  0.0228  0.0230  0.0226  0.0227
  0.0236  0.0237  0.0231  0.0237  0.0247  0.0234  0.0236  0.0237  0.0235  0.0238  0.0229  0.0232
niter,ni,del,rscale     3    3    5.0000    0.6000
parameters
   -1.5581   22.9946    8.9236  -11.2240  -25.9759  -20.8455
    3.4561    1.6857   -4.1127    6.4531    1.2384   -7.2327
eta,q 0.97775 15.28850
  0.0233  0.0233  0.0229  0.0233  0.0240  0.0231  0.0232  0.0233  0.0231  0.0234  0.0227  0.0229
  0.0227  0.0227  0.0226  0.0228  0.0232  0.0226  0.0227  0.0227  0.0226  0.0228  0.0225  0.0226
  0.0224  0.0224  0.0223  0.0225  0.0226  0.0224  0.0224  0.0224  0.0223  0.0224  0.0223  0.0223
  0.0223  0.0223  0.0223  0.0223  0.0223  0.0223  0.0222  0.0223  0.0222  0.0222  0.0223  0.0223
  0.0224  0.0224  0.0223  0.0223  0.0224  0.0222  0.0224  0.0223  0.0224  0.0224  0.0223  0.0223
  0.0227  0.0228  0.0225  0.0226  0.0230  0.0224  0.0227  0.0226  0.0227  0.0228  0.0225  0.0226
  0.0233  0.0234  0.0229  0.0233  0.0240  0.0231  0.0232  0.0233  0.0231  0.0234  0.0227  0.0230
niter,ni,del,rscale     2    3    5.0000    0.5000
parameters
   -1.5709   22.9847    8.9099  -11.1230  -25.9108  -20.6909
    3.4721    1.7288   -4.1250    6.4201    1.2296   -7.3131
eta,q 0.97777 15.31007
  0.0229  0.0230  0.0227  0.0230  0.0235  0.0228  0.0229  0.0230  0.0229  0.0230  0.0226  0.0227
  0.0225  0.0226  0.0224  0.0227  0.0229  0.0225  0.0225  0.0226  0.0225  0.0226  0.0224  0.0224
  0.0223  0.0223  0.0223  0.0224  0.0225  0.0223  0.0223  0.0223  0.0223  0.0223  0.0223  0.0223
  0.0222  0.0222  0.0222  0.0223  0.0222  0.0222  0.0222  0.0222  0.0222  0.0222  0.0222  0.0222
  0.0223  0.0223  0.0223  0.0223  0.0223  0.0222  0.0223  0.0223  0.0223  0.0223  0.0223  0.0223
  0.0226  0.0226  0.0225  0.0225  0.0227  0.0223  0.0225  0.0225  0.0225  0.0226  0.0224  0.0225
  0.0230  0.0230  0.0227  0.0230  0.0235  0.0227  0.0229  0.0230  0.0229  0.0231  0.0226  0.0227
niter,ni,del,rscale     1    3    5.0000    0.4000
parameters
   -1.5777   22.9809    8.8841  -11.0373  -25.8402  -20.5217
    3.4936    1.7605   -4.1349    6.3928    1.2157   -7.4438
eta,q 0.97778 15.33330
  0.0227  0.0227  0.0225  0.0228  0.0231  0.0225  0.0226  0.0227  0.0226  0.0227  0.0224  0.0225
  0.0224  0.0224  0.0223  0.0225  0.0227  0.0224  0.0224  0.0225  0.0224  0.0224  0.0223  0.0223
  0.0223  0.0223  0.0223  0.0223  0.0224  0.0223  0.0223  0.0223  0.0223  0.0223  0.0222  0.0222
  0.0222  0.0222  0.0222  0.0222  0.0222  0.0222  0.0222  0.0222  0.0222  0.0222  0.0222  0.0222
  0.0223  0.0223  0.0223  0.0223  0.0223  0.0222  0.0223  0.0222  0.0223  0.0223  0.0222  0.0223
  0.0224  0.0225  0.0224  0.0224  0.0225  0.0223  0.0224  0.0224  0.0224  0.0224  0.0223  0.0224
  0.0227  0.0227  0.0225  0.0227  0.0230  0.0225  0.0226  0.0227  0.0226  0.0227  0.0224  0.0226
registration optimization eta report
parameter search radius
    0.8000    0.8000    0.8000    2.4000    2.4000    2.4000
    2.4000    2.4000    2.4000    2.4000    2.4000    2.4000
100000*second partial in parameter space
       71.       78.       44.        9.       14.        5.
        7.        9.        7.        9.        4.        5.
  0.0227  0.0227  0.0225  0.0228  0.0231  0.0225  0.0226  0.0227  0.0226  0.0227  0.0224  0.0225
  0.0224  0.0224  0.0223  0.0225  0.0227  0.0224  0.0224  0.0225  0.0224  0.0224  0.0223  0.0223
  0.0223  0.0223  0.0223  0.0223  0.0224  0.0223  0.0223  0.0223  0.0223  0.0223  0.0222  0.0222
  0.0222  0.0222  0.0222  0.0222  0.0222  0.0222  0.0222  0.0222  0.0222  0.0222  0.0222  0.0222
  0.0223  0.0223  0.0223  0.0223  0.0223  0.0222  0.0223  0.0222  0.0223  0.0223  0.0222  0.0223
  0.0224  0.0225  0.0224  0.0224  0.0225  0.0223  0.0224  0.0224  0.0224  0.0224  0.0223  0.0224
  0.0227  0.0227  0.0225  0.0227  0.0230  0.0225  0.0226  0.0227  0.0226  0.0227  0.0224  0.0226
   -1.5777   22.9809    8.8841  -11.0373  -25.8402  -20.5217
    3.4936    1.7605   -4.1349    6.3928    1.2157   -7.4438
eta,q 0.97778 15.33330

---------------------------------------------------------------------
compute_vox2vox talsrcimg talsrcimg_to_711-2C_as_mni_average_305_t4 /opt/freesurfer/average/711-2C_as_mni_average_305
---------------------------------------------------------------------

freesurfer compute_vox2vox.c
Reading: talsrcimg.4dfp.ifh
Reading: talsrcimg_to_711-2C_as_mni_average_305_t4
Reading: /opt/freesurfer/average/711-2C_as_mni_average_305.4dfp.ifh
Writing: talsrcimg_to_711-2C_as_mni_average_305_t4_vox2vox.txt

start time Mon Mar 9 10:12:06 CET 2026
end		time Mon Mar 9 10:13:32 CET 2026

mpr2mni305 success

avi2talxfm orig_nu.mgz /opt/freesurfer/average/mni305.cor.mgz talsrcimg_to_711-2C_as_mni_average_305_t4_vox2vox.txt transforms/talairach.auto.xfm
avi2talxfm done
mv -f /out/sourcedata/freesurfer/sub-v1s21x0050404_ses-1/mri/talsrcimg_to_711-2C_as_mni_average_305_t4_vox2vox.txt /out/sourcedata/freesurfer/sub-v1s21x0050404_ses-1/mri/transforms/talsrcimg_to_711-2C_as_mni_average_305_t4_vox2vox.txt
lta_convert --src orig_nu.mgz --trg /opt/freesurfer/average/mni305.cor.mgz --inxfm transforms/talairach.auto.xfm --outlta transforms/talairach.auto.xfm.lta --subject fsaverage
7.3.2

--src: orig_nu.mgz src image (geometry).
--trg: /opt/freesurfer/average/mni305.cor.mgz trg image (geometry).
--inmni: transforms/talairach.auto.xfm input MNI/XFM transform.
--outlta: transforms/talairach.auto.xfm.lta output LTA.
--s: fsaverage subject name
 LTA read, type : 1
 1.12179  -0.02043  -0.05490   2.43973;
-0.01121   1.24833   0.12583  -14.33438;
 0.06351  -0.10875   1.33453  -30.28270;
 0.00000   0.00000   0.00000   1.00000;
setting subject to fsaverage
Writing  LTA to file transforms/talairach.auto.xfm.lta...
lta_convert successful.
 
 
Started at Mon Mar 9 10:12:06 CET 2026
Ended   at Mon Mar  9 10:13:32 CET 2026
talairach_avi done
